============================================================
  Generated by:           Genus(TM) Synthesis Solution 21.12-s068_1
  Generated on:           Oct 04 2026  09:52:52 pm
  Module:                 Conv
  Operating conditions:   ssg0p81v125c 
  Operating conditions:   tt0p9v25c 
  Operating conditions:   ffg0p99vm40c 
  Interconnect mode:      global
  Area mode:              physical library
============================================================


Path 1: MET (398 ps) Late External Delay Assertion at pin p_output_data_write[39]
           View: analysis_view_0p99v_m40c_capbst_fastest
          Group: clk
     Startpoint: (R) r_output_write_count_reg[1]/CP
          Clock: (R) clk
       Endpoint: (F) p_output_data_write[39]
          Clock: (R) clk

                     Capture       Launch     
        Clock Edge:+    2000            0     
       Src Latency:+       0            0     
       Net Latency:+       0 (I)        0 (I) 
           Arrival:=    2000            0     
                                              
      Output Delay:-    1000                  
     Required Time:=    1000                  
      Launch Clock:-       0                  
         Data Path:-     602                  
             Slack:=     398                  

Exceptions/Constraints:
  output_delay             1000            tmp_sdc_analysis_vie_1_line_431 

#-----------------------------------------------------------------------------------------------------------------
#         Timing Point           Flags    Arc   Edge        Cell         Fanout Load Trans Delay Arrival Instance 
#                                                                               (fF)  (ps)  (ps)   (ps)  Location 
#-----------------------------------------------------------------------------------------------------------------
  r_output_write_count_reg[1]/CP -       -      R     (arrival)               4    -     0     0       0    (-,-) 
  r_output_write_count_reg[1]/Q  -       CP->Q  F     DFCNQD2BWP30P140       46 54.0    84    82      82    (-,-) 
  g175093/Z                      -       A2->Z  F     AN2D6BWP30P140         68 76.2    41    48     131    (-,-) 
  g174863/ZN                     -       I->ZN  R     CKND2BWP30P140         18 21.2    42    36     166    (-,-) 
  g218980/ZN                     -       A1->ZN F     OAI211D1BWP30P140       1  3.5    41    32     198    (-,-) 
  add_1008_76_I2_g1256/CO        -       B->CO  F     FA1OPTCD1BWP30P140      1  3.0    14    35     233    (-,-) 
  add_1008_76_I2_g1255/CO        -       CI->CO F     FA1OPTCD1BWP30P140      1  3.0    15    20     252    (-,-) 
  add_1008_76_I2_g1254/CO        -       CI->CO F     FA1OPTCD1BWP30P140      1  3.0    15    20     272    (-,-) 
  add_1008_76_I2_g1253/CO        -       CI->CO F     FA1OPTCD1BWP30P140      1  2.4    13    18     291    (-,-) 
  add_1008_76_I2_g1252/CO        -       CI->CO F     FA1D1BWP30P140          1  3.0    14    25     316    (-,-) 
  add_1008_76_I2_g1251/CO        -       CI->CO F     FA1OPTCD1BWP30P140      3  4.4    18    22     338    (-,-) 
  add_1008_76_I2_g1249/Z         -       A1->Z  F     AO21D1BWP30P140         1  2.4    11    18     356    (-,-) 
  add_1008_76_I2_g1246/CO        -       CI->CO F     FA1D1BWP30P140          1  2.4    12    24     380    (-,-) 
  add_1008_76_I2_g1245/CO        -       CI->CO F     FA1D1BWP30P140          1  2.4    12    24     404    (-,-) 
  add_1008_76_I2_g1244/CO        -       CI->CO F     FA1D1BWP30P140          1  2.4    12    24     429    (-,-) 
  add_1008_76_I2_g1243/CO        -       CI->CO F     FA1D1BWP30P140          1  2.4    12    24     453    (-,-) 
  add_1008_76_I2_g1242/CO        -       CI->CO F     FA1D1BWP30P140          1  2.4    12    24     477    (-,-) 
  add_1008_76_I2_g1241/CO        -       CI->CO F     FA1D1BWP30P140          1  2.4    12    24     501    (-,-) 
  add_1008_76_I2_g1240/CO        -       CI->CO F     FA1D1BWP30P140          1  2.4    12    24     525    (-,-) 
  add_1008_76_I2_g1239/CO        -       CI->CO F     FA1D1BWP30P140          1  2.4    12    24     550    (-,-) 
  add_1008_76_I2_g1238/CO        -       CI->CO F     FA1D1BWP30P140          1  1.8    11    23     572    (-,-) 
  add_1008_76_I2_g1237/Z         -       A3->Z  F     XOR3UD1BWP30P140        1  5.2    34    30     602    (-,-) 
  p_output_data_write[39]        <<<     -      F     (port)                  -    -     -     0     602    (-,-) 
#-----------------------------------------------------------------------------------------------------------------


