============================================================
  Generated by:           Genus(TM) Synthesis Solution 21.12-s068_1
  Generated on:           Sep 24 2025  09:47:55 pm
  Module:                 Control
  Library domain:         timing_cond_0p81v_125c
    Domain index:         0
    Technology library:   tcbn28hpcplusbwp30p140ssg0p81v125c 110
  Operating conditions:   ssg0p81v125c 
  Interconnect mode:      global
  Area mode:              physical library
============================================================

                                                                               Library 
        Gate         Instances    Area                  Library                 Domain 
---------------------------------------------------------------------------------------
AN2D1BWP30P140              24    12.096    tcbn28hpcplusbwp30p140ssg0p81v125c       0 
AN4D1BWP30P140               1     0.756    tcbn28hpcplusbwp30p140ssg0p81v125c       0 
AO211D1BWP30P140             2     1.512    tcbn28hpcplusbwp30p140ssg0p81v125c       0 
AO21D1BWP30P140             15     9.450    tcbn28hpcplusbwp30p140ssg0p81v125c       0 
AO22D0BWP30P140             26    19.656    tcbn28hpcplusbwp30p140ssg0p81v125c       0 
AOI211D1BWP30P140           18    11.340    tcbn28hpcplusbwp30p140ssg0p81v125c       0 
AOI21D1BWP30P140            29    14.616    tcbn28hpcplusbwp30p140ssg0p81v125c       0 
AOI221D1BWP30P140           53    40.068    tcbn28hpcplusbwp30p140ssg0p81v125c       0 
AOI222D1BWP30P140            1     1.008    tcbn28hpcplusbwp30p140ssg0p81v125c       0 
AOI22D1BWP30P140            11     6.930    tcbn28hpcplusbwp30p140ssg0p81v125c       0 
AOI31D1BWP30P140             8     5.040    tcbn28hpcplusbwp30p140ssg0p81v125c       0 
AOI32D1BWP30P140             9     6.804    tcbn28hpcplusbwp30p140ssg0p81v125c       0 
AOI33D1BWP30P140             5     4.410    tcbn28hpcplusbwp30p140ssg0p81v125c       0 
CKAN2D1BWP30P140            33    16.632    tcbn28hpcplusbwp30p140ssg0p81v125c       0 
CKLNQD1BWP30P140            69   130.410    tcbn28hpcplusbwp30p140ssg0p81v125c       0 
CKMUX2D0BWP30P140            3     2.646    tcbn28hpcplusbwp30p140ssg0p81v125c       0 
CKND1BWP30P140              88    22.176    tcbn28hpcplusbwp30p140ssg0p81v125c       0 
CKND2BWP30P140               1     0.378    tcbn28hpcplusbwp30p140ssg0p81v125c       0 
CKND2D1BWP30P140            47    17.766    tcbn28hpcplusbwp30p140ssg0p81v125c       0 
DFCND1BWP30P140              3     7.560    tcbn28hpcplusbwp30p140ssg0p81v125c       0 
DFCNQD1BWP30P140             1     2.268    tcbn28hpcplusbwp30p140ssg0p81v125c       0 
DFD1BWP30P140                2     4.284    tcbn28hpcplusbwp30p140ssg0p81v125c       0 
DFKCND1BWP30P140            81   173.502    tcbn28hpcplusbwp30p140ssg0p81v125c       0 
DFKCNQD1BWP30P140          200   403.200    tcbn28hpcplusbwp30p140ssg0p81v125c       0 
DFKCNQD2BWP30P140         1168  2354.688    tcbn28hpcplusbwp30p140ssg0p81v125c       0 
DFKCSND1BWP30P140            1     2.520    tcbn28hpcplusbwp30p140ssg0p81v125c       0 
DFKSND1BWP30P140             2     4.788    tcbn28hpcplusbwp30p140ssg0p81v125c       0 
DFQD2BWP30P140               6    11.340    tcbn28hpcplusbwp30p140ssg0p81v125c       0 
HA1D1BWP30P140              14    22.932    tcbn28hpcplusbwp30p140ssg0p81v125c       0 
IAO21D1BWP30P140             4     2.520    tcbn28hpcplusbwp30p140ssg0p81v125c       0 
IND2D1BWP30P140             20    10.080    tcbn28hpcplusbwp30p140ssg0p81v125c       0 
IND2D6BWP30P140              1     1.890    tcbn28hpcplusbwp30p140ssg0p81v125c       0 
IND3D1BWP30P140              4     2.520    tcbn28hpcplusbwp30p140ssg0p81v125c       0 
IND4D1BWP30P140              2     1.512    tcbn28hpcplusbwp30p140ssg0p81v125c       0 
INR2D1BWP30P140            197    99.288    tcbn28hpcplusbwp30p140ssg0p81v125c       0 
INR3D0BWP30P140             11     6.930    tcbn28hpcplusbwp30p140ssg0p81v125c       0 
INR4D0BWP30P140              1     0.756    tcbn28hpcplusbwp30p140ssg0p81v125c       0 
INVD16BWP30P140              1     2.142    tcbn28hpcplusbwp30p140ssg0p81v125c       0 
IOA21D1BWP30P140           211   132.930    tcbn28hpcplusbwp30p140ssg0p81v125c       0 
MAOI22D1BWP30P140            5     3.780    tcbn28hpcplusbwp30p140ssg0p81v125c       0 
MOAI22D1BWP30P140            8     6.048    tcbn28hpcplusbwp30p140ssg0p81v125c       0 
MUX2D0BWP30P140              1     0.882    tcbn28hpcplusbwp30p140ssg0p81v125c       0 
MUX2NUD1BWP30P140           10     7.560    tcbn28hpcplusbwp30p140ssg0p81v125c       0 
ND2D1BWP30P140              49    18.522    tcbn28hpcplusbwp30p140ssg0p81v125c       0 
ND2OPTIBD1BWP30P140          7     2.646    tcbn28hpcplusbwp30p140ssg0p81v125c       0 
ND3D1BWP30P140               5     2.520    tcbn28hpcplusbwp30p140ssg0p81v125c       0 
ND4D1BWP30P140               5     3.150    tcbn28hpcplusbwp30p140ssg0p81v125c       0 
NR2D0P7BWP30P140             1     0.378    tcbn28hpcplusbwp30p140ssg0p81v125c       0 
NR2D1BWP30P140              51    19.278    tcbn28hpcplusbwp30p140ssg0p81v125c       0 
NR2D4BWP30P140               1     1.134    tcbn28hpcplusbwp30p140ssg0p81v125c       0 
NR2OPTIBD1BWP30P140         34    12.852    tcbn28hpcplusbwp30p140ssg0p81v125c       0 
NR3D0BWP30P140               8     4.032    tcbn28hpcplusbwp30p140ssg0p81v125c       0 
NR3D0P7BWP30P140            11     5.544    tcbn28hpcplusbwp30p140ssg0p81v125c       0 
NR4D0BWP30P140              10     6.300    tcbn28hpcplusbwp30p140ssg0p81v125c       0 
OA211D1BWP30P140             4     3.024    tcbn28hpcplusbwp30p140ssg0p81v125c       0 
OA21D1BWP30P140              7     4.410    tcbn28hpcplusbwp30p140ssg0p81v125c       0 
OA22D1BWP30P140              1     0.882    tcbn28hpcplusbwp30p140ssg0p81v125c       0 
OAI211D1BWP30P140           38    23.940    tcbn28hpcplusbwp30p140ssg0p81v125c       0 
OAI21D0P7BWP30P140           1     0.504    tcbn28hpcplusbwp30p140ssg0p81v125c       0 
OAI21D1BWP30P140            87    43.848    tcbn28hpcplusbwp30p140ssg0p81v125c       0 
OAI221D1BWP30P140            7     6.174    tcbn28hpcplusbwp30p140ssg0p81v125c       0 
OAI222D1BWP30P140            1     1.008    tcbn28hpcplusbwp30p140ssg0p81v125c       0 
OAI22D1BWP30P140            30    18.900    tcbn28hpcplusbwp30p140ssg0p81v125c       0 
OAI31D1BWP30P140            11     6.930    tcbn28hpcplusbwp30p140ssg0p81v125c       0 
OAI32D1BWP30P140            22    16.632    tcbn28hpcplusbwp30p140ssg0p81v125c       0 
OAI33D1BWP30P140             5     4.410    tcbn28hpcplusbwp30p140ssg0p81v125c       0 
OR2D1BWP30P140              34    17.136    tcbn28hpcplusbwp30p140ssg0p81v125c       0 
OR3D1BWP30P140               3     1.890    tcbn28hpcplusbwp30p140ssg0p81v125c       0 
OR4D1BWP30P140               2     1.512    tcbn28hpcplusbwp30p140ssg0p81v125c       0 
XNR2UD1BWP30P140             6     5.292    tcbn28hpcplusbwp30p140ssg0p81v125c       0 
XOR2UD1BWP30P140             6     5.292    tcbn28hpcplusbwp30p140ssg0p81v125c       0 
---------------------------------------------------------------------------------------
total                     2844  3827.754                                       


                                                       
            Type             Instances   Area   Area % 
-------------------------------------------------------
sequential                        1464 2964.150   77.4 
inverter                            90   24.696    0.6 
clock_gating_integrated_cell        69  130.410    3.4 
logic                             1221  708.498   18.5 
physical_cells                       0    0.000    0.0 
-------------------------------------------------------
total                             2844 3827.754  100.0 

