============================================================
  Generated by:           Genus(TM) Synthesis Solution 21.12-s068_1
  Generated on:           Sep 24 2025  09:47:55 pm
  Module:                 Control
  Operating conditions:   ssg0p81v125c 
  Interconnect mode:      global
  Area mode:              physical library
============================================================


Path 1: MET (122 ps) Late External Delay Assertion at pin p_read_addr[9]
           View: analysis_view_0p81v_125c_capwst_slowest
          Group: clk
     Startpoint: (R) current_st_input_reg[2]/CP
          Clock: (R) clk
       Endpoint: (R) p_read_addr[9]
          Clock: (R) clk

                     Capture       Launch     
        Clock Edge:+    2000            0     
       Src Latency:+       0            0     
       Net Latency:+       0 (I)        0 (I) 
           Arrival:=    2000            0     
                                              
      Output Delay:-    1000                  
     Required Time:=    1000                  
      Launch Clock:-       0                  
         Data Path:-     878                  
             Slack:=     122                  

Exceptions/Constraints:
  output_delay             1000            constraints.sdc_line_25_1427_1 

#------------------------------------------------------------------------------------------------------------
#       Timing Point         Flags    Arc   Edge       Cell         Fanout Load Trans Delay Arrival Instance 
#                                                                          (fF)  (ps)  (ps)   (ps)  Location 
#------------------------------------------------------------------------------------------------------------
  current_st_input_reg[2]/CP -       -      R     (arrival)              3    -     0     0       0    (-,-) 
  current_st_input_reg[2]/QN -       CP->QN R     DFCND1BWP30P140        5  4.6    30    84      84    (-,-) 
  g37787/ZN                  -       A1->ZN F     ND2D1BWP30P140         5  4.6    52    38     122    (-,-) 
  g37763/ZN                  -       I->ZN  R     CKND1BWP30P140         1  1.2    22    22     145    (-,-) 
  g37643__4733/Z             -       A1->Z  R     AN2D1BWP30P140        36 32.0   172   120     264    (-,-) 
  g37529/ZN                  -       I->ZN  F     CKND2BWP30P140        27 23.0    99    79     343    (-,-) 
  g37449__5122/ZN            -       A1->ZN R     NR2D1BWP30P140        11  9.8   110    91     435    (-,-) 
  g37423/ZN                  -       I->ZN  F     CKND1BWP30P140         6  5.4    57    46     480    (-,-) 
  g37416__5122/ZN            -       A1->ZN R     NR2D1BWP30P140        10  8.6    92    71     552    (-,-) 
  g37295/ZN                  -       I->ZN  F     CKND1BWP30P140         4  3.9    45    35     587    (-,-) 
  g37158__6783/Z             -       A1->Z  F     OR2D1BWP30P140         9  8.4    50    52     639    (-,-) 
  g36615/ZN                  -       I->ZN  R     CKND1BWP30P140         3  3.1    30    31     670    (-,-) 
  g35620__6783/ZN            -       A1->ZN F     AOI32D1BWP30P140       1  1.4    54    30     700    (-,-) 
  g35338__2802/ZN            -       C->ZN  R     OAI221D1BWP30P140      1  1.4    38    33     733    (-,-) 
  g35336__3680/ZN            -       B->ZN  F     AOI211D1BWP30P140      1  1.3    32    20     753    (-,-) 
  g35318__7482/ZN            -       A1->ZN R     ND3D1BWP30P140         2  1.9    24    20     773    (-,-) 
  g35310__1705/ZN            -       A1->ZN F     NR3D0BWP30P140         2  2.1    36    23     797    (-,-) 
  g35305__5526/ZN            -       B->ZN  R     OAI21D1BWP30P140       1  1.2    41    22     819    (-,-) 
  g35300__2398/Z             -       I1->Z  R     MUX2D0BWP30P140        1  4.8    54    59     877    (-,-) 
  p_read_addr[9]             <<<     -      R     (port)                 -    -     -     0     878    (-,-) 
#------------------------------------------------------------------------------------------------------------


