============================================================
  Generated by:           Genus(TM) Synthesis Solution 21.12-s068_1
  Generated on:           Feb 03 2026  04:08:49 am
  Module:                 System
  Library domain:         timing_cond_0p81v_125c
    Domain index:         0
    Technology library:   tcbn28hpcplusbwp30p140ssg0p81v125c 110
  Operating conditions:   ssg0p81v125c 
  Interconnect mode:      global
  Area mode:              physical library
============================================================


Summary
-------
-----------------------------------------------------------------------------
             Category              Number     %    Average Toggle Saving %   
-----------------------------------------------------------------------------
 Total Clock Gating Instances          44  100.00                         -  
-----------------------------------------------------------------------------
 RC Clock Gating Instances             44  100.00                     84.47  
 Non-RC Clock Gating Instances          0    0.00                      0.00  
-----------------------------------------------------------------------------
 RC Gated Flip-flops                 1232   98.72                     88.22  
 Non-RC Gated Flip-flops                0    0.00                      0.00  
-----------------------------------------------------------------------------
 Total Gated Flip-flops              1232   98.72                         -  
 Total Ungated Flip-flops              16    1.28                         -  
 Timing exception in enable logic       1    6.25                         -  
 Register bank width too small         15   93.75                         -  
-----------------------------------------------------------------------------
 Total Flip-flops                    1248  100.00                         -  
-----------------------------------------------------------------------------
Multibit Flip-flop Summary
--------------------------
-------------------------------------------------------
Width     Number     Bits     RC Gated     Ungated     
-------------------------------------------------------
1-bit     1248       1248     1232 (98.72%) 16 (1.28%)  
--------------------------------------------------------


