Copyright 1986-2022 Xilinx, Inc. All Rights Reserved. Copyright 2022-2023 Advanced Micro Devices, Inc. All Rights Reserved.
---------------------------------------------------------------------------------------------------------------------------------------------
| Tool Version : Vivado v.2023.2 (lin64) Build 4029153 Fri Oct 13 20:13:54 MDT 2023
| Date         : Thu Oct  1 12:42:20 2026
| Host         : paxos.inf.pucrs.br running 64-bit Rocky Linux release 8.10 (Green Obsidian)
| Command      : report_utilization -hierarchical -file /sim/tarsio/reports-conv3x3-ifn9-explore-149bd5be/ifn9_m12/utilization.rpt
| Design       : Conv
| Device       : xczu7ev-ffvc1156-2-e
| Speed File   : -2
| Design State : Physopt postRoute
---------------------------------------------------------------------------------------------------------------------------------------------

Utilization Design Information

Table of Contents
-----------------
1. Utilization by Hierarchy

1. Utilization by Hierarchy
---------------------------

+------------------------+-----------+------------+------------+---------+------+------+--------+--------+------+------------+
|        Instance        |   Module  | Total LUTs | Logic LUTs | LUTRAMs | SRLs |  FFs | RAMB36 | RAMB18 | URAM | DSP Blocks |
+------------------------+-----------+------------+------------+---------+------+------+--------+--------+------+------------+
| Conv                   |     (top) |       5513 |       5513 |       0 |    0 | 2251 |      0 |      0 |    0 |         12 |
|   (Conv)               |     (top) |       5057 |       5057 |       0 |    0 | 2251 |      0 |      0 |    0 |          0 |
|   MAC_LANES[0].multip  |    Multip |         38 |         38 |       0 |    0 |    0 |      0 |      0 |    0 |          1 |
|   MAC_LANES[10].multip |  Multip_0 |         38 |         38 |       0 |    0 |    0 |      0 |      0 |    0 |          1 |
|   MAC_LANES[11].multip |  Multip_1 |         38 |         38 |       0 |    0 |    0 |      0 |      0 |    0 |          1 |
|   MAC_LANES[1].multip  |  Multip_2 |         38 |         38 |       0 |    0 |    0 |      0 |      0 |    0 |          1 |
|   MAC_LANES[2].multip  |  Multip_3 |         38 |         38 |       0 |    0 |    0 |      0 |      0 |    0 |          1 |
|   MAC_LANES[3].multip  |  Multip_4 |         38 |         38 |       0 |    0 |    0 |      0 |      0 |    0 |          1 |
|   MAC_LANES[4].multip  |  Multip_5 |         38 |         38 |       0 |    0 |    0 |      0 |      0 |    0 |          1 |
|   MAC_LANES[5].multip  |  Multip_6 |         38 |         38 |       0 |    0 |    0 |      0 |      0 |    0 |          1 |
|   MAC_LANES[6].multip  |  Multip_7 |         38 |         38 |       0 |    0 |    0 |      0 |      0 |    0 |          1 |
|   MAC_LANES[7].multip  |  Multip_8 |         38 |         38 |       0 |    0 |    0 |      0 |      0 |    0 |          1 |
|   MAC_LANES[8].multip  |  Multip_9 |         38 |         38 |       0 |    0 |    0 |      0 |      0 |    0 |          1 |
|   MAC_LANES[9].multip  | Multip_10 |         38 |         38 |       0 |    0 |    0 |      0 |      0 |    0 |          1 |
+------------------------+-----------+------------+------------+---------+------+------+--------+--------+------+------------+
* Note: The sum of lower-level cells may be larger than their parent cells total, due to cross-hierarchy LUT combining
