============================================================
  Generated by:           Genus(TM) Synthesis Solution 22.17-s071_1
  Generated on:           May 07 2025  09:39:25 pm
  Module:                 conv
  Library domain:         timing_cond_0p81v_125c
    Domain index:         0
    Technology library:   tcbn28hpcplusbwp30p140ssg0p81v125c 110
  Operating conditions:   ssg0p81v125c 
  Interconnect mode:      global
  Area mode:              physical library
============================================================

      Instance        Module    Cell Count  Cell Area  Net Area   Total Area 
-----------------------------------------------------------------------------
conv                                 15936  16554.132  8757.926    25312.058 
  genblk1[0].multip Multip             638    615.888   265.077      880.965 
  genblk1[1].multip Multip_937         668    612.738   290.088      902.826 
  genblk1[2].multip Multip_936         573    606.060   242.976      849.036 
  genblk1[3].multip Multip_935         668    612.738   290.088      902.826 
  genblk1[4].multip Multip_934         554    603.036   236.100      839.136 
  genblk1[5].multip Multip_933         641    615.510   265.704      881.214 
  genblk1[6].multip Multip_932         668    612.738   290.088      902.826 
  genblk1[7].multip Multip_931         641    615.510   265.704      881.214 
  genblk1[8].multip Multip_930         668    612.738   290.088      902.826 
  inv               Inverse           1053   2221.506   494.334     2715.840 
    matrix_a0       MatrixA0           351    740.502   127.134      867.636 
      csa_p0        CSA_3_886           39     82.278    14.126       96.404 
        layer1      FA_912              20     42.462     0.000       42.462 
      csa_p1        CSA_3_885           39     82.278    14.126       96.404 
        layer1      FA_911              20     42.462     0.000       42.462 
      csa_p2        CSA_3_884           39     82.278    14.126       96.404 
        layer1      FA_910              20     42.462     0.000       42.462 
      csa_p3        CSA_3_883           39     82.278    14.126       96.404 
        layer1      FA_909              20     42.462     0.000       42.462 
      csa_p4        CSA_3_882           39     82.278    14.126       96.404 
        layer1      FA_908              20     42.462     0.000       42.462 
      csa_p5        CSA_3_881           39     82.278    14.126       96.404 
        layer1      FA_907              20     42.462     0.000       42.462 
      csa_p6        CSA_3_880           39     82.278    14.126       96.404 
        layer1      FA_906              20     42.462     0.000       42.462 
      csa_p7        CSA_3_879           39     82.278    14.126       96.404 
        layer1      FA_905              20     42.462     0.000       42.462 
      csa_p8        CSA_3_878           39     82.278    14.126       96.404 
        layer1      FA_904              20     42.462     0.000       42.462 
    matrix_a1       MatrixA1           702   1481.004   254.269     1735.273 
      csa_p0        CSA_3               39     82.278    14.126       96.404 
        layer1      FA                  20     42.462     0.000       42.462 
      csa_p1        CSA_3_903           39     82.278    14.126       96.404 
        layer1      FA_929              20     42.462     0.000       42.462 
      csa_p2        CSA_3_902           39     82.278    14.126       96.404 
        layer1      FA_928              20     42.462     0.000       42.462 
      csa_p3        CSA_3_901           39     82.278    14.126       96.404 
        layer1      FA_927              20     42.462     0.000       42.462 
      csa_p4        CSA_3_900           39     82.278    14.126       96.404 
        layer1      FA_926              20     42.462     0.000       42.462 
      csa_p5        CSA_3_899           39     82.278    14.126       96.404 
        layer1      FA_925              20     42.462     0.000       42.462 
      csa_p6        CSA_3_898           39     82.278    14.126       96.404 
        layer1      FA_924              20     42.462     0.000       42.462 
      csa_p7        CSA_3_897           39     82.278    14.126       96.404 
        layer1      FA_923              20     42.462     0.000       42.462 
      csa_p8        CSA_3_896           39     82.278    14.126       96.404 
        layer1      FA_922              20     42.462     0.000       42.462 
      csa_p9        CSA_3_895           39     82.278    14.126       96.404 
        layer1      FA_921              20     42.462     0.000       42.462 
      csa_p10       CSA_3_894           39     82.278    14.126       96.404 
        layer1      FA_920              20     42.462     0.000       42.462 
      csa_p11       CSA_3_893           39     82.278    14.126       96.404 
        layer1      FA_919              20     42.462     0.000       42.462 
      csa_p12       CSA_3_892           39     82.278    14.126       96.404 
        layer1      FA_918              20     42.462     0.000       42.462 
      csa_p13       CSA_3_891           39     82.278    14.126       96.404 
        layer1      FA_917              20     42.462     0.000       42.462 
      csa_p14       CSA_3_890           39     82.278    14.126       96.404 
        layer1      FA_916              20     42.462     0.000       42.462 
      csa_p15       CSA_3_889           39     82.278    14.126       96.404 
        layer1      FA_915              20     42.462     0.000       42.462 
      csa_p16       CSA_3_888           39     82.278    14.126       96.404 
        layer1      FA_914              20     42.462     0.000       42.462 
      csa_p17       CSA_3_887           39     82.278    14.126       96.404 
        layer1      FA_913              20     42.462     0.000       42.462 
  trf               Transform         1980   2902.284   683.406     3585.690 
    matrix_c0       MatrixC0           900   1319.220   296.880     1616.100 
      csa_n0        CSA_2               20     41.958     4.793       46.751 
      csa_n1        CSA_2_873           20     41.958     4.793       46.751 
      csa_n2        CSA_2_868           20     41.958     4.793       46.751 
      csa_n6        CSA_2_877           20     41.958     4.793       46.751 
      csa_n7        CSA_2_872           20     41.958     4.793       46.751 
      csa_n8        CSA_2_867           20     41.958     4.793       46.751 
      csa_n12       CSA_2_876           20     41.958     4.793       46.751 
      csa_n13       CSA_2_871           20     41.958     4.793       46.751 
      csa_n14       CSA_2_866           20     41.958     4.793       46.751 
      csa_n18       CSA_2_875           20     41.958     4.793       46.751 
      csa_n19       CSA_2_870           20     41.958     4.793       46.751 
      csa_n20       CSA_2_865           20     41.958     4.793       46.751 
      csa_n24       CSA_2_874           20     41.958     4.793       46.751 
      csa_n25       CSA_2_869           20     41.958     4.793       46.751 
      csa_n26       CSA_2_864           20     41.958     4.793       46.751 
    matrix_c1       MatrixC1          1080   1583.064   356.256     1939.320 
      csa_n0        CSA_2_863           20     41.958     4.793       46.751 
      csa_n1        CSA_2_862           20     41.958     4.793       46.751 
      csa_n2        CSA_2_861           20     41.958     4.793       46.751 
      csa_n3        CSA_2_860           20     41.958     4.793       46.751 
      csa_n4        CSA_2_859           20     41.958     4.793       46.751 
      csa_n5        CSA_2_858           20     41.958     4.793       46.751 
      csa_n6        CSA_2_857           20     41.958     4.793       46.751 
      csa_n7        CSA_2_856           20     41.958     4.793       46.751 
      csa_n8        CSA_2_855           20     41.958     4.793       46.751 
      csa_n9        CSA_2_854           20     41.958     4.793       46.751 
      csa_n10       CSA_2_853           20     41.958     4.793       46.751 
      csa_n11       CSA_2_852           20     41.958     4.793       46.751 
      csa_n12       CSA_2_851           20     41.958     4.793       46.751 
      csa_n13       CSA_2_850           20     41.958     4.793       46.751 
      csa_n14       CSA_2_849           20     41.958     4.793       46.751 
      csa_n15       CSA_2_848           20     41.958     4.793       46.751 
      csa_n16       CSA_2_847           20     41.958     4.793       46.751 
      csa_n17       CSA_2_846           20     41.958     4.793       46.751 
