============================================================
  Generated by:           Genus(TM) Synthesis Solution 22.17-s071_1
  Generated on:           May 07 2025  09:39:25 pm
  Module:                 conv
  Operating conditions:   ssg0p81v125c 
  Interconnect mode:      global
  Area mode:              physical library
============================================================


Path 1: MET (0 ps) Setup Check with Pin registers_reg[28][19]/CP->D
           View: analysis_view_0p81v_125c_capwst_slowest
          Group: clk
     Startpoint: (R) current_st_reg[0]/CP
          Clock: (R) clk
       Endpoint: (F) registers_reg[28][19]/D
          Clock: (R) clk

                     Capture       Launch     
        Clock Edge:+    2000            0     
       Src Latency:+       0            0     
       Net Latency:+       0 (I)        0 (I) 
           Arrival:=    2000            0     
                                              
             Setup:-      20                  
     Required Time:=    1980                  
      Launch Clock:-       0                  
         Data Path:-    1980                  
             Slack:=       0                  

#-------------------------------------------------------------------------------------------------------------------------------------
#                   Timing Point                    Flags    Arc   Edge        Cell          Fanout Load Trans Delay Arrival Instance 
#                                                                                                   (fF)  (ps)  (ps)   (ps)  Location 
#-------------------------------------------------------------------------------------------------------------------------------------
  current_st_reg[0]/CP                              -       -      R     (arrival)               11    -     0     0       0    (-,-) 
  current_st_reg[0]/QN                              -       CP->QN R     DFSND1BWP30P140          5 10.6    60   109     109    (-,-) 
  g37500/ZN                                         -       A2->ZN F     NR2D2BWP30P140           2  3.5    28    22     131    (-,-) 
  g37482/ZN                                         -       A2->ZN R     NR2D3BWP30P140           2  4.9    24    25     156    (-,-) 
  g37474/ZN                                         -       A1->ZN F     NR2OPTPAD6BWP30P140     23 20.1    38    21     177    (-,-) 
  g535__2883/ZN                                     -       A1->ZN F     INR2D1BWP30P140          2  2.0    18    33     210    (-,-) 
  g477__1617/Z                                      -       A1->Z  F     CKAN2D1BWP30P140        40 33.4   182   118     328    (-,-) 
  g2639/Z                                           -       A1->Z  F     AO22D0BWP30P140          1  1.4    27    76     403    (-,-) 
  g2383/ZN                                          -       C->ZN  R     AOI221D1BWP30P140        1  1.2    72    42     445    (-,-) 
  g59178/ZN                                         -       I->ZN  F     INVD0P7BWP30P140         1  1.2    27    18     463    (-,-) 
  g2279/Z                                           -       A2->Z  F     OR4D1BWP30P140          15 14.6    80    84     547    (-,-) 
  genblk1[1].multip/mul_24_61_g5973/CO              -       A->CO  F     HA1D1BWP30P140           1  2.1    17    36     583    (-,-) 
  genblk1[1].multip/mul_24_61_g5875/CO              -       CI->CO F     FA1D1BWP30P140           1  2.1    23    42     624    (-,-) 
  genblk1[1].multip/mul_24_61_g5782/CO              -       CI->CO F     FA1D1BWP30P140           1  2.1    23    44     668    (-,-) 
  genblk1[1].multip/mul_24_61_g5757/CO              -       CI->CO F     FA1D1BWP30P140           1  2.1    23    44     712    (-,-) 
  genblk1[1].multip/mul_24_61_g5736/CO              -       CI->CO F     FA1D1BWP30P140           1  2.1    23    44     756    (-,-) 
  genblk1[1].multip/mul_24_61_g5714/CO              -       CI->CO F     FA1D1BWP30P140           1  2.1    22    44     799    (-,-) 
  genblk1[1].multip/mul_24_61_g5700/CO              -       CI->CO F     FA1D1BWP30P140           1  2.1    22    44     843    (-,-) 
  genblk1[1].multip/mul_24_61_g5685/CO              -       CI->CO F     FA1D1BWP30P140           1  2.1    22    44     887    (-,-) 
  genblk1[1].multip/mul_24_61_g5672/CO              -       CI->CO F     FA1D1BWP30P140           1  2.1    23    44     930    (-,-) 
  genblk1[1].multip/mul_24_61_g5659/CO              -       CI->CO F     FA1D1BWP30P140           1  2.1    23    44     974    (-,-) 
  genblk1[1].multip/mul_24_61_g5643/CO              -       CI->CO F     FA1D1BWP30P140           1  2.1    22    44    1018    (-,-) 
  genblk1[1].multip/mul_24_61_g5626/CO              -       CI->CO F     FA1D1BWP30P140           1  2.1    23    44    1062    (-,-) 
  genblk1[1].multip/mul_24_61_g5613/CO              -       CI->CO F     FA1D1BWP30P140           1  2.1    22    44    1106    (-,-) 
  genblk1[1].multip/mul_24_61_g5601/CO              -       CI->CO F     FA1D1BWP30P140           1  2.1    22    44    1149    (-,-) 
  genblk1[1].multip/mul_24_61_g5589/CO              -       CI->CO F     FA1D1BWP30P140           1  2.1    23    44    1193    (-,-) 
  genblk1[1].multip/mul_24_61_g5578/CO              -       CI->CO F     FA1D1BWP30P140           1  2.1    22    44    1237    (-,-) 
  genblk1[1].multip/mul_24_61_g5567/CO              -       CI->CO F     FA1D1BWP30P140           1  2.1    22    44    1280    (-,-) 
  genblk1[1].multip/mul_24_61_g5558/S               -       CI->S  R     FA1D1BWP30P140           4  3.9    37    81    1362    (-,-) 
  genblk1[1].multip/mul_24_61_g5550/ZN              -       A1->ZN F     AOI221D1BWP30P140        1  1.8    74    27    1389    (-,-) 
  genblk1[1].multip/mul_24_61_g5544/ZN              -       A1->ZN F     XNR2UD1BWP30P140         1  2.1    66    44    1432    (-,-) 
  genblk1[1].multip/mul_24_61_cdnfadd_021_4__5115/S -       CI->S  R     FA1D1BWP30P140           1  2.6    30    91    1523    (-,-) 
  genblk1[1].multip/mul_24_61_cdnfadd_021_5__7482/S -       B->S   F     FA1D1BWP30P140           1  1.3    22    67    1591    (-,-) 
  genblk1[1].multip/mul_24_61_g5485/ZN              -       I->ZN  R     CKND1BWP30P140           2  2.1    19    18    1609    (-,-) 
  genblk1[1].multip/mul_24_61_g5478__5122/ZN        -       A1->ZN F     ND2D1BWP30P140           3  2.9    35    26    1636    (-,-) 
  genblk1[1].multip/mul_24_61_g5469__6260/ZN        -       A1->ZN R     CKND2D1BWP30P140         2  2.0    30    27    1663    (-,-) 
  genblk1[1].multip/mul_24_61_g5468__5107/ZN        -       B2->ZN F     INR3D0BWP30P140          2  2.1    32    24    1686    (-,-) 
  genblk1[1].multip/mul_24_61_g5460__2883/ZN        -       B1->ZN R     AOI221D1BWP30P140        1  1.4    48    46    1732    (-,-) 
  genblk1[1].multip/mul_24_61_g5458__9315/ZN        -       B->ZN  F     OAI21D1BWP30P140         3  3.3    48    41    1773    (-,-) 
  genblk1[1].multip/mul_24_61_g5457__6161/Z         -       A1->Z  F     AN3D1BWP30P140           1  1.4    14    35    1808    (-,-) 
  genblk1[1].multip/mul_24_61_g5455__7482/Z         -       B->Z   F     AO211D1BWP30P140         1  2.1    21    45    1853    (-,-) 
  genblk1[1].multip/mul_24_61_g5452__6131/CO        -       CI->CO F     FA1D1BWP30P140           1  1.3    18    40    1893    (-,-) 
  genblk1[1].multip/mul_24_61_g5451__7098/Z         -       A3->Z  F     XOR3UD1BWP30P140         1  1.3    28    32    1924    (-,-) 
  g55408/ZN                                         -       I->ZN  R     CKND1BWP30P140           4  3.9    30    27    1951    (-,-) 
  g54311/ZN                                         -       A2->ZN F     OAI211D1BWP30P140        1  1.3    71    29    1980    (-,-) 
  registers_reg[28][19]/D                           <<<     -      F     DFCNQD1BWP30P140         1    -     -     0    1980    (-,-) 
#-------------------------------------------------------------------------------------------------------------------------------------


