============================================================
  Generated by:           Genus(TM) Synthesis Solution 21.12-s068_1
  Generated on:           Oct 06 2026  12:29:19 am
  Module:                 Conv
  Operating conditions:   ssg0p81v125c 
  Interconnect mode:      global
  Area mode:              physical library
============================================================


Path 1: MET (4 ps) Late External Delay Assertion at pin p_output_data_write[19]
           View: analysis_view_0p81v_125c_capwst_slowest
          Group: clk
     Startpoint: (R) r_output_write_count_reg[0]/CP
          Clock: (R) clk
       Endpoint: (F) p_output_data_write[19]
          Clock: (R) clk

                     Capture       Launch     
        Clock Edge:+    2000            0     
       Src Latency:+       0            0     
       Net Latency:+       0 (I)        0 (I) 
           Arrival:=    2000            0     
                                              
      Output Delay:-    1000                  
     Required Time:=    1000                  
      Launch Clock:-       0                  
         Data Path:-     996                  
             Slack:=       4                  

Exceptions/Constraints:
  output_delay             1000            constraints.sdc_line_25_78_1 

#-----------------------------------------------------------------------------------------------------------------
#         Timing Point           Flags    Arc   Edge        Cell         Fanout Load Trans Delay Arrival Instance 
#                                                                               (fF)  (ps)  (ps)   (ps)  Location 
#-----------------------------------------------------------------------------------------------------------------
  r_output_write_count_reg[0]/CP -       -      R     (arrival)               4    -     0     0       0    (-,-) 
  r_output_write_count_reg[0]/Q  -       CP->Q  F     DFCND1BWP30P140         8 10.9    62    94      94    (-,-) 
  g27951/ZN                      -       A1->ZN F     INR2D4BWP30P140        46 40.6    65    59     153    (-,-) 
  g27464/ZN                      -       B1->ZN R     AOI22D1BWP30P140        1  1.3    32    40     193    (-,-) 
  g27418/ZN                      -       A2->ZN F     ND2D1BWP30P140          1  2.3    32    26     219    (-,-) 
  add_1109_69_g1258/CO           -       A->CO  F     HA1D1BWP30P140          1  2.1    15    26     245    (-,-) 
  add_1109_69_g1257/CO           -       CI->CO F     FA1D1BWP30P140          1  2.1    22    41     286    (-,-) 
  add_1109_69_g1256/CO           -       CI->CO F     FA1D1BWP30P140          1  2.5    23    45     331    (-,-) 
  add_1109_69_g1255/CO           -       CI->CO F     FA1OPTCD1BWP30P140      1  2.1    21    32     363    (-,-) 
  add_1109_69_g1254/CO           -       CI->CO F     FA1D1BWP30P140          1  2.5    23    44     407    (-,-) 
  add_1109_69_g1253/CO           -       CI->CO F     FA1OPTCD1BWP30P140      1  2.1    21    32     439    (-,-) 
  add_1109_69_g1252/CO           -       CI->CO F     FA1D1BWP30P140          1  2.1    22    43     482    (-,-) 
  add_1109_69_g1251/CO           -       CI->CO F     FA1D1BWP30P140          3  3.5    28    48     530    (-,-) 
  add_1109_69_g1249/Z            -       A1->Z  F     AO21D1BWP30P140         1  2.1    18    31     561    (-,-) 
  add_1109_69_g1246/CO           -       CI->CO F     FA1D1BWP30P140          1  2.1    22    42     603    (-,-) 
  add_1109_69_g1245/CO           -       CI->CO F     FA1D1BWP30P140          1  2.1    22    43     646    (-,-) 
  add_1109_69_g1244/CO           -       CI->CO F     FA1D1BWP30P140          1  2.1    22    43     689    (-,-) 
  add_1109_69_g1243/CO           -       CI->CO F     FA1D1BWP30P140          1  2.1    22    43     733    (-,-) 
  add_1109_69_g1242/CO           -       CI->CO F     FA1D1BWP30P140          1  2.1    22    43     776    (-,-) 
  add_1109_69_g1241/CO           -       CI->CO F     FA1D1BWP30P140          1  2.1    22    43     820    (-,-) 
  add_1109_69_g1240/CO           -       CI->CO F     FA1D1BWP30P140          1  2.1    22    43     863    (-,-) 
  add_1109_69_g1239/CO           -       CI->CO F     FA1D1BWP30P140          1  2.1    22    43     906    (-,-) 
  add_1109_69_g1238/CO           -       CI->CO F     FA1D1BWP30P140          1  1.3    18    40     946    (-,-) 
  add_1109_69_g1237/Z            -       A3->Z  F     XOR3UD1BWP30P140        1  4.8    58    50     996    (-,-) 
  p_output_data_write[19]        <<<     -      F     (port)                  -    -     -     0     996    (-,-) 
#-----------------------------------------------------------------------------------------------------------------


