============================================================
  Generated by:           Genus(TM) Synthesis Solution 22.17-s071_1
  Generated on:           May 07 2025  11:20:52 pm
  Module:                 conv
  Operating conditions:   ssg0p81v125c 
  Operating conditions:   tt0p9v25c 
  Interconnect mode:      global
  Area mode:              physical library
============================================================


Path 1: MET (437 ps) Setup Check with Pin registers_reg[0][18]/CP->D
           View: analysis_view_0p90v_25c_captyp_nominal
          Group: clk
     Startpoint: (R) current_st_reg[0]/CP
          Clock: (R) clk
       Endpoint: (R) registers_reg[0][18]/D
          Clock: (R) clk

                     Capture       Launch     
        Clock Edge:+    2000            0     
       Src Latency:+       0            0     
       Net Latency:+       0 (I)        0 (I) 
           Arrival:=    2000            0     
                                              
             Setup:-      24                  
     Required Time:=    1976                  
      Launch Clock:-       0                  
         Data Path:-    1540                  
             Slack:=     437                  

#-------------------------------------------------------------------------------------------------------------------
#           Timing Point            Flags    Arc   Edge       Cell         Fanout Load Trans Delay Arrival Instance 
#                                                                                 (fF)  (ps)  (ps)   (ps)  Location 
#-------------------------------------------------------------------------------------------------------------------
  current_st_reg[0]/CP              -       -      R     (arrival)             30    -     0     0       0    (-,-) 
  current_st_reg[0]/QN              -       CP->QN R     DFCND1BWP30P140       10 13.3    59    84      84    (-,-) 
  g52604/ZN                         -       A1->ZN F     NR2D1BWP30P140         4  5.4    34    31     115    (-,-) 
  g52548/Z                          -       A2->Z  F     AN2D2BWP30P140        41 41.2    83    65     180    (-,-) 
  g52378/ZN                         -       B1->ZN R     AOI22D1BWP30P140       1  1.5    34    38     218    (-,-) 
  g56207/ZN                         -       A4->ZN F     ND4D1BWP30P140         1  1.4    36    31     249    (-,-) 
  g51893/Z                          -       A2->Z  F     OR3D1BWP30P140        19 20.9    90    77     326    (-,-) 
  multip0/mul_16_61_g5957/CO        -       A->CO  F     HA1D1BWP30P140         1  2.2    14    31     358    (-,-) 
  multip0/mul_16_61_g5868/CO        -       CI->CO F     FA1D1BWP30P140         1  2.2    16    31     389    (-,-) 
  multip0/mul_16_61_g5774/CO        -       CI->CO F     FA1D1BWP30P140         1  2.2    18    32     421    (-,-) 
  multip0/mul_16_61_g5748/CO        -       CI->CO F     FA1D1BWP30P140         1  2.2    19    33     454    (-,-) 
  multip0/mul_16_61_g5726/CO        -       CI->CO F     FA1D1BWP30P140         1  2.2    19    33     487    (-,-) 
  multip0/mul_16_61_g5705/CO        -       CI->CO F     FA1D1BWP30P140         1  2.2    19    33     520    (-,-) 
  multip0/mul_16_61_g5691/CO        -       CI->CO F     FA1D1BWP30P140         1  2.2    19    33     553    (-,-) 
  multip0/mul_16_61_g5677/CO        -       CI->CO F     FA1D1BWP30P140         1  2.2    19    33     586    (-,-) 
  multip0/mul_16_61_g5664/CO        -       CI->CO F     FA1D1BWP30P140         1  2.2    18    33     619    (-,-) 
  multip0/mul_16_61_g5651/CO        -       CI->CO F     FA1D1BWP30P140         1  2.2    18    33     652    (-,-) 
  multip0/mul_16_61_g5636/CO        -       CI->CO F     FA1D1BWP30P140         1  2.2    18    33     685    (-,-) 
  multip0/mul_16_61_g5619/CO        -       CI->CO F     FA1D1BWP30P140         1  2.2    18    33     718    (-,-) 
  multip0/mul_16_61_g5606/CO        -       CI->CO F     FA1D1BWP30P140         1  2.2    18    33     751    (-,-) 
  multip0/mul_16_61_g5594/CO        -       CI->CO F     FA1D1BWP30P140         1  2.2    18    33     784    (-,-) 
  multip0/mul_16_61_g5582/CO        -       CI->CO F     FA1D1BWP30P140         1  2.2    17    33     816    (-,-) 
  multip0/mul_16_61_g5571/CO        -       CI->CO F     FA1D1BWP30P140         1  2.2    17    33     849    (-,-) 
  multip0/mul_16_61_g5560/CO        -       CI->CO F     FA1D1BWP30P140         1  2.2    17    32     881    (-,-) 
  multip0/mul_16_61_g5551/S         -       CI->S  R     FA1D1BWP30P140         4  4.6    30    62     943    (-,-) 
  multip0/mul_16_61_g5543/ZN        -       A1->ZN F     AOI221D1BWP30P140      1  2.0    60    22     965    (-,-) 
  multip0/mul_16_61_g5537/ZN        -       A1->ZN F     XNR2UD1BWP30P140       1  2.2    52    34     998    (-,-) 
  multip0/mul_16_61_cdnfadd_021_4/S -       CI->S  R     FA1D1BWP30P140         1  2.8    23    68    1066    (-,-) 
  multip0/mul_16_61_cdnfadd_021_5/S -       B->S   F     FA1D1BWP30P140         1  1.5    16    51    1117    (-,-) 
  multip0/mul_16_61_g5473/ZN        -       I->ZN  R     CKND1BWP30P140         2  2.6    16    15    1132    (-,-) 
  multip0/mul_16_61_g5466/ZN        -       A1->ZN F     ND2D1BWP30P140         3  3.4    30    22    1154    (-,-) 
  multip0/mul_16_61_g5457/ZN        -       A1->ZN R     CKND2D1BWP30P140       2  2.5    26    23    1178    (-,-) 
  multip0/mul_16_61_g5456/ZN        -       B2->ZN F     INR3D0BWP30P140        2  2.6    28    21    1199    (-,-) 
  multip0/mul_16_61_g5448/ZN        -       B1->ZN R     AOI221D1BWP30P140      1  1.6    37    36    1235    (-,-) 
  multip0/mul_16_61_g5446/ZN        -       B->ZN  F     OAI21D1BWP30P140       3  3.9    40    34    1269    (-,-) 
  multip0/mul_16_61_g5445/Z         -       A1->Z  F     AN3D1BWP30P140         1  1.6    11    27    1296    (-,-) 
  multip0/mul_16_61_g5443/Z         -       B->Z   F     AO211D1BWP30P140       1  2.2    16    34    1330    (-,-) 
  multip0/mul_16_61_g5440/S         -       CI->S  R     FA1D1BWP30P140         1  1.5    17    52    1382    (-,-) 
  g55849/ZN                         -       A1->ZN F     ND2D1BWP30P140        26 26.8   200   113    1495    (-,-) 
  g54907/ZN                         -       B->ZN  R     OAI21D1BWP30P140       1  1.5    55    44    1540    (-,-) 
  registers_reg[0][18]/D            <<<     -      R     DFCNQD1BWP30P140       1    -     -     0    1540    (-,-) 
#-------------------------------------------------------------------------------------------------------------------


