============================================================
  Generated by:           Genus(TM) Synthesis Solution 22.17-s071_1
  Generated on:           May 07 2025  11:20:44 pm
  Module:                 conv
  Library domain:         timing_cond_0p81v_125c
    Domain index:         0
    Technology library:   tcbn28hpcplusbwp30p140ssg0p81v125c 110
  Operating conditions:   ssg0p81v125c 
  Interconnect mode:      global
  Area mode:              physical library
============================================================

                                                                                Library 
        Gate         Instances    Area                   Library                 Domain 
----------------------------------------------------------------------------------------
AN2D1BWP30P140               2      1.008    tcbn28hpcplusbwp30p140ssg0p81v125c       0 
AN2D2BWP30P140              13      8.190    tcbn28hpcplusbwp30p140ssg0p81v125c       0 
AN2D4BWP30P140               4      4.536    tcbn28hpcplusbwp30p140ssg0p81v125c       0 
AN3D1BWP30P140               3      1.890    tcbn28hpcplusbwp30p140ssg0p81v125c       0 
AN3D2BWP30P140               4      3.024    tcbn28hpcplusbwp30p140ssg0p81v125c       0 
AN4D1BWP30P140               4      3.024    tcbn28hpcplusbwp30p140ssg0p81v125c       0 
AO211D1BWP30P140             1      0.756    tcbn28hpcplusbwp30p140ssg0p81v125c       0 
AO21D1BWP30P140             11      6.930    tcbn28hpcplusbwp30p140ssg0p81v125c       0 
AO22D0BWP30P140            155    117.180    tcbn28hpcplusbwp30p140ssg0p81v125c       0 
AOI211D1BWP30P140            4      2.520    tcbn28hpcplusbwp30p140ssg0p81v125c       0 
AOI21D1BWP30P140           508    256.032    tcbn28hpcplusbwp30p140ssg0p81v125c       0 
AOI221D1BWP30P140          144    108.864    tcbn28hpcplusbwp30p140ssg0p81v125c       0 
AOI222D1BWP30P140           53     53.424    tcbn28hpcplusbwp30p140ssg0p81v125c       0 
AOI22D1BWP30P140           342    215.460    tcbn28hpcplusbwp30p140ssg0p81v125c       0 
AOI32D1BWP30P140             1      0.756    tcbn28hpcplusbwp30p140ssg0p81v125c       0 
CKAN2D1BWP30P140            33     16.632    tcbn28hpcplusbwp30p140ssg0p81v125c       0 
CKLNQD1BWP30P140            27     51.030    tcbn28hpcplusbwp30p140ssg0p81v125c       0 
CKMUX2D0BWP30P140            7      6.174    tcbn28hpcplusbwp30p140ssg0p81v125c       0 
CKND1BWP30P140            1111    279.972    tcbn28hpcplusbwp30p140ssg0p81v125c       0 
CKND2D1BWP30P140            38     14.364    tcbn28hpcplusbwp30p140ssg0p81v125c       0 
DFCND1BWP30P140              2      5.040    tcbn28hpcplusbwp30p140ssg0p81v125c       0 
DFCNQD1BWP30P140           548   1242.864    tcbn28hpcplusbwp30p140ssg0p81v125c       0 
DFSND1BWP30P140              3      7.182    tcbn28hpcplusbwp30p140ssg0p81v125c       0 
FA1D0BWP30P140            1077   2306.934    tcbn28hpcplusbwp30p140ssg0p81v125c       0 
FA1D1BWP30P140            2219   4753.098    tcbn28hpcplusbwp30p140ssg0p81v125c       0 
HA1D0BWP30P140              56     91.728    tcbn28hpcplusbwp30p140ssg0p81v125c       0 
HA1D1BWP30P140             122    199.836    tcbn28hpcplusbwp30p140ssg0p81v125c       0 
IND2D0BWP30P140              2      1.008    tcbn28hpcplusbwp30p140ssg0p81v125c       0 
IND2D1BWP30P140             29     14.616    tcbn28hpcplusbwp30p140ssg0p81v125c       0 
IND3D1BWP30P140              5      3.150    tcbn28hpcplusbwp30p140ssg0p81v125c       0 
IND4D1BWP30P140              4      3.024    tcbn28hpcplusbwp30p140ssg0p81v125c       0 
INR2D1BWP30P140             21     10.584    tcbn28hpcplusbwp30p140ssg0p81v125c       0 
INR2D4BWP30P140              1      1.386    tcbn28hpcplusbwp30p140ssg0p81v125c       0 
INR3D0BWP30P140              2      1.260    tcbn28hpcplusbwp30p140ssg0p81v125c       0 
INR4D0BWP30P140              1      0.756    tcbn28hpcplusbwp30p140ssg0p81v125c       0 
INVD0P7BWP30P140             2      0.504    tcbn28hpcplusbwp30p140ssg0p81v125c       0 
INVD12BWP30P140              1      1.638    tcbn28hpcplusbwp30p140ssg0p81v125c       0 
INVD3BWP30P140               1      0.504    tcbn28hpcplusbwp30p140ssg0p81v125c       0 
INVD6BWP30P140               2      1.764    tcbn28hpcplusbwp30p140ssg0p81v125c       0 
IOA21D1BWP30P140            43     27.090    tcbn28hpcplusbwp30p140ssg0p81v125c       0 
LHQD1BWP30P140             180    226.800    tcbn28hpcplusbwp30p140ssg0p81v125c       0 
MAOI22D1BWP30P140            1      0.756    tcbn28hpcplusbwp30p140ssg0p81v125c       0 
MUX2NUD1BWP30P140            1      0.756    tcbn28hpcplusbwp30p140ssg0p81v125c       0 
ND2D1BWP30P140              40     15.120    tcbn28hpcplusbwp30p140ssg0p81v125c       0 
ND2OPTIBD1BWP30P140          1      0.378    tcbn28hpcplusbwp30p140ssg0p81v125c       0 
ND3D1BWP30P140              19      9.576    tcbn28hpcplusbwp30p140ssg0p81v125c       0 
ND4D1BWP30P140              84     52.920    tcbn28hpcplusbwp30p140ssg0p81v125c       0 
NR2D1BWP30P140             522    197.316    tcbn28hpcplusbwp30p140ssg0p81v125c       0 
NR2D2BWP30P140               3      1.890    tcbn28hpcplusbwp30p140ssg0p81v125c       0 
NR2D4BWP30P140               1      1.134    tcbn28hpcplusbwp30p140ssg0p81v125c       0 
NR2OPTIBD1BWP30P140         13      4.914    tcbn28hpcplusbwp30p140ssg0p81v125c       0 
NR3D0BWP30P140               1      0.504    tcbn28hpcplusbwp30p140ssg0p81v125c       0 
NR3D0P7BWP30P140             4      2.016    tcbn28hpcplusbwp30p140ssg0p81v125c       0 
NR4D0BWP30P140               1      0.630    tcbn28hpcplusbwp30p140ssg0p81v125c       0 
OA21D1BWP30P140              2      1.260    tcbn28hpcplusbwp30p140ssg0p81v125c       0 
OAI211D1BWP30P140            5      3.150    tcbn28hpcplusbwp30p140ssg0p81v125c       0 
OAI21D0BWP30P140             5      2.520    tcbn28hpcplusbwp30p140ssg0p81v125c       0 
OAI21D1BWP30P140           554    279.216    tcbn28hpcplusbwp30p140ssg0p81v125c       0 
OR2D1BWP30P140               5      2.520    tcbn28hpcplusbwp30p140ssg0p81v125c       0 
OR2D6BWP30P140               1      1.386    tcbn28hpcplusbwp30p140ssg0p81v125c       0 
OR3D1BWP30P140              30     18.900    tcbn28hpcplusbwp30p140ssg0p81v125c       0 
OR3D2BWP30P140               2      1.512    tcbn28hpcplusbwp30p140ssg0p81v125c       0 
OR4D1BWP30P140              16     12.096    tcbn28hpcplusbwp30p140ssg0p81v125c       0 
XNR2UD1BWP30P140           121    106.722    tcbn28hpcplusbwp30p140ssg0p81v125c       0 
XNR3UD0BWP30P140             8     14.112    tcbn28hpcplusbwp30p140ssg0p81v125c       0 
XNR3UD1BWP30P140            50     88.200    tcbn28hpcplusbwp30p140ssg0p81v125c       0 
XNR4D1BWP30P140              3      7.938    tcbn28hpcplusbwp30p140ssg0p81v125c       0 
XOR2UD1BWP30P140            19     16.758    tcbn28hpcplusbwp30p140ssg0p81v125c       0 
XOR3UD0BWP30P140            56     98.784    tcbn28hpcplusbwp30p140ssg0p81v125c       0 
XOR3UD1BWP30P140            81    142.884    tcbn28hpcplusbwp30p140ssg0p81v125c       0 
XOR4D0BWP30P140              1      2.646    tcbn28hpcplusbwp30p140ssg0p81v125c       0 
----------------------------------------------------------------------------------------
total                     8436  11141.046                                       


                                                        
            Type             Instances    Area   Area % 
--------------------------------------------------------
sequential                         733  1481.886   13.3 
inverter                          1117   284.382    2.6 
clock_gating_integrated_cell        27    51.030    0.5 
logic                             6559  9323.748   83.7 
physical_cells                       0     0.000    0.0 
--------------------------------------------------------
total                             8436 11141.046  100.0 

