============================================================
  Generated by:           Genus(TM) Synthesis Solution 22.17-s071_1
  Generated on:           May 08 2025  01:15:58 am
  Module:                 conv
  Operating conditions:   ssg0p81v125c 
  Operating conditions:   tt0p9v25c 
  Operating conditions:   ffg0p99vm40c 
  Interconnect mode:      global
  Area mode:              physical library
============================================================


Path 1: MET (760 ps) Setup Check with Pin registers_reg[0][19]/CP->D
           View: analysis_view_0p99v_m40c_capbst_fastest
          Group: clk
     Startpoint: (R) current_st_reg[1]/CP
          Clock: (R) clk
       Endpoint: (R) registers_reg[0][19]/D
          Clock: (R) clk

                     Capture       Launch     
        Clock Edge:+    2000            0     
       Src Latency:+       0            0     
       Net Latency:+       0 (I)        0 (I) 
           Arrival:=    2000            0     
                                              
             Setup:-      15                  
     Required Time:=    1985                  
      Launch Clock:-       0                  
         Data Path:-    1225                  
             Slack:=     760                  

#-------------------------------------------------------------------------------------------------------------------------
#              Timing Point               Flags    Arc   Edge       Cell         Fanout Load Trans Delay Arrival Instance 
#                                                                                       (fF)  (ps)  (ps)   (ps)  Location 
#-------------------------------------------------------------------------------------------------------------------------
  current_st_reg[1]/CP                    -       -      R     (arrival)             31    -     0     0       0    (-,-) 
  current_st_reg[1]/QN                    -       CP->QN R     DFCND1BWP30P140        5  5.9    22    52      52    (-,-) 
  g34336/ZN                               -       A1->ZN F     ND2D1BWP30P140         2  2.8    21    17      69    (-,-) 
  g34332/ZN                               -       I->ZN  R     CKND1BWP30P140         1  1.7    12    11      80    (-,-) 
  g34322/ZN                               -       A1->ZN F     ND2D1BWP30P140         4  5.1    32    21     102    (-,-) 
  g34300/ZN                               -       A1->ZN R     NR2D1BWP30P140        40 48.6   251   155     257    (-,-) 
  g34017/ZN                               -       A1->ZN F     AOI22D1BWP30P140       1  1.7    58    19     276    (-,-) 
  g33980/ZN                               -       A2->ZN R     CKND2D1BWP30P140       1  1.6    24    23     299    (-,-) 
  g33856/Z                                -       A3->Z  R     OR4D1BWP30P140        19 24.1    80    61     360    (-,-) 
  multip0/mul_16_61_g5960/CO              -       B->CO  R     HA1D1BWP30P140         1  2.5    12    21     381    (-,-) 
  multip0/mul_16_61_g5880__9945/CO        -       CI->CO R     FA1D1BWP30P140         1  2.5    14    22     404    (-,-) 
  multip0/mul_16_61_g5772__6260/CO        -       CI->CO R     FA1D1BWP30P140         1  2.5    15    22     426    (-,-) 
  multip0/mul_16_61_g5746__5526/CO        -       CI->CO R     FA1D1BWP30P140         1  2.5    15    23     449    (-,-) 
  multip0/mul_16_61_g5725__8246/CO        -       CI->CO R     FA1D1BWP30P140         1  2.5    15    23     471    (-,-) 
  multip0/mul_16_61_g5703__4733/CO        -       CI->CO R     FA1D1BWP30P140         1  2.5    15    23     494    (-,-) 
  multip0/mul_16_61_g5689__8428/CO        -       CI->CO R     FA1D1BWP30P140         1  2.5    15    23     517    (-,-) 
  multip0/mul_16_61_g5674__4733/CO        -       CI->CO R     FA1D1BWP30P140         1  2.5    15    23     540    (-,-) 
  multip0/mul_16_61_g5661__5526/CO        -       CI->CO R     FA1D1BWP30P140         1  2.5    15    23     562    (-,-) 
  multip0/mul_16_61_g5648__9315/CO        -       CI->CO R     FA1D1BWP30P140         1  2.5    15    23     585    (-,-) 
  multip0/mul_16_61_g5632__5526/CO        -       CI->CO R     FA1D1BWP30P140         1  2.5    15    23     608    (-,-) 
  multip0/mul_16_61_g5615__5115/CO        -       CI->CO R     FA1D1BWP30P140         1  2.5    15    23     630    (-,-) 
  multip0/mul_16_61_g5602__4319/CO        -       CI->CO R     FA1D1BWP30P140         1  2.5    15    23     653    (-,-) 
  multip0/mul_16_61_g5590__6161/CO        -       CI->CO R     FA1D1BWP30P140         1  2.5    15    23     675    (-,-) 
  multip0/mul_16_61_g5578__3680/CO        -       CI->CO R     FA1D1BWP30P140         1  2.5    14    23     698    (-,-) 
  multip0/mul_16_61_g5567__1666/CO        -       CI->CO R     FA1D1BWP30P140         1  2.5    14    23     721    (-,-) 
  multip0/mul_16_61_g5556__7098/CO        -       CI->CO R     FA1D1BWP30P140         1  2.5    14    23     743    (-,-) 
  multip0/mul_16_61_g5547__8428/S         -       CI->S  F     FA1D1BWP30P140         4  5.5    23    44     787    (-,-) 
  multip0/mul_16_61_g5539__1666/ZN        -       A1->ZN R     AOI221D1BWP30P140      1  2.3    43    24     811    (-,-) 
  multip0/mul_16_61_g5535__9315/ZN        -       A1->ZN R     XNR2UD1BWP30P140       1  2.5    46    22     833    (-,-) 
  multip0/mul_16_61_cdnfadd_021_4__1666/S -       CI->S  F     FA1D1BWP30P140         1  3.0    16    43     876    (-,-) 
  multip0/mul_16_61_cdnfadd_021_5__7410/S -       B->S   R     FA1D1BWP30P140         1  1.7    14    46     923    (-,-) 
  multip0/mul_16_61_g5471/ZN              -       I->ZN  F     CKND1BWP30P140         2  2.8    13    12     934    (-,-) 
  multip0/mul_16_61_g5465__7482/ZN        -       A1->ZN R     ND2D1BWP30P140         3  3.8    16    13     948    (-,-) 
  multip0/mul_16_61_g5458__1705/ZN        -       A1->ZN F     CKND2D1BWP30P140       2  2.7    18    15     962    (-,-) 
  multip0/mul_16_61_g5457__2802/ZN        -       B2->ZN R     INR3D0BWP30P140        2  2.8    46    33     995    (-,-) 
  multip0/mul_16_61_g5449__6260/ZN        -       B1->ZN F     AOI221D1BWP30P140      1  1.8    29    24    1020    (-,-) 
  multip0/mul_16_61_g5447__2398/ZN        -       B->ZN  R     OAI21D1BWP30P140       3  4.4    29    22    1041    (-,-) 
  multip0/mul_16_61_g5446__5477/Z         -       A1->Z  R     AN3D1BWP30P140         1  1.8    12    27    1068    (-,-) 
  multip0/mul_16_61_g5444__7410/Z         -       B->Z   R     AO211D1BWP30P140       1  2.5    12    18    1085    (-,-) 
  multip0/mul_16_61_g5441__2883/CO        -       CI->CO R     FA1D1BWP30P140         1  1.8    11    20    1106    (-,-) 
  multip0/mul_16_61_g5440__9945/Z         -       A3->Z  R     XOR3UD1BWP30P140       1  1.7    18    21    1127    (-,-) 
  g36640/ZN                               -       A1->ZN F     ND2D1BWP30P140        17 21.0   115    69    1196    (-,-) 
  g35676/ZN                               -       B->ZN  R     OAI21D1BWP30P140       1  1.8    36    29    1225    (-,-) 
  registers_reg[0][19]/D                  <<<     -      R     DFCNQD1BWP30P140       1    -     -     0    1225    (-,-) 
#-------------------------------------------------------------------------------------------------------------------------


