============================================================
  Generated by:           Genus(TM) Synthesis Solution 21.12-s068_1
  Generated on:           Jan 20 2026  11:57:08 pm
  Module:                 System
  Operating conditions:   ssg0p81v125c 
  Operating conditions:   tt0p9v25c 
  Operating conditions:   ffg0p99vm40c 
  Interconnect mode:      global
  Area mode:              physical library
============================================================


Path 1: MET (407 ps) Late External Delay Assertion at pin p_output_data_write[19]
           View: analysis_view_0p99v_m40c_capbst_fastest
          Group: clk
     Startpoint: (R) control/r_addr_count_write_out_reg[0]/CP
          Clock: (R) clk
       Endpoint: (R) p_output_data_write[19]
          Clock: (R) clk

                     Capture       Launch     
        Clock Edge:+    2000            0     
       Src Latency:+       0            0     
       Net Latency:+       0 (I)        0 (I) 
           Arrival:=    2000            0     
                                              
      Output Delay:-    1000                  
     Required Time:=    1000                  
      Launch Clock:-       0                  
         Data Path:-     593                  
             Slack:=     407                  

Exceptions/Constraints:
  output_delay             1000            tmp_sdc_analysis_vie_1_line_375 

#---------------------------------------------------------------------------------------------------------------------------
#              Timing Point                Flags    Arc   Edge        Cell         Fanout Load Trans Delay Arrival Instance 
#                                                                                         (fF)  (ps)  (ps)   (ps)  Location 
#---------------------------------------------------------------------------------------------------------------------------
  control/r_addr_count_write_out_reg[0]/CP -       -      R     (arrival)               4    -     0     0       0    (-,-) 
  control/r_addr_count_write_out_reg[0]/QN -       CP->QN R     DFKCND1BWP30P140        4  7.3    25    56      56    (-,-) 
  control/g35424__6783/ZN                  -       B1->ZN F     INR2D2BWP30P140         3  4.2    13    11      66    (-,-) 
  control/g35355__6131/ZN                  -       A1->ZN R     ND2D1BWP30P140          4  7.5    30    20      87    (-,-) 
  control/g35249/ZN                        -       I->ZN  F     CKND4BWP30P140         38 42.5    37    29     115    (-,-) 
  control/g35067__5122/ZN                  -       B1->ZN R     AOI22D1BWP30P140        1  1.7    18    23     138    (-,-) 
  control/g34870__9315/ZN                  -       A2->ZN F     ND3D1BWP30P140          1  2.8    30    21     159    (-,-) 
  control/add_1022_65_g481/CO              -       B->CO  F     HA1D1BWP30P140          1  3.0    12    20     179    (-,-) 
  control/add_1022_65_g480/CO              -       CI->CO F     FA1OPTCD1BWP30P140      1  3.0    15    19     198    (-,-) 
  control/add_1022_65_g479/CO              -       CI->CO F     FA1OPTCD1BWP30P140      1  3.0    15    20     218    (-,-) 
  control/add_1022_65_g478/CO              -       CI->CO F     FA1OPTCD1BWP30P140      1  2.4    13    18     236    (-,-) 
  control/add_1022_65_g477/CO              -       CI->CO F     FA1D1BWP30P140          1  3.0    14    25     262    (-,-) 
  control/add_1022_65_g476/CO              -       CI->CO F     FA1OPTCD1BWP30P140      1  3.0    15    20     282    (-,-) 
  control/add_1022_65_g475/CO              -       CI->CO F     FA1OPTCD1BWP30P140      1  3.0    14    20     301    (-,-) 
  control/add_1022_65_g474/CO              -       CI->CO F     FA1OPTCD1BWP30P140      1  2.4    13    18     320    (-,-) 
  control/add_1022_65_g473/CO              -       CI->CO F     FA1D1BWP30P140          1  2.4    13    24     344    (-,-) 
  control/add_1022_65_g472/CO              -       CI->CO F     FA1D1BWP30P140          1  3.0    14    25     369    (-,-) 
  control/add_1022_65_g471/CO              -       CI->CO F     FA1OPTCD1BWP30P140      1  3.0    14    20     389    (-,-) 
  control/add_1022_65_g470/CO              -       CI->CO F     FA1OPTCD1BWP30P140      1  3.0    14    20     408    (-,-) 
  control/add_1022_65_g469/CO              -       CI->CO F     FA1OPTCD2BWP30P140      1  3.0    10    16     424    (-,-) 
  control/add_1022_65_g468/CO              -       CI->CO F     FA1OPTCD2BWP30P140      1  3.0    10    15     439    (-,-) 
  control/add_1022_65_g467/CO              -       CI->CO F     FA1OPTCD1BWP30P140      1  2.4    13    17     456    (-,-) 
  control/add_1022_65_g466/CO              -       CI->CO F     FA1D1BWP30P140          1  2.4    13    24     480    (-,-) 
  control/add_1022_65_g465/CO              -       CI->CO F     FA1D1BWP30P140          1  2.4    13    24     505    (-,-) 
  control/add_1022_65_g464/CO              -       CI->CO F     FA1D1BWP30P140          1  2.4    13    24     529    (-,-) 
  control/add_1022_65_g463/CO              -       CI->CO F     FA1D1BWP30P140          1  1.8    11    23     552    (-,-) 
  control/g35662/Z                         -       A1->Z  R     XOR3D2BWP30P140         1  5.2    13    41     593    (-,-) 
  p_output_data_write[19]                  <<<     -      R     (port)                  -    -     -     0     593    (-,-) 
#---------------------------------------------------------------------------------------------------------------------------


