============================================================
  Generated by:           Genus(TM) Synthesis Solution 21.12-s068_1
  Generated on:           Jul 09 2025  11:16:26 pm
  Module:                 conv
  Operating conditions:   ssg0p81v125c 
  Operating conditions:   tt0p9v25c 
  Operating conditions:   ffg0p99vm40c 
  Interconnect mode:      global
  Area mode:              physical library
============================================================


Path 1: MET (379 ps) Setup Check with Pin registers_reg[11][18]/CP->D
           View: analysis_view_0p99v_m40c_capbst_fastest
          Group: clk
     Startpoint: (F) weights[5][11]
          Clock: (R) clk
       Endpoint: (R) registers_reg[11][18]/D
          Clock: (R) clk

                     Capture       Launch     
        Clock Edge:+    2000            0     
        Drv Adjust:+       0            3     
       Src Latency:+       0            0     
       Net Latency:+       0 (I)        0 (I) 
           Arrival:=    2000            3     
                                              
             Setup:-      25                  
     Required Time:=    1975                  
      Launch Clock:-       3                  
       Input Delay:-    1000                  
         Data Path:-     593                  
             Slack:=     379                  

Exceptions/Constraints:
  input_delay             1000            tmp_sdc_analysis_vie_1_line_816 

#--------------------------------------------------------------------------------------------------------------------------------------
#                   Timing Point                    Flags    Arc   Edge         Cell          Fanout Load Trans Delay Arrival Instance 
#                                                                                                    (fF)  (ps)  (ps)   (ps)  Location 
#--------------------------------------------------------------------------------------------------------------------------------------
  weights[5][11]                                    -       -      F     (arrival)                 1  1.6     7     0    1003    (-,-) 
  g32024/Z                                          -       A1->Z  F     CKAN2D1BWP30P140          1  4.3    18    19    1022    (-,-) 
  g31092/ZN                                         -       A2->ZN R     NR2OPTPAD4BWP30P140       1  6.0    10    11    1033    (-,-) 
  g30898/ZN                                         -       A1->ZN F     ND2OPTIBD12BWP30P140     22 35.1    23    15    1048    (-,-) 
  genblk1[0].multip/mul_16_61_g4793__7098/Z         -       A2->Z  F     XOR2UD1BWP30P140          5  6.4    51    39    1087    (-,-) 
  genblk1[0].multip/mul_16_61_g4698/ZN              -       I->ZN  R     CKND2BWP30P140           13 16.2    36    33    1120    (-,-) 
  genblk1[0].multip/mul_16_61_g4558__6783/ZN        -       A1->ZN F     NR2OPTIBD1BWP30P140       1  3.1    20    16    1136    (-,-) 
  genblk1[0].multip/mul_16_61_cdnfadd_012_0__9315/S -       A->S   R     FA1D1BWP30P140            1  3.1    18    51    1187    (-,-) 
  genblk1[0].multip/mul_16_61_cdnfadd_012_3__2346/S -       B->S   F     FA1D1BWP30P140            1  2.4    14    39    1226    (-,-) 
  genblk1[0].multip/mul_16_61_cdnfadd_012_4__1666/S -       CI->S  R     FA1D1BWP30P140            1  1.7    14    40    1267    (-,-) 
  genblk1[0].multip/mul_16_61_g4324/ZN              -       I->ZN  F     CKND1BWP30P140            2  2.7    13    11    1278    (-,-) 
  genblk1[0].multip/mul_16_61_g4319__5122/Z         -       A1->Z  F     CKAN2D1BWP30P140          2  3.1    12    18    1296    (-,-) 
  genblk1[0].multip/mul_16_61_g4289__5115/ZN        -       A2->ZN R     NR2OPTPAD1BWP30P140       2  2.8    15    14    1310    (-,-) 
  genblk1[0].multip/mul_16_61_g4284__8246/ZN        -       A1->ZN F     ND2OPTIBD1BWP30P140       2  2.6    18    14    1324    (-,-) 
  genblk1[0].multip/mul_16_61_g4280__1617/ZN        -       A1->ZN R     ND2OPTIBD1BWP30P140       1  1.7    14    12    1336    (-,-) 
  genblk1[0].multip/mul_16_61_g4274__6260/ZN        -       A1->ZN F     AOI21D1BWP30P140          1  2.1    18    14    1350    (-,-) 
  genblk1[0].multip/mul_16_61_g4257__9945/ZN        -       A1->ZN R     OAI21D2BWP30P140          2  3.7    15    14    1364    (-,-) 
  genblk1[0].multip/mul_16_61_g4245__1705/ZN        -       A1->ZN F     CKND2D2BWP30P140          2  2.7    12    10    1374    (-,-) 
  genblk1[0].multip/mul_16_61_g4242__3680/ZN        -       A1->ZN R     NR2OPTIBD1BWP30P140       2  2.8    19    15    1390    (-,-) 
  genblk1[0].multip/mul_16_61_g4240__5526/ZN        -       A1->ZN F     NR2OPTIBD1BWP30P140       1  2.0    13    11    1400    (-,-) 
  genblk1[0].multip/mul_16_61_g4235__2398/ZN        -       A1->ZN R     OAI21D1P5BWP30P140        1  2.1    14    11    1411    (-,-) 
  genblk1[0].multip/mul_16_61_g4233__6417/ZN        -       A1->ZN F     AOI21D2BWP30P140          2  2.8    13    11    1422    (-,-) 
  genblk1[0].multip/mul_16_61_g4231__7410/ZN        -       B1->ZN R     INR2D1BWP30P140           2  2.8    19    15    1438    (-,-) 
  genblk1[0].multip/mul_16_61_g4227__9945/ZN        -       A1->ZN F     AOI21D1BWP30P140          1  1.7    16    14    1451    (-,-) 
  genblk1[0].multip/mul_16_61_g4223__7482/ZN        -       A1->ZN R     OAI21D1BWP30P140          1  1.7    16    14    1465    (-,-) 
  genblk1[0].multip/mul_16_61_g4221__1881/Z         -       A1->Z  R     AO21D2BWP30P140           1  3.0     9    18    1483    (-,-) 
  genblk1[0].multip/mul_16_61_g4220__6131/CO        -       CI->CO R     FA1OPTCD1BWP30P140        1  3.0    15    19    1502    (-,-) 
  genblk1[0].multip/mul_16_61_g4219__7098/CO        -       CI->CO R     FA1OPTCD1BWP30P140        2  3.4    16    21    1522    (-,-) 
  genblk1[0].multip/mul_16_61_g4218__8246/ZN        -       A1->ZN R     XNR2UD1BWP30P140          5  5.7    53    29    1552    (-,-) 
  g36841/ZN                                         -       A1->ZN F     CKND2D1BWP30P140          4  5.1    37    29    1581    (-,-) 
  g35742/ZN                                         -       A2->ZN R     ND2D1BWP30P140            1  1.7    15    15    1596    (-,-) 
  registers_reg[11][18]/D                           <<<     -      R     EDFCNQD1BWP30P140         1    -     -     0    1596    (-,-) 
#--------------------------------------------------------------------------------------------------------------------------------------


