============================================================
  Generated by:           Genus(TM) Synthesis Solution 21.12-s068_1
  Generated on:           Jan 25 2026  11:13:03 pm
  Module:                 Conv
  Operating conditions:   ssg0p81v125c 
  Operating conditions:   tt0p9v25c 
  Operating conditions:   ffg0p99vm40c 
  Interconnect mode:      global
  Area mode:              physical library
============================================================


Path 1: MET (382 ps) Setup Check with Pin r_feat_reg[4][17]/CP->D
           View: analysis_view_0p99v_m40c_capbst_fastest
          Group: clk
     Startpoint: (F) p_weight[21][9]
          Clock: (R) clk
       Endpoint: (F) r_feat_reg[4][17]/D
          Clock: (R) clk

                     Capture       Launch     
        Clock Edge:+    2000            0     
        Drv Adjust:+       0           10     
       Src Latency:+       0            0     
       Net Latency:+       0 (I)        0 (I) 
           Arrival:=    2000           10     
                                              
             Setup:-       8                  
     Required Time:=    1992                  
      Launch Clock:-      10                  
       Input Delay:-    1000                  
         Data Path:-     601                  
             Slack:=     382                  

Exceptions/Constraints:
  input_delay             1000            tmp_sdc_analysis_vie_1_line_1185 

#---------------------------------------------------------------------------------------------------------------------------------------
#                   Timing Point                     Flags    Arc   Edge         Cell          Fanout Load Trans Delay Arrival Instance 
#                                                                                                     (fF)  (ps)  (ps)   (ps)  Location 
#---------------------------------------------------------------------------------------------------------------------------------------
  p_weight[21][9]                                    -       -      F     (arrival)                 4  5.4    19     0    1010    (-,-) 
  g60749/ZN                                          -       I->ZN  R     INVD1BWP30P140            1  2.1    12    12    1021    (-,-) 
  g59799/ZN                                          -       B1->ZN F     OAI22D1P5BWP30P140        1  3.3    22    16    1037    (-,-) 
  g58447/ZN                                          -       A1->ZN R     NR2OPTPAD4BWP30P140       1  8.2    14    14    1051    (-,-) 
  g57826/ZN                                          -       A2->ZN F     ND2OPTIBD16BWP30P140     23 39.1    19    15    1066    (-,-) 
  genblk1[0].multip/mul_153_63_g5032__6131/ZN        -       A1->ZN R     XNR2D4BWP30P140          17 21.3    22    39    1105    (-,-) 
  genblk1[0].multip/mul_153_63_g4809__2346/ZN        -       A1->ZN F     ND2D2BWP30P140           16 18.3    57    38    1143    (-,-) 
  genblk1[0].multip/mul_153_63_g4762__8246/ZN        -       A1->ZN R     OAI22D1BWP30P140          2  3.6    34    29    1172    (-,-) 
  genblk1[0].multip/mul_153_63_g4691/ZN              -       I->ZN  F     CKND1BWP30P140            1  3.0    18    15    1187    (-,-) 
  genblk1[0].multip/mul_153_63_cdnfadd_023_2__6131/S -       B->S   R     FA1D1BWP30P140            1  3.1    18    50    1238    (-,-) 
  genblk1[0].multip/mul_153_63_cdnfadd_023_4__5115/S -       B->S   F     FA1D1BWP30P140            1  2.4    14    39    1277    (-,-) 
  genblk1[0].multip/mul_153_63_cdnfadd_023_5__7482/S -       CI->S  R     FA1D1BWP30P140            1  3.1    18    44    1320    (-,-) 
  genblk1[0].multip/mul_153_63_cdnfadd_023_6__4733/S -       B->S   F     FA1D1BWP30P140            1  1.7    12    37    1358    (-,-) 
  genblk1[0].multip/mul_153_63_g4543/ZN              -       I->ZN  R     CKND1BWP30P140            2  2.8    13    12    1370    (-,-) 
  genblk1[0].multip/mul_153_63_g4539__8428/ZN        -       A1->ZN F     ND2OPTIBD1BWP30P140       3  3.8    24    17    1387    (-,-) 
  genblk1[0].multip/mul_153_63_g4522__5115/ZN        -       A1->ZN R     ND2OPTIBD1BWP30P140       1  1.7    14    14    1401    (-,-) 
  genblk1[0].multip/mul_153_63_g4518__8246/ZN        -       A1->ZN F     NR2D1BWP30P140            2  2.8    13    11    1412    (-,-) 
  genblk1[0].multip/mul_153_63_g4515__1705/Z         -       A1->Z  F     AO21D1BWP30P140           1  1.8    10    16    1427    (-,-) 
  genblk1[0].multip/mul_153_63_g4503__6417/ZN        -       C->ZN  R     AOI221D1BWP30P140         2  3.4    40    30    1458    (-,-) 
  genblk1[0].multip/mul_153_63_g4498__9945/ZN        -       A1->ZN F     NR2OPTIBD1BWP30P140       2  2.8    20    15    1473    (-,-) 
  genblk1[0].multip/mul_153_63_g4495__4733/ZN        -       A1->ZN R     NR2OPTIBD1BWP30P140       1  2.3    18    16    1489    (-,-) 
  genblk1[0].multip/mul_153_63_g4490__7098/ZN        -       A1->ZN F     XNR2D1BWP30P140          13 15.0    48    41    1530    (-,-) 
  g50935/ZN                                          -       I->ZN  R     CKND1BWP30P140           13 15.6    62    50    1580    (-,-) 
  g49780/ZN                                          -       B2->ZN F     OAI221D1BWP30P140         1  1.7    40    30    1610    (-,-) 
  r_feat_reg[4][17]/D                                <<<     -      F     DFQD2BWP30P140            1    -     -     0    1610    (-,-) 
#---------------------------------------------------------------------------------------------------------------------------------------


