============================================================
  Generated by:           Genus(TM) Synthesis Solution 22.17-s071_1
  Generated on:           May 07 2025  09:31:11 pm
  Module:                 conv
  Operating conditions:   ssg0p81v125c 
  Operating conditions:   tt0p9v25c 
  Interconnect mode:      global
  Area mode:              physical library
============================================================


Path 1: MET (405 ps) Setup Check with Pin registers_reg[5][19]/CP->D
           View: analysis_view_0p90v_25c_captyp_nominal
          Group: clk
     Startpoint: (R) current_st_reg[3]/CP
          Clock: (R) clk
       Endpoint: (F) registers_reg[5][19]/D
          Clock: (R) clk

                     Capture       Launch     
        Clock Edge:+    2000            0     
       Src Latency:+       0            0     
       Net Latency:+       0 (I)        0 (I) 
           Arrival:=    2000            0     
                                              
             Setup:-      16                  
     Required Time:=    1984                  
      Launch Clock:-       0                  
         Data Path:-    1579                  
             Slack:=     405                  

#--------------------------------------------------------------------------------------------------------------------------------
#                Timing Point                  Flags    Arc   Edge        Cell          Fanout Load Trans Delay Arrival Instance 
#                                                                                              (fF)  (ps)  (ps)   (ps)  Location 
#--------------------------------------------------------------------------------------------------------------------------------
  current_st_reg[3]/CP                         -       -      R     (arrival)               15    -     0     0       0    (-,-) 
  current_st_reg[3]/Q                          -       CP->Q  F     SDFCNQARD1BWP30P140      4  5.0    24    51      51    (-,-) 
  fopt29886/Z                                  -       I->Z   F     BUFFD4BWP30P140          7 11.3    14    21      72    (-,-) 
  g30175/ZN                                    -       A1->ZN R     NR2D4BWP30P140           4  4.8    15    13      85    (-,-) 
  g30164/ZN                                    -       A1->ZN F     ND2OPTIBD2BWP30P140      3  3.9    21    16     101    (-,-) 
  g30152/ZN                                    -       A1->ZN R     NR2OPTIBD2BWP30P140      2  3.0    18    17     117    (-,-) 
  g30147/ZN                                    -       I->ZN  F     CKND2BWP30P140          10 11.6    28    22     139    (-,-) 
  g30138/ZN                                    -       A1->ZN R     ND2D1BWP30P140           5  5.6    29    26     164    (-,-) 
  g375__50081/ZN                               -       A2->ZN F     ND2D1BWP30P140           7 11.1    82    55     220    (-,-) 
  g343__50083/ZN                               -       B1->ZN R     INR2D2BWP30P140         42 42.4   149   111     331    (-,-) 
  g29458/Z                                     -       I->Z   R     CKBD1BWP30P140          20 20.7    84    66     396    (-,-) 
  g49378/ZN                                    -       B1->ZN F     AOI221D1BWP30P140        1  1.4    53    35     431    (-,-) 
  g49322/ZN                                    -       A1->ZN R     ND4D1BWP30P140           1  1.6    23    21     452    (-,-) 
  g49303/Z                                     -       B->Z   R     AO211D1BWP30P140        27 31.0   127    88     541    (-,-) 
  genblk1[5].multip/mul_24_61_g6029/ZN         -       I->ZN  F     CKND1BWP30P140           4  4.3    47    36     576    (-,-) 
  genblk1[5].multip/mul_24_61_g6020/Z          -       A2->Z  F     AN2D1BWP30P140           2  2.5    14    31     608    (-,-) 
  genblk1[5].multip/mul_24_61_g5997/ZN         -       A1->ZN R     NR2OPTIBD1BWP30P140      2  2.5    23    19     626    (-,-) 
  genblk1[5].multip/mul_24_61_g5991/ZN         -       I->ZN  F     CKND1BWP30P140           1  1.4    13    12     638    (-,-) 
  genblk1[5].multip/mul_24_61_g5960/Z          -       A1->Z  F     CKAN2D1BWP30P140        22 22.9    97    68     706    (-,-) 
  genblk1[5].multip/mul_24_61_g5892/ZN         -       A2->ZN R     OAI21D1BWP30P140         1  2.1    37    41     746    (-,-) 
  genblk1[5].multip/mul_24_61_g5822/ZN         -       A1->ZN R     XNR2UD1BWP30P140         1  2.7    55    28     775    (-,-) 
  genblk1[5].multip/mul_24_61_g5775/CO         -       B->CO  R     HA1D1BWP30P140           2  3.2    19    30     805    (-,-) 
  genblk1[5].multip/mul_24_61_g5769/ZN         -       A1->ZN R     INR2D1BWP30P140          1  2.7    31    28     832    (-,-) 
  genblk1[5].multip/mul_24_61_g5726/CO         -       B->CO  R     HA1D1BWP30P140           1  2.8    16    26     859    (-,-) 
  genblk1[5].multip/mul_24_61_cdnfadd_006_0/CO -       B->CO  R     FA1D1BWP30P140           1  2.3    17    31     890    (-,-) 
  genblk1[5].multip/mul_24_61_cdnfadd_007_0/S  -       CI->S  F     FA1D1BWP30P140           1  1.5    16    48     938    (-,-) 
  genblk1[5].multip/mul_24_61_g5663/ZN         -       I->ZN  R     CKND1BWP30P140           2  2.6    16    15     953    (-,-) 
  genblk1[5].multip/mul_24_61_g5656/Z          -       A1->Z  R     CKAN2D1BWP30P140         2  2.7    16    22     975    (-,-) 
  genblk1[5].multip/mul_24_61_g5655/Z          -       B->Z   R     AO21D1BWP30P140          2  2.5    15    22     997    (-,-) 
  genblk1[5].multip/mul_24_61_g5644/ZN         -       A1->ZN R     IAO21D1BWP30P140         1  1.5    20    23    1020    (-,-) 
  genblk1[5].multip/mul_24_61_g5638/ZN         -       B->ZN  F     OAI31D1BWP30P140         1  2.2    34    26    1046    (-,-) 
  genblk1[5].multip/mul_24_61_g5606/CO         -       CI->CO F     FA1D1BWP30P140           1  2.2    16    38    1084    (-,-) 
  genblk1[5].multip/mul_24_61_g5579/CO         -       CI->CO F     FA1D1BWP30P140           1  2.2    16    32    1116    (-,-) 
  genblk1[5].multip/mul_24_61_g5559/CO         -       CI->CO F     FA1D1BWP30P140           1  2.2    16    32    1148    (-,-) 
  genblk1[5].multip/mul_24_61_g5541/CO         -       CI->CO F     FA1D1BWP30P140           1  2.2    16    32    1181    (-,-) 
  genblk1[5].multip/mul_24_61_g5534/CO         -       CI->CO F     FA1D1BWP30P140           1  2.2    16    32    1213    (-,-) 
  genblk1[5].multip/mul_24_61_g5529/CO         -       CI->CO F     FA1D1BWP30P140           1  2.2    16    32    1245    (-,-) 
  genblk1[5].multip/mul_24_61_g5526/CO         -       CI->CO F     FA1D1BWP30P140           1  2.2    16    32    1277    (-,-) 
  genblk1[5].multip/mul_24_61_g5520/CO         -       CI->CO F     FA1D1BWP30P140           2  2.7    17    33    1310    (-,-) 
  genblk1[5].multip/mul_24_61_g5514/ZN         -       A2->ZN R     CKND2D1BWP30P140         2  2.6    24    21    1331    (-,-) 
  genblk1[5].multip/mul_24_61_g5508/ZN         -       A1->ZN R     IND2D1BWP30P140          2  2.6    17    22    1353    (-,-) 
  genblk1[5].multip/mul_24_61_g5499/Z          -       A1->Z  R     OR3D1BWP30P140           2  2.6    15    26    1380    (-,-) 
  genblk1[5].multip/mul_24_61_g5464/ZN         -       A2->ZN F     OAI21D1BWP30P140         3  3.9    40    28    1407    (-,-) 
  genblk1[5].multip/mul_24_61_g5463/Z          -       A1->Z  F     AN3D1BWP30P140           1  1.6    11    27    1434    (-,-) 
  genblk1[5].multip/mul_24_61_g5461/Z          -       B->Z   F     AO211D1BWP30P140         1  2.2    16    34    1468    (-,-) 
  genblk1[5].multip/mul_24_61_g5458/CO         -       CI->CO F     FA1D1BWP30P140           1  1.5    13    30    1498    (-,-) 
  genblk1[5].multip/mul_24_61_g5457/Z          -       A3->Z  F     XOR3UD1BWP30P140         1  1.5    22    25    1522    (-,-) 
  g46849/ZN                                    -       I->ZN  R     CKND1BWP30P140           7  7.6    38    30    1553    (-,-) 
  g45617/ZN                                    -       A2->ZN F     OAI211D1BWP30P140        1  1.5    63    26    1579    (-,-) 
  registers_reg[5][19]/D                       <<<     -      F     DFCNQD1BWP30P140         1    -     -     0    1579    (-,-) 
#--------------------------------------------------------------------------------------------------------------------------------


