============================================================
  Generated by:           Genus(TM) Synthesis Solution 21.12-s068_1
  Generated on:           Feb 03 2026  02:51:27 pm
  Module:                 System
  Operating conditions:   ssg0p81v125c 
  Operating conditions:   tt0p9v25c 
  Operating conditions:   ffg0p99vm40c 
  Interconnect mode:      global
  Area mode:              physical library
============================================================


Path 1: MET (399 ps) Late External Delay Assertion at pin p_output_data_write[19]
           View: analysis_view_0p99v_m40c_capbst_fastest
          Group: clk
     Startpoint: (R) control/r_addr_count_write_out_reg[2]/CP
          Clock: (R) clk
       Endpoint: (F) p_output_data_write[19]
          Clock: (R) clk

                     Capture       Launch     
        Clock Edge:+    2000            0     
       Src Latency:+       0            0     
       Net Latency:+       0 (I)        0 (I) 
           Arrival:=    2000            0     
                                              
      Output Delay:-    1000                  
     Required Time:=    1000                  
      Launch Clock:-       0                  
         Data Path:-     601                  
             Slack:=     399                  

Exceptions/Constraints:
  output_delay             1000            tmp_sdc_analysis_vie_1_line_433 

#----------------------------------------------------------------------------------------------------------------------------
#              Timing Point                Flags    Arc   Edge        Cell          Fanout Load Trans Delay Arrival Instance 
#                                                                                          (fF)  (ps)  (ps)   (ps)  Location 
#----------------------------------------------------------------------------------------------------------------------------
  control/r_addr_count_write_out_reg[2]/CP -       -      R     (arrival)                4    -     0     0       0    (-,-) 
  control/r_addr_count_write_out_reg[2]/Q  -       CP->Q  F     DFKCND1BWP30P140         4  5.7    20    46      46    (-,-) 
  control/g46587__6783/ZN                  -       B1->ZN R     INR2D1BWP30P140          3  6.0    36    27      73    (-,-) 
  control/g46481__6260/ZN                  -       A1->ZN F     ND2D2BWP30P140           5  8.7    33    25      98    (-,-) 
  control/g46291/ZN                        -       I->ZN  R     INVD6BWP30P140          36 43.2    28    25     123    (-,-) 
  control/g46021__8428/ZN                  -       A1->ZN F     AOI22D1BWP30P140         1  1.7    25    14     137    (-,-) 
  control/g45836__2346/ZN                  -       A2->ZN R     CKND2D1BWP30P140         1  1.7    17    17     154    (-,-) 
  control/g45726__5477/ZN                  -       A2->ZN F     NR2OPTIBD1BWP30P140      1  1.7    11    10     164    (-,-) 
  control/g45227__6161/ZN                  -       A1->ZN R     ND3D1BWP30P140           2  2.6    17    11     175    (-,-) 
  control/add_1022_65_g483/Z               -       A1->Z  R     CKAN2D1BWP30P140         2  3.6    14    19     194    (-,-) 
  control/add_1022_65_g480/CO              -       CI->CO R     FA1D1BWP30P140           1  3.0    15    24     218    (-,-) 
  control/add_1022_65_g479/CO              -       CI->CO R     FA1OPTCD1BWP30P140       1  3.0    15    20     238    (-,-) 
  control/add_1022_65_g478/CO              -       CI->CO R     FA1OPTCD1BWP30P140       1  3.0    15    20     258    (-,-) 
  control/add_1022_65_g477/CO              -       CI->CO R     FA1OPTCD1BWP30P140       1  3.0    15    20     278    (-,-) 
  control/add_1022_65_g476/CO              -       CI->CO R     FA1OPTCD1BWP30P140       1  3.0    15    20     298    (-,-) 
  control/add_1022_65_g475/CO              -       CI->CO R     FA1OPTCD1BWP30P140       1  3.0    15    20     318    (-,-) 
  control/add_1022_65_g474/CO              -       CI->CO R     FA1OPTCD1BWP30P140       1  3.0    15    20     338    (-,-) 
  control/add_1022_65_g473/CO              -       CI->CO R     FA1OPTCD1BWP30P140       1  3.0    15    20     358    (-,-) 
  control/add_1022_65_g472/CO              -       CI->CO R     FA1OPTCD1BWP30P140       1  3.0    15    20     378    (-,-) 
  control/add_1022_65_g471/CO              -       CI->CO R     FA1OPTCD1BWP30P140       1  3.0    15    20     398    (-,-) 
  control/add_1022_65_g470/CO              -       CI->CO R     FA1OPTCD1BWP30P140       1  2.5    13    19     417    (-,-) 
  control/add_1022_65_g469/CO              -       CI->CO R     FA1D1BWP30P140           1  3.1    15    24     440    (-,-) 
  control/add_1022_65_g468/CO              -       CI->CO R     FA1OPTCD2BWP30P140       1  3.0    11    16     457    (-,-) 
  control/add_1022_65_g467/CO              -       CI->CO R     FA1OPTCD1BWP30P140       1  3.0    15    19     476    (-,-) 
  control/add_1022_65_g466/CO              -       CI->CO R     FA1OPTCD1BWP30P140       1  2.5    13    19     495    (-,-) 
  control/add_1022_65_g465/CO              -       CI->CO R     FA1D1BWP30P140           1  2.5    13    22     518    (-,-) 
  control/add_1022_65_g464/CO              -       CI->CO R     FA1D1BWP30P140           1  2.5    13    22     540    (-,-) 
  control/add_1022_65_g463/CO              -       CI->CO R     FA1D1BWP30P140           1  1.9    12    21     561    (-,-) 
  control/g46670/Z                         -       A1->Z  F     XOR3D2BWP30P140          1  5.2    12    40     601    (-,-) 
  p_output_data_write[19]                  <<<     -      F     (port)                   -    -     -     0     601    (-,-) 
#----------------------------------------------------------------------------------------------------------------------------


