============================================================
  Generated by:           Genus(TM) Synthesis Solution 21.12-s068_1
  Generated on:           Jan 28 2026  12:29:54 am
  Module:                 System
  Operating conditions:   ssg0p81v125c 
  Operating conditions:   tt0p9v25c 
  Operating conditions:   ffg0p99vm40c 
  Interconnect mode:      global
  Area mode:              physical library
============================================================


Path 1: MET (397 ps) Late External Delay Assertion at pin p_output_data_write[19]
           View: analysis_view_0p99v_m40c_capbst_fastest
          Group: clk
     Startpoint: (R) control/r_addr_count_write_out_reg[0]/CP
          Clock: (R) clk
       Endpoint: (R) p_output_data_write[19]
          Clock: (R) clk

                     Capture       Launch     
        Clock Edge:+    2000            0     
       Src Latency:+       0            0     
       Net Latency:+       0 (I)        0 (I) 
           Arrival:=    2000            0     
                                              
      Output Delay:-    1000                  
     Required Time:=    1000                  
      Launch Clock:-       0                  
         Data Path:-     603                  
             Slack:=     397                  

Exceptions/Constraints:
  output_delay             1000            tmp_sdc_analysis_vie_1_line_375 

#----------------------------------------------------------------------------------------------------------------------------
#              Timing Point                Flags    Arc   Edge        Cell          Fanout Load Trans Delay Arrival Instance 
#                                                                                          (fF)  (ps)  (ps)   (ps)  Location 
#----------------------------------------------------------------------------------------------------------------------------
  control/r_addr_count_write_out_reg[0]/CP -       -      R     (arrival)                4    -     0     0       0    (-,-) 
  control/r_addr_count_write_out_reg[0]/Q  -       CP->Q  F     DFKCNQD2BWP30P140        5  6.7    13    41      41    (-,-) 
  control/g44909__5107/Z                   -       A1->Z  F     CKAN2D1BWP30P140         5  8.1    28    27      69    (-,-) 
  control/g44841__5526/ZN                  -       A1->ZN R     ND2D2BWP30P140           6  8.6    19    18      87    (-,-) 
  control/g44658/ZN                        -       I->ZN  F     INVD3BWP30P140          35 39.4    43    31     117    (-,-) 
  control/g44413__1617/ZN                  -       A1->ZN R     AOI22D1BWP30P140         1  1.8    23    22     139    (-,-) 
  control/g44194__9945/ZN                  -       A2->ZN F     ND2D1BWP30P140           1  1.7    15    13     152    (-,-) 
  control/g44118__6260/ZN                  -       A1->ZN R     NR2OPTIBD1BWP30P140      1  1.7    14    12     164    (-,-) 
  control/g43612__1881/ZN                  -       A1->ZN F     ND3D1BWP30P140           2  2.6    27    19     184    (-,-) 
  control/add_1022_65_g483/Z               -       A1->Z  F     AN2D2BWP30P140           2  3.5     8    17     201    (-,-) 
  control/add_1022_65_g480/CO              -       CI->CO F     FA1D1BWP30P140           1  3.0    14    24     225    (-,-) 
  control/add_1022_65_g479/CO              -       CI->CO F     FA1OPTCD2BWP30P140       1  3.0    10    16     241    (-,-) 
  control/add_1022_65_g478/CO              -       CI->CO F     FA1OPTCD2BWP30P140       1  3.0    10    15     256    (-,-) 
  control/add_1022_65_g477/CO              -       CI->CO F     FA1OPTCD1BWP30P140       1  3.0    14    18     274    (-,-) 
  control/add_1022_65_g476/CO              -       CI->CO F     FA1OPTCD1BWP30P140       1  3.0    14    20     294    (-,-) 
  control/add_1022_65_g475/CO              -       CI->CO F     FA1OPTCD1BWP30P140       1  3.0    14    20     313    (-,-) 
  control/add_1022_65_g474/CO              -       CI->CO F     FA1OPTCD1BWP30P140       1  3.0    14    20     333    (-,-) 
  control/add_1022_65_g473/CO              -       CI->CO F     FA1OPTCD1BWP30P140       1  3.0    14    20     352    (-,-) 
  control/add_1022_65_g472/CO              -       CI->CO F     FA1OPTCD1BWP30P140       1  3.0    14    20     372    (-,-) 
  control/add_1022_65_g471/CO              -       CI->CO F     FA1OPTCD1BWP30P140       1  3.0    14    20     391    (-,-) 
  control/add_1022_65_g470/CO              -       CI->CO F     FA1OPTCD1BWP30P140       1  2.4    12    18     410    (-,-) 
  control/add_1022_65_g469/CO              -       CI->CO F     FA1D1BWP30P140           1  3.0    14    25     435    (-,-) 
  control/add_1022_65_g468/CO              -       CI->CO F     FA1OPTCD2BWP30P140       1  3.0    10    16     451    (-,-) 
  control/add_1022_65_g467/CO              -       CI->CO F     FA1OPTCD1BWP30P140       1  3.0    14    18     469    (-,-) 
  control/add_1022_65_g466/CO              -       CI->CO F     FA1OPTCD1BWP30P140       1  2.4    12    18     488    (-,-) 
  control/add_1022_65_g465/CO              -       CI->CO F     FA1D1BWP30P140           1  2.4    12    24     512    (-,-) 
  control/add_1022_65_g464/CO              -       CI->CO F     FA1D1BWP30P140           1  2.4    12    24     536    (-,-) 
  control/add_1022_65_g463/CO              -       CI->CO F     FA1D1BWP30P140           1  1.8    11    23     559    (-,-) 
  control/g45032/Z                         -       A1->Z  R     XOR3D1BWP30P140          1  5.2    20    44     603    (-,-) 
  p_output_data_write[19]                  <<<     -      R     (port)                   -    -     -     0     603    (-,-) 
#----------------------------------------------------------------------------------------------------------------------------


