============================================================
  Generated by:           Genus(TM) Synthesis Solution 21.12-s068_1
  Generated on:           Oct 07 2026  01:04:51 am
  Module:                 Conv
  Library domain:         timing_cond_0p81v_125c
    Domain index:         0
    Technology library:   tcbn28hpcplusbwp30p140ssg0p81v125c 110
  Operating conditions:   ssg0p81v125c 
  Interconnect mode:      global
  Area mode:              physical library
============================================================

                                                                                Library 
        Gate         Instances    Area                   Library                 Domain 
----------------------------------------------------------------------------------------
AN2D1BWP30P140             638    321.552    tcbn28hpcplusbwp30p140ssg0p81v125c       0 
AN2D4BWP30P140               1      1.134    tcbn28hpcplusbwp30p140ssg0p81v125c       0 
AN3D1BWP30P140              26     16.380    tcbn28hpcplusbwp30p140ssg0p81v125c       0 
AN4D1BWP30P140               2      1.512    tcbn28hpcplusbwp30p140ssg0p81v125c       0 
AO211D1BWP30P140             4      3.024    tcbn28hpcplusbwp30p140ssg0p81v125c       0 
AO21D1BWP30P140             21     13.230    tcbn28hpcplusbwp30p140ssg0p81v125c       0 
AO22D0BWP30P140            491    371.196    tcbn28hpcplusbwp30p140ssg0p81v125c       0 
AOI211D1BWP30P140            2      1.260    tcbn28hpcplusbwp30p140ssg0p81v125c       0 
AOI21D1BWP30P140            48     24.192    tcbn28hpcplusbwp30p140ssg0p81v125c       0 
AOI221D1BWP30P140          496    374.976    tcbn28hpcplusbwp30p140ssg0p81v125c       0 
AOI222D1BWP30P140           70     70.560    tcbn28hpcplusbwp30p140ssg0p81v125c       0 
AOI22D1BWP30P140          1479    931.770    tcbn28hpcplusbwp30p140ssg0p81v125c       0 
AOI31D1BWP30P140             2      1.260    tcbn28hpcplusbwp30p140ssg0p81v125c       0 
BUFFD3BWP30P140              1      0.630    tcbn28hpcplusbwp30p140ssg0p81v125c       0 
BUFFD4BWP30P140              1      0.882    tcbn28hpcplusbwp30p140ssg0p81v125c       0 
CKAN2D1BWP30P140           583    293.832    tcbn28hpcplusbwp30p140ssg0p81v125c       0 
CKLNQD1BWP30P140            49     92.610    tcbn28hpcplusbwp30p140ssg0p81v125c       0 
CKMUX2D0BWP30P140          332    292.824    tcbn28hpcplusbwp30p140ssg0p81v125c       0 
CKND1BWP30P140            1758    443.016    tcbn28hpcplusbwp30p140ssg0p81v125c       0 
CKND2D1BWP30P140           316    119.448    tcbn28hpcplusbwp30p140ssg0p81v125c       0 
CKND4BWP30P140               1      0.630    tcbn28hpcplusbwp30p140ssg0p81v125c       0 
DFCND1BWP30P140             19     47.880    tcbn28hpcplusbwp30p140ssg0p81v125c       0 
DFCNQD1BWP30P140          1980   4490.640    tcbn28hpcplusbwp30p140ssg0p81v125c       0 
DFSNQD2BWP30P140             1      2.268    tcbn28hpcplusbwp30p140ssg0p81v125c       0 
EDFCND1BWP30P140             3      9.072    tcbn28hpcplusbwp30p140ssg0p81v125c       0 
EDFCNQD1BWP30P140           12     34.776    tcbn28hpcplusbwp30p140ssg0p81v125c       0 
FA1D1BWP30P140            4609   9872.478    tcbn28hpcplusbwp30p140ssg0p81v125c       0 
HA1D1BWP30P140             251    411.138    tcbn28hpcplusbwp30p140ssg0p81v125c       0 
IAO21D1BWP30P140             3      1.890    tcbn28hpcplusbwp30p140ssg0p81v125c       0 
IAO21D2BWP30P140             1      0.882    tcbn28hpcplusbwp30p140ssg0p81v125c       0 
IND2D1BWP30P140            155     78.120    tcbn28hpcplusbwp30p140ssg0p81v125c       0 
IND2D2BWP30P140              3      2.268    tcbn28hpcplusbwp30p140ssg0p81v125c       0 
IND3D1BWP30P140              5      3.150    tcbn28hpcplusbwp30p140ssg0p81v125c       0 
IND4D1BWP30P140              4      3.024    tcbn28hpcplusbwp30p140ssg0p81v125c       0 
INR2D1BWP30P140            221    111.384    tcbn28hpcplusbwp30p140ssg0p81v125c       0 
INR2D2BWP30P140              7      5.292    tcbn28hpcplusbwp30p140ssg0p81v125c       0 
INR3D0BWP30P140              6      3.780    tcbn28hpcplusbwp30p140ssg0p81v125c       0 
INR3D2BWP30P140              1      1.008    tcbn28hpcplusbwp30p140ssg0p81v125c       0 
INR4D0BWP30P140              3      2.268    tcbn28hpcplusbwp30p140ssg0p81v125c       0 
INVD0P7BWP30P140             2      0.504    tcbn28hpcplusbwp30p140ssg0p81v125c       0 
INVD1BWP30P140              12      3.024    tcbn28hpcplusbwp30p140ssg0p81v125c       0 
INVD2BWP30P140               1      0.378    tcbn28hpcplusbwp30p140ssg0p81v125c       0 
INVD3BWP30P140               2      1.008    tcbn28hpcplusbwp30p140ssg0p81v125c       0 
INVD8BWP30P140               1      1.134    tcbn28hpcplusbwp30p140ssg0p81v125c       0 
IOA21D1BWP30P140           119     74.970    tcbn28hpcplusbwp30p140ssg0p81v125c       0 
IOA22D2BWP30P140             1      1.260    tcbn28hpcplusbwp30p140ssg0p81v125c       0 
MAOI222D1BWP30P140          90     68.040    tcbn28hpcplusbwp30p140ssg0p81v125c       0 
MAOI22D1BWP30P140            5      3.780    tcbn28hpcplusbwp30p140ssg0p81v125c       0 
MOAI22D1BWP30P140            1      0.756    tcbn28hpcplusbwp30p140ssg0p81v125c       0 
MUX2D0BWP30P140              2      1.764    tcbn28hpcplusbwp30p140ssg0p81v125c       0 
MUX2NUD1BWP30P140            6      4.536    tcbn28hpcplusbwp30p140ssg0p81v125c       0 
ND2D1BWP30P140             442    167.076    tcbn28hpcplusbwp30p140ssg0p81v125c       0 
ND2OPTIBD1BWP30P140         14      5.292    tcbn28hpcplusbwp30p140ssg0p81v125c       0 
ND3D1BWP30P140              62     31.248    tcbn28hpcplusbwp30p140ssg0p81v125c       0 
ND4D1BWP30P140             225    141.750    tcbn28hpcplusbwp30p140ssg0p81v125c       0 
NR2D1BWP30P140              68     25.704    tcbn28hpcplusbwp30p140ssg0p81v125c       0 
NR2D2BWP30P140               3      1.890    tcbn28hpcplusbwp30p140ssg0p81v125c       0 
NR2D3BWP30P140               7      6.174    tcbn28hpcplusbwp30p140ssg0p81v125c       0 
NR2OPTIBD1BWP30P140         68     25.704    tcbn28hpcplusbwp30p140ssg0p81v125c       0 
NR2OPTPAD1BWP30P140          1      0.504    tcbn28hpcplusbwp30p140ssg0p81v125c       0 
NR3D0BWP30P140               6      3.024    tcbn28hpcplusbwp30p140ssg0p81v125c       0 
NR3D0P7BWP30P140            48     24.192    tcbn28hpcplusbwp30p140ssg0p81v125c       0 
NR3OPTPAD2BWP30P140          1      1.638    tcbn28hpcplusbwp30p140ssg0p81v125c       0 
NR4D0BWP30P140               1      0.630    tcbn28hpcplusbwp30p140ssg0p81v125c       0 
OA21D1BWP30P140              7      4.410    tcbn28hpcplusbwp30p140ssg0p81v125c       0 
OA22D1BWP30P140              1      0.882    tcbn28hpcplusbwp30p140ssg0p81v125c       0 
OAI211D1BWP30P140          147     92.610    tcbn28hpcplusbwp30p140ssg0p81v125c       0 
OAI21D1BWP30P140           219    110.376    tcbn28hpcplusbwp30p140ssg0p81v125c       0 
OAI221D1BWP30P140            1      0.882    tcbn28hpcplusbwp30p140ssg0p81v125c       0 
OAI222D1BWP30P140          146    147.168    tcbn28hpcplusbwp30p140ssg0p81v125c       0 
OAI22D1BWP30P140             2      1.260    tcbn28hpcplusbwp30p140ssg0p81v125c       0 
OAI31D1BWP30P140             4      2.520    tcbn28hpcplusbwp30p140ssg0p81v125c       0 
OAI33D1BWP30P140             8      7.056    tcbn28hpcplusbwp30p140ssg0p81v125c       0 
OR2D0BWP30P140              11      5.544    tcbn28hpcplusbwp30p140ssg0p81v125c       0 
OR2D1BWP30P140              56     28.224    tcbn28hpcplusbwp30p140ssg0p81v125c       0 
OR2D2BWP30P140               1      0.630    tcbn28hpcplusbwp30p140ssg0p81v125c       0 
OR3D1BWP30P140               7      4.410    tcbn28hpcplusbwp30p140ssg0p81v125c       0 
OR4D1BWP30P140               2      1.512    tcbn28hpcplusbwp30p140ssg0p81v125c       0 
SDFCNQARD1BWP30P140         27     78.246    tcbn28hpcplusbwp30p140ssg0p81v125c       0 
SDFCNQD0BWP30P140            1      2.898    tcbn28hpcplusbwp30p140ssg0p81v125c       0 
SDFSNQD2BWP30P140            2      5.796    tcbn28hpcplusbwp30p140ssg0p81v125c       0 
XNR2UD1BWP30P140           624    550.368    tcbn28hpcplusbwp30p140ssg0p81v125c       0 
XNR3UD1BWP30P140           122    215.208    tcbn28hpcplusbwp30p140ssg0p81v125c       0 
XNR4D1BWP30P140              8     21.168    tcbn28hpcplusbwp30p140ssg0p81v125c       0 
XOR2UD1BWP30P140           362    319.284    tcbn28hpcplusbwp30p140ssg0p81v125c       0 
XOR3UD1BWP30P140            81    142.884    tcbn28hpcplusbwp30p140ssg0p81v125c       0 
XOR4D0BWP30P140              9     23.814    tcbn28hpcplusbwp30p140ssg0p81v125c       0 
XOR4D1BWP30P140             27     71.442    tcbn28hpcplusbwp30p140ssg0p81v125c       0 
----------------------------------------------------------------------------------------
total                    16668  20891.808                                       


                                                        
            Type             Instances    Area   Area % 
--------------------------------------------------------
sequential                        2045  4671.576   22.4 
inverter                          1777   449.694    2.2 
buffer                               2     1.512    0.0 
clock_gating_integrated_cell        49    92.610    0.4 
logic                            12795 15676.416   75.0 
physical_cells                       0     0.000    0.0 
--------------------------------------------------------
total                            16668 20891.808  100.0 

