============================================================
  Generated by:           Genus(TM) Synthesis Solution 21.12-s068_1
  Generated on:           Sep 02 2026  12:24:33 am
  Module:                 Conv
  Operating conditions:   ssg0p81v125c 
  Interconnect mode:      global
  Area mode:              physical library
============================================================


Path 1: MET (1 ps) Setup Check with Pin r_output_write_reg[3][18]/CP->D
           View: analysis_view_0p81v_125c_capwst_slowest
          Group: clk
     Startpoint: (R) r_input_weight_reg[1][5]/CP
          Clock: (R) clk
       Endpoint: (R) r_output_write_reg[3][18]/D
          Clock: (R) clk

                     Capture       Launch     
        Clock Edge:+    2000            0     
       Src Latency:+       0            0     
       Net Latency:+       0 (I)        0 (I) 
           Arrival:=    2000            0     
                                              
             Setup:-      31                  
     Required Time:=    1969                  
      Launch Clock:-       0                  
         Data Path:-    1968                  
             Slack:=       1                  

#----------------------------------------------------------------------------------------------------------------------------------------------
#                        Timing Point                         Flags    Arc   Edge        Cell         Fanout Load Trans Delay Arrival Instance 
#                                                                                                            (fF)  (ps)  (ps)   (ps)  Location 
#----------------------------------------------------------------------------------------------------------------------------------------------
  r_input_weight_reg[1][5]/CP                                 -       -      R     (arrival)              80    -     0     0       0    (-,-) 
  r_input_weight_reg[1][5]/Q                                  -       CP->Q  F     DFCNQD1BWP30P140       24 31.9   172   150     150    (-,-) 
  multip1/mul_14_62_g7599/ZN                                  -       A1->ZN F     XNR2UD1BWP30P140       20 18.6   206   142     291    (-,-) 
  multip1/mul_14_62_g7504/ZN                                  -       I->ZN  R     INVD1BWP30P140          3  2.9    63    56     348    (-,-) 
  multip1/mul_14_62_g7388/Z                                   -       A1->Z  R     OR2D0BWP30P140         19 16.9   174   117     465    (-,-) 
  multip1/mul_14_62_g7218/ZN                                  -       A1->ZN F     OAI22D1BWP30P140        1  2.7    83    51     516    (-,-) 
  multip1/mul_14_62_g7108/S                                   -       A->S   R     FA1D1BWP30P140          1  2.1    28   105     621    (-,-) 
  multip1/mul_14_62_g7092/S                                   -       CI->S  F     FA1D1BWP30P140          1  1.3    22    66     686    (-,-) 
  multip1/mul_14_62_g7075/ZN                                  -       I->ZN  R     CKND1BWP30P140          1  1.9    18    18     704    (-,-) 
  multip1/mul_14_62_g7055/ZN                                  -       A->ZN  F     MAOI222D1BWP30P140      1  2.1    47    34     738    (-,-) 
  multip1/mul_14_62_g7039__6131/CO                            -       CI->CO F     FA1D1BWP30P140          1  2.1    22    52     790    (-,-) 
  multip1/mul_14_62_g7031__6783/CO                            -       CI->CO F     FA1D1BWP30P140          1  2.1    21    44     833    (-,-) 
  multip1/mul_14_62_g7023__6417/CO                            -       CI->CO F     FA1D1BWP30P140          1  2.1    21    43     877    (-,-) 
  multip1/mul_14_62_g7019__2883/CO                            -       CI->CO F     FA1D1BWP30P140          1  2.1    21    43     920    (-,-) 
  multip1/mul_14_62_g7018__9945/CO                            -       CI->CO F     FA1D1BWP30P140          1  2.1    21    43     963    (-,-) 
  multip1/mul_14_62_g7017__9315/CO                            -       CI->CO F     FA1D1BWP30P140          1  2.1    21    43    1007    (-,-) 
  multip1/mul_14_62_g7016__6161/CO                            -       CI->CO F     FA1D1BWP30P140          1  2.1    21    43    1050    (-,-) 
  multip1/mul_14_62_g7015__4733/CO                            -       CI->CO F     FA1D1BWP30P140          1  2.1    21    43    1093    (-,-) 
  multip1/mul_14_62_g7014__7482/CO                            -       CI->CO F     FA1D1BWP30P140          1  2.1    21    43    1136    (-,-) 
  multip1/mul_14_62_g7013__5115/CO                            -       CI->CO F     FA1D1BWP30P140          1  2.1    21    43    1180    (-,-) 
  multip1/mul_14_62_g7012__1881/CO                            -       CI->CO F     FA1D1BWP30P140          1  2.1    21    43    1223    (-,-) 
  multip1/mul_14_62_g7011__6131/CO                            -       CI->CO F     FA1D1BWP30P140          1  2.1    21    43    1266    (-,-) 
  multip1/mul_14_62_g7010__7098/CO                            -       CI->CO F     FA1D1BWP30P140          1  2.1    21    43    1310    (-,-) 
  multip1/mul_14_62_g7009__8246/CO                            -       CI->CO F     FA1D1BWP30P140          1  2.1    21    43    1353    (-,-) 
  multip1/mul_14_62_g7008__5122/CO                            -       CI->CO F     FA1D1BWP30P140          1  2.1    21    43    1396    (-,-) 
  multip1/mul_14_62_g7007__1705/CO                            -       CI->CO F     FA1D1BWP30P140          1  2.1    21    43    1440    (-,-) 
  multip1/mul_14_62_g7006__2802/CO                            -       CI->CO F     FA1D1BWP30P140          1  2.1    21    43    1483    (-,-) 
  multip1/mul_14_62_g7005__1617/CO                            -       CI->CO F     FA1D1BWP30P140          1  2.1    21    43    1526    (-,-) 
  multip1/mul_14_62_g7004__3680/S                             -       CI->S  R     FA1D1BWP30P140          2  4.3    38    82    1609    (-,-) 
  inverse_row_current/csa_tree_SUB_TC_OP_groupi_g2222__2883/S -       A->S   F     FA1D1BWP30P140          1  2.6    28    76    1685    (-,-) 
  inverse_row_current/csa_tree_SUB_TC_OP_groupi_g2195__2346/S -       B->S   R     FA1D1BWP30P140          4  5.3    43    99    1784    (-,-) 
  inverse_row_acc/sub_78_109_g1306/ZN                         -       I->ZN  F     CKND1BWP30P140          1  2.6    26    22    1806    (-,-) 
  inverse_row_acc/sub_78_109_g1273__6161/S                    -       B->S   R     FA1D1BWP30P140          1  1.3    23    83    1890    (-,-) 
  inverse_row_acc/g3940__2398/ZN                              -       A1->ZN F     AOI222D1BWP30P140       1  1.3    83    22    1911    (-,-) 
  inverse_row_acc/g3900__5115/ZN                              -       B->ZN  R     IOA21D1BWP30P140        1  1.3    28    26    1938    (-,-) 
  g22111/ZN                                                   -       A1->ZN R     INR2D1BWP30P140         1  1.3    56    30    1968    (-,-) 
  r_output_write_reg[3][18]/D                                 <<<     -      R     DFCNQD1BWP30P140        1    -     -     0    1968    (-,-) 
#----------------------------------------------------------------------------------------------------------------------------------------------


