============================================================
  Generated by:           Genus(TM) Synthesis Solution 21.12-s068_1
  Generated on:           Sep 02 2026  12:24:45 am
  Module:                 Conv
  Operating conditions:   ssg0p81v125c 
  Operating conditions:   tt0p9v25c 
  Operating conditions:   ffg0p99vm40c 
  Interconnect mode:      global
  Area mode:              physical library
============================================================


Path 1: MET (412 ps) Late External Delay Assertion at pin p_output_data_write[19]
           View: analysis_view_0p99v_m40c_capbst_fastest
          Group: clk
     Startpoint: (R) r_output_write_count_reg[1]/CP
          Clock: (R) clk
       Endpoint: (R) p_output_data_write[19]
          Clock: (R) clk

                     Capture       Launch     
        Clock Edge:+    2000            0     
       Src Latency:+       0            0     
       Net Latency:+       0 (I)        0 (I) 
           Arrival:=    2000            0     
                                              
      Output Delay:-    1000                  
     Required Time:=    1000                  
      Launch Clock:-       0                  
         Data Path:-     588                  
             Slack:=     412                  

Exceptions/Constraints:
  output_delay             1000            tmp_sdc_analysis_vie_1_line_253 

#-----------------------------------------------------------------------------------------------------------------
#         Timing Point           Flags    Arc   Edge        Cell         Fanout Load Trans Delay Arrival Instance 
#                                                                               (fF)  (ps)  (ps)   (ps)  Location 
#-----------------------------------------------------------------------------------------------------------------
  r_output_write_count_reg[1]/CP -       -      R     (arrival)              60    -     0     0       0    (-,-) 
  r_output_write_count_reg[1]/QN -       CP->QN F     EDFCND1BWP30P140        3  5.7    20    48      48    (-,-) 
  g21184/ZN                      -       B1->ZN R     INR2D2BWP30P140        38 46.2   117    74     122    (-,-) 
  g21055/ZN                      -       B1->ZN F     AOI22D1BWP30P140        1  1.7    39    25     147    (-,-) 
  g20946/ZN                      -       A1->ZN R     ND2D1BWP30P140          1  2.9    18    18     164    (-,-) 
  add_946_69_g1258/CO            -       B->CO  R     HA1D1BWP30P140          1  2.5    11    18     183    (-,-) 
  add_946_69_g1257/CO            -       CI->CO R     FA1D1BWP30P140          1  2.5    13    22     204    (-,-) 
  add_946_69_g1256/CO            -       CI->CO R     FA1D1BWP30P140          1  2.5    13    22     227    (-,-) 
  add_946_69_g1255/CO            -       CI->CO R     FA1D1BWP30P140          1  2.5    13    22     249    (-,-) 
  add_946_69_g1254/CO            -       CI->CO R     FA1D1BWP30P140          1  2.5    13    22     271    (-,-) 
  add_946_69_g1253/CO            -       CI->CO R     FA1D1BWP30P140          1  2.5    13    22     294    (-,-) 
  add_946_69_g1252/CO            -       CI->CO R     FA1D2BWP30P140          1  3.0    10    22     315    (-,-) 
  add_946_69_g1251/CO            -       CI->CO R     FA1OPTCD1BWP30P140      3  4.5    19    22     337    (-,-) 
  add_946_69_g1249/Z             -       A1->Z  R     AO21D1BWP30P140         1  2.5    11    18     355    (-,-) 
  add_946_69_g1246/CO            -       CI->CO R     FA1D1BWP30P140          1  2.5    13    22     377    (-,-) 
  add_946_69_g1245/CO            -       CI->CO R     FA1D1BWP30P140          1  2.5    13    22     400    (-,-) 
  add_946_69_g1244/CO            -       CI->CO R     FA1D1BWP30P140          1  2.5    13    22     422    (-,-) 
  add_946_69_g1243/CO            -       CI->CO R     FA1D1BWP30P140          1  2.5    13    22     444    (-,-) 
  add_946_69_g1242/CO            -       CI->CO R     FA1D1BWP30P140          1  2.5    13    22     467    (-,-) 
  add_946_69_g1241/CO            -       CI->CO R     FA1D1BWP30P140          1  2.5    13    22     489    (-,-) 
  add_946_69_g1240/CO            -       CI->CO R     FA1D1BWP30P140          1  2.5    13    22     512    (-,-) 
  add_946_69_g1239/CO            -       CI->CO R     FA1D1BWP30P140          1  2.5    13    22     534    (-,-) 
  add_946_69_g1238/CO            -       CI->CO R     FA1D1BWP30P140          1  1.8    11    21     555    (-,-) 
  add_946_69_g1237/Z             -       A3->Z  R     XOR3UD1BWP30P140        1  5.2    39    33     588    (-,-) 
  p_output_data_write[19]        <<<     -      R     (port)                  -    -     -     0     588    (-,-) 
#-----------------------------------------------------------------------------------------------------------------


