============================================================
  Generated by:           Genus(TM) Synthesis Solution 21.12-s068_1
  Generated on:           Jan 19 2026  01:35:02 am
  Module:                 System
  Operating conditions:   ssg0p81v125c 
  Interconnect mode:      global
  Area mode:              physical library
============================================================


Path 1: MET (0 ps) Setup Check with Pin conv/r_feat_reg[22][19]/CP->D
           View: analysis_view_0p81v_125c_capwst_slowest
          Group: clk
     Startpoint: (R) conv/r_idx_in_reg[2]/CP
          Clock: (R) clk
       Endpoint: (F) conv/r_feat_reg[22][19]/D
          Clock: (R) clk

                     Capture       Launch     
        Clock Edge:+    2000            0     
       Src Latency:+       0            0     
       Net Latency:+       0 (I)        0 (I) 
           Arrival:=    2000            0     
                                              
             Setup:-      16                  
     Required Time:=    1984                  
      Launch Clock:-       0                  
         Data Path:-    1983                  
             Slack:=       0                  

#--------------------------------------------------------------------------------------------------------------------------------------
#                   Timing Point                     Flags    Arc   Edge        Cell          Fanout Load Trans Delay Arrival Instance 
#                                                                                                    (fF)  (ps)  (ps)   (ps)  Location 
#--------------------------------------------------------------------------------------------------------------------------------------
  conv/r_idx_in_reg[2]/CP                            -       -      R     (arrival)                3    -     0     0       0    (-,-) 
  conv/r_idx_in_reg[2]/Q                             -       CP->Q  F     DFQD2BWP30P140           3  3.5    14    64      64    (-,-) 
  conv/mux_mult/g117/ZN                              -       I->ZN  R     CKND2BWP30P140           3  5.9    20    17      82    (-,-) 
  conv/mux_mult/g111/ZN                              -       A2->ZN F     NR3OPTPAD2BWP30P140      5  5.9    27    20     102    (-,-) 
  conv/mux_mult/g109/ZN                              -       I->ZN  R     INVD3BWP30P140           4  6.9    18    19     121    (-,-) 
  conv/mux_mult/g120/ZN                              -       B->ZN  F     IOA21D2BWP30P140        16 16.2    82    52     173    (-,-) 
  conv/g60673/ZN                                     -       I->ZN  R     CKND4BWP30P140           9 10.0    32    32     204    (-,-) 
  conv/g60667/ZN                                     -       A2->ZN F     NR2D2BWP30P140           9 10.8    35    30     234    (-,-) 
  conv/g60531/Z                                      -       A2->Z  F     AN2D2BWP30P140          41 36.3    95    74     308    (-,-) 
  conv/g59091/Z                                      -       A1->Z  F     AO22D0BWP30P140          1  1.3    22    57     365    (-,-) 
  conv/g58445/ZN                                     -       A1->ZN R     NR2OPTIBD1BWP30P140      1  1.3    22    20     385    (-,-) 
  conv/g58286/ZN                                     -       A4->ZN F     ND4D1BWP30P140           1  1.2    47    37     421    (-,-) 
  conv/g58209/Z                                      -       A4->Z  F     OR4D2BWP30P140          27 26.8    75    85     507    (-,-) 
  conv/genblk1[1].multip/mul_153_63_g5921/ZN         -       A1->ZN F     XNR2UD1BWP30P140         2  2.0    41    43     550    (-,-) 
  conv/genblk1[1].multip/mul_153_63_g5906/ZN         -       B1->ZN R     INR2D1BWP30P140         22 19.6   188   122     673    (-,-) 
  conv/genblk1[1].multip/mul_153_63_g5850/ZN         -       A2->ZN F     OAI21D1BWP30P140         1  1.8    66    43     716    (-,-) 
  conv/genblk1[1].multip/mul_153_63_g5801/ZN         -       A1->ZN R     XNR2UD1BWP30P140         1  2.5    53    38     754    (-,-) 
  conv/genblk1[1].multip/mul_153_63_g5700/S          -       B->S   F     HA1D1BWP30P140           1  2.7    23    44     798    (-,-) 
  conv/genblk1[1].multip/mul_153_63_cdnfadd_006_0/CO -       A->CO  F     FA1D1BWP30P140           1  2.1    22    52     850    (-,-) 
  conv/genblk1[1].multip/mul_153_63_cdnfadd_007_0/S  -       CI->S  F     FA1D1BWP30P140           2  2.1    26    66     915    (-,-) 
  conv/genblk1[1].multip/mul_153_63_g5570/Z          -       A1->Z  F     OR2D1BWP30P140           2  2.1    17    29     944    (-,-) 
  conv/genblk1[1].multip/mul_153_63_g5569/ZN         -       B->ZN  R     OAI21D1BWP30P140         2  2.3    34    20     964    (-,-) 
  conv/genblk1[1].multip/mul_153_63_g5560/Z          -       B->Z   R     AO211D1BWP30P140         1  1.3    15    29     994    (-,-) 
  conv/genblk1[1].multip/mul_153_63_g5553/ZN         -       A1->ZN F     OAI221D1BWP30P140        1  2.1    62    38    1032    (-,-) 
  conv/genblk1[1].multip/mul_153_63_g5521/CO         -       CI->CO F     FA1D1BWP30P140           1  2.1    22    57    1089    (-,-) 
  conv/genblk1[1].multip/mul_153_63_g5494/CO         -       CI->CO F     FA1D1BWP30P140           1  2.1    22    44    1132    (-,-) 
  conv/genblk1[1].multip/mul_153_63_g5474/CO         -       CI->CO F     FA1D1BWP30P140           1  2.1    22    44    1176    (-,-) 
  conv/genblk1[1].multip/mul_153_63_g5457/CO         -       CI->CO F     FA1D1BWP30P140           1  2.1    22    44    1219    (-,-) 
  conv/genblk1[1].multip/mul_153_63_g5455/CO         -       CI->CO F     FA1D1BWP30P140           1  2.1    22    44    1263    (-,-) 
  conv/genblk1[1].multip/mul_153_63_g5454/CO         -       CI->CO F     FA1D1BWP30P140           1  2.1    21    44    1306    (-,-) 
  conv/genblk1[1].multip/mul_153_63_g5453/CO         -       CI->CO F     FA1D1BWP30P140           1  2.1    21    43    1350    (-,-) 
  conv/genblk1[1].multip/mul_153_63_g5450/CO         -       CI->CO F     FA1D1BWP30P140           1  2.1    21    43    1393    (-,-) 
  conv/genblk1[1].multip/mul_153_63_g5448/CO         -       CI->CO F     FA1D1BWP30P140           1  2.1    21    43    1436    (-,-) 
  conv/genblk1[1].multip/mul_153_63_g5447/CO         -       CI->CO F     FA1D1BWP30P140           1  2.1    21    43    1480    (-,-) 
  conv/genblk1[1].multip/mul_153_63_g5443/CO         -       CI->CO F     FA1D1BWP30P140           1  2.1    21    43    1523    (-,-) 
  conv/genblk1[1].multip/mul_153_63_g5442/CO         -       CI->CO F     FA1D1BWP30P140           2  2.1    21    43    1566    (-,-) 
  conv/genblk1[1].multip/mul_153_63_g5441/ZN         -       A1->ZN R     ND2D1BWP30P140           2  2.2    18    18    1584    (-,-) 
  conv/genblk1[1].multip/mul_153_63_g5438/ZN         -       A2->ZN F     OAI221D1BWP30P140        1  2.1    60    40    1624    (-,-) 
  conv/genblk1[1].multip/mul_153_63_g5436/CO         -       CI->CO F     FA1D1BWP30P140           1  2.1    22    56    1680    (-,-) 
  conv/genblk1[1].multip/mul_153_63_g5435/CO         -       CI->CO F     FA1D1BWP30P140           1  2.1    21    44    1724    (-,-) 
  conv/genblk1[1].multip/mul_153_63_g5434/CO         -       CI->CO F     FA1D1BWP30P140           1  2.1    21    43    1767    (-,-) 
  conv/genblk1[1].multip/mul_153_63_g5433/CO         -       CI->CO F     FA1D1BWP30P140           1  2.1    22    43    1810    (-,-) 
  conv/genblk1[1].multip/mul_153_63_g5432/CO         -       CI->CO F     FA1D1BWP30P140           1  1.3    18    40    1850    (-,-) 
  conv/genblk1[1].multip/mul_153_63_g2/Z             -       A3->Z  F     XOR3UD1BWP30P140         3  3.1    43    41    1891    (-,-) 
  conv/g53478/ZN                                     -       I->ZN  R     CKND1BWP30P140           8  8.0    56    47    1938    (-,-) 
  conv/g51841/ZN                                     -       B2->ZN F     OAI221D1BWP30P140        1  1.3    58    45    1983    (-,-) 
  conv/r_feat_reg[22][19]/D                          <<<     -      F     DFQD2BWP30P140           1    -     -     0    1983    (-,-) 
#--------------------------------------------------------------------------------------------------------------------------------------


