============================================================
  Generated by:           Genus(TM) Synthesis Solution 21.12-s068_1
  Generated on:           Feb 03 2026  03:39:36 am
  Module:                 System
  Operating conditions:   ssg0p81v125c 
  Operating conditions:   tt0p9v25c 
  Interconnect mode:      global
  Area mode:              physical library
============================================================


Path 1: MET (211 ps) Late External Delay Assertion at pin p_output_data_write[0][18]
           View: analysis_view_0p90v_25c_captyp_nominal
          Group: clk
     Startpoint: (R) control/r_addr_count_write_out_reg[0]/CP
          Clock: (R) clk
       Endpoint: (F) p_output_data_write[0][18]
          Clock: (R) clk

                     Capture       Launch     
        Clock Edge:+    2000            0     
       Src Latency:+       0            0     
       Net Latency:+       0 (I)        0 (I) 
           Arrival:=    2000            0     
                                              
      Output Delay:-    1000                  
     Required Time:=    1000                  
      Launch Clock:-       0                  
         Data Path:-     789                  
             Slack:=     211                  

Exceptions/Constraints:
  output_delay             1000            tmp_sdc_analysis_vie_line_1090 

#---------------------------------------------------------------------------------------------------------------------------------
#              Timing Point                Flags    Arc   Edge          Cell            Fanout  Load Trans Delay Arrival Instance 
#                                                                                               (fF)  (ps)  (ps)   (ps)  Location 
#---------------------------------------------------------------------------------------------------------------------------------
  control/r_addr_count_write_out_reg[0]/CP -       -      R     (arrival)                    4     -     0     0       0    (-,-) 
  control/r_addr_count_write_out_reg[0]/Q  -       CP->Q  R     DFD4BWP30P140               17  27.8    30    53      53    (-,-) 
  control/g122704/ZN                       -       A2->ZN F     ND2OPTIBD8BWP30P140         28  35.1    39    29      82    (-,-) 
  control/g122538/ZN                       -       I->ZN  R     INVD12BWP30P140            137 139.5    50    42     124    (-,-) 
  control/g122249/ZN                       -       A1->ZN F     ND2D2BWP30P140               3   9.4    47    38     162    (-,-) 
  control/g121869/ZN                       -       A1->ZN R     NR2OPTPAD6BWP30P140         40  40.5    45    40     201    (-,-) 
  control/g120015__7482/Z                  -       B1->Z  R     AO22D0BWP30P140              1   1.5    19    36     237    (-,-) 
  control/g119823__2883/ZN                 -       A3->ZN F     NR3D0P7BWP30P140             1   1.5    16    15     252    (-,-) 
  control/g119721__1617/ZN                 -       A1->ZN R     ND2D1BWP30P140               1   2.7    18    14     267    (-,-) 
  control/add_1044_62_I1_g1262/CO          -       B->CO  R     HA1D1BWP30P140               1   2.3    13    23     290    (-,-) 
  control/add_1044_62_I1_g1261/CO          -       CI->CO R     FA1D1BWP30P140               1   2.8    18    30     320    (-,-) 
  control/add_1044_62_I1_g1260/CO          -       CI->CO R     FA1OPTCD1BWP30P140           1   2.8    18    26     346    (-,-) 
  control/add_1044_62_I1_g1259/CO          -       CI->CO R     FA1OPTCD1BWP30P140           1   2.8    18    26     372    (-,-) 
  control/add_1044_62_I1_g1258/CO          -       CI->CO R     FA1OPTCD2BWP30P140           2   3.2    14    22     395    (-,-) 
  control/add_1044_62_I1_g1256/ZN          -       A1->ZN F     AOI21D1BWP30P140             2   3.1    30    22     417    (-,-) 
  control/add_1044_62_I1_g2/Z              -       A1->Z  F     OA21D1BWP30P140              2   3.5    18    29     446    (-,-) 
  control/add_1044_62_I1_g1251/ZN          -       A1->ZN R     OAI21OPTREPBD1BWP30P140      3   4.2    34    28     474    (-,-) 
  control/add_1044_62_I1_g1249/Z           -       A1->Z  R     AO21D1BWP30P140              1   2.8    16    26     500    (-,-) 
  control/add_1044_62_I1_g1246/CO          -       CI->CO R     FA1OPTCD1BWP30P140           1   2.3    17    25     525    (-,-) 
  control/add_1044_62_I1_g1245/CO          -       CI->CO R     FA1D1BWP30P140               1   2.8    18    31     556    (-,-) 
  control/add_1044_62_I1_g1244/CO          -       CI->CO R     FA1OPTCD1BWP30P140           1   2.8    18    26     582    (-,-) 
  control/add_1044_62_I1_g1243/CO          -       CI->CO R     FA1OPTCD1BWP30P140           1   2.8    18    26     608    (-,-) 
  control/add_1044_62_I1_g1242/CO          -       CI->CO R     FA1OPTCD2BWP30P140           1   2.8    14    22     630    (-,-) 
  control/add_1044_62_I1_g1241/CO          -       CI->CO R     FA1OPTCD1BWP30P140           1   2.3    17    24     654    (-,-) 
  control/add_1044_62_I1_g1240/CO          -       CI->CO R     FA1D1BWP30P140               1   2.3    16    30     684    (-,-) 
  control/add_1044_62_I1_g1239/CO          -       CI->CO R     FA1D1BWP30P140               1   2.3    16    29     713    (-,-) 
  control/add_1044_62_I1_g1238/S           -       CI->S  F     FA1D1BWP30P140               1   1.4    16    48     761    (-,-) 
  control/g122771/Z                        -       A1->Z  F     CKAN2D1BWP30P140             1   5.0    25    28     789    (-,-) 
  p_output_data_write[0][18]               <<<     -      F     (port)                       -     -     -     0     789    (-,-) 
#---------------------------------------------------------------------------------------------------------------------------------


