============================================================
  Generated by:           Genus(TM) Synthesis Solution 22.17-s071_1
  Generated on:           May 07 2025  11:35:27 pm
  Module:                 conv
  Operating conditions:   ssg0p81v125c 
  Interconnect mode:      global
  Area mode:              physical library
============================================================


Path 1: MET (292 ps) Setup Check with Pin registers_reg[8][18]/CP->D
           View: analysis_view_0p81v_125c_capwst_slowest
          Group: clk
     Startpoint: (R) registers_reg[8][1]/CP
          Clock: (R) clk
       Endpoint: (R) registers_reg[8][18]/D
          Clock: (R) clk

                     Capture       Launch     
        Clock Edge:+    2000            0     
       Src Latency:+       0            0     
       Net Latency:+       0 (I)        0 (I) 
           Arrival:=    2000            0     
                                              
             Setup:-      26                  
     Required Time:=    1974                  
      Launch Clock:-       0                  
         Data Path:-    1682                  
             Slack:=     292                  

#-----------------------------------------------------------------------------------------------------------------------------
#                Timing Point                 Flags    Arc   Edge       Cell         Fanout Load Trans Delay Arrival Instance 
#                                                                                           (fF)  (ps)  (ps)   (ps)  Location 
#-----------------------------------------------------------------------------------------------------------------------------
  registers_reg[8][1]/CP                      -       -      R     (arrival)            500    -     0     0       0    (-,-) 
  registers_reg[8][1]/Q                       -       CP->Q  F     DFCNQD1BWP30P140      30 38.4   207   168     168    (-,-) 
  genblk1[8].multip/mul_16_61_g5522/CO        -       B->CO  F     FA1D1BWP30P140         1  2.1    29   103     271    (-,-) 
  genblk1[8].multip/mul_16_61_g5486/CO        -       CI->CO F     FA1D1BWP30P140         1  2.1    29    46     317    (-,-) 
  genblk1[8].multip/mul_16_61_g5465/CO        -       CI->CO F     FA1D1BWP30P140         1  2.1    29    46     363    (-,-) 
  genblk1[8].multip/mul_16_61_g5444/CO        -       CI->CO F     FA1D1BWP30P140         1  2.1    29    46     409    (-,-) 
  genblk1[8].multip/mul_16_61_g5424/CO        -       CI->CO F     FA1D1BWP30P140         1  2.1    29    46     455    (-,-) 
  genblk1[8].multip/mul_16_61_g5409/CO        -       CI->CO F     FA1D1BWP30P140         1  2.1    29    46     501    (-,-) 
  genblk1[8].multip/mul_16_61_g5393/CO        -       CI->CO F     FA1D1BWP30P140         1  2.1    29    46     547    (-,-) 
  genblk1[8].multip/mul_16_61_g5380/CO        -       CI->CO F     FA1D1BWP30P140         1  2.1    28    46     593    (-,-) 
  genblk1[8].multip/mul_16_61_g5367/CO        -       CI->CO F     FA1D1BWP30P140         1  2.1    28    46     639    (-,-) 
  genblk1[8].multip/mul_16_61_g5352/CO        -       CI->CO F     FA1D1BWP30P140         1  2.1    28    46     685    (-,-) 
  genblk1[8].multip/mul_16_61_g5338/CO        -       CI->CO F     FA1D1BWP30P140         1  2.1    28    46     730    (-,-) 
  genblk1[8].multip/mul_16_61_g5325/CO        -       CI->CO F     FA1D1BWP30P140         1  2.1    28    46     776    (-,-) 
  genblk1[8].multip/mul_16_61_g5312/CO        -       CI->CO F     FA1D1BWP30P140         1  2.1    27    46     822    (-,-) 
  genblk1[8].multip/mul_16_61_g5301/CO        -       CI->CO F     FA1D1BWP30P140         1  2.1    27    46     867    (-,-) 
  genblk1[8].multip/mul_16_61_g5290/CO        -       CI->CO F     FA1D1BWP30P140         1  2.1    27    45     913    (-,-) 
  genblk1[8].multip/mul_16_61_g5279/CO        -       CI->CO F     FA1D1BWP30P140         1  2.1    26    45     958    (-,-) 
  genblk1[8].multip/mul_16_61_g5270/CO        -       CI->CO F     FA1D1BWP30P140         1  2.1    26    45    1003    (-,-) 
  genblk1[8].multip/mul_16_61_g5260/S         -       CI->S  R     FA1D1BWP30P140         3  3.0    34    80    1083    (-,-) 
  genblk1[8].multip/mul_16_61_g5252/ZN        -       A1->ZN F     AOI222D1BWP30P140      1  1.2    80    24    1106    (-,-) 
  genblk1[8].multip/mul_16_61_g5249/ZN        -       A1->ZN R     CKND2D1BWP30P140       1  1.9    37    39    1146    (-,-) 
  genblk1[8].multip/mul_16_61_g5243/Z         -       A1->Z  R     XOR2UD1BWP30P140       1  2.1    40    29    1174    (-,-) 
  genblk1[8].multip/mul_16_61_cdnfadd_019_4/S -       CI->S  F     FA1D1BWP30P140         1  2.6    28    73    1248    (-,-) 
  genblk1[8].multip/mul_16_61_g5228/CO        -       B->CO  F     FA1D1BWP30P140         1  2.1    21    53    1300    (-,-) 
  genblk1[8].multip/mul_16_61_g5227/CO        -       CI->CO F     FA1D1BWP30P140         1  2.1    21    43    1343    (-,-) 
  genblk1[8].multip/mul_16_61_g5226/CO        -       CI->CO F     FA1D1BWP30P140         1  2.1    21    43    1387    (-,-) 
  genblk1[8].multip/mul_16_61_g5225/CO        -       CI->CO F     FA1D1BWP30P140         1  2.1    21    43    1430    (-,-) 
  genblk1[8].multip/mul_16_61_g5224/CO        -       CI->CO F     FA1D1BWP30P140         1  2.1    21    43    1473    (-,-) 
  genblk1[8].multip/mul_16_61_g5223/CO        -       CI->CO F     FA1D1BWP30P140         1  2.1    21    43    1517    (-,-) 
  genblk1[8].multip/mul_16_61_g5222/CO        -       CI->CO F     FA1D1BWP30P140         1  2.1    22    43    1560    (-,-) 
  genblk1[8].multip/mul_16_61_g5221/S         -       CI->S  R     FA1D1BWP30P140         1  1.4    24    72    1631    (-,-) 
  g19846/ZN                                   -       B1->ZN F     AOI22D1BWP30P140       1  1.3    81    25    1656    (-,-) 
  g19341/ZN                                   -       B->ZN  R     IOA21D1BWP30P140       1  1.3    28    26    1682    (-,-) 
  registers_reg[8][18]/D                      <<<     -      R     DFCNQD1BWP30P140       1    -     -     0    1682    (-,-) 
#-----------------------------------------------------------------------------------------------------------------------------


