============================================================
  Generated by:           Genus(TM) Synthesis Solution 22.17-s071_1
  Generated on:           May 04 2025  11:17:59 pm
  Module:                 conv
  Operating conditions:   ssg0p81v125c 
  Operating conditions:   tt0p9v25c 
  Interconnect mode:      global
  Area mode:              physical library
============================================================


Path 1: MET (710 ps) Setup Check with Pin registers_reg[8][18]/CP->D
           View: analysis_view_0p90v_25c_captyp_nominal
          Group: clk
     Startpoint: (R) registers_reg[8][1]/CP
          Clock: (R) clk
       Endpoint: (R) registers_reg[8][18]/D
          Clock: (R) clk

                     Capture       Launch     
        Clock Edge:+    2000            0     
       Src Latency:+       0            0     
       Net Latency:+       0 (I)        0 (I) 
           Arrival:=    2000            0     
                                              
             Setup:-      18                  
     Required Time:=    1982                  
      Launch Clock:-       0                  
         Data Path:-    1272                  
             Slack:=     710                  

#-----------------------------------------------------------------------------------------------------------------------------
#                Timing Point                 Flags    Arc   Edge       Cell         Fanout Load Trans Delay Arrival Instance 
#                                                                                           (fF)  (ps)  (ps)   (ps)  Location 
#-----------------------------------------------------------------------------------------------------------------------------
  registers_reg[8][1]/CP                      -       -      R     (arrival)            500    -     0     0       0    (-,-) 
  registers_reg[8][1]/Q                       -       CP->Q  F     DFCNQD1BWP30P140      30 42.6   177   140     140    (-,-) 
  genblk1[8].multip/mul_16_61_g5522/CO        -       B->CO  F     FA1D1BWP30P140         1  2.2    22    80     220    (-,-) 
  genblk1[8].multip/mul_16_61_g5486/CO        -       CI->CO F     FA1D1BWP30P140         1  2.2    22    34     254    (-,-) 
  genblk1[8].multip/mul_16_61_g5465/CO        -       CI->CO F     FA1D1BWP30P140         1  2.2    21    34     288    (-,-) 
  genblk1[8].multip/mul_16_61_g5444/CO        -       CI->CO F     FA1D1BWP30P140         1  2.2    22    34     322    (-,-) 
  genblk1[8].multip/mul_16_61_g5424/CO        -       CI->CO F     FA1D1BWP30P140         1  2.2    22    34     356    (-,-) 
  genblk1[8].multip/mul_16_61_g5409/CO        -       CI->CO F     FA1D1BWP30P140         1  2.2    22    34     390    (-,-) 
  genblk1[8].multip/mul_16_61_g5393/CO        -       CI->CO F     FA1D1BWP30P140         1  2.2    22    34     424    (-,-) 
  genblk1[8].multip/mul_16_61_g5380/CO        -       CI->CO F     FA1D1BWP30P140         1  2.2    21    34     458    (-,-) 
  genblk1[8].multip/mul_16_61_g5367/CO        -       CI->CO F     FA1D1BWP30P140         1  2.2    21    34     492    (-,-) 
  genblk1[8].multip/mul_16_61_g5352/CO        -       CI->CO F     FA1D1BWP30P140         1  2.2    21    34     526    (-,-) 
  genblk1[8].multip/mul_16_61_g5338/CO        -       CI->CO F     FA1D1BWP30P140         1  2.2    21    34     560    (-,-) 
  genblk1[8].multip/mul_16_61_g5325/CO        -       CI->CO F     FA1D1BWP30P140         1  2.2    21    34     594    (-,-) 
  genblk1[8].multip/mul_16_61_g5312/CO        -       CI->CO F     FA1D1BWP30P140         1  2.2    20    34     628    (-,-) 
  genblk1[8].multip/mul_16_61_g5301/CO        -       CI->CO F     FA1D1BWP30P140         1  2.2    20    34     661    (-,-) 
  genblk1[8].multip/mul_16_61_g5290/CO        -       CI->CO F     FA1D1BWP30P140         1  2.2    20    34     695    (-,-) 
  genblk1[8].multip/mul_16_61_g5279/CO        -       CI->CO F     FA1D1BWP30P140         1  2.2    20    34     728    (-,-) 
  genblk1[8].multip/mul_16_61_g5270/CO        -       CI->CO F     FA1D1BWP30P140         1  2.2    19    34     762    (-,-) 
  genblk1[8].multip/mul_16_61_g5260/S         -       CI->S  R     FA1D1BWP30P140         3  3.6    27    60     822    (-,-) 
  genblk1[8].multip/mul_16_61_g5252/ZN        -       A1->ZN F     AOI222D1BWP30P140      1  1.4    60    19     841    (-,-) 
  genblk1[8].multip/mul_16_61_g5249/ZN        -       A1->ZN R     CKND2D1BWP30P140       1  2.1    28    30     871    (-,-) 
  genblk1[8].multip/mul_16_61_g5243/Z         -       A1->Z  R     XOR2UD1BWP30P140       1  2.3    30    23     893    (-,-) 
  genblk1[8].multip/mul_16_61_cdnfadd_019_4/S -       CI->S  F     FA1D1BWP30P140         1  2.8    20    55     948    (-,-) 
  genblk1[8].multip/mul_16_61_g5228/CO        -       B->CO  F     FA1D1BWP30P140         1  2.2    16    38     987    (-,-) 
  genblk1[8].multip/mul_16_61_g5227/CO        -       CI->CO F     FA1D1BWP30P140         1  2.2    16    32    1019    (-,-) 
  genblk1[8].multip/mul_16_61_g5226/CO        -       CI->CO F     FA1D1BWP30P140         1  2.2    16    32    1051    (-,-) 
  genblk1[8].multip/mul_16_61_g5225/CO        -       CI->CO F     FA1D1BWP30P140         1  2.2    16    32    1083    (-,-) 
  genblk1[8].multip/mul_16_61_g5224/CO        -       CI->CO F     FA1D1BWP30P140         1  2.2    16    32    1115    (-,-) 
  genblk1[8].multip/mul_16_61_g5223/CO        -       CI->CO F     FA1D1BWP30P140         1  2.2    16    32    1147    (-,-) 
  genblk1[8].multip/mul_16_61_g5222/CO        -       CI->CO F     FA1D1BWP30P140         1  2.2    16    32    1179    (-,-) 
  genblk1[8].multip/mul_16_61_g5221/S         -       CI->S  R     FA1D1BWP30P140         1  1.6    18    53    1232    (-,-) 
  g19846/ZN                                   -       B1->ZN F     AOI22D1BWP30P140       1  1.5    65    20    1251    (-,-) 
  g19341/ZN                                   -       B->ZN  R     IOA21D1BWP30P140       1  1.5    22    21    1272    (-,-) 
  registers_reg[8][18]/D                      <<<     -      R     DFCNQD1BWP30P140       1    -     -     0    1272    (-,-) 
#-----------------------------------------------------------------------------------------------------------------------------


