============================================================
  Generated by:           Genus(TM) Synthesis Solution 22.17-s071_1
  Generated on:           May 04 2025  11:17:48 pm
  Module:                 conv
  Library domain:         timing_cond_0p81v_125c
    Domain index:         0
    Technology library:   tcbn28hpcplusbwp30p140ssg0p81v125c 110
  Operating conditions:   ssg0p81v125c 
  Interconnect mode:      global
  Area mode:              physical library
============================================================

                                                                                Library 
        Gate         Instances    Area                   Library                 Domain 
----------------------------------------------------------------------------------------
AN2D1BWP30P140              25     12.600    tcbn28hpcplusbwp30p140ssg0p81v125c       0 
AN3D1BWP30P140             125     78.750    tcbn28hpcplusbwp30p140ssg0p81v125c       0 
AO21D1BWP30P140             10      6.300    tcbn28hpcplusbwp30p140ssg0p81v125c       0 
AO22D0BWP30P140           2325   1757.700    tcbn28hpcplusbwp30p140ssg0p81v125c       0 
AOI221D1BWP30P140         2300   1738.800    tcbn28hpcplusbwp30p140ssg0p81v125c       0 
AOI222D1BWP30P140          225    226.800    tcbn28hpcplusbwp30p140ssg0p81v125c       0 
AOI22D1BWP30P140           825    519.750    tcbn28hpcplusbwp30p140ssg0p81v125c       0 
AOI32D1BWP30P140            25     18.900    tcbn28hpcplusbwp30p140ssg0p81v125c       0 
CKAN2D1BWP30P140           200    100.800    tcbn28hpcplusbwp30p140ssg0p81v125c       0 
CKLNQD1BWP30P140             1      1.890    tcbn28hpcplusbwp30p140ssg0p81v125c       0 
CKMUX2D0BWP30P140          250    220.500    tcbn28hpcplusbwp30p140ssg0p81v125c       0 
CKND1BWP30P140            1338    337.176    tcbn28hpcplusbwp30p140ssg0p81v125c       0 
CKND2D1BWP30P140           207     78.246    tcbn28hpcplusbwp30p140ssg0p81v125c       0 
CKND6BWP30P140               1      0.882    tcbn28hpcplusbwp30p140ssg0p81v125c       0 
DFCND1BWP30P140              1      2.520    tcbn28hpcplusbwp30p140ssg0p81v125c       0 
DFCNQD1BWP30P140           503   1140.804    tcbn28hpcplusbwp30p140ssg0p81v125c       0 
FA1D0BWP30P140            1077   2306.934    tcbn28hpcplusbwp30p140ssg0p81v125c       0 
FA1D1BWP30P140            4869  10429.398    tcbn28hpcplusbwp30p140ssg0p81v125c       0 
HA1D0BWP30P140              56     91.728    tcbn28hpcplusbwp30p140ssg0p81v125c       0 
HA1D1BWP30P140             545    892.710    tcbn28hpcplusbwp30p140ssg0p81v125c       0 
IND2D0BWP30P140              2      1.008    tcbn28hpcplusbwp30p140ssg0p81v125c       0 
IND2D1BWP30P140              6      3.024    tcbn28hpcplusbwp30p140ssg0p81v125c       0 
INR2D0BWP30P140            250    126.000    tcbn28hpcplusbwp30p140ssg0p81v125c       0 
INR2D1BWP30P140            127     64.008    tcbn28hpcplusbwp30p140ssg0p81v125c       0 
INR3D0BWP30P140              1      0.630    tcbn28hpcplusbwp30p140ssg0p81v125c       0 
INVD0P7BWP30P140            52     13.104    tcbn28hpcplusbwp30p140ssg0p81v125c       0 
INVD6BWP30P140               1      0.882    tcbn28hpcplusbwp30p140ssg0p81v125c       0 
INVD8BWP30P140               2      2.268    tcbn28hpcplusbwp30p140ssg0p81v125c       0 
IOA21D1BWP30P140           525    330.750    tcbn28hpcplusbwp30p140ssg0p81v125c       0 
LHQD1BWP30P140              91    114.660    tcbn28hpcplusbwp30p140ssg0p81v125c       0 
LNQD1BWP30P140              89    112.140    tcbn28hpcplusbwp30p140ssg0p81v125c       0 
MAOI222D1BWP30P140          25     18.900    tcbn28hpcplusbwp30p140ssg0p81v125c       0 
ND2D1BWP30P140              77     29.106    tcbn28hpcplusbwp30p140ssg0p81v125c       0 
ND3D1BWP30P140             150     75.600    tcbn28hpcplusbwp30p140ssg0p81v125c       0 
NR2OPTIBD1BWP30P140         26      9.828    tcbn28hpcplusbwp30p140ssg0p81v125c       0 
NR3D0BWP30P140             125     63.000    tcbn28hpcplusbwp30p140ssg0p81v125c       0 
NR3D0P7BWP30P140            25     12.600    tcbn28hpcplusbwp30p140ssg0p81v125c       0 
NR4D0BWP30P140              25     15.750    tcbn28hpcplusbwp30p140ssg0p81v125c       0 
OAI211D1BWP30P140           25     15.750    tcbn28hpcplusbwp30p140ssg0p81v125c       0 
OAI21D0BWP30P140             5      2.520    tcbn28hpcplusbwp30p140ssg0p81v125c       0 
OAI21D1BWP30P140           226    113.904    tcbn28hpcplusbwp30p140ssg0p81v125c       0 
OAI221D1BWP30P140           25     22.050    tcbn28hpcplusbwp30p140ssg0p81v125c       0 
OAI22D1BWP30P140            25     15.750    tcbn28hpcplusbwp30p140ssg0p81v125c       0 
OAI31D1BWP30P140             1      0.630    tcbn28hpcplusbwp30p140ssg0p81v125c       0 
OAI33D1BWP30P140            25     22.050    tcbn28hpcplusbwp30p140ssg0p81v125c       0 
OR2D1BWP30P140              51     25.704    tcbn28hpcplusbwp30p140ssg0p81v125c       0 
OR3D1BWP30P140               1      0.630    tcbn28hpcplusbwp30p140ssg0p81v125c       0 
XNR2UD0BWP30P140           225    198.450    tcbn28hpcplusbwp30p140ssg0p81v125c       0 
XNR2UD1BWP30P140          2725   2403.450    tcbn28hpcplusbwp30p140ssg0p81v125c       0 
XNR3UD0BWP30P140             8     14.112    tcbn28hpcplusbwp30p140ssg0p81v125c       0 
XNR3UD1BWP30P140            50     88.200    tcbn28hpcplusbwp30p140ssg0p81v125c       0 
XNR4D1BWP30P140             75    198.450    tcbn28hpcplusbwp30p140ssg0p81v125c       0 
XOR2UD0BWP30P140            50     44.100    tcbn28hpcplusbwp30p140ssg0p81v125c       0 
XOR2UD1BWP30P140           231    203.742    tcbn28hpcplusbwp30p140ssg0p81v125c       0 
XOR3UD0BWP30P140            56     98.784    tcbn28hpcplusbwp30p140ssg0p81v125c       0 
XOR3UD1BWP30P140           105    185.220    tcbn28hpcplusbwp30p140ssg0p81v125c       0 
XOR4D0BWP30P140             25     66.150    tcbn28hpcplusbwp30p140ssg0p81v125c       0 
----------------------------------------------------------------------------------------
total                    20441  24676.092                                       


                                                        
            Type             Instances    Area   Area % 
--------------------------------------------------------
sequential                         684  1370.124    5.6 
inverter                          1394   354.312    1.4 
clock_gating_integrated_cell         1     1.890    0.0 
logic                            18362 22949.766   93.0 
physical_cells                       0     0.000    0.0 
--------------------------------------------------------
total                            20441 24676.092  100.0 

