============================================================
  Generated by:           Genus(TM) Synthesis Solution 22.17-s071_1
  Generated on:           May 04 2025  11:17:48 pm
  Module:                 conv
  Library domain:         timing_cond_0p81v_125c
    Domain index:         0
    Technology library:   tcbn28hpcplusbwp30p140ssg0p81v125c 110
  Operating conditions:   ssg0p81v125c 
  Interconnect mode:      global
  Area mode:              physical library
============================================================

      Instance          Module     Cell Count  Cell Area  Net Area   Total Area 
--------------------------------------------------------------------------------
conv                                    20441  24676.092 11155.460    35831.552 
  genblk1[0].multip  Multip               563    598.374   237.840      836.214 
  genblk1[1].multip  Multip_430           563    598.374   237.840      836.214 
  genblk1[2].multip  Multip_429           563    598.374   237.840      836.214 
  genblk1[3].multip  Multip_428           563    598.374   237.840      836.214 
  genblk1[4].multip  Multip_427           563    598.374   237.840      836.214 
  genblk1[5].multip  Multip_426           563    598.374   237.840      836.214 
  genblk1[6].multip  Multip_425           563    598.374   237.840      836.214 
  genblk1[7].multip  Multip_424           563    598.374   237.840      836.214 
  genblk1[8].multip  Multip_423           563    598.374   237.840      836.214 
  genblk1[9].multip  Multip_422           563    598.374   237.840      836.214 
  genblk1[10].multip Multip_421           563    598.374   237.840      836.214 
  genblk1[11].multip Multip_420           563    598.374   237.840      836.214 
  genblk1[12].multip Multip_419           563    598.374   237.840      836.214 
  genblk1[13].multip Multip_418           563    598.374   237.840      836.214 
  genblk1[14].multip Multip_417           563    598.374   237.840      836.214 
  genblk1[15].multip Multip_416           563    598.374   237.840      836.214 
  genblk1[16].multip Multip_415           563    598.374   237.840      836.214 
  genblk1[17].multip Multip_414           563    598.374   237.840      836.214 
  genblk1[18].multip Multip_413           563    598.374   237.840      836.214 
  genblk1[19].multip Multip_412           563    598.374   237.840      836.214 
  genblk1[20].multip Multip_411           563    598.374   237.840      836.214 
  genblk1[21].multip Multip_410           563    598.374   237.840      836.214 
  genblk1[22].multip Multip_409           563    598.374   237.840      836.214 
  genblk1[23].multip Multip_408           563    598.374   237.840      836.214 
  genblk1[24].multip Multip_407           563    598.374   237.840      836.214 
  matrix_a0          MatrixA0             531    999.810   201.277     1201.087 
    csa_p0           CSA_4_366             59    124.236    23.964      148.200 
      layer1         FA_380                20     42.462     0.000       42.462 
      layer2         FA_31_402             20     41.958     0.000       41.958 
    csa_p1           CSA_4_365             59    124.236    23.964      148.200 
      layer1         FA_379                20     42.462     0.000       42.462 
      layer2         FA_31_403             20     41.958     0.000       41.958 
    csa_p2           CSA_4_364             59    124.236    23.964      148.200 
      layer1         FA_378                20     42.462     0.000       42.462 
      layer2         FA_31_404             20     41.958     0.000       41.958 
    csa_p3           CSA_2_77_362          19     39.816     4.541       44.357 
    csa_p4           CSA_2_77_363          19     39.816     4.541       44.357 
    csa_p5           CSA_2_77              19     39.816     4.541       44.357 
    csa_p6           CSA_4_15_376          59    123.228    23.964      147.192 
      layer1         FA_30_386             20     41.454     0.000       41.454 
      layer2         FA_31_405             20     41.958     0.000       41.958 
    csa_p7           CSA_4_15_377          59    123.228    23.964      147.192 
      layer1         FA_30_385             20     41.454     0.000       41.454 
      layer2         FA_31_406             20     41.958     0.000       41.958 
    csa_p8           CSA_4_15              59    123.228    23.964      147.192 
      layer1         FA_30                 20     41.454     0.000       41.454 
      layer2         FA_31                 20     41.958     0.000       41.958 
  matrix_a1          MatrixA1             885   1666.602   335.338     2001.940 
    csa_p0           CSA_4                 59    124.236    23.964      148.200 
      layer1         FA                    20     42.462     0.000       42.462 
      layer2         FA_31_392             20     41.958     0.000       41.958 
    csa_p1           CSA_2_77_357          19     39.816     4.541       44.357 
    csa_p2           CSA_4_15_371          59    123.228    23.964      147.192 
      layer1         FA_30_391             20     41.454     0.000       41.454 
      layer2         FA_31_393             20     41.958     0.000       41.958 
    csa_p3           CSA_4_370             59    124.236    23.964      148.200 
      layer1         FA_384                20     42.462     0.000       42.462 
      layer2         FA_31_394             20     41.958     0.000       41.958 
    csa_p4           CSA_2_77_358          19     39.816     4.541       44.357 
    csa_p5           CSA_4_15_372          59    123.228    23.964      147.192 
      layer1         FA_30_390             20     41.454     0.000       41.454 
      layer2         FA_31_395             20     41.958     0.000       41.958 
    csa_p6           CSA_4_369             59    124.236    23.964      148.200 
      layer1         FA_383                20     42.462     0.000       42.462 
      layer2         FA_31_396             20     41.958     0.000       41.958 
    csa_p7           CSA_2_77_359          19     39.816     4.541       44.357 
    csa_p8           CSA_4_15_373          59    123.228    23.964      147.192 
      layer1         FA_30_389             20     41.454     0.000       41.454 
      layer2         FA_31_397             20     41.958     0.000       41.958 
    csa_p9           CSA_4_368             59    124.236    23.964      148.200 
      layer1         FA_382                20     42.462     0.000       42.462 
      layer2         FA_31_398             20     41.958     0.000       41.958 
    csa_p10          CSA_2_77_360          19     39.816     4.541       44.357 
    csa_p11          CSA_4_15_374          59    123.228    23.964      147.192 
      layer1         FA_30_388             20     41.454     0.000       41.454 
      layer2         FA_31_399             20     41.958     0.000       41.958 
    csa_p12          CSA_4_367             59    124.236    23.964      148.200 
      layer1         FA_381                20     42.462     0.000       42.462 
      layer2         FA_31_400             20     41.958     0.000       41.958 
    csa_p13          CSA_2_77_361          19     39.816     4.541       44.357 
    csa_p14          CSA_4_15_375          59    123.228    23.964      147.192 
      layer1         FA_30_387             20     41.454     0.000       41.454 
      layer2         FA_31_401             20     41.958     0.000       41.958 
  matrix_c0          MatrixC0            1614   2507.022   557.358     3064.380 
    csa_n0           CSA_2_77_337          18     37.674     4.288       41.962 
    csa_n1           CSA_2_313             18     37.674     4.288       41.962 
    csa_n2           CSA_2_64_328          19     37.926     4.411       42.337 
    csa_n4           CSA_2_77_338          18     37.674     4.288       41.962 
    csa_n5           CSA_2_77_339          19     39.816     4.541       44.357 
    csa_n6           CSA_2_312             19     39.816     4.541       44.357 
    csa_n7           CSA_2_64_329          20     40.068     4.663       44.731 
    csa_n9           CSA_2_77_340          19     39.816     4.541       44.357 
    csa_n10          CSA_2_77_341          19     39.816     4.541       44.357 
    csa_n11          CSA_2_311             19     39.816     4.541       44.357 
    csa_n12          CSA_2_64_330          20     40.068     4.663       44.731 
    csa_n14          CSA_2_77_342          19     39.816     4.541       44.357 
    csa_n15          CSA_2_77_343          19     39.816     4.541       44.357 
    csa_n16          CSA_2_310             19     39.816     4.541       44.357 
    csa_n17          CSA_2_64_331          20     40.068     4.663       44.731 
    csa_n19          CSA_2_77_344          19     39.816     4.541       44.357 
    csa_n20          CSA_2_77_345          19     39.816     4.541       44.357 
    csa_n21          CSA_2_309             19     39.816     4.541       44.357 
    csa_n22          CSA_2_64_332          20     40.068     4.663       44.731 
    csa_n24          CSA_2_77_346          19     39.816     4.541       44.357 
    csa_p0           CSA_2                 18     37.674     4.288       41.962 
    csa_p2           CSA_2_327             18     37.674     4.288       41.962 
    csa_p4           CSA_2_326             18     37.674     4.288       41.962 
    csa_p5           CSA_2_325             19     39.816     4.541       44.357 
    csa_p7           CSA_2_324             19     39.816     4.541       44.357 
    csa_p9           CSA_2_323             19     39.816     4.541       44.357 
    csa_p10          CSA_2_322             19     39.816     4.541       44.357 
    csa_p12          CSA_2_321             19     39.816     4.541       44.357 
    csa_p14          CSA_2_320             19     39.816     4.541       44.357 
    csa_p15          CSA_2_319             19     39.816     4.541       44.357 
    csa_p17          CSA_2_318             19     39.816     4.541       44.357 
    csa_p19          CSA_2_317             19     39.816     4.541       44.357 
    csa_p20          CSA_2_316             19     39.816     4.541       44.357 
    csa_p22          CSA_2_315             19     39.816     4.541       44.357 
    csa_p24          CSA_2_314             19     39.816     4.541       44.357 
  matrix_c1          MatrixC1            1635   2531.970   566.141     3098.111 
    csa_n0           CSA_2_77_347          19     39.816     4.541       44.357 
    csa_n1           CSA_2_77_348          19     39.816     4.541       44.357 
    csa_n2           CSA_2_77_349          19     39.816     4.541       44.357 
    csa_n3           CSA_2_77_350          19     39.816     4.541       44.357 
    csa_n4           CSA_2_77_351          19     39.816     4.541       44.357 
    csa_n5           CSA_2_293             19     39.816     4.541       44.357 
    csa_n6           CSA_2_292             19     39.816     4.541       44.357 
    csa_n7           CSA_2_291             19     39.816     4.541       44.357 
    csa_n8           CSA_2_290             19     39.816     4.541       44.357 
    csa_n9           CSA_2_289             19     39.816     4.541       44.357 
    csa_n10          CSA_2_64_333          20     40.068     4.663       44.731 
    csa_n11          CSA_2_64_334          20     40.068     4.663       44.731 
    csa_n12          CSA_2_64_335          20     40.068     4.663       44.731 
    csa_n13          CSA_2_64_336          20     40.068     4.663       44.731 
    csa_n14          CSA_2_64              20     40.068     4.663       44.731 
    csa_n20          CSA_2_77_352          19     39.816     4.541       44.357 
    csa_n21          CSA_2_77_353          19     39.816     4.541       44.357 
    csa_n22          CSA_2_77_354          19     39.816     4.541       44.357 
    csa_n23          CSA_2_77_355          19     39.816     4.541       44.357 
    csa_n24          CSA_2_77_356          19     39.816     4.541       44.357 
    csa_p0           CSA_2_308             19     39.816     4.541       44.357 
    csa_p1           CSA_2_307             19     39.816     4.541       44.357 
    csa_p2           CSA_2_306             19     39.816     4.541       44.357 
    csa_p3           CSA_2_305             19     39.816     4.541       44.357 
    csa_p4           CSA_2_304             19     39.816     4.541       44.357 
    csa_p10          CSA_2_303             19     39.816     4.541       44.357 
    csa_p11          CSA_2_302             19     39.816     4.541       44.357 
    csa_p12          CSA_2_301             19     39.816     4.541       44.357 
    csa_p13          CSA_2_300             19     39.816     4.541       44.357 
    csa_p14          CSA_2_299             19     39.816     4.541       44.357 
    csa_p20          CSA_2_298             19     39.816     4.541       44.357 
    csa_p21          CSA_2_297             19     39.816     4.541       44.357 
    csa_p22          CSA_2_296             19     39.816     4.541       44.357 
    csa_p23          CSA_2_295             19     39.816     4.541       44.357 
    csa_p24          CSA_2_294             19     39.816     4.541       44.357 
