============================================================
  Generated by:           Genus(TM) Synthesis Solution 21.12-s068_1
  Generated on:           Jan 24 2026  12:38:07 am
  Module:                 Conv
  Library domain:         timing_cond_0p81v_125c
    Domain index:         0
    Technology library:   tcbn28hpcplusbwp30p140ssg0p81v125c 110
  Operating conditions:   ssg0p81v125c 
  Interconnect mode:      global
  Area mode:              physical library
============================================================

                                                                                     Library 
          Gate            Instances    Area                   Library                 Domain 
---------------------------------------------------------------------------------------------
AN2D1BWP30P140                   83     41.832    tcbn28hpcplusbwp30p140ssg0p81v125c       0 
AN2D2BWP30P140                    4      2.520    tcbn28hpcplusbwp30p140ssg0p81v125c       0 
AN3D0BWP30P140                    1      0.630    tcbn28hpcplusbwp30p140ssg0p81v125c       0 
AN3D6BWP30P140                    6      9.828    tcbn28hpcplusbwp30p140ssg0p81v125c       0 
AO211D1BWP30P140                  1      0.756    tcbn28hpcplusbwp30p140ssg0p81v125c       0 
AO211D4BWP30P140                  1      1.638    tcbn28hpcplusbwp30p140ssg0p81v125c       0 
AO21D1BWP30P140                   9      5.670    tcbn28hpcplusbwp30p140ssg0p81v125c       0 
AO21D2BWP30P140                   1      0.756    tcbn28hpcplusbwp30p140ssg0p81v125c       0 
AO22D0BWP30P140                 286    216.216    tcbn28hpcplusbwp30p140ssg0p81v125c       0 
AO22D1BWP30P140                  13     11.466    tcbn28hpcplusbwp30p140ssg0p81v125c       0 
AO22D2BWP30P140                   1      1.008    tcbn28hpcplusbwp30p140ssg0p81v125c       0 
AO22D4BWP30P140                   8     14.112    tcbn28hpcplusbwp30p140ssg0p81v125c       0 
AOI211D1BWP30P140                 5      3.150    tcbn28hpcplusbwp30p140ssg0p81v125c       0 
AOI21D1BWP30P140                 87     43.848    tcbn28hpcplusbwp30p140ssg0p81v125c       0 
AOI21D2BWP30P140                 22     19.404    tcbn28hpcplusbwp30p140ssg0p81v125c       0 
AOI21D4BWP30P140                  2      3.528    tcbn28hpcplusbwp30p140ssg0p81v125c       0 
AOI21OPTREPBD1BWP30P140           7      5.292    tcbn28hpcplusbwp30p140ssg0p81v125c       0 
AOI221D1BWP30P140                53     40.068    tcbn28hpcplusbwp30p140ssg0p81v125c       0 
AOI221D2BWP30P140                 2      3.024    tcbn28hpcplusbwp30p140ssg0p81v125c       0 
AOI222D1BWP30P140               617    621.936    tcbn28hpcplusbwp30p140ssg0p81v125c       0 
AOI222D2BWP30P140                 1      1.764    tcbn28hpcplusbwp30p140ssg0p81v125c       0 
AOI22D0P7BWP30P140               21     13.230    tcbn28hpcplusbwp30p140ssg0p81v125c       0 
AOI22D1BWP30P140               1311    825.930    tcbn28hpcplusbwp30p140ssg0p81v125c       0 
AOI22D2BWP30P140                 71     80.514    tcbn28hpcplusbwp30p140ssg0p81v125c       0 
BUFFD1P5BWP30P140                 1      0.504    tcbn28hpcplusbwp30p140ssg0p81v125c       0 
BUFFD2BWP30P140                   1      0.504    tcbn28hpcplusbwp30p140ssg0p81v125c       0 
BUFFD4BWP30P140                   1      0.882    tcbn28hpcplusbwp30p140ssg0p81v125c       0 
CKAN2D1BWP30P140                176     88.704    tcbn28hpcplusbwp30p140ssg0p81v125c       0 
CKAN2D4BWP30P140                  1      0.882    tcbn28hpcplusbwp30p140ssg0p81v125c       0 
CKAN2D8BWP30P140                 40     55.440    tcbn28hpcplusbwp30p140ssg0p81v125c       0 
CKLNQD1BWP30P140                 20     37.800    tcbn28hpcplusbwp30p140ssg0p81v125c       0 
CKND1BWP30P140                 1291    325.332    tcbn28hpcplusbwp30p140ssg0p81v125c       0 
CKND2BWP30P140                   55     20.790    tcbn28hpcplusbwp30p140ssg0p81v125c       0 
CKND2D1BWP30P140                108     40.824    tcbn28hpcplusbwp30p140ssg0p81v125c       0 
CKND2D2BWP30P140                 11      6.930    tcbn28hpcplusbwp30p140ssg0p81v125c       0 
CKND2D3BWP30P140                 41     36.162    tcbn28hpcplusbwp30p140ssg0p81v125c       0 
CKND2D4BWP30P140                 13     14.742    tcbn28hpcplusbwp30p140ssg0p81v125c       0 
CKND2D8BWP30P140                  7     14.994    tcbn28hpcplusbwp30p140ssg0p81v125c       0 
CKND3BWP30P140                    2      1.008    tcbn28hpcplusbwp30p140ssg0p81v125c       0 
CKND4BWP30P140                   10      6.300    tcbn28hpcplusbwp30p140ssg0p81v125c       0 
CKND6BWP30P140                    1      0.882    tcbn28hpcplusbwp30p140ssg0p81v125c       0 
DCCKND4BWP30P140                  2      2.520    tcbn28hpcplusbwp30p140ssg0p81v125c       0 
DFCND1BWP30P140                   1      2.520    tcbn28hpcplusbwp30p140ssg0p81v125c       0 
DFCNQD1BWP30P140                  1      2.268    tcbn28hpcplusbwp30p140ssg0p81v125c       0 
DFD1BWP30P140                     1      2.142    tcbn28hpcplusbwp30p140ssg0p81v125c       0 
DFKCNQD2BWP30P140                45     90.720    tcbn28hpcplusbwp30p140ssg0p81v125c       0 
DFKSND1BWP30P140                  9     21.546    tcbn28hpcplusbwp30p140ssg0p81v125c       0 
DFQD2BWP30P140                  669   1264.410    tcbn28hpcplusbwp30p140ssg0p81v125c       0 
FA1D1BWP30P140                 2325   4980.150    tcbn28hpcplusbwp30p140ssg0p81v125c       0 
FA1D2BWP30P140                    9     21.546    tcbn28hpcplusbwp30p140ssg0p81v125c       0 
FA1D4BWP30P140                    2      7.308    tcbn28hpcplusbwp30p140ssg0p81v125c       0 
FA1OPTCD1BWP30P140               56    141.120    tcbn28hpcplusbwp30p140ssg0p81v125c       0 
FA1OPTCD2BWP30P140               46    139.104    tcbn28hpcplusbwp30p140ssg0p81v125c       0 
HA1D1BWP30P140                  106    173.628    tcbn28hpcplusbwp30p140ssg0p81v125c       0 
HA1D2BWP30P140                    1      1.890    tcbn28hpcplusbwp30p140ssg0p81v125c       0 
IAO21D0BWP30P140                 18     11.340    tcbn28hpcplusbwp30p140ssg0p81v125c       0 
IAO21D1BWP30P140                 36     22.680    tcbn28hpcplusbwp30p140ssg0p81v125c       0 
IAO21D2BWP30P140                 47     41.454    tcbn28hpcplusbwp30p140ssg0p81v125c       0 
IAO22D1BWP30P140                 14     12.348    tcbn28hpcplusbwp30p140ssg0p81v125c       0 
IAO22D2BWP30P140                 25     34.650    tcbn28hpcplusbwp30p140ssg0p81v125c       0 
IAO22D4BWP30P140                 11     26.334    tcbn28hpcplusbwp30p140ssg0p81v125c       0 
IND2D1BWP30P140                 147     74.088    tcbn28hpcplusbwp30p140ssg0p81v125c       0 
IND2D2BWP30P140                   5      3.780    tcbn28hpcplusbwp30p140ssg0p81v125c       0 
IND3D1BWP30P140                   1      0.630    tcbn28hpcplusbwp30p140ssg0p81v125c       0 
IND4D1BWP30P140                   1      0.756    tcbn28hpcplusbwp30p140ssg0p81v125c       0 
INR2D1BWP30P140                 163     82.152    tcbn28hpcplusbwp30p140ssg0p81v125c       0 
INR2D2BWP30P140                   6      4.536    tcbn28hpcplusbwp30p140ssg0p81v125c       0 
INR2D4BWP30P140                   3      4.158    tcbn28hpcplusbwp30p140ssg0p81v125c       0 
INR3D0BWP30P140                   6      3.780    tcbn28hpcplusbwp30p140ssg0p81v125c       0 
INVD0P7BWP30P140                  8      2.016    tcbn28hpcplusbwp30p140ssg0p81v125c       0 
INVD12BWP30P140                   1      1.638    tcbn28hpcplusbwp30p140ssg0p81v125c       0 
INVD1BWP30P140                   16      4.032    tcbn28hpcplusbwp30p140ssg0p81v125c       0 
INVD2BWP30P140                    8      3.024    tcbn28hpcplusbwp30p140ssg0p81v125c       0 
INVD3BWP30P140                   21     10.584    tcbn28hpcplusbwp30p140ssg0p81v125c       0 
INVD8BWP30P140                    2      2.268    tcbn28hpcplusbwp30p140ssg0p81v125c       0 
IOA21D0BWP30P140                 68     42.840    tcbn28hpcplusbwp30p140ssg0p81v125c       0 
IOA21D1BWP30P140                 86     54.180    tcbn28hpcplusbwp30p140ssg0p81v125c       0 
IOA21D2BWP30P140                 44     38.808    tcbn28hpcplusbwp30p140ssg0p81v125c       0 
IOA22D1BWP30P140                  6      5.292    tcbn28hpcplusbwp30p140ssg0p81v125c       0 
IOA22D2BWP30P140                  1      1.260    tcbn28hpcplusbwp30p140ssg0p81v125c       0 
MAOI222D1BWP30P140               76     57.456    tcbn28hpcplusbwp30p140ssg0p81v125c       0 
MAOI22D1BWP30P140                 3      2.268    tcbn28hpcplusbwp30p140ssg0p81v125c       0 
MOAI22D1BWP30P140                45     34.020    tcbn28hpcplusbwp30p140ssg0p81v125c       0 
MUX2D4BWP30P140                   4      7.056    tcbn28hpcplusbwp30p140ssg0p81v125c       0 
MUX2NOPTD2BWP30P140               7      9.702    tcbn28hpcplusbwp30p140ssg0p81v125c       0 
MUX2NOPTD4BWP30P140               1      2.520    tcbn28hpcplusbwp30p140ssg0p81v125c       0 
MUX2NOPTD8BWP30P140               1      4.788    tcbn28hpcplusbwp30p140ssg0p81v125c       0 
MUX2NUD1BWP30P140                 4      3.024    tcbn28hpcplusbwp30p140ssg0p81v125c       0 
MUX2OPTD4BWP30P140                3      6.804    tcbn28hpcplusbwp30p140ssg0p81v125c       0 
MUX2OPTD6BWP30P140                4     12.600    tcbn28hpcplusbwp30p140ssg0p81v125c       0 
ND2D1BWP30P140                  453    171.234    tcbn28hpcplusbwp30p140ssg0p81v125c       0 
ND2D2BWP30P140                   37     23.310    tcbn28hpcplusbwp30p140ssg0p81v125c       0 
ND2D3BWP30P140                   13     11.466    tcbn28hpcplusbwp30p140ssg0p81v125c       0 
ND2D4BWP30P140                    9     10.206    tcbn28hpcplusbwp30p140ssg0p81v125c       0 
ND2D6BWP30P140                    1      1.638    tcbn28hpcplusbwp30p140ssg0p81v125c       0 
ND2D8BWP30P140                    2      4.284    tcbn28hpcplusbwp30p140ssg0p81v125c       0 
ND2OPTD12BWP30P140                1      3.150    tcbn28hpcplusbwp30p140ssg0p81v125c       0 
ND2OPTD6BWP30P140                 1      1.638    tcbn28hpcplusbwp30p140ssg0p81v125c       0 
ND2OPTIBD12BWP30P140              7     22.050    tcbn28hpcplusbwp30p140ssg0p81v125c       0 
ND2OPTIBD16BWP30P140             16     66.528    tcbn28hpcplusbwp30p140ssg0p81v125c       0 
ND2OPTIBD1BWP30P140             117     44.226    tcbn28hpcplusbwp30p140ssg0p81v125c       0 
ND2OPTIBD2BWP30P140              34     21.420    tcbn28hpcplusbwp30p140ssg0p81v125c       0 
ND2OPTIBD4BWP30P140              13     14.742    tcbn28hpcplusbwp30p140ssg0p81v125c       0 
ND2OPTIBD6BWP30P140               3      4.914    tcbn28hpcplusbwp30p140ssg0p81v125c       0 
ND2OPTIBD8BWP30P140               1      2.142    tcbn28hpcplusbwp30p140ssg0p81v125c       0 
ND2OPTPAD8BWP30P140               2      6.048    tcbn28hpcplusbwp30p140ssg0p81v125c       0 
ND3D1BWP30P140                  111     55.944    tcbn28hpcplusbwp30p140ssg0p81v125c       0 
ND3D2BWP30P140                    2      1.764    tcbn28hpcplusbwp30p140ssg0p81v125c       0 
ND3OPTPAD2BWP30P140               2      3.024    tcbn28hpcplusbwp30p140ssg0p81v125c       0 
ND4D1BWP30P140                  145     91.350    tcbn28hpcplusbwp30p140ssg0p81v125c       0 
NR2D1BWP30P140                  306    115.668    tcbn28hpcplusbwp30p140ssg0p81v125c       0 
NR2D2BWP30P140                   21     13.230    tcbn28hpcplusbwp30p140ssg0p81v125c       0 
NR2D3BWP30P140                   26     22.932    tcbn28hpcplusbwp30p140ssg0p81v125c       0 
NR2D4BWP30P140                   14     15.876    tcbn28hpcplusbwp30p140ssg0p81v125c       0 
NR2D6BWP30P140                    2      3.276    tcbn28hpcplusbwp30p140ssg0p81v125c       0 
NR2OPTD6BWP30P140                 7     11.466    tcbn28hpcplusbwp30p140ssg0p81v125c       0 
NR2OPTIBD1BWP30P140             184     69.552    tcbn28hpcplusbwp30p140ssg0p81v125c       0 
NR2OPTIBD2BWP30P140               4      2.520    tcbn28hpcplusbwp30p140ssg0p81v125c       0 
NR2OPTIBD6BWP30P140               2      3.276    tcbn28hpcplusbwp30p140ssg0p81v125c       0 
NR2OPTPAD1BWP30P140              39     19.656    tcbn28hpcplusbwp30p140ssg0p81v125c       0 
NR2OPTPAD2BWP30P140               7      6.174    tcbn28hpcplusbwp30p140ssg0p81v125c       0 
NR2OPTPAD4BWP30P140              21     34.398    tcbn28hpcplusbwp30p140ssg0p81v125c       0 
NR3D0BWP30P140                    2      1.008    tcbn28hpcplusbwp30p140ssg0p81v125c       0 
NR3D0P7BWP30P140                  3      1.512    tcbn28hpcplusbwp30p140ssg0p81v125c       0 
NR3D1BWP30P140                    3      2.646    tcbn28hpcplusbwp30p140ssg0p81v125c       0 
NR3D1P5BWP30P140                  1      0.882    tcbn28hpcplusbwp30p140ssg0p81v125c       0 
NR4D0BWP30P140                    3      1.890    tcbn28hpcplusbwp30p140ssg0p81v125c       0 
NR4D1BWP30P140                   11     12.474    tcbn28hpcplusbwp30p140ssg0p81v125c       0 
OA21D1BWP30P140                  45     28.350    tcbn28hpcplusbwp30p140ssg0p81v125c       0 
OA22D1BWP30P140                   4      3.528    tcbn28hpcplusbwp30p140ssg0p81v125c       0 
OAI211D1BWP30P140               234    147.420    tcbn28hpcplusbwp30p140ssg0p81v125c       0 
OAI211D2BWP30P140                 1      1.134    tcbn28hpcplusbwp30p140ssg0p81v125c       0 
OAI211OPTREPBD2BWP30P140          1      1.764    tcbn28hpcplusbwp30p140ssg0p81v125c       0 
OAI21D0P7BWP30P140               32     16.128    tcbn28hpcplusbwp30p140ssg0p81v125c       0 
OAI21D1BWP30P140                141     71.064    tcbn28hpcplusbwp30p140ssg0p81v125c       0 
OAI21D2BWP30P140                 22     19.404    tcbn28hpcplusbwp30p140ssg0p81v125c       0 
OAI21D4BWP30P140                  2      3.528    tcbn28hpcplusbwp30p140ssg0p81v125c       0 
OAI21OPTREPBD1BWP30P140          10      7.560    tcbn28hpcplusbwp30p140ssg0p81v125c       0 
OAI221D1BWP30P140               290    255.780    tcbn28hpcplusbwp30p140ssg0p81v125c       0 
OAI22D1BWP30P140                726    457.380    tcbn28hpcplusbwp30p140ssg0p81v125c       0 
OAI22D1P5BWP30P140                1      1.134    tcbn28hpcplusbwp30p140ssg0p81v125c       0 
OAI22OPTPBD1BWP30P140             1      1.008    tcbn28hpcplusbwp30p140ssg0p81v125c       0 
OAI31D1BWP30P140                 22     13.860    tcbn28hpcplusbwp30p140ssg0p81v125c       0 
OAI32D1BWP30P140                  5      3.780    tcbn28hpcplusbwp30p140ssg0p81v125c       0 
OR2D0BWP30P140                   39     19.656    tcbn28hpcplusbwp30p140ssg0p81v125c       0 
OR2D16BWP30P140                   7     23.814    tcbn28hpcplusbwp30p140ssg0p81v125c       0 
OR2D1BWP30P140                  232    116.928    tcbn28hpcplusbwp30p140ssg0p81v125c       0 
OR2D2BWP30P140                   46     28.980    tcbn28hpcplusbwp30p140ssg0p81v125c       0 
OR2D4BWP30P140                    6      6.804    tcbn28hpcplusbwp30p140ssg0p81v125c       0 
OR2D6BWP30P140                    1      1.386    tcbn28hpcplusbwp30p140ssg0p81v125c       0 
OR2D8BWP30P140                    3      5.670    tcbn28hpcplusbwp30p140ssg0p81v125c       0 
OR3D1BWP30P140                   19     11.970    tcbn28hpcplusbwp30p140ssg0p81v125c       0 
OR3D2BWP30P140                    1      0.756    tcbn28hpcplusbwp30p140ssg0p81v125c       0 
OR4D1BWP30P140                   33     24.948    tcbn28hpcplusbwp30p140ssg0p81v125c       0 
OR4D2BWP30P140                    1      0.882    tcbn28hpcplusbwp30p140ssg0p81v125c       0 
OR4D4BWP30P140                    5      8.190    tcbn28hpcplusbwp30p140ssg0p81v125c       0 
XNR2D1BWP30P140                  16     16.128    tcbn28hpcplusbwp30p140ssg0p81v125c       0 
XNR2D2BWP30P140                   6      6.804    tcbn28hpcplusbwp30p140ssg0p81v125c       0 
XNR2D4BWP30P140                   2      4.032    tcbn28hpcplusbwp30p140ssg0p81v125c       0 
XNR2OPTND2BWP30P140               4      5.544    tcbn28hpcplusbwp30p140ssg0p81v125c       0 
XNR2OPTND4BWP30P140               8     20.160    tcbn28hpcplusbwp30p140ssg0p81v125c       0 
XNR2OPTND6BWP30P140               3     10.962    tcbn28hpcplusbwp30p140ssg0p81v125c       0 
XNR2UD0BWP30P140                  3      2.646    tcbn28hpcplusbwp30p140ssg0p81v125c       0 
XNR2UD1BWP30P140                922    813.204    tcbn28hpcplusbwp30p140ssg0p81v125c       0 
XNR3D2BWP30P140                   1      2.016    tcbn28hpcplusbwp30p140ssg0p81v125c       0 
XNR3UD1BWP30P140                 21     37.044    tcbn28hpcplusbwp30p140ssg0p81v125c       0 
XNR4D1BWP30P140                  11     29.106    tcbn28hpcplusbwp30p140ssg0p81v125c       0 
XOR2D1BWP30P140                  10     10.080    tcbn28hpcplusbwp30p140ssg0p81v125c       0 
XOR2D2BWP30P140                   4      4.536    tcbn28hpcplusbwp30p140ssg0p81v125c       0 
XOR2D4BWP30P140                   2      4.032    tcbn28hpcplusbwp30p140ssg0p81v125c       0 
XOR2OPTND2BWP30P140               8     11.088    tcbn28hpcplusbwp30p140ssg0p81v125c       0 
XOR2OPTND4BWP30P140               1      2.520    tcbn28hpcplusbwp30p140ssg0p81v125c       0 
XOR2UD1BWP30P140                331    291.942    tcbn28hpcplusbwp30p140ssg0p81v125c       0 
XOR3D1BWP30P140                   7     13.230    tcbn28hpcplusbwp30p140ssg0p81v125c       0 
XOR3D2BWP30P140                  10     20.160    tcbn28hpcplusbwp30p140ssg0p81v125c       0 
XOR3UD1BWP30P140                127    224.028    tcbn28hpcplusbwp30p140ssg0p81v125c       0 
XOR4D0BWP30P140                   2      5.292    tcbn28hpcplusbwp30p140ssg0p81v125c       0 
XOR4D1BWP30P140                   3      7.938    tcbn28hpcplusbwp30p140ssg0p81v125c       0 
---------------------------------------------------------------------------------------------
total                         13615  13825.350                                       


                                                        
            Type             Instances    Area   Area % 
--------------------------------------------------------
sequential                         726  1383.606   10.0 
inverter                          1417   380.394    2.8 
buffer                               3     1.890    0.0 
clock_gating_integrated_cell        20    37.800    0.3 
logic                            11449 12021.660   87.0 
physical_cells                       0     0.000    0.0 
--------------------------------------------------------
total                            13615 13825.350  100.0 

