============================================================
  Generated by:           Genus(TM) Synthesis Solution 21.12-s068_1
  Generated on:           Jan 25 2026  10:13:23 pm
  Module:                 Conv
  Operating conditions:   ssg0p81v125c 
  Interconnect mode:      global
  Area mode:              physical library
============================================================


Path 1: MET (0 ps) Late External Delay Assertion at pin p_output[1][19]
           View: analysis_view_0p81v_125c_capwst_slowest
          Group: clk
     Startpoint: (R) r_feat_reg[29][0]/CP
          Clock: (R) clk
       Endpoint: (R) p_output[1][19]
          Clock: (R) clk

                     Capture       Launch     
        Clock Edge:+    2000            0     
       Src Latency:+       0            0     
       Net Latency:+       0 (I)        0 (I) 
           Arrival:=    2000            0     
                                              
      Output Delay:-    1000                  
     Required Time:=    1000                  
      Launch Clock:-       0                  
         Data Path:-    1000                  
             Slack:=       0                  

Exceptions/Constraints:
  output_delay             1000            constraints.sdc_line_25_1242_1 

#---------------------------------------------------------------------------------------------------------------------------------------------------
#                        Timing Point                         Flags    Arc   Edge          Cell            Fanout Load Trans Delay Arrival Instance 
#                                                                                                                 (fF)  (ps)  (ps)   (ps)  Location 
#---------------------------------------------------------------------------------------------------------------------------------------------------
  r_feat_reg[29][0]/CP                                        -       -      R     (arrival)                   40    -     0     0       0    (-,-) 
  r_feat_reg[29][0]/Q                                         -       CP->Q  F     DFQD2BWP30P140               4  6.6    21    69      69    (-,-) 
  inv/matrix_a1/g2316/CO                                      -       B->CO  F     FA1D1BWP30P140               1  1.2    17    46     115    (-,-) 
  inv/matrix_a1/g2317/ZN                                      -       I->ZN  R     INVD0P7BWP30P140             2  2.8    27    22     137    (-,-) 
  inv/matrix_a1/csa_tree_ADD_TC_OP_3_groupi322_g922/ZN        -       A2->ZN F     OAI21D2BWP30P140             2  2.0    24    20     158    (-,-) 
  inv/matrix_a1/csa_tree_ADD_TC_OP_3_groupi322_g845/ZN        -       A1->ZN F     INR2D1BWP30P140              1  1.8    17    28     186    (-,-) 
  inv/matrix_a1/csa_tree_ADD_TC_OP_3_groupi322_g938/ZN        -       B1->ZN R     INR2D2BWP30P140              2  2.2    18    16     201    (-,-) 
  inv/matrix_a1/g2228/ZN                                      -       A1->ZN R     IAO21D2BWP30P140             2  2.7    20    29     230    (-,-) 
  inv/matrix_a1/csa_tree_ADD_TC_OP_3_groupi322_g937/ZN        -       A1->ZN R     IAO21D2BWP30P140             2  2.7    20    30     260    (-,-) 
  inv/matrix_a1/g2227/ZN                                      -       A1->ZN R     IAO21D2BWP30P140             2  3.1    22    31     291    (-,-) 
  inv/matrix_a1/csa_tree_ADD_TC_OP_3_groupi322_g832/ZN        -       A1->ZN F     OAI21OPTREPBD1BWP30P140      2  3.0    37    26     317    (-,-) 
  inv/matrix_a1/csa_tree_ADD_TC_OP_3_groupi322_g829/ZN        -       A1->ZN R     AOI21D2BWP30P140             2  2.7    27    25     342    (-,-) 
  inv/matrix_a1/g2226/ZN                                      -       A1->ZN R     IAO21D2BWP30P140             2  2.6    20    31     373    (-,-) 
  inv/matrix_a1/g2225/ZN                                      -       A1->ZN R     IAO21D0BWP30P140             2  2.7    57    50     422    (-,-) 
  inv/matrix_a1/csa_tree_ADD_TC_OP_3_groupi322_g821/ZN        -       A1->ZN F     OAI21D1BWP30P140             2  2.6    46    37     460    (-,-) 
  inv/matrix_a1/csa_tree_ADD_TC_OP_3_groupi322_g818/ZN        -       A1->ZN R     AOI21D1BWP30P140             2  2.7    43    38     498    (-,-) 
  inv/matrix_a1/g2224/ZN                                      -       A1->ZN R     IAO21D2BWP30P140             2  2.6    20    34     532    (-,-) 
  inv/matrix_a1/g2223/ZN                                      -       A1->ZN R     IAO21D0BWP30P140             2  2.7    57    50     581    (-,-) 
  inv/matrix_a1/csa_tree_ADD_TC_OP_3_groupi322_g810/Z         -       A1->Z  R     OA21D1BWP30P140              2  3.1    23    38     620    (-,-) 
  inv/matrix_a1/csa_tree_ADD_TC_OP_3_groupi322_g808/ZN        -       A1->ZN F     OAI21OPTREPBD1BWP30P140      2  2.6    34    24     644    (-,-) 
  inv/matrix_a1/csa_tree_ADD_TC_OP_3_groupi322_g806/ZN        -       A1->ZN R     AOI21D1BWP30P140             2  2.7    41    34     678    (-,-) 
  inv/matrix_a1/csa_tree_ADD_TC_OP_3_groupi322_g804/ZN        -       A1->ZN R     XNR2D1BWP30P140              2  4.8    31    40     718    (-,-) 
  inv/matrix_a0/csa_tree_ADD_TC_OP_1_groupi46_cdnfadd_017_0/S -       A->S   F     FA1D1BWP30P140               2  2.0    26    73     791    (-,-) 
  inv/matrix_a0/csa_tree_ADD_TC_OP_1_groupi46_g917/ZN         -       A1->ZN R     NR2OPTIBD1BWP30P140          3  2.8    35    30     821    (-,-) 
  inv/matrix_a0/csa_tree_ADD_TC_OP_1_groupi46_g898/ZN         -       A1->ZN R     IAO21D1BWP30P140             1  1.4    22    33     854    (-,-) 
  inv/matrix_a0/csa_tree_ADD_TC_OP_1_groupi46_g866/ZN         -       B->ZN  F     OAI21D1BWP30P140             1  2.1    37    29     883    (-,-) 
  inv/matrix_a0/csa_tree_ADD_TC_OP_1_groupi46_g864/CO         -       CI->CO F     FA1D1BWP30P140               1  1.4    18    46     929    (-,-) 
  inv/matrix_a0/g2106/Z                                       -       A1->Z  R     XOR3D2BWP30P140              1  4.8    21    71    1000    (-,-) 
  p_output[1][19]                                             <<<     -      R     (port)                       -    -     -     0    1000    (-,-) 
#---------------------------------------------------------------------------------------------------------------------------------------------------


