============================================================
  Generated by:           Genus(TM) Synthesis Solution 21.12-s068_1
  Generated on:           Jan 23 2026  09:48:13 pm
  Module:                 System
  Operating conditions:   ssg0p81v125c 
  Operating conditions:   tt0p9v25c 
  Operating conditions:   ffg0p99vm40c 
  Interconnect mode:      global
  Area mode:              physical library
============================================================

-------------------------------------------------------------------------------
Nets with multiple drivers

The following nets have multiple drivers and at least one of the drivers is     
non-tristate:                                                                   

hnet:System/clk
hnet:System/p_input_data[0]
hnet:System/p_input_data[10]
hnet:System/p_input_data[11]
hnet:System/p_input_data[12]
hnet:System/p_input_data[13]
hnet:System/p_input_data[14]
hnet:System/p_input_data[15]
hnet:System/p_input_data[16]
hnet:System/p_input_data[17]
hnet:System/p_input_data[18]
hnet:System/p_input_data[19]
hnet:System/p_input_data[1]
hnet:System/p_input_data[2]
hnet:System/p_input_data[3]
hnet:System/p_input_data[4]
hnet:System/p_input_data[5]
hnet:System/p_input_data[6]
hnet:System/p_input_data[7]
hnet:System/p_input_data[8]
hnet:System/p_input_data[9]
hnet:System/p_input_valid
hnet:System/p_output_data_read[0]
hnet:System/p_output_data_read[10]
hnet:System/p_output_data_read[11]
hnet:System/p_output_data_read[12]
hnet:System/p_output_data_read[13]
hnet:System/p_output_data_read[14]
hnet:System/p_output_data_read[15]
hnet:System/p_output_data_read[16]
hnet:System/p_output_data_read[17]
hnet:System/p_output_data_read[18]
hnet:System/p_output_data_read[19]
hnet:System/p_output_data_read[1]
hnet:System/p_output_data_read[2]
hnet:System/p_output_data_read[3]
hnet:System/p_output_data_read[4]
hnet:System/p_output_data_read[5]
hnet:System/p_output_data_read[6]
hnet:System/p_output_data_read[7]
hnet:System/p_output_data_read[8]
hnet:System/p_output_data_read[9]
hnet:System/p_output_valid
hnet:System/p_start
hnet:System/reset
hnet:System/w_conv_end
hnet:System/w_conv_idle
hnet:System/w_conv_output[0][0]
hnet:System/w_conv_output[0][10]
hnet:System/w_conv_output[0][11]
hnet:System/w_conv_output[0][12]
hnet:System/w_conv_output[0][13]
hnet:System/w_conv_output[0][14]
hnet:System/w_conv_output[0][15]
hnet:System/w_conv_output[0][16]
hnet:System/w_conv_output[0][17]
hnet:System/w_conv_output[0][18]
hnet:System/w_conv_output[0][19]
hnet:System/w_conv_output[0][1]
hnet:System/w_conv_output[0][2]
hnet:System/w_conv_output[0][3]
hnet:System/w_conv_output[0][4]
hnet:System/w_conv_output[0][5]
hnet:System/w_conv_output[0][6]
hnet:System/w_conv_output[0][7]
hnet:System/w_conv_output[0][8]
hnet:System/w_conv_output[0][9]
hnet:System/w_conv_output[1][0]
hnet:System/w_conv_output[1][10]
hnet:System/w_conv_output[1][11]
hnet:System/w_conv_output[1][12]
hnet:System/w_conv_output[1][13]
hnet:System/w_conv_output[1][14]
hnet:System/w_conv_output[1][15]
hnet:System/w_conv_output[1][16]
hnet:System/w_conv_output[1][17]
hnet:System/w_conv_output[1][18]
hnet:System/w_conv_output[1][19]
hnet:System/w_conv_output[1][1]
hnet:System/w_conv_output[1][2]
hnet:System/w_conv_output[1][3]
hnet:System/w_conv_output[1][4]
hnet:System/w_conv_output[1][5]
hnet:System/w_conv_output[1][6]
hnet:System/w_conv_output[1][7]
hnet:System/w_conv_output[1][8]
hnet:System/w_conv_output[1][9]
hnet:System/w_conv_output[2][0]
hnet:System/w_conv_output[2][10]
hnet:System/w_conv_output[2][11]
hnet:System/w_conv_output[2][12]
hnet:System/w_conv_output[2][13]
hnet:System/w_conv_output[2][14]
hnet:System/w_conv_output[2][15]
hnet:System/w_conv_output[2][16]
hnet:System/w_conv_output[2][17]
hnet:System/w_conv_output[2][18]
hnet:System/w_conv_output[2][19]
hnet:System/w_conv_output[2][1]
hnet:System/w_conv_output[2][2]
hnet:System/w_conv_output[2][3]
hnet:System/w_conv_output[2][4]
hnet:System/w_conv_output[2][5]
hnet:System/w_conv_output[2][6]
hnet:System/w_conv_output[2][7]
hnet:System/w_conv_output[2][8]
hnet:System/w_conv_output[2][9]
hnet:System/w_conv_output[3][0]
hnet:System/w_conv_output[3][10]
hnet:System/w_conv_output[3][11]
hnet:System/w_conv_output[3][12]
hnet:System/w_conv_output[3][13]
hnet:System/w_conv_output[3][14]
hnet:System/w_conv_output[3][15]
hnet:System/w_conv_output[3][16]
hnet:System/w_conv_output[3][17]
hnet:System/w_conv_output[3][18]
hnet:System/w_conv_output[3][19]
hnet:System/w_conv_output[3][1]
hnet:System/w_conv_output[3][2]
hnet:System/w_conv_output[3][3]
hnet:System/w_conv_output[3][4]
hnet:System/w_conv_output[3][5]
hnet:System/w_conv_output[3][6]
hnet:System/w_conv_output[3][7]
hnet:System/w_conv_output[3][8]
hnet:System/w_conv_output[3][9]
hnet:System/w_conv_output[4][0]
hnet:System/w_conv_output[4][10]
hnet:System/w_conv_output[4][11]
hnet:System/w_conv_output[4][12]
hnet:System/w_conv_output[4][13]
hnet:System/w_conv_output[4][14]
hnet:System/w_conv_output[4][15]
hnet:System/w_conv_output[4][16]
hnet:System/w_conv_output[4][17]
hnet:System/w_conv_output[4][18]
hnet:System/w_conv_output[4][19]
hnet:System/w_conv_output[4][1]
hnet:System/w_conv_output[4][2]
hnet:System/w_conv_output[4][3]
hnet:System/w_conv_output[4][4]
hnet:System/w_conv_output[4][5]
hnet:System/w_conv_output[4][6]
hnet:System/w_conv_output[4][7]
hnet:System/w_conv_output[4][8]
hnet:System/w_conv_output[4][9]
hnet:System/w_conv_output[5][0]
hnet:System/w_conv_output[5][10]
hnet:System/w_conv_output[5][11]
hnet:System/w_conv_output[5][12]
hnet:System/w_conv_output[5][13]
hnet:System/w_conv_output[5][14]
hnet:System/w_conv_output[5][15]
hnet:System/w_conv_output[5][16]
hnet:System/w_conv_output[5][17]
hnet:System/w_conv_output[5][18]
hnet:System/w_conv_output[5][19]
hnet:System/w_conv_output[5][1]
hnet:System/w_conv_output[5][2]
hnet:System/w_conv_output[5][3]
hnet:System/w_conv_output[5][4]
hnet:System/w_conv_output[5][5]
hnet:System/w_conv_output[5][6]
hnet:System/w_conv_output[5][7]
hnet:System/w_conv_output[5][8]
hnet:System/w_conv_output[5][9]
hnet:System/w_conv_output[6][0]
hnet:System/w_conv_output[6][10]
hnet:System/w_conv_output[6][11]
hnet:System/w_conv_output[6][12]
hnet:System/w_conv_output[6][13]
hnet:System/w_conv_output[6][14]
hnet:System/w_conv_output[6][15]
hnet:System/w_conv_output[6][16]
hnet:System/w_conv_output[6][17]
hnet:System/w_conv_output[6][18]
hnet:System/w_conv_output[6][19]
hnet:System/w_conv_output[6][1]
hnet:System/w_conv_output[6][2]
hnet:System/w_conv_output[6][3]
hnet:System/w_conv_output[6][4]
hnet:System/w_conv_output[6][5]
hnet:System/w_conv_output[6][6]
hnet:System/w_conv_output[6][7]
hnet:System/w_conv_output[6][8]
hnet:System/w_conv_output[6][9]
hnet:System/w_conv_output[7][0]
hnet:System/w_conv_output[7][10]
hnet:System/w_conv_output[7][11]
hnet:System/w_conv_output[7][12]
hnet:System/w_conv_output[7][13]
hnet:System/w_conv_output[7][14]
hnet:System/w_conv_output[7][15]
hnet:System/w_conv_output[7][16]
hnet:System/w_conv_output[7][17]
hnet:System/w_conv_output[7][18]
hnet:System/w_conv_output[7][19]
hnet:System/w_conv_output[7][1]
hnet:System/w_conv_output[7][2]
hnet:System/w_conv_output[7][3]
hnet:System/w_conv_output[7][4]
hnet:System/w_conv_output[7][5]
hnet:System/w_conv_output[7][6]
hnet:System/w_conv_output[7][7]
hnet:System/w_conv_output[7][8]
hnet:System/w_conv_output[7][9]
hnet:System/w_conv_output[8][0]
hnet:System/w_conv_output[8][10]
hnet:System/w_conv_output[8][11]
hnet:System/w_conv_output[8][12]
hnet:System/w_conv_output[8][13]
hnet:System/w_conv_output[8][14]
hnet:System/w_conv_output[8][15]
hnet:System/w_conv_output[8][16]
hnet:System/w_conv_output[8][17]
hnet:System/w_conv_output[8][18]
hnet:System/w_conv_output[8][19]
hnet:System/w_conv_output[8][1]
hnet:System/w_conv_output[8][2]
hnet:System/w_conv_output[8][3]
hnet:System/w_conv_output[8][4]
hnet:System/w_conv_output[8][5]
hnet:System/w_conv_output[8][6]
hnet:System/w_conv_output[8][7]
hnet:System/w_conv_output[8][8]
hnet:System/w_conv_output[8][9]
-------------------------------------------------------------------------------


Lint summary
 Unconnected/logic driven clocks                                  0
 Sequential data pins driven by a clock signal                    0
 Sequential clock pins without clock waveform                     0
 Sequential clock pins with multiple clock waveforms              0
 Generated clocks without clock waveform                          0
 Generated clocks with incompatible options                       0
 Generated clocks with multi-master clock                         0
 Paths constrained with different clocks                          0
 Loop-breaking cells for combinational feedback                   0
 Nets with multiple drivers                                     227
 Timing exceptions with no effect                                 0
 Suspicious multi_cycle exceptions                                0
 Pins/ports with conflicting case constants                       0
 Inputs without clocked external delays                           0
 Outputs without clocked external delays                          0
 Inputs without external driver/transition                        0
 Outputs without external load                                    0
 Exceptions with invalid timing start-/endpoints                  0

                                                  Total:        227

