============================================================
  Generated by:           Genus(TM) Synthesis Solution 21.12-s068_1
  Generated on:           Jan 23 2026  09:47:55 pm
  Module:                 System
  Library domain:         timing_cond_0p81v_125c
    Domain index:         0
    Technology library:   tcbn28hpcplusbwp30p140ssg0p81v125c 110
  Operating conditions:   ssg0p81v125c 
  Interconnect mode:      global
  Area mode:              physical library
============================================================

                                                                                    Library 
          Gate           Instances    Area                   Library                 Domain 
--------------------------------------------------------------------------------------------
AN2D1BWP30P140                   5      2.520    tcbn28hpcplusbwp30p140ssg0p81v125c       0 
AN2D2BWP30P140                   1      0.630    tcbn28hpcplusbwp30p140ssg0p81v125c       0 
AN2D4BWP30P140                  16     18.144    tcbn28hpcplusbwp30p140ssg0p81v125c       0 
AN2D8BWP30P140                   3      5.670    tcbn28hpcplusbwp30p140ssg0p81v125c       0 
AN3D0BWP30P140                  14      8.820    tcbn28hpcplusbwp30p140ssg0p81v125c       0 
AN3D1BWP30P140                   5      3.150    tcbn28hpcplusbwp30p140ssg0p81v125c       0 
AN3D2BWP30P140                   1      0.756    tcbn28hpcplusbwp30p140ssg0p81v125c       0 
AN3D4BWP30P140                   2      2.772    tcbn28hpcplusbwp30p140ssg0p81v125c       0 
AN4D1BWP30P140                   8      6.048    tcbn28hpcplusbwp30p140ssg0p81v125c       0 
AO211D1BWP30P140                10      7.560    tcbn28hpcplusbwp30p140ssg0p81v125c       0 
AO21D1BWP30P140                  6      3.780    tcbn28hpcplusbwp30p140ssg0p81v125c       0 
AO22D0BWP30P140                780    589.680    tcbn28hpcplusbwp30p140ssg0p81v125c       0 
AOI211D1BWP30P140               17     10.710    tcbn28hpcplusbwp30p140ssg0p81v125c       0 
AOI21D1BWP30P140                52     26.208    tcbn28hpcplusbwp30p140ssg0p81v125c       0 
AOI21OPTREPBD1BWP30P140          1      0.756    tcbn28hpcplusbwp30p140ssg0p81v125c       0 
AOI221D1BWP30P140              724    547.344    tcbn28hpcplusbwp30p140ssg0p81v125c       0 
AOI222D1BWP30P140              514    518.112    tcbn28hpcplusbwp30p140ssg0p81v125c       0 
AOI22D1BWP30P140              1979   1246.770    tcbn28hpcplusbwp30p140ssg0p81v125c       0 
AOI31D1BWP30P140                 3      1.890    tcbn28hpcplusbwp30p140ssg0p81v125c       0 
AOI32D1BWP30P140                 3      2.268    tcbn28hpcplusbwp30p140ssg0p81v125c       0 
BUFFD1P5BWP30P140                1      0.504    tcbn28hpcplusbwp30p140ssg0p81v125c       0 
BUFFD2BWP30P140                  3      1.512    tcbn28hpcplusbwp30p140ssg0p81v125c       0 
BUFFD3BWP30P140                  3      1.890    tcbn28hpcplusbwp30p140ssg0p81v125c       0 
BUFFD4BWP30P140                  2      1.764    tcbn28hpcplusbwp30p140ssg0p81v125c       0 
CKAN2D1BWP30P140               103     51.912    tcbn28hpcplusbwp30p140ssg0p81v125c       0 
CKLNQD1BWP30P140                19     35.910    tcbn28hpcplusbwp30p140ssg0p81v125c       0 
CKMUX2D0BWP30P140               35     30.870    tcbn28hpcplusbwp30p140ssg0p81v125c       0 
CKND1BWP30P140                1458    367.416    tcbn28hpcplusbwp30p140ssg0p81v125c       0 
CKND2BWP30P140                   5      1.890    tcbn28hpcplusbwp30p140ssg0p81v125c       0 
CKND2D1BWP30P140                85     32.130    tcbn28hpcplusbwp30p140ssg0p81v125c       0 
CKND2D3BWP30P140                 1      0.882    tcbn28hpcplusbwp30p140ssg0p81v125c       0 
CKND4BWP30P140                   1      0.630    tcbn28hpcplusbwp30p140ssg0p81v125c       0 
DFCND1BWP30P140                  1      2.520    tcbn28hpcplusbwp30p140ssg0p81v125c       0 
DFCNQD1BWP30P140                 1      2.268    tcbn28hpcplusbwp30p140ssg0p81v125c       0 
DFD1BWP30P140                   26     55.692    tcbn28hpcplusbwp30p140ssg0p81v125c       0 
DFKCND1BWP30P140                 1      2.142    tcbn28hpcplusbwp30p140ssg0p81v125c       0 
DFKCND2BWP30P140                 1      2.394    tcbn28hpcplusbwp30p140ssg0p81v125c       0 
DFKCNQD2BWP30P140                2      4.032    tcbn28hpcplusbwp30p140ssg0p81v125c       0 
DFKSND1BWP30P140                52    124.488    tcbn28hpcplusbwp30p140ssg0p81v125c       0 
DFQD1BWP30P140                   1      1.890    tcbn28hpcplusbwp30p140ssg0p81v125c       0 
DFQD2BWP30P140                 641   1211.490    tcbn28hpcplusbwp30p140ssg0p81v125c       0 
FA1D0BWP30P140                 972   2082.024    tcbn28hpcplusbwp30p140ssg0p81v125c       0 
FA1D1BWP30P140                1782   3817.044    tcbn28hpcplusbwp30p140ssg0p81v125c       0 
FA1D2BWP30P140                   1      2.394    tcbn28hpcplusbwp30p140ssg0p81v125c       0 
HA1D0BWP30P140                  36     58.968    tcbn28hpcplusbwp30p140ssg0p81v125c       0 
HA1D1BWP30P140                 144    235.872    tcbn28hpcplusbwp30p140ssg0p81v125c       0 
IAO21D1BWP30P140                 4      2.520    tcbn28hpcplusbwp30p140ssg0p81v125c       0 
IAO21D2BWP30P140                 1      0.882    tcbn28hpcplusbwp30p140ssg0p81v125c       0 
IND2D1BWP30P140                 53     26.712    tcbn28hpcplusbwp30p140ssg0p81v125c       0 
IND2D2BWP30P140                  1      0.756    tcbn28hpcplusbwp30p140ssg0p81v125c       0 
IND2D4BWP30P140                  2      2.772    tcbn28hpcplusbwp30p140ssg0p81v125c       0 
IND3D1BWP30P140                 18     11.340    tcbn28hpcplusbwp30p140ssg0p81v125c       0 
INR2D1BWP30P140                 95     47.880    tcbn28hpcplusbwp30p140ssg0p81v125c       0 
INR2D2BWP30P140                  1      0.756    tcbn28hpcplusbwp30p140ssg0p81v125c       0 
INR2D4BWP30P140                  5      6.930    tcbn28hpcplusbwp30p140ssg0p81v125c       0 
INR3D0BWP30P140                 16     10.080    tcbn28hpcplusbwp30p140ssg0p81v125c       0 
INR3D2BWP30P140                  1      1.008    tcbn28hpcplusbwp30p140ssg0p81v125c       0 
INR3D4BWP30P140                  1      2.016    tcbn28hpcplusbwp30p140ssg0p81v125c       0 
INR3D8BWP30P140                  1      3.654    tcbn28hpcplusbwp30p140ssg0p81v125c       0 
INR4D0BWP30P140                  1      0.756    tcbn28hpcplusbwp30p140ssg0p81v125c       0 
INVD0P7BWP30P140                10      2.520    tcbn28hpcplusbwp30p140ssg0p81v125c       0 
INVD12BWP30P140                  1      1.638    tcbn28hpcplusbwp30p140ssg0p81v125c       0 
INVD1BWP30P140                   1      0.252    tcbn28hpcplusbwp30p140ssg0p81v125c       0 
INVD3BWP30P140                   4      2.016    tcbn28hpcplusbwp30p140ssg0p81v125c       0 
INVD6BWP30P140                   2      1.764    tcbn28hpcplusbwp30p140ssg0p81v125c       0 
INVD8BWP30P140                   2      2.268    tcbn28hpcplusbwp30p140ssg0p81v125c       0 
INVD9BWP30P140                   1      1.260    tcbn28hpcplusbwp30p140ssg0p81v125c       0 
IOA21D0BWP30P140                 3      1.890    tcbn28hpcplusbwp30p140ssg0p81v125c       0 
IOA21D1BWP30P140                84     52.920    tcbn28hpcplusbwp30p140ssg0p81v125c       0 
MAOI222D1BWP30P140              18     13.608    tcbn28hpcplusbwp30p140ssg0p81v125c       0 
MAOI22D1BWP30P140                7      5.292    tcbn28hpcplusbwp30p140ssg0p81v125c       0 
MOAI22D1BWP30P140               36     27.216    tcbn28hpcplusbwp30p140ssg0p81v125c       0 
MUX2ND2BWP30P140                 1      1.260    tcbn28hpcplusbwp30p140ssg0p81v125c       0 
MUX2NOPTD2BWP30P140              1      1.386    tcbn28hpcplusbwp30p140ssg0p81v125c       0 
ND2D1BWP30P140                 131     49.518    tcbn28hpcplusbwp30p140ssg0p81v125c       0 
ND2D2BWP30P140                   8      5.040    tcbn28hpcplusbwp30p140ssg0p81v125c       0 
ND2D3BWP30P140                   1      0.882    tcbn28hpcplusbwp30p140ssg0p81v125c       0 
ND2D4BWP30P140                   2      2.268    tcbn28hpcplusbwp30p140ssg0p81v125c       0 
ND2OPTIBD1BWP30P140             15      5.670    tcbn28hpcplusbwp30p140ssg0p81v125c       0 
ND2OPTIBD4BWP30P140              1      1.134    tcbn28hpcplusbwp30p140ssg0p81v125c       0 
ND2OPTPAD8BWP30P140              1      3.024    tcbn28hpcplusbwp30p140ssg0p81v125c       0 
ND3D1BWP30P140                  61     30.744    tcbn28hpcplusbwp30p140ssg0p81v125c       0 
ND4D1BWP30P140                 252    158.760    tcbn28hpcplusbwp30p140ssg0p81v125c       0 
ND4D3BWP30P140                   2      3.276    tcbn28hpcplusbwp30p140ssg0p81v125c       0 
NR2D1BWP30P140                 111     41.958    tcbn28hpcplusbwp30p140ssg0p81v125c       0 
NR2D2BWP30P140                   4      2.520    tcbn28hpcplusbwp30p140ssg0p81v125c       0 
NR2D3BWP30P140                   3      2.646    tcbn28hpcplusbwp30p140ssg0p81v125c       0 
NR2OPTD6BWP30P140                3      4.914    tcbn28hpcplusbwp30p140ssg0p81v125c       0 
NR2OPTIBD1BWP30P140            106     40.068    tcbn28hpcplusbwp30p140ssg0p81v125c       0 
NR2OPTPAD6BWP30P140              1      2.394    tcbn28hpcplusbwp30p140ssg0p81v125c       0 
NR3D0P7BWP30P140                 3      1.512    tcbn28hpcplusbwp30p140ssg0p81v125c       0 
NR3D2BWP30P140                   2      3.528    tcbn28hpcplusbwp30p140ssg0p81v125c       0 
NR4D0BWP30P140                  12      7.560    tcbn28hpcplusbwp30p140ssg0p81v125c       0 
OA21D1BWP30P140                 13      8.190    tcbn28hpcplusbwp30p140ssg0p81v125c       0 
OAI211D1BWP30P140              526    331.380    tcbn28hpcplusbwp30p140ssg0p81v125c       0 
OAI21D1BWP30P140               171     86.184    tcbn28hpcplusbwp30p140ssg0p81v125c       0 
OAI221D1BWP30P140              118    104.076    tcbn28hpcplusbwp30p140ssg0p81v125c       0 
OAI222D1BWP30P140                1      1.008    tcbn28hpcplusbwp30p140ssg0p81v125c       0 
OAI22D0P7BWP30P140               5      3.150    tcbn28hpcplusbwp30p140ssg0p81v125c       0 
OAI22D1BWP30P140                44     27.720    tcbn28hpcplusbwp30p140ssg0p81v125c       0 
OAI22OPTPBD1BWP30P140            1      1.008    tcbn28hpcplusbwp30p140ssg0p81v125c       0 
OAI31D1BWP30P140                 4      2.520    tcbn28hpcplusbwp30p140ssg0p81v125c       0 
OAI32D1BWP30P140                 3      2.268    tcbn28hpcplusbwp30p140ssg0p81v125c       0 
OAI33D1BWP30P140                 1      0.882    tcbn28hpcplusbwp30p140ssg0p81v125c       0 
OR2D0BWP30P140                  33     16.632    tcbn28hpcplusbwp30p140ssg0p81v125c       0 
OR2D1BWP30P140                 143     72.072    tcbn28hpcplusbwp30p140ssg0p81v125c       0 
OR2D2BWP30P140                  17     10.710    tcbn28hpcplusbwp30p140ssg0p81v125c       0 
OR2D4BWP30P140                   3      3.402    tcbn28hpcplusbwp30p140ssg0p81v125c       0 
OR3D1BWP30P140                  16     10.080    tcbn28hpcplusbwp30p140ssg0p81v125c       0 
OR3D2BWP30P140                   8      6.048    tcbn28hpcplusbwp30p140ssg0p81v125c       0 
OR3D4BWP30P140                   1      1.386    tcbn28hpcplusbwp30p140ssg0p81v125c       0 
OR3D8BWP30P140                   1      2.268    tcbn28hpcplusbwp30p140ssg0p81v125c       0 
OR4D1BWP30P140                  34     25.704    tcbn28hpcplusbwp30p140ssg0p81v125c       0 
OR4D2BWP30P140                   5      4.410    tcbn28hpcplusbwp30p140ssg0p81v125c       0 
OR4D4BWP30P140                   1      1.638    tcbn28hpcplusbwp30p140ssg0p81v125c       0 
XNR2D1BWP30P140                  3      3.024    tcbn28hpcplusbwp30p140ssg0p81v125c       0 
XNR2UD1BWP30P140               711    627.102    tcbn28hpcplusbwp30p140ssg0p81v125c       0 
XNR3UD1BWP30P140                36     63.504    tcbn28hpcplusbwp30p140ssg0p81v125c       0 
XNR4D1BWP30P140                 18     47.628    tcbn28hpcplusbwp30p140ssg0p81v125c       0 
XOR2UD1BWP30P140                88     77.616    tcbn28hpcplusbwp30p140ssg0p81v125c       0 
XOR3D1BWP30P140                  2      3.780    tcbn28hpcplusbwp30p140ssg0p81v125c       0 
XOR3D2BWP30P140                  1      2.016    tcbn28hpcplusbwp30p140ssg0p81v125c       0 
XOR3UD0BWP30P140                54     95.256    tcbn28hpcplusbwp30p140ssg0p81v125c       0 
XOR3UD1BWP30P140                48     84.672    tcbn28hpcplusbwp30p140ssg0p81v125c       0 
XOR4D0BWP30P140                  6     15.876    tcbn28hpcplusbwp30p140ssg0p81v125c       0 
--------------------------------------------------------------------------------------------
total                        12727  13478.094                                       


                                                        
            Type             Instances    Area   Area % 
--------------------------------------------------------
sequential                         726  1406.916   10.4 
inverter                          1485   381.654    2.8 
buffer                               9     5.670    0.0 
clock_gating_integrated_cell        19    35.910    0.3 
unresolved                           1     0.000    0.0 
logic                            10488 11647.944   86.4 
physical_cells                       0     0.000    0.0 
--------------------------------------------------------
total                            12728 13478.094  100.0 

