xrun(64): 23.03-s003: (c) Copyright 1995-2023 Cadence Design Systems, Inc.
TOOL:	xrun(64)	23.03-s003: Started on Sep 29, 2026 at 15:06:40 -03
xrun
	-64bit
	-sv
	-access +r
	-cdslib /tmp/fastconv-trunc-column-9d79ad4b/rtl/conv2x2/fpga_zcu104/stream08_pipeline_campaign/reports/simlibs_unisim/cds.lib
	-hdlvar /tmp/fastconv-trunc-column-9d79ad4b/rtl/conv2x2/fpga_zcu104/stream08_pipeline_campaign/reports/simlibs_unisim/hdl.var
	-reflib /tmp/fastconv-trunc-column-9d79ad4b/rtl/conv2x2/fpga_zcu104/stream08_pipeline_campaign/reports/simlibs_unisim/unisims_ver:unisims_ver
	-define GATE_LEVEL
	-define COLUMN_IO
	-top tb_power
	-top glbl
	-timescale 1ns/1ps
	-input /tmp/fastconv-trunc-column-9d79ad4b/rtl/conv2x2/fpga_zcu104/column_power_comparison/scripts/capture_dut_saif.tcl
	-l xrun.log
	/tmp/fastconv-trunc-column-9d79ad4b/rtl/conv2x2/pack-param/tcn4/pack_param.sv
	/tmp/fastconv-trunc-column-9d79ad4b/rtl/conv2x2/data/tcn4/sim/sim-032-3-3-normal-trunc/pack_data.sv
	/tmp/fastconv-trunc-column-9d79ad4b/rtl/mem/mem.sv
	/tmp/fastconv-trunc-column-9d79ad4b/rtl/conv2x2/fpga_zcu104/stream08_pipeline_campaign/reports/prefetch8-rowconst4-trunc-column/design_routed_funcsim.v
	/soft64/xilinx/ferramentas/Vivado/2023.2/Vivado/2023.2/data/verilog/src/glbl.v
	/tmp/fastconv-trunc-column-9d79ad4b/rtl/conv2x2/fpga_zcu104/column_power_comparison/tb/tb_power.sv
file: /tmp/fastconv-trunc-column-9d79ad4b/rtl/conv2x2/pack-param/tcn4/pack_param.sv
	package worklib.pack_param:sv
		errors: 0, warnings: 0
file: /tmp/fastconv-trunc-column-9d79ad4b/rtl/conv2x2/data/tcn4/sim/sim-032-3-3-normal-trunc/pack_data.sv
	package worklib.pack_data:sv
		errors: 0, warnings: 0
file: /tmp/fastconv-trunc-column-9d79ad4b/rtl/mem/mem.sv
	module worklib.Memory:sv
		errors: 0, warnings: 0
file: /tmp/fastconv-trunc-column-9d79ad4b/rtl/conv2x2/fpga_zcu104/stream08_pipeline_campaign/reports/prefetch8-rowconst4-trunc-column/design_routed_funcsim.v
	module worklib.Conv:v
		errors: 0, warnings: 0
	module worklib.MatrixC0:v
		errors: 0, warnings: 0
	module worklib.MatrixC1:v
		errors: 0, warnings: 0
	module worklib.Multip:v
		errors: 0, warnings: 0
	module worklib.Multip_0:v
		errors: 0, warnings: 0
	module worklib.Multip_1:v
		errors: 0, warnings: 0
	module worklib.Multip_2:v
		errors: 0, warnings: 0
	module worklib.Multip_3:v
		errors: 0, warnings: 0
	module worklib.Multip_4:v
		errors: 0, warnings: 0
	module worklib.Multip_5:v
		errors: 0, warnings: 0
	module worklib.Multip_6:v
		errors: 0, warnings: 0
	module worklib.Transform:v
		errors: 0, warnings: 0
	module worklib.WeightTransformRowConst:v
		errors: 0, warnings: 0
	module worklib.WeightTransformRowConst__parameterized0:v
		errors: 0, warnings: 0
	module worklib.WeightTransformRowConst__parameterized1:v
		errors: 0, warnings: 0
	module worklib.WeightTransformRowConst__parameterized2:v
		errors: 0, warnings: 0
	module worklib.glbl:v
		errors: 0, warnings: 0
file: /soft64/xilinx/ferramentas/Vivado/2023.2/Vivado/2023.2/data/verilog/src/glbl.v
file: /tmp/fastconv-trunc-column-9d79ad4b/rtl/conv2x2/fpga_zcu104/column_power_comparison/tb/tb_power.sv
	module worklib.tb_power:sv
		errors: 0, warnings: 0
	Elaborating the design hierarchy:
		Caching library 'worklib' ....... Done
		Caching library 'unisims_ver' ....... Done
xmelab: *W,CUSRCH: Resolved design unit 'BUFGCE' at 'clk_IBUF_BUFG_inst' to 'unisims_ver.BUFGCE:module' through a global search of all libraries.
xmelab: *W,CUSRCH: Resolved design unit 'IBUF' at 'clk_IBUF_inst' to 'unisims_ver.IBUF:module' through a global search of all libraries.
xmelab: *W,CUSRCH: Resolved design unit 'LUT2' at 'i__carry__0_i_1__10' to 'unisims_ver.LUT2:module' through a global search of all libraries.
xmelab: *W,CUSRCH: Resolved design unit 'x_lut2_mux4' at '' to 'unisims_ver.x_lut2_mux4:udp' through a global search of all libraries.
xmelab: *W,CUSRCH: Resolved design unit 'DSP48E2' at 'partial_product' to 'unisims_ver.DSP48E2:module' through a global search of all libraries.
xmelab: *W,CUSRCH: Resolved design unit 'CARRY8' at 'partial_product__0_carry' to 'unisims_ver.CARRY8:module' through a global search of all libraries.
xmelab: *W,CUSRCH: Resolved design unit 'LUT6' at 'partial_product__0_carry__0_i_1__6' to 'unisims_ver.LUT6:module' through a global search of all libraries.
xmelab: *W,CUSRCH: Resolved design unit 'LUT3' at 'partial_product__0_carry__0_i_3__6' to 'unisims_ver.LUT3:module' through a global search of all libraries.
xmelab: *W,CUSRCH: Resolved design unit 'x_lut3_mux8' at '' to 'unisims_ver.x_lut3_mux8:udp' through a global search of all libraries.
xmelab: *W,CUSRCH: Resolved design unit 'LUT5' at 'partial_product__0_carry__0_i_7__6' to 'unisims_ver.LUT5:module' through a global search of all libraries.
xmelab: *W,CUSRCH: Resolved design unit 'LUT4' at 'partial_product__0_carry_i_14__6' to 'unisims_ver.LUT4:module' through a global search of all libraries.
xmelab: *W,CUSRCH: Resolved design unit 'OBUF' at 'p_end_OBUF_inst' to 'unisims_ver.OBUF:module' through a global search of all libraries.
xmelab: *W,CUSRCH: Resolved design unit 'FDCE' at 'r_conv_multiply_count_reg[0]' to 'unisims_ver.FDCE:module' through a global search of all libraries.
xmelab: *W,CUSRCH: Resolved design unit 'FDPE' at 'r_input_channel_counter_input_reg[0]' to 'unisims_ver.FDPE:module' through a global search of all libraries.
xmelab: *W,CUSRCH: Resolved design unit 'LUT1' at 'r_input_channel_counter_output[0]_i_1' to 'unisims_ver.LUT1:module' through a global search of all libraries.
xmelab: *W,CUSRCH: Resolved design unit 'x_lut1_mux2' at '' to 'unisims_ver.x_lut1_mux2:udp' through a global search of all libraries.
xmelab: *W,CUSRCH: Resolved design unit 'FDRE' at 'r_output_read_reg[0][0]' to 'unisims_ver.FDRE:module' through a global search of all libraries.
	Top level design units:
		pack_data
		pack_param
		tb_power
		glbl
	Building instance overlay tables: .................... Done
	Generating native compiled code:
		worklib.Memory:sv <0x7859319f>
			streams:   6, words:  2805
		worklib.WeightTransformRowConst__parameterized2:v <0x2ba0b758>
			streams:   4, words:  1067
		worklib.WeightTransformRowConst__parameterized1:v <0x17ca2b82>
			streams:  23, words:  6382
		worklib.WeightTransformRowConst__parameterized0:v <0x01aedcf8>
			streams:  25, words:  6803
		worklib.WeightTransformRowConst:v <0x38faf93f>
			streams:   7, words:  1788
		worklib.MatrixC1:v <0x3bfea1c0>
			streams:  40, words:  9104
		worklib.MatrixC0:v <0x0dcf43f1>
			streams:  24, words:  5274
		worklib.Transform:v <0x5bc51b69>
			streams:   0, words:     0
		worklib.Multip_6:v <0x6a99949b>
			streams:   5, words:  1698
		worklib.Multip_5:v <0x451042fc>
			streams:   5, words:  1698
		worklib.Multip_4:v <0x3735a42e>
			streams:   5, words:  1698
		worklib.Multip_3:v <0x035ba2c3>
			streams:   5, words:  1698
		worklib.Multip_2:v <0x717e4411>
			streams:   5, words:  1698
		worklib.Multip_1:v <0x67106f67>
			streams:   5, words:  1698
		worklib.Multip_0:v <0x153589b5>
			streams:   5, words:  1698
		worklib.Multip:v <0x02ed0a6d>
			streams:   5, words:  1698
		worklib.Conv:v <0x204dc8fa>
			streams:  34, words:  7782
		worklib.glbl:v <0x3a6ea307>
			streams:  12, words:  3717
		worklib.tb_power:sv <0x114437b3>
			streams:  35, words: 22161
		worklib.pack_data:sv <0x35e58f3f>
			streams:   5, words:  3736
		worklib.pack_param:sv <0x075cf18b>
			streams:   1, words:   708
		unisims_ver.LUT6:module <0x3222e423>
			streams:   4, words: 36075
		unisims_ver.LUT3:module <0x6f6ee6bd>
			streams:   2, words:   902
		unisims_ver.LUT3:module <0x4d2b9f66>
			streams:   2, words:   891
		unisims_ver.LUT6:module <0x607f9cb3>
			streams:   4, words: 36075
		unisims_ver.LUT6:module <0x0a2b2eea>
			streams:   4, words: 36075
		unisims_ver.LUT3:module <0x61f05e7a>
			streams:   2, words:   902
		unisims_ver.LUT3:module <0x28f6c362>
			streams:   2, words:   891
		unisims_ver.LUT4:module <0x6ba8e05d>
			streams:   4, words:  9134
		unisims_ver.LUT3:module <0x0b078139>
			streams:   2, words:   894
		unisims_ver.LUT6:module <0x18aeaeef>
			streams:   4, words: 36075
		unisims_ver.LUT6:module <0x644d51ca>
			streams:   4, words: 36075
		unisims_ver.LUT4:module <0x183e4d47>
			streams:   4, words:  9137
		unisims_ver.LUT5:module <0x196dfd11>
			streams:   5, words: 20986
		unisims_ver.LUT5:module <0x78751928>
			streams:   5, words: 20992
		unisims_ver.LUT6:module <0x2d97f254>
			streams:   4, words: 36075
		unisims_ver.LUT6:module <0x4793d4ce>
			streams:   4, words: 36075
		unisims_ver.LUT5:module <0x70fc35c7>
			streams:   5, words: 20992
		unisims_ver.LUT5:module <0x192f2579>
			streams:   5, words: 20986
		unisims_ver.LUT6:module <0x0e44c238>
			streams:   4, words: 36075
		unisims_ver.LUT6:module <0x70487b8f>
			streams:   4, words: 36075
		unisims_ver.LUT3:module <0x604465fa>
			streams:   2, words:   894
		unisims_ver.LUT5:module <0x0688873a>
			streams:   5, words: 20986
		unisims_ver.LUT5:module <0x65552902>
			streams:   5, words: 20992
		unisims_ver.LUT6:module <0x59e28949>
			streams:   4, words: 36075
		unisims_ver.LUT6:module <0x55031c60>
			streams:   4, words: 36075
		unisims_ver.LUT6:module <0x5dd6eca9>
			streams:   4, words: 36075
		unisims_ver.LUT3:module <0x4c9fa4e6>
			streams:   2, words:   899
		unisims_ver.LUT3:module <0x7655f718>
			streams:   2, words:   891
		unisims_ver.LUT6:module <0x5c449b03>
			streams:   4, words: 36075
		unisims_ver.LUT3:module <0x042d027e>
			streams:   2, words:   902
		unisims_ver.LUT3:module <0x26687ba5>
			streams:   2, words:   891
		unisims_ver.CARRY8:module <0x404e68ba>
			streams:  14, words:  6691
		unisims_ver.LUT6:module <0x5a41c1e0>
			streams:   4, words: 36075
		unisims_ver.LUT3:module <0x3337f8ae>
			streams:   2, words:   890
		unisims_ver.LUT6:module <0x2d3c1cec>
			streams:   4, words: 36075
		unisims_ver.LUT6:module <0x1f225986>
			streams:   4, words: 36075
		unisims_ver.LUT6:module <0x215221e7>
			streams:   4, words: 36075
		unisims_ver.LUT4:module <0x339ef245>
			streams:   4, words:  9137
		unisims_ver.LUT6:module <0x37ca51fd>
			streams:   4, words: 36075
		unisims_ver.LUT6:module <0x298b1510>
			streams:   4, words: 36075
		unisims_ver.LUT5:module <0x6380802b>
			streams:   5, words: 20983
		unisims_ver.LUT5:module <0x66ac2043>
			streams:   5, words: 20992
		unisims_ver.LUT6:module <0x03fabbd4>
			streams:   4, words: 36075
		unisims_ver.LUT6:module <0x697bfffb>
			streams:   4, words: 36075
		unisims_ver.LUT6:module <0x44525d9d>
			streams:   4, words: 36052
		unisims_ver.LUT6:module <0x4524a537>
			streams:   4, words: 36075
		unisims_ver.LUT4:module <0x6cfbc18b>
			streams:   4, words:  9137
		unisims_ver.LUT6:module <0x3483845e>
			streams:   4, words: 36075
		unisims_ver.LUT4:module <0x5b9d854a>
			streams:   4, words:  9137
		unisims_ver.LUT5:module <0x1d081ba6>
			streams:   5, words: 20986
		unisims_ver.LUT6:module <0x68199aed>
			streams:   4, words: 36075
		unisims_ver.LUT4:module <0x6916c7bb>
			streams:   4, words:  9137
		unisims_ver.LUT5:module <0x20564d70>
			streams:   5, words: 20992
		unisims_ver.LUT6:module <0x11f8a1dd>
			streams:   4, words: 36061
		unisims_ver.LUT6:module <0x1c9c4d96>
			streams:   4, words: 36075
		unisims_ver.LUT3:module <0x4e658e8f>
			streams:   2, words:   895
		unisims_ver.LUT6:module <0x03804598>
			streams:   4, words: 36075
		unisims_ver.LUT6:module <0x2a733937>
			streams:   4, words: 36052
		unisims_ver.LUT6:module <0x4a26ccfe>
			streams:   4, words: 36052
		unisims_ver.LUT6:module <0x013ee47b>
			streams:   4, words: 36061
		unisims_ver.LUT4:module <0x53f2df40>
			streams:   4, words:  9137
		unisims_ver.LUT6:module <0x5f30b65d>
			streams:   4, words: 36075
		unisims_ver.LUT5:module <0x3b19203d>
			streams:   5, words: 20986
		unisims_ver.LUT3:module <0x7215984a>
			streams:   2, words:   879
		unisims_ver.LUT6:module <0x505233a5>
			streams:   4, words: 36075
		unisims_ver.LUT6:module <0x35d1d600>
			streams:   4, words: 36075
		unisims_ver.LUT6:module <0x30b2c1d0>
			streams:   4, words: 36075
		unisims_ver.LUT4:module <0x10104c60>
			streams:   4, words:  9137
		unisims_ver.LUT6:module <0x33f19f40>
			streams:   4, words: 36075
		unisims_ver.LUT6:module <0x4b5ef7d9>
			streams:   4, words: 36075
		unisims_ver.LUT6:module <0x69a7c400>
			streams:   4, words: 36075
		unisims_ver.LUT6:module <0x6c941752>
			streams:   4, words: 36075
		unisims_ver.LUT4:module <0x7f3a7b9e>
			streams:   4, words:  9134
		unisims_ver.LUT6:module <0x2140f888>
			streams:   4, words: 36075
		unisims_ver.LUT6:module <0x6c2a31f9>
			streams:   4, words: 36075
		unisims_ver.LUT4:module <0x626f558a>
			streams:   4, words:  9137
		unisims_ver.LUT5:module <0x4180b512>
			streams:   5, words: 20986
		unisims_ver.LUT4:module <0x77ca5fb4>
			streams:   4, words:  9137
		unisims_ver.LUT2:module <0x7f9ee439>
			streams:   2, words:   602
		unisims_ver.LUT6:module <0x73c39133>
			streams:   4, words: 36075
		unisims_ver.LUT6:module <0x7bc2192c>
			streams:   4, words: 36075
		unisims_ver.LUT6:module <0x6c91a3fb>
			streams:   4, words: 36061
		unisims_ver.LUT6:module <0x49300430>
			streams:   4, words: 36075
		unisims_ver.LUT6:module <0x306f1843>
			streams:   4, words: 36075
		unisims_ver.LUT6:module <0x36887343>
			streams:   4, words: 36075
		unisims_ver.LUT6:module <0x2de594f9>
			streams:   4, words: 36075
		unisims_ver.LUT5:module <0x0d94bf5f>
			streams:   5, words: 20986
		unisims_ver.LUT6:module <0x4e754fec>
			streams:   4, words: 36075
		unisims_ver.LUT5:module <0x1761cbb2>
			streams:   5, words: 20992
		unisims_ver.LUT6:module <0x71508941>
			streams:   4, words: 36052
		unisims_ver.LUT6:module <0x2005bef2>
			streams:   4, words: 36075
		unisims_ver.LUT6:module <0x43f8403f>
			streams:   4, words: 36075
		unisims_ver.LUT6:module <0x5c27508d>
			streams:   4, words: 36075
		unisims_ver.LUT6:module <0x0abafddf>
			streams:   4, words: 36075
		unisims_ver.LUT6:module <0x07d0b695>
			streams:   4, words: 36075
		unisims_ver.LUT3:module <0x0d798eca>
			streams:   2, words:   879
		unisims_ver.LUT6:module <0x695552f6>
			streams:   4, words: 36075
		unisims_ver.LUT6:module <0x3ca76f88>
			streams:   4, words: 36075
		unisims_ver.LUT3:module <0x38995e73>
			streams:   2, words:   903
		unisims_ver.LUT6:module <0x4f2a6096>
			streams:   4, words: 36075
		unisims_ver.LUT5:module <0x1b8ddd79>
			streams:   5, words: 20986
		unisims_ver.LUT5:module <0x4b5a197a>
			streams:   5, words: 20986
		unisims_ver.LUT5:module <0x6b78b6ec>
			streams:   5, words: 20986
		unisims_ver.LUT6:module <0x13e3f625>
			streams:   4, words: 36075
		unisims_ver.LUT4:module <0x559d6cf2>
			streams:   4, words:  9134
		unisims_ver.LUT3:module <0x3bd74f9a>
			streams:   2, words:   883
		unisims_ver.LUT3:module <0x04e948b6>
			streams:   2, words:   887
		unisims_ver.LUT6:module <0x2afa1576>
			streams:   4, words: 36075
		unisims_ver.LUT4:module <0x0b7c1a77>
			streams:   4, words:  9137
		unisims_ver.LUT4:module <0x433b9de7>
			streams:   4, words:  9137
		unisims_ver.LUT4:module <0x7b61a2fa>
			streams:   4, words:  9137
		unisims_ver.LUT4:module <0x75ec3b45>
			streams:   4, words:  9137
		unisims_ver.LUT5:module <0x6d922815>
			streams:   5, words: 20992
		unisims_ver.LUT6:module <0x31045c29>
			streams:   4, words: 36075
		unisims_ver.LUT3:module <0x6edadd3d>
			streams:   2, words:   894
		unisims_ver.LUT3:module <0x3079e947>
			streams:   2, words:   894
		unisims_ver.LUT6:module <0x361681c3>
			streams:   4, words: 36075
		unisims_ver.LUT3:module <0x059939fe>
			streams:   2, words:   894
		unisims_ver.LUT4:module <0x2eb2d194>
			streams:   4, words:  9137
		unisims_ver.LUT3:module <0x7b4114fe>
			streams:   2, words:   894
		unisims_ver.LUT4:module <0x75120b13>
			streams:   4, words:  9137
		unisims_ver.LUT4:module <0x79d407e6>
			streams:   4, words:  9137
		unisims_ver.LUT5:module <0x01041fb3>
			streams:   5, words: 20986
		unisims_ver.LUT4:module <0x5a356a97>
			streams:   4, words:  9134
		unisims_ver.LUT6:module <0x41bd076f>
			streams:   4, words: 36075
		unisims_ver.LUT4:module <0x52f4b840>
			streams:   4, words:  9137
		unisims_ver.LUT4:module <0x33476b1c>
			streams:   4, words:  9137
		unisims_ver.FDRE:module <0x47e8d405>
			streams:   9, words:  3925
		unisims_ver.LUT5:module <0x4e1a6d5f>
			streams:   5, words: 20986
		unisims_ver.LUT5:module <0x7cac374c>
			streams:   5, words: 20986
		unisims_ver.LUT4:module <0x33c33a6d>
			streams:   4, words:  9137
		unisims_ver.LUT5:module <0x69379ff3>
			streams:   5, words: 20986
		unisims_ver.LUT3:module <0x11728175>
			streams:   2, words:   879
		unisims_ver.LUT6:module <0x124d0b5f>
			streams:   4, words: 36061
		unisims_ver.LUT4:module <0x65639e9b>
			streams:   4, words:  9137
		unisims_ver.LUT5:module <0x21cdd6a2>
			streams:   5, words: 20986
		unisims_ver.LUT6:module <0x07d67c32>
			streams:   4, words: 36075
		unisims_ver.LUT5:module <0x7b4cbd6e>
			streams:   5, words: 20986
		unisims_ver.LUT4:module <0x5c5e0993>
			streams:   4, words:  9137
		unisims_ver.LUT3:module <0x16b8b506>
			streams:   2, words:   886
		unisims_ver.LUT6:module <0x1eea9e5d>
			streams:   4, words: 36075
		unisims_ver.LUT4:module <0x63c7ba57>
			streams:   4, words:  9137
		unisims_ver.LUT6:module <0x287c62a9>
			streams:   4, words: 36061
		unisims_ver.LUT5:module <0x774a3633>
			streams:   5, words: 20986
		unisims_ver.LUT4:module <0x26a83996>
			streams:   4, words:  9137
		unisims_ver.LUT4:module <0x6f813765>
			streams:   4, words:  9137
		unisims_ver.LUT6:module <0x5fe55458>
			streams:   4, words: 36075
		unisims_ver.LUT4:module <0x1ef2068b>
			streams:   4, words:  9137
		unisims_ver.LUT6:module <0x575e63cb>
			streams:   4, words: 36075
		unisims_ver.LUT5:module <0x10be9d59>
			streams:   5, words: 20986
		unisims_ver.LUT6:module <0x68584ebb>
			streams:   4, words: 36052
		unisims_ver.LUT5:module <0x478d8a61>
			streams:   5, words: 20986
		unisims_ver.LUT5:module <0x197761bd>
			streams:   5, words: 20986
		unisims_ver.LUT6:module <0x7efcb5cf>
			streams:   4, words: 36062
		unisims_ver.LUT5:module <0x72687a57>
			streams:   5, words: 20986
		unisims_ver.LUT4:module <0x284a737d>
			streams:   4, words:  9137
		unisims_ver.LUT5:module <0x6b9d7eb7>
			streams:   5, words: 20983
		unisims_ver.LUT6:module <0x0faafbe9>
			streams:   4, words: 36075
		unisims_ver.LUT4:module <0x5ab687b2>
			streams:   4, words:  9137
		unisims_ver.LUT5:module <0x63c28cc8>
			streams:   5, words: 20986
		unisims_ver.LUT5:module <0x25641130>
			streams:   5, words: 20986
		unisims_ver.LUT5:module <0x6dde4b41>
			streams:   5, words: 20986
		unisims_ver.LUT3:module <0x34fdccdd>
			streams:   2, words:   883
		unisims_ver.LUT6:module <0x4e4063f4>
			streams:   4, words: 36075
		unisims_ver.LUT5:module <0x63391a6f>
			streams:   5, words: 20986
		unisims_ver.LUT4:module <0x33d5e4fc>
			streams:   4, words:  9137
		unisims_ver.LUT4:module <0x20bd6a60>
			streams:   4, words:  9137
		unisims_ver.LUT4:module <0x42744fd2>
			streams:   4, words:  9137
		unisims_ver.LUT4:module <0x65f33394>
			streams:   4, words:  9137
		unisims_ver.LUT5:module <0x6c0c0f0d>
			streams:   5, words: 20992
		unisims_ver.LUT5:module <0x290147fc>
			streams:   5, words: 20986
		unisims_ver.LUT6:module <0x2733f766>
			streams:   4, words: 36075
		unisims_ver.LUT5:module <0x3155fd55>
			streams:   5, words: 20986
		unisims_ver.LUT4:module <0x14c235b5>
			streams:   4, words:  9137
		unisims_ver.LUT5:module <0x1267ce0d>
			streams:   5, words: 20986
		unisims_ver.LUT4:module <0x3dc46f81>
			streams:   4, words:  9137
		unisims_ver.LUT4:module <0x5fec8582>
			streams:   4, words:  9137
		unisims_ver.LUT6:module <0x37602465>
			streams:   4, words: 36075
		unisims_ver.LUT4:module <0x17bae1b4>
			streams:   4, words:  9137
		unisims_ver.LUT6:module <0x42915e52>
			streams:   4, words: 36075
		unisims_ver.LUT6:module <0x4c34f6a3>
			streams:   4, words: 36061
		unisims_ver.LUT4:module <0x157d4af4>
			streams:   4, words:  9137
		unisims_ver.LUT5:module <0x432a387a>
			streams:   5, words: 20986
		unisims_ver.LUT5:module <0x280e88c8>
			streams:   5, words: 20986
		unisims_ver.LUT4:module <0x0b2371d3>
			streams:   4, words:  9137
		unisims_ver.LUT3:module <0x6a5ef8a7>
			streams:   2, words:   891
		unisims_ver.LUT6:module <0x5de5cb93>
			streams:   4, words: 36075
		unisims_ver.LUT5:module <0x71730a49>
			streams:   5, words: 20986
		unisims_ver.LUT4:module <0x6561bc74>
			streams:   4, words:  9137
		unisims_ver.LUT4:module <0x118e6877>
			streams:   4, words:  9137
		unisims_ver.LUT6:module <0x4deffdfe>
			streams:   4, words: 36075
		unisims_ver.LUT5:module <0x27180ee7>
			streams:   5, words: 20986
		unisims_ver.LUT4:module <0x79d62509>
			streams:   4, words:  9134
		unisims_ver.LUT5:module <0x24e04945>
			streams:   5, words: 20992
		unisims_ver.LUT5:module <0x10ad7485>
			streams:   5, words: 20986
		unisims_ver.LUT6:module <0x1134b965>
			streams:   4, words: 36075
		unisims_ver.LUT4:module <0x3699385d>
			streams:   4, words:  9137
		unisims_ver.LUT6:module <0x025279f6>
			streams:   4, words: 36075
		unisims_ver.LUT4:module <0x1ee22a43>
			streams:   4, words:  9137
		unisims_ver.LUT4:module <0x7f622d0d>
			streams:   4, words:  9134
		unisims_ver.LUT6:module <0x4ae7d9d3>
			streams:   4, words: 36075
		unisims_ver.LUT5:module <0x4a5efd42>
			streams:   5, words: 20986
		unisims_ver.LUT6:module <0x6e01d976>
			streams:   4, words: 36052
		unisims_ver.LUT1:module <0x0ba8e279>
			streams:   2, words:   447
		unisims_ver.FDPE:module <0x23d00bfa>
			streams:  12, words:  8281
		unisims_ver.LUT4:module <0x419c36dc>
			streams:   4, words:  9134
		unisims_ver.LUT6:module <0x1dffc35f>
			streams:   4, words: 36075
		unisims_ver.LUT5:module <0x440cc1eb>
			streams:   5, words: 20986
		unisims_ver.LUT4:module <0x5a7d10cc>
			streams:   4, words:  9137
		unisims_ver.LUT5:module <0x7767a0b5>
			streams:   5, words: 20986
		unisims_ver.LUT3:module <0x1bac56e0>
			streams:   2, words:   883
		unisims_ver.LUT6:module <0x39ca7fd1>
			streams:   4, words: 36075
		unisims_ver.LUT5:module <0x510b012d>
			streams:   5, words: 20992
		unisims_ver.LUT4:module <0x744c3a80>
			streams:   4, words:  9137
		unisims_ver.LUT3:module <0x1a186d60>
			streams:   2, words:   883
		unisims_ver.LUT5:module <0x0c1ff77c>
			streams:   5, words: 20983
		unisims_ver.LUT4:module <0x0e5109c3>
			streams:   4, words:  9137
		unisims_ver.LUT5:module <0x577e9d97>
			streams:   5, words: 20992
		unisims_ver.LUT4:module <0x5afefde9>
			streams:   4, words:  9134
		unisims_ver.LUT6:module <0x4b717b59>
			streams:   4, words: 36075
		unisims_ver.LUT6:module <0x02ecb41e>
			streams:   4, words: 36061
		unisims_ver.LUT5:module <0x0d913cf8>
			streams:   5, words: 20986
		unisims_ver.LUT4:module <0x78b77f45>
			streams:   4, words:  9137
		unisims_ver.LUT5:module <0x5441d249>
			streams:   5, words: 20986
		unisims_ver.LUT3:module <0x5c34733f>
			streams:   2, words:   902
		unisims_ver.LUT6:module <0x6b1de456>
			streams:   4, words: 36061
		unisims_ver.LUT5:module <0x0ea8b1eb>
			streams:   5, words: 20992
		unisims_ver.LUT4:module <0x360b36de>
			streams:   4, words:  9137
		unisims_ver.LUT4:module <0x70d326d6>
			streams:   4, words:  9137
		unisims_ver.LUT3:module <0x64040aa8>
			streams:   2, words:   906
		unisims_ver.LUT3:module <0x00a927e4>
			streams:   2, words:   891
		unisims_ver.LUT2:module <0x46725373>
			streams:   2, words:   591
		unisims_ver.LUT6:module <0x4fb0d3a8>
			streams:   4, words: 36075
		unisims_ver.LUT4:module <0x51432b89>
			streams:   4, words:  9137
		unisims_ver.LUT5:module <0x4ede8532>
			streams:   5, words: 20992
		unisims_ver.LUT4:module <0x52fb6b6f>
			streams:   4, words:  9137
		unisims_ver.LUT3:module <0x7eb5402c>
			streams:   2, words:   882
		unisims_ver.LUT6:module <0x79c93732>
			streams:   4, words: 36075
		unisims_ver.LUT3:module <0x011d1c64>
			streams:   2, words:   891
		unisims_ver.LUT2:module <0x72c5b591>
			streams:   2, words:   599
		unisims_ver.LUT2:module <0x7b57d4a1>
			streams:   2, words:   598
		unisims_ver.LUT6:module <0x00090052>
			streams:   4, words: 36075
		unisims_ver.LUT6:module <0x3418a64a>
			streams:   4, words: 36075
		unisims_ver.LUT6:module <0x366b3753>
			streams:   4, words: 36075
		unisims_ver.LUT6:module <0x2a63b25f>
			streams:   4, words: 36075
		unisims_ver.LUT5:module <0x6878bc11>
			streams:   5, words: 20986
		unisims_ver.LUT4:module <0x488919cb>
			streams:   4, words:  9137
		unisims_ver.LUT3:module <0x6faaac75>
			streams:   2, words:   879
		unisims_ver.LUT6:module <0x27e8490d>
			streams:   4, words: 36075
		unisims_ver.LUT3:module <0x2dc6dd78>
			streams:   2, words:   894
		unisims_ver.LUT2:module <0x78671971>
			streams:   2, words:   602
		unisims_ver.LUT6:module <0x2f09a90f>
			streams:   4, words: 36075
		unisims_ver.LUT6:module <0x1895b70e>
			streams:   4, words: 36075
		unisims_ver.LUT6:module <0x32f13806>
			streams:   4, words: 36075
		unisims_ver.LUT6:module <0x6ffd08d8>
			streams:   4, words: 36075
		unisims_ver.LUT6:module <0x7b9f6690>
			streams:   4, words: 36075
		unisims_ver.LUT5:module <0x7d7d73c4>
			streams:   5, words: 20986
		unisims_ver.CARRY8:module <0x49e3ba6a>
			streams:  14, words:  6331
		unisims_ver.LUT6:module <0x3fe58e8f>
			streams:   4, words: 36075
		unisims_ver.LUT4:module <0x7a2c5220>
			streams:   4, words:  9137
		unisims_ver.LUT4:module <0x5fa16162>
			streams:   4, words:  9137
		unisims_ver.LUT6:module <0x1942756b>
			streams:   4, words: 36075
		unisims_ver.LUT6:module <0x7add8dbf>
			streams:   4, words: 36075
		unisims_ver.LUT6:module <0x3b30fa5f>
			streams:   4, words: 36075
		unisims_ver.LUT6:module <0x3ab85fa1>
			streams:   4, words: 36075
		unisims_ver.LUT6:module <0x055a3210>
			streams:   4, words: 36075
		unisims_ver.LUT4:module <0x3de534d7>
			streams:   4, words:  9137
		unisims_ver.LUT4:module <0x7255d6bb>
			streams:   4, words:  9137
		unisims_ver.LUT4:module <0x2ae02986>
			streams:   4, words:  9137
		unisims_ver.LUT6:module <0x1840ab49>
			streams:   4, words: 36075
		unisims_ver.LUT3:module <0x678e5189>
			streams:   2, words:   887
		unisims_ver.LUT2:module <0x753c48d9>
			streams:   2, words:   591
		unisims_ver.FDCE:module <0x4c8351b7>
			streams:  12, words:  8244
		unisims_ver.LUT4:module <0x51648286>
			streams:   4, words:  9137
		unisims_ver.LUT3:module <0x10c6baf5>
			streams:   2, words:   887
		unisims_ver.LUT3:module <0x222814f7>
			streams:   2, words:   879
		unisims_ver.LUT3:module <0x2942f8e2>
			streams:   2, words:   883
		unisims_ver.LUT5:module <0x396b2408>
			streams:   5, words: 20986
		unisims_ver.LUT5:module <0x15608c94>
			streams:   5, words: 20986
		unisims_ver.LUT3:module <0x34398615>
			streams:   2, words:   906
		unisims_ver.LUT6:module <0x664e840e>
			streams:   4, words: 36075
		unisims_ver.LUT6:module <0x25ea6c5f>
			streams:   4, words: 36075
		unisims_ver.CARRY8:module <0x44429eb0>
			streams:  14, words:  6754
		unisims_ver.LUT3:module <0x2ff8bdd9>
			streams:   2, words:   891
		unisims_ver.LUT6:module <0x2bd72a6d>
			streams:   4, words: 36075
		unisims_ver.LUT5:module <0x4765f070>
			streams:   5, words: 20986
		unisims_ver.LUT6:module <0x3c1904c9>
			streams:   4, words: 36061
		unisims_ver.LUT5:module <0x4bd172bc>
			streams:   5, words: 20986
		unisims_ver.LUT5:module <0x4b1596f3>
			streams:   5, words: 20986
		unisims_ver.LUT5:module <0x06b2269d>
			streams:   5, words: 20986
		unisims_ver.LUT5:module <0x6b1ddd97>
			streams:   5, words: 20986
		unisims_ver.LUT5:module <0x623712a6>
			streams:   5, words: 20992
		unisims_ver.LUT6:module <0x33b09389>
			streams:   4, words: 36075
		unisims_ver.LUT6:module <0x1089c3a7>
			streams:   4, words: 36075
		unisims_ver.LUT6:module <0x741c51bc>
			streams:   4, words: 36075
		unisims_ver.LUT5:module <0x003f9c68>
			streams:   5, words: 20986
		unisims_ver.LUT4:module <0x0c9a9c2d>
			streams:   4, words:  9137
		unisims_ver.LUT5:module <0x0e50af0c>
			streams:   5, words: 20986
		unisims_ver.LUT5:module <0x48416964>
			streams:   5, words: 20986
		unisims_ver.LUT4:module <0x0bc4cd58>
			streams:   4, words:  9134
		unisims_ver.LUT5:module <0x1a7b41ba>
			streams:   5, words: 20986
		unisims_ver.LUT6:module <0x2120f6be>
			streams:   4, words: 36052
		unisims_ver.LUT6:module <0x48582bd8>
			streams:   4, words: 36061
		unisims_ver.OBUF:module <0x5290dd3e>
			streams:   2, words:  1453
		unisims_ver.LUT4:module <0x7705991f>
			streams:   4, words:  9137
		unisims_ver.LUT6:module <0x0608b5db>
			streams:   4, words: 36075
		unisims_ver.LUT6:module <0x2a0d969d>
			streams:   4, words: 36075
		unisims_ver.LUT6:module <0x6adfc8c8>
			streams:   4, words: 36075
		unisims_ver.LUT4:module <0x4442e4fe>
			streams:   4, words:  9137
		unisims_ver.LUT6:module <0x288c3b53>
			streams:   4, words: 36075
		unisims_ver.LUT2:module <0x4b2902db>
			streams:   2, words:   594
		unisims_ver.LUT4:module <0x037ae013>
			streams:   4, words:  9137
		unisims_ver.LUT6:module <0x1d088bb9>
			streams:   4, words: 36075
		unisims_ver.LUT5:module <0x55dfce63>
			streams:   5, words: 20986
		unisims_ver.LUT6:module <0x72fc8333>
			streams:   4, words: 36075
		unisims_ver.LUT5:module <0x3b33c5d8>
			streams:   5, words: 20986
		unisims_ver.LUT6:module <0x1fbc9997>
			streams:   4, words: 36075
		unisims_ver.LUT3:module <0x1e9c48fa>
			streams:   2, words:   894
		unisims_ver.LUT6:module <0x38d34b66>
			streams:   4, words: 36075
		unisims_ver.CARRY8:module <0x59c339f0>
			streams:  14, words:  6460
		unisims_ver.CARRY8:module <0x54621d2a>
			streams:  14, words:  6583
		unisims_ver.DSP48E2:module <0x37c963c4>
			streams: 217, words: 159159
		unisims_ver.LUT2:module <0x42bb63eb>
			streams:   2, words:   595
		unisims_ver.IBUF:module <0x27ff62ac>
			streams:   1, words:  1277
		unisims_ver.BUFGCE:module <0x7e77d314>
			streams:  22, words: 17792
	Building instance specific data structures.
	Loading native compiled code:     .................... Done
	Design hierarchy summary:
		                   Instances  Unique
		Modules:                5750      33
		Verilog packages:          2       2
		UDPs:                   1926       3
		Primitives:              201       2
		Registers:             24697     237
		Scalar wires:          24722       -
		Expanded wires:         4104     454
		Vectored wires:         1148       -
		Always blocks:          5662      65
		Initial blocks:        13925     106
		Cont. assignments:      6879     334
		Pseudo assignments:      235       -
		Simulation timescale:    1ps
	Writing initial simulation snapshot: worklib.tb_power:sv
Loading snapshot worklib.tb_power:sv .................... Done
xcelium> source /soft64/cadence/ferramentas/XCELIUM2303/tools/xcelium/files/xmsimrc
xcelium> stop -condition {#%d/tb_power/p_start == 1}
Created stop 1
xcelium> run
246012 PS + 0 (stop 1: tb_power.p_start = 1)
/tmp/fastconv-trunc-column-9d79ad4b/rtl/conv2x2/fpga_zcu104/column_power_comparison/tb/tb_power.sv:160     p_start = 1'b1;
xcelium> dumpsaif -scope tb_power.dut -internal -divider / -overwrite -output activity_dut.saif
xcelium> stop -condition {#%d/tb_power/p_end == 1}
Created stop 2
xcelium> stop -time 90 us -execute {puts "P3F_TIMEOUT_BEFORE_P_END"; exit}
Created stop 3
xcelium> run
45983843 PS + 1 (stop 2: tb_power.p_end = 1)
/tmp/fastconv-trunc-column-9d79ad4b/rtl/conv2x2/fpga_zcu104/column_power_comparison/tb/tb_power.sv:65     .clk(clk), .reset(reset), .p_start(p_start), .p_end(p_end),
xcelium> dumpsaif -end
xcelium> run
POWER_RESULT PASS writes=8100 final_words=2700 mismatches=0 active_cycles=14502
Simulation complete via $finish(1) at time 45988474 PS + 0
/tmp/fastconv-trunc-column-9d79ad4b/rtl/conv2x2/fpga_zcu104/column_power_comparison/tb/tb_power.sv:173     $finish;
xcelium> quit
TOOL:	xrun(64)	23.03-s003: Exiting on Sep 29, 2026 at 15:06:55 -03  (total: 00:00:15)
