============================================================
  Generated by:           Genus(TM) Synthesis Solution 21.12-s068_1
  Generated on:           Jul 09 2025  08:35:51 pm
  Module:                 conv
  Library domain:         timing_cond_0p81v_125c
    Domain index:         0
    Technology library:   tcbn28hpcplusbwp30p140ssg0p81v125c 110
  Operating conditions:   ssg0p81v125c 
  Interconnect mode:      global
  Area mode:              physical library
============================================================

   Instance      Module   Cell Count  Cell Area  Net Area   Total Area 
-----------------------------------------------------------------------
conv                            3942   5030.676  2047.028     7077.704 
  inv          Inverse           592   1021.860   252.458     1274.318 
    matrix_a0  MatrixA0          198    340.452    67.590      408.042 
      csa_p0   CSA_3_42           39     82.278    14.126       96.404 
        layer1 FA_47              20     42.462     0.000       42.462 
      csa_p1   CSA_3_41           39     82.278    14.126       96.404 
        layer1 FA_46              20     42.462     0.000       42.462 
      csa_p2   CSA_2_29           20     41.958     4.793       46.751 
      csa_p3   CSA_2_28           20     41.958     4.793       46.751 
    matrix_a1  MatrixA1          394    681.408   134.430      815.838 
      csa_p0   CSA_3              39     82.278    14.126       96.404 
        layer1 FA                 20     42.462     0.000       42.462 
      csa_p1   CSA_2_33           20     41.958     4.793       46.751 
      csa_p2   CSA_3_45           39     82.278    14.126       96.404 
        layer1 FA_50              20     42.462     0.000       42.462 
      csa_p3   CSA_2_32           20     41.958     4.793       46.751 
      csa_p4   CSA_3_44           39     82.278    14.126       96.404 
        layer1 FA_49              20     42.462     0.000       42.462 
      csa_p5   CSA_2_31           20     41.958     4.793       46.751 
      csa_p6   CSA_3_43           39     82.278    14.126       96.404 
        layer1 FA_48              20     42.462     0.000       42.462 
      csa_p7   CSA_2_30           20     41.958     4.793       46.751 
  multip0      Multip            653    684.306   267.011      951.317 
  trf          Transform         968   1402.128   366.443     1768.571 
    matrix_c0  MatrixC0          484    701.568   126.947      828.515 
      csa_p1   CSA_2              20     41.958     4.793       46.751 
      csa_p5   CSA_2_40           20     41.958     4.793       46.751 
      csa_p9   CSA_2_39           20     41.958     4.793       46.751 
      csa_p13  CSA_2_38           20     41.958     4.793       46.751 
    matrix_c1  MatrixC1          484    700.560   127.315      827.875 
      csa_p4   CSA_2_37           20     41.958     4.793       46.751 
      csa_p5   CSA_2_36           20     41.958     4.793       46.751 
      csa_p6   CSA_2_35           20     41.958     4.793       46.751 
      csa_p7   CSA_2_34           20     41.958     4.793       46.751 
