Copyright 1986-2022 Xilinx, Inc. All Rights Reserved. Copyright 2022-2023 Advanced Micro Devices, Inc. All Rights Reserved.
-------------------------------------------------------------------------------------------------------------------------------------------------
| Tool Version     : Vivado v.2023.2 (lin64) Build 4029153 Fri Oct 13 20:13:54 MDT 2023
| Date             : Fri Oct  2 22:22:26 2026
| Host             : paxos.inf.pucrs.br running 64-bit Rocky Linux release 8.10 (Green Obsidian)
| Command          : report_power -hier all -file /sim/tarsio/reports-wpn16-inverse-acc-pipe-dbeaa1b0/p0-vectorless/power_maximum.rpt
| Design           : WPN16PipeReplicaTop
| Device           : xczu7ev-ffvc1156-2-e
| Design State     : routed
| Grade            : extended
| Process          : maximum
| Characterization : Production
-------------------------------------------------------------------------------------------------------------------------------------------------

Power Report

Table of Contents
-----------------
1. Summary
1.1 On-Chip Components
1.2 Power Supply Summary
1.3 Confidence Level
2. Settings
2.1 Environment
2.2 Clock Constraints
3. Detailed Reports
3.1 By Hierarchy

1. Summary
----------

+--------------------------+--------------+
| Total On-Chip Power (W)  | 5.073        |
| Design Power Budget (W)  | Unspecified* |
| Power Budget Margin (W)  | NA           |
| Dynamic (W)              | 4.198        |
| Device Static (W)        | 0.875        |
| Effective TJA (C/W)      | 1.0          |
| Max Ambient (C)          | 95.0         |
| Junction Temperature (C) | 30.0         |
| Confidence Level         | Medium       |
| Setting File             | ---          |
| Simulation Activity File | ---          |
| Design Nets Matched      | NA           |
+--------------------------+--------------+
* Specify Design Power Budget using, set_operating_conditions -design_power_budget <value in Watts>


1.1 On-Chip Components
----------------------

+----------------+-----------+----------+-----------+-----------------+
| On-Chip        | Power (W) | Used     | Available | Utilization (%) |
+----------------+-----------+----------+-----------+-----------------+
| Clocks         |     0.565 |        3 |       --- |             --- |
| CLB Logic      |     1.498 |   328968 |       --- |             --- |
|   LUT as Logic |     1.371 |   184069 |    230400 |           79.89 |
|   CARRY8       |     0.067 |    12128 |     28800 |           42.11 |
|   Register     |     0.060 |   100535 |    460800 |           21.82 |
|   Others       |     0.000 |     1024 |       --- |             --- |
|   F7/F8 Muxes  |     0.000 |     3812 |    230400 |            1.65 |
| Signals        |     1.677 |   242995 |       --- |             --- |
| DSPs           |     0.458 |      256 |      1728 |           14.81 |
| Static Power   |     0.875 |          |           |                 |
| Total          |     5.073 |          |           |                 |
+----------------+-----------+----------+-----------+-----------------+


1.2 Power Supply Summary
------------------------

+-----------------+-------------+------------+-------------+------------+-------------+-------------+------------+
| Source          | Voltage (V) | Total (A)  | Dynamic (A) | Static (A) | Powerup (A) | Budget (A)  | Margin (A) |
+-----------------+-------------+------------+-------------+------------+-------------+-------------+------------+
| Vccint          |       0.850 |      5.430 |       4.939 |      0.491 |       NA    | Unspecified | NA         |
| Vccint_io       |       0.850 |     0.095* |       0.000 |      0.095 |       0.386 | Unspecified | NA         |
| Vccbram         |       0.850 |     0.010* |       0.000 |      0.010 |       0.219 | Unspecified | NA         |
| Vccaux          |       1.800 |     0.152* |       0.000 |      0.152 |       0.267 | Unspecified | NA         |
| Vccaux_io       |       1.800 |     0.050* |       0.000 |      0.050 |       0.301 | Unspecified | NA         |
| Vcco33          |       3.300 |      0.000 |       0.000 |      0.000 |       NA    | Unspecified | NA         |
| Vcco25          |       2.500 |      0.000 |       0.000 |      0.000 |       NA    | Unspecified | NA         |
| Vcco18          |       1.800 |      0.000 |       0.000 |      0.000 |       NA    | Unspecified | NA         |
| Vcco15          |       1.500 |      0.000 |       0.000 |      0.000 |       NA    | Unspecified | NA         |
| Vcco135         |       1.350 |      0.000 |       0.000 |      0.000 |       NA    | Unspecified | NA         |
| Vcco12          |       1.200 |      0.000 |       0.000 |      0.000 |       NA    | Unspecified | NA         |
| Vcco10          |       1.000 |      0.000 |       0.000 |      0.000 |       NA    | Unspecified | NA         |
| Vccadc          |       1.800 |      0.008 |       0.000 |      0.008 |       NA    | Unspecified | NA         |
| VCC_PSINTFP     |       0.850 |      0.000 |       0.000 |      0.000 |       NA    | Unspecified | NA         |
| VCC_PSINTLP     |       0.850 |     0.017* |       0.000 |      0.017 |       0.614 | Unspecified | NA         |
| VPS_MGTRAVCC    |       0.850 |      0.000 |       0.000 |      0.000 |       NA    | Unspecified | NA         |
| VCC_PSINTFP_DDR |       0.850 |      0.000 |       0.000 |      0.000 |       NA    | Unspecified | NA         |
| VCC_PSPLL       |       1.200 |      0.002 |       0.000 |      0.002 |       NA    | Unspecified | NA         |
| VPS_MGTRAVTT    |       1.800 |      0.000 |       0.000 |      0.000 |       NA    | Unspecified | NA         |
| VCCO_PSDDR_504  |       1.200 |      0.000 |       0.000 |      0.000 |       NA    | Unspecified | NA         |
| VCC_PSAUX       |       1.800 |     0.002* |       0.000 |      0.002 |       0.122 | Unspecified | NA         |
| VCC_PSBATT      |       1.200 |      0.000 |       0.000 |      0.000 |       NA    | Unspecified | NA         |
| VCC_PSDDR_PLL   |       1.800 |      0.000 |       0.000 |      0.000 |       NA    | Unspecified | NA         |
| VCCO_PSIO0_500  |       3.300 |      0.000 |       0.000 |      0.000 |       NA    | Unspecified | NA         |
| VCCO_PSIO1_501  |       3.300 |      0.000 |       0.000 |      0.000 |       NA    | Unspecified | NA         |
| VCCO_PSIO2_502  |       3.300 |      0.000 |       0.000 |      0.000 |       NA    | Unspecified | NA         |
| VCCO_PSIO3_503  |       3.300 |      0.000 |       0.000 |      0.000 |       NA    | Unspecified | NA         |
| VCC_PSADC       |       1.800 |      0.002 |       0.000 |      0.002 |       NA    | Unspecified | NA         |
| VCCINT_VCU      |       0.900 |      0.084 |       0.000 |      0.084 |       NA    | Unspecified | NA         |
| MGTAVcc         |       0.900 |      0.000 |       0.000 |      0.000 |       NA    | Unspecified | NA         |
| MGTAVtt         |       1.200 |      0.000 |       0.000 |      0.000 |       NA    | Unspecified | NA         |
| MGTVccaux       |       1.800 |      0.000 |       0.000 |      0.000 |       NA    | Unspecified | NA         |
+-----------------+-------------+------------+-------------+------------+-------------+-------------+------------+
* Power-up current exceeds the steady-state current


1.3 Confidence Level
--------------------

+-----------------------------+------------+------------------------------------------------+------------------------------------------------------------------------------------------------------------+
| User Input Data             | Confidence | Details                                        | Action                                                                                                     |
+-----------------------------+------------+------------------------------------------------+------------------------------------------------------------------------------------------------------------+
| Design implementation state | High       | Design is routed                               |                                                                                                            |
| Clock nodes activity        | High       | User specified more than 95% of clocks         |                                                                                                            |
| I/O nodes activity          | High       | User specified more than 95% of inputs         |                                                                                                            |
| Internal nodes activity     | Medium     | User specified less than 25% of internal nodes | Provide missing internal nodes activity with simulation results or by editing the "By Resource Type" views |
| Device models               | High       | Device models are Production                   |                                                                                                            |
|                             |            |                                                |                                                                                                            |
| Overall confidence level    | Medium     |                                                |                                                                                                            |
+-----------------------------+------------+------------------------------------------------+------------------------------------------------------------------------------------------------------------+


2. Settings
-----------

2.1 Environment
---------------

+-----------------------+--------------------------+
| Ambient Temp (C)      | 25.0                     |
| ThetaJA (C/W)         | 1.0                      |
| Airflow (LFM)         | 250                      |
| Heat Sink             | medium (Medium Profile)  |
| ThetaSA (C/W)         | 1.5                      |
| Board Selection       | medium (10"x10")         |
| # of Board Layers     | 12to15 (12 to 15 Layers) |
| Board Temperature (C) | 25.0                     |
+-----------------------+--------------------------+


2.2 Clock Constraints
---------------------

+-------+--------+-----------------+
| Clock | Domain | Constraint (ns) |
+-------+--------+-----------------+
| clk   | clk    |             3.2 |
+-------+--------+-----------------+


3. Detailed Reports
-------------------

3.1 By Hierarchy
----------------

+-----------------------------------------------------------------------+-----------+---------+-----------+----------+------------+---------+-----------+-------+---------+
| Name                                                                  | Power (W) | Clock # | Clock (W) | Signal # | Signal (W) | Logic # | Logic (W) | Dsp # | Dsp (W) |
+-----------------------------------------------------------------------+-----------+---------+-----------+----------+------------+---------+-----------+-------+---------+
| WPN16PipeReplicaTop                                                   |     4.198 |       3 |     0.565 |   242995 |      1.677 |  328968 |     1.498 |   256 |   0.458 |
|   CORES[0].core_inst                                                  |     0.144 |       3 |     0.018 |     7628 |      0.064 |   10332 |     0.048 |     8 |   0.014 |
|     MAC_LANES[0].DSP_PIPELINE.multip                                  |     0.005 |       3 |    <0.001 |       55 |      0.001 |      45 |     0.001 |     1 |   0.002 |
|     MAC_LANES[1].DSP_PIPELINE.multip                                  |     0.004 |       3 |    <0.001 |       16 |      0.002 |       2 |     0.000 |     1 |   0.002 |
|     MAC_LANES[2].DSP_PIPELINE.multip                                  |     0.006 |       3 |    <0.001 |       34 |      0.003 |      37 |     0.001 |     1 |   0.002 |
|     MAC_LANES[3].DSP_PIPELINE.multip                                  |     0.003 |       3 |    <0.001 |       16 |     <0.001 |       2 |     0.000 |     1 |   0.002 |
|     MAC_LANES[4].DSP_PIPELINE.multip                                  |     0.008 |       3 |    <0.001 |       76 |      0.005 |      66 |    <0.001 |     1 |   0.002 |
|     MAC_LANES[5].DSP_PIPELINE.multip                                  |     0.007 |       3 |    <0.001 |       59 |      0.002 |      77 |     0.003 |     1 |   0.002 |
|     MAC_LANES[6].DSP_PIPELINE.multip                                  |     0.003 |       3 |    <0.001 |       19 |      0.001 |       7 |    <0.001 |     1 |   0.002 |
|     MAC_LANES[7].DSP_PIPELINE.multip                                  |     0.005 |       3 |    <0.001 |       42 |      0.002 |      43 |     0.002 |     1 |   0.002 |
|   CORES[10].core_inst                                                 |     0.133 |       3 |     0.018 |     7580 |      0.053 |   10284 |     0.048 |     8 |   0.014 |
|     MAC_LANES[0].DSP_PIPELINE.multip                                  |     0.005 |       3 |    <0.001 |       49 |      0.002 |      39 |     0.001 |     1 |   0.002 |
|     MAC_LANES[1].DSP_PIPELINE.multip                                  |     0.002 |       3 |    <0.001 |       16 |     <0.001 |       2 |     0.000 |     1 |   0.002 |
|     MAC_LANES[2].DSP_PIPELINE.multip                                  |     0.005 |       3 |    <0.001 |       34 |      0.002 |      37 |     0.001 |     1 |   0.002 |
|     MAC_LANES[3].DSP_PIPELINE.multip                                  |     0.002 |       3 |    <0.001 |       16 |     <0.001 |       2 |     0.000 |     1 |   0.002 |
|     MAC_LANES[4].DSP_PIPELINE.multip                                  |     0.004 |       3 |    <0.001 |       34 |      0.001 |      24 |    <0.001 |     1 |   0.002 |
|     MAC_LANES[5].DSP_PIPELINE.multip                                  |     0.008 |       3 |    <0.001 |       59 |      0.003 |      77 |     0.003 |     1 |   0.002 |
|     MAC_LANES[6].DSP_PIPELINE.multip                                  |     0.003 |       3 |    <0.001 |       19 |      0.001 |       7 |    <0.001 |     1 |   0.002 |
|     MAC_LANES[7].DSP_PIPELINE.multip                                  |     0.005 |       3 |    <0.001 |       42 |      0.001 |      43 |     0.002 |     1 |   0.002 |
|   CORES[11].core_inst                                                 |     0.138 |       3 |     0.018 |     7610 |      0.060 |   10316 |     0.046 |     8 |   0.014 |
|     MAC_LANES[0].DSP_PIPELINE.multip                                  |     0.004 |       3 |    <0.001 |       53 |      0.001 |      43 |     0.001 |     1 |   0.002 |
|     MAC_LANES[1].DSP_PIPELINE.multip                                  |     0.003 |       3 |    <0.001 |       16 |      0.001 |       2 |     0.000 |     1 |   0.002 |
|     MAC_LANES[2].DSP_PIPELINE.multip                                  |     0.005 |       3 |    <0.001 |       34 |      0.002 |      37 |     0.001 |     1 |   0.002 |
|     MAC_LANES[3].DSP_PIPELINE.multip                                  |     0.002 |       3 |    <0.001 |       16 |     <0.001 |       2 |     0.000 |     1 |   0.002 |
|     MAC_LANES[4].DSP_PIPELINE.multip                                  |     0.007 |       3 |    <0.001 |       62 |      0.004 |      52 |    <0.001 |     1 |   0.002 |
|     MAC_LANES[5].DSP_PIPELINE.multip                                  |     0.007 |       3 |    <0.001 |       59 |      0.002 |      77 |     0.003 |     1 |   0.002 |
|     MAC_LANES[6].DSP_PIPELINE.multip                                  |     0.003 |       3 |    <0.001 |       19 |      0.001 |       7 |    <0.001 |     1 |   0.002 |
|     MAC_LANES[7].DSP_PIPELINE.multip                                  |     0.005 |       3 |    <0.001 |       42 |      0.001 |      43 |     0.002 |     1 |   0.002 |
|   CORES[12].core_inst                                                 |     0.127 |       3 |     0.018 |     7582 |      0.050 |   10284 |     0.045 |     8 |   0.014 |
|     MAC_LANES[0].DSP_PIPELINE.multip                                  |     0.004 |       3 |    <0.001 |       49 |     <0.001 |      39 |     0.001 |     1 |   0.002 |
|     MAC_LANES[1].DSP_PIPELINE.multip                                  |     0.003 |       3 |    <0.001 |       16 |     <0.001 |       2 |     0.000 |     1 |   0.002 |
|     MAC_LANES[2].DSP_PIPELINE.multip                                  |     0.005 |       3 |    <0.001 |       34 |      0.002 |      37 |     0.001 |     1 |   0.002 |
|     MAC_LANES[3].DSP_PIPELINE.multip                                  |     0.002 |       3 |    <0.001 |       16 |     <0.001 |       2 |     0.000 |     1 |   0.002 |
|     MAC_LANES[4].DSP_PIPELINE.multip                                  |     0.004 |       3 |    <0.001 |       34 |      0.001 |      24 |    <0.001 |     1 |   0.002 |
|     MAC_LANES[5].DSP_PIPELINE.multip                                  |     0.008 |       3 |    <0.001 |       59 |      0.003 |      77 |     0.003 |     1 |   0.002 |
|     MAC_LANES[6].DSP_PIPELINE.multip                                  |     0.003 |       3 |    <0.001 |       19 |     <0.001 |       7 |    <0.001 |     1 |   0.002 |
|     MAC_LANES[7].DSP_PIPELINE.multip                                  |     0.005 |       3 |    <0.001 |       42 |      0.001 |      43 |     0.002 |     1 |   0.002 |
|   CORES[13].core_inst                                                 |     0.126 |       3 |     0.018 |     7583 |      0.048 |   10284 |     0.046 |     8 |   0.014 |
|     MAC_LANES[0].DSP_PIPELINE.multip                                  |     0.004 |       3 |    <0.001 |       49 |     <0.001 |      39 |     0.001 |     1 |   0.002 |
|     MAC_LANES[1].DSP_PIPELINE.multip                                  |     0.003 |       3 |    <0.001 |       16 |     <0.001 |       2 |     0.000 |     1 |   0.002 |
|     MAC_LANES[2].DSP_PIPELINE.multip                                  |     0.005 |       3 |    <0.001 |       34 |      0.002 |      37 |     0.001 |     1 |   0.002 |
|     MAC_LANES[3].DSP_PIPELINE.multip                                  |     0.002 |       3 |    <0.001 |       16 |     <0.001 |       2 |     0.000 |     1 |   0.002 |
|     MAC_LANES[4].DSP_PIPELINE.multip                                  |     0.004 |       3 |    <0.001 |       34 |      0.001 |      24 |    <0.001 |     1 |   0.002 |
|     MAC_LANES[5].DSP_PIPELINE.multip                                  |     0.008 |       3 |    <0.001 |       59 |      0.003 |      77 |     0.003 |     1 |   0.002 |
|     MAC_LANES[6].DSP_PIPELINE.multip                                  |     0.003 |       3 |    <0.001 |       19 |     <0.001 |       7 |    <0.001 |     1 |   0.002 |
|     MAC_LANES[7].DSP_PIPELINE.multip                                  |     0.005 |       3 |    <0.001 |       42 |      0.001 |      43 |     0.002 |     1 |   0.002 |
|   CORES[14].core_inst                                                 |     0.132 |       3 |     0.018 |     7583 |      0.053 |   10284 |     0.046 |     8 |   0.014 |
|     MAC_LANES[0].DSP_PIPELINE.multip                                  |     0.004 |       3 |    <0.001 |       49 |     <0.001 |      39 |     0.001 |     1 |   0.002 |
|     MAC_LANES[1].DSP_PIPELINE.multip                                  |     0.003 |       3 |    <0.001 |       16 |     <0.001 |       2 |     0.000 |     1 |   0.002 |
|     MAC_LANES[2].DSP_PIPELINE.multip                                  |     0.006 |       3 |    <0.001 |       34 |      0.003 |      37 |     0.001 |     1 |   0.002 |
|     MAC_LANES[3].DSP_PIPELINE.multip                                  |     0.002 |       3 |    <0.001 |       16 |     <0.001 |       2 |     0.000 |     1 |   0.002 |
|     MAC_LANES[4].DSP_PIPELINE.multip                                  |     0.004 |       3 |    <0.001 |       34 |      0.001 |      24 |    <0.001 |     1 |   0.002 |
|     MAC_LANES[5].DSP_PIPELINE.multip                                  |     0.008 |       3 |    <0.001 |       59 |      0.003 |      77 |     0.003 |     1 |   0.002 |
|     MAC_LANES[6].DSP_PIPELINE.multip                                  |     0.003 |       3 |    <0.001 |       19 |     <0.001 |       7 |    <0.001 |     1 |   0.002 |
|     MAC_LANES[7].DSP_PIPELINE.multip                                  |     0.005 |       3 |    <0.001 |       42 |      0.001 |      43 |     0.002 |     1 |   0.002 |
|     WEIGHT_TRANSFORM_PIPELINE.WEIGHT_TRANSFORM_ROWS[2].weight_trf_row |     0.001 |       3 |     0.000 |      278 |      0.000 |     363 |     0.001 |     0 |   0.000 |
|   CORES[15].core_inst                                                 |     0.125 |       3 |     0.018 |     7583 |      0.047 |   10284 |     0.046 |     8 |   0.014 |
|     MAC_LANES[0].DSP_PIPELINE.multip                                  |     0.004 |       3 |    <0.001 |       49 |     <0.001 |      39 |     0.001 |     1 |   0.002 |
|     MAC_LANES[1].DSP_PIPELINE.multip                                  |     0.002 |       3 |    <0.001 |       16 |     <0.001 |       2 |     0.000 |     1 |   0.002 |
|     MAC_LANES[2].DSP_PIPELINE.multip                                  |     0.005 |       3 |    <0.001 |       34 |      0.002 |      37 |     0.001 |     1 |   0.002 |
|     MAC_LANES[3].DSP_PIPELINE.multip                                  |     0.002 |       3 |    <0.001 |       16 |     <0.001 |       2 |     0.000 |     1 |   0.002 |
|     MAC_LANES[4].DSP_PIPELINE.multip                                  |     0.003 |       3 |    <0.001 |       34 |     <0.001 |      24 |    <0.001 |     1 |   0.002 |
|     MAC_LANES[5].DSP_PIPELINE.multip                                  |     0.008 |       3 |    <0.001 |       59 |      0.003 |      77 |     0.003 |     1 |   0.002 |
|     MAC_LANES[6].DSP_PIPELINE.multip                                  |     0.003 |       3 |    <0.001 |       19 |     <0.001 |       7 |    <0.001 |     1 |   0.002 |
|     MAC_LANES[7].DSP_PIPELINE.multip                                  |     0.005 |       3 |    <0.001 |       42 |      0.001 |      43 |     0.002 |     1 |   0.002 |
|   CORES[16].core_inst                                                 |     0.141 |       3 |     0.018 |     7581 |      0.063 |   10284 |     0.046 |     8 |   0.014 |
|     MAC_LANES[0].DSP_PIPELINE.multip                                  |     0.004 |       3 |    <0.001 |       49 |     <0.001 |      39 |     0.001 |     1 |   0.002 |
|     MAC_LANES[1].DSP_PIPELINE.multip                                  |     0.004 |       3 |    <0.001 |       16 |      0.002 |       2 |     0.000 |     1 |   0.002 |
|     MAC_LANES[2].DSP_PIPELINE.multip                                  |     0.005 |       3 |    <0.001 |       34 |      0.002 |      37 |     0.001 |     1 |   0.002 |
|     MAC_LANES[3].DSP_PIPELINE.multip                                  |     0.003 |       3 |    <0.001 |       16 |     <0.001 |       2 |     0.000 |     1 |   0.002 |
|     MAC_LANES[4].DSP_PIPELINE.multip                                  |     0.004 |       3 |    <0.001 |       34 |      0.001 |      24 |    <0.001 |     1 |   0.002 |
|     MAC_LANES[5].DSP_PIPELINE.multip                                  |     0.008 |       3 |    <0.001 |       59 |      0.003 |      77 |     0.003 |     1 |   0.002 |
|     MAC_LANES[6].DSP_PIPELINE.multip                                  |     0.003 |       3 |    <0.001 |       19 |      0.001 |       7 |    <0.001 |     1 |   0.002 |
|     MAC_LANES[7].DSP_PIPELINE.multip                                  |     0.006 |       3 |    <0.001 |       42 |      0.002 |      43 |     0.002 |     1 |   0.002 |
|   CORES[17].core_inst                                                 |     0.124 |       3 |     0.018 |     7578 |      0.047 |   10284 |     0.045 |     8 |   0.014 |
|     MAC_LANES[0].DSP_PIPELINE.multip                                  |     0.004 |       3 |    <0.001 |       49 |     <0.001 |      39 |     0.001 |     1 |   0.002 |
|     MAC_LANES[1].DSP_PIPELINE.multip                                  |     0.002 |       3 |    <0.001 |       16 |     <0.001 |       2 |     0.000 |     1 |   0.002 |
|     MAC_LANES[2].DSP_PIPELINE.multip                                  |     0.005 |       3 |    <0.001 |       34 |      0.002 |      37 |     0.001 |     1 |   0.002 |
|     MAC_LANES[3].DSP_PIPELINE.multip                                  |     0.002 |       3 |    <0.001 |       16 |     <0.001 |       2 |     0.000 |     1 |   0.002 |
|     MAC_LANES[4].DSP_PIPELINE.multip                                  |     0.003 |       3 |    <0.001 |       34 |     <0.001 |      24 |    <0.001 |     1 |   0.002 |
|     MAC_LANES[5].DSP_PIPELINE.multip                                  |     0.008 |       3 |    <0.001 |       59 |      0.003 |      77 |     0.003 |     1 |   0.002 |
|     MAC_LANES[6].DSP_PIPELINE.multip                                  |     0.003 |       3 |    <0.001 |       19 |     <0.001 |       7 |    <0.001 |     1 |   0.002 |
|     MAC_LANES[7].DSP_PIPELINE.multip                                  |     0.005 |       3 |    <0.001 |       42 |      0.001 |      43 |     0.002 |     1 |   0.002 |
|   CORES[18].core_inst                                                 |     0.129 |       3 |     0.018 |     7583 |      0.050 |   10284 |     0.047 |     8 |   0.014 |
|     MAC_LANES[0].DSP_PIPELINE.multip                                  |     0.004 |       3 |    <0.001 |       49 |      0.001 |      39 |     0.001 |     1 |   0.002 |
|     MAC_LANES[1].DSP_PIPELINE.multip                                  |     0.003 |       3 |    <0.001 |       16 |     <0.001 |       2 |     0.000 |     1 |   0.002 |
|     MAC_LANES[2].DSP_PIPELINE.multip                                  |     0.005 |       3 |    <0.001 |       34 |      0.002 |      37 |     0.001 |     1 |   0.002 |
|     MAC_LANES[3].DSP_PIPELINE.multip                                  |     0.002 |       3 |    <0.001 |       16 |     <0.001 |       2 |     0.000 |     1 |   0.002 |
|     MAC_LANES[4].DSP_PIPELINE.multip                                  |     0.003 |       3 |    <0.001 |       34 |      0.001 |      24 |    <0.001 |     1 |   0.002 |
|     MAC_LANES[5].DSP_PIPELINE.multip                                  |     0.007 |       3 |    <0.001 |       59 |      0.002 |      77 |     0.003 |     1 |   0.002 |
|     MAC_LANES[6].DSP_PIPELINE.multip                                  |     0.003 |       3 |    <0.001 |       19 |      0.001 |       7 |    <0.001 |     1 |   0.002 |
|     MAC_LANES[7].DSP_PIPELINE.multip                                  |     0.005 |       3 |    <0.001 |       42 |      0.001 |      43 |     0.002 |     1 |   0.002 |
|   CORES[19].core_inst                                                 |     0.136 |       3 |     0.018 |     7582 |      0.056 |   10284 |     0.048 |     8 |   0.014 |
|     MAC_LANES[0].DSP_PIPELINE.multip                                  |     0.004 |       3 |    <0.001 |       49 |      0.001 |      39 |     0.001 |     1 |   0.002 |
|     MAC_LANES[1].DSP_PIPELINE.multip                                  |     0.003 |       3 |    <0.001 |       16 |     <0.001 |       2 |     0.000 |     1 |   0.002 |
|     MAC_LANES[2].DSP_PIPELINE.multip                                  |     0.005 |       3 |    <0.001 |       34 |      0.002 |      37 |     0.001 |     1 |   0.002 |
|     MAC_LANES[3].DSP_PIPELINE.multip                                  |     0.002 |       3 |    <0.001 |       16 |     <0.001 |       2 |     0.000 |     1 |   0.002 |
|     MAC_LANES[4].DSP_PIPELINE.multip                                  |     0.004 |       3 |    <0.001 |       34 |      0.001 |      24 |    <0.001 |     1 |   0.002 |
|     MAC_LANES[5].DSP_PIPELINE.multip                                  |     0.008 |       3 |    <0.001 |       59 |      0.003 |      77 |     0.003 |     1 |   0.002 |
|     MAC_LANES[6].DSP_PIPELINE.multip                                  |     0.003 |       3 |    <0.001 |       19 |     <0.001 |       7 |    <0.001 |     1 |   0.002 |
|     MAC_LANES[7].DSP_PIPELINE.multip                                  |     0.005 |       3 |    <0.001 |       42 |      0.001 |      43 |     0.002 |     1 |   0.002 |
|   CORES[1].core_inst                                                  |     0.129 |       3 |     0.018 |     7581 |      0.051 |   10284 |     0.046 |     8 |   0.014 |
|     MAC_LANES[0].DSP_PIPELINE.multip                                  |     0.004 |       3 |    <0.001 |       49 |     <0.001 |      39 |     0.001 |     1 |   0.002 |
|     MAC_LANES[1].DSP_PIPELINE.multip                                  |     0.003 |       3 |    <0.001 |       16 |      0.001 |       2 |     0.000 |     1 |   0.002 |
|     MAC_LANES[2].DSP_PIPELINE.multip                                  |     0.005 |       3 |    <0.001 |       34 |      0.002 |      37 |     0.001 |     1 |   0.002 |
|     MAC_LANES[3].DSP_PIPELINE.multip                                  |     0.002 |       3 |    <0.001 |       16 |     <0.001 |       2 |     0.000 |     1 |   0.002 |
|     MAC_LANES[4].DSP_PIPELINE.multip                                  |     0.004 |       3 |    <0.001 |       34 |      0.001 |      24 |    <0.001 |     1 |   0.002 |
|     MAC_LANES[5].DSP_PIPELINE.multip                                  |     0.008 |       3 |    <0.001 |       59 |      0.003 |      77 |     0.003 |     1 |   0.002 |
|     MAC_LANES[6].DSP_PIPELINE.multip                                  |     0.003 |       3 |    <0.001 |       19 |      0.001 |       7 |    <0.001 |     1 |   0.002 |
|     MAC_LANES[7].DSP_PIPELINE.multip                                  |     0.005 |       3 |    <0.001 |       42 |      0.001 |      43 |     0.002 |     1 |   0.002 |
|   CORES[20].core_inst                                                 |     0.140 |       3 |     0.018 |     7579 |      0.062 |   10284 |     0.046 |     8 |   0.014 |
|     MAC_LANES[0].DSP_PIPELINE.multip                                  |     0.004 |       3 |    <0.001 |       49 |      0.001 |      39 |     0.001 |     1 |   0.002 |
|     MAC_LANES[1].DSP_PIPELINE.multip                                  |     0.003 |       3 |    <0.001 |       16 |      0.001 |       2 |     0.000 |     1 |   0.002 |
|     MAC_LANES[2].DSP_PIPELINE.multip                                  |     0.005 |       3 |    <0.001 |       34 |      0.002 |      37 |     0.001 |     1 |   0.002 |
|     MAC_LANES[3].DSP_PIPELINE.multip                                  |     0.002 |       3 |    <0.001 |       16 |     <0.001 |       2 |     0.000 |     1 |   0.002 |
|     MAC_LANES[4].DSP_PIPELINE.multip                                  |     0.004 |       3 |    <0.001 |       34 |      0.002 |      24 |    <0.001 |     1 |   0.002 |
|     MAC_LANES[5].DSP_PIPELINE.multip                                  |     0.009 |       3 |    <0.001 |       59 |      0.004 |      77 |     0.003 |     1 |   0.002 |
|     MAC_LANES[6].DSP_PIPELINE.multip                                  |     0.003 |       3 |    <0.001 |       19 |     <0.001 |       7 |    <0.001 |     1 |   0.002 |
|     MAC_LANES[7].DSP_PIPELINE.multip                                  |     0.005 |       3 |    <0.001 |       42 |      0.001 |      43 |     0.002 |     1 |   0.002 |
|   CORES[21].core_inst                                                 |     0.128 |       3 |     0.018 |     7578 |      0.048 |   10284 |     0.048 |     8 |   0.014 |
|     MAC_LANES[0].DSP_PIPELINE.multip                                  |     0.005 |       3 |    <0.001 |       49 |      0.001 |      39 |     0.001 |     1 |   0.002 |
|     MAC_LANES[1].DSP_PIPELINE.multip                                  |     0.003 |       3 |    <0.001 |       16 |     <0.001 |       2 |     0.000 |     1 |   0.002 |
|     MAC_LANES[2].DSP_PIPELINE.multip                                  |     0.005 |       3 |    <0.001 |       34 |      0.002 |      37 |     0.001 |     1 |   0.002 |
|     MAC_LANES[3].DSP_PIPELINE.multip                                  |     0.002 |       3 |    <0.001 |       16 |     <0.001 |       2 |     0.000 |     1 |   0.002 |
|     MAC_LANES[4].DSP_PIPELINE.multip                                  |     0.004 |       3 |    <0.001 |       34 |      0.001 |      24 |    <0.001 |     1 |   0.002 |
|     MAC_LANES[5].DSP_PIPELINE.multip                                  |     0.007 |       3 |    <0.001 |       59 |      0.002 |      77 |     0.003 |     1 |   0.002 |
|     MAC_LANES[6].DSP_PIPELINE.multip                                  |     0.003 |       3 |    <0.001 |       19 |     <0.001 |       7 |    <0.001 |     1 |   0.002 |
|     MAC_LANES[7].DSP_PIPELINE.multip                                  |     0.005 |       3 |    <0.001 |       42 |      0.001 |      43 |     0.002 |     1 |   0.002 |
|   CORES[22].core_inst                                                 |     0.143 |       3 |     0.018 |     7614 |      0.062 |   10316 |     0.048 |     8 |   0.014 |
|     MAC_LANES[0].DSP_PIPELINE.multip                                  |     0.005 |       3 |    <0.001 |       53 |      0.002 |      43 |     0.001 |     1 |   0.002 |
|     MAC_LANES[1].DSP_PIPELINE.multip                                  |     0.003 |       3 |    <0.001 |       16 |      0.002 |       2 |     0.000 |     1 |   0.002 |
|     MAC_LANES[2].DSP_PIPELINE.multip                                  |     0.006 |       3 |    <0.001 |       34 |      0.003 |      37 |     0.001 |     1 |   0.002 |
|     MAC_LANES[3].DSP_PIPELINE.multip                                  |     0.002 |       3 |    <0.001 |       16 |     <0.001 |       2 |     0.000 |     1 |   0.002 |
|     MAC_LANES[4].DSP_PIPELINE.multip                                  |     0.007 |       3 |    <0.001 |       62 |      0.004 |      52 |    <0.001 |     1 |   0.002 |
|     MAC_LANES[5].DSP_PIPELINE.multip                                  |     0.007 |       3 |    <0.001 |       59 |      0.002 |      77 |     0.003 |     1 |   0.002 |
|     MAC_LANES[6].DSP_PIPELINE.multip                                  |     0.004 |       3 |    <0.001 |       19 |      0.002 |       7 |    <0.001 |     1 |   0.002 |
|     MAC_LANES[7].DSP_PIPELINE.multip                                  |     0.005 |       3 |    <0.001 |       42 |      0.002 |      43 |     0.002 |     1 |   0.002 |
|   CORES[23].core_inst                                                 |     0.134 |       3 |     0.018 |     7578 |      0.055 |   10284 |     0.046 |     8 |   0.014 |
|     MAC_LANES[0].DSP_PIPELINE.multip                                  |     0.005 |       3 |    <0.001 |       49 |      0.002 |      39 |     0.001 |     1 |   0.002 |
|     MAC_LANES[1].DSP_PIPELINE.multip                                  |     0.003 |       3 |    <0.001 |       16 |      0.001 |       2 |     0.000 |     1 |   0.002 |
|     MAC_LANES[2].DSP_PIPELINE.multip                                  |     0.005 |       3 |    <0.001 |       34 |      0.002 |      37 |     0.001 |     1 |   0.002 |
|     MAC_LANES[3].DSP_PIPELINE.multip                                  |     0.002 |       3 |    <0.001 |       16 |     <0.001 |       2 |     0.000 |     1 |   0.002 |
|     MAC_LANES[4].DSP_PIPELINE.multip                                  |     0.005 |       3 |    <0.001 |       34 |      0.002 |      24 |    <0.001 |     1 |   0.002 |
|     MAC_LANES[5].DSP_PIPELINE.multip                                  |     0.008 |       3 |    <0.001 |       59 |      0.003 |      77 |     0.003 |     1 |   0.002 |
|     MAC_LANES[6].DSP_PIPELINE.multip                                  |     0.003 |       3 |    <0.001 |       19 |     <0.001 |       7 |    <0.001 |     1 |   0.002 |
|     MAC_LANES[7].DSP_PIPELINE.multip                                  |     0.005 |       3 |    <0.001 |       42 |      0.001 |      43 |     0.002 |     1 |   0.002 |
|   CORES[24].core_inst                                                 |     0.126 |       3 |     0.018 |     7584 |      0.047 |   10284 |     0.047 |     8 |   0.014 |
|     MAC_LANES[0].DSP_PIPELINE.multip                                  |     0.004 |       3 |    <0.001 |       49 |      0.001 |      39 |     0.001 |     1 |   0.002 |
|     MAC_LANES[1].DSP_PIPELINE.multip                                  |     0.002 |       3 |    <0.001 |       16 |     <0.001 |       2 |     0.000 |     1 |   0.002 |
|     MAC_LANES[2].DSP_PIPELINE.multip                                  |     0.005 |       3 |    <0.001 |       34 |      0.002 |      37 |     0.001 |     1 |   0.002 |
|     MAC_LANES[3].DSP_PIPELINE.multip                                  |     0.002 |       3 |    <0.001 |       16 |     <0.001 |       2 |     0.000 |     1 |   0.002 |
|     MAC_LANES[4].DSP_PIPELINE.multip                                  |     0.004 |       3 |    <0.001 |       34 |      0.001 |      24 |    <0.001 |     1 |   0.002 |
|     MAC_LANES[5].DSP_PIPELINE.multip                                  |     0.007 |       3 |    <0.001 |       59 |      0.002 |      77 |     0.003 |     1 |   0.002 |
|     MAC_LANES[6].DSP_PIPELINE.multip                                  |     0.003 |       3 |    <0.001 |       19 |     <0.001 |       7 |    <0.001 |     1 |   0.002 |
|     MAC_LANES[7].DSP_PIPELINE.multip                                  |     0.005 |       3 |    <0.001 |       42 |      0.001 |      43 |     0.002 |     1 |   0.002 |
|   CORES[25].core_inst                                                 |     0.133 |       3 |     0.018 |     7580 |      0.052 |   10284 |     0.048 |     8 |   0.014 |
|     MAC_LANES[0].DSP_PIPELINE.multip                                  |     0.004 |       3 |    <0.001 |       49 |     <0.001 |      39 |     0.001 |     1 |   0.002 |
|     MAC_LANES[1].DSP_PIPELINE.multip                                  |     0.003 |       3 |    <0.001 |       16 |     <0.001 |       2 |     0.000 |     1 |   0.002 |
|     MAC_LANES[2].DSP_PIPELINE.multip                                  |     0.005 |       3 |    <0.001 |       34 |      0.002 |      37 |     0.001 |     1 |   0.002 |
|     MAC_LANES[3].DSP_PIPELINE.multip                                  |     0.002 |       3 |    <0.001 |       16 |     <0.001 |       2 |     0.000 |     1 |   0.002 |
|     MAC_LANES[4].DSP_PIPELINE.multip                                  |     0.003 |       3 |    <0.001 |       34 |     <0.001 |      24 |    <0.001 |     1 |   0.002 |
|     MAC_LANES[5].DSP_PIPELINE.multip                                  |     0.008 |       3 |    <0.001 |       59 |      0.003 |      77 |     0.003 |     1 |   0.002 |
|     MAC_LANES[6].DSP_PIPELINE.multip                                  |     0.003 |       3 |    <0.001 |       19 |     <0.001 |       7 |    <0.001 |     1 |   0.002 |
|     MAC_LANES[7].DSP_PIPELINE.multip                                  |     0.005 |       3 |    <0.001 |       42 |      0.001 |      43 |     0.002 |     1 |   0.002 |
|   CORES[26].core_inst                                                 |     0.128 |       3 |     0.018 |     7584 |      0.050 |   10284 |     0.046 |     8 |   0.014 |
|     MAC_LANES[0].DSP_PIPELINE.multip                                  |     0.004 |       3 |    <0.001 |       49 |      0.001 |      39 |     0.001 |     1 |   0.002 |
|     MAC_LANES[1].DSP_PIPELINE.multip                                  |     0.003 |       3 |    <0.001 |       16 |     <0.001 |       2 |     0.000 |     1 |   0.002 |
|     MAC_LANES[2].DSP_PIPELINE.multip                                  |     0.004 |       3 |    <0.001 |       34 |      0.001 |      37 |     0.001 |     1 |   0.002 |
|     MAC_LANES[3].DSP_PIPELINE.multip                                  |     0.002 |       3 |    <0.001 |       16 |     <0.001 |       2 |     0.000 |     1 |   0.002 |
|     MAC_LANES[4].DSP_PIPELINE.multip                                  |     0.004 |       3 |    <0.001 |       34 |      0.001 |      24 |    <0.001 |     1 |   0.002 |
|     MAC_LANES[5].DSP_PIPELINE.multip                                  |     0.008 |       3 |    <0.001 |       59 |      0.003 |      77 |     0.003 |     1 |   0.002 |
|     MAC_LANES[6].DSP_PIPELINE.multip                                  |     0.003 |       3 |    <0.001 |       19 |     <0.001 |       7 |    <0.001 |     1 |   0.002 |
|     MAC_LANES[7].DSP_PIPELINE.multip                                  |     0.005 |       3 |    <0.001 |       42 |      0.001 |      43 |     0.002 |     1 |   0.002 |
|   CORES[27].core_inst                                                 |     0.133 |       3 |     0.018 |     7584 |      0.054 |   10284 |     0.048 |     8 |   0.014 |
|     MAC_LANES[0].DSP_PIPELINE.multip                                  |     0.004 |       3 |    <0.001 |       49 |     <0.001 |      39 |     0.001 |     1 |   0.002 |
|     MAC_LANES[1].DSP_PIPELINE.multip                                  |     0.002 |       3 |    <0.001 |       16 |     <0.001 |       2 |     0.000 |     1 |   0.002 |
|     MAC_LANES[2].DSP_PIPELINE.multip                                  |     0.005 |       3 |    <0.001 |       34 |      0.002 |      37 |     0.001 |     1 |   0.002 |
|     MAC_LANES[3].DSP_PIPELINE.multip                                  |     0.002 |       3 |    <0.001 |       16 |     <0.001 |       2 |     0.000 |     1 |   0.002 |
|     MAC_LANES[4].DSP_PIPELINE.multip                                  |     0.004 |       3 |    <0.001 |       34 |      0.001 |      24 |    <0.001 |     1 |   0.002 |
|     MAC_LANES[5].DSP_PIPELINE.multip                                  |     0.008 |       3 |    <0.001 |       59 |      0.003 |      77 |     0.003 |     1 |   0.002 |
|     MAC_LANES[6].DSP_PIPELINE.multip                                  |     0.003 |       3 |    <0.001 |       19 |     <0.001 |       7 |    <0.001 |     1 |   0.002 |
|     MAC_LANES[7].DSP_PIPELINE.multip                                  |     0.005 |       3 |    <0.001 |       42 |      0.001 |      43 |     0.002 |     1 |   0.002 |
|   CORES[28].core_inst                                                 |     0.132 |       3 |     0.018 |     7723 |      0.051 |   10167 |     0.049 |     8 |   0.014 |
|     MAC_LANES[0].DSP_PIPELINE.multip                                  |     0.002 |       3 |    <0.001 |       17 |     <0.001 |       4 |    <0.001 |     1 |   0.002 |
|     MAC_LANES[1].DSP_PIPELINE.multip                                  |     0.003 |       3 |    <0.001 |       16 |     <0.001 |       2 |     0.000 |     1 |   0.002 |
|     MAC_LANES[2].DSP_PIPELINE.multip                                  |     0.004 |       3 |    <0.001 |       17 |      0.001 |      21 |    <0.001 |     1 |   0.002 |
|     MAC_LANES[3].DSP_PIPELINE.multip                                  |     0.002 |       3 |    <0.001 |       16 |     <0.001 |       2 |     0.000 |     1 |   0.002 |
|     MAC_LANES[4].DSP_PIPELINE.multip                                  |     0.005 |       3 |    <0.001 |       40 |      0.002 |      51 |     0.002 |     1 |   0.002 |
|     MAC_LANES[5].DSP_PIPELINE.multip                                  |     0.007 |       3 |    <0.001 |       57 |      0.002 |      72 |     0.003 |     1 |   0.002 |
|     MAC_LANES[6].DSP_PIPELINE.multip                                  |     0.003 |       3 |    <0.001 |       19 |     <0.001 |       7 |    <0.001 |     1 |   0.002 |
|     MAC_LANES[7].DSP_PIPELINE.multip                                  |     0.005 |       3 |    <0.001 |       41 |      0.002 |      40 |     0.002 |     1 |   0.002 |
|     inverse_row_acc                                                   |     0.012 |       3 |     0.000 |      272 |      0.002 |     418 |     0.010 |     0 |   0.000 |
|     inverse_row_current                                               |     0.002 |       3 |     0.000 |       46 |     <0.001 |      30 |    <0.001 |     0 |   0.000 |
|   CORES[29].core_inst                                                 |     0.129 |       3 |     0.018 |     7580 |      0.051 |   10284 |     0.046 |     8 |   0.014 |
|     MAC_LANES[0].DSP_PIPELINE.multip                                  |     0.004 |       3 |    <0.001 |       49 |     <0.001 |      39 |     0.001 |     1 |   0.002 |
|     MAC_LANES[1].DSP_PIPELINE.multip                                  |     0.003 |       3 |    <0.001 |       16 |     <0.001 |       2 |     0.000 |     1 |   0.002 |
|     MAC_LANES[2].DSP_PIPELINE.multip                                  |     0.005 |       3 |    <0.001 |       34 |      0.002 |      37 |     0.001 |     1 |   0.002 |
|     MAC_LANES[3].DSP_PIPELINE.multip                                  |     0.002 |       3 |    <0.001 |       16 |     <0.001 |       2 |     0.000 |     1 |   0.002 |
|     MAC_LANES[4].DSP_PIPELINE.multip                                  |     0.004 |       3 |    <0.001 |       34 |      0.001 |      24 |    <0.001 |     1 |   0.002 |
|     MAC_LANES[5].DSP_PIPELINE.multip                                  |     0.008 |       3 |    <0.001 |       59 |      0.003 |      77 |     0.003 |     1 |   0.002 |
|     MAC_LANES[6].DSP_PIPELINE.multip                                  |     0.003 |       3 |    <0.001 |       19 |     <0.001 |       7 |    <0.001 |     1 |   0.002 |
|     MAC_LANES[7].DSP_PIPELINE.multip                                  |     0.005 |       3 |    <0.001 |       42 |      0.002 |      43 |     0.002 |     1 |   0.002 |
|   CORES[2].core_inst                                                  |     0.130 |       3 |     0.018 |     7581 |      0.052 |   10284 |     0.046 |     8 |   0.014 |
|     MAC_LANES[0].DSP_PIPELINE.multip                                  |     0.004 |       3 |    <0.001 |       49 |      0.001 |      39 |     0.001 |     1 |   0.002 |
|     MAC_LANES[1].DSP_PIPELINE.multip                                  |     0.003 |       3 |    <0.001 |       16 |     <0.001 |       2 |     0.000 |     1 |   0.002 |
|     MAC_LANES[2].DSP_PIPELINE.multip                                  |     0.005 |       3 |    <0.001 |       34 |      0.002 |      37 |     0.001 |     1 |   0.002 |
|     MAC_LANES[3].DSP_PIPELINE.multip                                  |     0.003 |       3 |    <0.001 |       16 |     <0.001 |       2 |     0.000 |     1 |   0.002 |
|     MAC_LANES[4].DSP_PIPELINE.multip                                  |     0.004 |       3 |    <0.001 |       34 |      0.001 |      24 |    <0.001 |     1 |   0.002 |
|     MAC_LANES[5].DSP_PIPELINE.multip                                  |     0.008 |       3 |    <0.001 |       59 |      0.003 |      77 |     0.003 |     1 |   0.002 |
|     MAC_LANES[6].DSP_PIPELINE.multip                                  |     0.003 |       3 |    <0.001 |       19 |      0.001 |       7 |    <0.001 |     1 |   0.002 |
|     MAC_LANES[7].DSP_PIPELINE.multip                                  |     0.005 |       3 |    <0.001 |       42 |      0.001 |      43 |     0.002 |     1 |   0.002 |
|   CORES[30].core_inst                                                 |     0.131 |       3 |     0.018 |     7724 |      0.048 |   10169 |     0.050 |     8 |   0.014 |
|     MAC_LANES[0].DSP_PIPELINE.multip                                  |     0.003 |       3 |    <0.001 |       17 |     <0.001 |      18 |    <0.001 |     1 |   0.002 |
|     MAC_LANES[1].DSP_PIPELINE.multip                                  |     0.003 |       3 |    <0.001 |       16 |      0.001 |       2 |     0.000 |     1 |   0.002 |
|     MAC_LANES[2].DSP_PIPELINE.multip                                  |     0.004 |       3 |    <0.001 |       17 |      0.001 |      34 |     0.001 |     1 |   0.002 |
|     MAC_LANES[3].DSP_PIPELINE.multip                                  |     0.002 |       3 |    <0.001 |       16 |     <0.001 |       2 |     0.000 |     1 |   0.002 |
|     MAC_LANES[4].DSP_PIPELINE.multip                                  |     0.004 |       3 |    <0.001 |       40 |      0.002 |      30 |    <0.001 |     1 |   0.002 |
|     MAC_LANES[5].DSP_PIPELINE.multip                                  |     0.007 |       3 |    <0.001 |       57 |      0.002 |      72 |     0.003 |     1 |   0.002 |
|     MAC_LANES[6].DSP_PIPELINE.multip                                  |     0.003 |       3 |    <0.001 |       19 |     <0.001 |       7 |    <0.001 |     1 |   0.002 |
|     MAC_LANES[7].DSP_PIPELINE.multip                                  |     0.005 |       3 |    <0.001 |       41 |      0.001 |      40 |     0.002 |     1 |   0.002 |
|     inverse_row_acc                                                   |     0.012 |       3 |     0.000 |      272 |      0.002 |     418 |     0.010 |     0 |   0.000 |
|     inverse_row_current                                               |     0.002 |       3 |     0.000 |       46 |     <0.001 |      24 |    <0.001 |     0 |   0.000 |
|   CORES[31].core_inst                                                 |     0.126 |       3 |     0.018 |     7582 |      0.048 |   10284 |     0.046 |     8 |   0.014 |
|     MAC_LANES[0].DSP_PIPELINE.multip                                  |     0.004 |       3 |    <0.001 |       49 |     <0.001 |      39 |     0.001 |     1 |   0.002 |
|     MAC_LANES[1].DSP_PIPELINE.multip                                  |     0.003 |       3 |    <0.001 |       16 |     <0.001 |       2 |     0.000 |     1 |   0.002 |
|     MAC_LANES[2].DSP_PIPELINE.multip                                  |     0.005 |       3 |    <0.001 |       34 |      0.002 |      37 |     0.001 |     1 |   0.002 |
|     MAC_LANES[3].DSP_PIPELINE.multip                                  |     0.002 |       3 |    <0.001 |       16 |     <0.001 |       2 |     0.000 |     1 |   0.002 |
|     MAC_LANES[4].DSP_PIPELINE.multip                                  |     0.004 |       3 |    <0.001 |       34 |      0.001 |      24 |    <0.001 |     1 |   0.002 |
|     MAC_LANES[5].DSP_PIPELINE.multip                                  |     0.008 |       3 |    <0.001 |       59 |      0.003 |      77 |     0.003 |     1 |   0.002 |
|     MAC_LANES[6].DSP_PIPELINE.multip                                  |     0.003 |       3 |    <0.001 |       19 |     <0.001 |       7 |    <0.001 |     1 |   0.002 |
|     MAC_LANES[7].DSP_PIPELINE.multip                                  |     0.005 |       3 |    <0.001 |       42 |      0.001 |      43 |     0.002 |     1 |   0.002 |
|   CORES[3].core_inst                                                  |     0.127 |       3 |     0.018 |     7582 |      0.049 |   10284 |     0.046 |     8 |   0.014 |
|     MAC_LANES[0].DSP_PIPELINE.multip                                  |     0.004 |       3 |    <0.001 |       49 |      0.001 |      39 |     0.001 |     1 |   0.002 |
|     MAC_LANES[1].DSP_PIPELINE.multip                                  |     0.003 |       3 |    <0.001 |       16 |     <0.001 |       2 |     0.000 |     1 |   0.002 |
|     MAC_LANES[2].DSP_PIPELINE.multip                                  |     0.005 |       3 |    <0.001 |       34 |      0.002 |      37 |     0.001 |     1 |   0.002 |
|     MAC_LANES[3].DSP_PIPELINE.multip                                  |     0.002 |       3 |    <0.001 |       16 |     <0.001 |       2 |     0.000 |     1 |   0.002 |
|     MAC_LANES[4].DSP_PIPELINE.multip                                  |     0.004 |       3 |    <0.001 |       34 |      0.001 |      24 |    <0.001 |     1 |   0.002 |
|     MAC_LANES[5].DSP_PIPELINE.multip                                  |     0.008 |       3 |    <0.001 |       59 |      0.003 |      77 |     0.003 |     1 |   0.002 |
|     MAC_LANES[6].DSP_PIPELINE.multip                                  |     0.003 |       3 |    <0.001 |       19 |      0.001 |       7 |    <0.001 |     1 |   0.002 |
|     MAC_LANES[7].DSP_PIPELINE.multip                                  |     0.005 |       3 |    <0.001 |       42 |      0.002 |      43 |     0.002 |     1 |   0.002 |
|   CORES[4].core_inst                                                  |     0.126 |       3 |     0.018 |     7580 |      0.048 |   10284 |     0.046 |     8 |   0.014 |
|     MAC_LANES[0].DSP_PIPELINE.multip                                  |     0.004 |       3 |    <0.001 |       49 |     <0.001 |      39 |     0.001 |     1 |   0.002 |
|     MAC_LANES[1].DSP_PIPELINE.multip                                  |     0.002 |       3 |    <0.001 |       16 |     <0.001 |       2 |     0.000 |     1 |   0.002 |
|     MAC_LANES[2].DSP_PIPELINE.multip                                  |     0.005 |       3 |    <0.001 |       34 |      0.002 |      37 |     0.001 |     1 |   0.002 |
|     MAC_LANES[3].DSP_PIPELINE.multip                                  |     0.002 |       3 |    <0.001 |       16 |     <0.001 |       2 |     0.000 |     1 |   0.002 |
|     MAC_LANES[4].DSP_PIPELINE.multip                                  |     0.004 |       3 |    <0.001 |       34 |      0.001 |      24 |    <0.001 |     1 |   0.002 |
|     MAC_LANES[5].DSP_PIPELINE.multip                                  |     0.007 |       3 |    <0.001 |       59 |      0.002 |      77 |     0.003 |     1 |   0.002 |
|     MAC_LANES[6].DSP_PIPELINE.multip                                  |     0.003 |       3 |    <0.001 |       19 |     <0.001 |       7 |    <0.001 |     1 |   0.002 |
|     MAC_LANES[7].DSP_PIPELINE.multip                                  |     0.005 |       3 |    <0.001 |       42 |      0.001 |      43 |     0.002 |     1 |   0.002 |
|   CORES[5].core_inst                                                  |     0.126 |       3 |     0.018 |     7583 |      0.046 |   10284 |     0.047 |     8 |   0.014 |
|     MAC_LANES[0].DSP_PIPELINE.multip                                  |     0.004 |       3 |    <0.001 |       49 |     <0.001 |      39 |     0.001 |     1 |   0.002 |
|     MAC_LANES[1].DSP_PIPELINE.multip                                  |     0.002 |       3 |    <0.001 |       16 |     <0.001 |       2 |     0.000 |     1 |   0.002 |
|     MAC_LANES[2].DSP_PIPELINE.multip                                  |     0.004 |       3 |    <0.001 |       34 |      0.001 |      37 |     0.001 |     1 |   0.002 |
|     MAC_LANES[3].DSP_PIPELINE.multip                                  |     0.002 |       3 |    <0.001 |       16 |     <0.001 |       2 |     0.000 |     1 |   0.002 |
|     MAC_LANES[4].DSP_PIPELINE.multip                                  |     0.004 |       3 |    <0.001 |       34 |      0.001 |      24 |    <0.001 |     1 |   0.002 |
|     MAC_LANES[5].DSP_PIPELINE.multip                                  |     0.008 |       3 |    <0.001 |       59 |      0.003 |      77 |     0.003 |     1 |   0.002 |
|     MAC_LANES[6].DSP_PIPELINE.multip                                  |     0.003 |       3 |    <0.001 |       19 |     <0.001 |       7 |    <0.001 |     1 |   0.002 |
|     MAC_LANES[7].DSP_PIPELINE.multip                                  |     0.005 |       3 |    <0.001 |       42 |      0.001 |      43 |     0.002 |     1 |   0.002 |
|   CORES[6].core_inst                                                  |     0.132 |       3 |     0.018 |     7581 |      0.052 |   10284 |     0.048 |     8 |   0.014 |
|     MAC_LANES[0].DSP_PIPELINE.multip                                  |     0.004 |       3 |    <0.001 |       49 |     <0.001 |      39 |     0.001 |     1 |   0.002 |
|     MAC_LANES[1].DSP_PIPELINE.multip                                  |     0.003 |       3 |    <0.001 |       16 |     <0.001 |       2 |     0.000 |     1 |   0.002 |
|     MAC_LANES[2].DSP_PIPELINE.multip                                  |     0.005 |       3 |    <0.001 |       34 |      0.002 |      37 |     0.001 |     1 |   0.002 |
|     MAC_LANES[3].DSP_PIPELINE.multip                                  |     0.003 |       3 |    <0.001 |       16 |     <0.001 |       2 |     0.000 |     1 |   0.002 |
|     MAC_LANES[4].DSP_PIPELINE.multip                                  |     0.004 |       3 |    <0.001 |       34 |      0.001 |      24 |    <0.001 |     1 |   0.002 |
|     MAC_LANES[5].DSP_PIPELINE.multip                                  |     0.007 |       3 |    <0.001 |       59 |      0.002 |      77 |     0.003 |     1 |   0.002 |
|     MAC_LANES[6].DSP_PIPELINE.multip                                  |     0.004 |       3 |    <0.001 |       19 |      0.002 |       7 |    <0.001 |     1 |   0.002 |
|     MAC_LANES[7].DSP_PIPELINE.multip                                  |     0.005 |       3 |    <0.001 |       42 |      0.001 |      43 |     0.002 |     1 |   0.002 |
|   CORES[7].core_inst                                                  |     0.128 |       3 |     0.018 |     7580 |      0.050 |   10284 |     0.046 |     8 |   0.014 |
|     MAC_LANES[0].DSP_PIPELINE.multip                                  |     0.004 |       3 |    <0.001 |       49 |     <0.001 |      39 |     0.001 |     1 |   0.002 |
|     MAC_LANES[1].DSP_PIPELINE.multip                                  |     0.003 |       3 |    <0.001 |       16 |      0.001 |       2 |     0.000 |     1 |   0.002 |
|     MAC_LANES[2].DSP_PIPELINE.multip                                  |     0.004 |       3 |    <0.001 |       34 |      0.001 |      37 |     0.001 |     1 |   0.002 |
|     MAC_LANES[3].DSP_PIPELINE.multip                                  |     0.002 |       3 |    <0.001 |       16 |     <0.001 |       2 |     0.000 |     1 |   0.002 |
|     MAC_LANES[4].DSP_PIPELINE.multip                                  |     0.005 |       3 |    <0.001 |       34 |      0.002 |      24 |    <0.001 |     1 |   0.002 |
|     MAC_LANES[5].DSP_PIPELINE.multip                                  |     0.008 |       3 |    <0.001 |       59 |      0.003 |      77 |     0.003 |     1 |   0.002 |
|     MAC_LANES[6].DSP_PIPELINE.multip                                  |     0.003 |       3 |    <0.001 |       19 |      0.001 |       7 |    <0.001 |     1 |   0.002 |
|     MAC_LANES[7].DSP_PIPELINE.multip                                  |     0.005 |       3 |    <0.001 |       42 |      0.001 |      43 |     0.002 |     1 |   0.002 |
|     WEIGHT_TRANSFORM_PIPELINE.WEIGHT_TRANSFORM_ROWS[2].weight_trf_row |     0.001 |       3 |     0.000 |      278 |      0.000 |     363 |     0.001 |     0 |   0.000 |
|   CORES[8].core_inst                                                  |     0.127 |       3 |     0.018 |     7582 |      0.048 |   10284 |     0.046 |     8 |   0.014 |
|     MAC_LANES[0].DSP_PIPELINE.multip                                  |     0.004 |       3 |    <0.001 |       49 |     <0.001 |      39 |     0.001 |     1 |   0.002 |
|     MAC_LANES[1].DSP_PIPELINE.multip                                  |     0.003 |       3 |    <0.001 |       16 |     <0.001 |       2 |     0.000 |     1 |   0.002 |
|     MAC_LANES[2].DSP_PIPELINE.multip                                  |     0.005 |       3 |    <0.001 |       34 |      0.002 |      37 |     0.001 |     1 |   0.002 |
|     MAC_LANES[3].DSP_PIPELINE.multip                                  |     0.002 |       3 |    <0.001 |       16 |     <0.001 |       2 |     0.000 |     1 |   0.002 |
|     MAC_LANES[4].DSP_PIPELINE.multip                                  |     0.004 |       3 |    <0.001 |       34 |      0.001 |      24 |    <0.001 |     1 |   0.002 |
|     MAC_LANES[5].DSP_PIPELINE.multip                                  |     0.008 |       3 |    <0.001 |       59 |      0.003 |      77 |     0.003 |     1 |   0.002 |
|     MAC_LANES[6].DSP_PIPELINE.multip                                  |     0.003 |       3 |    <0.001 |       19 |      0.001 |       7 |    <0.001 |     1 |   0.002 |
|     MAC_LANES[7].DSP_PIPELINE.multip                                  |     0.005 |       3 |    <0.001 |       42 |      0.001 |      43 |     0.002 |     1 |   0.002 |
|   CORES[9].core_inst                                                  |     0.137 |       3 |     0.018 |     7582 |      0.060 |   10284 |     0.046 |     8 |   0.014 |
|     MAC_LANES[0].DSP_PIPELINE.multip                                  |     0.005 |       3 |    <0.001 |       49 |      0.002 |      39 |     0.001 |     1 |   0.002 |
|     MAC_LANES[1].DSP_PIPELINE.multip                                  |     0.003 |       3 |    <0.001 |       16 |      0.002 |       2 |     0.000 |     1 |   0.002 |
|     MAC_LANES[2].DSP_PIPELINE.multip                                  |     0.005 |       3 |    <0.001 |       34 |      0.002 |      37 |     0.001 |     1 |   0.002 |
|     MAC_LANES[3].DSP_PIPELINE.multip                                  |     0.003 |       3 |    <0.001 |       16 |     <0.001 |       2 |     0.000 |     1 |   0.002 |
|     MAC_LANES[4].DSP_PIPELINE.multip                                  |     0.005 |       3 |    <0.001 |       34 |      0.002 |      24 |    <0.001 |     1 |   0.002 |
|     MAC_LANES[5].DSP_PIPELINE.multip                                  |     0.008 |       3 |    <0.001 |       59 |      0.003 |      77 |     0.003 |     1 |   0.002 |
|     MAC_LANES[6].DSP_PIPELINE.multip                                  |     0.003 |       3 |    <0.001 |       19 |     <0.001 |       7 |    <0.001 |     1 |   0.002 |
|     MAC_LANES[7].DSP_PIPELINE.multip                                  |     0.005 |       3 |    <0.001 |       42 |      0.001 |      43 |     0.002 |     1 |   0.002 |
+-----------------------------------------------------------------------+-----------+---------+-----------+----------+------------+---------+-----------+-------+---------+
