============================================================
  Generated by:           Genus(TM) Synthesis Solution 21.12-s068_1
  Generated on:           Jan 27 2026  03:28:47 am
  Module:                 System
  Operating conditions:   ssg0p81v125c 
  Operating conditions:   tt0p9v25c 
  Interconnect mode:      global
  Area mode:              physical library
============================================================


Path 1: MET (211 ps) Late External Delay Assertion at pin p_output_data_write[0][19]
           View: analysis_view_0p90v_25c_captyp_nominal
          Group: clk
     Startpoint: (R) control/r_addr_count_write_out_reg[1]/CP
          Clock: (R) clk
       Endpoint: (R) p_output_data_write[0][19]
          Clock: (R) clk

                     Capture       Launch     
        Clock Edge:+    2000            0     
       Src Latency:+       0            0     
       Net Latency:+       0 (I)        0 (I) 
           Arrival:=    2000            0     
                                              
      Output Delay:-    1000                  
     Required Time:=    1000                  
      Launch Clock:-       0                  
         Data Path:-     789                  
             Slack:=     211                  

Exceptions/Constraints:
  output_delay             1000            tmp_sdc_analysis_vie_line_825 

#---------------------------------------------------------------------------------------------------------------------------
#              Timing Point                Flags    Arc   Edge        Cell         Fanout Load Trans Delay Arrival Instance 
#                                                                                         (fF)  (ps)  (ps)   (ps)  Location 
#---------------------------------------------------------------------------------------------------------------------------
  control/r_addr_count_write_out_reg[1]/CP -       -      R     (arrival)               4    -     0     0       0    (-,-) 
  control/r_addr_count_write_out_reg[1]/Q  -       CP->Q  F     DFKCNQD2BWP30P140       5  9.2    21    56      56    (-,-) 
  control/g97893/ZN                        -       A1->ZN R     NR2D3BWP30P140          2  3.6    16    15      71    (-,-) 
  control/g97867/ZN                        -       I->ZN  F     INVD3BWP30P140          3  7.9    14    12      83    (-,-) 
  control/g97857/ZN                        -       A1->ZN R     NR2OPTD6BWP30P140      77 81.0    96    61     144    (-,-) 
  control/g97234/ZN                        -       A1->ZN F     ND2D3BWP30P140         15 18.0    66    54     198    (-,-) 
  control/g97218/ZN                        -       I->ZN  R     INVD6BWP30P140         26 26.6    31    31     228    (-,-) 
  control/g96355__6131/ZN                  -       A1->ZN F     CKND2D1BWP30P140        1  1.5    19    16     244    (-,-) 
  control/g104753/ZN                       -       A4->ZN R     ND4D1BWP30P140          1  2.8    22    18     262    (-,-) 
  control/add_1044_62_I1_g1257/CO          -       B->CO  R     FA1D1BWP30P140          1  2.8    18    34     296    (-,-) 
  control/add_1044_62_I1_g1256/CO          -       CI->CO R     FA1OPTCD1BWP30P140      1  2.8    18    26     322    (-,-) 
  control/add_1044_62_I1_g1255/CO          -       CI->CO R     FA1OPTCD1BWP30P140      1  2.3    17    25     348    (-,-) 
  control/add_1044_62_I1_g1254/CO          -       CI->CO R     FA1D1BWP30P140          1  2.3    16    30     377    (-,-) 
  control/add_1044_62_I1_g1253/CO          -       CI->CO R     FA1D1BWP30P140          1  2.8    18    31     408    (-,-) 
  control/add_1044_62_I1_g1252/CO          -       CI->CO R     FA1OPTCD1BWP30P140      1  2.8    18    26     434    (-,-) 
  control/add_1044_62_I1_g1251/CO          -       CI->CO R     FA1OPTCD1BWP30P140      3  4.2    24    30     464    (-,-) 
  control/add_1044_62_I1_g1249/Z           -       A1->Z  R     AO21D1BWP30P140         1  2.8    16    25     489    (-,-) 
  control/add_1044_62_I1_g1246/CO          -       CI->CO R     FA1OPTCD1BWP30P140      1  2.8    18    26     515    (-,-) 
  control/add_1044_62_I1_g1245/CO          -       CI->CO R     FA1OPTCD1BWP30P140      1  2.8    18    26     541    (-,-) 
  control/add_1044_62_I1_g1244/CO          -       CI->CO R     FA1OPTCD1BWP30P140      1  2.8    18    26     568    (-,-) 
  control/add_1044_62_I1_g1243/CO          -       CI->CO R     FA1OPTCD1BWP30P140      1  2.8    18    26     594    (-,-) 
  control/add_1044_62_I1_g1242/CO          -       CI->CO R     FA1OPTCD1BWP30P140      1  2.8    18    26     620    (-,-) 
  control/add_1044_62_I1_g1241/CO          -       CI->CO R     FA1OPTCD1BWP30P140      1  2.3    17    25     646    (-,-) 
  control/add_1044_62_I1_g1240/CO          -       CI->CO R     FA1D1BWP30P140          1  2.3    16    30     675    (-,-) 
  control/add_1044_62_I1_g1239/CO          -       CI->CO R     FA1D1BWP30P140          1  2.3    16    29     704    (-,-) 
  control/add_1044_62_I1_g1238/CO          -       CI->CO R     FA1D1BWP30P140          1  2.1    16    29     733    (-,-) 
  control/add_1044_62_I1_g1237/Z           -       A1->Z  R     XOR2UD1BWP30P140        1  1.5    28    17     750    (-,-) 
  control/g85945/ZN                        -       A1->ZN R     INR2D1BWP30P140         1  5.0    93    38     789    (-,-) 
  p_output_data_write[0][19]               <<<     -      R     (port)                  -    -     -     0     789    (-,-) 
#---------------------------------------------------------------------------------------------------------------------------


