============================================================
  Generated by:           Genus(TM) Synthesis Solution 21.12-s068_1
  Generated on:           Jan 23 2026  09:34:56 pm
  Module:                 System
  Library domain:         timing_cond_0p81v_125c
    Domain index:         0
    Technology library:   tcbn28hpcplusbwp30p140ssg0p81v125c 110
  Operating conditions:   ssg0p81v125c 
  Interconnect mode:      global
  Area mode:              physical library
============================================================

                                                                                Library 
        Gate         Instances    Area                   Library                 Domain 
----------------------------------------------------------------------------------------
AN2D1BWP30P140               6      3.024    tcbn28hpcplusbwp30p140ssg0p81v125c       0 
AN2D2BWP30P140              37     23.310    tcbn28hpcplusbwp30p140ssg0p81v125c       0 
AN2D4BWP30P140              18     20.412    tcbn28hpcplusbwp30p140ssg0p81v125c       0 
AN3D0BWP30P140               3      1.890    tcbn28hpcplusbwp30p140ssg0p81v125c       0 
AN3D1BWP30P140               9      5.670    tcbn28hpcplusbwp30p140ssg0p81v125c       0 
AN3D2BWP30P140               2      1.512    tcbn28hpcplusbwp30p140ssg0p81v125c       0 
AN3D4BWP30P140               6      8.316    tcbn28hpcplusbwp30p140ssg0p81v125c       0 
AN4D0BWP30P140               2      1.512    tcbn28hpcplusbwp30p140ssg0p81v125c       0 
AN4D1BWP30P140               6      4.536    tcbn28hpcplusbwp30p140ssg0p81v125c       0 
AO211D1BWP30P140             7      5.292    tcbn28hpcplusbwp30p140ssg0p81v125c       0 
AO21D1BWP30P140             47     29.610    tcbn28hpcplusbwp30p140ssg0p81v125c       0 
AO22D0BWP30P140           1038    784.728    tcbn28hpcplusbwp30p140ssg0p81v125c       0 
AOI211D1BWP30P140            3      1.890    tcbn28hpcplusbwp30p140ssg0p81v125c       0 
AOI21D1BWP30P140            12      6.048    tcbn28hpcplusbwp30p140ssg0p81v125c       0 
AOI221D1BWP30P140          819    619.164    tcbn28hpcplusbwp30p140ssg0p81v125c       0 
AOI222D1BWP30P140          351    353.808    tcbn28hpcplusbwp30p140ssg0p81v125c       0 
AOI22D1BWP30P140          1224    771.120    tcbn28hpcplusbwp30p140ssg0p81v125c       0 
AOI31D2BWP30P140             1      1.134    tcbn28hpcplusbwp30p140ssg0p81v125c       0 
AOI32D1BWP30P140             1      0.756    tcbn28hpcplusbwp30p140ssg0p81v125c       0 
CKAN2D1BWP30P140            60     30.240    tcbn28hpcplusbwp30p140ssg0p81v125c       0 
CKLNQD1BWP30P140            36     68.040    tcbn28hpcplusbwp30p140ssg0p81v125c       0 
CKMUX2D0BWP30P140           16     14.112    tcbn28hpcplusbwp30p140ssg0p81v125c       0 
CKND1BWP30P140            1256    316.512    tcbn28hpcplusbwp30p140ssg0p81v125c       0 
CKND2BWP30P140              17      6.426    tcbn28hpcplusbwp30p140ssg0p81v125c       0 
CKND2D1BWP30P140            49     18.522    tcbn28hpcplusbwp30p140ssg0p81v125c       0 
CKND4BWP30P140               2      1.260    tcbn28hpcplusbwp30p140ssg0p81v125c       0 
DFCND1BWP30P140              2      5.040    tcbn28hpcplusbwp30p140ssg0p81v125c       0 
DFD1BWP30P140               30     64.260    tcbn28hpcplusbwp30p140ssg0p81v125c       0 
DFKCND1BWP30P140             5     10.710    tcbn28hpcplusbwp30p140ssg0p81v125c       0 
DFKSND1BWP30P140            23     55.062    tcbn28hpcplusbwp30p140ssg0p81v125c       0 
DFQD2BWP30P140             667   1260.630    tcbn28hpcplusbwp30p140ssg0p81v125c       0 
FA1D0BWP30P140             972   2082.024    tcbn28hpcplusbwp30p140ssg0p81v125c       0 
FA1D1BWP30P140            1505   3223.710    tcbn28hpcplusbwp30p140ssg0p81v125c       0 
FA1D2BWP30P140              19     45.486    tcbn28hpcplusbwp30p140ssg0p81v125c       0 
HA1D0BWP30P140              36     58.968    tcbn28hpcplusbwp30p140ssg0p81v125c       0 
HA1D1BWP30P140              55     90.090    tcbn28hpcplusbwp30p140ssg0p81v125c       0 
IAO21D0BWP30P140            13      8.190    tcbn28hpcplusbwp30p140ssg0p81v125c       0 
IND2D1BWP30P140             16      8.064    tcbn28hpcplusbwp30p140ssg0p81v125c       0 
IND2D2BWP30P140              1      0.756    tcbn28hpcplusbwp30p140ssg0p81v125c       0 
IND3D1BWP30P140              5      3.150    tcbn28hpcplusbwp30p140ssg0p81v125c       0 
IND3D2BWP30P140              1      1.134    tcbn28hpcplusbwp30p140ssg0p81v125c       0 
IND3D4BWP30P140              1      2.016    tcbn28hpcplusbwp30p140ssg0p81v125c       0 
IND4D1BWP30P140             32     24.192    tcbn28hpcplusbwp30p140ssg0p81v125c       0 
INR2D1BWP30P140             40     20.160    tcbn28hpcplusbwp30p140ssg0p81v125c       0 
INR2D2BWP30P140              6      4.536    tcbn28hpcplusbwp30p140ssg0p81v125c       0 
INR2D4BWP30P140              2      2.772    tcbn28hpcplusbwp30p140ssg0p81v125c       0 
INR3D0BWP30P140              1      0.630    tcbn28hpcplusbwp30p140ssg0p81v125c       0 
INR3D2BWP30P140              2      2.016    tcbn28hpcplusbwp30p140ssg0p81v125c       0 
INR3D4BWP30P140              5     10.080    tcbn28hpcplusbwp30p140ssg0p81v125c       0 
INR4D0BWP30P140              1      0.756    tcbn28hpcplusbwp30p140ssg0p81v125c       0 
INR4D1BWP30P140              1      1.386    tcbn28hpcplusbwp30p140ssg0p81v125c       0 
INVD0P7BWP30P140             4      1.008    tcbn28hpcplusbwp30p140ssg0p81v125c       0 
INVD1BWP30P140              26      6.552    tcbn28hpcplusbwp30p140ssg0p81v125c       0 
INVD3BWP30P140               6      3.024    tcbn28hpcplusbwp30p140ssg0p81v125c       0 
INVD4BWP30P140               1      0.630    tcbn28hpcplusbwp30p140ssg0p81v125c       0 
INVD6BWP30P140               2      1.764    tcbn28hpcplusbwp30p140ssg0p81v125c       0 
INVD8BWP30P140               2      2.268    tcbn28hpcplusbwp30p140ssg0p81v125c       0 
IOA21D1BWP30P140             1      0.630    tcbn28hpcplusbwp30p140ssg0p81v125c       0 
IOA22D1BWP30P140             1      0.882    tcbn28hpcplusbwp30p140ssg0p81v125c       0 
MAOI222D1BWP30P140          36     27.216    tcbn28hpcplusbwp30p140ssg0p81v125c       0 
MAOI22D1BWP30P140            2      1.512    tcbn28hpcplusbwp30p140ssg0p81v125c       0 
MOAI22D1BWP30P140           36     27.216    tcbn28hpcplusbwp30p140ssg0p81v125c       0 
MUX2D2BWP30P140              1      1.134    tcbn28hpcplusbwp30p140ssg0p81v125c       0 
ND2D1BWP30P140              85     32.130    tcbn28hpcplusbwp30p140ssg0p81v125c       0 
ND2D2BWP30P140              10      6.300    tcbn28hpcplusbwp30p140ssg0p81v125c       0 
ND2D3BWP30P140               4      3.528    tcbn28hpcplusbwp30p140ssg0p81v125c       0 
ND2OPTIBD1BWP30P140        120     45.360    tcbn28hpcplusbwp30p140ssg0p81v125c       0 
ND3D1BWP30P140              48     24.192    tcbn28hpcplusbwp30p140ssg0p81v125c       0 
ND3D2BWP30P140               1      0.882    tcbn28hpcplusbwp30p140ssg0p81v125c       0 
ND4D1BWP30P140             236    148.680    tcbn28hpcplusbwp30p140ssg0p81v125c       0 
NR2D1BWP30P140              55     20.790    tcbn28hpcplusbwp30p140ssg0p81v125c       0 
NR2D2BWP30P140               9      5.670    tcbn28hpcplusbwp30p140ssg0p81v125c       0 
NR2D3BWP30P140               9      7.938    tcbn28hpcplusbwp30p140ssg0p81v125c       0 
NR2D4BWP30P140              18     20.412    tcbn28hpcplusbwp30p140ssg0p81v125c       0 
NR2D8BWP30P140               2      4.284    tcbn28hpcplusbwp30p140ssg0p81v125c       0 
NR2OPTD6BWP30P140            7     11.466    tcbn28hpcplusbwp30p140ssg0p81v125c       0 
NR2OPTIBD1BWP30P140         51     19.278    tcbn28hpcplusbwp30p140ssg0p81v125c       0 
NR2OPTPAD1BWP30P140          3      1.512    tcbn28hpcplusbwp30p140ssg0p81v125c       0 
NR3D0BWP30P140               1      0.504    tcbn28hpcplusbwp30p140ssg0p81v125c       0 
NR3D0P7BWP30P140             7      3.528    tcbn28hpcplusbwp30p140ssg0p81v125c       0 
NR3D1P5BWP30P140             1      0.882    tcbn28hpcplusbwp30p140ssg0p81v125c       0 
NR4D0BWP30P140              10      6.300    tcbn28hpcplusbwp30p140ssg0p81v125c       0 
OA21D1BWP30P140              8      5.040    tcbn28hpcplusbwp30p140ssg0p81v125c       0 
OA22D1BWP30P140              1      0.882    tcbn28hpcplusbwp30p140ssg0p81v125c       0 
OAI211D1BWP30P140          383    241.290    tcbn28hpcplusbwp30p140ssg0p81v125c       0 
OAI21D1BWP30P140            57     28.728    tcbn28hpcplusbwp30p140ssg0p81v125c       0 
OAI221D1BWP30P140          289    254.898    tcbn28hpcplusbwp30p140ssg0p81v125c       0 
OAI222D1BWP30P140           45     45.360    tcbn28hpcplusbwp30p140ssg0p81v125c       0 
OAI22D1BWP30P140           172    108.360    tcbn28hpcplusbwp30p140ssg0p81v125c       0 
OAI31D1BWP30P140             2      1.260    tcbn28hpcplusbwp30p140ssg0p81v125c       0 
OAI33D1BWP30P140             2      1.764    tcbn28hpcplusbwp30p140ssg0p81v125c       0 
OR2D0BWP30P140               9      4.536    tcbn28hpcplusbwp30p140ssg0p81v125c       0 
OR2D1BWP30P140              52     26.208    tcbn28hpcplusbwp30p140ssg0p81v125c       0 
OR2D4BWP30P140               1      1.134    tcbn28hpcplusbwp30p140ssg0p81v125c       0 
OR2D6BWP30P140               1      1.386    tcbn28hpcplusbwp30p140ssg0p81v125c       0 
OR3D1BWP30P140               2      1.260    tcbn28hpcplusbwp30p140ssg0p81v125c       0 
OR3D2BWP30P140               3      2.268    tcbn28hpcplusbwp30p140ssg0p81v125c       0 
OR3D4BWP30P140               3      4.158    tcbn28hpcplusbwp30p140ssg0p81v125c       0 
OR3D8BWP30P140               1      2.268    tcbn28hpcplusbwp30p140ssg0p81v125c       0 
OR4D1BWP30P140              97     73.332    tcbn28hpcplusbwp30p140ssg0p81v125c       0 
OR4D2BWP30P140               7      6.174    tcbn28hpcplusbwp30p140ssg0p81v125c       0 
OR4D4BWP30P140               3      4.914    tcbn28hpcplusbwp30p140ssg0p81v125c       0 
XNR2D1BWP30P140              1      1.008    tcbn28hpcplusbwp30p140ssg0p81v125c       0 
XNR2D2BWP30P140              2      2.268    tcbn28hpcplusbwp30p140ssg0p81v125c       0 
XNR2UD0BWP30P140            32     28.224    tcbn28hpcplusbwp30p140ssg0p81v125c       0 
XNR2UD1BWP30P140           368    324.576    tcbn28hpcplusbwp30p140ssg0p81v125c       0 
XNR3D2BWP30P140              1      2.016    tcbn28hpcplusbwp30p140ssg0p81v125c       0 
XNR3UD1BWP30P140            39     68.796    tcbn28hpcplusbwp30p140ssg0p81v125c       0 
XNR4D1BWP30P140              6     15.876    tcbn28hpcplusbwp30p140ssg0p81v125c       0 
XOR2UD0BWP30P140             1      0.882    tcbn28hpcplusbwp30p140ssg0p81v125c       0 
XOR2UD1BWP30P140            62     54.684    tcbn28hpcplusbwp30p140ssg0p81v125c       0 
XOR3D1BWP30P140              1      1.890    tcbn28hpcplusbwp30p140ssg0p81v125c       0 
XOR3UD0BWP30P140            54     95.256    tcbn28hpcplusbwp30p140ssg0p81v125c       0 
XOR3UD1BWP30P140            46     81.144    tcbn28hpcplusbwp30p140ssg0p81v125c       0 
XOR4D0BWP30P140              2      5.292    tcbn28hpcplusbwp30p140ssg0p81v125c       0 
XOR4D1BWP30P140              1      2.646    tcbn28hpcplusbwp30p140ssg0p81v125c       0 
----------------------------------------------------------------------------------------
total                    11018  12021.912                                       


                                                        
            Type             Instances    Area   Area % 
--------------------------------------------------------
sequential                         727  1395.702   11.6 
inverter                          1316   339.444    2.8 
clock_gating_integrated_cell        36    68.040    0.6 
unresolved                           1     0.000    0.0 
logic                             8939 10218.726   85.0 
physical_cells                       0     0.000    0.0 
--------------------------------------------------------
total                            11019 12021.912  100.0 

