============================================================
  Generated by:           Genus(TM) Synthesis Solution 21.12-s068_1
  Generated on:           Jan 23 2026  09:35:11 pm
  Module:                 System
  Operating conditions:   ssg0p81v125c 
  Operating conditions:   tt0p9v25c 
  Operating conditions:   ffg0p99vm40c 
  Interconnect mode:      global
  Area mode:              physical library
============================================================


Path 1: MET (762 ps) Setup Check with Pin conv/r_feat_reg[4][19]/CP->D
           View: analysis_view_0p99v_m40c_capbst_fastest
          Group: clk
     Startpoint: (R) conv/r_idx_in_reg[4]/CP
          Clock: (R) clk
       Endpoint: (F) conv/r_feat_reg[4][19]/D
          Clock: (R) clk

                     Capture       Launch     
        Clock Edge:+    2000            0     
       Src Latency:+       0            0     
       Net Latency:+       0 (I)        0 (I) 
           Arrival:=    2000            0     
                                              
             Setup:-       7                  
     Required Time:=    1993                  
      Launch Clock:-       0                  
         Data Path:-    1231                  
             Slack:=     762                  

#----------------------------------------------------------------------------------------------------------------------------
#               Timing Point                 Flags    Arc   Edge       Cell         Fanout Load Trans Delay Arrival Instance 
#                                                                                          (fF)  (ps)  (ps)   (ps)  Location 
#----------------------------------------------------------------------------------------------------------------------------
  conv/r_idx_in_reg[4]/CP                    -       -      R     (arrival)             44    -     0     0       0    (-,-) 
  conv/r_idx_in_reg[4]/Q                     -       CP->Q  F     DFKCND1BWP30P140       5  9.0    30    51      51    (-,-) 
  conv/mux_mult/g307/ZN                      -       A1->ZN R     NR2D4BWP30P140         6  9.2    20    18      69    (-,-) 
  conv/mux_mult/g324/ZN                      -       B->ZN  F     IAO21D0BWP30P140       2  4.2    28    21      91    (-,-) 
  conv/mux_mult/g288/ZN                      -       A1->ZN R     NR2D3BWP30P140         8 11.7    27    23     114    (-,-) 
  conv/g70127/ZN                             -       I->ZN  F     CKND2BWP30P140         5  6.1    16    14     128    (-,-) 
  conv/g70022/ZN                             -       B1->ZN R     INR4D0BWP30P140        3  3.7    75    52     179    (-,-) 
  conv/g69958/Z                              -       A1->Z  R     AN2D1BWP30P140        41 43.5   140    99     279    (-,-) 
  conv/g69286/Z                              -       B1->Z  R     AO22D0BWP30P140        1  1.7    18    33     312    (-,-) 
  conv/g67010/Z                              -       A1->Z  R     OR4D2BWP30P140        24 29.9    49    47     359    (-,-) 
  conv/genblk1[2].multip/mul_153_63_g7448/ZN -       A2->ZN R     XNR2UD1BWP30P140      20 24.5   195   114     473    (-,-) 
  conv/genblk1[2].multip/mul_153_63_g7354/ZN -       I->ZN  F     CKND1BWP30P140         2  2.7    43    19     492    (-,-) 
  conv/genblk1[2].multip/mul_153_63_g7325/Z  -       A2->Z  F     OR2D0BWP30P140        18 20.5   120    88     580    (-,-) 
  conv/genblk1[2].multip/mul_153_63_g7204/ZN -       A1->ZN R     OAI22D1BWP30P140       1  3.2    47    38     618    (-,-) 
  conv/genblk1[2].multip/mul_153_63_g7102/S  -       A->S   R     FA1D1BWP30P140         1  3.1    18    44     662    (-,-) 
  conv/genblk1[2].multip/mul_153_63_g7029/S  -       B->S   F     FA1D1BWP30P140         1  3.0    16    40     702    (-,-) 
  conv/genblk1[2].multip/mul_153_63_g6988/CO -       B->CO  F     FA1D2BWP30P140         1  2.5    10    28     730    (-,-) 
  conv/genblk1[2].multip/mul_153_63_g6980/CO -       CI->CO F     FA1D2BWP30P140         1  2.5    10    22     753    (-,-) 
  conv/genblk1[2].multip/mul_153_63_g6978/CO -       CI->CO F     FA1D2BWP30P140         1  2.5    10    22     775    (-,-) 
  conv/genblk1[2].multip/mul_153_63_g6977/CO -       CI->CO F     FA1D2BWP30P140         1  2.5    10    22     798    (-,-) 
  conv/genblk1[2].multip/mul_153_63_g6976/CO -       CI->CO F     FA1D2BWP30P140         1  2.4    10    22     820    (-,-) 
  conv/genblk1[2].multip/mul_153_63_g6975/CO -       CI->CO F     FA1D1BWP30P140         1  2.5    13    24     844    (-,-) 
  conv/genblk1[2].multip/mul_153_63_g6974/CO -       CI->CO F     FA1D2BWP30P140         1  2.5    10    23     867    (-,-) 
  conv/genblk1[2].multip/mul_153_63_g6973/CO -       CI->CO F     FA1D2BWP30P140         1  2.5    10    22     889    (-,-) 
  conv/genblk1[2].multip/mul_153_63_g6972/CO -       CI->CO F     FA1D2BWP30P140         1  2.5    10    22     912    (-,-) 
  conv/genblk1[2].multip/mul_153_63_g6971/CO -       CI->CO F     FA1D2BWP30P140         1  2.5    10    22     934    (-,-) 
  conv/genblk1[2].multip/mul_153_63_g6970/CO -       CI->CO F     FA1D2BWP30P140         1  2.5    10    22     957    (-,-) 
  conv/genblk1[2].multip/mul_153_63_g6969/CO -       CI->CO F     FA1D2BWP30P140         1  2.5    10    22     979    (-,-) 
  conv/genblk1[2].multip/mul_153_63_g6968/CO -       CI->CO F     FA1D2BWP30P140         1  2.5    10    22    1002    (-,-) 
  conv/genblk1[2].multip/mul_153_63_g6967/CO -       CI->CO F     FA1D2BWP30P140         1  2.5    10    22    1024    (-,-) 
  conv/genblk1[2].multip/mul_153_63_g6966/CO -       CI->CO F     FA1D2BWP30P140         1  2.5    10    22    1047    (-,-) 
  conv/genblk1[2].multip/mul_153_63_g6965/CO -       CI->CO F     FA1D2BWP30P140         1  2.5    10    22    1069    (-,-) 
  conv/genblk1[2].multip/mul_153_63_g6964/CO -       CI->CO F     FA1D2BWP30P140         1  2.5    10    22    1092    (-,-) 
  conv/genblk1[2].multip/mul_153_63_g6963/CO -       CI->CO F     FA1D2BWP30P140         1  1.8     9    21    1113    (-,-) 
  conv/genblk1[2].multip/mul_153_63_g6962/ZN -       A3->ZN F     XNR3D2BWP30P140       34 38.2    63    52    1165    (-,-) 
  conv/g59770/ZN                             -       A1->ZN R     AOI222D1BWP30P140      1  1.8    65    34    1200    (-,-) 
  conv/g59088/ZN                             -       C->ZN  F     OAI221D1BWP30P140      1  1.7    36    31    1231    (-,-) 
  conv/r_feat_reg[4][19]/D                   <<<     -      F     DFQD2BWP30P140         1    -     -     0    1231    (-,-) 
#----------------------------------------------------------------------------------------------------------------------------


