============================================================
  Generated by:           Genus(TM) Synthesis Solution 21.12-s068_1
  Generated on:           Jan 23 2026  09:34:56 pm
  Module:                 System
  Operating conditions:   ssg0p81v125c 
  Interconnect mode:      global
  Area mode:              physical library
============================================================


Path 1: MET (0 ps) Setup Check with Pin conv/r_feat_reg[21][19]/CP->D
           View: analysis_view_0p81v_125c_capwst_slowest
          Group: clk
     Startpoint: (R) conv/r_idx_in_reg[4]/CP
          Clock: (R) clk
       Endpoint: (R) conv/r_feat_reg[21][19]/D
          Clock: (R) clk

                     Capture       Launch     
        Clock Edge:+    2000            0     
       Src Latency:+       0            0     
       Net Latency:+       0 (I)        0 (I) 
           Arrival:=    2000            0     
                                              
             Setup:-      28                  
     Required Time:=    1972                  
      Launch Clock:-       0                  
         Data Path:-    1972                  
             Slack:=       0                  

#-----------------------------------------------------------------------------------------------------------------------------------------
#                      Timing Point                       Flags    Arc   Edge       Cell         Fanout Load Trans Delay Arrival Instance 
#                                                                                                       (fF)  (ps)  (ps)   (ps)  Location 
#-----------------------------------------------------------------------------------------------------------------------------------------
  conv/r_idx_in_reg[4]/CP                                 -       -      R     (arrival)             44    -     0     0       0    (-,-) 
  conv/r_idx_in_reg[4]/Q                                  -       CP->Q  F     DFKCND1BWP30P140       5  7.2    41    82      82    (-,-) 
  conv/mux_mult/g323/ZN                                   -       B1->ZN R     INR3D4BWP30P140        5  6.0    38    37     119    (-,-) 
  conv/mux_mult/g291/ZN                                   -       A1->ZN F     ND2D2BWP30P140         2  2.6    26    21     140    (-,-) 
  conv/mux_mult/g287/ZN                                   -       I->ZN  R     INVD1BWP30P140         2  3.2    24    23     162    (-,-) 
  conv/mux_mult/g322/ZN                                   -       B->ZN  F     AOI31D2BWP30P140       1  2.1    34    18     180    (-,-) 
  conv/mux_mult/g268/ZN                                   -       A1->ZN R     ND2D3BWP30P140        12 13.1    32    27     207    (-,-) 
  conv/g70129/ZN                                          -       I->ZN  F     INVD3BWP30P140        10  9.4    24    20     228    (-,-) 
  conv/g70012/Z                                           -       A2->Z  F     CKAN2D1BWP30P140       2  2.6    19    32     259    (-,-) 
  conv/g69828/Z                                           -       A2->Z  F     AN2D2BWP30P140        40 35.1    92    68     327    (-,-) 
  conv/g69342/ZN                                          -       B1->ZN R     AOI22D1BWP30P140       1  1.3    42    46     373    (-,-) 
  conv/g70237/ZN                                          -       A4->ZN F     ND4D1BWP30P140         1  1.2    45    39     412    (-,-) 
  conv/g67031/Z                                           -       A3->Z  F     OR4D1BWP30P140        20 19.0   102    98     510    (-,-) 
  conv/genblk1[0].multip/mul_153_63_g5981__4319/CO        -       A->CO  F     HA1D1BWP30P140         1  2.1    18    39     549    (-,-) 
  conv/genblk1[0].multip/mul_153_63_g5887__5107/CO        -       CI->CO F     FA1D1BWP30P140         1  2.1    24    42     591    (-,-) 
  conv/genblk1[0].multip/mul_153_63_g5792__2346/CO        -       CI->CO F     FA1D1BWP30P140         1  2.1    24    44     635    (-,-) 
  conv/genblk1[0].multip/mul_153_63_g5765__7410/CO        -       CI->CO F     FA1D1BWP30P140         1  2.1    24    44     679    (-,-) 
  conv/genblk1[0].multip/mul_153_63_g5745__5526/CO        -       CI->CO F     FA1D1BWP30P140         1  2.1    24    44     723    (-,-) 
  conv/genblk1[0].multip/mul_153_63_g5722__8246/CO        -       CI->CO F     FA1D1BWP30P140         1  2.1    24    44     768    (-,-) 
  conv/genblk1[0].multip/mul_153_63_g5708__6417/CO        -       CI->CO F     FA1D1BWP30P140         1  2.1    24    44     812    (-,-) 
  conv/genblk1[0].multip/mul_153_63_g5694__8246/CO        -       CI->CO F     FA1D1BWP30P140         1  2.1    24    44     856    (-,-) 
  conv/genblk1[0].multip/mul_153_63_g5681__5477/CO        -       CI->CO F     FA1D1BWP30P140         1  2.1    23    44     900    (-,-) 
  conv/genblk1[0].multip/mul_153_63_g5668__6131/CO        -       CI->CO F     FA1D1BWP30P140         1  2.1    23    44     944    (-,-) 
  conv/genblk1[0].multip/mul_153_63_g5653__5477/CO        -       CI->CO F     FA1D1BWP30P140         1  2.1    23    44     988    (-,-) 
  conv/genblk1[0].multip/mul_153_63_g5637__5122/CO        -       CI->CO F     FA1D1BWP30P140         1  2.1    23    44    1032    (-,-) 
  conv/genblk1[0].multip/mul_153_63_g5624__6417/CO        -       CI->CO F     FA1D1BWP30P140         1  2.1    23    44    1076    (-,-) 
  conv/genblk1[0].multip/mul_153_63_g5612__6131/CO        -       CI->CO F     FA1D1BWP30P140         1  2.1    23    44    1120    (-,-) 
  conv/genblk1[0].multip/mul_153_63_g5600__6260/CO        -       CI->CO F     FA1D1BWP30P140         1  2.1    23    44    1164    (-,-) 
  conv/genblk1[0].multip/mul_153_63_g5589__6161/CO        -       CI->CO F     FA1D1BWP30P140         1  2.1    22    44    1208    (-,-) 
  conv/genblk1[0].multip/mul_153_63_g5578__1617/CO        -       CI->CO F     FA1D1BWP30P140         1  2.1    22    44    1252    (-,-) 
  conv/genblk1[0].multip/mul_153_63_g5569__5477/S         -       CI->S  R     FA1D1BWP30P140         4  3.9    37    81    1333    (-,-) 
  conv/genblk1[0].multip/mul_153_63_g5561__6161/ZN        -       A1->ZN F     AOI221D1BWP30P140      1  1.8    70    27    1360    (-,-) 
  conv/genblk1[0].multip/mul_153_63_g5555__7098/ZN        -       A1->ZN F     XNR2UD1BWP30P140       1  2.1    48    42    1402    (-,-) 
  conv/genblk1[0].multip/mul_153_63_cdnfadd_021_4__9315/S -       CI->S  R     FA1D1BWP30P140         1  2.6    30    85    1488    (-,-) 
  conv/genblk1[0].multip/mul_153_63_cdnfadd_021_5__9945/S -       B->S   F     FA1D1BWP30P140         1  1.3    22    67    1555    (-,-) 
  conv/genblk1[0].multip/mul_153_63_g5490/ZN              -       I->ZN  R     CKND1BWP30P140         2  2.1    19    18    1573    (-,-) 
  conv/genblk1[0].multip/mul_153_63_g5483__6131/ZN        -       A1->ZN F     ND2D1BWP30P140         3  2.9    35    26    1600    (-,-) 
  conv/genblk1[0].multip/mul_153_63_g5474__5526/ZN        -       A1->ZN R     CKND2D1BWP30P140       2  2.0    30    27    1627    (-,-) 
  conv/genblk1[0].multip/mul_153_63_g5473__8428/ZN        -       B2->ZN F     INR3D0BWP30P140        2  2.1    32    24    1650    (-,-) 
  conv/genblk1[0].multip/mul_153_63_g5465__7410/ZN        -       B1->ZN R     AOI221D1BWP30P140      1  1.4    48    46    1696    (-,-) 
  conv/genblk1[0].multip/mul_153_63_g5463__2346/ZN        -       B->ZN  F     OAI21D1BWP30P140       3  3.3    48    41    1738    (-,-) 
  conv/genblk1[0].multip/mul_153_63_g5462__2883/Z         -       A1->Z  F     AN3D1BWP30P140         1  1.4    14    35    1773    (-,-) 
  conv/genblk1[0].multip/mul_153_63_g5460__9315/Z         -       B->Z   F     AO211D1BWP30P140       1  2.1    21    45    1817    (-,-) 
  conv/genblk1[0].multip/mul_153_63_g5457__7482/CO        -       CI->CO F     FA1D1BWP30P140         1  1.4    18    40    1857    (-,-) 
  conv/genblk1[0].multip/mul_153_63_g2__7098/Z            -       A3->Z  R     XOR3D1BWP30P140        4  5.4    34    52    1909    (-,-) 
  conv/g60622/ZN                                          -       I->ZN  F     CKND4BWP30P140        33 29.0    42    34    1943    (-,-) 
  conv/g59106/ZN                                          -       A1->ZN R     OAI221D1BWP30P140      1  1.3    55    29    1972    (-,-) 
  conv/r_feat_reg[21][19]/D                               <<<     -      R     DFQD2BWP30P140         1    -     -     0    1972    (-,-) 
#-----------------------------------------------------------------------------------------------------------------------------------------


