============================================================
  Generated by:           Genus(TM) Synthesis Solution 21.12-s068_1
  Generated on:           Oct 09 2026  03:46:12 pm
  Module:                 Conv
  Operating conditions:   ssg0p81v125c 
  Operating conditions:   tt0p9v25c 
  Operating conditions:   ffg0p99vm40c 
  Interconnect mode:      global
  Area mode:              physical library
============================================================


Path 1: MET (412 ps) Late External Delay Assertion at pin p_output_data_write[79]
           View: analysis_view_0p99v_m40c_capbst_fastest
          Group: clk
     Startpoint: (R) r_output_write_count_reg[1]/CP
          Clock: (R) clk
       Endpoint: (F) p_output_data_write[79]
          Clock: (R) clk

                     Capture       Launch     
        Clock Edge:+    2000            0     
       Src Latency:+       0            0     
       Net Latency:+       0 (I)        0 (I) 
           Arrival:=    2000            0     
                                              
      Output Delay:-    1000                  
     Required Time:=    1000                  
      Launch Clock:-       0                  
         Data Path:-     588                  
             Slack:=     412                  

Exceptions/Constraints:
  output_delay             1000            tmp_sdc_analysis_vie_1_line_483 

#----------------------------------------------------------------------------------------------------------------
#         Timing Point           Flags    Arc   Edge       Cell        Fanout  Load Trans Delay Arrival Instance 
#                                                                              (fF)  (ps)  (ps)   (ps)  Location 
#----------------------------------------------------------------------------------------------------------------
  r_output_write_count_reg[1]/CP -       -      R     (arrival)             4     -     0     0       0    (-,-) 
  r_output_write_count_reg[1]/Q  -       CP->Q  F     DFCND1BWP30P140       4   5.8    21    47      47    (-,-) 
  g13396/ZN                      -       A1->ZN F     INR2D2BWP30P140      25  28.8    48    39      86    (-,-) 
  g13063/Z                       -       I->Z   F     BUFFD4BWP30P140     128 141.9   110    77     162    (-,-) 
  g12674/ZN                      -       B1->ZN R     AOI22D1BWP30P140      1   1.8    29    36     199    (-,-) 
  g12168/ZN                      -       A2->ZN F     ND2D1BWP30P140        1   3.1    22    18     217    (-,-) 
  add_1001_76_I4_g1423/CO        -       A->CO  F     FA1D1BWP30P140        1   2.4    13    31     248    (-,-) 
  add_1001_76_I4_g1422/CO        -       CI->CO F     FA1D1BWP30P140        1   2.4    13    24     272    (-,-) 
  add_1001_76_I4_g1421/CO        -       CI->CO F     FA1D1BWP30P140        1   2.4    12    24     296    (-,-) 
  add_1001_76_I4_g1420/CO        -       CI->CO F     FA1D1BWP30P140        3   4.4    18    28     324    (-,-) 
  add_1001_76_I4_g1418/Z         -       A1->Z  F     AO21D1BWP30P140       1   2.4    11    18     342    (-,-) 
  add_1001_76_I4_g1415/CO        -       CI->CO F     FA1D1BWP30P140        1   2.4    13    24     366    (-,-) 
  add_1001_76_I4_g1414/CO        -       CI->CO F     FA1D1BWP30P140        1   2.4    13    24     390    (-,-) 
  add_1001_76_I4_g1413/CO        -       CI->CO F     FA1D1BWP30P140        1   2.4    13    24     414    (-,-) 
  add_1001_76_I4_g1412/CO        -       CI->CO F     FA1D1BWP30P140        1   2.4    13    24     438    (-,-) 
  add_1001_76_I4_g1411/CO        -       CI->CO F     FA1D1BWP30P140        1   2.4    13    24     463    (-,-) 
  add_1001_76_I4_g1410/CO        -       CI->CO F     FA1D1BWP30P140        1   2.4    13    24     487    (-,-) 
  add_1001_76_I4_g1409/CO        -       CI->CO F     FA1D1BWP30P140        1   2.4    13    24     511    (-,-) 
  add_1001_76_I4_g1408/CO        -       CI->CO F     FA1D1BWP30P140        1   2.4    13    24     535    (-,-) 
  add_1001_76_I4_g1407/CO        -       CI->CO F     FA1D1BWP30P140        1   1.8    11    23     558    (-,-) 
  add_1001_76_I4_g1406/Z         -       A3->Z  F     XOR3UD1BWP30P140      1   5.2    34    30     588    (-,-) 
  p_output_data_write[79]        <<<     -      F     (port)                -     -     -     0     588    (-,-) 
#----------------------------------------------------------------------------------------------------------------


