============================================================
  Generated by:           Genus(TM) Synthesis Solution 21.12-s068_1
  Generated on:           Jan 27 2026  07:59:35 pm
  Module:                 Conv
  Library domain:         timing_cond_0p81v_125c
    Domain index:         0
    Technology library:   tcbn28hpcplusbwp30p140ssg0p81v125c 110
  Operating conditions:   ssg0p81v125c 
  Interconnect mode:      global
  Area mode:              physical library
============================================================

      Instance        Module    Cell Count  Cell Area  Net Area   Total Area 
-----------------------------------------------------------------------------
Conv                                 22197  26369.532 11434.857    37804.389 
  genblk1[0].multip Multip             658    671.076   269.624      940.700 
  genblk1[1].multip Multip_111         659    674.730   268.654      943.384 
  genblk1[2].multip Multip_110         658    674.100   268.634      942.734 
  genblk1[3].multip Multip_109         659    669.942   268.654      938.596 
  genblk1[4].multip Multip_108         657    682.164   267.774      949.938 
  genblk1[5].multip Multip_107         656    678.132   269.249      947.381 
  genblk1[6].multip Multip_106         659    679.518   271.351      950.869 
  genblk1[7].multip Multip_105         659    678.132   271.351      949.483 
  genblk1[8].multip Multip_104         659    671.202   268.654      939.856 
  inv               Inverse           5627   6522.768  2248.906     8771.674 
    matrix_a0       MatrixA0          1947   2445.912   736.074     3181.986 
    matrix_a1       MatrixA1          3680   4076.856  1293.316     5370.172 
  mux_mult          MuxMult              9      4.032     0.505        4.537 
  trf               Transform         4916   8550.612  2362.477    10913.089 
    matrix_c0       MatrixC0          2420   4210.416   998.202     5208.618 
    matrix_c1       MatrixC1          2496   4340.196  1034.972     5375.168 
