============================================================
  Generated by:           Genus(TM) Synthesis Solution 21.12-s068_1
  Generated on:           Oct 08 2026  02:09:37 pm
  Module:                 Conv
  Operating conditions:   ssg0p81v125c 
  Operating conditions:   tt0p9v25c 
  Interconnect mode:      global
  Area mode:              physical library
============================================================


Path 1: MET (239 ps) Late External Delay Assertion at pin p_output_data_write[79]
           View: analysis_view_0p90v_25c_captyp_nominal
          Group: clk
     Startpoint: (R) r_output_write_count_reg[1]/CP
          Clock: (R) clk
       Endpoint: (F) p_output_data_write[79]
          Clock: (R) clk

                     Capture       Launch     
        Clock Edge:+    2000            0     
       Src Latency:+       0            0     
       Net Latency:+       0 (I)        0 (I) 
           Arrival:=    2000            0     
                                              
      Output Delay:-    1000                  
     Required Time:=    1000                  
      Launch Clock:-       0                  
         Data Path:-     761                  
             Slack:=     239                  

Exceptions/Constraints:
  output_delay             1000            tmp_sdc_analysis_vie_line_845 

#-----------------------------------------------------------------------------------------------------------------
#         Timing Point           Flags    Arc   Edge        Cell         Fanout Load Trans Delay Arrival Instance 
#                                                                               (fF)  (ps)  (ps)   (ps)  Location 
#-----------------------------------------------------------------------------------------------------------------
  r_output_write_count_reg[1]/CP -       -      R     (arrival)               4    -     0     0       0    (-,-) 
  r_output_write_count_reg[1]/QN -       CP->QN R     DFCND1BWP30P140         4  8.9    40    74      74    (-,-) 
  g257192/ZN                     -       A1->ZN F     NR2D4BWP30P140         49 50.5    55    43     117    (-,-) 
  g256161/ZN                     -       B1->ZN R     AOI22D1BWP30P140        1  1.5    24    33     150    (-,-) 
  g255521/ZN                     -       A1->ZN F     ND2D1BWP30P140          1  2.6    25    21     171    (-,-) 
  add_971_76_I4_g1258/CO         -       B->CO  F     HA1D1BWP30P140          1  2.2    12    22     193    (-,-) 
  add_971_76_I4_g1257/CO         -       CI->CO F     FA1D1BWP30P140          1  2.7    17    32     225    (-,-) 
  add_971_76_I4_g1256/CO         -       CI->CO F     FA1OPTCD1BWP30P140      1  2.2    16    24     249    (-,-) 
  add_971_76_I4_g1255/CO         -       CI->CO F     FA1D1BWP30P140          1  2.2    16    32     281    (-,-) 
  add_971_76_I4_g1254/CO         -       CI->CO F     FA1D1BWP30P140          1  2.2    16    32     313    (-,-) 
  add_971_76_I4_g1253/CO         -       CI->CO F     FA1D1BWP30P140          1  2.2    16    32     345    (-,-) 
  add_971_76_I4_g1252/CO         -       CI->CO F     FA1D1BWP30P140          1  2.2    16    32     377    (-,-) 
  add_971_76_I4_g1251/CO         -       CI->CO F     FA1D1BWP30P140          3  4.1    22    37     414    (-,-) 
  add_971_76_I4_g1249/Z          -       A1->Z  F     AO21D1BWP30P140         1  2.2    14    24     437    (-,-) 
  add_971_76_I4_g1246/CO         -       CI->CO F     FA1D1BWP30P140          1  2.2    16    31     469    (-,-) 
  add_971_76_I4_g1245/CO         -       CI->CO F     FA1D1BWP30P140          1  2.2    16    32     501    (-,-) 
  add_971_76_I4_g1244/CO         -       CI->CO F     FA1D1BWP30P140          1  2.2    16    32     533    (-,-) 
  add_971_76_I4_g1243/CO         -       CI->CO F     FA1D1BWP30P140          1  2.2    16    32     565    (-,-) 
  add_971_76_I4_g1242/CO         -       CI->CO F     FA1D1BWP30P140          1  2.2    16    32     597    (-,-) 
  add_971_76_I4_g1241/CO         -       CI->CO F     FA1D1BWP30P140          1  2.2    16    32     629    (-,-) 
  add_971_76_I4_g1240/CO         -       CI->CO F     FA1D1BWP30P140          1  2.2    16    32     661    (-,-) 
  add_971_76_I4_g1239/CO         -       CI->CO F     FA1D1BWP30P140          1  2.2    16    32     693    (-,-) 
  add_971_76_I4_g1238/CO         -       CI->CO F     FA1D1BWP30P140          1  1.5    13    30     722    (-,-) 
  add_971_76_I4_g1237/Z          -       A3->Z  F     XOR3UD1BWP30P140        1  5.0    45    38     761    (-,-) 
  p_output_data_write[79]        <<<     -      F     (port)                  -    -     -     0     761    (-,-) 
#-----------------------------------------------------------------------------------------------------------------


