============================================================
  Generated by:           Genus(TM) Synthesis Solution 21.12-s068_1
  Generated on:           Jan 27 2026  06:46:28 pm
  Module:                 Conv
  Library domain:         timing_cond_0p81v_125c
    Domain index:         0
    Technology library:   tcbn28hpcplusbwp30p140ssg0p81v125c 110
  Operating conditions:   ssg0p81v125c 
  Interconnect mode:      global
  Area mode:              physical library
============================================================

                                                                                    Library 
          Gate           Instances    Area                   Library                 Domain 
--------------------------------------------------------------------------------------------
AN2D16BWP30P140                  1      3.402    tcbn28hpcplusbwp30p140ssg0p81v125c       0 
AN2D1BWP30P140                 192     96.768    tcbn28hpcplusbwp30p140ssg0p81v125c       0 
AN2D2BWP30P140                  26     16.380    tcbn28hpcplusbwp30p140ssg0p81v125c       0 
AO211D1BWP30P140                69     52.164    tcbn28hpcplusbwp30p140ssg0p81v125c       0 
AO211D4BWP30P140                 2      3.276    tcbn28hpcplusbwp30p140ssg0p81v125c       0 
AO21D1BWP30P140                 96     60.480    tcbn28hpcplusbwp30p140ssg0p81v125c       0 
AO21D2BWP30P140                  4      3.024    tcbn28hpcplusbwp30p140ssg0p81v125c       0 
AO21D4BWP30P140                  2      2.772    tcbn28hpcplusbwp30p140ssg0p81v125c       0 
AO22D0BWP30P140                880    665.280    tcbn28hpcplusbwp30p140ssg0p81v125c       0 
AO22D1BWP30P140                 55     48.510    tcbn28hpcplusbwp30p140ssg0p81v125c       0 
AO22D2BWP30P140                 40     40.320    tcbn28hpcplusbwp30p140ssg0p81v125c       0 
AO22D4BWP30P140                149    262.836    tcbn28hpcplusbwp30p140ssg0p81v125c       0 
AOI211D1BWP30P140                7      4.410    tcbn28hpcplusbwp30p140ssg0p81v125c       0 
AOI21D1BWP30P140               230    115.920    tcbn28hpcplusbwp30p140ssg0p81v125c       0 
AOI21D1P5BWP30P140               3      2.646    tcbn28hpcplusbwp30p140ssg0p81v125c       0 
AOI21D2BWP30P140               128    112.896    tcbn28hpcplusbwp30p140ssg0p81v125c       0 
AOI21D4BWP30P140                37     65.268    tcbn28hpcplusbwp30p140ssg0p81v125c       0 
AOI21D6BWP30P140                 2      5.040    tcbn28hpcplusbwp30p140ssg0p81v125c       0 
AOI21OPTREPBD1BWP30P140         28     21.168    tcbn28hpcplusbwp30p140ssg0p81v125c       0 
AOI21OPTREPBD2BWP30P140          9     12.474    tcbn28hpcplusbwp30p140ssg0p81v125c       0 
AOI221D1BWP30P140              392    296.352    tcbn28hpcplusbwp30p140ssg0p81v125c       0 
AOI221D2BWP30P140               20     30.240    tcbn28hpcplusbwp30p140ssg0p81v125c       0 
AOI221D4BWP30P140                1      2.898    tcbn28hpcplusbwp30p140ssg0p81v125c       0 
AOI222D1BWP30P140              157    158.256    tcbn28hpcplusbwp30p140ssg0p81v125c       0 
AOI222D2BWP30P140                4      7.056    tcbn28hpcplusbwp30p140ssg0p81v125c       0 
AOI22D1BWP30P140               501    315.630    tcbn28hpcplusbwp30p140ssg0p81v125c       0 
AOI22D1P5BWP30P140               1      1.134    tcbn28hpcplusbwp30p140ssg0p81v125c       0 
AOI22D2BWP30P140                 9     10.206    tcbn28hpcplusbwp30p140ssg0p81v125c       0 
AOI31D1BWP30P140                 8      5.040    tcbn28hpcplusbwp30p140ssg0p81v125c       0 
AOI32D1BWP30P140                 1      0.756    tcbn28hpcplusbwp30p140ssg0p81v125c       0 
BUFFD12BWP30P140                 1      2.142    tcbn28hpcplusbwp30p140ssg0p81v125c       0 
BUFFD16BWP30P140                 1      2.772    tcbn28hpcplusbwp30p140ssg0p81v125c       0 
BUFFD1P5BWP30P140                4      2.016    tcbn28hpcplusbwp30p140ssg0p81v125c       0 
BUFFD3BWP30P140                  2      1.260    tcbn28hpcplusbwp30p140ssg0p81v125c       0 
BUFFD4BWP30P140                 14     12.348    tcbn28hpcplusbwp30p140ssg0p81v125c       0 
BUFFD8BWP30P140                  1      1.512    tcbn28hpcplusbwp30p140ssg0p81v125c       0 
CKAN2D1BWP30P140               500    252.000    tcbn28hpcplusbwp30p140ssg0p81v125c       0 
CKAN2D2BWP30P140                 3      1.890    tcbn28hpcplusbwp30p140ssg0p81v125c       0 
CKBD6BWP30P140                   4      4.536    tcbn28hpcplusbwp30p140ssg0p81v125c       0 
CKBD8BWP30P140                   1      1.512    tcbn28hpcplusbwp30p140ssg0p81v125c       0 
CKLNQD1BWP30P140                10     18.900    tcbn28hpcplusbwp30p140ssg0p81v125c       0 
CKND1BWP30P140                3111    783.972    tcbn28hpcplusbwp30p140ssg0p81v125c       0 
CKND2BWP30P140                 120     45.360    tcbn28hpcplusbwp30p140ssg0p81v125c       0 
CKND2D1BWP30P140               211     79.758    tcbn28hpcplusbwp30p140ssg0p81v125c       0 
CKND2D2BWP30P140                 1      0.630    tcbn28hpcplusbwp30p140ssg0p81v125c       0 
CKND2D3BWP30P140                27     23.814    tcbn28hpcplusbwp30p140ssg0p81v125c       0 
CKND2D4BWP30P140                 9     10.206    tcbn28hpcplusbwp30p140ssg0p81v125c       0 
CKND2D8BWP30P140                29     62.118    tcbn28hpcplusbwp30p140ssg0p81v125c       0 
CKND3BWP30P140                   6      3.024    tcbn28hpcplusbwp30p140ssg0p81v125c       0 
CKND4BWP30P140                   1      0.630    tcbn28hpcplusbwp30p140ssg0p81v125c       0 
CKND6BWP30P140                   6      5.292    tcbn28hpcplusbwp30p140ssg0p81v125c       0 
CKXOR2D1BWP30P140                6      6.048    tcbn28hpcplusbwp30p140ssg0p81v125c       0 
DCCKBD12BWP30P140                8     34.272    tcbn28hpcplusbwp30p140ssg0p81v125c       0 
DCCKBD4BWP30P140                 3      5.292    tcbn28hpcplusbwp30p140ssg0p81v125c       0 
DCCKBD8BWP30P140                 4     12.096    tcbn28hpcplusbwp30p140ssg0p81v125c       0 
DCCKND4BWP30P140                 2      2.520    tcbn28hpcplusbwp30p140ssg0p81v125c       0 
DFCNQD1BWP30P140                 2      4.536    tcbn28hpcplusbwp30p140ssg0p81v125c       0 
DFKCNQD2BWP30P140                3      6.048    tcbn28hpcplusbwp30p140ssg0p81v125c       0 
DFKSND1BWP30P140               186    445.284    tcbn28hpcplusbwp30p140ssg0p81v125c       0 
DFQD1BWP30P140                   1      1.890    tcbn28hpcplusbwp30p140ssg0p81v125c       0 
DFQD2BWP30P140                1094   2067.660    tcbn28hpcplusbwp30p140ssg0p81v125c       0 
FA1D1BWP30P140                5062  10842.804    tcbn28hpcplusbwp30p140ssg0p81v125c       0 
FA1D2BWP30P140                  10     23.940    tcbn28hpcplusbwp30p140ssg0p81v125c       0 
FA1D4BWP30P140                  32    116.928    tcbn28hpcplusbwp30p140ssg0p81v125c       0 
FA1OPTCD1BWP30P140             122    307.440    tcbn28hpcplusbwp30p140ssg0p81v125c       0 
FA1OPTCD2BWP30P140              88    266.112    tcbn28hpcplusbwp30p140ssg0p81v125c       0 
HA1D1BWP30P140                 168    275.184    tcbn28hpcplusbwp30p140ssg0p81v125c       0 
HA1D2BWP30P140                   9     17.010    tcbn28hpcplusbwp30p140ssg0p81v125c       0 
IAO21D0BWP30P140                24     15.120    tcbn28hpcplusbwp30p140ssg0p81v125c       0 
IAO21D1BWP30P140                19     11.970    tcbn28hpcplusbwp30p140ssg0p81v125c       0 
IAO21D2BWP30P140               185    163.170    tcbn28hpcplusbwp30p140ssg0p81v125c       0 
IAO21D4BWP30P140                 4      6.048    tcbn28hpcplusbwp30p140ssg0p81v125c       0 
IAO22D1BWP30P140                 7      6.174    tcbn28hpcplusbwp30p140ssg0p81v125c       0 
IAO22D2BWP30P140                 1      1.386    tcbn28hpcplusbwp30p140ssg0p81v125c       0 
IND2D1BWP30P140                299    150.696    tcbn28hpcplusbwp30p140ssg0p81v125c       0 
IND2D2BWP30P140                 26     19.656    tcbn28hpcplusbwp30p140ssg0p81v125c       0 
INR2D16BWP30P140                 1      4.914    tcbn28hpcplusbwp30p140ssg0p81v125c       0 
INR2D1BWP30P140                516    260.064    tcbn28hpcplusbwp30p140ssg0p81v125c       0 
INR2D2BWP30P140                 35     26.460    tcbn28hpcplusbwp30p140ssg0p81v125c       0 
INR2D4BWP30P140                  7      9.702    tcbn28hpcplusbwp30p140ssg0p81v125c       0 
INR2D6BWP30P140                  7     13.230    tcbn28hpcplusbwp30p140ssg0p81v125c       0 
INR3D0BWP30P140                  1      0.630    tcbn28hpcplusbwp30p140ssg0p81v125c       0 
INR3D1BWP30P140                  1      1.008    tcbn28hpcplusbwp30p140ssg0p81v125c       0 
INR3D2BWP30P140                  1      1.008    tcbn28hpcplusbwp30p140ssg0p81v125c       0 
INVD0P7BWP30P140                11      2.772    tcbn28hpcplusbwp30p140ssg0p81v125c       0 
INVD12BWP30P140                  1      1.638    tcbn28hpcplusbwp30p140ssg0p81v125c       0 
INVD1BWP30P140                   9      2.268    tcbn28hpcplusbwp30p140ssg0p81v125c       0 
INVD2BWP30P140                  24      9.072    tcbn28hpcplusbwp30p140ssg0p81v125c       0 
INVD3BWP30P140                  41     20.664    tcbn28hpcplusbwp30p140ssg0p81v125c       0 
INVD6BWP30P140                   8      7.056    tcbn28hpcplusbwp30p140ssg0p81v125c       0 
INVD8BWP30P140                   2      2.268    tcbn28hpcplusbwp30p140ssg0p81v125c       0 
INVD9BWP30P140                   1      1.260    tcbn28hpcplusbwp30p140ssg0p81v125c       0 
IOA21D0BWP30P140                18     11.340    tcbn28hpcplusbwp30p140ssg0p81v125c       0 
IOA21D1BWP30P140               240    151.200    tcbn28hpcplusbwp30p140ssg0p81v125c       0 
IOA21D2BWP30P140                75     66.150    tcbn28hpcplusbwp30p140ssg0p81v125c       0 
IOA21D4BWP30P140                 9     12.474    tcbn28hpcplusbwp30p140ssg0p81v125c       0 
IOA22D1BWP30P140                 3      2.646    tcbn28hpcplusbwp30p140ssg0p81v125c       0 
IOA22D2BWP30P140                 3      3.780    tcbn28hpcplusbwp30p140ssg0p81v125c       0 
MAOI222D1BWP30P140             512    387.072    tcbn28hpcplusbwp30p140ssg0p81v125c       0 
MAOI222D2BWP30P140               9     14.742    tcbn28hpcplusbwp30p140ssg0p81v125c       0 
MAOI22D1BWP30P140                3      2.268    tcbn28hpcplusbwp30p140ssg0p81v125c       0 
MOAI22D0BWP30P140                2      1.512    tcbn28hpcplusbwp30p140ssg0p81v125c       0 
MOAI22D1BWP30P140               47     35.532    tcbn28hpcplusbwp30p140ssg0p81v125c       0 
MUX2ND4BWP30P140                 1      2.016    tcbn28hpcplusbwp30p140ssg0p81v125c       0 
MUX2NOPTD2BWP30P140              9     12.474    tcbn28hpcplusbwp30p140ssg0p81v125c       0 
MUX2NOPTD4BWP30P140              8     20.160    tcbn28hpcplusbwp30p140ssg0p81v125c       0 
MUX2NOPTD8BWP30P140              8     38.304    tcbn28hpcplusbwp30p140ssg0p81v125c       0 
MUX2NUD1BWP30P140                6      4.536    tcbn28hpcplusbwp30p140ssg0p81v125c       0 
MUX2OPTD4BWP30P140               7     15.876    tcbn28hpcplusbwp30p140ssg0p81v125c       0 
MUX2OPTD6BWP30P140              21     66.150    tcbn28hpcplusbwp30p140ssg0p81v125c       0 
ND2D1BWP30P140                1045    395.010    tcbn28hpcplusbwp30p140ssg0p81v125c       0 
ND2D2BWP30P140                 168    105.840    tcbn28hpcplusbwp30p140ssg0p81v125c       0 
ND2D3BWP30P140                  20     17.640    tcbn28hpcplusbwp30p140ssg0p81v125c       0 
ND2D4BWP30P140                  17     19.278    tcbn28hpcplusbwp30p140ssg0p81v125c       0 
ND2D6BWP30P140                   5      8.190    tcbn28hpcplusbwp30p140ssg0p81v125c       0 
ND2D8BWP30P140                   9     19.278    tcbn28hpcplusbwp30p140ssg0p81v125c       0 
ND2OPTD12BWP30P140               7     22.050    tcbn28hpcplusbwp30p140ssg0p81v125c       0 
ND2OPTD6BWP30P140               11     18.018    tcbn28hpcplusbwp30p140ssg0p81v125c       0 
ND2OPTIBD12BWP30P140             9     28.350    tcbn28hpcplusbwp30p140ssg0p81v125c       0 
ND2OPTIBD16BWP30P140            47    195.426    tcbn28hpcplusbwp30p140ssg0p81v125c       0 
ND2OPTIBD1BWP30P140            127     48.006    tcbn28hpcplusbwp30p140ssg0p81v125c       0 
ND2OPTIBD2BWP30P140             50     31.500    tcbn28hpcplusbwp30p140ssg0p81v125c       0 
ND2OPTIBD4BWP30P140             26     29.484    tcbn28hpcplusbwp30p140ssg0p81v125c       0 
ND2OPTIBD6BWP30P140             24     39.312    tcbn28hpcplusbwp30p140ssg0p81v125c       0 
ND2OPTIBD8BWP30P140              4      8.568    tcbn28hpcplusbwp30p140ssg0p81v125c       0 
ND2OPTPAD2BWP30P140             16     18.144    tcbn28hpcplusbwp30p140ssg0p81v125c       0 
ND2OPTPAD4BWP30P140              1      2.016    tcbn28hpcplusbwp30p140ssg0p81v125c       0 
ND3D1BWP30P140                   1      0.504    tcbn28hpcplusbwp30p140ssg0p81v125c       0 
ND3D1P5BWP30P140                 1      0.882    tcbn28hpcplusbwp30p140ssg0p81v125c       0 
ND3D2BWP30P140                   7      6.174    tcbn28hpcplusbwp30p140ssg0p81v125c       0 
NR2D1BWP30P140                 735    277.830    tcbn28hpcplusbwp30p140ssg0p81v125c       0 
NR2D1P5BWP30P140                 1      0.630    tcbn28hpcplusbwp30p140ssg0p81v125c       0 
NR2D2BWP30P140                 109     68.670    tcbn28hpcplusbwp30p140ssg0p81v125c       0 
NR2D3BWP30P140                 138    121.716    tcbn28hpcplusbwp30p140ssg0p81v125c       0 
NR2D4BWP30P140                  62     70.308    tcbn28hpcplusbwp30p140ssg0p81v125c       0 
NR2D6BWP30P140                   1      1.638    tcbn28hpcplusbwp30p140ssg0p81v125c       0 
NR2D8BWP30P140                   1      2.142    tcbn28hpcplusbwp30p140ssg0p81v125c       0 
NR2OPTD6BWP30P140               18     29.484    tcbn28hpcplusbwp30p140ssg0p81v125c       0 
NR2OPTIBD1BWP30P140            408    154.224    tcbn28hpcplusbwp30p140ssg0p81v125c       0 
NR2OPTIBD2BWP30P140              5      3.150    tcbn28hpcplusbwp30p140ssg0p81v125c       0 
NR2OPTIBD4BWP30P140             13     14.742    tcbn28hpcplusbwp30p140ssg0p81v125c       0 
NR2OPTIBD6BWP30P140             18     29.484    tcbn28hpcplusbwp30p140ssg0p81v125c       0 
NR2OPTIBD8BWP30P140             12     25.704    tcbn28hpcplusbwp30p140ssg0p81v125c       0 
NR2OPTPAD1BWP30P140             60     30.240    tcbn28hpcplusbwp30p140ssg0p81v125c       0 
NR2OPTPAD2BWP30P140             29     25.578    tcbn28hpcplusbwp30p140ssg0p81v125c       0 
NR2OPTPAD4BWP30P140             83    135.954    tcbn28hpcplusbwp30p140ssg0p81v125c       0 
NR3D0BWP30P140                   1      0.504    tcbn28hpcplusbwp30p140ssg0p81v125c       0 
NR3D0P7BWP30P140                 1      0.504    tcbn28hpcplusbwp30p140ssg0p81v125c       0 
NR3D1P5BWP30P140                 1      0.882    tcbn28hpcplusbwp30p140ssg0p81v125c       0 
NR3D2BWP30P140                   1      1.764    tcbn28hpcplusbwp30p140ssg0p81v125c       0 
OA21D1BWP30P140                 93     58.590    tcbn28hpcplusbwp30p140ssg0p81v125c       0 
OA21D2BWP30P140                 19     14.364    tcbn28hpcplusbwp30p140ssg0p81v125c       0 
OA21D4BWP30P140                 20     27.720    tcbn28hpcplusbwp30p140ssg0p81v125c       0 
OA22D1BWP30P140                  1      0.882    tcbn28hpcplusbwp30p140ssg0p81v125c       0 
OAI211D1BWP30P140                2      1.260    tcbn28hpcplusbwp30p140ssg0p81v125c       0 
OAI21D0P7BWP30P140               4      2.016    tcbn28hpcplusbwp30p140ssg0p81v125c       0 
OAI21D1BWP30P140               109     54.936    tcbn28hpcplusbwp30p140ssg0p81v125c       0 
OAI21D1P5BWP30P140               3      2.646    tcbn28hpcplusbwp30p140ssg0p81v125c       0 
OAI21D2BWP30P140                77     67.914    tcbn28hpcplusbwp30p140ssg0p81v125c       0 
OAI21D4BWP30P140                14     24.696    tcbn28hpcplusbwp30p140ssg0p81v125c       0 
OAI21OPTREPBD1BWP30P140         19     14.364    tcbn28hpcplusbwp30p140ssg0p81v125c       0 
OAI21OPTREPBD2BWP30P140          7      9.702    tcbn28hpcplusbwp30p140ssg0p81v125c       0 
OAI21OPTREPBD4BWP30P140          1      2.646    tcbn28hpcplusbwp30p140ssg0p81v125c       0 
OAI22D1BWP30P140              1161    731.430    tcbn28hpcplusbwp30p140ssg0p81v125c       0 
OAI22D1P5BWP30P140               6      6.804    tcbn28hpcplusbwp30p140ssg0p81v125c       0 
OAI22OPTPBD1BWP30P140            4      4.032    tcbn28hpcplusbwp30p140ssg0p81v125c       0 
OAI31D1BWP30P140                 3      1.890    tcbn28hpcplusbwp30p140ssg0p81v125c       0 
OAI32D1BWP30P140                 7      5.292    tcbn28hpcplusbwp30p140ssg0p81v125c       0 
OR2D0BWP30P140                  36     18.144    tcbn28hpcplusbwp30p140ssg0p81v125c       0 
OR2D1BWP30P140                 210    105.840    tcbn28hpcplusbwp30p140ssg0p81v125c       0 
OR2D2BWP30P140                  13      8.190    tcbn28hpcplusbwp30p140ssg0p81v125c       0 
OR2D4BWP30P140                   9     10.206    tcbn28hpcplusbwp30p140ssg0p81v125c       0 
OR3D1BWP30P140                   7      4.410    tcbn28hpcplusbwp30p140ssg0p81v125c       0 
OR4D1BWP30P140                 188    142.128    tcbn28hpcplusbwp30p140ssg0p81v125c       0 
OR4D4BWP30P140                  14     22.932    tcbn28hpcplusbwp30p140ssg0p81v125c       0 
XNR2D1BWP30P140                179    180.432    tcbn28hpcplusbwp30p140ssg0p81v125c       0 
XNR2D2BWP30P140                 69     78.246    tcbn28hpcplusbwp30p140ssg0p81v125c       0 
XNR2D4BWP30P140                  2      4.032    tcbn28hpcplusbwp30p140ssg0p81v125c       0 
XNR2OPTND2BWP30P140             48     66.528    tcbn28hpcplusbwp30p140ssg0p81v125c       0 
XNR2OPTND4BWP30P140             62    156.240    tcbn28hpcplusbwp30p140ssg0p81v125c       0 
XNR2OPTND6BWP30P140              2      7.308    tcbn28hpcplusbwp30p140ssg0p81v125c       0 
XNR2UD1BWP30P140              1699   1498.518    tcbn28hpcplusbwp30p140ssg0p81v125c       0 
XNR3D1BWP30P140                 14     26.460    tcbn28hpcplusbwp30p140ssg0p81v125c       0 
XNR3D2BWP30P140                  5     10.080    tcbn28hpcplusbwp30p140ssg0p81v125c       0 
XNR3D4BWP30P140                  1      3.150    tcbn28hpcplusbwp30p140ssg0p81v125c       0 
XNR3UD1BWP30P140               250    441.000    tcbn28hpcplusbwp30p140ssg0p81v125c       0 
XNR4D1BWP30P140                 29     76.734    tcbn28hpcplusbwp30p140ssg0p81v125c       0 
XOR2D1BWP30P140                 53     53.424    tcbn28hpcplusbwp30p140ssg0p81v125c       0 
XOR2D2BWP30P140                 11     12.474    tcbn28hpcplusbwp30p140ssg0p81v125c       0 
XOR2D4BWP30P140                  1      2.016    tcbn28hpcplusbwp30p140ssg0p81v125c       0 
XOR2OPTND2BWP30P140             21     29.106    tcbn28hpcplusbwp30p140ssg0p81v125c       0 
XOR2OPTND4BWP30P140             23     57.960    tcbn28hpcplusbwp30p140ssg0p81v125c       0 
XOR2UD0BWP30P140                 1      0.882    tcbn28hpcplusbwp30p140ssg0p81v125c       0 
XOR2UD1BWP30P140               589    519.498    tcbn28hpcplusbwp30p140ssg0p81v125c       0 
XOR3D1BWP30P140                 43     81.270    tcbn28hpcplusbwp30p140ssg0p81v125c       0 
XOR3D2BWP30P140                 34     68.544    tcbn28hpcplusbwp30p140ssg0p81v125c       0 
XOR3UD1BWP30P140               262    462.168    tcbn28hpcplusbwp30p140ssg0p81v125c       0 
XOR4D0BWP30P140                 16     42.336    tcbn28hpcplusbwp30p140ssg0p81v125c       0 
XOR4D1BWP30P140                 17     44.982    tcbn28hpcplusbwp30p140ssg0p81v125c       0 
XOR4D2BWP30P140                  1      2.772    tcbn28hpcplusbwp30p140ssg0p81v125c       0 
--------------------------------------------------------------------------------------------
total                        24879  27037.836                                       


                                                        
            Type             Instances    Area   Area % 
--------------------------------------------------------
sequential                        1286  2525.418    9.3 
inverter                          3343   887.796    3.3 
buffer                              43    79.758    0.3 
clock_gating_integrated_cell        10    18.900    0.1 
logic                            20197 23525.964   87.0 
physical_cells                       0     0.000    0.0 
--------------------------------------------------------
total                            24879 27037.836  100.0 

