============================================================
  Generated by:           Genus(TM) Synthesis Solution 22.17-s071_1
  Generated on:           May 16 2025  01:32:39 pm
  Module:                 conv
  Operating conditions:   ssg0p81v125c 
  Operating conditions:   tt0p9v25c 
  Operating conditions:   ffg0p99vm40c 
  Interconnect mode:      global
  Area mode:              physical library
============================================================


Path 1: MET (776 ps) Setup Check with Pin registers_reg[14][19]/CP->D
           View: analysis_view_0p99v_m40c_capbst_fastest
          Group: clk
     Startpoint: (R) current_st_reg[24]/CP
          Clock: (R) clk
       Endpoint: (F) registers_reg[14][19]/D
          Clock: (R) clk

                     Capture       Launch     
        Clock Edge:+    2000            0     
       Src Latency:+       0            0     
       Net Latency:+       0 (I)        0 (I) 
           Arrival:=    2000            0     
                                              
             Setup:-       4                  
     Required Time:=    1996                  
      Launch Clock:-       0                  
         Data Path:-    1220                  
             Slack:=     776                  

#-----------------------------------------------------------------------------------------------------------------------
#           Timing Point             Flags    Arc   Edge        Cell          Fanout  Load Trans Delay Arrival Instance 
#                                                                                     (fF)  (ps)  (ps)   (ps)  Location 
#-----------------------------------------------------------------------------------------------------------------------
  current_st_reg[24]/CP              -       -      R     (arrival)               28     -     0     0       0    (-,-) 
  current_st_reg[24]/Q               -       CP->Q  F     DFCNQD1BWP30P140         2   3.8    15    41      41    (-,-) 
  g36608/ZN                          -       A2->ZN R     NR2D1BWP30P140           2   2.7    19    16      58    (-,-) 
  g36626/ZN                          -       B1->ZN F     IND2D1BWP30P140          2   2.8    21    16      74    (-,-) 
  g36581/ZN                          -       A1->ZN R     NR2D1BWP30P140           2   2.7    20    17      91    (-,-) 
  g36576/ZN                          -       A1->ZN F     ND2D1BWP30P140           2   2.7    20    16     107    (-,-) 
  g36563/ZN                          -       A1->ZN R     NR2OPTPAD1BWP30P140      2   2.8    17    15     122    (-,-) 
  g36557/ZN                          -       A1->ZN F     ND2D1BWP30P140           3   5.1    32    23     145    (-,-) 
  g36378/ZN                          -       A1->ZN R     NR2OPTPAD1BWP30P140     19  23.0   100    69     214    (-,-) 
  g36373/Z                           -       I->Z   R     BUFFD16BWP30P140       323 343.5    69    57     271    (-,-) 
  g35828/Z                           -       B1->Z  R     AO22D0BWP30P140          1   2.0    20    32     303    (-,-) 
  g35398/Z                           -       A3->Z  R     OR3D4BWP30P140          21  26.8    23    28     331    (-,-) 
  multip2/mul_24_61_g5953/ZN         -       A1->ZN F     NR2D1BWP30P140           2   2.6    14    12     344    (-,-) 
  multip2/mul_24_61_g5886/Z          -       I1->Z  F     CKMUX2D0BWP30P140       20  21.1   126    87     430    (-,-) 
  multip2/mul_24_61_g5859/ZN         -       I->ZN  R     CKND1BWP30P140           1   1.8    32    26     456    (-,-) 
  multip2/mul_24_61_g5758/ZN         -       B1->ZN F     OAI22D1BWP30P140         1   1.8    26    19     474    (-,-) 
  multip2/mul_24_61_g5718/ZN         -       C->ZN  R     AOI221D1BWP30P140        1   2.3    43    30     504    (-,-) 
  multip2/mul_24_61_g5706/ZN         -       A1->ZN R     XNR2UD1BWP30P140         1   2.9    32    24     528    (-,-) 
  multip2/mul_24_61_g5650/CO         -       A->CO  R     HA1D1BWP30P140           1   3.1    13    21     549    (-,-) 
  multip2/mul_24_61_cdnfadd_006_0/CO -       B->CO  R     FA1D1BWP30P140           1   2.5    14    23     572    (-,-) 
  multip2/mul_24_61_cdnfadd_007_0/S  -       CI->S  F     FA1D1BWP30P140           2   2.8    16    38     610    (-,-) 
  multip2/mul_24_61_g5580/Z          -       A1->Z  F     OR2D1BWP30P140           2   2.9    12    18     628    (-,-) 
  multip2/mul_24_61_g5579/ZN         -       B->ZN  R     OAI21D1BWP30P140         2   3.0    22    14     642    (-,-) 
  multip2/mul_24_61_g5570/Z          -       B->Z   R     AO211D1BWP30P140         1   1.7    10    18     660    (-,-) 
  multip2/mul_24_61_g5563/ZN         -       A1->ZN F     OAI221D1BWP30P140        1   2.4    35    22     682    (-,-) 
  multip2/mul_24_61_g5531/CO         -       CI->CO F     FA1D1BWP30P140           1   2.4    13    30     713    (-,-) 
  multip2/mul_24_61_g5504/CO         -       CI->CO F     FA1D1BWP30P140           1   2.4    13    24     737    (-,-) 
  multip2/mul_24_61_g5484/CO         -       CI->CO F     FA1D1BWP30P140           1   2.4    13    24     761    (-,-) 
  multip2/mul_24_61_g5467/CO         -       CI->CO F     FA1D1BWP30P140           1   2.4    13    24     786    (-,-) 
  multip2/mul_24_61_g5464/CO         -       CI->CO F     FA1D1BWP30P140           1   2.4    13    24     810    (-,-) 
  multip2/mul_24_61_g5463/CO         -       CI->CO F     FA1D1BWP30P140           1   2.4    12    24     834    (-,-) 
  multip2/mul_24_61_g5462/CO         -       CI->CO F     FA1D1BWP30P140           1   2.4    12    24     858    (-,-) 
  multip2/mul_24_61_g5459/CO         -       CI->CO F     FA1D1BWP30P140           1   2.4    12    24     883    (-,-) 
  multip2/mul_24_61_g5457/CO         -       CI->CO F     FA1D1BWP30P140           1   2.4    12    24     907    (-,-) 
  multip2/mul_24_61_g5456/CO         -       CI->CO F     FA1D1BWP30P140           1   2.4    12    24     931    (-,-) 
  multip2/mul_24_61_g5452/CO         -       CI->CO F     FA1D1BWP30P140           1   2.4    12    24     955    (-,-) 
  multip2/mul_24_61_g5451/CO         -       CI->CO F     FA1D1BWP30P140           2   2.9    14    25     980    (-,-) 
  multip2/mul_24_61_g5450/ZN         -       A1->ZN R     ND2D1BWP30P140           2   2.9    14    12     992    (-,-) 
  multip2/mul_24_61_g5447/ZN         -       A2->ZN F     OAI221D1BWP30P140        1   2.4    34    24    1016    (-,-) 
  multip2/mul_24_61_g5445/CO         -       CI->CO F     FA1D1BWP30P140           1   2.4    13    30    1046    (-,-) 
  multip2/mul_24_61_g5444/CO         -       CI->CO F     FA1D1BWP30P140           1   2.4    12    24    1071    (-,-) 
  multip2/mul_24_61_g5443/CO         -       CI->CO F     FA1D1BWP30P140           1   2.4    12    24    1095    (-,-) 
  multip2/mul_24_61_g5442/CO         -       CI->CO F     FA1D1BWP30P140           1   2.4    12    24    1119    (-,-) 
  multip2/mul_24_61_g5441/CO         -       CI->CO F     FA1D1BWP30P140           1   1.8    11    23    1142    (-,-) 
  multip2/mul_24_61_g5974/ZN         -       A3->ZN F     XNR3UD1BWP30P140         5   6.2    40    33    1175    (-,-) 
  g42929/ZN                          -       A1->ZN R     AOI222D1BWP30P140        1   1.7    58    28    1203    (-,-) 
  g42431/ZN                          -       A1->ZN F     ND2D1BWP30P140           1   1.7    23    17    1220    (-,-) 
  registers_reg[14][19]/D            <<<     -      F     DFCNQD1BWP30P140         1     -     -     0    1220    (-,-) 
#-----------------------------------------------------------------------------------------------------------------------


