============================================================
  Generated by:           Genus(TM) Synthesis Solution 21.12-s068_1
  Generated on:           Oct 04 2026  10:08:23 pm
  Module:                 Conv
  Operating conditions:   ssg0p81v125c 
  Operating conditions:   tt0p9v25c 
  Operating conditions:   ffg0p99vm40c 
  Interconnect mode:      global
  Area mode:              physical library
============================================================


Path 1: MET (403 ps) Late External Delay Assertion at pin p_output_data_write[59]
           View: analysis_view_0p99v_m40c_capbst_fastest
          Group: clk
     Startpoint: (R) r_output_write_count_reg[1]/CP
          Clock: (R) clk
       Endpoint: (R) p_output_data_write[59]
          Clock: (R) clk

                     Capture       Launch     
        Clock Edge:+    2000            0     
       Src Latency:+       0            0     
       Net Latency:+       0 (I)        0 (I) 
           Arrival:=    2000            0     
                                              
      Output Delay:-    1000                  
     Required Time:=    1000                  
      Launch Clock:-       0                  
         Data Path:-     597                  
             Slack:=     403                  

Exceptions/Constraints:
  output_delay             1000            tmp_sdc_analysis_vie_1_line_415 

#-------------------------------------------------------------------------------------------------------------------
#         Timing Point           Flags    Arc   Edge        Cell          Fanout  Load Trans Delay Arrival Instance 
#                                                                                 (fF)  (ps)  (ps)   (ps)  Location 
#-------------------------------------------------------------------------------------------------------------------
  r_output_write_count_reg[1]/CP -       -      R     (arrival)                4     -     0     0       0    (-,-) 
  r_output_write_count_reg[1]/QN -       CP->QN R     DFCND4BWP30P140          3  11.7    13    47      47    (-,-) 
  g75706/ZN                      -       I->ZN  F     INVD15BWP30P140         43  51.7    14    11      58    (-,-) 
  g75675/ZN                      -       A1->ZN R     NR2OPTIBD6BWP30P140    112 119.6   111    68     126    (-,-) 
  g75501/ZN                      -       I->ZN  F     CKND2BWP30P140          11  13.1    45    33     159    (-,-) 
  g74472/ZN                      -       A1->ZN R     OAI211D2BWP30P140        1   2.9    17    20     178    (-,-) 
  add_981_76_I3_g1258/CO         -       A->CO  R     HA1D1BWP30P140           1   2.5    11    18     196    (-,-) 
  add_981_76_I3_g1257/CO         -       CI->CO R     FA1D1BWP30P140           1   2.5    13    22     218    (-,-) 
  add_981_76_I3_g1256/CO         -       CI->CO R     FA1D1BWP30P140           1   2.5    14    22     241    (-,-) 
  add_981_76_I3_g1255/CO         -       CI->CO R     FA1D1BWP30P140           1   2.5    13    22     263    (-,-) 
  add_981_76_I3_g1254/CO         -       CI->CO R     FA1D1BWP30P140           1   3.0    15    23     286    (-,-) 
  add_981_76_I3_g1253/CO         -       CI->CO R     FA1OPTCD1BWP30P140       1   2.5    13    19     306    (-,-) 
  add_981_76_I3_g1252/CO         -       CI->CO R     FA1D1BWP30P140           1   3.0    15    23     329    (-,-) 
  add_981_76_I3_g1251/CO         -       CI->CO R     FA1OPTCD1BWP30P140       3   4.5    19    23     352    (-,-) 
  add_981_76_I3_g1249/Z          -       A1->Z  R     AO21D1BWP30P140          1   2.5    11    18     370    (-,-) 
  add_981_76_I3_g1246/CO         -       CI->CO R     FA1D2BWP30P140           1   3.0    10    21     391    (-,-) 
  add_981_76_I3_g1245/CO         -       CI->CO R     FA1OPTCD1BWP30P140       1   2.5    13    18     409    (-,-) 
  add_981_76_I3_g1244/CO         -       CI->CO R     FA1D1BWP30P140           1   2.5    13    22     432    (-,-) 
  add_981_76_I3_g1243/CO         -       CI->CO R     FA1D1BWP30P140           1   2.5    13    22     454    (-,-) 
  add_981_76_I3_g1242/CO         -       CI->CO R     FA1D1BWP30P140           1   2.5    13    22     476    (-,-) 
  add_981_76_I3_g1241/CO         -       CI->CO R     FA1D1BWP30P140           1   2.5    13    22     498    (-,-) 
  add_981_76_I3_g1240/CO         -       CI->CO R     FA1D1BWP30P140           1   2.5    13    22     521    (-,-) 
  add_981_76_I3_g1239/CO         -       CI->CO R     FA1D1BWP30P140           1   2.5    13    22     543    (-,-) 
  add_981_76_I3_g1238/CO         -       CI->CO R     FA1D1BWP30P140           1   1.8    11    21     564    (-,-) 
  add_981_76_I3_g1237/Z          -       A3->Z  R     XOR3UD1BWP30P140         1   5.2    39    33     597    (-,-) 
  p_output_data_write[59]        <<<     -      R     (port)                   -     -     -     0     597    (-,-) 
#-------------------------------------------------------------------------------------------------------------------


