============================================================
  Generated by:           Genus(TM) Synthesis Solution 21.12-s068_1
  Generated on:           Sep 12 2026  09:08:20 am
  Module:                 Conv
  Library domain:         timing_cond_0p81v_125c
    Domain index:         0
    Technology library:   tcbn28hpcplusbwp30p140ssg0p81v125c 110
  Operating conditions:   ssg0p81v125c 
  Interconnect mode:      global
  Area mode:              physical library
============================================================

        Instance                   Module           Cell Count  Cell Area  Net Area   Total Area 
-------------------------------------------------------------------------------------------------
Conv                                                     12903  14173.614  5868.097    20041.711 
  inverse_row_acc        InverseRowAccumulate              262    292.824    65.068      357.892 
  inverse_row_acc_second InverseRowAccumulate_276          176    208.908    38.200      247.108 
  inverse_row_current    InverseRow                        107    187.488    36.576      224.064 
  inverse_row_lane1      InverseRow_275                    107    187.488    36.576      224.064 
  multip0                MultipSpatialExact                663    708.624   297.746     1006.370 
  multip1                MultipSpatialExact_283            731    755.622   315.055     1070.677 
  multip2                MultipSpatialExact_282            708    749.322   305.987     1055.309 
  multip3                MultipSpatialExact_281            673    709.128   298.658     1007.786 
  multip4                MultipSpatialExact_280            726    721.854   296.298     1018.152 
  multip5                MultipSpatialExact_279            772    775.530   310.107     1085.637 
  multip6                MultipSpatialExact_278            785    771.246   311.788     1083.034 
  multip7                MultipSpatialExact_277            723    719.964   295.554     1015.518 
  trf                    Transform                        2417   1831.788   801.537     2633.325 
    matrix_c0            MatrixC0                         1309    951.426   352.563     1303.989 
    matrix_c1            MatrixC1                         1107    879.480   292.055     1171.535 
  weight_trf_row0        WeightTransformRowConst           283    263.844    79.213      343.057 
  weight_trf_row1        WeightTransformRowConst_0         496    701.316   193.489      894.805 
  weight_trf_row2        WeightTransformRowConst_1         521    675.990   202.480      878.470 
  weight_trf_row3        WeightTransformRowConst_2         229    242.928    63.244      306.172 
