============================================================
  Generated by:           Genus(TM) Synthesis Solution 21.12-s068_1
  Generated on:           Jan 23 2026  10:17:03 pm
  Module:                 System
  Operating conditions:   ssg0p81v125c 
  Operating conditions:   tt0p9v25c 
  Interconnect mode:      global
  Area mode:              physical library
============================================================


Path 1: MET (389 ps) Setup Check with Pin conv/r_feat_reg[4][19]/CP->D
           View: analysis_view_0p90v_25c_captyp_nominal
          Group: clk
     Startpoint: (R) conv/r_idx_in_reg[2]/CP
          Clock: (R) clk
       Endpoint: (F) conv/r_feat_reg[4][19]/D
          Clock: (R) clk

                     Capture       Launch     
        Clock Edge:+    2000            0     
       Src Latency:+       0            0     
       Net Latency:+       0 (I)        0 (I) 
           Arrival:=    2000            0     
                                              
             Setup:-      18                  
     Required Time:=    1982                  
      Launch Clock:-       0                  
         Data Path:-    1593                  
             Slack:=     389                  

#------------------------------------------------------------------------------------------------------------------------------------------
#                   Timing Point                     Flags    Arc   Edge          Cell            Fanout Load Trans Delay Arrival Instance 
#                                                                                                        (fF)  (ps)  (ps)   (ps)  Location 
#------------------------------------------------------------------------------------------------------------------------------------------
  conv/r_idx_in_reg[2]/CP                            -       -      R     (arrival)                   26    -     0     0       0    (-,-) 
  conv/r_idx_in_reg[2]/Q                             -       CP->Q  F     DFKCND1BWP30P140             4  6.3    28    60      60    (-,-) 
  conv/mux_mult/g190/ZN                              -       A1->ZN R     AOI21OPTREPBD1BWP30P140      1  2.9    25    22      82    (-,-) 
  conv/mux_mult/g186/ZN                              -       A1->ZN F     ND2D4BWP30P140              12 13.2    32    25     107    (-,-) 
  conv/g70211/Z                                      -       A1->Z  F     OR2D2BWP30P140               3  3.6    12    26     134    (-,-) 
  conv/g70040/ZN                                     -       A1->ZN R     NR2D1BWP30P140               2  3.1    27    20     154    (-,-) 
  conv/g69998/ZN                                     -       I->ZN  F     CKND1BWP30P140               1  1.5    14    13     167    (-,-) 
  conv/g69983/ZN                                     -       A1->ZN R     NR2D1BWP30P140              17 17.1   121    75     242    (-,-) 
  conv/g69736/Z                                      -       I->Z   R     BUFFD1P5BWP30P140           65 64.2   159   112     354    (-,-) 
  conv/g68621/ZN                                     -       A1->ZN F     AOI22D1BWP30P140             1  1.5    51    26     380    (-,-) 
  conv/g67283/ZN                                     -       A2->ZN R     ND3D1BWP30P140               1  1.4    20    21     401    (-,-) 
  conv/g67179/Z                                      -       A2->Z  R     OR2D0BWP30P140              25 29.4   224   139     540    (-,-) 
  conv/genblk1[4].multip/mul_153_63_g6029/ZN         -       A1->ZN F     NR2D1BWP30P140               2  2.5    53    27     567    (-,-) 
  conv/genblk1[4].multip/mul_153_63_g5954/Z          -       I1->Z  F     CKMUX2D0BWP30P140           20 18.9   138   108     674    (-,-) 
  conv/genblk1[4].multip/mul_153_63_g5845/Z          -       B2->Z  F     AO22D0BWP30P140              1  1.6    20    63     737    (-,-) 
  conv/genblk1[4].multip/mul_153_63_g5806/ZN         -       C->ZN  R     AOI221D1BWP30P140            1  2.1    54    36     773    (-,-) 
  conv/genblk1[4].multip/mul_153_63_g5795/ZN         -       A1->ZN R     XNR2UD1BWP30P140             1  2.6    56    31     804    (-,-) 
  conv/genblk1[4].multip/mul_153_63_g5738/CO         -       A->CO  R     HA1D1BWP30P140               1  2.8    16    30     833    (-,-) 
  conv/genblk1[4].multip/mul_153_63_cdnfadd_006_0/CO -       B->CO  R     FA1D1BWP30P140               1  2.3    17    31     864    (-,-) 
  conv/genblk1[4].multip/mul_153_63_cdnfadd_007_0/S  -       CI->S  F     FA1D1BWP30P140               1  1.5    16    48     912    (-,-) 
  conv/genblk1[4].multip/mul_153_63_g5670/ZN         -       I->ZN  R     CKND1BWP30P140               2  2.6    16    15     927    (-,-) 
  conv/genblk1[4].multip/mul_153_63_g5663/Z          -       A1->Z  R     CKAN2D1BWP30P140             2  2.7    16    22     949    (-,-) 
  conv/genblk1[4].multip/mul_153_63_g5662/Z          -       B->Z   R     AO21D1BWP30P140              2  2.5    16    22     971    (-,-) 
  conv/genblk1[4].multip/mul_153_63_g5651/ZN         -       A1->ZN R     IAO21D1BWP30P140             1  1.5    21    23     994    (-,-) 
  conv/genblk1[4].multip/mul_153_63_g5645/ZN         -       B->ZN  F     OAI31D1BWP30P140             1  2.2    36    26    1021    (-,-) 
  conv/genblk1[4].multip/mul_153_63_g5613/CO         -       CI->CO F     FA1D1BWP30P140               1  2.2    17    39    1059    (-,-) 
  conv/genblk1[4].multip/mul_153_63_g5586/CO         -       CI->CO F     FA1D1BWP30P140               1  2.2    17    32    1092    (-,-) 
  conv/genblk1[4].multip/mul_153_63_g5566/CO         -       CI->CO F     FA1D1BWP30P140               1  2.2    17    32    1124    (-,-) 
  conv/genblk1[4].multip/mul_153_63_g5548/CO         -       CI->CO F     FA1D1BWP30P140               1  2.2    17    32    1157    (-,-) 
  conv/genblk1[4].multip/mul_153_63_g5541/CO         -       CI->CO F     FA1D1BWP30P140               1  2.2    17    32    1189    (-,-) 
  conv/genblk1[4].multip/mul_153_63_g5536/CO         -       CI->CO F     FA1D1BWP30P140               1  2.2    16    32    1222    (-,-) 
  conv/genblk1[4].multip/mul_153_63_g5533/CO         -       CI->CO F     FA1D1BWP30P140               1  2.2    16    32    1254    (-,-) 
  conv/genblk1[4].multip/mul_153_63_g5529/CO         -       CI->CO F     FA1D1BWP30P140               2  2.5    17    33    1287    (-,-) 
  conv/genblk1[4].multip/mul_153_63_g5522/ZN         -       A1->ZN R     CKND2D1BWP30P140             2  2.6    25    20    1306    (-,-) 
  conv/genblk1[4].multip/mul_153_63_g5517/ZN         -       A1->ZN R     IND2D1BWP30P140              2  2.6    18    22    1329    (-,-) 
  conv/genblk1[4].multip/mul_153_63_g5510/Z          -       A1->Z  R     OR3D1BWP30P140               2  2.6    15    26    1355    (-,-) 
  conv/genblk1[4].multip/mul_153_63_g5471/ZN         -       A2->ZN F     OAI21D1BWP30P140             3  3.9    40    28    1383    (-,-) 
  conv/genblk1[4].multip/mul_153_63_g5470/Z          -       A1->Z  F     AN3D1BWP30P140               1  1.6    11    27    1410    (-,-) 
  conv/genblk1[4].multip/mul_153_63_g5468/Z          -       B->Z   F     AO211D1BWP30P140             1  2.2    16    34    1443    (-,-) 
  conv/genblk1[4].multip/mul_153_63_g5465/CO         -       CI->CO F     FA1D1BWP30P140               1  1.5    13    30    1473    (-,-) 
  conv/genblk1[4].multip/mul_153_63_g5464/Z          -       A3->Z  F     XOR3UD1BWP30P140             1  1.5    22    25    1498    (-,-) 
  conv/g71804/ZN                                     -       I->ZN  R     CKND1BWP30P140              15 16.9    78    54    1552    (-,-) 
  conv/g70971/ZN                                     -       B2->ZN F     OAI221D1BWP30P140            1  1.5    81    41    1593    (-,-) 
  conv/r_feat_reg[4][19]/D                           <<<     -      F     DFQD2BWP30P140               1    -     -     0    1593    (-,-) 
#------------------------------------------------------------------------------------------------------------------------------------------


