============================================================
  Generated by:           Genus(TM) Synthesis Solution 21.12-s068_1
  Generated on:           Jan 23 2026  10:17:11 pm
  Module:                 System
  Operating conditions:   ssg0p81v125c 
  Operating conditions:   tt0p9v25c 
  Operating conditions:   ffg0p99vm40c 
  Interconnect mode:      global
  Area mode:              physical library
============================================================


Path 1: MET (718 ps) Setup Check with Pin conv/r_feat_reg[4][19]/CP->D
           View: analysis_view_0p99v_m40c_capbst_fastest
          Group: clk
     Startpoint: (R) conv/r_idx_in_reg[2]/CP
          Clock: (R) clk
       Endpoint: (F) conv/r_feat_reg[4][19]/D
          Clock: (R) clk

                     Capture       Launch     
        Clock Edge:+    2000            0     
       Src Latency:+       0            0     
       Net Latency:+       0 (I)        0 (I) 
           Arrival:=    2000            0     
                                              
             Setup:-      13                  
     Required Time:=    1987                  
      Launch Clock:-       0                  
         Data Path:-    1269                  
             Slack:=     718                  

#--------------------------------------------------------------------------------------------------------------------------------------
#                   Timing Point                     Flags    Arc   Edge        Cell          Fanout Load Trans Delay Arrival Instance 
#                                                                                                    (fF)  (ps)  (ps)   (ps)  Location 
#--------------------------------------------------------------------------------------------------------------------------------------
  conv/r_idx_in_reg[2]/CP                            -       -      R     (arrival)               26    -     0     0       0    (-,-) 
  conv/r_idx_in_reg[2]/Q                             -       CP->Q  F     DFKCND1BWP30P140         4  6.9    24    48      48    (-,-) 
  conv/mux_mult/g205/ZN                              -       A1->ZN F     IAO21D2BWP30P140         1  4.3    11    22      70    (-,-) 
  conv/mux_mult/g185/ZN                              -       A1->ZN R     NR2OPTPAD6BWP30P140     16 27.3    22    17      87    (-,-) 
  conv/g70211/Z                                      -       A2->Z  R     OR2D2BWP30P140           3  4.0    10    21     108    (-,-) 
  conv/g70040/ZN                                     -       A1->ZN F     NR2D1BWP30P140           2  3.2    14    11     118    (-,-) 
  conv/g69998/ZN                                     -       I->ZN  R     CKND1BWP30P140           1  1.7    10    10     128    (-,-) 
  conv/g69983/ZN                                     -       A1->ZN F     NR2D1BWP30P140          17 19.0    62    39     167    (-,-) 
  conv/g69736/Z                                      -       I->Z   F     BUFFD1P5BWP30P140       65 70.4   142    97     265    (-,-) 
  conv/g68621/ZN                                     -       A1->ZN R     AOI22D1BWP30P140         1  1.7    41    36     301    (-,-) 
  conv/g67283/ZN                                     -       A2->ZN F     ND3D1BWP30P140           1  1.6    24    19     320    (-,-) 
  conv/g67179/Z                                      -       A2->Z  F     OR2D0BWP30P140          25 31.6   184   120     440    (-,-) 
  conv/genblk1[4].multip/mul_153_63_g5987/CO         -       B->CO  F     HA1D1BWP30P140           2  2.6    15    36     476    (-,-) 
  conv/genblk1[4].multip/mul_153_63_g5954/Z          -       I0->Z  F     CKMUX2D0BWP30P140       20 20.9   125    86     562    (-,-) 
  conv/genblk1[4].multip/mul_153_63_g5845/Z          -       B2->Z  F     AO22D0BWP30P140          1  1.8    17    48     610    (-,-) 
  conv/genblk1[4].multip/mul_153_63_g5806/ZN         -       C->ZN  R     AOI221D1BWP30P140        1  2.3    43    28     638    (-,-) 
  conv/genblk1[4].multip/mul_153_63_g5795/ZN         -       A1->ZN R     XNR2UD1BWP30P140         1  2.9    46    24     661    (-,-) 
  conv/genblk1[4].multip/mul_153_63_g5738/CO         -       A->CO  R     HA1D1BWP30P140           1  3.1    14    22     683    (-,-) 
  conv/genblk1[4].multip/mul_153_63_cdnfadd_006_0/CO -       B->CO  R     FA1D1BWP30P140           1  2.5    14    23     707    (-,-) 
  conv/genblk1[4].multip/mul_153_63_cdnfadd_007_0/S  -       CI->S  F     FA1D1BWP30P140           1  1.7    13    36     742    (-,-) 
  conv/genblk1[4].multip/mul_153_63_g5670/ZN         -       I->ZN  R     CKND1BWP30P140           2  2.8    13    12     755    (-,-) 
  conv/genblk1[4].multip/mul_153_63_g5663/Z          -       A1->Z  R     CKAN2D1BWP30P140         2  2.9    13    17     772    (-,-) 
  conv/genblk1[4].multip/mul_153_63_g5662/Z          -       B->Z   R     AO21D1BWP30P140          2  2.8    13    17     789    (-,-) 
  conv/genblk1[4].multip/mul_153_63_g5651/ZN         -       A1->ZN R     IAO21D1BWP30P140         1  1.8    18    19     808    (-,-) 
  conv/genblk1[4].multip/mul_153_63_g5645/ZN         -       B->ZN  F     OAI31D1BWP30P140         1  2.4    29    20     828    (-,-) 
  conv/genblk1[4].multip/mul_153_63_g5613/CO         -       CI->CO F     FA1D1BWP30P140           1  2.4    13    29     857    (-,-) 
  conv/genblk1[4].multip/mul_153_63_g5586/CO         -       CI->CO F     FA1D1BWP30P140           1  2.4    13    24     881    (-,-) 
  conv/genblk1[4].multip/mul_153_63_g5566/CO         -       CI->CO F     FA1D1BWP30P140           1  2.4    13    24     906    (-,-) 
  conv/genblk1[4].multip/mul_153_63_g5548/CO         -       CI->CO F     FA1D1BWP30P140           1  2.4    13    24     930    (-,-) 
  conv/genblk1[4].multip/mul_153_63_g5541/CO         -       CI->CO F     FA1D1BWP30P140           1  2.4    13    24     955    (-,-) 
  conv/genblk1[4].multip/mul_153_63_g5536/CO         -       CI->CO F     FA1D1BWP30P140           1  2.4    12    24     979    (-,-) 
  conv/genblk1[4].multip/mul_153_63_g5533/CO         -       CI->CO F     FA1D1BWP30P140           1  2.4    12    24    1004    (-,-) 
  conv/genblk1[4].multip/mul_153_63_g5529/CO         -       CI->CO F     FA1D1BWP30P140           2  2.8    14    25    1028    (-,-) 
  conv/genblk1[4].multip/mul_153_63_g5522/ZN         -       A1->ZN R     CKND2D1BWP30P140         2  2.8    21    16    1044    (-,-) 
  conv/genblk1[4].multip/mul_153_63_g5517/ZN         -       A1->ZN R     IND2D1BWP30P140          2  2.8    15    18    1062    (-,-) 
  conv/genblk1[4].multip/mul_153_63_g5510/Z          -       A1->Z  R     OR3D1BWP30P140           2  2.8    12    21    1083    (-,-) 
  conv/genblk1[4].multip/mul_153_63_g5471/ZN         -       A2->ZN F     OAI21D1BWP30P140         3  4.2    32    22    1105    (-,-) 
  conv/genblk1[4].multip/mul_153_63_g5470/Z          -       A1->Z  F     AN3D1BWP30P140           1  1.8     9    21    1126    (-,-) 
  conv/genblk1[4].multip/mul_153_63_g5468/Z          -       B->Z   F     AO211D1BWP30P140         1  2.4    12    25    1151    (-,-) 
  conv/genblk1[4].multip/mul_153_63_g5465/CO         -       CI->CO F     FA1D1BWP30P140           1  1.8    11    23    1173    (-,-) 
  conv/genblk1[4].multip/mul_153_63_g5464/Z          -       A3->Z  F     XOR3UD1BWP30P140         1  1.7    18    19    1193    (-,-) 
  conv/g71804/ZN                                     -       I->ZN  R     CKND1BWP30P140          15 18.4    68    46    1238    (-,-) 
  conv/g70971/ZN                                     -       B2->ZN F     OAI221D1BWP30P140        1  1.7    65    30    1269    (-,-) 
  conv/r_feat_reg[4][19]/D                           <<<     -      F     DFQD2BWP30P140           1    -     -     0    1269    (-,-) 
#--------------------------------------------------------------------------------------------------------------------------------------


