============================================================
  Generated by:           Genus(TM) Synthesis Solution 21.12-s068_1
  Generated on:           Oct 06 2026  10:11:53 pm
  Module:                 Conv
  Library domain:         timing_cond_0p81v_125c
    Domain index:         0
    Technology library:   tcbn28hpcplusbwp30p140ssg0p81v125c 110
  Operating conditions:   ssg0p81v125c 
  Interconnect mode:      global
  Area mode:              physical library
============================================================

                                                                                Library 
        Gate         Instances    Area                   Library                 Domain 
----------------------------------------------------------------------------------------
AN2D0BWP30P140               7      3.528    tcbn28hpcplusbwp30p140ssg0p81v125c       0 
AN2D1BWP30P140             116     58.464    tcbn28hpcplusbwp30p140ssg0p81v125c       0 
AN2D2BWP30P140               2      1.260    tcbn28hpcplusbwp30p140ssg0p81v125c       0 
AN3D0BWP30P140               1      0.630    tcbn28hpcplusbwp30p140ssg0p81v125c       0 
AN3D1BWP30P140              57     35.910    tcbn28hpcplusbwp30p140ssg0p81v125c       0 
AO211D1BWP30P140           105     79.380    tcbn28hpcplusbwp30p140ssg0p81v125c       0 
AO21D1BWP30P140             77     48.510    tcbn28hpcplusbwp30p140ssg0p81v125c       0 
AO22D0BWP30P140           1432   1082.592    tcbn28hpcplusbwp30p140ssg0p81v125c       0 
AOI211D1BWP30P140           56     35.280    tcbn28hpcplusbwp30p140ssg0p81v125c       0 
AOI21D1BWP30P140           171     86.184    tcbn28hpcplusbwp30p140ssg0p81v125c       0 
AOI221D1BWP30P140         1396   1055.376    tcbn28hpcplusbwp30p140ssg0p81v125c       0 
AOI222D1BWP30P140          340    342.720    tcbn28hpcplusbwp30p140ssg0p81v125c       0 
AOI22D1BWP30P140           946    595.980    tcbn28hpcplusbwp30p140ssg0p81v125c       0 
AOI31D1BWP30P140             4      2.520    tcbn28hpcplusbwp30p140ssg0p81v125c       0 
BUFFD1P5BWP30P140            1      0.504    tcbn28hpcplusbwp30p140ssg0p81v125c       0 
BUFFD2BWP30P140              2      1.008    tcbn28hpcplusbwp30p140ssg0p81v125c       0 
BUFFD4BWP30P140              1      0.882    tcbn28hpcplusbwp30p140ssg0p81v125c       0 
CKAN2D1BWP30P140           860    433.440    tcbn28hpcplusbwp30p140ssg0p81v125c       0 
CKAN2D8BWP30P140             1      1.386    tcbn28hpcplusbwp30p140ssg0p81v125c       0 
CKBD2BWP30P140               1      0.504    tcbn28hpcplusbwp30p140ssg0p81v125c       0 
CKLNQD1BWP30P140            46     86.940    tcbn28hpcplusbwp30p140ssg0p81v125c       0 
CKMUX2D0BWP30P140          306    269.892    tcbn28hpcplusbwp30p140ssg0p81v125c       0 
CKND1BWP30P140            1171    295.092    tcbn28hpcplusbwp30p140ssg0p81v125c       0 
CKND2BWP30P140               3      1.134    tcbn28hpcplusbwp30p140ssg0p81v125c       0 
CKND2D1BWP30P140           261     98.658    tcbn28hpcplusbwp30p140ssg0p81v125c       0 
DFCND1BWP30P140             31     78.120    tcbn28hpcplusbwp30p140ssg0p81v125c       0 
DFCND2BWP30P140              2      5.796    tcbn28hpcplusbwp30p140ssg0p81v125c       0 
DFCNQD1BWP30P140          1949   4420.332    tcbn28hpcplusbwp30p140ssg0p81v125c       0 
DFSNQD2BWP30P140             2      4.536    tcbn28hpcplusbwp30p140ssg0p81v125c       0 
EDFCND1BWP30P140             4     12.096    tcbn28hpcplusbwp30p140ssg0p81v125c       0 
EDFCNQD1BWP30P140           12     34.776    tcbn28hpcplusbwp30p140ssg0p81v125c       0 
FA1D1BWP30P140            3462   7415.604    tcbn28hpcplusbwp30p140ssg0p81v125c       0 
HA1D1BWP30P140             402    658.476    tcbn28hpcplusbwp30p140ssg0p81v125c       0 
IAO21D1BWP30P140             1      0.630    tcbn28hpcplusbwp30p140ssg0p81v125c       0 
IND2D1BWP30P140            218    109.872    tcbn28hpcplusbwp30p140ssg0p81v125c       0 
IND3D1BWP30P140              6      3.780    tcbn28hpcplusbwp30p140ssg0p81v125c       0 
IND4D1BWP30P140              8      6.048    tcbn28hpcplusbwp30p140ssg0p81v125c       0 
INR2D1BWP30P140            235    118.440    tcbn28hpcplusbwp30p140ssg0p81v125c       0 
INR2D4BWP30P140              2      2.772    tcbn28hpcplusbwp30p140ssg0p81v125c       0 
INR2D6BWP30P140              2      3.780    tcbn28hpcplusbwp30p140ssg0p81v125c       0 
INR3D0BWP30P140             23     14.490    tcbn28hpcplusbwp30p140ssg0p81v125c       0 
INR4D0BWP30P140              7      5.292    tcbn28hpcplusbwp30p140ssg0p81v125c       0 
INVD0P7BWP30P140             1      0.252    tcbn28hpcplusbwp30p140ssg0p81v125c       0 
INVD1BWP30P140              13      3.276    tcbn28hpcplusbwp30p140ssg0p81v125c       0 
INVD3BWP30P140               5      2.520    tcbn28hpcplusbwp30p140ssg0p81v125c       0 
INVD8BWP30P140               1      1.134    tcbn28hpcplusbwp30p140ssg0p81v125c       0 
IOA21D0BWP30P140             1      0.630    tcbn28hpcplusbwp30p140ssg0p81v125c       0 
IOA21D1BWP30P140           171    107.730    tcbn28hpcplusbwp30p140ssg0p81v125c       0 
MAOI222D1BWP30P140         114     86.184    tcbn28hpcplusbwp30p140ssg0p81v125c       0 
MAOI22D1BWP30P140           61     46.116    tcbn28hpcplusbwp30p140ssg0p81v125c       0 
MOAI22D1BWP30P140           65     49.140    tcbn28hpcplusbwp30p140ssg0p81v125c       0 
MUX2D0BWP30P140             18     15.876    tcbn28hpcplusbwp30p140ssg0p81v125c       0 
MUX2NUD1BWP30P140          311    235.116    tcbn28hpcplusbwp30p140ssg0p81v125c       0 
ND2D1BWP30P140             703    265.734    tcbn28hpcplusbwp30p140ssg0p81v125c       0 
ND2D3BWP30P140               1      0.882    tcbn28hpcplusbwp30p140ssg0p81v125c       0 
ND2OPTIBD1BWP30P140         10      3.780    tcbn28hpcplusbwp30p140ssg0p81v125c       0 
ND3D1BWP30P140             132     66.528    tcbn28hpcplusbwp30p140ssg0p81v125c       0 
ND4D1BWP30P140               1      0.630    tcbn28hpcplusbwp30p140ssg0p81v125c       0 
NR2D1BWP30P140             183     69.174    tcbn28hpcplusbwp30p140ssg0p81v125c       0 
NR2OPTD6BWP30P140            3      4.914    tcbn28hpcplusbwp30p140ssg0p81v125c       0 
NR2OPTIBD1BWP30P140         84     31.752    tcbn28hpcplusbwp30p140ssg0p81v125c       0 
NR2OPTPAD1BWP30P140          1      0.504    tcbn28hpcplusbwp30p140ssg0p81v125c       0 
NR3D0BWP30P140              14      7.056    tcbn28hpcplusbwp30p140ssg0p81v125c       0 
NR3D0P7BWP30P140           110     55.440    tcbn28hpcplusbwp30p140ssg0p81v125c       0 
NR4D0BWP30P140               2      1.260    tcbn28hpcplusbwp30p140ssg0p81v125c       0 
OA211D1BWP30P140             6      4.536    tcbn28hpcplusbwp30p140ssg0p81v125c       0 
OA21D1BWP30P140              6      3.780    tcbn28hpcplusbwp30p140ssg0p81v125c       0 
OA22D1BWP30P140              1      0.882    tcbn28hpcplusbwp30p140ssg0p81v125c       0 
OAI211D1BWP30P140          267    168.210    tcbn28hpcplusbwp30p140ssg0p81v125c       0 
OAI21D1BWP30P140           322    162.288    tcbn28hpcplusbwp30p140ssg0p81v125c       0 
OAI221D1BWP30P140          231    203.742    tcbn28hpcplusbwp30p140ssg0p81v125c       0 
OAI222D1BWP30P140          147    148.176    tcbn28hpcplusbwp30p140ssg0p81v125c       0 
OAI22D1BWP30P140            86     54.180    tcbn28hpcplusbwp30p140ssg0p81v125c       0 
OAI31D1BWP30P140             7      4.410    tcbn28hpcplusbwp30p140ssg0p81v125c       0 
OAI33D1BWP30P140            18     15.876    tcbn28hpcplusbwp30p140ssg0p81v125c       0 
OR2D0BWP30P140              20     10.080    tcbn28hpcplusbwp30p140ssg0p81v125c       0 
OR2D1BWP30P140              81     40.824    tcbn28hpcplusbwp30p140ssg0p81v125c       0 
OR2D4BWP30P140               1      1.134    tcbn28hpcplusbwp30p140ssg0p81v125c       0 
OR3D1BWP30P140              14      8.820    tcbn28hpcplusbwp30p140ssg0p81v125c       0 
OR4D1BWP30P140               2      1.512    tcbn28hpcplusbwp30p140ssg0p81v125c       0 
SDFCNQARD1BWP30P140         48    139.104    tcbn28hpcplusbwp30p140ssg0p81v125c       0 
SDFSNQD2BWP30P140            2      5.796    tcbn28hpcplusbwp30p140ssg0p81v125c       0 
XNR2UD1BWP30P140          1290   1137.780    tcbn28hpcplusbwp30p140ssg0p81v125c       0 
XNR3UD1BWP30P140           115    202.860    tcbn28hpcplusbwp30p140ssg0p81v125c       0 
XNR4D1BWP30P140              3      7.938    tcbn28hpcplusbwp30p140ssg0p81v125c       0 
XOR2UD1BWP30P140           480    423.360    tcbn28hpcplusbwp30p140ssg0p81v125c       0 
XOR3UD1BWP30P140           114    201.096    tcbn28hpcplusbwp30p140ssg0p81v125c       0 
XOR4D1BWP30P140             24     63.504    tcbn28hpcplusbwp30p140ssg0p81v125c       0 
----------------------------------------------------------------------------------------
total                    19019  21578.130                                       


                                                        
            Type             Instances    Area   Area % 
--------------------------------------------------------
sequential                        2050  4700.556   21.8 
inverter                          1194   303.408    1.4 
buffer                               5     2.898    0.0 
clock_gating_integrated_cell        46    86.940    0.4 
logic                            15724 16484.328   76.4 
physical_cells                       0     0.000    0.0 
--------------------------------------------------------
total                            19019 21578.130  100.0 

