============================================================
  Generated by:           Genus(TM) Synthesis Solution 22.15-s086_1
  Generated on:           Apr 10 2025  01:51:17 am
  Module:                 conv_rapida
  Operating conditions:   ssg0p81v125c 
  Interconnect mode:      global
  Area mode:              physical library
============================================================


Path 1: MET (1 ps) Setup Check with Pin mult/P_reg[22][18]/CP->D
           View: analysis_view_0p81v_125c_capwst_slowest
          Group: clk
     Startpoint: (R) EA_reg[3]/CP
          Clock: (R) clk
       Endpoint: (R) mult/P_reg[22][18]/D
          Clock: (R) clk

                     Capture       Launch     
        Clock Edge:+    2000            0     
       Src Latency:+       0            0     
       Net Latency:+       0 (I)        0 (I) 
           Arrival:=    2000            0     
                                              
             Setup:-      25                  
     Required Time:=    1975                  
      Launch Clock:-       0                  
         Data Path:-    1974                  
             Slack:=       1                  

#----------------------------------------------------------------------------------------------------------------
#         Timing Point           Flags    Arc   Edge       Cell         Fanout Load Trans Delay Arrival Instance 
#                                                                              (fF)  (ps)  (ps)   (ps)  Location 
#----------------------------------------------------------------------------------------------------------------
  EA_reg[3]/CP                   -       -      R     (arrival)              3    -     0     0       0    (-,-) 
  EA_reg[3]/QN                   -       CP->QN R     DFCND1BWP30P140        5  7.1    43    92      92    (-,-) 
  g11379/ZN                      -       A1->ZN F     CKND2D4BWP30P140       4  5.2    25    19     110    (-,-) 
  g11376/ZN                      -       A1->ZN R     NR2D4BWP30P140        12 12.5    39    30     141    (-,-) 
  mult/g13743/ZN                 -       I->ZN  F     CKND1BWP30P140         6  6.2    43    35     176    (-,-) 
  mult/g13736__9315/ZN           -       A2->ZN R     ND2D2BWP30P140         5  6.2    28    28     203    (-,-) 
  mult/g14024/ZN                 -       I->ZN  F     CKND2BWP30P140        79 70.5   195   118     321    (-,-) 
  mult/g13807__5477/ZN           -       B1->ZN R     AOI22D1BWP30P140       1  1.2    93    62     383    (-,-) 
  mult/g13502__3680/ZN           -       A1->ZN F     CKND2D1BWP30P140       1  1.2    35    22     404    (-,-) 
  mult/g13483__5115/Z            -       A1->Z  F     OR3D1BWP30P140        22 21.8   121   102     506    (-,-) 
  mult/mul_37_62_g4918/CO        -       B->CO  F     HA1D1BWP30P140         1  2.1    18    45     551    (-,-) 
  mult/mul_37_62_g4821/CO        -       CI->CO F     FA1D1BWP30P140         1  2.1    24    42     593    (-,-) 
  mult/mul_37_62_g4736/CO        -       CI->CO F     FA1D1BWP30P140         1  2.1    24    44     638    (-,-) 
  mult/mul_37_62_g4711/CO        -       CI->CO F     FA1D1BWP30P140         1  2.1    24    44     682    (-,-) 
  mult/mul_37_62_g4691/CO        -       CI->CO F     FA1D1BWP30P140         1  2.1    24    44     727    (-,-) 
  mult/mul_37_62_g4672/CO        -       CI->CO F     FA1D1BWP30P140         1  2.1    25    44     771    (-,-) 
  mult/mul_37_62_g4659/CO        -       CI->CO F     FA1D1BWP30P140         1  2.1    25    44     816    (-,-) 
  mult/mul_37_62_g4646/CO        -       CI->CO F     FA1D1BWP30P140         1  2.1    24    44     860    (-,-) 
  mult/mul_37_62_g4633/CO        -       CI->CO F     FA1D1BWP30P140         1  2.1    24    44     905    (-,-) 
  mult/mul_37_62_g4620/CO        -       CI->CO F     FA1D1BWP30P140         1  2.1    24    44     949    (-,-) 
  mult/mul_37_62_g4607/CO        -       CI->CO F     FA1D1BWP30P140         1  2.1    24    44     993    (-,-) 
  mult/mul_37_62_g4594/CO        -       CI->CO F     FA1D1BWP30P140         1  2.1    24    44    1038    (-,-) 
  mult/mul_37_62_g4581/CO        -       CI->CO F     FA1D1BWP30P140         1  2.1    24    44    1082    (-,-) 
  mult/mul_37_62_g4569/CO        -       CI->CO F     FA1D1BWP30P140         1  2.1    23    44    1126    (-,-) 
  mult/mul_37_62_g4558/S         -       CI->S  F     FA1D1BWP30P140         5  5.2    40    78    1204    (-,-) 
  mult/mul_37_62_g4549/ZN        -       A1->ZN R     AOI221D1BWP30P140      1  1.9    67    41    1244    (-,-) 
  mult/mul_37_62_g4545/ZN        -       A1->ZN R     XNR2UD1BWP30P140       1  2.1    59    37    1281    (-,-) 
  mult/mul_37_62_cdnfadd_015_3/S -       CI->S  F     FA1D1BWP30P140         1  2.6    28    77    1358    (-,-) 
  mult/mul_37_62_cdnfadd15/CO    -       B->CO  F     FA1D1BWP30P140         1  2.1    21    53    1410    (-,-) 
  mult/mul_37_62_cdnfadd16/CO    -       CI->CO F     FA1D1BWP30P140         1  2.1    21    43    1454    (-,-) 
  mult/mul_37_62_cdnfadd17/CO    -       CI->CO F     FA1D1BWP30P140         1  2.1    21    43    1497    (-,-) 
  mult/mul_37_62_cdnfadd18/CO    -       CI->CO F     FA1D1BWP30P140         1  2.1    21    43    1540    (-,-) 
  mult/mul_37_62_cdnfadd19/CO    -       CI->CO F     FA1D1BWP30P140         1  2.1    21    43    1584    (-,-) 
  mult/mul_37_62_cdnfadd20/CO    -       CI->CO F     FA1D1BWP30P140         1  2.1    21    43    1627    (-,-) 
  mult/mul_37_62_cdnfadd21/CO    -       CI->CO F     FA1D1BWP30P140         1  2.1    21    43    1670    (-,-) 
  mult/mul_37_62_cdnfadd22/CO    -       CI->CO F     FA1D1BWP30P140         1  2.1    22    43    1714    (-,-) 
  mult/mul_37_62_cdnfadd23/CO    -       CI->CO F     FA1D1BWP30P140         1  2.1    21    43    1757    (-,-) 
  mult/mul_37_62_cdnfadd24/CO    -       CI->CO F     FA1D1BWP30P140         1  2.1    21    43    1800    (-,-) 
  mult/mul_37_62_cdnfadd25/CO    -       CI->CO F     FA1D1BWP30P140         1  2.1    22    43    1844    (-,-) 
  mult/mul_37_62_cdnfadd26/S     -       CI->S  R     FA1D1BWP30P140         6  5.1    42    85    1929    (-,-) 
  mult/g15570/ZN                 -       A1->ZN F     AOI22D1BWP30P140       1  1.3    48    22    1952    (-,-) 
  mult/g15250__6417/ZN           -       A2->ZN R     ND2D1BWP30P140         1  1.3    21    22    1974    (-,-) 
  mult/P_reg[22][18]/D           <<<     -      R     DFCNQD1BWP30P140       1    -     -     0    1974    (-,-) 
#----------------------------------------------------------------------------------------------------------------


