============================================================
  Generated by:           Genus(TM) Synthesis Solution 21.12-s068_1
  Generated on:           Sep 12 2026  09:30:15 am
  Module:                 Conv
  Operating conditions:   ssg0p81v125c 
  Operating conditions:   tt0p9v25c 
  Operating conditions:   ffg0p99vm40c 
  Interconnect mode:      global
  Area mode:              physical library
============================================================


Path 1: MET (414 ps) Late External Delay Assertion at pin p_output_data_write[19]
           View: analysis_view_0p99v_m40c_capbst_fastest
          Group: clk
     Startpoint: (R) r_output_write_count_reg[0]/CP
          Clock: (R) clk
       Endpoint: (F) p_output_data_write[19]
          Clock: (R) clk

                     Capture       Launch     
        Clock Edge:+    2000            0     
       Src Latency:+       0            0     
       Net Latency:+       0 (I)        0 (I) 
           Arrival:=    2000            0     
                                              
      Output Delay:-    1000                  
     Required Time:=    1000                  
      Launch Clock:-       0                  
         Data Path:-     586                  
             Slack:=     414                  

Exceptions/Constraints:
  output_delay             1000            tmp_sdc_analysis_vie_1_line_253 

#---------------------------------------------------------------------------------------------------------------
#         Timing Point           Flags    Arc   Edge       Cell        Fanout Load Trans Delay Arrival Instance 
#                                                                             (fF)  (ps)  (ps)   (ps)  Location 
#---------------------------------------------------------------------------------------------------------------
  r_output_write_count_reg[0]/CP -       -      R     (arrival)            62    -     0     0       0    (-,-) 
  r_output_write_count_reg[0]/Q  -       CP->Q  R     EDFCND1BWP30P140      8 11.6    40    51      51    (-,-) 
  g21888/ZN                      -       A2->ZN F     NR2D3BWP30P140       40 44.8    52    40      92    (-,-) 
  g21671/ZN                      -       A1->ZN R     AOI22D1BWP30P140      1  1.8    25    24     116    (-,-) 
  g21606/ZN                      -       A2->ZN F     ND2D1BWP30P140        1  2.8    20    17     132    (-,-) 
  add_953_69_g1258/CO            -       B->CO  F     HA1D1BWP30P140        1  2.4    10    17     149    (-,-) 
  add_953_69_g1257/CO            -       CI->CO F     FA1D1BWP30P140        1  2.4    13    23     172    (-,-) 
  add_953_69_g1256/CO            -       CI->CO F     FA1D1BWP30P140        1  2.4    12    24     197    (-,-) 
  add_953_69_g1255/CO            -       CI->CO F     FA1D1BWP30P140        1  2.4    12    24     221    (-,-) 
  add_953_69_g1254/CO            -       CI->CO F     FA1D1BWP30P140        1  2.4    12    24     245    (-,-) 
  add_953_69_g1253/CO            -       CI->CO F     FA1D1BWP30P140        1  2.4    12    24     269    (-,-) 
  add_953_69_g1252/CO            -       CI->CO F     FA1D1BWP30P140        1  2.4    12    24     293    (-,-) 
  add_953_69_g1251/CO            -       CI->CO F     FA1D1BWP30P140        3  4.4    18    28     321    (-,-) 
  add_953_69_g1249/Z             -       A1->Z  F     AO21D1BWP30P140       1  2.4    11    18     340    (-,-) 
  add_953_69_g1246/CO            -       CI->CO F     FA1D1BWP30P140        1  2.4    12    24     363    (-,-) 
  add_953_69_g1245/CO            -       CI->CO F     FA1D1BWP30P140        1  2.4    12    24     388    (-,-) 
  add_953_69_g1244/CO            -       CI->CO F     FA1D1BWP30P140        1  2.4    12    24     412    (-,-) 
  add_953_69_g1243/CO            -       CI->CO F     FA1D1BWP30P140        1  2.4    12    24     436    (-,-) 
  add_953_69_g1242/CO            -       CI->CO F     FA1D1BWP30P140        1  2.4    12    24     460    (-,-) 
  add_953_69_g1241/CO            -       CI->CO F     FA1D1BWP30P140        1  2.4    12    24     484    (-,-) 
  add_953_69_g1240/CO            -       CI->CO F     FA1D1BWP30P140        1  2.4    12    24     509    (-,-) 
  add_953_69_g1239/CO            -       CI->CO F     FA1D1BWP30P140        1  2.4    12    24     533    (-,-) 
  add_953_69_g1238/CO            -       CI->CO F     FA1D1BWP30P140        1  1.8    11    23     556    (-,-) 
  add_953_69_g1237/Z             -       A3->Z  F     XOR3UD1BWP30P140      1  5.2    34    30     586    (-,-) 
  p_output_data_write[19]        <<<     -      F     (port)                -    -     -     0     586    (-,-) 
#---------------------------------------------------------------------------------------------------------------


