============================================================
  Generated by:           Genus(TM) Synthesis Solution 22.17-s071_1
  Generated on:           May 07 2025  11:08:12 pm
  Module:                 conv
  Operating conditions:   ssg0p81v125c 
  Interconnect mode:      global
  Area mode:              physical library
============================================================


Path 1: MET (6 ps) Setup Check with Pin registers_reg[1][19]/CP->D
           View: analysis_view_0p81v_125c_capwst_slowest
          Group: clk
     Startpoint: (R) current_st_reg[1]/CP
          Clock: (R) clk
       Endpoint: (F) registers_reg[1][19]/D
          Clock: (R) clk

                     Capture       Launch     
        Clock Edge:+    2000            0     
       Src Latency:+       0            0     
       Net Latency:+       0 (I)        0 (I) 
           Arrival:=    2000            0     
                                              
             Setup:-      12                  
     Required Time:=    1988                  
      Launch Clock:-       0                  
         Data Path:-    1982                  
             Slack:=       6                  

#-----------------------------------------------------------------------------------------------------------------------------------
#                 Timing Point                   Flags    Arc   Edge        Cell          Fanout  Load Trans Delay Arrival Instance 
#                                                                                                 (fF)  (ps)  (ps)   (ps)  Location 
#-----------------------------------------------------------------------------------------------------------------------------------
  current_st_reg[1]/CP                           -       -      R     (arrival)                9     -     0     0       0    (-,-) 
  current_st_reg[1]/Q                            -       CP->Q  R     DFCND1BWP30P140          5   6.4    41    77      77    (-,-) 
  g16923/ZN                                      -       A1->ZN F     NR2D1BWP30P140           3   2.9    26    23      99    (-,-) 
  g16912/ZN                                      -       A1->ZN R     NR2D1BWP30P140           5   5.6    61    45     144    (-,-) 
  g16908/ZN                                      -       I->ZN  F     CKND2BWP30P140          37  33.1    99    73     217    (-,-) 
  g16907/ZN                                      -       I->ZN  R     CKND4BWP30P140         140 119.8   167   129     346    (-,-) 
  g16842/ZN                                      -       B1->ZN F     INR2D1BWP30P140          1   1.4    43    20     366    (-,-) 
  g16522/Z                                       -       C->Z   F     AO211D1BWP30P140        29  26.6   148   128     494    (-,-) 
  genblk1[1].multip/mul_16_61_g4844/ZN           -       I->ZN  R     CKND1BWP30P140           2   2.1    48    45     538    (-,-) 
  genblk1[1].multip/mul_16_61_g4836/ZN           -       A1->ZN F     NR2OPTIBD1BWP30P140      2   2.0    25    21     560    (-,-) 
  genblk1[1].multip/mul_16_61_g4819/Z            -       A2->Z  F     OR2D1BWP30P140           2   2.0    17    30     590    (-,-) 
  genblk1[1].multip/mul_16_61_g4798/ZN           -       B1->ZN R     INR2D1BWP30P140         20  16.1   155    95     685    (-,-) 
  genblk1[1].multip/mul_16_61_g4720__4733/ZN     -       A1->ZN F     OAI21D1BWP30P140         1   1.8    60    40     725    (-,-) 
  genblk1[1].multip/mul_16_61_g4644__6260/ZN     -       A1->ZN F     XNR2UD1BWP30P140         1   2.4    68    42     767    (-,-) 
  genblk1[1].multip/mul_16_61_g4601__4733/S      -       B->S   F     HA1D1BWP30P140           1   2.7    24    42     809    (-,-) 
  genblk1[1].multip/mul_16_61_cdnfadd3__1881/CO  -       A->CO  F     FA1D1BWP30P140           1   2.1    22    52     861    (-,-) 
  genblk1[1].multip/mul_16_61_cdnfadd4__5115/CO  -       CI->CO F     FA1D1BWP30P140           1   2.1    22    43     904    (-,-) 
  genblk1[1].multip/mul_16_61_cdnfadd5__7482/CO  -       CI->CO F     FA1D1BWP30P140           1   2.1    22    43     948    (-,-) 
  genblk1[1].multip/mul_16_61_cdnfadd6__4733/CO  -       CI->CO F     FA1D1BWP30P140           1   2.1    22    43     991    (-,-) 
  genblk1[1].multip/mul_16_61_cdnfadd7__6161/CO  -       CI->CO F     FA1D1BWP30P140           1   2.1    22    43    1034    (-,-) 
  genblk1[1].multip/mul_16_61_cdnfadd8__9315/CO  -       CI->CO F     FA1D1BWP30P140           1   2.1    22    43    1078    (-,-) 
  genblk1[1].multip/mul_16_61_cdnfadd9__9945/CO  -       CI->CO F     FA1D1BWP30P140           1   2.1    22    43    1121    (-,-) 
  genblk1[1].multip/mul_16_61_cdnfadd10__2883/CO -       CI->CO F     FA1D1BWP30P140           1   2.1    22    44    1165    (-,-) 
  genblk1[1].multip/mul_16_61_cdnfadd11__2346/CO -       CI->CO F     FA1D1BWP30P140           1   2.1    22    44    1208    (-,-) 
  genblk1[1].multip/mul_16_61_cdnfadd12__1666/CO -       CI->CO F     FA1D1BWP30P140           1   2.1    22    44    1252    (-,-) 
  genblk1[1].multip/mul_16_61_cdnfadd13__7410/CO -       CI->CO F     FA1D1BWP30P140           1   2.1    21    44    1296    (-,-) 
  genblk1[1].multip/mul_16_61_cdnfadd14__6417/CO -       CI->CO F     FA1D1BWP30P140           1   2.1    21    43    1339    (-,-) 
  genblk1[1].multip/mul_16_61_cdnfadd15__5477/CO -       CI->CO F     FA1D1BWP30P140           1   2.1    21    43    1382    (-,-) 
  genblk1[1].multip/mul_16_61_cdnfadd16__2398/CO -       CI->CO F     FA1D1BWP30P140           1   2.1    21    43    1426    (-,-) 
  genblk1[1].multip/mul_16_61_cdnfadd17__5107/CO -       CI->CO F     FA1D1BWP30P140           1   2.1    21    43    1469    (-,-) 
  genblk1[1].multip/mul_16_61_cdnfadd18__6260/CO -       CI->CO F     FA1D1BWP30P140           1   2.1    21    43    1512    (-,-) 
  genblk1[1].multip/mul_16_61_cdnfadd19__4319/CO -       CI->CO F     FA1D1BWP30P140           1   2.1    21    43    1556    (-,-) 
  genblk1[1].multip/mul_16_61_cdnfadd20__8428/CO -       CI->CO F     FA1D1BWP30P140           1   2.1    21    43    1599    (-,-) 
  genblk1[1].multip/mul_16_61_cdnfadd21__5526/CO -       CI->CO F     FA1D1BWP30P140           1   2.1    21    43    1642    (-,-) 
  genblk1[1].multip/mul_16_61_cdnfadd22__6783/CO -       CI->CO F     FA1D1BWP30P140           1   2.1    22    43    1685    (-,-) 
  genblk1[1].multip/mul_16_61_cdnfadd23__3680/CO -       CI->CO F     FA1D1BWP30P140           1   2.1    21    43    1729    (-,-) 
  genblk1[1].multip/mul_16_61_cdnfadd24__1617/CO -       CI->CO F     FA1D1BWP30P140           1   2.1    21    43    1772    (-,-) 
  genblk1[1].multip/mul_16_61_cdnfadd25__2802/CO -       CI->CO F     FA1D1BWP30P140           1   2.1    22    43    1815    (-,-) 
  genblk1[1].multip/mul_16_61_cdnfadd26__1705/CO -       CI->CO F     FA1D1BWP30P140           1   1.3    18    40    1855    (-,-) 
  genblk1[1].multip/mul_16_61_g4851/ZN           -       A3->ZN F     XNR3UD1BWP30P140         4   4.2    53    46    1902    (-,-) 
  g19571/ZN                                      -       B1->ZN R     AOI222D1BWP30P140        1   1.3   113    53    1954    (-,-) 
  g19320/ZN                                      -       A1->ZN F     ND2D1BWP30P140           1   1.3    41    28    1982    (-,-) 
  registers_reg[1][19]/D                         <<<     -      F     DFCNQD1BWP30P140         1     -     -     0    1982    (-,-) 
#-----------------------------------------------------------------------------------------------------------------------------------


