
****** Vivado v2023.2 (64-bit)
  **** SW Build 4029153 on Fri Oct 13 20:13:54 MDT 2023
  **** IP Build 4028589 on Sat Oct 14 00:45:43 MDT 2023
  **** SharedData Build 4025554 on Tue Oct 10 17:18:54 MDT 2023
    ** Copyright 1986-2022 Xilinx, Inc. All Rights Reserved.
    ** Copyright 2022-2023 Advanced Micro Devices, Inc. All Rights Reserved.

source /tmp/p3f_power_scoped.tcl
# set dcp [file normalize [lindex $argv 0]]
# set internal_saif [file normalize [lindex $argv 1]]
# set top_saif [file normalize [lindex $argv 2]]
# set out_dir [file normalize [lindex $argv 3]]
# foreach corner {typical maximum} {
#   open_checkpoint $dcp
#   reset_switching_activity -all
#   read_saif -strip_path tb_power/dut \
#     -out_file [file join $out_dir mapping_internal_${corner}.rpt] $internal_saif
#   read_saif -strip_path tb_power \
#     -out_file [file join $out_dir mapping_ports_${corner}.rpt] $top_saif
#   set_operating_conditions -process $corner -ambient_temp 25
#   report_power -hier all \
#     -file [file join $out_dir power_scoped_${corner}.rpt]
#   close_design
# }
Command: open_checkpoint /tmp/fastconv-p3f-d0282f55/rtl/conv2x2/fpga_zcu104/conv-i16-h16-t16-o4-m08-std/reports/317mhz/design_routed.dcp

Starting open_checkpoint Task

Time (s): cpu = 00:00:00.02 ; elapsed = 00:00:00.03 . Memory (MB): peak = 1358.648 ; gain = 0.000 ; free physical = 16422 ; free virtual = 106712
INFO: [Device 21-403] Loading part xczu7ev-ffvc1156-2-e
Netlist sorting complete. Time (s): cpu = 00:00:00.02 ; elapsed = 00:00:00.02 . Memory (MB): peak = 2416.727 ; gain = 0.000 ; free physical = 16257 ; free virtual = 105743
INFO: [Netlist 29-17] Analyzing 227 Unisim elements for replacement
INFO: [Netlist 29-28] Unisim Transformation completed in 0 CPU seconds
INFO: [Project 1-479] Netlist was created with Vivado 2023.2
INFO: [Project 1-570] Preparing netlist for logic optimization
Read ShapeDB Complete: Time (s): cpu = 00:00:00 ; elapsed = 00:00:00.01 . Memory (MB): peak = 2416.727 ; gain = 0.000 ; free physical = 16256 ; free virtual = 105743
INFO: [Timing 38-478] Restoring timing data from binary archive.
INFO: [Timing 38-479] Binary timing data restore complete.
INFO: [Project 1-856] Restoring constraints from binary archive.
INFO: [Project 1-853] Binary constraint restore complete.
INFO: [Designutils 20-5722] Start Reading Physical Databases.
Reading placement.
Read Netlist Cache: Time (s): cpu = 00:00:00.01 ; elapsed = 00:00:00 . Memory (MB): peak = 2856.312 ; gain = 0.000 ; free physical = 16163 ; free virtual = 105475
Reading placer database...
Read Device Cache: Time (s): cpu = 00:00:00.02 ; elapsed = 00:00:00.03 . Memory (MB): peak = 2856.312 ; gain = 0.000 ; free physical = 16162 ; free virtual = 105472
Read PlaceDB: Time (s): cpu = 00:00:00.11 ; elapsed = 00:00:00.11 . Memory (MB): peak = 2856.312 ; gain = 0.000 ; free physical = 16161 ; free virtual = 105469
Read PulsedLatchDB: Time (s): cpu = 00:00:00 ; elapsed = 00:00:00 . Memory (MB): peak = 2856.312 ; gain = 0.000 ; free physical = 16161 ; free virtual = 105469
Reading routing.
Read RouteStorage: Time (s): cpu = 00:00:00.07 ; elapsed = 00:00:00.07 . Memory (MB): peak = 2869.188 ; gain = 12.875 ; free physical = 16161 ; free virtual = 105469
Read Physdb Files: Time (s): cpu = 00:00:00.22 ; elapsed = 00:00:00.22 . Memory (MB): peak = 2869.188 ; gain = 12.875 ; free physical = 16161 ; free virtual = 105469
Restored from archive | CPU: 0.260000 secs | Memory: 5.906319 MB |
Finished XDEF File Restore: Time (s): cpu = 00:00:00.25 ; elapsed = 00:00:00.25 . Memory (MB): peak = 2869.188 ; gain = 12.875 ; free physical = 16161 ; free virtual = 105469
Netlist sorting complete. Time (s): cpu = 00:00:00 ; elapsed = 00:00:00 . Memory (MB): peak = 3248.766 ; gain = 0.000 ; free physical = 16077 ; free virtual = 105076
INFO: [Project 1-111] Unisim Transformation Summary:
  A total of 53 instances were transformed.
  DSP48E2 => DSP48E2 (DSP_ALU, DSP_A_B_DATA, DSP_C_DATA, DSP_MULTIPLIER, DSP_M_DATA, DSP_OUTPUT, DSP_PREADD, DSP_PREADD_DATA): 8 instances
  IBUF => IBUF (IBUFCTRL, INBUF): 45 instances

INFO: [Project 1-604] Checkpoint was created with Vivado v2023.2 (64-bit) build 4029153
open_checkpoint: Time (s): cpu = 00:00:20 ; elapsed = 00:00:21 . Memory (MB): peak = 3248.801 ; gain = 1890.152 ; free physical = 16075 ; free virtual = 105075
INFO: [Power 33-167] Parsing SAIF file /tmp/fastconv-p3f-d0282f55/rtl/conv2x2/fpga_zcu104/conv-i16-h16-t16-o4-m08-std/reports/p3_funcsim/saif_capture/activity_timesim.saif
WARNING: [Power 33-330] Read_saif is trying to annotate activities on clock net and this will be ignored. Users shall manually specify clock net frequency using sdc timing constraints(e.g. create_clock)
INFO: [Power 33-177] SAIF annotation done from file /tmp/fastconv-p3f-d0282f55/rtl/conv2x2/fpga_zcu104/conv-i16-h16-t16-o4-m08-std/reports/p3_funcsim/saif_capture/activity_timesim.saif
INFO: [Power 33-26] Design nets matched = 5342 of 5442
INFO: [Power 33-167] Parsing SAIF file /tmp/fastconv-p3f-d0282f55/rtl/conv2x2/fpga_zcu104/conv-i16-h16-t16-o4-m08-std/reports/p3_funcsim/saif_top_nomem/activity_timesim_top_nomem.saif
WARNING: [Power 33-330] Read_saif is trying to annotate activities on clock net and this will be ignored. Users shall manually specify clock net frequency using sdc timing constraints(e.g. create_clock)
INFO: [Power 33-177] SAIF annotation done from file /tmp/fastconv-p3f-d0282f55/rtl/conv2x2/fpga_zcu104/conv-i16-h16-t16-o4-m08-std/reports/p3_funcsim/saif_top_nomem/activity_timesim_top_nomem.saif
INFO: [Power 33-26] Design nets matched = 5442 of 5442
Command: report_power -hier all -file /tmp/fastconv-p3f-d0282f55/rtl/conv2x2/fpga_zcu104/conv-i16-h16-t16-o4-m08-std/reports/p3_funcsim/saif_capture/power_scoped_typical.rpt
18 Infos, 2 Warnings, 0 Critical Warnings and 0 Errors encountered.
report_power completed successfully
Command: open_checkpoint /tmp/fastconv-p3f-d0282f55/rtl/conv2x2/fpga_zcu104/conv-i16-h16-t16-o4-m08-std/reports/317mhz/design_routed.dcp

Starting open_checkpoint Task

Time (s): cpu = 00:00:00 ; elapsed = 00:00:00 . Memory (MB): peak = 3538.055 ; gain = 0.000 ; free physical = 16135 ; free virtual = 104997
Netlist sorting complete. Time (s): cpu = 00:00:00.02 ; elapsed = 00:00:00.02 . Memory (MB): peak = 3538.055 ; gain = 0.000 ; free physical = 16134 ; free virtual = 104996
INFO: [Netlist 29-17] Analyzing 227 Unisim elements for replacement
INFO: [Netlist 29-28] Unisim Transformation completed in 0 CPU seconds
INFO: [Project 1-479] Netlist was created with Vivado 2023.2
INFO: [Project 1-570] Preparing netlist for logic optimization
Read ShapeDB Complete: Time (s): cpu = 00:00:00.01 ; elapsed = 00:00:00.01 . Memory (MB): peak = 3538.055 ; gain = 0.000 ; free physical = 16134 ; free virtual = 104996
INFO: [Timing 38-478] Restoring timing data from binary archive.
INFO: [Timing 38-479] Binary timing data restore complete.
INFO: [Project 1-856] Restoring constraints from binary archive.
INFO: [Project 1-853] Binary constraint restore complete.
INFO: [Designutils 20-5722] Start Reading Physical Databases.
Reading placement.
Read Netlist Cache: Time (s): cpu = 00:00:00 ; elapsed = 00:00:00.01 . Memory (MB): peak = 3538.055 ; gain = 0.000 ; free physical = 16118 ; free virtual = 104982
Reading placer database...
Read Device Cache: Time (s): cpu = 00:00:00.03 ; elapsed = 00:00:00.02 . Memory (MB): peak = 3538.055 ; gain = 0.000 ; free physical = 16117 ; free virtual = 104981
Read PlaceDB: Time (s): cpu = 00:00:00.11 ; elapsed = 00:00:00.12 . Memory (MB): peak = 3538.055 ; gain = 0.000 ; free physical = 16117 ; free virtual = 104981
Read PulsedLatchDB: Time (s): cpu = 00:00:00 ; elapsed = 00:00:00 . Memory (MB): peak = 3538.055 ; gain = 0.000 ; free physical = 16117 ; free virtual = 104981
Reading routing.
Read RouteStorage: Time (s): cpu = 00:00:00.07 ; elapsed = 00:00:00.06 . Memory (MB): peak = 3538.055 ; gain = 0.000 ; free physical = 16117 ; free virtual = 104981
Read Physdb Files: Time (s): cpu = 00:00:00.22 ; elapsed = 00:00:00.22 . Memory (MB): peak = 3538.055 ; gain = 0.000 ; free physical = 16117 ; free virtual = 104981
Restored from archive | CPU: 0.220000 secs | Memory: 4.846214 MB |
Finished XDEF File Restore: Time (s): cpu = 00:00:00.22 ; elapsed = 00:00:00.22 . Memory (MB): peak = 3538.055 ; gain = 0.000 ; free physical = 16117 ; free virtual = 104981
Netlist sorting complete. Time (s): cpu = 00:00:00 ; elapsed = 00:00:00 . Memory (MB): peak = 3538.055 ; gain = 0.000 ; free physical = 16117 ; free virtual = 104981
INFO: [Project 1-111] Unisim Transformation Summary:
  A total of 53 instances were transformed.
  DSP48E2 => DSP48E2 (DSP_ALU, DSP_A_B_DATA, DSP_C_DATA, DSP_MULTIPLIER, DSP_M_DATA, DSP_OUTPUT, DSP_PREADD, DSP_PREADD_DATA): 8 instances
  IBUF => IBUF (IBUFCTRL, INBUF): 45 instances

INFO: [Project 1-604] Checkpoint was created with Vivado v2023.2 (64-bit) build 4029153
INFO: [Power 33-167] Parsing SAIF file /tmp/fastconv-p3f-d0282f55/rtl/conv2x2/fpga_zcu104/conv-i16-h16-t16-o4-m08-std/reports/p3_funcsim/saif_capture/activity_timesim.saif
WARNING: [Power 33-330] Read_saif is trying to annotate activities on clock net and this will be ignored. Users shall manually specify clock net frequency using sdc timing constraints(e.g. create_clock)
INFO: [Power 33-177] SAIF annotation done from file /tmp/fastconv-p3f-d0282f55/rtl/conv2x2/fpga_zcu104/conv-i16-h16-t16-o4-m08-std/reports/p3_funcsim/saif_capture/activity_timesim.saif
INFO: [Power 33-26] Design nets matched = 5342 of 5442
INFO: [Power 33-167] Parsing SAIF file /tmp/fastconv-p3f-d0282f55/rtl/conv2x2/fpga_zcu104/conv-i16-h16-t16-o4-m08-std/reports/p3_funcsim/saif_top_nomem/activity_timesim_top_nomem.saif
WARNING: [Power 33-330] Read_saif is trying to annotate activities on clock net and this will be ignored. Users shall manually specify clock net frequency using sdc timing constraints(e.g. create_clock)
INFO: [Power 33-177] SAIF annotation done from file /tmp/fastconv-p3f-d0282f55/rtl/conv2x2/fpga_zcu104/conv-i16-h16-t16-o4-m08-std/reports/p3_funcsim/saif_top_nomem/activity_timesim_top_nomem.saif
INFO: [Power 33-26] Design nets matched = 5442 of 5442
Command: report_power -hier all -file /tmp/fastconv-p3f-d0282f55/rtl/conv2x2/fpga_zcu104/conv-i16-h16-t16-o4-m08-std/reports/p3_funcsim/saif_capture/power_scoped_maximum.rpt
17 Infos, 2 Warnings, 0 Critical Warnings and 0 Errors encountered.
report_power completed successfully
# exit
INFO: [Common 17-206] Exiting Vivado at Thu Sep 24 13:28:17 2026...
