============================================================
  Generated by:           Genus(TM) Synthesis Solution 21.12-s068_1
  Generated on:           Jan 26 2026  01:45:55 am
  Module:                 Conv
  Library domain:         timing_cond_0p81v_125c
    Domain index:         0
    Technology library:   tcbn28hpcplusbwp30p140ssg0p81v125c 110
  Operating conditions:   ssg0p81v125c 
  Interconnect mode:      global
  Area mode:              physical library
============================================================

                                                                                     Library 
          Gate            Instances    Area                   Library                 Domain 
---------------------------------------------------------------------------------------------
AN2D0BWP30P140                    1      0.504    tcbn28hpcplusbwp30p140ssg0p81v125c       0 
AN2D1BWP30P140                  109     54.936    tcbn28hpcplusbwp30p140ssg0p81v125c       0 
AN2D2BWP30P140                    3      1.890    tcbn28hpcplusbwp30p140ssg0p81v125c       0 
AN2D4BWP30P140                    1      1.134    tcbn28hpcplusbwp30p140ssg0p81v125c       0 
AN3D1BWP30P140                    3      1.890    tcbn28hpcplusbwp30p140ssg0p81v125c       0 
AN3D2BWP30P140                    1      0.756    tcbn28hpcplusbwp30p140ssg0p81v125c       0 
AN3D4BWP30P140                    1      1.386    tcbn28hpcplusbwp30p140ssg0p81v125c       0 
AN4D2BWP30P140                    3      2.646    tcbn28hpcplusbwp30p140ssg0p81v125c       0 
AN4D4BWP30P140                    1      1.638    tcbn28hpcplusbwp30p140ssg0p81v125c       0 
AO211D1BWP30P140                 20     15.120    tcbn28hpcplusbwp30p140ssg0p81v125c       0 
AO211D2BWP30P140                  2      1.764    tcbn28hpcplusbwp30p140ssg0p81v125c       0 
AO21D1BWP30P140                  62     39.060    tcbn28hpcplusbwp30p140ssg0p81v125c       0 
AO21D2BWP30P140                   6      4.536    tcbn28hpcplusbwp30p140ssg0p81v125c       0 
AO22D0BWP30P140                 591    446.796    tcbn28hpcplusbwp30p140ssg0p81v125c       0 
AO22D1BWP30P140                  38     33.516    tcbn28hpcplusbwp30p140ssg0p81v125c       0 
AO22D2BWP30P140                   5      5.040    tcbn28hpcplusbwp30p140ssg0p81v125c       0 
AO22D4BWP30P140                   2      3.528    tcbn28hpcplusbwp30p140ssg0p81v125c       0 
AOI211D1BWP30P140                 2      1.260    tcbn28hpcplusbwp30p140ssg0p81v125c       0 
AOI211OPTREPBD2BWP30P140          2      3.528    tcbn28hpcplusbwp30p140ssg0p81v125c       0 
AOI21D1BWP30P140                 68     34.272    tcbn28hpcplusbwp30p140ssg0p81v125c       0 
AOI21D1P5BWP30P140                1      0.882    tcbn28hpcplusbwp30p140ssg0p81v125c       0 
AOI21D2BWP30P140                 47     41.454    tcbn28hpcplusbwp30p140ssg0p81v125c       0 
AOI21D4BWP30P140                 14     24.696    tcbn28hpcplusbwp30p140ssg0p81v125c       0 
AOI21OPTREPBD1BWP30P140          36     27.216    tcbn28hpcplusbwp30p140ssg0p81v125c       0 
AOI21OPTREPBD2BWP30P140           2      2.772    tcbn28hpcplusbwp30p140ssg0p81v125c       0 
AOI221D1BWP30P140               130     98.280    tcbn28hpcplusbwp30p140ssg0p81v125c       0 
AOI221D2BWP30P140                 1      1.512    tcbn28hpcplusbwp30p140ssg0p81v125c       0 
AOI222D1BWP30P140               403    406.224    tcbn28hpcplusbwp30p140ssg0p81v125c       0 
AOI222D2BWP30P140                 5      8.820    tcbn28hpcplusbwp30p140ssg0p81v125c       0 
AOI22D0P7BWP30P140                4      2.520    tcbn28hpcplusbwp30p140ssg0p81v125c       0 
AOI22D1BWP30P140                999    629.370    tcbn28hpcplusbwp30p140ssg0p81v125c       0 
AOI22D2BWP30P140                  7      7.938    tcbn28hpcplusbwp30p140ssg0p81v125c       0 
AOI31D1BWP30P140                  1      0.630    tcbn28hpcplusbwp30p140ssg0p81v125c       0 
AOI32D1BWP30P140                  2      1.512    tcbn28hpcplusbwp30p140ssg0p81v125c       0 
BUFFD12BWP30P140                  1      2.142    tcbn28hpcplusbwp30p140ssg0p81v125c       0 
BUFFD1P5BWP30P140                 3      1.512    tcbn28hpcplusbwp30p140ssg0p81v125c       0 
BUFFD2BWP30P140                   5      2.520    tcbn28hpcplusbwp30p140ssg0p81v125c       0 
BUFFD4BWP30P140                   6      5.292    tcbn28hpcplusbwp30p140ssg0p81v125c       0 
BUFFD8BWP30P140                   2      3.024    tcbn28hpcplusbwp30p140ssg0p81v125c       0 
CKAN2D1BWP30P140                188     94.752    tcbn28hpcplusbwp30p140ssg0p81v125c       0 
CKAN2D2BWP30P140                  2      1.260    tcbn28hpcplusbwp30p140ssg0p81v125c       0 
CKAN2D4BWP30P140                 71     62.622    tcbn28hpcplusbwp30p140ssg0p81v125c       0 
CKBD1BWP30P140                   19      7.182    tcbn28hpcplusbwp30p140ssg0p81v125c       0 
CKLNQD1BWP30P140                 26     49.140    tcbn28hpcplusbwp30p140ssg0p81v125c       0 
CKMUX2D0BWP30P140                 1      0.882    tcbn28hpcplusbwp30p140ssg0p81v125c       0 
CKND1BWP30P140                 1612    406.224    tcbn28hpcplusbwp30p140ssg0p81v125c       0 
CKND2BWP30P140                   45     17.010    tcbn28hpcplusbwp30p140ssg0p81v125c       0 
CKND2D1BWP30P140                145     54.810    tcbn28hpcplusbwp30p140ssg0p81v125c       0 
CKND2D2BWP30P140                 15      9.450    tcbn28hpcplusbwp30p140ssg0p81v125c       0 
CKND2D3BWP30P140                 23     20.286    tcbn28hpcplusbwp30p140ssg0p81v125c       0 
CKND2D4BWP30P140                  5      5.670    tcbn28hpcplusbwp30p140ssg0p81v125c       0 
CKND2D8BWP30P140                 17     36.414    tcbn28hpcplusbwp30p140ssg0p81v125c       0 
CKND3BWP30P140                    3      1.512    tcbn28hpcplusbwp30p140ssg0p81v125c       0 
CKND4BWP30P140                    7      4.410    tcbn28hpcplusbwp30p140ssg0p81v125c       0 
CKND6BWP30P140                    2      1.764    tcbn28hpcplusbwp30p140ssg0p81v125c       0 
CKXOR2D1BWP30P140                 5      5.040    tcbn28hpcplusbwp30p140ssg0p81v125c       0 
DFCND1BWP30P140                   1      2.520    tcbn28hpcplusbwp30p140ssg0p81v125c       0 
DFCNQD1BWP30P140                  1      2.268    tcbn28hpcplusbwp30p140ssg0p81v125c       0 
DFKCNQD2BWP30P140                 2      4.032    tcbn28hpcplusbwp30p140ssg0p81v125c       0 
DFQD1BWP30P140                    8     15.120    tcbn28hpcplusbwp30p140ssg0p81v125c       0 
DFQD2BWP30P140                  493    931.770    tcbn28hpcplusbwp30p140ssg0p81v125c       0 
FA1D1BWP30P140                 3161   6770.862    tcbn28hpcplusbwp30p140ssg0p81v125c       0 
FA1D2BWP30P140                    9     21.546    tcbn28hpcplusbwp30p140ssg0p81v125c       0 
FA1D4BWP30P140                    7     25.578    tcbn28hpcplusbwp30p140ssg0p81v125c       0 
FA1OPTCD1BWP30P140               97    244.440    tcbn28hpcplusbwp30p140ssg0p81v125c       0 
FA1OPTCD2BWP30P140               44    133.056    tcbn28hpcplusbwp30p140ssg0p81v125c       0 
HA1D1BWP30P140                  165    270.270    tcbn28hpcplusbwp30p140ssg0p81v125c       0 
HA1D2BWP30P140                    6     11.340    tcbn28hpcplusbwp30p140ssg0p81v125c       0 
IAO21D0BWP30P140                 17     10.710    tcbn28hpcplusbwp30p140ssg0p81v125c       0 
IAO21D1BWP30P140                 19     11.970    tcbn28hpcplusbwp30p140ssg0p81v125c       0 
IAO21D2BWP30P140                109     96.138    tcbn28hpcplusbwp30p140ssg0p81v125c       0 
IAO22D1BWP30P140                  4      3.528    tcbn28hpcplusbwp30p140ssg0p81v125c       0 
IAO22D2BWP30P140                 13     18.018    tcbn28hpcplusbwp30p140ssg0p81v125c       0 
IAO22D4BWP30P140                 12     28.728    tcbn28hpcplusbwp30p140ssg0p81v125c       0 
IND2D1BWP30P140                 207    104.328    tcbn28hpcplusbwp30p140ssg0p81v125c       0 
IND2D2BWP30P140                  10      7.560    tcbn28hpcplusbwp30p140ssg0p81v125c       0 
IND4D4BWP30P140                   1      2.646    tcbn28hpcplusbwp30p140ssg0p81v125c       0 
INR2D1BWP30P140                 274    138.096    tcbn28hpcplusbwp30p140ssg0p81v125c       0 
INR2D2BWP30P140                  19     14.364    tcbn28hpcplusbwp30p140ssg0p81v125c       0 
INR2D4BWP30P140                   4      5.544    tcbn28hpcplusbwp30p140ssg0p81v125c       0 
INR3D0BWP30P140                   3      1.890    tcbn28hpcplusbwp30p140ssg0p81v125c       0 
INR3D1BWP30P140                   6      6.048    tcbn28hpcplusbwp30p140ssg0p81v125c       0 
INR4D2BWP30P140                   1      2.520    tcbn28hpcplusbwp30p140ssg0p81v125c       0 
INVD0P7BWP30P140                  6      1.512    tcbn28hpcplusbwp30p140ssg0p81v125c       0 
INVD12BWP30P140                   4      6.552    tcbn28hpcplusbwp30p140ssg0p81v125c       0 
INVD1BWP30P140                   24      6.048    tcbn28hpcplusbwp30p140ssg0p81v125c       0 
INVD1P5BWP30P140                  2      0.756    tcbn28hpcplusbwp30p140ssg0p81v125c       0 
INVD2BWP30P140                   11      4.158    tcbn28hpcplusbwp30p140ssg0p81v125c       0 
INVD3BWP30P140                   14      7.056    tcbn28hpcplusbwp30p140ssg0p81v125c       0 
INVD6BWP30P140                    5      4.410    tcbn28hpcplusbwp30p140ssg0p81v125c       0 
INVD8BWP30P140                    2      2.268    tcbn28hpcplusbwp30p140ssg0p81v125c       0 
IOA21D0BWP30P140                 40     25.200    tcbn28hpcplusbwp30p140ssg0p81v125c       0 
IOA21D1BWP30P140                 63     39.690    tcbn28hpcplusbwp30p140ssg0p81v125c       0 
IOA21D2BWP30P140                 25     22.050    tcbn28hpcplusbwp30p140ssg0p81v125c       0 
IOA21D4BWP30P140                  1      1.386    tcbn28hpcplusbwp30p140ssg0p81v125c       0 
IOA22D1BWP30P140                  1      0.882    tcbn28hpcplusbwp30p140ssg0p81v125c       0 
IOA22D2BWP30P140                  1      1.260    tcbn28hpcplusbwp30p140ssg0p81v125c       0 
MAOI222D0BWP30P140                4      3.024    tcbn28hpcplusbwp30p140ssg0p81v125c       0 
MAOI222D1BWP30P140              153    115.668    tcbn28hpcplusbwp30p140ssg0p81v125c       0 
MAOI222D4BWP30P140                1      2.898    tcbn28hpcplusbwp30p140ssg0p81v125c       0 
MAOI22D1BWP30P140                 2      1.512    tcbn28hpcplusbwp30p140ssg0p81v125c       0 
MOAI22D0BWP30P140                 1      0.756    tcbn28hpcplusbwp30p140ssg0p81v125c       0 
MOAI22D1BWP30P140                38     28.728    tcbn28hpcplusbwp30p140ssg0p81v125c       0 
MOAI22D4BWP30P140                 1      2.268    tcbn28hpcplusbwp30p140ssg0p81v125c       0 
MUX2D4BWP30P140                   1      1.764    tcbn28hpcplusbwp30p140ssg0p81v125c       0 
MUX2NOPTD2BWP30P140               5      6.930    tcbn28hpcplusbwp30p140ssg0p81v125c       0 
MUX2NOPTD4BWP30P140               3      7.560    tcbn28hpcplusbwp30p140ssg0p81v125c       0 
MUX2NOPTD6BWP30P140               1      3.654    tcbn28hpcplusbwp30p140ssg0p81v125c       0 
MUX2NOPTD8BWP30P140               5     23.940    tcbn28hpcplusbwp30p140ssg0p81v125c       0 
MUX2OPTD2BWP30P140                1      1.134    tcbn28hpcplusbwp30p140ssg0p81v125c       0 
MUX2OPTD6BWP30P140                1      3.150    tcbn28hpcplusbwp30p140ssg0p81v125c       0 
ND2D1BWP30P140                  331    125.118    tcbn28hpcplusbwp30p140ssg0p81v125c       0 
ND2D2BWP30P140                   37     23.310    tcbn28hpcplusbwp30p140ssg0p81v125c       0 
ND2D3BWP30P140                    6      5.292    tcbn28hpcplusbwp30p140ssg0p81v125c       0 
ND2D4BWP30P140                    5      5.670    tcbn28hpcplusbwp30p140ssg0p81v125c       0 
ND2D6BWP30P140                    4      6.552    tcbn28hpcplusbwp30p140ssg0p81v125c       0 
ND2D8BWP30P140                    6     12.852    tcbn28hpcplusbwp30p140ssg0p81v125c       0 
ND2OPTD12BWP30P140                1      3.150    tcbn28hpcplusbwp30p140ssg0p81v125c       0 
ND2OPTD6BWP30P140                 1      1.638    tcbn28hpcplusbwp30p140ssg0p81v125c       0 
ND2OPTIBD12BWP30P140              3      9.450    tcbn28hpcplusbwp30p140ssg0p81v125c       0 
ND2OPTIBD16BWP30P140             12     49.896    tcbn28hpcplusbwp30p140ssg0p81v125c       0 
ND2OPTIBD1BWP30P140              60     22.680    tcbn28hpcplusbwp30p140ssg0p81v125c       0 
ND2OPTIBD2BWP30P140              28     17.640    tcbn28hpcplusbwp30p140ssg0p81v125c       0 
ND2OPTIBD4BWP30P140               9     10.206    tcbn28hpcplusbwp30p140ssg0p81v125c       0 
ND2OPTIBD6BWP30P140               4      6.552    tcbn28hpcplusbwp30p140ssg0p81v125c       0 
ND2OPTPAD12BWP30P140              1      4.410    tcbn28hpcplusbwp30p140ssg0p81v125c       0 
ND2OPTPAD16BWP30P140              1      5.796    tcbn28hpcplusbwp30p140ssg0p81v125c       0 
ND2OPTPAD1BWP30P140               2      1.260    tcbn28hpcplusbwp30p140ssg0p81v125c       0 
ND2OPTPAD4BWP30P140               3      6.048    tcbn28hpcplusbwp30p140ssg0p81v125c       0 
ND3D1BWP30P140                   35     17.640    tcbn28hpcplusbwp30p140ssg0p81v125c       0 
ND3D1P5BWP30P140                  1      0.882    tcbn28hpcplusbwp30p140ssg0p81v125c       0 
ND3D2BWP30P140                    2      1.764    tcbn28hpcplusbwp30p140ssg0p81v125c       0 
ND3OPTPAD1BWP30P140               2      1.764    tcbn28hpcplusbwp30p140ssg0p81v125c       0 
ND3OPTPAD2BWP30P140               7     10.584    tcbn28hpcplusbwp30p140ssg0p81v125c       0 
ND3OPTPAD4BWP30P140               1      2.520    tcbn28hpcplusbwp30p140ssg0p81v125c       0 
ND3OPTPAD6BWP30P140               3     10.584    tcbn28hpcplusbwp30p140ssg0p81v125c       0 
ND4D1BWP30P140                  140     88.200    tcbn28hpcplusbwp30p140ssg0p81v125c       0 
NR2D1BWP30P140                  345    130.410    tcbn28hpcplusbwp30p140ssg0p81v125c       0 
NR2D2BWP30P140                   20     12.600    tcbn28hpcplusbwp30p140ssg0p81v125c       0 
NR2D3BWP30P140                   37     32.634    tcbn28hpcplusbwp30p140ssg0p81v125c       0 
NR2D4BWP30P140                   16     18.144    tcbn28hpcplusbwp30p140ssg0p81v125c       0 
NR2OPTD6BWP30P140                 1      1.638    tcbn28hpcplusbwp30p140ssg0p81v125c       0 
NR2OPTIBD1BWP30P140             270    102.060    tcbn28hpcplusbwp30p140ssg0p81v125c       0 
NR2OPTIBD2BWP30P140               5      3.150    tcbn28hpcplusbwp30p140ssg0p81v125c       0 
NR2OPTIBD4BWP30P140               2      2.268    tcbn28hpcplusbwp30p140ssg0p81v125c       0 
NR2OPTIBD6BWP30P140               1      1.638    tcbn28hpcplusbwp30p140ssg0p81v125c       0 
NR2OPTIBD8BWP30P140               2      4.284    tcbn28hpcplusbwp30p140ssg0p81v125c       0 
NR2OPTPAD1BWP30P140              39     19.656    tcbn28hpcplusbwp30p140ssg0p81v125c       0 
NR2OPTPAD2BWP30P140              10      8.820    tcbn28hpcplusbwp30p140ssg0p81v125c       0 
NR2OPTPAD4BWP30P140               7     11.466    tcbn28hpcplusbwp30p140ssg0p81v125c       0 
NR2OPTPAD6BWP30P140               1      2.394    tcbn28hpcplusbwp30p140ssg0p81v125c       0 
NR3D0BWP30P140                    2      1.008    tcbn28hpcplusbwp30p140ssg0p81v125c       0 
NR3D0P7BWP30P140                  4      2.016    tcbn28hpcplusbwp30p140ssg0p81v125c       0 
NR3D1BWP30P140                    8      7.056    tcbn28hpcplusbwp30p140ssg0p81v125c       0 
NR3D1P5BWP30P140                  2      1.764    tcbn28hpcplusbwp30p140ssg0p81v125c       0 
NR3D2BWP30P140                    1      1.764    tcbn28hpcplusbwp30p140ssg0p81v125c       0 
NR4D0BWP30P140                    2      1.260    tcbn28hpcplusbwp30p140ssg0p81v125c       0 
NR4D1BWP30P140                    3      3.402    tcbn28hpcplusbwp30p140ssg0p81v125c       0 
NR4D2BWP30P140                    1      2.268    tcbn28hpcplusbwp30p140ssg0p81v125c       0 
OA211D1BWP30P140                  3      2.268    tcbn28hpcplusbwp30p140ssg0p81v125c       0 
OA211D2BWP30P140                  1      0.882    tcbn28hpcplusbwp30p140ssg0p81v125c       0 
OA21D1BWP30P140                  81     51.030    tcbn28hpcplusbwp30p140ssg0p81v125c       0 
OA21D2BWP30P140                  10      7.560    tcbn28hpcplusbwp30p140ssg0p81v125c       0 
OA21D4BWP30P140                  13     18.018    tcbn28hpcplusbwp30p140ssg0p81v125c       0 
OA22D2BWP30P140                   2      2.016    tcbn28hpcplusbwp30p140ssg0p81v125c       0 
OAI211D1BWP30P140                80     50.400    tcbn28hpcplusbwp30p140ssg0p81v125c       0 
OAI211D2BWP30P140                 2      2.268    tcbn28hpcplusbwp30p140ssg0p81v125c       0 
OAI211OPTREPBD1BWP30P140          1      1.134    tcbn28hpcplusbwp30p140ssg0p81v125c       0 
OAI21D0P7BWP30P140                9      4.536    tcbn28hpcplusbwp30p140ssg0p81v125c       0 
OAI21D1BWP30P140                195     98.280    tcbn28hpcplusbwp30p140ssg0p81v125c       0 
OAI21D1P5BWP30P140                1      0.882    tcbn28hpcplusbwp30p140ssg0p81v125c       0 
OAI21D2BWP30P140                 15     13.230    tcbn28hpcplusbwp30p140ssg0p81v125c       0 
OAI21D4BWP30P140                  6     10.584    tcbn28hpcplusbwp30p140ssg0p81v125c       0 
OAI21D6BWP30P140                  2      5.040    tcbn28hpcplusbwp30p140ssg0p81v125c       0 
OAI21OPTREPBD1BWP30P140           4      3.024    tcbn28hpcplusbwp30p140ssg0p81v125c       0 
OAI21OPTREPBD2BWP30P140           6      8.316    tcbn28hpcplusbwp30p140ssg0p81v125c       0 
OAI21OPTREPBD4BWP30P140           1      2.646    tcbn28hpcplusbwp30p140ssg0p81v125c       0 
OAI221D1BWP30P140               316    278.712    tcbn28hpcplusbwp30p140ssg0p81v125c       0 
OAI221D2BWP30P140                 7     10.584    tcbn28hpcplusbwp30p140ssg0p81v125c       0 
OAI22D1BWP30P140                720    453.600    tcbn28hpcplusbwp30p140ssg0p81v125c       0 
OAI22D1P5BWP30P140                2      2.268    tcbn28hpcplusbwp30p140ssg0p81v125c       0 
OAI22OPTPBD1BWP30P140             8      8.064    tcbn28hpcplusbwp30p140ssg0p81v125c       0 
OAI32D1BWP30P140                  3      2.268    tcbn28hpcplusbwp30p140ssg0p81v125c       0 
OR2D0BWP30P140                    9      4.536    tcbn28hpcplusbwp30p140ssg0p81v125c       0 
OR2D16BWP30P140                   6     20.412    tcbn28hpcplusbwp30p140ssg0p81v125c       0 
OR2D1BWP30P140                  190     95.760    tcbn28hpcplusbwp30p140ssg0p81v125c       0 
OR2D2BWP30P140                   16     10.080    tcbn28hpcplusbwp30p140ssg0p81v125c       0 
OR2D4BWP30P140                    5      5.670    tcbn28hpcplusbwp30p140ssg0p81v125c       0 
OR2D8BWP30P140                    4      7.560    tcbn28hpcplusbwp30p140ssg0p81v125c       0 
OR3D0BWP30P140                    1      0.630    tcbn28hpcplusbwp30p140ssg0p81v125c       0 
OR3D1BWP30P140                   60     37.800    tcbn28hpcplusbwp30p140ssg0p81v125c       0 
OR3D2BWP30P140                    9      6.804    tcbn28hpcplusbwp30p140ssg0p81v125c       0 
OR3D4BWP30P140                    9     12.474    tcbn28hpcplusbwp30p140ssg0p81v125c       0 
OR3D8BWP30P140                    3      6.804    tcbn28hpcplusbwp30p140ssg0p81v125c       0 
OR4D1BWP30P140                   49     37.044    tcbn28hpcplusbwp30p140ssg0p81v125c       0 
OR4D2BWP30P140                    1      0.882    tcbn28hpcplusbwp30p140ssg0p81v125c       0 
OR4D4BWP30P140                    2      3.276    tcbn28hpcplusbwp30p140ssg0p81v125c       0 
XNR2D1BWP30P140                  86     86.688    tcbn28hpcplusbwp30p140ssg0p81v125c       0 
XNR2D2BWP30P140                  26     29.484    tcbn28hpcplusbwp30p140ssg0p81v125c       0 
XNR2D4BWP30P140                   3      6.048    tcbn28hpcplusbwp30p140ssg0p81v125c       0 
XNR2OPTND2BWP30P140              18     24.948    tcbn28hpcplusbwp30p140ssg0p81v125c       0 
XNR2OPTND4BWP30P140              13     32.760    tcbn28hpcplusbwp30p140ssg0p81v125c       0 
XNR2OPTND6BWP30P140               6     21.924    tcbn28hpcplusbwp30p140ssg0p81v125c       0 
XNR2OPTND8BWP30P140               3     14.364    tcbn28hpcplusbwp30p140ssg0p81v125c       0 
XNR2UD1BWP30P140                943    831.726    tcbn28hpcplusbwp30p140ssg0p81v125c       0 
XNR3D2BWP30P140                   1      2.016    tcbn28hpcplusbwp30p140ssg0p81v125c       0 
XNR3UD1BWP30P140                 60    105.840    tcbn28hpcplusbwp30p140ssg0p81v125c       0 
XNR4D1BWP30P140                   3      7.938    tcbn28hpcplusbwp30p140ssg0p81v125c       0 
XOR2D1BWP30P140                  42     42.336    tcbn28hpcplusbwp30p140ssg0p81v125c       0 
XOR2D2BWP30P140                   7      7.938    tcbn28hpcplusbwp30p140ssg0p81v125c       0 
XOR2OPTND2BWP30P140              12     16.632    tcbn28hpcplusbwp30p140ssg0p81v125c       0 
XOR2OPTND4BWP30P140              15     37.800    tcbn28hpcplusbwp30p140ssg0p81v125c       0 
XOR2OPTND6BWP30P140               3     10.962    tcbn28hpcplusbwp30p140ssg0p81v125c       0 
XOR2UD1BWP30P140                247    217.854    tcbn28hpcplusbwp30p140ssg0p81v125c       0 
XOR3D1BWP30P140                  65    122.850    tcbn28hpcplusbwp30p140ssg0p81v125c       0 
XOR3D2BWP30P140                  16     32.256    tcbn28hpcplusbwp30p140ssg0p81v125c       0 
XOR3D4BWP30P140                   1      3.150    tcbn28hpcplusbwp30p140ssg0p81v125c       0 
XOR3UD1BWP30P140                167    294.588    tcbn28hpcplusbwp30p140ssg0p81v125c       0 
---------------------------------------------------------------------------------------------
total                         14958  15973.650                                       


                                                        
            Type             Instances    Area   Area % 
--------------------------------------------------------
sequential                         505   955.710    6.0 
inverter                          1737   463.680    2.9 
buffer                              36    21.672    0.1 
clock_gating_integrated_cell        26    49.140    0.3 
logic                            12654 14483.448   90.7 
physical_cells                       0     0.000    0.0 
--------------------------------------------------------
total                            14958 15973.650  100.0 

