============================================================
  Generated by:           Genus(TM) Synthesis Solution 21.12-s068_1
  Generated on:           Jan 18 2026  07:37:28 pm
  Module:                 System
  Operating conditions:   ssg0p81v125c 
  Interconnect mode:      global
  Area mode:              physical library
============================================================


Path 1: MET (0 ps) Late External Delay Assertion at pin p_output_data_write[19]
           View: analysis_view_0p81v_125c_capwst_slowest
          Group: clk
     Startpoint: (R) control/r_addr_count_write_out_reg[0]/CP
          Clock: (R) clk
       Endpoint: (F) p_output_data_write[19]
          Clock: (R) clk

                     Capture       Launch     
        Clock Edge:+    2000            0     
       Src Latency:+       0            0     
       Net Latency:+       0 (I)        0 (I) 
           Arrival:=    2000            0     
                                              
      Output Delay:-    1000                  
     Required Time:=    1000                  
      Launch Clock:-       0                  
         Data Path:-    1000                  
             Slack:=       0                  

Exceptions/Constraints:
  output_delay             1000            constraints.sdc_line_25_78_1 

#----------------------------------------------------------------------------------------------------------------------------
#              Timing Point                Flags    Arc   Edge        Cell          Fanout Load Trans Delay Arrival Instance 
#                                                                                          (fF)  (ps)  (ps)   (ps)  Location 
#----------------------------------------------------------------------------------------------------------------------------
  control/r_addr_count_write_out_reg[0]/CP -       -      R     (arrival)                4    -     0     0       0    (-,-) 
  control/r_addr_count_write_out_reg[0]/Q  -       CP->Q  F     DFKCND1BWP30P140         3  2.9    21    70      70    (-,-) 
  control/g36076__2802/ZN                  -       A1->ZN R     NR2D1BWP30P140           2  2.7    34    27      97    (-,-) 
  control/g36123__4319/ZN                  -       B1->ZN F     IND2D1BWP30P140          2  4.5    53    39     137    (-,-) 
  control/g35804__5107/ZN                  -       A1->ZN R     NR2OPTD6BWP30P140       36 28.3    60    47     184    (-,-) 
  control/g35678__6417/ZN                  -       A1->ZN R     IOA21D0BWP30P140         1  1.3    26    39     222    (-,-) 
  control/g35603__5122/ZN                  -       A1->ZN F     NR2OPTIBD1BWP30P140      1  1.2    19    14     236    (-,-) 
  control/g35563__2398/ZN                  -       A1->ZN R     ND2OPTIBD1BWP30P140      1  3.2    31    24     261    (-,-) 
  control/add_1022_65_g480/CO              -       B->CO  R     FA1OPTCD1BWP30P140       1  2.6    24    54     314    (-,-) 
  control/add_1022_65_g479/CO              -       CI->CO R     FA1OPTCD1BWP30P140       1  2.1    22    33     347    (-,-) 
  control/add_1022_65_g478/CO              -       CI->CO R     FA1D1BWP30P140           1  2.1    21    39     386    (-,-) 
  control/add_1022_65_g477/CO              -       CI->CO R     FA1D1BWP30P140           1  2.6    24    40     426    (-,-) 
  control/add_1022_65_g476/CO              -       CI->CO R     FA1OPTCD1BWP30P140       1  2.6    24    34     460    (-,-) 
  control/add_1022_65_g475/CO              -       CI->CO R     FA1OPTCD1BWP30P140       1  2.6    24    34     494    (-,-) 
  control/add_1022_65_g474/CO              -       CI->CO R     FA1OPTCD1BWP30P140       1  2.6    24    34     529    (-,-) 
  control/add_1022_65_g473/CO              -       CI->CO R     FA1OPTCD1BWP30P140       1  2.1    22    33     562    (-,-) 
  control/add_1022_65_g472/CO              -       CI->CO R     FA1D1BWP30P140           1  2.6    24    40     602    (-,-) 
  control/add_1022_65_g471/CO              -       CI->CO R     FA1OPTCD1BWP30P140       1  2.6    24    34     636    (-,-) 
  control/add_1022_65_g470/CO              -       CI->CO R     FA1OPTCD1BWP30P140       1  2.6    24    34     670    (-,-) 
  control/add_1022_65_g469/CO              -       CI->CO R     FA1OPTCD1BWP30P140       1  2.6    24    34     705    (-,-) 
  control/add_1022_65_g468/CO              -       CI->CO R     FA1OPTCD1BWP30P140       1  2.6    24    34     739    (-,-) 
  control/add_1022_65_g467/CO              -       CI->CO R     FA1OPTCD1BWP30P140       1  2.1    22    33     772    (-,-) 
  control/add_1022_65_g466/CO              -       CI->CO R     FA1D1BWP30P140           1  2.1    21    39     810    (-,-) 
  control/add_1022_65_g465/CO              -       CI->CO R     FA1D1BWP30P140           1  2.1    21    38     849    (-,-) 
  control/add_1022_65_g464/CO              -       CI->CO R     FA1D1BWP30P140           1  2.1    21    38     887    (-,-) 
  control/add_1022_65_g463/CO              -       CI->CO R     FA1D1BWP30P140           1  1.4    18    35     923    (-,-) 
  control/g36332/Z                         -       A1->Z  F     XOR3D1BWP30P140          1  4.8    32    76     999    (-,-) 
  p_output_data_write[19]                  <<<     -      F     (port)                   -    -     -     0    1000    (-,-) 
#----------------------------------------------------------------------------------------------------------------------------


