============================================================
  Generated by:           Genus(TM) Synthesis Solution 21.12-s068_1
  Generated on:           Jan 18 2026  07:37:26 pm
  Module:                 System
  Library domain:         timing_cond_0p81v_125c
    Domain index:         0
    Technology library:   tcbn28hpcplusbwp30p140ssg0p81v125c 110
  Operating conditions:   ssg0p81v125c 
  Interconnect mode:      global
  Area mode:              physical library
============================================================

                                                                                 Library 
        Gate          Instances    Area                   Library                 Domain 
-----------------------------------------------------------------------------------------
AN2D0BWP30P140                2      1.008    tcbn28hpcplusbwp30p140ssg0p81v125c       0 
AN2D16BWP30P140               1      3.402    tcbn28hpcplusbwp30p140ssg0p81v125c       0 
AN2D1BWP30P140               16      8.064    tcbn28hpcplusbwp30p140ssg0p81v125c       0 
AN2D2BWP30P140               26     16.380    tcbn28hpcplusbwp30p140ssg0p81v125c       0 
AN2D4BWP30P140               11     12.474    tcbn28hpcplusbwp30p140ssg0p81v125c       0 
AN2D6BWP30P140                2      2.772    tcbn28hpcplusbwp30p140ssg0p81v125c       0 
AN2D8BWP30P140                1      1.890    tcbn28hpcplusbwp30p140ssg0p81v125c       0 
AN3D0BWP30P140                5      3.150    tcbn28hpcplusbwp30p140ssg0p81v125c       0 
AN3D1BWP30P140               16     10.080    tcbn28hpcplusbwp30p140ssg0p81v125c       0 
AN3D2BWP30P140                3      2.268    tcbn28hpcplusbwp30p140ssg0p81v125c       0 
AN3D4BWP30P140                1      1.386    tcbn28hpcplusbwp30p140ssg0p81v125c       0 
AN4D0BWP30P140                1      0.756    tcbn28hpcplusbwp30p140ssg0p81v125c       0 
AN4D1BWP30P140               12      9.072    tcbn28hpcplusbwp30p140ssg0p81v125c       0 
AO211D1BWP30P140             90     68.040    tcbn28hpcplusbwp30p140ssg0p81v125c       0 
AO211D2BWP30P140              2      1.764    tcbn28hpcplusbwp30p140ssg0p81v125c       0 
AO21D1BWP30P140             222    139.860    tcbn28hpcplusbwp30p140ssg0p81v125c       0 
AO22D0BWP30P140             894    675.864    tcbn28hpcplusbwp30p140ssg0p81v125c       0 
AOI211D1BWP30P140            15      9.450    tcbn28hpcplusbwp30p140ssg0p81v125c       0 
AOI21D1BWP30P140             51     25.704    tcbn28hpcplusbwp30p140ssg0p81v125c       0 
AOI221D1BWP30P140           769    581.364    tcbn28hpcplusbwp30p140ssg0p81v125c       0 
AOI222D1BWP30P140           416    419.328    tcbn28hpcplusbwp30p140ssg0p81v125c       0 
AOI22D0P7BWP30P140            2      1.260    tcbn28hpcplusbwp30p140ssg0p81v125c       0 
AOI22D1BWP30P140           1400    882.000    tcbn28hpcplusbwp30p140ssg0p81v125c       0 
AOI31D1BWP30P140              4      2.520    tcbn28hpcplusbwp30p140ssg0p81v125c       0 
AOI32D1BWP30P140              3      2.268    tcbn28hpcplusbwp30p140ssg0p81v125c       0 
CKAN2D1BWP30P140            119     59.976    tcbn28hpcplusbwp30p140ssg0p81v125c       0 
CKLNQD1BWP30P140            105    198.450    tcbn28hpcplusbwp30p140ssg0p81v125c       0 
CKMUX2D0BWP30P140            49     43.218    tcbn28hpcplusbwp30p140ssg0p81v125c       0 
CKND1BWP30P140             1502    378.504    tcbn28hpcplusbwp30p140ssg0p81v125c       0 
CKND2BWP30P140                5      1.890    tcbn28hpcplusbwp30p140ssg0p81v125c       0 
CKND2D1BWP30P140            132     49.896    tcbn28hpcplusbwp30p140ssg0p81v125c       0 
CKND2D3BWP30P140              1      0.882    tcbn28hpcplusbwp30p140ssg0p81v125c       0 
CKND2D4BWP30P140              1      1.134    tcbn28hpcplusbwp30p140ssg0p81v125c       0 
DFCND1BWP30P140               2      5.040    tcbn28hpcplusbwp30p140ssg0p81v125c       0 
DFCNQD1BWP30P140              6     13.608    tcbn28hpcplusbwp30p140ssg0p81v125c       0 
DFKCND1BWP30P140            165    353.430    tcbn28hpcplusbwp30p140ssg0p81v125c       0 
DFKCNQD2BWP30P140          1333   2687.328    tcbn28hpcplusbwp30p140ssg0p81v125c       0 
DFKCSND1BWP30P140             5     12.600    tcbn28hpcplusbwp30p140ssg0p81v125c       0 
DFKSND1BWP30P140             36     86.184    tcbn28hpcplusbwp30p140ssg0p81v125c       0 
DFMQD1BWP30P140               1      2.394    tcbn28hpcplusbwp30p140ssg0p81v125c       0 
DFQD2BWP30P140              477    901.530    tcbn28hpcplusbwp30p140ssg0p81v125c       0 
FA1D1BWP30P140             3741   8013.222    tcbn28hpcplusbwp30p140ssg0p81v125c       0 
FA1D2BWP30P140                7     16.758    tcbn28hpcplusbwp30p140ssg0p81v125c       0 
FA1OPTCD1BWP30P140           11     27.720    tcbn28hpcplusbwp30p140ssg0p81v125c       0 
HA1D1BWP30P140              322    527.436    tcbn28hpcplusbwp30p140ssg0p81v125c       0 
IAO21D0BWP30P140              3      1.890    tcbn28hpcplusbwp30p140ssg0p81v125c       0 
IAO21D1BWP30P140              6      3.780    tcbn28hpcplusbwp30p140ssg0p81v125c       0 
IND2D1BWP30P140              77     38.808    tcbn28hpcplusbwp30p140ssg0p81v125c       0 
IND2D2BWP30P140               1      0.756    tcbn28hpcplusbwp30p140ssg0p81v125c       0 
IND3D1BWP30P140              16     10.080    tcbn28hpcplusbwp30p140ssg0p81v125c       0 
IND4D1BWP30P140              21     15.876    tcbn28hpcplusbwp30p140ssg0p81v125c       0 
INR2D1BWP30P140             168     84.672    tcbn28hpcplusbwp30p140ssg0p81v125c       0 
INR2D2BWP30P140               7      5.292    tcbn28hpcplusbwp30p140ssg0p81v125c       0 
INR2D4BWP30P140               5      6.930    tcbn28hpcplusbwp30p140ssg0p81v125c       0 
INR3D0BWP30P140              11      6.930    tcbn28hpcplusbwp30p140ssg0p81v125c       0 
INR3D4BWP30P140               1      2.016    tcbn28hpcplusbwp30p140ssg0p81v125c       0 
INR4D0BWP30P140               3      2.268    tcbn28hpcplusbwp30p140ssg0p81v125c       0 
INVD0P7BWP30P140              6      1.512    tcbn28hpcplusbwp30p140ssg0p81v125c       0 
INVD12BWP30P140               1      1.638    tcbn28hpcplusbwp30p140ssg0p81v125c       0 
INVD16BWP30P140               1      2.142    tcbn28hpcplusbwp30p140ssg0p81v125c       0 
INVD1BWP30P140                9      2.268    tcbn28hpcplusbwp30p140ssg0p81v125c       0 
INVD3BWP30P140                4      2.016    tcbn28hpcplusbwp30p140ssg0p81v125c       0 
INVD6BWP30P140                1      0.882    tcbn28hpcplusbwp30p140ssg0p81v125c       0 
INVD8BWP30P140                3      3.402    tcbn28hpcplusbwp30p140ssg0p81v125c       0 
IOA21D0BWP30P140              3      1.890    tcbn28hpcplusbwp30p140ssg0p81v125c       0 
IOA21D1BWP30P140            185    116.550    tcbn28hpcplusbwp30p140ssg0p81v125c       0 
IOA21D2BWP30P140              1      0.882    tcbn28hpcplusbwp30p140ssg0p81v125c       0 
MAOI222D1BWP30P140            8      6.048    tcbn28hpcplusbwp30p140ssg0p81v125c       0 
MAOI22D1BWP30P140             5      3.780    tcbn28hpcplusbwp30p140ssg0p81v125c       0 
MOAI22D1BWP30P140            85     64.260    tcbn28hpcplusbwp30p140ssg0p81v125c       0 
MUX2D0BWP30P140               3      2.646    tcbn28hpcplusbwp30p140ssg0p81v125c       0 
MUX2NUD1BWP30P140             4      3.024    tcbn28hpcplusbwp30p140ssg0p81v125c       0 
ND2D1BWP30P140              160     60.480    tcbn28hpcplusbwp30p140ssg0p81v125c       0 
ND2D2BWP30P140                3      1.890    tcbn28hpcplusbwp30p140ssg0p81v125c       0 
ND2D3BWP30P140                2      1.764    tcbn28hpcplusbwp30p140ssg0p81v125c       0 
ND2D4BWP30P140                3      3.402    tcbn28hpcplusbwp30p140ssg0p81v125c       0 
ND2OPTIBD1BWP30P140          78     29.484    tcbn28hpcplusbwp30p140ssg0p81v125c       0 
ND2OPTIBD2BWP30P140           1      0.630    tcbn28hpcplusbwp30p140ssg0p81v125c       0 
ND3D1BWP30P140               75     37.800    tcbn28hpcplusbwp30p140ssg0p81v125c       0 
ND4D1BWP30P140              236    148.680    tcbn28hpcplusbwp30p140ssg0p81v125c       0 
NR2D1BWP30P140               91     34.398    tcbn28hpcplusbwp30p140ssg0p81v125c       0 
NR2D2BWP30P140               21     13.230    tcbn28hpcplusbwp30p140ssg0p81v125c       0 
NR2D3BWP30P140                5      4.410    tcbn28hpcplusbwp30p140ssg0p81v125c       0 
NR2D4BWP30P140                9     10.206    tcbn28hpcplusbwp30p140ssg0p81v125c       0 
NR2D8BWP30P140                1      2.142    tcbn28hpcplusbwp30p140ssg0p81v125c       0 
NR2OPTD6BWP30P140             7     11.466    tcbn28hpcplusbwp30p140ssg0p81v125c       0 
NR2OPTIBD1BWP30P140          94     35.532    tcbn28hpcplusbwp30p140ssg0p81v125c       0 
NR2OPTPAD1BWP30P140           1      0.504    tcbn28hpcplusbwp30p140ssg0p81v125c       0 
NR3D0BWP30P140               13      6.552    tcbn28hpcplusbwp30p140ssg0p81v125c       0 
NR3D0P7BWP30P140             13      6.552    tcbn28hpcplusbwp30p140ssg0p81v125c       0 
NR4D0BWP30P140                9      5.670    tcbn28hpcplusbwp30p140ssg0p81v125c       0 
OA211D1BWP30P140              9      6.804    tcbn28hpcplusbwp30p140ssg0p81v125c       0 
OA21D1BWP30P140              19     11.970    tcbn28hpcplusbwp30p140ssg0p81v125c       0 
OA22D1BWP30P140               1      0.882    tcbn28hpcplusbwp30p140ssg0p81v125c       0 
OAI211D1BWP30P140           233    146.790    tcbn28hpcplusbwp30p140ssg0p81v125c       0 
OAI21D1BWP30P140            148     74.592    tcbn28hpcplusbwp30p140ssg0p81v125c       0 
OAI221D1BWP30P140           167    147.294    tcbn28hpcplusbwp30p140ssg0p81v125c       0 
OAI222D1BWP30P140            29     29.232    tcbn28hpcplusbwp30p140ssg0p81v125c       0 
OAI22D0P7BWP30P140            3      1.890    tcbn28hpcplusbwp30p140ssg0p81v125c       0 
OAI22D1BWP30P140             65     40.950    tcbn28hpcplusbwp30p140ssg0p81v125c       0 
OAI31D1BWP30P140              8      5.040    tcbn28hpcplusbwp30p140ssg0p81v125c       0 
OAI32D1BWP30P140              8      6.048    tcbn28hpcplusbwp30p140ssg0p81v125c       0 
OAI33D1BWP30P140              1      0.882    tcbn28hpcplusbwp30p140ssg0p81v125c       0 
OR2D0BWP30P140               10      5.040    tcbn28hpcplusbwp30p140ssg0p81v125c       0 
OR2D1BWP30P140               81     40.824    tcbn28hpcplusbwp30p140ssg0p81v125c       0 
OR2D2BWP30P140                3      1.890    tcbn28hpcplusbwp30p140ssg0p81v125c       0 
OR3D1BWP30P140              117     73.710    tcbn28hpcplusbwp30p140ssg0p81v125c       0 
OR3D2BWP30P140               13      9.828    tcbn28hpcplusbwp30p140ssg0p81v125c       0 
OR4D1BWP30P140               22     16.632    tcbn28hpcplusbwp30p140ssg0p81v125c       0 
OR4D2BWP30P140                2      1.764    tcbn28hpcplusbwp30p140ssg0p81v125c       0 
SDFKCNQARD2BWP30P140          1      2.772    tcbn28hpcplusbwp30p140ssg0p81v125c       0 
XNR2UD1BWP30P140            593    523.026    tcbn28hpcplusbwp30p140ssg0p81v125c       0 
XNR3UD1BWP30P140             60    105.840    tcbn28hpcplusbwp30p140ssg0p81v125c       0 
XNR4D1BWP30P140              13     34.398    tcbn28hpcplusbwp30p140ssg0p81v125c       0 
XOR2UD1BWP30P140            104     91.728    tcbn28hpcplusbwp30p140ssg0p81v125c       0 
XOR3D1BWP30P140               2      3.780    tcbn28hpcplusbwp30p140ssg0p81v125c       0 
XOR3UD1BWP30P140            141    248.724    tcbn28hpcplusbwp30p140ssg0p81v125c       0 
XOR4D0BWP30P140               6     15.876    tcbn28hpcplusbwp30p140ssg0p81v125c       0 
XOR4D1BWP30P140               1      2.646    tcbn28hpcplusbwp30p140ssg0p81v125c       0 
-----------------------------------------------------------------------------------------
total                     15305  18721.206                                       


                                                        
            Type             Instances    Area   Area % 
--------------------------------------------------------
sequential                        2026  4064.886   21.7 
inverter                          1532   394.254    2.1 
clock_gating_integrated_cell       105   198.450    1.1 
logic                            11642 14063.616   75.1 
physical_cells                       0     0.000    0.0 
--------------------------------------------------------
total                            15305 18721.206  100.0 

