============================================================
  Generated by:           Genus(TM) Synthesis Solution 21.12-s068_1
  Generated on:           Jan 18 2026  07:38:01 pm
  Module:                 System
  Operating conditions:   ssg0p81v125c 
  Operating conditions:   tt0p9v25c 
  Operating conditions:   ffg0p99vm40c 
  Interconnect mode:      global
  Area mode:              physical library
============================================================


Path 1: MET (388 ps) Late External Delay Assertion at pin p_output_data_write[19]
           View: analysis_view_0p99v_m40c_capbst_fastest
          Group: clk
     Startpoint: (R) control/r_addr_count_write_out_reg[1]/CP
          Clock: (R) clk
       Endpoint: (F) p_output_data_write[19]
          Clock: (R) clk

                     Capture       Launch     
        Clock Edge:+    2000            0     
       Src Latency:+       0            0     
       Net Latency:+       0 (I)        0 (I) 
           Arrival:=    2000            0     
                                              
      Output Delay:-    1000                  
     Required Time:=    1000                  
      Launch Clock:-       0                  
         Data Path:-     612                  
             Slack:=     388                  

Exceptions/Constraints:
  output_delay             1000            tmp_sdc_analysis_vie_1_line_365 

#---------------------------------------------------------------------------------------------------------------------------
#              Timing Point                Flags    Arc   Edge        Cell         Fanout Load Trans Delay Arrival Instance 
#                                                                                         (fF)  (ps)  (ps)   (ps)  Location 
#---------------------------------------------------------------------------------------------------------------------------
  control/r_addr_count_write_out_reg[1]/CP -       -      R     (arrival)               4    -     0     0       0    (-,-) 
  control/r_addr_count_write_out_reg[1]/Q  -       CP->Q  F     DFKCNQD2BWP30P140       4  5.1    10    40      40    (-,-) 
  control/g36063__6260/ZN                  -       A2->ZN R     NR2D1BWP30P140          3  5.8    34    24      64    (-,-) 
  control/g36036__1617/ZN                  -       A1->ZN F     ND2D2BWP30P140         14 16.5    54    38     103    (-,-) 
  control/g35925/ZN                        -       I->ZN  R     CKND1BWP30P140         27 32.6   121    88     190    (-,-) 
  control/g35273__2802/ZN                  -       B1->ZN F     AOI22D1BWP30P140        1  1.6    39    25     215    (-,-) 
  control/g35213__5526/ZN                  -       A1->ZN R     CKND2D1BWP30P140        1  1.6    18    18     233    (-,-) 
  control/g35169__4733/Z                   -       A4->Z  R     OR4D1BWP30P140          1  3.2    14    20     254    (-,-) 
  control/add_1022_65_g477/CO              -       A->CO  R     FA1D1BWP30P140          1  3.0    15    25     279    (-,-) 
  control/add_1022_65_g476/CO              -       CI->CO R     FA1OPTCD1BWP30P140      1  3.0    15    20     299    (-,-) 
  control/add_1022_65_g475/CO              -       CI->CO R     FA1OPTCD1BWP30P140      1  3.0    15    20     319    (-,-) 
  control/add_1022_65_g474/CO              -       CI->CO R     FA1OPTCD1BWP30P140      1  3.0    15    20     339    (-,-) 
  control/add_1022_65_g473/CO              -       CI->CO R     FA1OPTCD1BWP30P140      1  2.5    13    19     358    (-,-) 
  control/add_1022_65_g472/CO              -       CI->CO R     FA1D1BWP30P140          1  3.0    15    23     381    (-,-) 
  control/add_1022_65_g471/CO              -       CI->CO R     FA1OPTCD1BWP30P140      1  3.0    15    20     401    (-,-) 
  control/add_1022_65_g470/CO              -       CI->CO R     FA1OPTCD1BWP30P140      1  3.0    15    20     421    (-,-) 
  control/add_1022_65_g469/CO              -       CI->CO R     FA1OPTCD1BWP30P140      1  3.0    15    20     441    (-,-) 
  control/add_1022_65_g468/CO              -       CI->CO R     FA1OPTCD1BWP30P140      1  3.0    15    20     461    (-,-) 
  control/add_1022_65_g467/CO              -       CI->CO R     FA1OPTCD1BWP30P140      1  2.5    13    19     480    (-,-) 
  control/add_1022_65_g466/CO              -       CI->CO R     FA1D1BWP30P140          1  2.5    13    22     503    (-,-) 
  control/add_1022_65_g465/CO              -       CI->CO R     FA1D1BWP30P140          1  2.5    13    22     525    (-,-) 
  control/add_1022_65_g464/CO              -       CI->CO R     FA1D1BWP30P140          1  2.5    13    22     547    (-,-) 
  control/add_1022_65_g463/CO              -       CI->CO R     FA1D1BWP30P140          1  1.9    12    21     568    (-,-) 
  control/g36332/Z                         -       A1->Z  F     XOR3D1BWP30P140         1  5.2    20    44     612    (-,-) 
  p_output_data_write[19]                  <<<     -      F     (port)                  -    -     -     0     612    (-,-) 
#---------------------------------------------------------------------------------------------------------------------------


