============================================================
  Generated by:           Genus(TM) Synthesis Solution 21.12-s068_1
  Generated on:           Jan 25 2026  09:36:03 pm
  Module:                 Conv
  Library domain:         timing_cond_0p81v_125c
    Domain index:         0
    Technology library:   tcbn28hpcplusbwp30p140ssg0p81v125c 110
  Operating conditions:   ssg0p81v125c 
  Interconnect mode:      global
  Area mode:              physical library
============================================================

      Instance        Module    Cell Count  Cell Area  Net Area   Total Area 
-----------------------------------------------------------------------------
Conv                                 14995  17718.120  7965.904    25684.024 
  genblk1[0].multip Multip             714    707.238   284.662      991.900 
  genblk1[1].multip Multip_232         717    697.536   286.654      984.190 
  genblk1[2].multip Multip_231         682    692.748   280.884      973.632 
  genblk1[3].multip Multip_230         652    676.746   269.960      946.706 
  genblk1[4].multip Multip_229         662    679.392   268.666      948.058 
  genblk1[5].multip Multip_228         662    683.172   272.974      956.146 
  inv               Inverse           1778   3139.290   754.870     3894.160 
    sp0             CSA_9              196    345.996    83.598      429.594 
      L1a           FA_135              22     43.722     0.252       43.974 
      L1b           FA_126              24     44.100     0.505       44.605 
      L1c           FA_117              20     43.974     0.000       43.974 
      L2a           FA_59_203           24     43.722     0.505       44.227 
      L2b           FA_58               21     41.076     0.252       41.328 
      L3            FA_59               22     44.226     0.252       44.478 
      L4            FA_116_161          25     42.084     0.757       42.841 
    sp1             CSA_9_110          208    352.674    85.597      438.271 
      L1a           FA_143              28     45.486     1.009       46.495 
      L1b           FA_134              26     44.982     0.757       45.739 
      L1c           FA_125              22     43.470     0.252       43.722 
      L2a           FA_59_195           26     47.880     0.505       48.385 
      L2b           FA_58_169           23     41.832     0.505       42.337 
      L3            FA_59_204           24     44.982     0.505       45.487 
      L4            FA_116_162          21     40.950     0.252       41.202 
    sp2             CSA_9_109          207    353.934    85.345      439.279 
      L1a           FA_142              26     45.234     0.757       45.991 
      L1b           FA_133              27     46.494     0.757       47.251 
      L1c           FA_124              22     43.470     0.252       43.722 
      L2a           FA_59_196           26     47.880     0.505       48.385 
      L2b           FA_58_170           23     41.832     0.505       42.337 
      L3            FA_59_205           24     44.982     0.505       45.487 
      L4            FA_116_163          21     40.950     0.252       41.202 
    sp3             CSA_9_108          200    349.398    84.219      433.617 
      L1a           FA_141              23     45.486     0.252       45.738 
      L1b           FA_132              24     43.974     0.505       44.479 
      L1c           FA_123              22     43.974     0.252       44.226 
      L2a           FA_59_197           26     47.880     0.505       48.385 
      L2b           FA_58_171           23     41.832     0.505       42.337 
      L3            FA_59_206           24     43.596     0.505       44.101 
      L4            FA_116_164          19     39.816     0.000       39.816 
    sp4             CSA_9_107          199    350.532    84.588      435.120 
      L1a           FA_140              22     43.092     0.252       43.344 
      L1b           FA_131              22     43.092     0.252       43.344 
      L1c           FA_122              22     46.368     0.252       46.620 
      L2a           FA_59_198           24     46.494     0.252       46.746 
      L2b           FA_58_172           25     42.840     0.757       43.597 
      L3            FA_59_207           24     45.360     0.505       45.865 
      L4            FA_116_165          21     40.446     0.252       40.698 
    sp5             CSA_9_106          195    349.776    84.084      433.860 
      L1a           FA_139              20     42.462     0.000       42.462 
      L1b           FA_130              20     42.840     0.000       42.840 
      L1c           FA_121              22     46.368     0.252       46.620 
      L2a           FA_59_199           24     46.620     0.252       46.872 
      L2b           FA_58_173           25     42.840     0.757       43.597 
      L3            FA_59_208           24     45.360     0.505       45.865 
      L4            FA_116_166          21     40.446     0.252       40.698 
    sp6             CSA_9_105          191    342.972    82.357      425.329 
      L1a           FA_138              22     43.218     0.252       43.470 
      L1b           FA_129              20     43.974     0.000       43.974 
      L1c           FA_120              22     43.848     0.252       44.100 
      L2a           FA_59_200           20     41.958     0.000       41.958 
      L2b           FA_58_174           23     43.092     0.505       43.597 
      L3            FA_59_209           22     42.714     0.252       42.966 
      L4            FA_116_167          23     41.328     0.505       41.833 
    sp7             CSA_9_104          191    347.508    82.725      430.233 
      L1a           FA_137              22     43.344     0.252       43.596 
      L1b           FA_128              20     43.974     0.000       43.974 
      L1c           FA_119              20     45.486     0.000       45.486 
      L2a           FA_59_201           20     41.958     0.000       41.958 
      L2b           FA_58_175           23     42.336     0.505       42.841 
      L3            FA_59_210           24     46.242     0.505       46.747 
      L4            FA_116_168          23     41.328     0.505       41.833 
    sp8             CSA_9_103          191    346.500    82.357      428.857 
      L1a           FA_136              22     43.344     0.252       43.596 
      L1b           FA_127              20     43.974     0.000       43.974 
      L1c           FA_118              22     46.494     0.252       46.746 
      L2a           FA_59_202           20     41.958     0.000       41.958 
      L2b           FA_58_176           23     42.336     0.505       42.841 
      L3            FA_59_211           24     44.982     0.505       45.487 
      L4            FA_116              21     40.572     0.252       40.824 
  mux_mult          MuxMult             18      9.828     3.124       12.952 
  trf               Transform         2843   4864.608  1135.872     6000.480 
    sn0             CSA_4               59    124.236    23.964      148.200 
      layer1        FA_144              20     42.462     0.000       42.462 
      layer2        FA_59_194           20     41.958     0.000       41.958 
    sn1             CSA_4_94            59    124.236    23.964      148.200 
      layer1        FA_152              20     42.462     0.000       42.462 
      layer2        FA_59_186           20     41.958     0.000       41.958 
    sn2             CSA_4_93            59    124.236    23.964      148.200 
      layer1        FA_151              20     42.462     0.000       42.462 
      layer2        FA_59_187           20     41.958     0.000       41.958 
    sn3             CSA_2               20     41.958     4.793       46.751 
    sn4             CSA_2_86            20     41.958     4.793       46.751 
    sn5             CSA_2_85            20     41.958     4.793       46.751 
    sn6             CSA_4_92            59    124.236    23.964      148.200 
      layer1        FA_150              20     42.462     0.000       42.462 
      layer2        FA_59_188           20     41.958     0.000       41.958 
    sn7             CSA_4_91            59    124.236    23.964      148.200 
      layer1        FA_149              20     42.462     0.000       42.462 
      layer2        FA_59_189           20     41.958     0.000       41.958 
    sn8             CSA_4_90            59    124.236    23.964      148.200 
      layer1        FA_148              20     42.462     0.000       42.462 
      layer2        FA_59_190           20     41.958     0.000       41.958 
    sn9             CSA_2_84            20     41.958     4.793       46.751 
    sn10            CSA_2_83            20     41.958     4.793       46.751 
    sn11            CSA_2_82            20     41.958     4.793       46.751 
    sn12            CSA_4_89            59    124.236    23.964      148.200 
      layer1        FA_147              20     42.462     0.000       42.462 
      layer2        FA_59_191           20     41.958     0.000       41.958 
    sn13            CSA_4_88            59    124.236    23.964      148.200 
      layer1        FA_146              20     42.462     0.000       42.462 
      layer2        FA_59_192           20     41.958     0.000       41.958 
    sn14            CSA_4_87            59    124.236    23.964      148.200 
      layer1        FA_145              20     42.462     0.000       42.462 
      layer2        FA_59_193           20     41.958     0.000       41.958 
    sn15            CSA_2_81            20     41.958     4.793       46.751 
    sn16            CSA_2_80            20     41.958     4.793       46.751 
    sn17            CSA_2_79            20     41.958     4.793       46.751 
    sn18            CSA_2_78            20     41.958     4.793       46.751 
    sn19            CSA_2_77            20     41.958     4.793       46.751 
    sn20            CSA_2_76            20     41.958     4.793       46.751 
    sn24            CSA_2_75            20     41.958     4.793       46.751 
    sn25            CSA_2_74            20     41.958     4.793       46.751 
    sn26            CSA_2_73            20     41.958     4.793       46.751 
    sn30            CSA_2_72            20     41.958     4.793       46.751 
    sn31            CSA_2_71            20     41.958     4.793       46.751 
    sn32            CSA_2_70            20     41.958     4.793       46.751 
    sp0             CSA_5               97    194.418    42.630      237.048 
      L1a           FA                  20     42.462     0.000       42.462 
      L1b           FA_7_212            20     32.004     0.000       32.004 
      L2            FA_59_185           20     41.958     0.000       41.958 
      L3            FA_9_220            19     40.320     0.000       40.320 
    sp1             CSA_5_102           97    194.418    42.630      237.048 
      L1a           FA_160              20     42.462     0.000       42.462 
      L1b           FA_7                20     32.004     0.000       32.004 
      L2            FA_59_177           20     41.958     0.000       41.958 
      L3            FA_9                19     40.320     0.000       40.320 
    sp2             CSA_5_101           97    194.418    42.630      237.048 
      L1a           FA_159              20     42.462     0.000       42.462 
      L1b           FA_7_219            20     32.004     0.000       32.004 
      L2            FA_59_178           20     41.958     0.000       41.958 
      L3            FA_9_227            19     40.320     0.000       40.320 
    sp6             CSA_5_100           97    194.418    42.630      237.048 
      L1a           FA_158              20     42.462     0.000       42.462 
      L1b           FA_7_218            20     32.004     0.000       32.004 
      L2            FA_59_179           20     41.958     0.000       41.958 
      L3            FA_9_226            19     40.320     0.000       40.320 
    sp7             CSA_5_99            97    194.418    42.630      237.048 
      L1a           FA_157              20     42.462     0.000       42.462 
      L1b           FA_7_217            20     32.004     0.000       32.004 
      L2            FA_59_180           20     41.958     0.000       41.958 
      L3            FA_9_225            19     40.320     0.000       40.320 
    sp8             CSA_5_98            97    194.418    42.630      237.048 
      L1a           FA_156              20     42.462     0.000       42.462 
      L1b           FA_7_216            20     32.004     0.000       32.004 
      L2            FA_59_181           20     41.958     0.000       41.958 
      L3            FA_9_224            19     40.320     0.000       40.320 
    sp12            CSA_5_97            97    194.418    42.630      237.048 
      L1a           FA_155              20     42.462     0.000       42.462 
      L1b           FA_7_215            20     32.004     0.000       32.004 
      L2            FA_59_182           20     41.958     0.000       41.958 
      L3            FA_9_223            19     40.320     0.000       40.320 
    sp13            CSA_5_96            97    194.418    42.630      237.048 
      L1a           FA_154              20     42.462     0.000       42.462 
      L1b           FA_7_214            20     32.004     0.000       32.004 
      L2            FA_59_183           20     41.958     0.000       41.958 
      L3            FA_9_222            19     40.320     0.000       40.320 
    sp14            CSA_5_95            97    194.418    42.630      237.048 
      L1a           FA_153              20     42.462     0.000       42.462 
      L1b           FA_7_213            20     32.004     0.000       32.004 
      L2            FA_59_184           20     41.958     0.000       41.958 
      L3            FA_9_221            19     40.320     0.000       40.320 
