============================================================
  Generated by:           Genus(TM) Synthesis Solution 21.12-s068_1
  Generated on:           Jan 23 2026  09:22:14 pm
  Module:                 System
  Operating conditions:   ssg0p81v125c 
  Interconnect mode:      global
  Area mode:              physical library
============================================================


Path 1: MET (0 ps) Setup Check with Pin conv/r_feat_reg[20][19]/CP->D
           View: analysis_view_0p81v_125c_capwst_slowest
          Group: clk
     Startpoint: (R) conv/r_idx_in_reg[3]/CP
          Clock: (R) clk
       Endpoint: (F) conv/r_feat_reg[20][19]/D
          Clock: (R) clk

                     Capture       Launch     
        Clock Edge:+    2000            0     
       Src Latency:+       0            0     
       Net Latency:+       0 (I)        0 (I) 
           Arrival:=    2000            0     
                                              
             Setup:-      23                  
     Required Time:=    1977                  
      Launch Clock:-       0                  
         Data Path:-    1977                  
             Slack:=       0                  

#-------------------------------------------------------------------------------------------------------------------------------------
#                   Timing Point                    Flags    Arc   Edge        Cell          Fanout Load Trans Delay Arrival Instance 
#                                                                                                   (fF)  (ps)  (ps)   (ps)  Location 
#-------------------------------------------------------------------------------------------------------------------------------------
  conv/r_idx_in_reg[3]/CP                           -       -      R     (arrival)               26    -     0     0       0    (-,-) 
  conv/r_idx_in_reg[3]/Q                            -       CP->Q  F     DFKCND1BWP30P140         5  5.8    35    78      78    (-,-) 
  conv/mux_mult/g206/ZN                             -       B1->ZN R     INR3D2BWP30P140          7  7.0    57    47     126    (-,-) 
  conv/mux_mult/g183/ZN                             -       A1->ZN F     ND2D1BWP30P140           2  2.5    39    32     158    (-,-) 
  conv/mux_mult/g176/ZN                             -       A2->ZN R     ND2D1BWP30P140           5  4.7    35    32     190    (-,-) 
  conv/g70825/ZN                                    -       B1->ZN F     INR2D1BWP30P140          4  4.9    34    28     218    (-,-) 
  conv/g70503/ZN                                    -       A1->ZN F     INR2D6BWP30P140         82 70.1    70    60     278    (-,-) 
  conv/g68889/Z                                     -       A1->Z  F     AO22D0BWP30P140          1  1.3    22    51     329    (-,-) 
  conv/g68165/ZN                                    -       A2->ZN R     NR2OPTIBD1BWP30P140      1  1.3    21    21     350    (-,-) 
  conv/g72988/Z                                     -       A3->Z  R     AN3D2BWP30P140           1  2.7    18    41     391    (-,-) 
  conv/g72968/ZN                                    -       A3->ZN F     ND4D4BWP30P140          22 21.2   136    87     478    (-,-) 
  conv/genblk1[2].multip/mul_153_63_g5963/CO        -       A->CO  F     HA1D1BWP30P140           1  2.1    19    44     522    (-,-) 
  conv/genblk1[2].multip/mul_153_63_g5874/CO        -       CI->CO F     FA1D1BWP30P140           1  2.1    25    42     564    (-,-) 
  conv/genblk1[2].multip/mul_153_63_g5781/CO        -       CI->CO F     FA1D1BWP30P140           1  2.1    24    45     609    (-,-) 
  conv/genblk1[2].multip/mul_153_63_g5756/CO        -       CI->CO F     FA1D1BWP30P140           1  2.1    23    44     653    (-,-) 
  conv/genblk1[2].multip/mul_153_63_g5734/CO        -       CI->CO F     FA1D1BWP30P140           1  2.1    24    44     697    (-,-) 
  conv/genblk1[2].multip/mul_153_63_g5711/CO        -       CI->CO F     FA1D1BWP30P140           1  2.1    24    44     741    (-,-) 
  conv/genblk1[2].multip/mul_153_63_g5697/CO        -       CI->CO F     FA1D1BWP30P140           1  2.1    24    44     786    (-,-) 
  conv/genblk1[2].multip/mul_153_63_g5682/CO        -       CI->CO F     FA1D1BWP30P140           1  2.1    24    44     830    (-,-) 
  conv/genblk1[2].multip/mul_153_63_g5669/CO        -       CI->CO F     FA1D1BWP30P140           1  2.1    24    44     874    (-,-) 
  conv/genblk1[2].multip/mul_153_63_g5656/CO        -       CI->CO F     FA1D1BWP30P140           1  2.1    27    44     918    (-,-) 
  conv/genblk1[2].multip/mul_153_63_g5640/CO        -       CI->CO F     FA1D1BWP30P140           1  2.1    25    46     964    (-,-) 
  conv/genblk1[2].multip/mul_153_63_g5623/CO        -       CI->CO F     FA1D1BWP30P140           1  2.1    23    45    1009    (-,-) 
  conv/genblk1[2].multip/mul_153_63_g5610/CO        -       CI->CO F     FA1D1BWP30P140           1  2.1    23    44    1053    (-,-) 
  conv/genblk1[2].multip/mul_153_63_g5598/CO        -       CI->CO F     FA1D1BWP30P140           1  2.1    23    44    1097    (-,-) 
  conv/genblk1[2].multip/mul_153_63_g5586/CO        -       CI->CO F     FA1D1BWP30P140           1  2.1    23    44    1141    (-,-) 
  conv/genblk1[2].multip/mul_153_63_g5575/CO        -       CI->CO F     FA1D1BWP30P140           1  2.1    23    44    1185    (-,-) 
  conv/genblk1[2].multip/mul_153_63_g5564/CO        -       CI->CO F     FA1D1BWP30P140           1  2.1    23    44    1229    (-,-) 
  conv/genblk1[2].multip/mul_153_63_g5555/S         -       CI->S  R     FA1D1BWP30P140           4  3.9    37    82    1310    (-,-) 
  conv/genblk1[2].multip/mul_153_63_g5547/ZN        -       A1->ZN F     AOI221D1BWP30P140        1  1.8    70    27    1337    (-,-) 
  conv/genblk1[2].multip/mul_153_63_g5541/ZN        -       A1->ZN F     XNR2UD1BWP30P140         1  2.1    49    42    1380    (-,-) 
  conv/genblk1[2].multip/mul_153_63_cdnfadd_021_4/S -       CI->S  R     FA1D1BWP30P140           1  2.6    30    86    1465    (-,-) 
  conv/genblk1[2].multip/mul_153_63_cdnfadd_021_5/S -       B->S   F     FA1D1BWP30P140           1  1.3    22    67    1532    (-,-) 
  conv/genblk1[2].multip/mul_153_63_g5476/ZN        -       I->ZN  R     CKND1BWP30P140           2  2.1    19    18    1551    (-,-) 
  conv/genblk1[2].multip/mul_153_63_g5469/ZN        -       A1->ZN F     ND2D1BWP30P140           3  2.8    34    26    1576    (-,-) 
  conv/genblk1[2].multip/mul_153_63_g5460/ZN        -       A1->ZN R     CKND2D1BWP30P140         2  2.0    30    27    1604    (-,-) 
  conv/genblk1[2].multip/mul_153_63_g5459/ZN        -       B2->ZN F     INR3D0BWP30P140          2  2.1    32    24    1627    (-,-) 
  conv/genblk1[2].multip/mul_153_63_g5451/ZN        -       B1->ZN R     AOI221D1BWP30P140        1  1.4    48    46    1673    (-,-) 
  conv/genblk1[2].multip/mul_153_63_g5449/ZN        -       B->ZN  F     OAI21D1BWP30P140         3  3.3    48    41    1714    (-,-) 
  conv/genblk1[2].multip/mul_153_63_g5448/Z         -       A1->Z  F     AN3D1BWP30P140           1  1.4    14    35    1749    (-,-) 
  conv/genblk1[2].multip/mul_153_63_g5446/Z         -       B->Z   F     AO211D1BWP30P140         1  2.1    21    45    1794    (-,-) 
  conv/genblk1[2].multip/mul_153_63_g5443/CO        -       CI->CO F     FA1D1BWP30P140           1  1.3    18    40    1833    (-,-) 
  conv/genblk1[2].multip/mul_153_63_g2/Z            -       A3->Z  F     XOR3UD1BWP30P140         1  1.3    28    32    1865    (-,-) 
  conv/g70451/ZN                                    -       I->ZN  R     INVD1BWP30P140          16 15.6    89    62    1927    (-,-) 
  conv/g71609/ZN                                    -       B2->ZN F     OAI221D1BWP30P140        1  1.3    98    50    1977    (-,-) 
  conv/r_feat_reg[20][19]/D                         <<<     -      F     DFQD2BWP30P140           1    -     -     0    1977    (-,-) 
#-------------------------------------------------------------------------------------------------------------------------------------


