============================================================
  Generated by:           Genus(TM) Synthesis Solution 21.12-s068_1
  Generated on:           Jan 23 2026  09:22:13 pm
  Module:                 System
  Library domain:         timing_cond_0p81v_125c
    Domain index:         0
    Technology library:   tcbn28hpcplusbwp30p140ssg0p81v125c 110
  Operating conditions:   ssg0p81v125c 
  Interconnect mode:      global
  Area mode:              physical library
============================================================

       Instance         Module    Cell Count  Cell Area  Net Area   Total Area 
-------------------------------------------------------------------------------
System                                 13844  16226.658  7769.976    23996.634 
  conv                Conv             13844  16226.658  7245.832    23472.490 
    genblk1[0].multip Multip             630    615.762   262.709      878.471 
    genblk1[1].multip Multip_232         640    616.140   265.335      881.475 
    genblk1[2].multip Multip_231         642    616.644   265.465      882.109 
    genblk1[3].multip Multip_230         596    627.858   245.149      873.007 
    genblk1[4].multip Multip_229         563    595.602   235.984      831.586 
    genblk1[5].multip Multip_228         564    595.854   235.990      831.844 
    inv               Inverse           1602   3041.388   719.962     3761.350 
      sp0             CSA_9              178    337.932    79.996      417.928 
        L1a           FA_143              20     42.462     0.000       42.462 
        L1b           FA_142              20     42.462     0.000       42.462 
        L1c           FA_141              20     42.462     0.000       42.462 
        L2a           FA_115_187          20     41.958     0.000       41.958 
        L2b           FA_114_161          19     40.320     0.000       40.320 
        L3            FA_115_188          20     41.958     0.000       41.958 
        L4            FA_116_204          19     39.816     0.000       39.816 
      sp1             CSA_9_1            178    337.932    79.996      417.928 
        L1a           FA_140              20     42.462     0.000       42.462 
        L1b           FA_139              20     42.462     0.000       42.462 
        L1c           FA_138              20     42.462     0.000       42.462 
        L2a           FA_115_189          20     41.958     0.000       41.958 
        L2b           FA_114_162          19     40.320     0.000       40.320 
        L3            FA_115_190          20     41.958     0.000       41.958 
        L4            FA_116_205          19     39.816     0.000       39.816 
      sp2             CSA_9_2            178    337.932    79.996      417.928 
        L1a           FA_137              20     42.462     0.000       42.462 
        L1b           FA_136              20     42.462     0.000       42.462 
        L1c           FA_135              20     42.462     0.000       42.462 
        L2a           FA_115_191          20     41.958     0.000       41.958 
        L2b           FA_114_163          19     40.320     0.000       40.320 
        L3            FA_115_192          20     41.958     0.000       41.958 
        L4            FA_116_206          19     39.816     0.000       39.816 
      sp3             CSA_9_3            178    337.932    79.996      417.928 
        L1a           FA_134              20     42.462     0.000       42.462 
        L1b           FA_133              20     42.462     0.000       42.462 
        L1c           FA_132              20     42.462     0.000       42.462 
        L2a           FA_115_193          20     41.958     0.000       41.958 
        L2b           FA_114_164          19     40.320     0.000       40.320 
        L3            FA_115_194          20     41.958     0.000       41.958 
        L4            FA_116_207          19     39.816     0.000       39.816 
      sp4             CSA_9_4            178    337.932    79.996      417.928 
        L1a           FA_131              20     42.462     0.000       42.462 
        L1b           FA_130              20     42.462     0.000       42.462 
        L1c           FA_129              20     42.462     0.000       42.462 
        L2a           FA_115_195          20     41.958     0.000       41.958 
        L2b           FA_114_165          19     40.320     0.000       40.320 
        L3            FA_115_196          20     41.958     0.000       41.958 
        L4            FA_116_208          19     39.816     0.000       39.816 
      sp5             CSA_9_5            178    337.932    79.996      417.928 
        L1a           FA_128              20     42.462     0.000       42.462 
        L1b           FA_127              20     42.462     0.000       42.462 
        L1c           FA_126              20     42.462     0.000       42.462 
        L2a           FA_115_197          20     41.958     0.000       41.958 
        L2b           FA_114_166          19     40.320     0.000       40.320 
        L3            FA_115_198          20     41.958     0.000       41.958 
        L4            FA_116_209          19     39.816     0.000       39.816 
      sp6             CSA_9_6            178    337.932    79.996      417.928 
        L1a           FA_125              20     42.462     0.000       42.462 
        L1b           FA_124              20     42.462     0.000       42.462 
        L1c           FA_123              20     42.462     0.000       42.462 
        L2a           FA_115_199          20     41.958     0.000       41.958 
        L2b           FA_114_167          19     40.320     0.000       40.320 
        L3            FA_115_200          20     41.958     0.000       41.958 
        L4            FA_116_210          19     39.816     0.000       39.816 
      sp7             CSA_9_7            178    337.932    79.996      417.928 
        L1a           FA_122              20     42.462     0.000       42.462 
        L1b           FA_121              20     42.462     0.000       42.462 
        L1c           FA_120              20     42.462     0.000       42.462 
        L2a           FA_115_201          20     41.958     0.000       41.958 
        L2b           FA_114_168          19     40.320     0.000       40.320 
        L3            FA_115_202          20     41.958     0.000       41.958 
        L4            FA_116_211          19     39.816     0.000       39.816 
      sp8             CSA_9_8            178    337.932    79.996      417.928 
        L1a           FA_119              20     42.462     0.000       42.462 
        L1b           FA_118              20     42.462     0.000       42.462 
        L1c           FA_117              20     42.462     0.000       42.462 
        L2a           FA_115_203          20     41.958     0.000       41.958 
        L2b           FA_114              19     40.320     0.000       40.320 
        L3            FA_115              20     41.958     0.000       41.958 
        L4            FA_116              19     39.816     0.000       39.816 
    mux_mult          MuxMult             21     14.112     4.127       18.239 
    trf               Transform         2843   4864.608  1135.872     6000.480 
      sn0             CSA_4               59    124.236    23.964      148.200 
        layer1        FA_144              20     42.462     0.000       42.462 
        layer2        FA_115_186          20     41.958     0.000       41.958 
      sn1             CSA_4_94            59    124.236    23.964      148.200 
        layer1        FA_152              20     42.462     0.000       42.462 
        layer2        FA_115_178          20     41.958     0.000       41.958 
      sn2             CSA_4_93            59    124.236    23.964      148.200 
        layer1        FA_151              20     42.462     0.000       42.462 
        layer2        FA_115_179          20     41.958     0.000       41.958 
      sn3             CSA_2               20     41.958     4.793       46.751 
      sn4             CSA_2_86            20     41.958     4.793       46.751 
      sn5             CSA_2_85            20     41.958     4.793       46.751 
      sn6             CSA_4_92            59    124.236    23.964      148.200 
        layer1        FA_150              20     42.462     0.000       42.462 
        layer2        FA_115_180          20     41.958     0.000       41.958 
      sn7             CSA_4_91            59    124.236    23.964      148.200 
        layer1        FA_149              20     42.462     0.000       42.462 
        layer2        FA_115_181          20     41.958     0.000       41.958 
      sn8             CSA_4_90            59    124.236    23.964      148.200 
        layer1        FA_148              20     42.462     0.000       42.462 
        layer2        FA_115_182          20     41.958     0.000       41.958 
      sn9             CSA_2_84            20     41.958     4.793       46.751 
      sn10            CSA_2_83            20     41.958     4.793       46.751 
      sn11            CSA_2_82            20     41.958     4.793       46.751 
      sn12            CSA_4_89            59    124.236    23.964      148.200 
        layer1        FA_147              20     42.462     0.000       42.462 
        layer2        FA_115_183          20     41.958     0.000       41.958 
      sn13            CSA_4_88            59    124.236    23.964      148.200 
        layer1        FA_146              20     42.462     0.000       42.462 
        layer2        FA_115_184          20     41.958     0.000       41.958 
      sn14            CSA_4_87            59    124.236    23.964      148.200 
        layer1        FA_145              20     42.462     0.000       42.462 
        layer2        FA_115_185          20     41.958     0.000       41.958 
      sn15            CSA_2_81            20     41.958     4.793       46.751 
      sn16            CSA_2_80            20     41.958     4.793       46.751 
      sn17            CSA_2_79            20     41.958     4.793       46.751 
      sn18            CSA_2_78            20     41.958     4.793       46.751 
      sn19            CSA_2_77            20     41.958     4.793       46.751 
      sn20            CSA_2_76            20     41.958     4.793       46.751 
      sn24            CSA_2_75            20     41.958     4.793       46.751 
      sn25            CSA_2_74            20     41.958     4.793       46.751 
      sn26            CSA_2_73            20     41.958     4.793       46.751 
      sn30            CSA_2_72            20     41.958     4.793       46.751 
      sn31            CSA_2_71            20     41.958     4.793       46.751 
      sn32            CSA_2_70            20     41.958     4.793       46.751 
      sp0             CSA_5               97    194.418    42.630      237.048 
        L1a           FA                  20     42.462     0.000       42.462 
        L1b           FA_7_212            20     32.004     0.000       32.004 
        L2            FA_115_177          20     41.958     0.000       41.958 
        L3            FA_9_220            19     40.320     0.000       40.320 
      sp1             CSA_5_102           97    194.418    42.630      237.048 
        L1a           FA_160              20     42.462     0.000       42.462 
        L1b           FA_7                20     32.004     0.000       32.004 
        L2            FA_115_169          20     41.958     0.000       41.958 
        L3            FA_9                19     40.320     0.000       40.320 
      sp2             CSA_5_101           97    194.418    42.630      237.048 
        L1a           FA_159              20     42.462     0.000       42.462 
        L1b           FA_7_219            20     32.004     0.000       32.004 
        L2            FA_115_170          20     41.958     0.000       41.958 
        L3            FA_9_227            19     40.320     0.000       40.320 
      sp6             CSA_5_100           97    194.418    42.630      237.048 
        L1a           FA_158              20     42.462     0.000       42.462 
        L1b           FA_7_218            20     32.004     0.000       32.004 
        L2            FA_115_171          20     41.958     0.000       41.958 
        L3            FA_9_226            19     40.320     0.000       40.320 
      sp7             CSA_5_99            97    194.418    42.630      237.048 
        L1a           FA_157              20     42.462     0.000       42.462 
        L1b           FA_7_217            20     32.004     0.000       32.004 
        L2            FA_115_172          20     41.958     0.000       41.958 
        L3            FA_9_225            19     40.320     0.000       40.320 
      sp8             CSA_5_98            97    194.418    42.630      237.048 
        L1a           FA_156              20     42.462     0.000       42.462 
        L1b           FA_7_216            20     32.004     0.000       32.004 
        L2            FA_115_173          20     41.958     0.000       41.958 
        L3            FA_9_224            19     40.320     0.000       40.320 
      sp12            CSA_5_97            97    194.418    42.630      237.048 
        L1a           FA_155              20     42.462     0.000       42.462 
        L1b           FA_7_215            20     32.004     0.000       32.004 
        L2            FA_115_174          20     41.958     0.000       41.958 
        L3            FA_9_223            19     40.320     0.000       40.320 
      sp13            CSA_5_96            97    194.418    42.630      237.048 
        L1a           FA_154              20     42.462     0.000       42.462 
        L1b           FA_7_214            20     32.004     0.000       32.004 
        L2            FA_115_175          20     41.958     0.000       41.958 
        L3            FA_9_222            19     40.320     0.000       40.320 
      sp14            CSA_5_95            97    194.418    42.630      237.048 
        L1a           FA_153              20     42.462     0.000       42.462 
        L1b           FA_7_213            20     32.004     0.000       32.004 
        L2            FA_115_176          20     41.958     0.000       41.958 
        L3            FA_9_221            19     40.320     0.000       40.320 
