============================================================
  Generated by:           Genus(TM) Synthesis Solution 21.12-s068_1
  Generated on:           Jan 23 2026  09:22:22 pm
  Module:                 System
  Operating conditions:   ssg0p81v125c 
  Operating conditions:   tt0p9v25c 
  Interconnect mode:      global
  Area mode:              physical library
============================================================


Path 1: MET (387 ps) Setup Check with Pin conv/r_feat_reg[33][13]/CP->D
           View: analysis_view_0p90v_25c_captyp_nominal
          Group: clk
     Startpoint: (R) conv/r_idx_in_reg[3]/CP
          Clock: (R) clk
       Endpoint: (F) conv/r_feat_reg[33][13]/D
          Clock: (R) clk

                     Capture       Launch     
        Clock Edge:+    2000            0     
       Src Latency:+       0            0     
       Net Latency:+       0 (I)        0 (I) 
           Arrival:=    2000            0     
                                              
             Setup:-      15                  
     Required Time:=    1985                  
      Launch Clock:-       0                  
         Data Path:-    1598                  
             Slack:=     387                  

#--------------------------------------------------------------------------------------------------------------------------------------------
#                      Timing Point                        Flags    Arc   Edge        Cell          Fanout Load Trans Delay Arrival Instance 
#                                                                                                          (fF)  (ps)  (ps)   (ps)  Location 
#--------------------------------------------------------------------------------------------------------------------------------------------
  conv/r_idx_in_reg[3]/CP                                  -       -      R     (arrival)               26    -     0     0       0    (-,-) 
  conv/r_idx_in_reg[3]/Q                                   -       CP->Q  F     DFKCND1BWP30P140         5  6.7    30    61      61    (-,-) 
  conv/mux_mult/g206/ZN                                    -       B1->ZN R     INR3D2BWP30P140          7  8.1    46    39     100    (-,-) 
  conv/mux_mult/g188/ZN                                    -       A1->ZN F     ND2OPTIBD1BWP30P140      2  4.3    39    32     131    (-,-) 
  conv/mux_mult/g179/ZN                                    -       A1->ZN R     ND2D2BWP30P140           8  9.0    26    25     156    (-,-) 
  conv/g70803/ZN                                           -       A1->ZN F     ND2D2BWP30P140           4 15.3    65    45     201    (-,-) 
  conv/g70745/ZN                                           -       A1->ZN R     NR2OPTD6BWP30P140       81 87.0   109    83     284    (-,-) 
  conv/g70213/ZN                                           -       B1->ZN F     AOI22D1BWP30P140         1  1.5    43    32     316    (-,-) 
  conv/g68361/ZN                                           -       A4->ZN R     ND4D1BWP30P140           1  1.4    20    21     337    (-,-) 
  conv/g68129/Z                                            -       A1->Z  R     OR2D0BWP30P140          29 33.0   252   153     490    (-,-) 
  conv/genblk1[0].multip/mul_153_63_g6004/ZN               -       I->ZN  F     CKND1BWP30P140           2  2.6    58    28     518    (-,-) 
  conv/genblk1[0].multip/mul_153_63_g5997__6260/ZN         -       A1->ZN R     NR2OPTIBD1BWP30P140      2  2.5    32    31     549    (-,-) 
  conv/genblk1[0].multip/mul_153_63_g5973__2802/ZN         -       A2->ZN F     NR2OPTIBD1BWP30P140      2  2.5    27    18     567    (-,-) 
  conv/genblk1[0].multip/mul_153_63_g5972/ZN               -       I->ZN  R     CKND1BWP30P140           1  1.4    14    14     582    (-,-) 
  conv/genblk1[0].multip/mul_153_63_g5949__7482/Z          -       A1->Z  R     CKAN2D1BWP30P140        22 22.9    95    67     648    (-,-) 
  conv/genblk1[0].multip/mul_153_63_g5901__2398/ZN         -       A2->ZN F     OAI21D1BWP30P140         1  2.0    41    33     681    (-,-) 
  conv/genblk1[0].multip/mul_153_63_g5803__6131/ZN         -       A1->ZN F     XNR2UD1BWP30P140         1  2.6    77    30     711    (-,-) 
  conv/genblk1[0].multip/mul_153_63_g5749__2883/CO         -       B->CO  F     HA1D1BWP30P140           2  3.0    21    34     744    (-,-) 
  conv/genblk1[0].multip/mul_153_63_g5746__6161/ZN         -       A1->ZN F     INR2D1BWP30P140          1  2.6    29    24     768    (-,-) 
  conv/genblk1[0].multip/mul_153_63_g5708__2802/CO         -       B->CO  F     HA1D1BWP30P140           1  2.8    16    24     792    (-,-) 
  conv/genblk1[0].multip/mul_153_63_cdnfadd_006_0__2398/CO -       B->CO  F     FA1D1BWP30P140           1  2.2    18    37     829    (-,-) 
  conv/genblk1[0].multip/mul_153_63_cdnfadd_007_0__5107/S  -       CI->S  F     FA1D1BWP30P140           2  2.6    21    49     878    (-,-) 
  conv/genblk1[0].multip/mul_153_63_g5634__9945/Z          -       A1->Z  F     OR2D1BWP30P140           2  2.6    15    23     901    (-,-) 
  conv/genblk1[0].multip/mul_153_63_g5633__9315/ZN         -       B->ZN  R     OAI21D1BWP30P140         2  2.8    31    17     918    (-,-) 
  conv/genblk1[0].multip/mul_153_63_g5624__5122/Z          -       B->Z   R     AO211D1BWP30P140         1  1.5    12    24     942    (-,-) 
  conv/genblk1[0].multip/mul_153_63_g5617__8428/ZN         -       A1->ZN F     OAI221D1BWP30P140        1  2.2    46    29     972    (-,-) 
  conv/genblk1[0].multip/mul_153_63_g5585__2398/CO         -       CI->CO F     FA1D1BWP30P140           1  2.2    16    42    1014    (-,-) 
  conv/genblk1[0].multip/mul_153_63_g5558__5107/CO         -       CI->CO F     FA1D1BWP30P140           1  2.2    16    32    1046    (-,-) 
  conv/genblk1[0].multip/mul_153_63_g5538__2802/CO         -       CI->CO F     FA1D1BWP30P140           1  2.2    16    32    1078    (-,-) 
  conv/genblk1[0].multip/mul_153_63_g5520__9315/CO         -       CI->CO F     FA1D1BWP30P140           1  2.2    16    32    1110    (-,-) 
  conv/genblk1[0].multip/mul_153_63_g5512__5115/CO         -       CI->CO F     FA1D1BWP30P140           1  2.2    16    32    1142    (-,-) 
  conv/genblk1[0].multip/mul_153_63_g5508__7098/CO         -       CI->CO F     FA1D1BWP30P140           1  2.2    16    32    1175    (-,-) 
  conv/genblk1[0].multip/mul_153_63_g5505__1705/CO         -       CI->CO F     FA1D1BWP30P140           1  2.2    16    32    1207    (-,-) 
  conv/genblk1[0].multip/mul_153_63_g5501__2802/CO         -       CI->CO F     FA1D1BWP30P140           2  2.5    17    33    1239    (-,-) 
  conv/genblk1[0].multip/mul_153_63_g5494__6260/ZN         -       A1->ZN R     CKND2D1BWP30P140         2  2.6    25    20    1259    (-,-) 
  conv/genblk1[0].multip/mul_153_63_g5488__1666/ZN         -       A1->ZN R     IND2D1BWP30P140          2  2.6    18    22    1281    (-,-) 
  conv/genblk1[0].multip/mul_153_63_g5484__9315/Z          -       A1->Z  R     OR3D1BWP30P140           2  2.6    15    26    1308    (-,-) 
  conv/genblk1[0].multip/mul_153_63_g5479__5115/ZN         -       A1->ZN R     INR2D1BWP30P140          2  2.6    26    26    1334    (-,-) 
  conv/genblk1[0].multip/mul_153_63_g5478/ZN               -       I->ZN  F     CKND1BWP30P140           2  2.7    18    17    1351    (-,-) 
  conv/genblk1[0].multip/mul_153_63_g5473__7098/ZN         -       A1->ZN R     AOI21D1BWP30P140         1  1.7    24    19    1370    (-,-) 
  conv/genblk1[0].multip/mul_153_63_g5459__2398/ZN         -       A2->ZN F     XNR2D1BWP30P140         29 30.9   122    96    1466    (-,-) 
  conv/g72865/ZN                                           -       I->ZN  R     CKND1BWP30P140           6  6.8    58    57    1523    (-,-) 
  conv/g72112/ZN                                           -       A1->ZN F     NR2OPTIBD1BWP30P140      2  2.6    30    22    1545    (-,-) 
  conv/g71827/ZN                                           -       B->ZN  R     AOI21D1BWP30P140         1  1.6    82    25    1569    (-,-) 
  conv/g71684/ZN                                           -       B->ZN  F     OAI21D1BWP30P140         1  1.5    61    29    1598    (-,-) 
  conv/r_feat_reg[33][13]/D                                <<<     -      F     DFQD2BWP30P140           1    -     -     0    1598    (-,-) 
#--------------------------------------------------------------------------------------------------------------------------------------------


