============================================================
  Generated by:           Genus(TM) Synthesis Solution 21.12-s068_1
  Generated on:           Jan 28 2026  12:46:08 am
  Module:                 System
  Operating conditions:   ssg0p81v125c 
  Interconnect mode:      global
  Area mode:              physical library
============================================================


Path 1: MET (1 ps) Late External Delay Assertion at pin p_output_data_write[1][19]
           View: analysis_view_0p81v_125c_capwst_slowest
          Group: clk
     Startpoint: (R) control/r_addr_count_write_out_reg[0]/CP
          Clock: (R) clk
       Endpoint: (F) p_output_data_write[1][19]
          Clock: (R) clk

                     Capture       Launch     
        Clock Edge:+    2000            0     
       Src Latency:+       0            0     
       Net Latency:+       0 (I)        0 (I) 
           Arrival:=    2000            0     
                                              
      Output Delay:-    1000                  
     Required Time:=    1000                  
      Launch Clock:-       0                  
         Data Path:-     999                  
             Slack:=       1                  

Exceptions/Constraints:
  output_delay             1000            constraints.sdc_line_25_258_1 

#------------------------------------------------------------------------------------------------------------------------------
#              Timing Point                Flags    Arc   Edge         Cell          Fanout  Load Trans Delay Arrival Instance 
#                                                                                            (fF)  (ps)  (ps)   (ps)  Location 
#------------------------------------------------------------------------------------------------------------------------------
  control/r_addr_count_write_out_reg[0]/CP -       -      R     (arrival)                 4     -     0     0       0    (-,-) 
  control/r_addr_count_write_out_reg[0]/QN -       CP->QN R     DFD4BWP30P140             4  10.8    19    76      76    (-,-) 
  control/g122563/ZN                       -       A1->ZN F     NR2OPTIBD12BWP30P140    124 105.5    58    38     114    (-,-) 
  control/g121736/ZN                       -       A1->ZN R     ND2D1BWP30P140            1   1.2    22    22     136    (-,-) 
  control/g121661/ZN                       -       B->ZN  F     IOA21D0BWP30P140          1   1.4    33    25     161    (-,-) 
  control/g124070/ZN                       -       C->ZN  R     AOI221D1BWP30P140         3   3.1    70    59     220    (-,-) 
  control/g120708__5115/Z                  -       A1->Z  R     OA22D1BWP30P140           1   1.9    19    41     261    (-,-) 
  control/g124066/ZN                       -       C->ZN  F     OAI221D2BWP30P140         1   2.7    55    42     303    (-,-) 
  control/add_1044_62_I2_g480/CO           -       A->CO  F     FA1D1BWP30P140            1   2.5    24    63     366    (-,-) 
  control/add_1044_62_I2_g479/CO           -       CI->CO F     FA1OPTCD1BWP30P140        1   2.5    24    33     399    (-,-) 
  control/add_1044_62_I2_g478/CO           -       CI->CO F     FA1OPTCD1BWP30P140        1   2.5    24    33     432    (-,-) 
  control/add_1044_62_I2_g477/CO           -       CI->CO F     FA1OPTCD1BWP30P140        1   2.5    24    33     466    (-,-) 
  control/add_1044_62_I2_g476/CO           -       CI->CO F     FA1OPTCD1BWP30P140        1   2.5    23    33     499    (-,-) 
  control/add_1044_62_I2_g475/CO           -       CI->CO F     FA1OPTCD1BWP30P140        1   2.5    23    33     532    (-,-) 
  control/add_1044_62_I2_g474/CO           -       CI->CO F     FA1OPTCD1BWP30P140        1   2.5    23    33     564    (-,-) 
  control/add_1044_62_I2_g473/CO           -       CI->CO F     FA1OPTCD1BWP30P140        1   2.5    23    33     597    (-,-) 
  control/add_1044_62_I2_g472/CO           -       CI->CO F     FA1OPTCD1BWP30P140        1   2.5    23    33     630    (-,-) 
  control/add_1044_62_I2_g471/CO           -       CI->CO F     FA1OPTCD1BWP30P140        1   2.5    23    33     663    (-,-) 
  control/add_1044_62_I2_g470/CO           -       CI->CO F     FA1OPTCD1BWP30P140        1   2.5    23    33     696    (-,-) 
  control/add_1044_62_I2_g469/CO           -       CI->CO F     FA1OPTCD2BWP30P140        1   2.5    17    27     723    (-,-) 
  control/add_1044_62_I2_g468/CO           -       CI->CO F     FA1OPTCD2BWP30P140        1   2.5    17    25     748    (-,-) 
  control/add_1044_62_I2_g467/CO           -       CI->CO F     FA1OPTCD1BWP30P140        1   2.5    23    31     779    (-,-) 
  control/add_1044_62_I2_g466/CO           -       CI->CO F     FA1OPTCD2BWP30P140        1   2.1    16    26     805    (-,-) 
  control/add_1044_62_I2_g465/CO           -       CI->CO F     FA1D1BWP30P140            1   2.1    21    41     846    (-,-) 
  control/add_1044_62_I2_g464/CO           -       CI->CO F     FA1D1BWP30P140            1   2.1    21    43     890    (-,-) 
  control/add_1044_62_I2_g463/CO           -       CI->CO F     FA1D1BWP30P140            1   1.3    18    40     930    (-,-) 
  control/add_1044_62_I2_g462/Z            -       A3->Z  F     XOR3UD1BWP30P140          1   1.2    27    31     960    (-,-) 
  control/g122788/Z                        -       A1->Z  F     CKAN2D1BWP30P140          1   4.8    31    38     999    (-,-) 
  p_output_data_write[1][19]               <<<     -      F     (port)                    -     -     -     0     999    (-,-) 
#------------------------------------------------------------------------------------------------------------------------------


