============================================================
  Generated by:           Genus(TM) Synthesis Solution 21.12-s068_1
  Generated on:           Jan 28 2026  12:46:28 am
  Module:                 System
  Operating conditions:   ssg0p81v125c 
  Operating conditions:   tt0p9v25c 
  Operating conditions:   ffg0p99vm40c 
  Interconnect mode:      global
  Area mode:              physical library
============================================================


Path 1: MET (383 ps) Late External Delay Assertion at pin p_output_data_write[1][19]
           View: analysis_view_0p99v_m40c_capbst_fastest
          Group: clk
     Startpoint: (R) control/r_addr_count_write_out_reg[0]/CP
          Clock: (R) clk
       Endpoint: (F) p_output_data_write[1][19]
          Clock: (R) clk

                     Capture       Launch     
        Clock Edge:+    2000            0     
       Src Latency:+       0            0     
       Net Latency:+       0 (I)        0 (I) 
           Arrival:=    2000            0     
                                              
      Output Delay:-    1000                  
     Required Time:=    1000                  
      Launch Clock:-       0                  
         Data Path:-     617                  
             Slack:=     383                  

Exceptions/Constraints:
  output_delay             1000            tmp_sdc_analysis_vie_1_line_563 

#-----------------------------------------------------------------------------------------------------------------------------
#              Timing Point                Flags    Arc   Edge        Cell          Fanout  Load Trans Delay Arrival Instance 
#                                                                                           (fF)  (ps)  (ps)   (ps)  Location 
#-----------------------------------------------------------------------------------------------------------------------------
  control/r_addr_count_write_out_reg[0]/CP -       -      R     (arrival)                4     -     0     0       0    (-,-) 
  control/r_addr_count_write_out_reg[0]/Q  -       CP->Q  R     DFD4BWP30P140           17  30.6    26    42      42    (-,-) 
  control/g124021/ZN                       -       A2->ZN F     NR2OPTIBD6BWP30P140     26  31.2    24    20      62    (-,-) 
  control/g122354/ZN                       -       I->ZN  R     CKND2BWP30P140          17  20.9    38    30      92    (-,-) 
  control/g122353/ZN                       -       I->ZN  F     CKND4BWP30P140         109 115.9    92    64     156    (-,-) 
  control/g120727__3680/ZN                 -       B1->ZN F     MOAI22D1BWP30P140        1   1.8    21    30     186    (-,-) 
  control/g120415__5122/ZN                 -       C->ZN  R     AOI221D1BWP30P140        2   2.9    36    31     217    (-,-) 
  control/g119803__6260/ZN                 -       I1->ZN F     MUX2NUD1BWP30P140        2   2.8    29    20     237    (-,-) 
  control/g119757/ZN                       -       I->ZN  R     CKND1BWP30P140           1   1.7    14    13     250    (-,-) 
  control/g119667__1705/ZN                 -       A1->ZN F     OAI21D1BWP30P140         1   3.5    34    19     270    (-,-) 
  control/add_1044_62_I2_g477/CO           -       B->CO  F     FA1OPTCD1BWP30P140       1   3.0    15    33     303    (-,-) 
  control/add_1044_62_I2_g476/CO           -       CI->CO F     FA1OPTCD1BWP30P140       1   3.0    14    20     323    (-,-) 
  control/add_1044_62_I2_g475/CO           -       CI->CO F     FA1OPTCD1BWP30P140       1   3.0    14    20     342    (-,-) 
  control/add_1044_62_I2_g474/CO           -       CI->CO F     FA1OPTCD1BWP30P140       1   3.0    14    20     362    (-,-) 
  control/add_1044_62_I2_g473/CO           -       CI->CO F     FA1OPTCD1BWP30P140       1   3.0    14    20     381    (-,-) 
  control/add_1044_62_I2_g472/CO           -       CI->CO F     FA1OPTCD1BWP30P140       1   3.0    14    20     401    (-,-) 
  control/add_1044_62_I2_g471/CO           -       CI->CO F     FA1OPTCD1BWP30P140       1   3.0    14    20     420    (-,-) 
  control/add_1044_62_I2_g470/CO           -       CI->CO F     FA1OPTCD1BWP30P140       1   3.0    14    20     440    (-,-) 
  control/add_1044_62_I2_g469/CO           -       CI->CO F     FA1OPTCD2BWP30P140       1   3.0    10    16     456    (-,-) 
  control/add_1044_62_I2_g468/CO           -       CI->CO F     FA1OPTCD2BWP30P140       1   3.0    10    15     470    (-,-) 
  control/add_1044_62_I2_g467/CO           -       CI->CO F     FA1OPTCD1BWP30P140       1   3.0    14    18     489    (-,-) 
  control/add_1044_62_I2_g466/CO           -       CI->CO F     FA1OPTCD2BWP30P140       1   2.4     9    15     504    (-,-) 
  control/add_1044_62_I2_g465/CO           -       CI->CO F     FA1D1BWP30P140           1   2.4    12    23     527    (-,-) 
  control/add_1044_62_I2_g464/CO           -       CI->CO F     FA1D1BWP30P140           1   2.4    12    24     551    (-,-) 
  control/add_1044_62_I2_g463/CO           -       CI->CO F     FA1D1BWP30P140           1   1.8    11    23     574    (-,-) 
  control/add_1044_62_I2_g462/Z            -       A3->Z  F     XOR3UD1BWP30P140         1   1.6    17    19     593    (-,-) 
  control/g122788/Z                        -       A1->Z  F     CKAN2D1BWP30P140         1   5.2    20    23     616    (-,-) 
  p_output_data_write[1][19]               <<<     -      F     (port)                   -     -     -     0     617    (-,-) 
#-----------------------------------------------------------------------------------------------------------------------------


