============================================================
  Generated by:           Genus(TM) Synthesis Solution 21.12-s068_1
  Generated on:           Oct 10 2026  12:08:14 pm
  Module:                 Conv
  Library domain:         timing_cond_0p81v_125c
    Domain index:         0
    Technology library:   tcbn28hpcplusbwp30p140ssg0p81v125c 110
  Operating conditions:   ssg0p81v125c 
  Interconnect mode:      global
  Area mode:              physical library
============================================================

                                                                                 Library 
        Gate          Instances    Area                   Library                 Domain 
-----------------------------------------------------------------------------------------
AN2D0BWP30P140                2      1.008    tcbn28hpcplusbwp30p140ssg0p81v125c       0 
AN2D1BWP30P140               18      9.072    tcbn28hpcplusbwp30p140ssg0p81v125c       0 
AN3D0BWP30P140                1      0.630    tcbn28hpcplusbwp30p140ssg0p81v125c       0 
AN3D1BWP30P140               14      8.820    tcbn28hpcplusbwp30p140ssg0p81v125c       0 
AN3D4BWP30P140                3      4.158    tcbn28hpcplusbwp30p140ssg0p81v125c       0 
AN4D1BWP30P140               62     46.872    tcbn28hpcplusbwp30p140ssg0p81v125c       0 
AO211D1BWP30P140              1      0.756    tcbn28hpcplusbwp30p140ssg0p81v125c       0 
AO21D1BWP30P140              31     19.530    tcbn28hpcplusbwp30p140ssg0p81v125c       0 
AO21D4BWP30P140               1      1.386    tcbn28hpcplusbwp30p140ssg0p81v125c       0 
AO22D0BWP30P140            1391   1051.596    tcbn28hpcplusbwp30p140ssg0p81v125c       0 
AOI211D1BWP30P140            14      8.820    tcbn28hpcplusbwp30p140ssg0p81v125c       0 
AOI21D1BWP30P140             42     21.168    tcbn28hpcplusbwp30p140ssg0p81v125c       0 
AOI221D1BWP30P140          1488   1124.928    tcbn28hpcplusbwp30p140ssg0p81v125c       0 
AOI222D1BWP30P140           582    586.656    tcbn28hpcplusbwp30p140ssg0p81v125c       0 
AOI22D1BWP30P140           2642   1664.460    tcbn28hpcplusbwp30p140ssg0p81v125c       0 
AOI31D1BWP30P140              2      1.260    tcbn28hpcplusbwp30p140ssg0p81v125c       0 
AOI32D1BWP30P140              1      0.756    tcbn28hpcplusbwp30p140ssg0p81v125c       0 
BUFFD1P5BWP30P140             1      0.504    tcbn28hpcplusbwp30p140ssg0p81v125c       0 
BUFFD3BWP30P140               1      0.630    tcbn28hpcplusbwp30p140ssg0p81v125c       0 
BUFFD8BWP30P140               1      1.512    tcbn28hpcplusbwp30p140ssg0p81v125c       0 
CKAN2D1BWP30P140            530    267.120    tcbn28hpcplusbwp30p140ssg0p81v125c       0 
CKAN2D8BWP30P140              4      5.544    tcbn28hpcplusbwp30p140ssg0p81v125c       0 
CKBD1BWP30P140                3      1.134    tcbn28hpcplusbwp30p140ssg0p81v125c       0 
CKBD4BWP30P140                1      0.882    tcbn28hpcplusbwp30p140ssg0p81v125c       0 
CKLNQD1BWP30P140             63    119.070    tcbn28hpcplusbwp30p140ssg0p81v125c       0 
CKMUX2D0BWP30P140           416    366.912    tcbn28hpcplusbwp30p140ssg0p81v125c       0 
CKND1BWP30P140             1559    392.868    tcbn28hpcplusbwp30p140ssg0p81v125c       0 
CKND2BWP30P140                5      1.890    tcbn28hpcplusbwp30p140ssg0p81v125c       0 
CKND2D1BWP30P140            635    240.030    tcbn28hpcplusbwp30p140ssg0p81v125c       0 
DFCND1BWP30P140              24     60.480    tcbn28hpcplusbwp30p140ssg0p81v125c       0 
DFCND2BWP30P140               2      5.796    tcbn28hpcplusbwp30p140ssg0p81v125c       0 
DFCNQD1BWP30P140           3335   7563.780    tcbn28hpcplusbwp30p140ssg0p81v125c       0 
DFCNQD4BWP30P140              1      2.898    tcbn28hpcplusbwp30p140ssg0p81v125c       0 
DFSNQD2BWP30P140              1      2.268    tcbn28hpcplusbwp30p140ssg0p81v125c       0 
EDFCND1BWP30P140              5     15.120    tcbn28hpcplusbwp30p140ssg0p81v125c       0 
EDFCNQD1BWP30P140             9     26.082    tcbn28hpcplusbwp30p140ssg0p81v125c       0 
FA1D1BWP30P140             6516  13957.272    tcbn28hpcplusbwp30p140ssg0p81v125c       0 
FA1D2BWP30P140                4      9.576    tcbn28hpcplusbwp30p140ssg0p81v125c       0 
FA1OPTCD1BWP30P140            8     20.160    tcbn28hpcplusbwp30p140ssg0p81v125c       0 
HA1D1BWP30P140              466    763.308    tcbn28hpcplusbwp30p140ssg0p81v125c       0 
IAO21D1BWP30P140              4      2.520    tcbn28hpcplusbwp30p140ssg0p81v125c       0 
IND2D1BWP30P140              58     29.232    tcbn28hpcplusbwp30p140ssg0p81v125c       0 
IND2D2BWP30P140               3      2.268    tcbn28hpcplusbwp30p140ssg0p81v125c       0 
IND3D1BWP30P140              18     11.340    tcbn28hpcplusbwp30p140ssg0p81v125c       0 
IND4D1BWP30P140               4      3.024    tcbn28hpcplusbwp30p140ssg0p81v125c       0 
INR2D1BWP30P140             342    172.368    tcbn28hpcplusbwp30p140ssg0p81v125c       0 
INR2D2BWP30P140               1      0.756    tcbn28hpcplusbwp30p140ssg0p81v125c       0 
INR2D4BWP30P140               1      1.386    tcbn28hpcplusbwp30p140ssg0p81v125c       0 
INR2D6BWP30P140               2      3.780    tcbn28hpcplusbwp30p140ssg0p81v125c       0 
INR3D0BWP30P140               5      3.150    tcbn28hpcplusbwp30p140ssg0p81v125c       0 
INR4D0BWP30P140               5      3.780    tcbn28hpcplusbwp30p140ssg0p81v125c       0 
INVD0P7BWP30P140              1      0.252    tcbn28hpcplusbwp30p140ssg0p81v125c       0 
INVD12BWP30P140               1      1.638    tcbn28hpcplusbwp30p140ssg0p81v125c       0 
INVD1BWP30P140               10      2.520    tcbn28hpcplusbwp30p140ssg0p81v125c       0 
INVD3BWP30P140                2      1.008    tcbn28hpcplusbwp30p140ssg0p81v125c       0 
INVD6BWP30P140                2      1.764    tcbn28hpcplusbwp30p140ssg0p81v125c       0 
INVD8BWP30P140                2      2.268    tcbn28hpcplusbwp30p140ssg0p81v125c       0 
INVD9BWP30P140                1      1.260    tcbn28hpcplusbwp30p140ssg0p81v125c       0 
IOA21D0BWP30P140              1      0.630    tcbn28hpcplusbwp30p140ssg0p81v125c       0 
IOA21D1BWP30P140            647    407.610    tcbn28hpcplusbwp30p140ssg0p81v125c       0 
MAOI222D1BWP30P140           63     47.628    tcbn28hpcplusbwp30p140ssg0p81v125c       0 
MAOI22D1BWP30P140             7      5.292    tcbn28hpcplusbwp30p140ssg0p81v125c       0 
MOAI22D1BWP30P140             2      1.512    tcbn28hpcplusbwp30p140ssg0p81v125c       0 
MUX2D0BWP30P140               1      0.882    tcbn28hpcplusbwp30p140ssg0p81v125c       0 
MUX2NUD1BWP30P140            12      9.072    tcbn28hpcplusbwp30p140ssg0p81v125c       0 
ND2D1BWP30P140              891    336.798    tcbn28hpcplusbwp30p140ssg0p81v125c       0 
ND2D3BWP30P140                1      0.882    tcbn28hpcplusbwp30p140ssg0p81v125c       0 
ND2OPTD6BWP30P140             1      1.638    tcbn28hpcplusbwp30p140ssg0p81v125c       0 
ND2OPTIBD1BWP30P140          30     11.340    tcbn28hpcplusbwp30p140ssg0p81v125c       0 
ND3D1BWP30P140              269    135.576    tcbn28hpcplusbwp30p140ssg0p81v125c       0 
ND4D1BWP30P140                1      0.630    tcbn28hpcplusbwp30p140ssg0p81v125c       0 
NR2D1BWP30P140               29     10.962    tcbn28hpcplusbwp30p140ssg0p81v125c       0 
NR2D8BWP30P140                1      2.142    tcbn28hpcplusbwp30p140ssg0p81v125c       0 
NR2OPTD12BWP30P140            1      3.150    tcbn28hpcplusbwp30p140ssg0p81v125c       0 
NR2OPTD6BWP30P140             2      3.276    tcbn28hpcplusbwp30p140ssg0p81v125c       0 
NR2OPTIBD1BWP30P140          67     25.326    tcbn28hpcplusbwp30p140ssg0p81v125c       0 
NR2OPTPAD1BWP30P140           1      0.504    tcbn28hpcplusbwp30p140ssg0p81v125c       0 
NR3D0BWP30P140                5      2.520    tcbn28hpcplusbwp30p140ssg0p81v125c       0 
NR3D0P7BWP30P140             12      6.048    tcbn28hpcplusbwp30p140ssg0p81v125c       0 
NR3D1P5BWP30P140              1      0.882    tcbn28hpcplusbwp30p140ssg0p81v125c       0 
NR4D0BWP30P140               62     39.060    tcbn28hpcplusbwp30p140ssg0p81v125c       0 
OA21D1BWP30P140              19     11.970    tcbn28hpcplusbwp30p140ssg0p81v125c       0 
OAI211D1BWP30P140           175    110.250    tcbn28hpcplusbwp30p140ssg0p81v125c       0 
OAI21D1BWP30P140            194     97.776    tcbn28hpcplusbwp30p140ssg0p81v125c       0 
OAI221D1BWP30P140           363    320.166    tcbn28hpcplusbwp30p140ssg0p81v125c       0 
OAI222D1BWP30P140           361    363.888    tcbn28hpcplusbwp30p140ssg0p81v125c       0 
OAI22D1BWP30P140              2      1.260    tcbn28hpcplusbwp30p140ssg0p81v125c       0 
OAI31D1BWP30P140              7      4.410    tcbn28hpcplusbwp30p140ssg0p81v125c       0 
OR2D0BWP30P140               76     38.304    tcbn28hpcplusbwp30p140ssg0p81v125c       0 
OR2D1BWP30P140               60     30.240    tcbn28hpcplusbwp30p140ssg0p81v125c       0 
OR2D2BWP30P140                1      0.630    tcbn28hpcplusbwp30p140ssg0p81v125c       0 
OR2D4BWP30P140                1      1.134    tcbn28hpcplusbwp30p140ssg0p81v125c       0 
OR3D1BWP30P140                4      2.520    tcbn28hpcplusbwp30p140ssg0p81v125c       0 
OR4D1BWP30P140                4      3.024    tcbn28hpcplusbwp30p140ssg0p81v125c       0 
SDFCNQARD1BWP30P140          27     78.246    tcbn28hpcplusbwp30p140ssg0p81v125c       0 
SDFCNQD0BWP30P140             1      2.898    tcbn28hpcplusbwp30p140ssg0p81v125c       0 
SDFSNQD2BWP30P140             2      5.796    tcbn28hpcplusbwp30p140ssg0p81v125c       0 
SEDFCNQARD0BWP30P140          1      3.780    tcbn28hpcplusbwp30p140ssg0p81v125c       0 
XNR2UD1BWP30P140           1639   1445.598    tcbn28hpcplusbwp30p140ssg0p81v125c       0 
XNR3UD1BWP30P140            116    204.624    tcbn28hpcplusbwp30p140ssg0p81v125c       0 
XOR2UD1BWP30P140            372    328.104    tcbn28hpcplusbwp30p140ssg0p81v125c       0 
XOR3UD1BWP30P140            157    276.948    tcbn28hpcplusbwp30p140ssg0p81v125c       0 
XOR4D0BWP30P140              26     68.796    tcbn28hpcplusbwp30p140ssg0p81v125c       0 
XOR4D1BWP30P140              59    156.114    tcbn28hpcplusbwp30p140ssg0p81v125c       0 
-----------------------------------------------------------------------------------------
total                     26121  33230.862                                       


                                                        
            Type             Instances    Area   Area % 
--------------------------------------------------------
sequential                        3408  7767.144   23.4 
inverter                          1583   405.468    1.2 
buffer                               7     4.662    0.0 
clock_gating_integrated_cell        63   119.070    0.4 
logic                            21060 24934.518   75.0 
physical_cells                       0     0.000    0.0 
--------------------------------------------------------
total                            26121 33230.862  100.0 

