============================================================
  Generated by:           Genus(TM) Synthesis Solution 21.12-s068_1
  Generated on:           Oct 10 2026  12:08:24 pm
  Module:                 Conv
  Operating conditions:   ssg0p81v125c 
  Operating conditions:   tt0p9v25c 
  Interconnect mode:      global
  Area mode:              physical library
============================================================


Path 1: MET (237 ps) Late External Delay Assertion at pin p_output_data_write[79]
           View: analysis_view_0p90v_25c_captyp_nominal
          Group: clk
     Startpoint: (R) r_output_write_count_reg[0]/CP
          Clock: (R) clk
       Endpoint: (F) p_output_data_write[79]
          Clock: (R) clk

                     Capture       Launch     
        Clock Edge:+    2000            0     
       Src Latency:+       0            0     
       Net Latency:+       0 (I)        0 (I) 
           Arrival:=    2000            0     
                                              
      Output Delay:-    1000                  
     Required Time:=    1000                  
      Launch Clock:-       0                  
         Data Path:-     763                  
             Slack:=     237                  

Exceptions/Constraints:
  output_delay             1000            tmp_sdc_analysis_vie_line_877 

#------------------------------------------------------------------------------------------------------------------
#         Timing Point           Flags    Arc   Edge        Cell         Fanout  Load Trans Delay Arrival Instance 
#                                                                                (fF)  (ps)  (ps)   (ps)  Location 
#------------------------------------------------------------------------------------------------------------------
  r_output_write_count_reg[0]/CP -       -      R     (arrival)               4     -     0     0       0    (-,-) 
  r_output_write_count_reg[0]/QN -       CP->QN F     DFCND2BWP30P140         3   9.8    23    61      61    (-,-) 
  g153651/ZN                     -       A2->ZN R     ND2D3BWP30P140          5   9.6    19    18      79    (-,-) 
  g153331/ZN                     -       I->ZN  F     INVD9BWP30P140        156 158.0    72    48     127    (-,-) 
  g152963/ZN                     -       A1->ZN R     AOI22D1BWP30P140        1   1.5    32    32     159    (-,-) 
  g152369/ZN                     -       A2->ZN F     ND2D1BWP30P140          1   2.6    28    22     181    (-,-) 
  add_979_76_I4_g1258/CO         -       B->CO  F     HA1D1BWP30P140          1   2.2    12    22     203    (-,-) 
  add_979_76_I4_g1257/CO         -       CI->CO F     FA1D1BWP30P140          1   2.3    16    31     234    (-,-) 
  add_979_76_I4_g1256/CO         -       CI->CO F     FA1D2BWP30P140          1   2.7    14    32     266    (-,-) 
  add_979_76_I4_g1255/CO         -       CI->CO F     FA1OPTCD1BWP30P140      1   2.7    18    24     291    (-,-) 
  add_979_76_I4_g1254/CO         -       CI->CO F     FA1OPTCD1BWP30P140      1   2.2    16    24     315    (-,-) 
  add_979_76_I4_g1253/CO         -       CI->CO F     FA1D1BWP30P140          1   2.2    16    32     347    (-,-) 
  add_979_76_I4_g1252/CO         -       CI->CO F     FA1D1BWP30P140          1   2.2    16    32     379    (-,-) 
  add_979_76_I4_g1251/CO         -       CI->CO F     FA1D1BWP30P140          3   4.1    22    37     416    (-,-) 
  add_979_76_I4_g1249/Z          -       A1->Z  F     AO21D1BWP30P140         1   2.2    14    24     439    (-,-) 
  add_979_76_I4_g1246/CO         -       CI->CO F     FA1D1BWP30P140          1   2.2    16    31     471    (-,-) 
  add_979_76_I4_g1245/CO         -       CI->CO F     FA1D1BWP30P140          1   2.2    16    32     503    (-,-) 
  add_979_76_I4_g1244/CO         -       CI->CO F     FA1D1BWP30P140          1   2.2    16    32     535    (-,-) 
  add_979_76_I4_g1243/CO         -       CI->CO F     FA1D1BWP30P140          1   2.2    16    32     567    (-,-) 
  add_979_76_I4_g1242/CO         -       CI->CO F     FA1D1BWP30P140          1   2.2    16    32     599    (-,-) 
  add_979_76_I4_g1241/CO         -       CI->CO F     FA1D1BWP30P140          1   2.2    16    32     631    (-,-) 
  add_979_76_I4_g1240/CO         -       CI->CO F     FA1D1BWP30P140          1   2.2    16    32     663    (-,-) 
  add_979_76_I4_g1239/CO         -       CI->CO F     FA1D1BWP30P140          1   2.2    16    32     695    (-,-) 
  add_979_76_I4_g1238/CO         -       CI->CO F     FA1D1BWP30P140          1   1.5    13    30     724    (-,-) 
  add_979_76_I4_g1237/Z          -       A3->Z  F     XOR3UD1BWP30P140        1   5.0    45    38     763    (-,-) 
  p_output_data_write[79]        <<<     -      F     (port)                  -     -     -     0     763    (-,-) 
#------------------------------------------------------------------------------------------------------------------


