Copyright 1986-2022 Xilinx, Inc. All Rights Reserved. Copyright 2022-2023 Advanced Micro Devices, Inc. All Rights Reserved.
---------------------------------------------------------------------------------------------------------------------------------------------------------------------------------------
| Tool Version     : Vivado v.2023.2 (lin64) Build 4029153 Fri Oct 13 20:13:54 MDT 2023
| Date             : Mon Sep 28 01:49:19 2026
| Host             : paxos.inf.pucrs.br running 64-bit Rocky Linux release 8.10 (Green Obsidian)
| Command          : report_power -hier all -file /tmp/fastconv-column-power-ced7840b/rtl/conv2x2/fpga_zcu104/column_power_comparison/reports/std_column/power_p3f_typical.rpt
| Design           : Conv
| Device           : xczu7ev-ffvc1156-2-e
| Design State     : routed
| Grade            : extended
| Process          : typical
| Characterization : Production
---------------------------------------------------------------------------------------------------------------------------------------------------------------------------------------

Power Report

Table of Contents
-----------------
1. Summary
1.1 On-Chip Components
1.2 Power Supply Summary
1.3 Confidence Level
2. Settings
2.1 Environment
2.2 Clock Constraints
3. Detailed Reports
3.1 By Hierarchy

1. Summary
----------

+--------------------------+------------------------------------------------------------------------------------------------------------------------------+
| Total On-Chip Power (W)  | 1.046                                                                                                                        |
| Design Power Budget (W)  | Unspecified*                                                                                                                 |
| Power Budget Margin (W)  | NA                                                                                                                           |
| Dynamic (W)              | 0.452                                                                                                                        |
| Device Static (W)        | 0.594                                                                                                                        |
| Effective TJA (C/W)      | 1.0                                                                                                                          |
| Max Ambient (C)          | 99.0                                                                                                                         |
| Junction Temperature (C) | 26.0                                                                                                                         |
| Confidence Level         | High                                                                                                                         |
| Setting File             | ---                                                                                                                          |
| Simulation Activity File | /tmp/fastconv-column-power-ced7840b/rtl/conv2x2/fpga_zcu104/column_power_comparison/reports/std_column/top/activity_top.saif |
| Design Nets Matched      | 100%   (5680/5680)                                                                                                           |
+--------------------------+------------------------------------------------------------------------------------------------------------------------------+
* Specify Design Power Budget using, set_operating_conditions -design_power_budget <value in Watts>


1.1 On-Chip Components
----------------------

+----------------+-----------+----------+-----------+-----------------+
| On-Chip        | Power (W) | Used     | Available | Utilization (%) |
+----------------+-----------+----------+-----------+-----------------+
| Clocks         |     0.014 |        3 |       --- |             --- |
| CLB Logic      |     0.054 |     4048 |       --- |             --- |
|   LUT as Logic |     0.048 |     2143 |    230400 |            0.93 |
|   CARRY8       |     0.004 |      175 |     28800 |            0.61 |
|   Register     |     0.002 |     1263 |    460800 |            0.27 |
|   Others       |     0.000 |       38 |       --- |             --- |
| Signals        |     0.082 |     3320 |       --- |             --- |
| DSPs           |     0.015 |        8 |      1728 |            0.46 |
| I/O            |     0.287 |      201 |       360 |           55.83 |
| Static Power   |     0.594 |          |           |                 |
| Total          |     1.046 |          |           |                 |
+----------------+-----------+----------+-----------+-----------------+


1.2 Power Supply Summary
------------------------

+-----------------+-------------+-----------+-------------+------------+-------------+-------------+------------+
| Source          | Voltage (V) | Total (A) | Dynamic (A) | Static (A) | Powerup (A) | Budget (A)  | Margin (A) |
+-----------------+-------------+-----------+-------------+------------+-------------+-------------+------------+
| Vccint          |       0.850 |     0.332 |       0.195 |      0.138 |       NA    | Unspecified | NA         |
| Vccint_io       |       0.850 |     0.088 |       0.017 |      0.070 |       NA    | Unspecified | NA         |
| Vccbram         |       0.850 |     0.002 |       0.000 |      0.002 |       NA    | Unspecified | NA         |
| Vccaux          |       1.800 |     0.148 |       0.000 |      0.148 |       NA    | Unspecified | NA         |
| Vccaux_io       |       1.800 |     0.095 |       0.040 |      0.055 |       NA    | Unspecified | NA         |
| Vcco33          |       3.300 |     0.000 |       0.000 |      0.000 |       NA    | Unspecified | NA         |
| Vcco25          |       2.500 |     0.000 |       0.000 |      0.000 |       NA    | Unspecified | NA         |
| Vcco18          |       1.800 |     0.111 |       0.111 |      0.000 |       NA    | Unspecified | NA         |
| Vcco15          |       1.500 |     0.000 |       0.000 |      0.000 |       NA    | Unspecified | NA         |
| Vcco135         |       1.350 |     0.000 |       0.000 |      0.000 |       NA    | Unspecified | NA         |
| Vcco12          |       1.200 |     0.000 |       0.000 |      0.000 |       NA    | Unspecified | NA         |
| Vcco10          |       1.000 |     0.000 |       0.000 |      0.000 |       NA    | Unspecified | NA         |
| Vccadc          |       1.800 |     0.008 |       0.000 |      0.008 |       NA    | Unspecified | NA         |
| VCC_PSINTFP     |       0.850 |     0.000 |       0.000 |      0.000 |       NA    | Unspecified | NA         |
| VCC_PSINTLP     |       0.850 |     0.005 |       0.000 |      0.005 |       NA    | Unspecified | NA         |
| VPS_MGTRAVCC    |       0.850 |     0.000 |       0.000 |      0.000 |       NA    | Unspecified | NA         |
| VCC_PSINTFP_DDR |       0.850 |     0.000 |       0.000 |      0.000 |       NA    | Unspecified | NA         |
| VCC_PSPLL       |       1.200 |     0.002 |       0.000 |      0.002 |       NA    | Unspecified | NA         |
| VPS_MGTRAVTT    |       1.800 |     0.000 |       0.000 |      0.000 |       NA    | Unspecified | NA         |
| VCCO_PSDDR_504  |       1.200 |     0.000 |       0.000 |      0.000 |       NA    | Unspecified | NA         |
| VCC_PSAUX       |       1.800 |     0.002 |       0.000 |      0.002 |       NA    | Unspecified | NA         |
| VCC_PSBATT      |       1.200 |     0.000 |       0.000 |      0.000 |       NA    | Unspecified | NA         |
| VCC_PSDDR_PLL   |       1.800 |     0.000 |       0.000 |      0.000 |       NA    | Unspecified | NA         |
| VCCO_PSIO0_500  |       3.300 |     0.000 |       0.000 |      0.000 |       NA    | Unspecified | NA         |
| VCCO_PSIO1_501  |       3.300 |     0.000 |       0.000 |      0.000 |       NA    | Unspecified | NA         |
| VCCO_PSIO2_502  |       3.300 |     0.000 |       0.000 |      0.000 |       NA    | Unspecified | NA         |
| VCCO_PSIO3_503  |       3.300 |     0.000 |       0.000 |      0.000 |       NA    | Unspecified | NA         |
| VCC_PSADC       |       1.800 |     0.002 |       0.000 |      0.002 |       NA    | Unspecified | NA         |
| VCCINT_VCU      |       0.900 |     0.025 |       0.000 |      0.025 |       NA    | Unspecified | NA         |
| MGTAVcc         |       0.900 |     0.000 |       0.000 |      0.000 |       NA    | Unspecified | NA         |
| MGTAVtt         |       1.200 |     0.000 |       0.000 |      0.000 |       NA    | Unspecified | NA         |
| MGTVccaux       |       1.800 |     0.000 |       0.000 |      0.000 |       NA    | Unspecified | NA         |
+-----------------+-------------+-----------+-------------+------------+-------------+-------------+------------+


1.3 Confidence Level
--------------------

+-----------------------------+------------+------------------------------------------------+--------+
| User Input Data             | Confidence | Details                                        | Action |
+-----------------------------+------------+------------------------------------------------+--------+
| Design implementation state | High       | Design is routed                               |        |
| Clock nodes activity        | High       | User specified more than 95% of clocks         |        |
| I/O nodes activity          | High       | User specified more than 95% of inputs         |        |
| Internal nodes activity     | High       | User specified more than 25% of internal nodes |        |
| Device models               | High       | Device models are Production                   |        |
|                             |            |                                                |        |
| Overall confidence level    | High       |                                                |        |
+-----------------------------+------------+------------------------------------------------+--------+


2. Settings
-----------

2.1 Environment
---------------

+-----------------------+--------------------------+
| Ambient Temp (C)      | 25.0                     |
| ThetaJA (C/W)         | 1.0                      |
| Airflow (LFM)         | 250                      |
| Heat Sink             | medium (Medium Profile)  |
| ThetaSA (C/W)         | 1.5                      |
| Board Selection       | medium (10"x10")         |
| # of Board Layers     | 12to15 (12 to 15 Layers) |
| Board Temperature (C) | 25.0                     |
+-----------------------+--------------------------+


2.2 Clock Constraints
---------------------

+-------+--------+-----------------+
| Clock | Domain | Constraint (ns) |
+-------+--------+-----------------+
| clk   | clk    |             3.2 |
+-------+--------+-----------------+


3. Detailed Reports
-------------------

3.1 By Hierarchy
----------------

+--------------------------+-----------+---------+-----------+------+--------+----------+------------+---------+-----------+-------+---------+
| Name                     | Power (W) | Clock # | Clock (W) | Io # | Io (W) | Signal # | Signal (W) | Logic # | Logic (W) | Dsp # | Dsp (W) |
+--------------------------+-----------+---------+-----------+------+--------+----------+------------+---------+-----------+-------+---------+
| Conv                     |     0.452 |       3 |     0.014 |  201 |  0.287 |     3320 |      0.082 |    4048 |     0.054 |     8 |   0.015 |
|   MULTIP_BLOCK[0].multip |     0.004 |       3 |    <0.001 |    0 |  0.000 |       60 |     <0.001 |      74 |     0.001 |     1 |   0.002 |
|   MULTIP_BLOCK[1].multip |     0.004 |       3 |    <0.001 |    0 |  0.000 |       60 |     <0.001 |      74 |     0.001 |     1 |   0.002 |
|   MULTIP_BLOCK[2].multip |     0.004 |       3 |    <0.001 |    0 |  0.000 |       60 |     <0.001 |      74 |     0.001 |     1 |   0.002 |
|   MULTIP_BLOCK[3].multip |     0.004 |       3 |    <0.001 |    0 |  0.000 |       60 |     <0.001 |      74 |     0.001 |     1 |   0.002 |
|   MULTIP_BLOCK[4].multip |     0.004 |       3 |    <0.001 |    0 |  0.000 |       60 |     <0.001 |      66 |     0.001 |     1 |   0.002 |
|   MULTIP_BLOCK[5].multip |     0.004 |       3 |    <0.001 |    0 |  0.000 |       60 |     <0.001 |      66 |     0.001 |     1 |   0.002 |
|   MULTIP_BLOCK[6].multip |     0.004 |       3 |    <0.001 |    0 |  0.000 |       60 |     <0.001 |      66 |     0.001 |     1 |   0.002 |
|   MULTIP_BLOCK[7].multip |     0.005 |       3 |    <0.001 |    0 |  0.000 |       61 |     <0.001 |      67 |     0.002 |     1 |   0.002 |
|   inv                    |     0.022 |       3 |     0.000 |    0 |  0.000 |      396 |      0.010 |     496 |     0.012 |     0 |   0.000 |
|     matrix_a0            |     0.008 |       3 |     0.000 |    0 |  0.000 |      180 |      0.004 |     210 |     0.004 |     0 |   0.000 |
|     matrix_a1            |     0.015 |       3 |     0.000 |    0 |  0.000 |      216 |      0.006 |     286 |     0.008 |     0 |   0.000 |
|   trf                    |     0.034 |       3 |     0.000 |    0 |  0.000 |      840 |      0.020 |     870 |     0.014 |     0 |   0.000 |
|     matrix_c0            |     0.016 |       3 |     0.000 |    0 |  0.000 |      272 |      0.009 |     503 |     0.007 |     0 |   0.000 |
|     matrix_c1            |     0.018 |       3 |     0.000 |    0 |  0.000 |      568 |      0.011 |     367 |     0.007 |     0 |   0.000 |
+--------------------------+-----------+---------+-----------+------+--------+----------+------------+---------+-----------+-------+---------+


