============================================================
  Generated by:           Genus(TM) Synthesis Solution 21.12-s068_1
  Generated on:           Aug 30 2026  06:45:21 pm
  Module:                 Conv
  Operating conditions:   ssg0p81v125c 
  Operating conditions:   tt0p9v25c 
  Interconnect mode:      global
  Area mode:              physical library
============================================================


Path 1: MET (234 ps) Late External Delay Assertion at pin p_output_data_write[19]
           View: analysis_view_0p90v_25c_captyp_nominal
          Group: clk
     Startpoint: (R) r_output_write_count_reg[0]/CP
          Clock: (R) clk
       Endpoint: (F) p_output_data_write[19]
          Clock: (R) clk

                     Capture       Launch     
        Clock Edge:+    2000            0     
       Src Latency:+       0            0     
       Net Latency:+       0 (I)        0 (I) 
           Arrival:=    2000            0     
                                              
      Output Delay:-    1000                  
     Required Time:=    1000                  
      Launch Clock:-       0                  
         Data Path:-     766                  
             Slack:=     234                  

Exceptions/Constraints:
  output_delay             1000            tmp_sdc_analysis_vie_line_591 

#-----------------------------------------------------------------------------------------------------------------
#         Timing Point           Flags    Arc   Edge        Cell         Fanout Load Trans Delay Arrival Instance 
#                                                                               (fF)  (ps)  (ps)   (ps)  Location 
#-----------------------------------------------------------------------------------------------------------------
  r_output_write_count_reg[0]/CP -       -      R     (arrival)              65    -     0     0       0    (-,-) 
  r_output_write_count_reg[0]/Q  -       CP->Q  F     EDFCND1BWP30P140        8  9.2    39    58      58    (-,-) 
  g27060/Z                       -       A2->Z  F     AN2D4BWP30P140         45 46.3    48    46     104    (-,-) 
  g27890/ZN                      -       A1->ZN R     MAOI22D1BWP30P140       1  1.6    25    24     128    (-,-) 
  g27889/ZN                      -       C->ZN  F     OAI221D1BWP30P140       2  2.2    46    40     168    (-,-) 
  add_943_69_g482/Z              -       A1->Z  F     AN2D1BWP30P140          2  3.8    19    33     201    (-,-) 
  add_943_69_g480/CO             -       CI->CO F     FA1OPTCD1BWP30P140      1  2.2    16    24     225    (-,-) 
  add_943_69_g479/CO             -       CI->CO F     FA1D1BWP30P140          1  2.2    16    32     257    (-,-) 
  add_943_69_g478/CO             -       CI->CO F     FA1D1BWP30P140          1  2.2    16    32     289    (-,-) 
  add_943_69_g477/CO             -       CI->CO F     FA1D1BWP30P140          1  2.7    17    33     322    (-,-) 
  add_943_69_g476/CO             -       CI->CO F     FA1OPTCD1BWP30P140      1  2.7    18    25     348    (-,-) 
  add_943_69_g475/CO             -       CI->CO F     FA1OPTCD1BWP30P140      1  2.7    18    25     373    (-,-) 
  add_943_69_g474/CO             -       CI->CO F     FA1OPTCD1BWP30P140      1  2.7    18    25     398    (-,-) 
  add_943_69_g473/CO             -       CI->CO F     FA1OPTCD1BWP30P140      1  2.7    18    25     424    (-,-) 
  add_943_69_g472/CO             -       CI->CO F     FA1OPTCD1BWP30P140      1  2.7    18    25     449    (-,-) 
  add_943_69_g471/CO             -       CI->CO F     FA1OPTCD1BWP30P140      1  2.2    16    24     474    (-,-) 
  add_943_69_g470/CO             -       CI->CO F     FA1D1BWP30P140          1  2.2    16    32     506    (-,-) 
  add_943_69_g469/CO             -       CI->CO F     FA1D1BWP30P140          1  2.2    16    32     538    (-,-) 
  add_943_69_g468/CO             -       CI->CO F     FA1D1BWP30P140          1  2.2    16    32     570    (-,-) 
  add_943_69_g467/CO             -       CI->CO F     FA1D1BWP30P140          1  2.2    16    32     602    (-,-) 
  add_943_69_g466/CO             -       CI->CO F     FA1D1BWP30P140          1  2.2    16    32     634    (-,-) 
  add_943_69_g465/CO             -       CI->CO F     FA1D1BWP30P140          1  2.2    16    32     666    (-,-) 
  add_943_69_g464/CO             -       CI->CO F     FA1D1BWP30P140          1  2.2    16    32     698    (-,-) 
  add_943_69_g463/CO             -       CI->CO F     FA1D1BWP30P140          1  1.5    13    30     727    (-,-) 
  add_943_69_g462/Z              -       A3->Z  F     XOR3UD1BWP30P140        1  5.0    45    38     766    (-,-) 
  p_output_data_write[19]        <<<     -      F     (port)                  -    -     -     0     766    (-,-) 
#-----------------------------------------------------------------------------------------------------------------


