Cadence Genus(TM) Synthesis Solution.
Copyright 2022 Cadence Design Systems, Inc. All rights reserved worldwide.
Cadence and the Cadence logo are registered trademarks and Genus is a trademark
of Cadence Design Systems, Inc. in the United States and other countries.

[21:07:08.503697] Configured Lic search path (20.02-s004): 5280@paxos.inf.pucrs.br

Version: 21.12-s068_1, built Fri Mar 04 09:12:46 PST 2022
Options: 
Date:    Mon Mar 30 21:07:08 2026
Host:    paxos.inf.pucrs.br (x86_64 w/Linux 4.18.0-553.83.1.el8_10.x86_64) (14cores*28cpus*1physical cpu*Intel(R) Core(TM) i9-7940X CPU @ 3.10GHz 19712KB) (131170908KB)
PID:     627306
OS:      Rocky Linux release 8.10 (Green Obsidian)


[21:07:08.099656] Periodic Lic check successful
[21:07:08.099658] Feature usage summary:
[21:07:08.099659] Genus_Synthesis
Checking out license: Genus_Synthesis


***********************************************************************************************************
***********************************************************************************************************



Loading tool scripts...
Finished loading tool scripts (8 seconds elapsed).

WARNING: This version of the tool is 1487 days old.
@genus:root: 1> help create_clock

============================================================
Commands:
  create_clock:         # create clock


============================================================
Attributes:
  create_clock(external_delay):
                        # bool { 1 0 true false }, read/write, default=false, indices={}
                        # This external delay is for a create_clock or create_generated_clock SDC constraint.

Another Ctrl-C within 1 second will terminate the tool.
CURRENT RESOURCES: RT {elapsed: 28s, ST: 7s, FG: 7s, CPU: 7.7%}, MEM {curr: 0.7G, peak: 0.7G, phys curr: 0.2G, phys peak: 0.2G}, SYS {load: 1.1, cpu: 28, total: 125.1G, free: 21.4G}
@genus:root: 2> help create_clock

============================================================
Commands:
  create_clock:         # create clock


============================================================
Attributes:
  create_clock(external_delay):
                        # bool { 1 0 true false }, read/write, default=false, indices={}
                        # This external delay is for a create_clock or create_generated_clock SDC constraint.
@genus:root: 3> create_clock --help
Error   : An invalid option was specified. [TUI-204] [create_clock]
        : An option named '--help' could not be found.
        : Run 'command_name -help' to check all valid options. To correct the option and rerun the command.
  create_clock: create clock 

Usage: create_clock [-add] [-name <string>] [-comment <string>] [-domain <string>] -period <float> [-waveform <float>+]
           [-apply_inverted <port|pin|hpin>+] [<port|pin|hpin>+]

    [-add]:
        should the sources add or overwrite 
    [-name <string>]:
        name of clock 
    [-comment <string>]:
        comment to be tagged with this command 
    [-domain <string>]:
        name of the clock domain for the clock 
    -period <float>:
        clock_period 
    [-waveform <float>+]:
        waveform string 
    [-apply_inverted <port|pin|hpin>+]:
        Sources(port | pin | hpin) that are inverted 
    [<port|pin|hpin>+]:
        Sources(port | pin | hpin) that are not inverted 
1

Another Ctrl-C within 1 second will terminate the tool.
CURRENT RESOURCES: RT {elapsed: 46s, ST: 7s, FG: 7s, CPU: 0.6%}, MEM {curr: 0.7G, peak: 0.7G, phys curr: 0.2G, phys peak: 0.2G}, SYS {load: 1.1, cpu: 28, total: 125.1G, free: 21.4G}
@genus:root: 4> create_clock --help
Error   : An invalid option was specified. [TUI-204] [create_clock]
        : An option named '--help' could not be found.
  create_clock: create clock 

Usage: create_clock [-add] [-name <string>] [-comment <string>] [-domain <string>] -period <float> [-waveform <float>+]
           [-apply_inverted <port|pin|hpin>+] [<port|pin|hpin>+]

    [-add]:
        should the sources add or overwrite 
    [-name <string>]:
        name of clock 
    [-comment <string>]:
        comment to be tagged with this command 
    [-domain <string>]:
        name of the clock domain for the clock 
    -period <float>:
        clock_period 
    [-waveform <float>+]:
        waveform string 
    [-apply_inverted <port|pin|hpin>+]:
        Sources(port | pin | hpin) that are inverted 
    [<port|pin|hpin>+]:
        Sources(port | pin | hpin) that are not inverted 
1
@genus:root: 5> clear
@genus:root: 6> create_clock -help
@genus:root: 7> create_clock help
Error   : A required object parameter could not be found. [TUI-61] [create_clock]
        : An object of type 'port|pin|hpin' named 'help' could not be found.
        : Check to make sure that the object exists and is of the correct type.  The 'what_is' command can be used to determine the type of an object.
  create_clock: create clock 

Usage: create_clock [-add] [-name <string>] [-comment <string>] [-domain <string>] -period <float> [-waveform <float>+]
           [-apply_inverted <port|pin|hpin>+] [<port|pin|hpin>+]

    [-add]:
        should the sources add or overwrite 
    [-name <string>]:
        name of clock 
    [-comment <string>]:
        comment to be tagged with this command 
    [-domain <string>]:
        name of the clock domain for the clock 
    -period <float>:
        clock_period 
    [-waveform <float>+]:
        waveform string 
    [-apply_inverted <port|pin|hpin>+]:
        Sources(port | pin | hpin) that are inverted 
    [<port|pin|hpin>+]:
        Sources(port | pin | hpin) that are not inverted 
1
