============================================================
  Generated by:           Genus(TM) Synthesis Solution 22.15-s086_1
  Generated on:           Apr 10 2025  01:35:50 am
  Module:                 conv_rapida
  Library domain:         timing_cond_0p81v_125c
    Domain index:         0
    Technology library:   tcbn28hpcplusbwp30p140ssg0p81v125c 110
  Operating conditions:   ssg0p81v125c 
  Interconnect mode:      global
  Area mode:              physical library
============================================================

                                                                                Library 
        Gate         Instances    Area                   Library                 Domain 
----------------------------------------------------------------------------------------
AN2D1BWP30P140              11      5.544    tcbn28hpcplusbwp30p140ssg0p81v125c       0 
AN4D1BWP30P140              10      7.560    tcbn28hpcplusbwp30p140ssg0p81v125c       0 
AO211D1BWP30P140           151    114.156    tcbn28hpcplusbwp30p140ssg0p81v125c       0 
AO211D2BWP30P140             8      7.056    tcbn28hpcplusbwp30p140ssg0p81v125c       0 
AO211D4BWP30P140             1      1.638    tcbn28hpcplusbwp30p140ssg0p81v125c       0 
AO21D1BWP30P140              6      3.780    tcbn28hpcplusbwp30p140ssg0p81v125c       0 
AO22D0BWP30P140            523    395.388    tcbn28hpcplusbwp30p140ssg0p81v125c       0 
AOI21D1BWP30P140            18      9.072    tcbn28hpcplusbwp30p140ssg0p81v125c       0 
AOI221D1BWP30P140          474    358.344    tcbn28hpcplusbwp30p140ssg0p81v125c       0 
AOI222D1BWP30P140          449    452.592    tcbn28hpcplusbwp30p140ssg0p81v125c       0 
AOI22D1BWP30P140           408    257.040    tcbn28hpcplusbwp30p140ssg0p81v125c       0 
BUFFD12BWP30P140             3      6.426    tcbn28hpcplusbwp30p140ssg0p81v125c       0 
CKAN2D1BWP30P140           131     66.024    tcbn28hpcplusbwp30p140ssg0p81v125c       0 
CKLNQD1BWP30P140             7     13.230    tcbn28hpcplusbwp30p140ssg0p81v125c       0 
CKMUX2D0BWP30P140           25     22.050    tcbn28hpcplusbwp30p140ssg0p81v125c       0 
CKND1BWP30P140             715    180.180    tcbn28hpcplusbwp30p140ssg0p81v125c       0 
CKND2D1BWP30P140           449    169.722    tcbn28hpcplusbwp30p140ssg0p81v125c       0 
DFCND1BWP30P140              2      5.040    tcbn28hpcplusbwp30p140ssg0p81v125c       0 
DFCNQD1BWP30P140           446   1011.528    tcbn28hpcplusbwp30p140ssg0p81v125c       0 
EDFCND1BWP30P140             1      3.024    tcbn28hpcplusbwp30p140ssg0p81v125c       0 
FA1D0BWP30P140            1740   3727.080    tcbn28hpcplusbwp30p140ssg0p81v125c       0 
FA1D1BWP30P140            5262  11271.204    tcbn28hpcplusbwp30p140ssg0p81v125c       0 
HA1D0BWP30P140             124    203.112    tcbn28hpcplusbwp30p140ssg0p81v125c       0 
HA1D1BWP30P140             323    529.074    tcbn28hpcplusbwp30p140ssg0p81v125c       0 
IND2D1BWP30P140             11      5.544    tcbn28hpcplusbwp30p140ssg0p81v125c       0 
IND3D1BWP30P140              5      3.150    tcbn28hpcplusbwp30p140ssg0p81v125c       0 
INR2D1BWP30P140             64     32.256    tcbn28hpcplusbwp30p140ssg0p81v125c       0 
INR3D1BWP30P140              1      1.008    tcbn28hpcplusbwp30p140ssg0p81v125c       0 
INVD0P7BWP30P140            11      2.772    tcbn28hpcplusbwp30p140ssg0p81v125c       0 
INVD3BWP30P140               2      1.008    tcbn28hpcplusbwp30p140ssg0p81v125c       0 
INVD6BWP30P140               2      1.764    tcbn28hpcplusbwp30p140ssg0p81v125c       0 
INVD8BWP30P140               1      1.134    tcbn28hpcplusbwp30p140ssg0p81v125c       0 
INVD9BWP30P140               1      1.260    tcbn28hpcplusbwp30p140ssg0p81v125c       0 
IOA21D1BWP30P140            23     14.490    tcbn28hpcplusbwp30p140ssg0p81v125c       0 
LNQD1BWP30P140             180    226.800    tcbn28hpcplusbwp30p140ssg0p81v125c       0 
MOAI22D1BWP30P140           50     37.800    tcbn28hpcplusbwp30p140ssg0p81v125c       0 
ND2D1BWP30P140             396    149.688    tcbn28hpcplusbwp30p140ssg0p81v125c       0 
ND2D2BWP30P140               1      0.630    tcbn28hpcplusbwp30p140ssg0p81v125c       0 
ND2OPTIBD1BWP30P140          7      2.646    tcbn28hpcplusbwp30p140ssg0p81v125c       0 
ND3D1BWP30P140              42     21.168    tcbn28hpcplusbwp30p140ssg0p81v125c       0 
NR2D1BWP30P140              36     13.608    tcbn28hpcplusbwp30p140ssg0p81v125c       0 
NR2D2BWP30P140               1      0.630    tcbn28hpcplusbwp30p140ssg0p81v125c       0 
NR2OPTIBD1BWP30P140          3      1.134    tcbn28hpcplusbwp30p140ssg0p81v125c       0 
NR3D0P7BWP30P140             5      2.520    tcbn28hpcplusbwp30p140ssg0p81v125c       0 
NR4D0BWP30P140              15      9.450    tcbn28hpcplusbwp30p140ssg0p81v125c       0 
OA21D1BWP30P140              6      3.780    tcbn28hpcplusbwp30p140ssg0p81v125c       0 
OAI211D1BWP30P140            5      3.150    tcbn28hpcplusbwp30p140ssg0p81v125c       0 
OAI21D0BWP30P140             5      2.520    tcbn28hpcplusbwp30p140ssg0p81v125c       0 
OAI21D1BWP30P140            65     32.760    tcbn28hpcplusbwp30p140ssg0p81v125c       0 
OAI22D1BWP30P140            55     34.650    tcbn28hpcplusbwp30p140ssg0p81v125c       0 
OAI33D1BWP30P140             5      4.410    tcbn28hpcplusbwp30p140ssg0p81v125c       0 
OR2D0BWP30P140              12      6.048    tcbn28hpcplusbwp30p140ssg0p81v125c       0 
OR2D1BWP30P140              11      5.544    tcbn28hpcplusbwp30p140ssg0p81v125c       0 
OR3D1BWP30P140              19     11.970    tcbn28hpcplusbwp30p140ssg0p81v125c       0 
OR4D1BWP30P140               1      0.756    tcbn28hpcplusbwp30p140ssg0p81v125c       0 
OR4D2BWP30P140               1      0.882    tcbn28hpcplusbwp30p140ssg0p81v125c       0 
SDFCNARD1BWP30P140          55    173.250    tcbn28hpcplusbwp30p140ssg0p81v125c       0 
SDFCNQARD1BWP30P140          1      2.898    tcbn28hpcplusbwp30p140ssg0p81v125c       0 
XNR2UD1BWP30P140           561    494.802    tcbn28hpcplusbwp30p140ssg0p81v125c       0 
XNR3UD0BWP30P140             5      8.820    tcbn28hpcplusbwp30p140ssg0p81v125c       0 
XNR3UD1BWP30P140            30     52.920    tcbn28hpcplusbwp30p140ssg0p81v125c       0 
XNR4D1BWP30P140             10     26.460    tcbn28hpcplusbwp30p140ssg0p81v125c       0 
XOR2UD0BWP30P140             1      0.882    tcbn28hpcplusbwp30p140ssg0p81v125c       0 
XOR2UD1BWP30P140            61     53.802    tcbn28hpcplusbwp30p140ssg0p81v125c       0 
XOR3UD0BWP30P140           107    188.748    tcbn28hpcplusbwp30p140ssg0p81v125c       0 
XOR3UD1BWP30P140           237    418.068    tcbn28hpcplusbwp30p140ssg0p81v125c       0 
XOR4D0BWP30P140             10     26.460    tcbn28hpcplusbwp30p140ssg0p81v125c       0 
----------------------------------------------------------------------------------------
total                    13407  20903.904                                       


                                                        
            Type             Instances    Area   Area % 
--------------------------------------------------------
sequential                         685  1422.540    6.8 
inverter                           732   188.118    0.9 
buffer                               3     6.426    0.0 
clock_gating_integrated_cell         7    13.230    0.1 
logic                            11980 19273.590   92.2 
physical_cells                       0     0.000    0.0 
--------------------------------------------------------
total                            13407 20903.904  100.0 

