============================================================
  Generated by:           Genus(TM) Synthesis Solution 21.12-s068_1
  Generated on:           Jan 25 2026  09:25:27 pm
  Module:                 Conv
  Library domain:         timing_cond_0p81v_125c
    Domain index:         0
    Technology library:   tcbn28hpcplusbwp30p140ssg0p81v125c 110
  Operating conditions:   ssg0p81v125c 
  Interconnect mode:      global
  Area mode:              physical library
============================================================

      Instance        Module   Cell Count  Cell Area  Net Area   Total Area 
----------------------------------------------------------------------------
Conv                                15084  16757.496  7856.072    24613.568 
  genblk1[0].multip Multip            713    709.128   284.410      993.538 
  genblk1[1].multip Multip_70         717    697.662   286.531      984.193 
  genblk1[2].multip Multip_69         682    690.858   280.884      971.742 
  genblk1[3].multip Multip_68         652    675.234   269.960      945.194 
  genblk1[4].multip Multip_67         714    707.112   288.847      995.959 
  genblk1[5].multip Multip_66         663    683.424   273.226      956.650 
  inv               Inverse          1821   2896.362   797.856     3694.218 
  mux_mult          MuxMult            20      9.702     3.629       13.331 
  trf               Transform        2893   4135.068  1119.062     5254.130 
