============================================================
  Generated by:           Genus(TM) Synthesis Solution 21.12-s068_1
  Generated on:           Jul 08 2025  06:10:48 pm
  Module:                 conv
  Library domain:         timing_cond_0p81v_125c
    Domain index:         0
    Technology library:   tcbn28hpcplusbwp30p140ssg0p81v125c 110
  Operating conditions:   ssg0p81v125c 
  Interconnect mode:      global
  Area mode:              physical library
============================================================

                                                                                     Library 
          Gate            Instances    Area                   Library                 Domain 
---------------------------------------------------------------------------------------------
AN2D1BWP30P140                   22     11.088    tcbn28hpcplusbwp30p140ssg0p81v125c       0 
AN2D2BWP30P140                   15      9.450    tcbn28hpcplusbwp30p140ssg0p81v125c       0 
AN2D4BWP30P140                    7      7.938    tcbn28hpcplusbwp30p140ssg0p81v125c       0 
AN2D6BWP30P140                    1      1.386    tcbn28hpcplusbwp30p140ssg0p81v125c       0 
AN2D8BWP30P140                    1      1.890    tcbn28hpcplusbwp30p140ssg0p81v125c       0 
AO211D1BWP30P140                  9      6.804    tcbn28hpcplusbwp30p140ssg0p81v125c       0 
AO211D4BWP30P140                 17     27.846    tcbn28hpcplusbwp30p140ssg0p81v125c       0 
AO21D1BWP30P140                 244    153.720    tcbn28hpcplusbwp30p140ssg0p81v125c       0 
AO21D2BWP30P140                   1      0.756    tcbn28hpcplusbwp30p140ssg0p81v125c       0 
AO21D4BWP30P140                   5      6.930    tcbn28hpcplusbwp30p140ssg0p81v125c       0 
AO22D0BWP30P140                 136    102.816    tcbn28hpcplusbwp30p140ssg0p81v125c       0 
AO22D1BWP30P140                  36     31.752    tcbn28hpcplusbwp30p140ssg0p81v125c       0 
AO22D2BWP30P140                   3      3.024    tcbn28hpcplusbwp30p140ssg0p81v125c       0 
AO22D4BWP30P140                  14     24.696    tcbn28hpcplusbwp30p140ssg0p81v125c       0 
AO22D8BWP30P140                   1      2.772    tcbn28hpcplusbwp30p140ssg0p81v125c       0 
AOI211D1BWP30P140                17     10.710    tcbn28hpcplusbwp30p140ssg0p81v125c       0 
AOI21D1BWP30P140                114     57.456    tcbn28hpcplusbwp30p140ssg0p81v125c       0 
AOI21D2BWP30P140                 16     14.112    tcbn28hpcplusbwp30p140ssg0p81v125c       0 
AOI21OPTREPBD1BWP30P140           9      6.804    tcbn28hpcplusbwp30p140ssg0p81v125c       0 
AOI21OPTREPBD6BWP30P140           1      3.906    tcbn28hpcplusbwp30p140ssg0p81v125c       0 
AOI221D1BWP30P140                64     48.384    tcbn28hpcplusbwp30p140ssg0p81v125c       0 
AOI222D1BWP30P140               396    399.168    tcbn28hpcplusbwp30p140ssg0p81v125c       0 
AOI222D2BWP30P140                 6     10.584    tcbn28hpcplusbwp30p140ssg0p81v125c       0 
AOI22D1BWP30P140                430    270.900    tcbn28hpcplusbwp30p140ssg0p81v125c       0 
AOI22D1P5BWP30P140                1      1.134    tcbn28hpcplusbwp30p140ssg0p81v125c       0 
AOI22D2BWP30P140                 32     36.288    tcbn28hpcplusbwp30p140ssg0p81v125c       0 
AOI22D4BWP30P140                  3      6.804    tcbn28hpcplusbwp30p140ssg0p81v125c       0 
AOI31D1BWP30P140                  8      5.040    tcbn28hpcplusbwp30p140ssg0p81v125c       0 
AOI32D1BWP30P140                  1      0.756    tcbn28hpcplusbwp30p140ssg0p81v125c       0 
BUFFD12BWP30P140                  2      4.284    tcbn28hpcplusbwp30p140ssg0p81v125c       0 
BUFFD3BWP30P140                   4      2.520    tcbn28hpcplusbwp30p140ssg0p81v125c       0 
BUFFD4BWP30P140                  10      8.820    tcbn28hpcplusbwp30p140ssg0p81v125c       0 
BUFFD8BWP30P140                   3      4.536    tcbn28hpcplusbwp30p140ssg0p81v125c       0 
CKAN2D1BWP30P140                244    122.976    tcbn28hpcplusbwp30p140ssg0p81v125c       0 
CKAN2D8BWP30P140                  1      1.386    tcbn28hpcplusbwp30p140ssg0p81v125c       0 
CKBD4BWP30P140                    1      0.882    tcbn28hpcplusbwp30p140ssg0p81v125c       0 
CKBD6BWP30P140                    1      1.134    tcbn28hpcplusbwp30p140ssg0p81v125c       0 
CKLNQD1BWP30P140                  2      3.780    tcbn28hpcplusbwp30p140ssg0p81v125c       0 
CKMUX2D0BWP30P140               202    178.164    tcbn28hpcplusbwp30p140ssg0p81v125c       0 
CKMUX2D2BWP30P140                 5      5.670    tcbn28hpcplusbwp30p140ssg0p81v125c       0 
CKMUX2D4BWP30P140                 8     14.112    tcbn28hpcplusbwp30p140ssg0p81v125c       0 
CKND12BWP30P140                   2      3.276    tcbn28hpcplusbwp30p140ssg0p81v125c       0 
CKND1BWP30P140                 1413    356.076    tcbn28hpcplusbwp30p140ssg0p81v125c       0 
CKND2BWP30P140                   89     33.642    tcbn28hpcplusbwp30p140ssg0p81v125c       0 
CKND2D1BWP30P140                185     69.930    tcbn28hpcplusbwp30p140ssg0p81v125c       0 
CKND2D2BWP30P140                  8      5.040    tcbn28hpcplusbwp30p140ssg0p81v125c       0 
CKND2D3BWP30P140                  4      3.528    tcbn28hpcplusbwp30p140ssg0p81v125c       0 
CKND3BWP30P140                    4      2.016    tcbn28hpcplusbwp30p140ssg0p81v125c       0 
CKND4BWP30P140                   18     11.340    tcbn28hpcplusbwp30p140ssg0p81v125c       0 
CKND6BWP30P140                    8      7.056    tcbn28hpcplusbwp30p140ssg0p81v125c       0 
CKND8BWP30P140                    1      1.134    tcbn28hpcplusbwp30p140ssg0p81v125c       0 
DCCKBD12BWP30P140                 1      4.284    tcbn28hpcplusbwp30p140ssg0p81v125c       0 
DCCKBD8BWP30P140                  1      3.024    tcbn28hpcplusbwp30p140ssg0p81v125c       0 
DCCKND4BWP30P140                  2      2.520    tcbn28hpcplusbwp30p140ssg0p81v125c       0 
DCCKND8BWP30P140                  2      4.536    tcbn28hpcplusbwp30p140ssg0p81v125c       0 
DFCNQD1BWP30P140                 31     70.308    tcbn28hpcplusbwp30p140ssg0p81v125c       0 
DFSND2BWP30P140                   1      2.520    tcbn28hpcplusbwp30p140ssg0p81v125c       0 
DFSNQD2BWP30P140                  1      2.268    tcbn28hpcplusbwp30p140ssg0p81v125c       0 
EDFCNQD1BWP30P140               715   2072.070    tcbn28hpcplusbwp30p140ssg0p81v125c       0 
FA1D1BWP30P140                 4368   9356.256    tcbn28hpcplusbwp30p140ssg0p81v125c       0 
FA1D2BWP30P140                    5     11.970    tcbn28hpcplusbwp30p140ssg0p81v125c       0 
FA1D4BWP30P140                   14     51.156    tcbn28hpcplusbwp30p140ssg0p81v125c       0 
FA1OPTCD1BWP30P140               31     78.120    tcbn28hpcplusbwp30p140ssg0p81v125c       0 
FA1OPTCD2BWP30P140               51    154.224    tcbn28hpcplusbwp30p140ssg0p81v125c       0 
HA1D1BWP30P140                  252    412.776    tcbn28hpcplusbwp30p140ssg0p81v125c       0 
HA1D2BWP30P140                    1      1.890    tcbn28hpcplusbwp30p140ssg0p81v125c       0 
IAO21D0BWP30P140                  1      0.630    tcbn28hpcplusbwp30p140ssg0p81v125c       0 
IAO21D1BWP30P140                  8      5.040    tcbn28hpcplusbwp30p140ssg0p81v125c       0 
IAO21D2BWP30P140                  8      7.056    tcbn28hpcplusbwp30p140ssg0p81v125c       0 
IAO22D4BWP30P140                  1      2.394    tcbn28hpcplusbwp30p140ssg0p81v125c       0 
IND2D1BWP30P140                 106     53.424    tcbn28hpcplusbwp30p140ssg0p81v125c       0 
IND2D2BWP30P140                   1      0.756    tcbn28hpcplusbwp30p140ssg0p81v125c       0 
IND2D4BWP30P140                   1      1.386    tcbn28hpcplusbwp30p140ssg0p81v125c       0 
INR2D1BWP30P140                 130     65.520    tcbn28hpcplusbwp30p140ssg0p81v125c       0 
INR2D2BWP30P140                  17     12.852    tcbn28hpcplusbwp30p140ssg0p81v125c       0 
INR2D4BWP30P140                   3      4.158    tcbn28hpcplusbwp30p140ssg0p81v125c       0 
INR2D6BWP30P140                   1      1.890    tcbn28hpcplusbwp30p140ssg0p81v125c       0 
INR2D8BWP30P140                   1      2.646    tcbn28hpcplusbwp30p140ssg0p81v125c       0 
INR3D0BWP30P140                   1      0.630    tcbn28hpcplusbwp30p140ssg0p81v125c       0 
INR3D1BWP30P140                   6      6.048    tcbn28hpcplusbwp30p140ssg0p81v125c       0 
INR3D2BWP30P140                  11     11.088    tcbn28hpcplusbwp30p140ssg0p81v125c       0 
INVD0P7BWP30P140                 19      4.788    tcbn28hpcplusbwp30p140ssg0p81v125c       0 
INVD12BWP30P140                   6      9.828    tcbn28hpcplusbwp30p140ssg0p81v125c       0 
INVD15BWP30P140                   3      6.048    tcbn28hpcplusbwp30p140ssg0p81v125c       0 
INVD16BWP30P140                   9     19.278    tcbn28hpcplusbwp30p140ssg0p81v125c       0 
INVD1BWP30P140                    4      1.008    tcbn28hpcplusbwp30p140ssg0p81v125c       0 
INVD1P5BWP30P140                  1      0.378    tcbn28hpcplusbwp30p140ssg0p81v125c       0 
INVD2BWP30P140                   15      5.670    tcbn28hpcplusbwp30p140ssg0p81v125c       0 
INVD3BWP30P140                   33     16.632    tcbn28hpcplusbwp30p140ssg0p81v125c       0 
INVD4BWP30P140                    3      1.890    tcbn28hpcplusbwp30p140ssg0p81v125c       0 
INVD6BWP30P140                   17     14.994    tcbn28hpcplusbwp30p140ssg0p81v125c       0 
INVD8BWP30P140                   16     18.144    tcbn28hpcplusbwp30p140ssg0p81v125c       0 
INVD9BWP30P140                    1      1.260    tcbn28hpcplusbwp30p140ssg0p81v125c       0 
IOA21D0BWP30P140                  3      1.890    tcbn28hpcplusbwp30p140ssg0p81v125c       0 
IOA21D1BWP30P140                407    256.410    tcbn28hpcplusbwp30p140ssg0p81v125c       0 
IOA21D2BWP30P140                 17     14.994    tcbn28hpcplusbwp30p140ssg0p81v125c       0 
IOA21D4BWP30P140                  2      2.772    tcbn28hpcplusbwp30p140ssg0p81v125c       0 
IOA22D1BWP30P140                  1      0.882    tcbn28hpcplusbwp30p140ssg0p81v125c       0 
IOA22D2BWP30P140                  1      1.260    tcbn28hpcplusbwp30p140ssg0p81v125c       0 
MAOI222D1BWP30P140              198    149.688    tcbn28hpcplusbwp30p140ssg0p81v125c       0 
MAOI22D1BWP30P140                 4      3.024    tcbn28hpcplusbwp30p140ssg0p81v125c       0 
MOAI22D1BWP30P140               114     86.184    tcbn28hpcplusbwp30p140ssg0p81v125c       0 
MOAI22D2BWP30P140                 3      3.780    tcbn28hpcplusbwp30p140ssg0p81v125c       0 
MOAI22D4BWP30P140                 1      2.268    tcbn28hpcplusbwp30p140ssg0p81v125c       0 
MUX2D1BWP30P140                  28     28.224    tcbn28hpcplusbwp30p140ssg0p81v125c       0 
MUX2D2BWP30P140                   9     10.206    tcbn28hpcplusbwp30p140ssg0p81v125c       0 
MUX2D4BWP30P140                  29     51.156    tcbn28hpcplusbwp30p140ssg0p81v125c       0 
MUX2ND2BWP30P140                  7      8.820    tcbn28hpcplusbwp30p140ssg0p81v125c       0 
MUX2ND4BWP30P140                  1      2.016    tcbn28hpcplusbwp30p140ssg0p81v125c       0 
MUX2NOPTD2BWP30P140              11     15.246    tcbn28hpcplusbwp30p140ssg0p81v125c       0 
MUX2NOPTD4BWP30P140              10     25.200    tcbn28hpcplusbwp30p140ssg0p81v125c       0 
MUX2NOPTD6BWP30P140               9     32.886    tcbn28hpcplusbwp30p140ssg0p81v125c       0 
MUX2NOPTD8BWP30P140               9     43.092    tcbn28hpcplusbwp30p140ssg0p81v125c       0 
MUX2NUD1BWP30P140                 6      4.536    tcbn28hpcplusbwp30p140ssg0p81v125c       0 
MUX2OPTD12BWP30P140               2     11.592    tcbn28hpcplusbwp30p140ssg0p81v125c       0 
MUX2OPTD2BWP30P140               14     15.876    tcbn28hpcplusbwp30p140ssg0p81v125c       0 
MUX2OPTD4BWP30P140                8     18.144    tcbn28hpcplusbwp30p140ssg0p81v125c       0 
MUX2OPTD6BWP30P140               16     50.400    tcbn28hpcplusbwp30p140ssg0p81v125c       0 
MUX2OPTD8BWP30P140               12     46.872    tcbn28hpcplusbwp30p140ssg0p81v125c       0 
ND2D16BWP30P140                   1      4.158    tcbn28hpcplusbwp30p140ssg0p81v125c       0 
ND2D1BWP30P140                  735    277.830    tcbn28hpcplusbwp30p140ssg0p81v125c       0 
ND2D2BWP30P140                   64     40.320    tcbn28hpcplusbwp30p140ssg0p81v125c       0 
ND2D3BWP30P140                   31     27.342    tcbn28hpcplusbwp30p140ssg0p81v125c       0 
ND2D4BWP30P140                   15     17.010    tcbn28hpcplusbwp30p140ssg0p81v125c       0 
ND2D6BWP30P140                    6      9.828    tcbn28hpcplusbwp30p140ssg0p81v125c       0 
ND2D8BWP30P140                   16     34.272    tcbn28hpcplusbwp30p140ssg0p81v125c       0 
ND2OPTD6BWP30P140                16     26.208    tcbn28hpcplusbwp30p140ssg0p81v125c       0 
ND2OPTIBD12BWP30P140              4     12.600    tcbn28hpcplusbwp30p140ssg0p81v125c       0 
ND2OPTIBD16BWP30P140              5     20.790    tcbn28hpcplusbwp30p140ssg0p81v125c       0 
ND2OPTIBD1BWP30P140             117     44.226    tcbn28hpcplusbwp30p140ssg0p81v125c       0 
ND2OPTIBD2BWP30P140              28     17.640    tcbn28hpcplusbwp30p140ssg0p81v125c       0 
ND2OPTIBD4BWP30P140               6      6.804    tcbn28hpcplusbwp30p140ssg0p81v125c       0 
ND2OPTIBD6BWP30P140               2      3.276    tcbn28hpcplusbwp30p140ssg0p81v125c       0 
ND2OPTPAD16BWP30P140              1      5.796    tcbn28hpcplusbwp30p140ssg0p81v125c       0 
ND2OPTPAD1BWP30P140               2      1.260    tcbn28hpcplusbwp30p140ssg0p81v125c       0 
ND2OPTPAD2BWP30P140               7      7.938    tcbn28hpcplusbwp30p140ssg0p81v125c       0 
ND2OPTPAD4BWP30P140               2      4.032    tcbn28hpcplusbwp30p140ssg0p81v125c       0 
ND3D1BWP30P140                   30     15.120    tcbn28hpcplusbwp30p140ssg0p81v125c       0 
ND3D2BWP30P140                    1      0.882    tcbn28hpcplusbwp30p140ssg0p81v125c       0 
ND3D3BWP30P140                    1      1.260    tcbn28hpcplusbwp30p140ssg0p81v125c       0 
ND3D4BWP30P140                    1      1.764    tcbn28hpcplusbwp30p140ssg0p81v125c       0 
ND3D6BWP30P140                    1      2.520    tcbn28hpcplusbwp30p140ssg0p81v125c       0 
ND3OPTPAD16BWP30P140              1      8.568    tcbn28hpcplusbwp30p140ssg0p81v125c       0 
ND3OPTPAD2BWP30P140               9     13.608    tcbn28hpcplusbwp30p140ssg0p81v125c       0 
ND4D1BWP30P140                    1      0.630    tcbn28hpcplusbwp30p140ssg0p81v125c       0 
NR2D1BWP30P140                  214     80.892    tcbn28hpcplusbwp30p140ssg0p81v125c       0 
NR2D2BWP30P140                   15      9.450    tcbn28hpcplusbwp30p140ssg0p81v125c       0 
NR2D3BWP30P140                    9      7.938    tcbn28hpcplusbwp30p140ssg0p81v125c       0 
NR2D4BWP30P140                    5      5.670    tcbn28hpcplusbwp30p140ssg0p81v125c       0 
NR2D8BWP30P140                    1      2.142    tcbn28hpcplusbwp30p140ssg0p81v125c       0 
NR2OPTD12BWP30P140                1      3.150    tcbn28hpcplusbwp30p140ssg0p81v125c       0 
NR2OPTD6BWP30P140                 5      8.190    tcbn28hpcplusbwp30p140ssg0p81v125c       0 
NR2OPTIBD1BWP30P140             236     89.208    tcbn28hpcplusbwp30p140ssg0p81v125c       0 
NR2OPTIBD4BWP30P140               2      2.268    tcbn28hpcplusbwp30p140ssg0p81v125c       0 
NR2OPTIBD6BWP30P140               1      1.638    tcbn28hpcplusbwp30p140ssg0p81v125c       0 
NR2OPTIBD8BWP30P140               4      8.568    tcbn28hpcplusbwp30p140ssg0p81v125c       0 
NR2OPTPAD1BWP30P140              21     10.584    tcbn28hpcplusbwp30p140ssg0p81v125c       0 
NR2OPTPAD2BWP30P140               4      3.528    tcbn28hpcplusbwp30p140ssg0p81v125c       0 
NR2OPTPAD6BWP30P140               2      4.788    tcbn28hpcplusbwp30p140ssg0p81v125c       0 
NR3D0P7BWP30P140                  1      0.504    tcbn28hpcplusbwp30p140ssg0p81v125c       0 
NR4D0BWP30P140                    4      2.520    tcbn28hpcplusbwp30p140ssg0p81v125c       0 
OA21D1BWP30P140                  10      6.300    tcbn28hpcplusbwp30p140ssg0p81v125c       0 
OA21D2BWP30P140                   8      6.048    tcbn28hpcplusbwp30p140ssg0p81v125c       0 
OA22D2BWP30P140                   1      1.008    tcbn28hpcplusbwp30p140ssg0p81v125c       0 
OAI211D1BWP30P140                16     10.080    tcbn28hpcplusbwp30p140ssg0p81v125c       0 
OAI211D2BWP30P140                11     12.474    tcbn28hpcplusbwp30p140ssg0p81v125c       0 
OAI211OPTREPBD2BWP30P140          1      1.764    tcbn28hpcplusbwp30p140ssg0p81v125c       0 
OAI21D1BWP30P140                166     83.664    tcbn28hpcplusbwp30p140ssg0p81v125c       0 
OAI21D1P5BWP30P140                7      6.174    tcbn28hpcplusbwp30p140ssg0p81v125c       0 
OAI21D2BWP30P140                  8      7.056    tcbn28hpcplusbwp30p140ssg0p81v125c       0 
OAI21D4BWP30P140                  2      3.528    tcbn28hpcplusbwp30p140ssg0p81v125c       0 
OAI221D2BWP30P140                 5      7.560    tcbn28hpcplusbwp30p140ssg0p81v125c       0 
OAI22D1BWP30P140               2553   1608.390    tcbn28hpcplusbwp30p140ssg0p81v125c       0 
OAI22D2BWP30P140                 12     13.608    tcbn28hpcplusbwp30p140ssg0p81v125c       0 
OAI22OPTPBD1BWP30P140            14     14.112    tcbn28hpcplusbwp30p140ssg0p81v125c       0 
OAI22OPTPBD2BWP30P140             1      1.890    tcbn28hpcplusbwp30p140ssg0p81v125c       0 
OAI31D1BWP30P140                  6      3.780    tcbn28hpcplusbwp30p140ssg0p81v125c       0 
OAI32D1BWP30P140                 17     12.852    tcbn28hpcplusbwp30p140ssg0p81v125c       0 
OR2D0BWP30P140                   12      6.048    tcbn28hpcplusbwp30p140ssg0p81v125c       0 
OR2D16BWP30P140                  16     54.432    tcbn28hpcplusbwp30p140ssg0p81v125c       0 
OR2D1BWP30P140                   48     24.192    tcbn28hpcplusbwp30p140ssg0p81v125c       0 
OR2D2BWP30P140                   38     23.940    tcbn28hpcplusbwp30p140ssg0p81v125c       0 
OR2D4BWP30P140                   17     19.278    tcbn28hpcplusbwp30p140ssg0p81v125c       0 
OR2D6BWP30P140                    4      5.544    tcbn28hpcplusbwp30p140ssg0p81v125c       0 
OR2D8BWP30P140                    4      7.560    tcbn28hpcplusbwp30p140ssg0p81v125c       0 
OR3D1BWP30P140                   18     11.340    tcbn28hpcplusbwp30p140ssg0p81v125c       0 
OR3D4BWP30P140                    4      5.544    tcbn28hpcplusbwp30p140ssg0p81v125c       0 
OR4D1BWP30P140                    5      3.780    tcbn28hpcplusbwp30p140ssg0p81v125c       0 
SDFCNARD1BWP30P140                2      6.300    tcbn28hpcplusbwp30p140ssg0p81v125c       0 
SDFCNQD4BWP30P140                 1      3.654    tcbn28hpcplusbwp30p140ssg0p81v125c       0 
SDFCNQOPTBD1BWP30P140             1      3.528    tcbn28hpcplusbwp30p140ssg0p81v125c       0 
SDFCNQOPTBD2BWP30P140             1      3.906    tcbn28hpcplusbwp30p140ssg0p81v125c       0 
XNR2D1BWP30P140                  39     39.312    tcbn28hpcplusbwp30p140ssg0p81v125c       0 
XNR2D2BWP30P140                  10     11.340    tcbn28hpcplusbwp30p140ssg0p81v125c       0 
XNR2D4BWP30P140                   2      4.032    tcbn28hpcplusbwp30p140ssg0p81v125c       0 
XNR2OPTND2BWP30P140               2      2.772    tcbn28hpcplusbwp30p140ssg0p81v125c       0 
XNR2OPTND4BWP30P140               8     20.160    tcbn28hpcplusbwp30p140ssg0p81v125c       0 
XNR2OPTND6BWP30P140              18     65.772    tcbn28hpcplusbwp30p140ssg0p81v125c       0 
XNR2UD1BWP30P140               2850   2513.700    tcbn28hpcplusbwp30p140ssg0p81v125c       0 
XNR3UD1BWP30P140                 34     59.976    tcbn28hpcplusbwp30p140ssg0p81v125c       0 
XOR2D1BWP30P140                  18     18.144    tcbn28hpcplusbwp30p140ssg0p81v125c       0 
XOR2D2BWP30P140                   3      3.402    tcbn28hpcplusbwp30p140ssg0p81v125c       0 
XOR2OPTND2BWP30P140              12     16.632    tcbn28hpcplusbwp30p140ssg0p81v125c       0 
XOR2OPTND4BWP30P140               7     17.640    tcbn28hpcplusbwp30p140ssg0p81v125c       0 
XOR2UD1BWP30P140                532    469.224    tcbn28hpcplusbwp30p140ssg0p81v125c       0 
XOR3D1BWP30P140                   1      1.890    tcbn28hpcplusbwp30p140ssg0p81v125c       0 
XOR3D2BWP30P140                   1      2.016    tcbn28hpcplusbwp30p140ssg0p81v125c       0 
XOR3UD1BWP30P140                190    335.160    tcbn28hpcplusbwp30p140ssg0p81v125c       0 
XOR4D0BWP30P140                   1      2.646    tcbn28hpcplusbwp30p140ssg0p81v125c       0 
---------------------------------------------------------------------------------------------
total                         19011  21906.864                                       


                                                        
            Type             Instances    Area   Area % 
--------------------------------------------------------
sequential                         753  2164.554    9.9 
inverter                          1666   521.514    2.4 
buffer                              23    29.484    0.1 
clock_gating_integrated_cell         2     3.780    0.0 
logic                            16567 19187.532   87.6 
physical_cells                       0     0.000    0.0 
--------------------------------------------------------
total                            19011 21906.864  100.0 

