============================================================
  Generated by:           Genus(TM) Synthesis Solution 21.12-s068_1
  Generated on:           Feb 03 2026  02:34:38 am
  Module:                 System
  Operating conditions:   ssg0p81v125c 
  Interconnect mode:      global
  Area mode:              physical library
============================================================


Path 1: MET (0 ps) Late External Delay Assertion at pin p_output_data_write[0][18]
           View: analysis_view_0p81v_125c_capwst_slowest
          Group: clk
     Startpoint: (R) control/r_addr_count_write_out_reg[0]/CP
          Clock: (R) clk
       Endpoint: (R) p_output_data_write[0][18]
          Clock: (R) clk

                     Capture       Launch     
        Clock Edge:+    2000            0     
       Src Latency:+       0            0     
       Net Latency:+       0 (I)        0 (I) 
           Arrival:=    2000            0     
                                              
      Output Delay:-    1000                  
     Required Time:=    1000                  
      Launch Clock:-       0                  
         Data Path:-    1000                  
             Slack:=       0                  

Exceptions/Constraints:
  output_delay             1000            constraints.sdc_line_25_199_1 

#----------------------------------------------------------------------------------------------------------------------------
#              Timing Point                Flags    Arc   Edge        Cell          Fanout Load Trans Delay Arrival Instance 
#                                                                                          (fF)  (ps)  (ps)   (ps)  Location 
#----------------------------------------------------------------------------------------------------------------------------
  control/r_addr_count_write_out_reg[0]/CP -       -      R     (arrival)                4    -     0     0       0    (-,-) 
  control/r_addr_count_write_out_reg[0]/QN -       CP->QN R     DFKCND2BWP30P140         2  4.0    17    88      88    (-,-) 
  control/g97871/ZN                        -       A2->ZN F     NR2D3BWP30P140          12 11.5    26    20     108    (-,-) 
  control/g97629/ZN                        -       I->ZN  R     INVD3BWP30P140          61 58.1   103    69     177    (-,-) 
  control/g96323__8428/ZN                  -       A1->ZN F     MOAI22D1BWP30P140        1  1.3    41    28     205    (-,-) 
  control/g96020__5477/ZN                  -       A1->ZN R     NR2OPTIBD1BWP30P140      1  1.3    25    24     229    (-,-) 
  control/g104753/ZN                       -       A3->ZN F     ND4D1BWP30P140           1  2.6    69    50     279    (-,-) 
  control/add_1044_62_I1_g1257/CO          -       B->CO  F     FA1D1BWP30P140           1  2.5    24    67     346    (-,-) 
  control/add_1044_62_I1_g1256/CO          -       CI->CO F     FA1OPTCD1BWP30P140       1  2.5    23    33     379    (-,-) 
  control/add_1044_62_I1_g1255/CO          -       CI->CO F     FA1OPTCD1BWP30P140       1  2.5    23    33     412    (-,-) 
  control/add_1044_62_I1_g1254/CO          -       CI->CO F     FA1OPTCD1BWP30P140       1  2.1    22    32     444    (-,-) 
  control/add_1044_62_I1_g1253/CO          -       CI->CO F     FA1D1BWP30P140           1  2.1    21    44     488    (-,-) 
  control/add_1044_62_I1_g1252/CO          -       CI->CO F     FA1D1BWP30P140           1  2.5    23    45     532    (-,-) 
  control/add_1044_62_I1_g1251/CO          -       CI->CO F     FA1OPTCD1BWP30P140       3  3.5    27    36     568    (-,-) 
  control/add_1044_62_I1_g1249/Z           -       A1->Z  F     AO21D1BWP30P140          1  2.5    20    32     600    (-,-) 
  control/add_1044_62_I1_g1246/CO          -       CI->CO F     FA1OPTCD1BWP30P140       1  2.5    23    32     632    (-,-) 
  control/add_1044_62_I1_g1245/CO          -       CI->CO F     FA1OPTCD1BWP30P140       1  2.5    23    33     665    (-,-) 
  control/add_1044_62_I1_g1244/CO          -       CI->CO F     FA1OPTCD1BWP30P140       1  2.5    23    33     698    (-,-) 
  control/add_1044_62_I1_g1243/CO          -       CI->CO F     FA1OPTCD1BWP30P140       1  2.5    23    33     730    (-,-) 
  control/add_1044_62_I1_g1242/CO          -       CI->CO F     FA1OPTCD1BWP30P140       1  2.5    23    33     763    (-,-) 
  control/add_1044_62_I1_g1241/CO          -       CI->CO F     FA1OPTCD1BWP30P140       1  2.1    21    32     795    (-,-) 
  control/add_1044_62_I1_g1240/CO          -       CI->CO F     FA1D1BWP30P140           1  2.1    21    43     838    (-,-) 
  control/add_1044_62_I1_g1239/CO          -       CI->CO F     FA1D1BWP30P140           1  2.1    21    43     881    (-,-) 
  control/add_1044_62_I1_g1238/S           -       CI->S  R     FA1D1BWP30P140           1  1.3    23    71     952    (-,-) 
  control/g85951/ZN                        -       A1->ZN R     INR2D1BWP30P140          1  4.8   113    48    1000    (-,-) 
  p_output_data_write[0][18]               <<<     -      R     (port)                   -    -     -     0    1000    (-,-) 
#----------------------------------------------------------------------------------------------------------------------------


