Copyright 1986-2022 Xilinx, Inc. All Rights Reserved. Copyright 2022-2023 Advanced Micro Devices, Inc. All Rights Reserved.
---------------------------------------------------------------------------------------------------------------------------------------------
| Tool Version : Vivado v.2023.2 (lin64) Build 4029153 Fri Oct 13 20:13:54 MDT 2023
| Date         : Thu Oct  1 16:57:10 2026
| Host         : paxos.inf.pucrs.br running 64-bit Rocky Linux release 8.10 (Green Obsidian)
| Command      : report_utilization -hierarchical -file /sim/tarsio/reports-multicore-23da4e19/wpn16_1/utilization_hierarchical_synth.rpt
| Design       : WPN16ReplicaTop
| Device       : xczu7ev-ffvc1156-2-e
| Speed File   : -2
| Design State : Synthesized
---------------------------------------------------------------------------------------------------------------------------------------------

Utilization Design Information

Table of Contents
-----------------
1. Utilization by Hierarchy

1. Utilization by Hierarchy
---------------------------

+---------------------------------------------+-----------------------------------------+------------+------------+---------+------+------+--------+--------+------+------------+
|                   Instance                  |                  Module                 | Total LUTs | Logic LUTs | LUTRAMs | SRLs |  FFs | RAMB36 | RAMB18 | URAM | DSP Blocks |
+---------------------------------------------+-----------------------------------------+------------+------------+---------+------+------+--------+--------+------+------------+
| WPN16ReplicaTop                             |                                   (top) |       9133 |       9133 |       0 |    0 | 2647 |      0 |      0 |    0 |          8 |
|   CORES[0].core_inst                        |                                    Conv |       9133 |       9133 |       0 |    0 | 2647 |      0 |      0 |    0 |          8 |
|     (CORES[0].core_inst)                    |                                    Conv |       5502 |       5502 |       0 |    0 | 2647 |      0 |      0 |    0 |          0 |
|     MAC_LANES[0].multip                     |                                  Multip |         29 |         29 |       0 |    0 |    0 |      0 |      0 |    0 |          1 |
|     MAC_LANES[1].multip                     |                                Multip_0 |         29 |         29 |       0 |    0 |    0 |      0 |      0 |    0 |          1 |
|     MAC_LANES[2].multip                     |                                Multip_1 |         29 |         29 |       0 |    0 |    0 |      0 |      0 |    0 |          1 |
|     MAC_LANES[3].multip                     |                                Multip_2 |         29 |         29 |       0 |    0 |    0 |      0 |      0 |    0 |          1 |
|     MAC_LANES[4].multip                     |                                Multip_3 |         29 |         29 |       0 |    0 |    0 |      0 |      0 |    0 |          1 |
|     MAC_LANES[5].multip                     |                                Multip_4 |         29 |         29 |       0 |    0 |    0 |      0 |      0 |    0 |          1 |
|     MAC_LANES[6].multip                     |                                Multip_5 |         29 |         29 |       0 |    0 |    0 |      0 |      0 |    0 |          1 |
|     MAC_LANES[7].multip                     |                                Multip_6 |         29 |         29 |       0 |    0 |    0 |      0 |      0 |    0 |          1 |
|     WEIGHT_TRANSFORM_ROWS[0].weight_trf_row |                 WeightTransformRowConst |        130 |        130 |       0 |    0 |    0 |      0 |      0 |    0 |          0 |
|     WEIGHT_TRANSFORM_ROWS[1].weight_trf_row | WeightTransformRowConst__parameterized0 |        201 |        201 |       0 |    0 |    0 |      0 |      0 |    0 |          0 |
|     WEIGHT_TRANSFORM_ROWS[2].weight_trf_row | WeightTransformRowConst__parameterized1 |        848 |        848 |       0 |    0 |    0 |      0 |      0 |    0 |          0 |
|     WEIGHT_TRANSFORM_ROWS[4].weight_trf_row | WeightTransformRowConst__parameterized3 |        348 |        348 |       0 |    0 |    0 |      0 |      0 |    0 |          0 |
|     WEIGHT_TRANSFORM_ROWS[5].weight_trf_row | WeightTransformRowConst__parameterized4 |        807 |        807 |       0 |    0 |    0 |      0 |      0 |    0 |          0 |
|     WEIGHT_TRANSFORM_ROWS[6].weight_trf_row | WeightTransformRowConst__parameterized5 |        119 |        119 |       0 |    0 |    0 |      0 |      0 |    0 |          0 |
|     WEIGHT_TRANSFORM_ROWS[7].weight_trf_row | WeightTransformRowConst__parameterized6 |        152 |        152 |       0 |    0 |    0 |      0 |      0 |    0 |          0 |
|     inverse_row_acc                         |                    InverseRowAccumulate |        222 |        222 |       0 |    0 |    0 |      0 |      0 |    0 |          0 |
|     inverse_row_current                     |                              InverseRow |        584 |        584 |       0 |    0 |    0 |      0 |      0 |    0 |          0 |
+---------------------------------------------+-----------------------------------------+------------+------------+---------+------+------+--------+--------+------+------------+


