Copyright 1986-2022 Xilinx, Inc. All Rights Reserved. Copyright 2022-2023 Advanced Micro Devices, Inc. All Rights Reserved.
-----------------------------------------------------------------------------------------------------------------------------------------------------------------------------
| Tool Version : Vivado v.2023.2 (lin64) Build 4029153 Fri Oct 13 20:13:54 MDT 2023
| Date         : Mon Sep 28 15:03:25 2026
| Host         : paxos.inf.pucrs.br running 64-bit Rocky Linux release 8.10 (Green Obsidian)
| Command      : report_utilization -hierarchical -file /tmp/fastconv-stream08-49e2a22b/rtl/conv2x2/fpga_zcu104/stream08_pipeline_campaign/reports/rowconst4/utilization.rpt
| Design       : Conv
| Device       : xczu7ev-ffvc1156-2-e
| Speed File   : -2
| Design State : Routed
-----------------------------------------------------------------------------------------------------------------------------------------------------------------------------

Utilization Design Information

Table of Contents
-----------------
1. Utilization by Hierarchy

1. Utilization by Hierarchy
---------------------------

+-------------------+-----------------------------------------+------------+------------+---------+------+------+--------+--------+------+------------+
|      Instance     |                  Module                 | Total LUTs | Logic LUTs | LUTRAMs | SRLs |  FFs | RAMB36 | RAMB18 | URAM | DSP Blocks |
+-------------------+-----------------------------------------+------------+------------+---------+------+------+--------+--------+------+------------+
| Conv              |                                   (top) |       4256 |       4256 |       0 |    0 | 1264 |      0 |      0 |    0 |          8 |
|   (Conv)          |                                   (top) |        672 |        672 |       0 |    0 | 1264 |      0 |      0 |    0 |          0 |
|   multip0         |                                  Multip |         39 |         39 |       0 |    0 |    0 |      0 |      0 |    0 |          1 |
|   multip1         |                                Multip_0 |         58 |         58 |       0 |    0 |    0 |      0 |      0 |    0 |          1 |
|   multip2         |                                Multip_1 |         56 |         56 |       0 |    0 |    0 |      0 |      0 |    0 |          1 |
|   multip3         |                                Multip_2 |         40 |         40 |       0 |    0 |    0 |      0 |      0 |    0 |          1 |
|   multip4         |                                Multip_3 |         36 |         36 |       0 |    0 |    0 |      0 |      0 |    0 |          1 |
|   multip5         |                                Multip_4 |         54 |         54 |       0 |    0 |    0 |      0 |      0 |    0 |          1 |
|   multip6         |                                Multip_5 |         53 |         53 |       0 |    0 |    0 |      0 |      0 |    0 |          1 |
|   multip7         |                                Multip_6 |         36 |         36 |       0 |    0 |    0 |      0 |      0 |    0 |          1 |
|   trf             |                               Transform |        721 |        721 |       0 |    0 |    0 |      0 |      0 |    0 |          0 |
|     matrix_c0     |                                MatrixC0 |        440 |        440 |       0 |    0 |    0 |      0 |      0 |    0 |          0 |
|     matrix_c1     |                                MatrixC1 |        281 |        281 |       0 |    0 |    0 |      0 |      0 |    0 |          0 |
|   weight_trf_row0 |                 WeightTransformRowConst |        317 |        317 |       0 |    0 |    0 |      0 |      0 |    0 |          0 |
|   weight_trf_row1 | WeightTransformRowConst__parameterized0 |        889 |        889 |       0 |    0 |    0 |      0 |      0 |    0 |          0 |
|   weight_trf_row2 | WeightTransformRowConst__parameterized1 |       1108 |       1108 |       0 |    0 |    0 |      0 |      0 |    0 |          0 |
|   weight_trf_row3 | WeightTransformRowConst__parameterized2 |        202 |        202 |       0 |    0 |    0 |      0 |      0 |    0 |          0 |
+-------------------+-----------------------------------------+------------+------------+---------+------+------+--------+--------+------+------------+
* Note: The sum of lower-level cells may be larger than their parent cells total, due to cross-hierarchy LUT combining


