============================================================
  Generated by:           Genus(TM) Synthesis Solution 21.12-s068_1
  Generated on:           Jul 09 2025  09:51:00 pm
  Module:                 conv
  Operating conditions:   ssg0p81v125c 
  Interconnect mode:      global
  Area mode:              physical library
============================================================


Path 1: MET (0 ps) Setup Check with Pin registers_reg[0][18]/CP->D
           View: analysis_view_0p81v_125c_capwst_slowest
          Group: clk
     Startpoint: (F) weights[15][1]
          Clock: (R) clk
       Endpoint: (R) registers_reg[0][18]/D
          Clock: (R) clk

                     Capture       Launch     
        Clock Edge:+    2000            0     
        Drv Adjust:+       0            5     
       Src Latency:+       0            0     
       Net Latency:+       0 (I)        0 (I) 
           Arrival:=    2000            5     
                                              
             Setup:-      52                  
     Required Time:=    1948                  
      Launch Clock:-       5                  
       Input Delay:-    1000                  
         Data Path:-     944                  
             Slack:=       0                  

Exceptions/Constraints:
  input_delay             1000            constraints.sdc_line_24_640_1 

#-------------------------------------------------------------------------------------------------------------------------------
#              Timing Point               Flags    Arc   Edge          Cell            Fanout Load Trans Delay Arrival Instance 
#                                                                                             (fF)  (ps)  (ps)   (ps)  Location 
#-------------------------------------------------------------------------------------------------------------------------------
  weights[15][1]                          -       -      F     (arrival)                    1  1.7    12     0    1005    (-,-) 
  g14496/Z                                -       B1->Z  F     AO22D4BWP30P140              1  2.4    13    29    1034    (-,-) 
  g12813/ZN                               -       A2->ZN R     NR2OPTPAD2BWP30P140          1  3.2    17    16    1051    (-,-) 
  g12734/ZN                               -       A1->ZN F     ND2OPTIBD6BWP30P140          1  3.0    13    11    1062    (-,-) 
  g12667/Z                                -       A2->Z  F     OR2D16BWP30P140             21 31.1    18    33    1094    (-,-) 
  multip0/mul_16_61_g4963/ZN              -       A1->ZN R     XNR2D1BWP30P140              2  2.2    20    35    1130    (-,-) 
  multip0/mul_16_61_g4913/ZN              -       I->ZN  F     CKND1BWP30P140               1  1.3    14    13    1142    (-,-) 
  multip0/mul_16_61_g4633__5526/Z         -       A2->Z  F     AO22D2BWP30P140              1  2.6    15    33    1176    (-,-) 
  multip0/mul_16_61_cdnfadd_006_0__6783/S -       B->S   R     FA1D1BWP30P140               1  2.6    30    85    1260    (-,-) 
  multip0/mul_16_61_cdnfadd_006_1__3680/S -       CI->S  R     FA1OPTCD1BWP30P140           2  2.0    27    64    1325    (-,-) 
  multip0/mul_16_61_g4569__3680/ZN        -       A1->ZN F     CKND2D1BWP30P140             1  1.9    26    21    1346    (-,-) 
  multip0/mul_16_61_g4567__5526/ZN        -       B->ZN  R     MAOI222D1BWP30P140           1  1.3    37    32    1377    (-,-) 
  multip0/mul_16_61_g4566__8428/ZN        -       B->ZN  F     AOI21OPTREPBD1BWP30P140      1  1.3    24    16    1393    (-,-) 
  multip0/mul_16_61_g4565__4319/ZN        -       B->ZN  R     IOA21D1BWP30P140             1  2.6    23    20    1412    (-,-) 
  multip0/mul_16_61_g4564__6260/CO        -       CI->CO R     FA1OPTCD2BWP30P140           1  2.6    18    28    1440    (-,-) 
  multip0/mul_16_61_g4563__5107/CO        -       CI->CO R     FA1OPTCD2BWP30P140           1  2.6    18    27    1467    (-,-) 
  multip0/mul_16_61_g4557__6417/CO        -       CI->CO R     FA1OPTCD2BWP30P140           1  2.6    18    27    1494    (-,-) 
  multip0/mul_16_61_g4546__7482/CO        -       CI->CO R     FA1OPTCD2BWP30P140           1  2.6    18    27    1521    (-,-) 
  multip0/mul_16_61_g4542__7098/CO        -       CI->CO R     FA1OPTCD2BWP30P140           1  2.6    18    27    1548    (-,-) 
  multip0/mul_16_61_g4514__6161/CO        -       CI->CO R     FA1OPTCD2BWP30P140           1  2.6    18    27    1575    (-,-) 
  multip0/mul_16_61_g4507__8246/CO        -       CI->CO R     FA1OPTCD1BWP30P140           1  2.6    24    33    1608    (-,-) 
  multip0/mul_16_61_g4505__1705/CO        -       CI->CO R     FA1OPTCD2BWP30P140           3  3.6    21    30    1638    (-,-) 
  multip0/mul_16_61_g4504__2802/ZN        -       A1->ZN F     ND3D1BWP30P140               2  2.3    47    33    1671    (-,-) 
  multip0/mul_16_61_g4502__3680/ZN        -       B2->ZN R     INR3D1BWP30P140              2  2.1    29    26    1696    (-,-) 
  multip0/mul_16_61_g4496__5107/ZN        -       A1->ZN F     AOI21D1BWP30P140             3  3.5    45    34    1731    (-,-) 
  multip0/mul_16_61_g4489__2883/ZN        -       A3->ZN R     OAI31D1BWP30P140             1  2.1    46    40    1770    (-,-) 
  multip0/mul_16_61_g4482__1881/S         -       CI->S  R     FA1D1BWP30P140               1  1.2    22    63    1833    (-,-) 
  g14403/ZN                               -       A1->ZN F     CKND2D1BWP30P140            16 14.3   135    82    1915    (-,-) 
  g13690/ZN                               -       A1->ZN R     ND2D1BWP30P140               1  1.3    39    34    1948    (-,-) 
  registers_reg[0][18]/D                  <<<     -      R     EDFCNQD1BWP30P140            1    -     -     0    1948    (-,-) 
#-------------------------------------------------------------------------------------------------------------------------------


