============================================================
  Generated by:           Genus(TM) Synthesis Solution 21.12-s068_1
  Generated on:           Oct 08 2025  02:05:23 am
  Module:                 System
  Library domain:         timing_cond_0p81v_125c
    Domain index:         0
    Technology library:   tcbn28hpcplusbwp30p140ssg0p81v125c 110
  Operating conditions:   ssg0p81v125c 
  Interconnect mode:      global
  Area mode:              physical library
============================================================

       Instance         Module    Cell Count  Cell Area  Net Area   Total Area 
-------------------------------------------------------------------------------
System                                 15317  17394.048  7935.265    25329.313 
  control             Control           2919   3928.302   993.008     4921.310 
  conv                Conv             12398  13465.746  6398.761    19864.507 
    genblk1[0].multip Multip             639    617.400   265.458      882.858 
    genblk1[1].multip Multip_272         639    617.022   265.335      882.357 
    genblk1[2].multip Multip_271         641    617.022   265.840      882.862 
    genblk1[3].multip Multip_270         641    617.148   265.840      882.988 
    genblk1[4].multip Multip_269         642    617.148   266.215      883.363 
    genblk1[5].multip Multip_268         564    597.744   236.236      833.980 
    inv               Inverse           1053   2221.506   494.334     2715.840 
      matrix_a0       MatrixA0           351    740.502   127.134      867.636 
        csa_p0        CSA_3_224           39     82.278    14.126       96.404 
          layer1      FA_250              20     42.462     0.000       42.462 
        csa_p1        CSA_3_223           39     82.278    14.126       96.404 
          layer1      FA_249              20     42.462     0.000       42.462 
        csa_p2        CSA_3_222           39     82.278    14.126       96.404 
          layer1      FA_248              20     42.462     0.000       42.462 
        csa_p3        CSA_3_221           39     82.278    14.126       96.404 
          layer1      FA_247              20     42.462     0.000       42.462 
        csa_p4        CSA_3_220           39     82.278    14.126       96.404 
          layer1      FA_246              20     42.462     0.000       42.462 
        csa_p5        CSA_3_219           39     82.278    14.126       96.404 
          layer1      FA_245              20     42.462     0.000       42.462 
        csa_p6        CSA_3_218           39     82.278    14.126       96.404 
          layer1      FA_244              20     42.462     0.000       42.462 
        csa_p7        CSA_3_217           39     82.278    14.126       96.404 
          layer1      FA_243              20     42.462     0.000       42.462 
        csa_p8        CSA_3_216           39     82.278    14.126       96.404 
          layer1      FA_242              20     42.462     0.000       42.462 
      matrix_a1       MatrixA1           702   1481.004   254.269     1735.273 
        csa_p0        CSA_3               39     82.278    14.126       96.404 
          layer1      FA                  20     42.462     0.000       42.462 
        csa_p1        CSA_3_241           39     82.278    14.126       96.404 
          layer1      FA_267              20     42.462     0.000       42.462 
        csa_p2        CSA_3_240           39     82.278    14.126       96.404 
          layer1      FA_266              20     42.462     0.000       42.462 
        csa_p3        CSA_3_239           39     82.278    14.126       96.404 
          layer1      FA_265              20     42.462     0.000       42.462 
        csa_p4        CSA_3_238           39     82.278    14.126       96.404 
          layer1      FA_264              20     42.462     0.000       42.462 
        csa_p5        CSA_3_237           39     82.278    14.126       96.404 
          layer1      FA_263              20     42.462     0.000       42.462 
        csa_p6        CSA_3_236           39     82.278    14.126       96.404 
          layer1      FA_262              20     42.462     0.000       42.462 
        csa_p7        CSA_3_235           39     82.278    14.126       96.404 
          layer1      FA_261              20     42.462     0.000       42.462 
        csa_p8        CSA_3_234           39     82.278    14.126       96.404 
          layer1      FA_260              20     42.462     0.000       42.462 
        csa_p9        CSA_3_233           39     82.278    14.126       96.404 
          layer1      FA_259              20     42.462     0.000       42.462 
        csa_p10       CSA_3_232           39     82.278    14.126       96.404 
          layer1      FA_258              20     42.462     0.000       42.462 
        csa_p11       CSA_3_231           39     82.278    14.126       96.404 
          layer1      FA_257              20     42.462     0.000       42.462 
        csa_p12       CSA_3_230           39     82.278    14.126       96.404 
          layer1      FA_256              20     42.462     0.000       42.462 
        csa_p13       CSA_3_229           39     82.278    14.126       96.404 
          layer1      FA_255              20     42.462     0.000       42.462 
        csa_p14       CSA_3_228           39     82.278    14.126       96.404 
          layer1      FA_254              20     42.462     0.000       42.462 
        csa_p15       CSA_3_227           39     82.278    14.126       96.404 
          layer1      FA_253              20     42.462     0.000       42.462 
        csa_p16       CSA_3_226           39     82.278    14.126       96.404 
          layer1      FA_252              20     42.462     0.000       42.462 
        csa_p17       CSA_3_225           39     82.278    14.126       96.404 
          layer1      FA_251              20     42.462     0.000       42.462 
    mux_mult          MuxMult             23     23.940     5.000       28.940 
    trf               Transform         1974   2903.796   680.417     3584.213 
      matrix_c0       MatrixC0           894   1320.732   293.892     1614.624 
        csa_n0        CSA_2               20     41.958     4.793       46.751 
        csa_n1        CSA_2_211           20     41.958     4.793       46.751 
        csa_n2        CSA_2_206           20     41.958     4.793       46.751 
        csa_n6        CSA_2_215           20     41.958     4.793       46.751 
        csa_n7        CSA_2_210           20     41.958     4.793       46.751 
        csa_n8        CSA_2_205           20     41.958     4.793       46.751 
        csa_n12       CSA_2_214           20     41.958     4.793       46.751 
        csa_n13       CSA_2_209           20     41.958     4.793       46.751 
        csa_n14       CSA_2_204           20     41.958     4.793       46.751 
        csa_n18       CSA_2_213           20     41.958     4.793       46.751 
        csa_n19       CSA_2_208           20     41.958     4.793       46.751 
        csa_n20       CSA_2_203           20     41.958     4.793       46.751 
        csa_n24       CSA_2_212           20     41.958     4.793       46.751 
        csa_n25       CSA_2_207           20     41.958     4.793       46.751 
        csa_n26       CSA_2_202           20     41.958     4.793       46.751 
      matrix_c1       MatrixC1          1080   1583.064   356.256     1939.320 
        csa_n0        CSA_2_201           20     41.958     4.793       46.751 
        csa_n1        CSA_2_200           20     41.958     4.793       46.751 
        csa_n2        CSA_2_199           20     41.958     4.793       46.751 
        csa_n3        CSA_2_198           20     41.958     4.793       46.751 
        csa_n4        CSA_2_197           20     41.958     4.793       46.751 
        csa_n5        CSA_2_196           20     41.958     4.793       46.751 
        csa_n6        CSA_2_195           20     41.958     4.793       46.751 
        csa_n7        CSA_2_194           20     41.958     4.793       46.751 
        csa_n8        CSA_2_193           20     41.958     4.793       46.751 
        csa_n9        CSA_2_192           20     41.958     4.793       46.751 
        csa_n10       CSA_2_191           20     41.958     4.793       46.751 
        csa_n11       CSA_2_190           20     41.958     4.793       46.751 
        csa_n12       CSA_2_189           20     41.958     4.793       46.751 
        csa_n13       CSA_2_188           20     41.958     4.793       46.751 
        csa_n14       CSA_2_187           20     41.958     4.793       46.751 
        csa_n15       CSA_2_186           20     41.958     4.793       46.751 
        csa_n16       CSA_2_185           20     41.958     4.793       46.751 
        csa_n17       CSA_2_184           20     41.958     4.793       46.751 
