============================================================
  Generated by:           Genus(TM) Synthesis Solution 21.12-s068_1
  Generated on:           Sep 02 2026  01:30:29 pm
  Module:                 Conv
  Library domain:         timing_cond_0p81v_125c
    Domain index:         0
    Technology library:   tcbn28hpcplusbwp30p140ssg0p81v125c 110
  Operating conditions:   ssg0p81v125c 
  Interconnect mode:      global
  Area mode:              physical library
============================================================

                                                                               Library 
        Gate         Instances    Area                  Library                 Domain 
---------------------------------------------------------------------------------------
AN2D1BWP30P140               6     3.024    tcbn28hpcplusbwp30p140ssg0p81v125c       0 
AN2D4BWP30P140               1     1.134    tcbn28hpcplusbwp30p140ssg0p81v125c       0 
AN3D1BWP30P140               3     1.890    tcbn28hpcplusbwp30p140ssg0p81v125c       0 
AN4D1BWP30P140               2     1.512    tcbn28hpcplusbwp30p140ssg0p81v125c       0 
AO211D1BWP30P140             2     1.512    tcbn28hpcplusbwp30p140ssg0p81v125c       0 
AO21D1BWP30P140              6     3.780    tcbn28hpcplusbwp30p140ssg0p81v125c       0 
AO22D0BWP30P140            276   208.656    tcbn28hpcplusbwp30p140ssg0p81v125c       0 
AOI211D1BWP30P140            1     0.630    tcbn28hpcplusbwp30p140ssg0p81v125c       0 
AOI21D1BWP30P140            58    29.232    tcbn28hpcplusbwp30p140ssg0p81v125c       0 
AOI221D1BWP30P140            2     1.512    tcbn28hpcplusbwp30p140ssg0p81v125c       0 
AOI222D1BWP30P140           10    10.080    tcbn28hpcplusbwp30p140ssg0p81v125c       0 
AOI22D1BWP30P140           393   247.590    tcbn28hpcplusbwp30p140ssg0p81v125c       0 
AOI31D1BWP30P140             2     1.260    tcbn28hpcplusbwp30p140ssg0p81v125c       0 
AOI32D1BWP30P140             2     1.512    tcbn28hpcplusbwp30p140ssg0p81v125c       0 
CKAN2D1BWP30P140            92    46.368    tcbn28hpcplusbwp30p140ssg0p81v125c       0 
CKLNQD1BWP30P140            49    92.610    tcbn28hpcplusbwp30p140ssg0p81v125c       0 
CKMUX2D0BWP30P140           20    17.640    tcbn28hpcplusbwp30p140ssg0p81v125c       0 
CKND1BWP30P140             789   198.828    tcbn28hpcplusbwp30p140ssg0p81v125c       0 
CKND2BWP30P140               3     1.134    tcbn28hpcplusbwp30p140ssg0p81v125c       0 
CKND2D1BWP30P140           133    50.274    tcbn28hpcplusbwp30p140ssg0p81v125c       0 
DFCND1BWP30P140             12    30.240    tcbn28hpcplusbwp30p140ssg0p81v125c       0 
DFCNQD1BWP30P140           793  1798.524    tcbn28hpcplusbwp30p140ssg0p81v125c       0 
DFCNQD2BWP30P140             2     5.292    tcbn28hpcplusbwp30p140ssg0p81v125c       0 
DFKCND1BWP30P140             5    10.710    tcbn28hpcplusbwp30p140ssg0p81v125c       0 
DFKCNQD2BWP30P140           75   151.200    tcbn28hpcplusbwp30p140ssg0p81v125c       0 
DFSND1BWP30P140              1     2.394    tcbn28hpcplusbwp30p140ssg0p81v125c       0 
DFSNQD2BWP30P140             2     4.536    tcbn28hpcplusbwp30p140ssg0p81v125c       0 
EDFCND1BWP30P140             7    21.168    tcbn28hpcplusbwp30p140ssg0p81v125c       0 
EDFCNQD1BWP30P140            6    17.388    tcbn28hpcplusbwp30p140ssg0p81v125c       0 
FA1D1BWP30P140            1991  4264.722    tcbn28hpcplusbwp30p140ssg0p81v125c       0 
FA1OPTCD1BWP30P140           1     2.520    tcbn28hpcplusbwp30p140ssg0p81v125c       0 
HA1D1BWP30P140             343   561.834    tcbn28hpcplusbwp30p140ssg0p81v125c       0 
IAO21D1BWP30P140             4     2.520    tcbn28hpcplusbwp30p140ssg0p81v125c       0 
IND2D1BWP30P140             37    18.648    tcbn28hpcplusbwp30p140ssg0p81v125c       0 
IND2D4BWP30P140              1     1.386    tcbn28hpcplusbwp30p140ssg0p81v125c       0 
IND3D1BWP30P140              8     5.040    tcbn28hpcplusbwp30p140ssg0p81v125c       0 
IND4D1BWP30P140              2     1.512    tcbn28hpcplusbwp30p140ssg0p81v125c       0 
INR2D1BWP30P140            169    85.176    tcbn28hpcplusbwp30p140ssg0p81v125c       0 
INR2D4BWP30P140              1     1.386    tcbn28hpcplusbwp30p140ssg0p81v125c       0 
INR3D0BWP30P140             16    10.080    tcbn28hpcplusbwp30p140ssg0p81v125c       0 
INR3D2BWP30P140              1     1.008    tcbn28hpcplusbwp30p140ssg0p81v125c       0 
INR4D0BWP30P140              2     1.512    tcbn28hpcplusbwp30p140ssg0p81v125c       0 
INVD0P7BWP30P140             4     1.008    tcbn28hpcplusbwp30p140ssg0p81v125c       0 
INVD1BWP30P140               9     2.268    tcbn28hpcplusbwp30p140ssg0p81v125c       0 
IOA21D0BWP30P140             4     2.520    tcbn28hpcplusbwp30p140ssg0p81v125c       0 
IOA21D1BWP30P140           148    93.240    tcbn28hpcplusbwp30p140ssg0p81v125c       0 
MAOI222D1BWP30P140          55    41.580    tcbn28hpcplusbwp30p140ssg0p81v125c       0 
MAOI22D1BWP30P140            9     6.804    tcbn28hpcplusbwp30p140ssg0p81v125c       0 
MOAI22D1BWP30P140           15    11.340    tcbn28hpcplusbwp30p140ssg0p81v125c       0 
MUX2D0BWP30P140              2     1.764    tcbn28hpcplusbwp30p140ssg0p81v125c       0 
MUX2NUD1BWP30P140            5     3.780    tcbn28hpcplusbwp30p140ssg0p81v125c       0 
ND2D1BWP30P140             162    61.236    tcbn28hpcplusbwp30p140ssg0p81v125c       0 
ND2D2BWP30P140               1     0.630    tcbn28hpcplusbwp30p140ssg0p81v125c       0 
ND2OPTIBD1BWP30P140         24     9.072    tcbn28hpcplusbwp30p140ssg0p81v125c       0 
ND3D1BWP30P140              11     5.544    tcbn28hpcplusbwp30p140ssg0p81v125c       0 
ND4D1BWP30P140               3     1.890    tcbn28hpcplusbwp30p140ssg0p81v125c       0 
NR2D1BWP30P140              98    37.044    tcbn28hpcplusbwp30p140ssg0p81v125c       0 
NR2D3BWP30P140               1     0.882    tcbn28hpcplusbwp30p140ssg0p81v125c       0 
NR2D4BWP30P140               2     2.268    tcbn28hpcplusbwp30p140ssg0p81v125c       0 
NR2OPTIBD1BWP30P140        140    52.920    tcbn28hpcplusbwp30p140ssg0p81v125c       0 
NR2OPTPAD1BWP30P140          1     0.504    tcbn28hpcplusbwp30p140ssg0p81v125c       0 
NR3D0BWP30P140              12     6.048    tcbn28hpcplusbwp30p140ssg0p81v125c       0 
NR3D0P7BWP30P140             1     0.504    tcbn28hpcplusbwp30p140ssg0p81v125c       0 
NR3D1P5BWP30P140             1     0.882    tcbn28hpcplusbwp30p140ssg0p81v125c       0 
NR4D0BWP30P140               2     1.260    tcbn28hpcplusbwp30p140ssg0p81v125c       0 
OA211D1BWP30P140             2     1.512    tcbn28hpcplusbwp30p140ssg0p81v125c       0 
OA21D1BWP30P140              3     1.890    tcbn28hpcplusbwp30p140ssg0p81v125c       0 
OAI211D1BWP30P140            8     5.040    tcbn28hpcplusbwp30p140ssg0p81v125c       0 
OAI21D1BWP30P140            87    43.848    tcbn28hpcplusbwp30p140ssg0p81v125c       0 
OAI221D1BWP30P140            2     1.764    tcbn28hpcplusbwp30p140ssg0p81v125c       0 
OAI222D1BWP30P140            5     5.040    tcbn28hpcplusbwp30p140ssg0p81v125c       0 
OAI22D1BWP30P140           586   369.180    tcbn28hpcplusbwp30p140ssg0p81v125c       0 
OAI31D1BWP30P140             6     3.780    tcbn28hpcplusbwp30p140ssg0p81v125c       0 
OAI32D1BWP30P140             6     4.536    tcbn28hpcplusbwp30p140ssg0p81v125c       0 
OR2D0BWP30P140              25    12.600    tcbn28hpcplusbwp30p140ssg0p81v125c       0 
OR2D1BWP30P140              29    14.616    tcbn28hpcplusbwp30p140ssg0p81v125c       0 
OR3D1BWP30P140              10     6.300    tcbn28hpcplusbwp30p140ssg0p81v125c       0 
OR4D1BWP30P140              80    60.480    tcbn28hpcplusbwp30p140ssg0p81v125c       0 
SDFCNQARD1BWP30P140         80   231.840    tcbn28hpcplusbwp30p140ssg0p81v125c       0 
XNR2UD1BWP30P140           623   549.486    tcbn28hpcplusbwp30p140ssg0p81v125c       0 
XNR3UD1BWP30P140            52    91.728    tcbn28hpcplusbwp30p140ssg0p81v125c       0 
XOR2UD1BWP30P140           246   216.972    tcbn28hpcplusbwp30p140ssg0p81v125c       0 
XOR3UD1BWP30P140            23    40.572    tcbn28hpcplusbwp30p140ssg0p81v125c       0 
XOR4D0BWP30P140              1     2.646    tcbn28hpcplusbwp30p140ssg0p81v125c       0 
XOR4D1BWP30P140              4    10.584    tcbn28hpcplusbwp30p140ssg0p81v125c       0 
---------------------------------------------------------------------------------------
total                     7917  9938.376                                       


                                                       
            Type             Instances   Area   Area % 
-------------------------------------------------------
sequential                         983 2273.292   22.9 
inverter                           805  203.238    2.0 
clock_gating_integrated_cell        49   92.610    0.9 
logic                             6080 7369.236   74.1 
physical_cells                       0    0.000    0.0 
-------------------------------------------------------
total                             7917 9938.376  100.0 

