============================================================
  Generated by:           Genus(TM) Synthesis Solution 21.12-s068_1
  Generated on:           Feb 03 2026  04:03:31 am
  Module:                 System
  Library domain:         timing_cond_0p81v_125c
    Domain index:         0
    Technology library:   tcbn28hpcplusbwp30p140ssg0p81v125c 110
  Operating conditions:   ssg0p81v125c 
  Interconnect mode:      global
  Area mode:              physical library
============================================================

       Instance         Module    Cell Count  Cell Area  Net Area   Total Area 
-------------------------------------------------------------------------------
System                                 19876  27336.708 10614.337    37951.045 
  control             Control           6523   7593.516  2907.475    10500.991 
  conv                Conv             13353  19743.192  7100.484    26843.676 
    genblk1[0].multip Multip             646    616.518   266.590      883.108 
    genblk1[1].multip Multip_411         582    603.036   245.964      849.000 
    genblk1[2].multip Multip_410         558    604.170   237.109      841.279 
    genblk1[3].multip Multip_409         582    603.036   245.964      849.000 
    inv               Inverse           3023   5617.080  1439.278     7056.358 
      matrix_a0       MatrixA0          1214   2246.580   489.295     2735.875 
      matrix_a1       MatrixA1          1809   3370.500   728.746     4099.246 
    mux_mult          MuxMult              7      4.284     0.880        5.164 
    trf               Transform         4830   8529.192  2337.472    10866.664 
      matrix_c0       MatrixC0          2406   4207.140   993.674     5200.814 
      matrix_c1       MatrixC1          2424   4322.052  1023.711     5345.763 
