============================================================
  Generated by:           Genus(TM) Synthesis Solution 21.12-s068_1
  Generated on:           Oct 06 2026  06:28:53 pm
  Module:                 Conv
  Library domain:         timing_cond_0p81v_125c
    Domain index:         0
    Technology library:   tcbn28hpcplusbwp30p140ssg0p81v125c 110
  Operating conditions:   ssg0p81v125c 
  Interconnect mode:      global
  Area mode:              physical library
============================================================

        Instance                   Module           Cell Count  Cell Area  Net Area   Total Area 
-------------------------------------------------------------------------------------------------
Conv                                                     11098  13652.100  5501.065    19153.165 
  inverse_row_acc        InverseRowAccumulate              238    265.608    59.014      324.622 
  inverse_row_acc_second InverseRowAccumulate_428          160    189.756    34.681      224.437 
  inverse_row_current    InverseRow                         97    169.848    33.045      202.893 
  inverse_row_lane1      InverseRow_427                     97    169.848    33.045      202.893 
  multip0                Multip                            570    598.752   238.862      837.614 
  multip1                Multip_435                        569    598.626   238.610      837.236 
  multip2                Multip_434                        573    600.768   239.496      840.264 
  multip3                Multip_433                        570    598.752   238.739      837.491 
  multip4                Multip_432                        570    598.752   238.862      837.614 
  multip5                Multip_431                        569    598.626   238.610      837.236 
  multip6                Multip_430                        573    600.768   239.496      840.264 
  multip7                Multip_429                        570    598.752   238.739      837.491 
  trf                    Transform                         968   1401.876   366.811     1768.687 
    matrix_c0            MatrixC0                          484    701.316   127.315      828.631 
    matrix_c1            MatrixC1                          484    700.560   127.315      827.875 
  weight_trf_row0        WeightTransformRowConst           323    332.388   116.333      448.721 
  weight_trf_row1        WeightTransformRowConst_0         573    836.892   262.561     1099.453 
  weight_trf_row2        WeightTransformRowConst_1         596    811.566   271.053     1082.619 
  weight_trf_row3        WeightTransformRowConst_2         269    312.102    98.287      410.389 
