============================================================
  Generated by:           Genus(TM) Synthesis Solution 21.12-s068_1
  Generated on:           Oct 06 2026  09:09:21 pm
  Module:                 Conv
  Operating conditions:   ssg0p81v125c 
  Interconnect mode:      global
  Area mode:              physical library
============================================================


Path 1: MET (4 ps) Late External Delay Assertion at pin p_output_data_write[79]
           View: analysis_view_0p81v_125c_capwst_slowest
          Group: clk
     Startpoint: (R) r_output_write_count_reg[0]/CP
          Clock: (R) clk
       Endpoint: (F) p_output_data_write[79]
          Clock: (R) clk

                     Capture       Launch     
        Clock Edge:+    2000            0     
       Src Latency:+       0            0     
       Net Latency:+       0 (I)        0 (I) 
           Arrival:=    2000            0     
                                              
      Output Delay:-    1000                  
     Required Time:=    1000                  
      Launch Clock:-       0                  
         Data Path:-     996                  
             Slack:=       4                  

Exceptions/Constraints:
  output_delay             1000            constraints.sdc_line_25_238_1 

#------------------------------------------------------------------------------------------------------------------
#         Timing Point           Flags    Arc   Edge        Cell         Fanout  Load Trans Delay Arrival Instance 
#                                                                                (fF)  (ps)  (ps)   (ps)  Location 
#------------------------------------------------------------------------------------------------------------------
  r_output_write_count_reg[0]/CP -       -      R     (arrival)               4     -     0     0       0    (-,-) 
  r_output_write_count_reg[0]/QN -       CP->QN F     DFCND1BWP30P140         4   4.2    28    77      77    (-,-) 
  g152473/ZN                     -       I->ZN  R     CKND2BWP30P140          2   3.1    16    16      93    (-,-) 
  g152466/ZN                     -       A2->ZN F     NR2D3BWP30P140         17  15.6    36    24     117    (-,-) 
  g152401/Z                      -       I->Z   F     BUFFD6BWP30P140       144 125.3   109    81     199    (-,-) 
  g152019/ZN                     -       A1->ZN R     AOI22D1BWP30P140        1   1.3    45    44     242    (-,-) 
  g151678/ZN                     -       A2->ZN F     ND2D1BWP30P140          1   2.7    37    30     273    (-,-) 
  add_1006_76_I4_g1256/CO        -       A->CO  F     FA1D1BWP30P140          1   2.1    22    56     329    (-,-) 
  add_1006_76_I4_g1255/CO        -       CI->CO F     FA1D1BWP30P140          1   2.5    23    45     374    (-,-) 
  add_1006_76_I4_g1254/CO        -       CI->CO F     FA1OPTCD1BWP30P140      1   2.1    21    32     406    (-,-) 
  add_1006_76_I4_g1253/CO        -       CI->CO F     FA1D1BWP30P140          1   2.1    22    43     449    (-,-) 
  add_1006_76_I4_g1252/CO        -       CI->CO F     FA1D1BWP30P140          1   2.1    22    43     492    (-,-) 
  add_1006_76_I4_g1251/CO        -       CI->CO F     FA1D1BWP30P140          3   3.5    28    48     540    (-,-) 
  add_1006_76_I4_g1249/Z         -       A1->Z  F     AO21D1BWP30P140         1   2.1    18    31     571    (-,-) 
  add_1006_76_I4_g1246/CO        -       CI->CO F     FA1D1BWP30P140          1   2.5    23    43     614    (-,-) 
  add_1006_76_I4_g1245/CO        -       CI->CO F     FA1OPTCD1BWP30P140      1   2.1    21    32     646    (-,-) 
  add_1006_76_I4_g1244/CO        -       CI->CO F     FA1D1BWP30P140          1   2.1    22    43     689    (-,-) 
  add_1006_76_I4_g1243/CO        -       CI->CO F     FA1D1BWP30P140          1   2.1    22    43     732    (-,-) 
  add_1006_76_I4_g1242/CO        -       CI->CO F     FA1D1BWP30P140          1   2.1    22    43     776    (-,-) 
  add_1006_76_I4_g1241/CO        -       CI->CO F     FA1D1BWP30P140          1   2.1    22    43     819    (-,-) 
  add_1006_76_I4_g1240/CO        -       CI->CO F     FA1D1BWP30P140          1   2.1    22    43     863    (-,-) 
  add_1006_76_I4_g1239/CO        -       CI->CO F     FA1D1BWP30P140          1   2.1    22    43     906    (-,-) 
  add_1006_76_I4_g1238/CO        -       CI->CO F     FA1D1BWP30P140          1   1.3    18    40     946    (-,-) 
  add_1006_76_I4_g1237/Z         -       A3->Z  F     XOR3UD1BWP30P140        1   4.8    58    50     996    (-,-) 
  p_output_data_write[79]        <<<     -      F     (port)                  -     -     -     0     996    (-,-) 
#------------------------------------------------------------------------------------------------------------------


