============================================================
  Generated by:           Genus(TM) Synthesis Solution 21.12-s068_1
  Generated on:           Sep 12 2026  09:30:02 am
  Module:                 Conv
  Library domain:         timing_cond_0p81v_125c
    Domain index:         0
    Technology library:   tcbn28hpcplusbwp30p140ssg0p81v125c 110
  Operating conditions:   ssg0p81v125c 
  Interconnect mode:      global
  Area mode:              physical library
============================================================

                                                                                    Library 
          Gate           Instances    Area                   Library                 Domain 
--------------------------------------------------------------------------------------------
AN2D1BWP30P140                  18      9.072    tcbn28hpcplusbwp30p140ssg0p81v125c       0 
AN2D4BWP30P140                   1      1.134    tcbn28hpcplusbwp30p140ssg0p81v125c       0 
AN4D1BWP30P140                   2      1.512    tcbn28hpcplusbwp30p140ssg0p81v125c       0 
AO211D1BWP30P140                 3      2.268    tcbn28hpcplusbwp30p140ssg0p81v125c       0 
AO21D1BWP30P140                 82     51.660    tcbn28hpcplusbwp30p140ssg0p81v125c       0 
AO22D0BWP30P140                253    191.268    tcbn28hpcplusbwp30p140ssg0p81v125c       0 
AOI211D1BWP30P140                1      0.630    tcbn28hpcplusbwp30p140ssg0p81v125c       0 
AOI21D1BWP30P140               139     70.056    tcbn28hpcplusbwp30p140ssg0p81v125c       0 
AOI21D2BWP30P140                11      9.702    tcbn28hpcplusbwp30p140ssg0p81v125c       0 
AOI21OPTREPBD1BWP30P140         39     29.484    tcbn28hpcplusbwp30p140ssg0p81v125c       0 
AOI221D1BWP30P140                2      1.512    tcbn28hpcplusbwp30p140ssg0p81v125c       0 
AOI222D1BWP30P140                2      2.016    tcbn28hpcplusbwp30p140ssg0p81v125c       0 
AOI22D1BWP30P140               146     91.980    tcbn28hpcplusbwp30p140ssg0p81v125c       0 
AOI31D1BWP30P140                 2      1.260    tcbn28hpcplusbwp30p140ssg0p81v125c       0 
AOI32D1BWP30P140                 2      1.512    tcbn28hpcplusbwp30p140ssg0p81v125c       0 
BUFFD3BWP30P140                  1      0.630    tcbn28hpcplusbwp30p140ssg0p81v125c       0 
CKAN2D1BWP30P140               175     88.200    tcbn28hpcplusbwp30p140ssg0p81v125c       0 
CKLNQD1BWP30P140                49     92.610    tcbn28hpcplusbwp30p140ssg0p81v125c       0 
CKMUX2D0BWP30P140              392    345.744    tcbn28hpcplusbwp30p140ssg0p81v125c       0 
CKND1BWP30P140                 964    242.928    tcbn28hpcplusbwp30p140ssg0p81v125c       0 
CKND2BWP30P140                   2      0.756    tcbn28hpcplusbwp30p140ssg0p81v125c       0 
CKND2D1BWP30P140               147     55.566    tcbn28hpcplusbwp30p140ssg0p81v125c       0 
DFCND1BWP30P140                 11     27.720    tcbn28hpcplusbwp30p140ssg0p81v125c       0 
DFCNQD1BWP30P140               864   1959.552    tcbn28hpcplusbwp30p140ssg0p81v125c       0 
DFCNQD2BWP30P140                10     26.460    tcbn28hpcplusbwp30p140ssg0p81v125c       0 
DFKCND1BWP30P140                 6     12.852    tcbn28hpcplusbwp30p140ssg0p81v125c       0 
DFKCNQD2BWP30P140               74    149.184    tcbn28hpcplusbwp30p140ssg0p81v125c       0 
DFSND1BWP30P140                  1      2.394    tcbn28hpcplusbwp30p140ssg0p81v125c       0 
DFSNQD2BWP30P140                 2      4.536    tcbn28hpcplusbwp30p140ssg0p81v125c       0 
EDFCND1BWP30P140                 7     21.168    tcbn28hpcplusbwp30p140ssg0p81v125c       0 
EDFCNQD1BWP30P140                6     17.388    tcbn28hpcplusbwp30p140ssg0p81v125c       0 
FA1D1BWP30P140                2299   4924.458    tcbn28hpcplusbwp30p140ssg0p81v125c       0 
HA1D1BWP30P140                 362    592.956    tcbn28hpcplusbwp30p140ssg0p81v125c       0 
IAO21D0BWP30P140                20     12.600    tcbn28hpcplusbwp30p140ssg0p81v125c       0 
IAO21D1BWP30P140                19     11.970    tcbn28hpcplusbwp30p140ssg0p81v125c       0 
IAO21D2BWP30P140                29     25.578    tcbn28hpcplusbwp30p140ssg0p81v125c       0 
IAO22D1BWP30P140                 4      3.528    tcbn28hpcplusbwp30p140ssg0p81v125c       0 
IND2D1BWP30P140                362    182.448    tcbn28hpcplusbwp30p140ssg0p81v125c       0 
IND2D2BWP30P140                  1      0.756    tcbn28hpcplusbwp30p140ssg0p81v125c       0 
IND2D6BWP30P140                  1      1.890    tcbn28hpcplusbwp30p140ssg0p81v125c       0 
IND3D1BWP30P140                  6      3.780    tcbn28hpcplusbwp30p140ssg0p81v125c       0 
IND4D1BWP30P140                  2      1.512    tcbn28hpcplusbwp30p140ssg0p81v125c       0 
INR2D1BWP30P140                588    296.352    tcbn28hpcplusbwp30p140ssg0p81v125c       0 
INR3D0BWP30P140                  8      5.040    tcbn28hpcplusbwp30p140ssg0p81v125c       0 
INR4D0BWP30P140                  2      1.512    tcbn28hpcplusbwp30p140ssg0p81v125c       0 
INVD1BWP30P140                   6      1.512    tcbn28hpcplusbwp30p140ssg0p81v125c       0 
INVD3BWP30P140                   3      1.512    tcbn28hpcplusbwp30p140ssg0p81v125c       0 
INVD6BWP30P140                   1      0.882    tcbn28hpcplusbwp30p140ssg0p81v125c       0 
IOA21D0BWP30P140                 2      1.260    tcbn28hpcplusbwp30p140ssg0p81v125c       0 
IOA21D1BWP30P140                96     60.480    tcbn28hpcplusbwp30p140ssg0p81v125c       0 
MAOI222D1BWP30P140             105     79.380    tcbn28hpcplusbwp30p140ssg0p81v125c       0 
MAOI22D1BWP30P140               31     23.436    tcbn28hpcplusbwp30p140ssg0p81v125c       0 
MOAI22D1BWP30P140              118     89.208    tcbn28hpcplusbwp30p140ssg0p81v125c       0 
MUX2D0BWP30P140                 81     71.442    tcbn28hpcplusbwp30p140ssg0p81v125c       0 
MUX2D1BWP30P140                 59     59.472    tcbn28hpcplusbwp30p140ssg0p81v125c       0 
MUX2D2BWP30P140                  6      6.804    tcbn28hpcplusbwp30p140ssg0p81v125c       0 
MUX2D4BWP30P140                  2      3.528    tcbn28hpcplusbwp30p140ssg0p81v125c       0 
MUX2ND2BWP30P140                 1      1.260    tcbn28hpcplusbwp30p140ssg0p81v125c       0 
MUX2NUD1BWP30P140                6      4.536    tcbn28hpcplusbwp30p140ssg0p81v125c       0 
MUX2OPTD2BWP30P140               4      4.536    tcbn28hpcplusbwp30p140ssg0p81v125c       0 
ND2D1BWP30P140                 103     38.934    tcbn28hpcplusbwp30p140ssg0p81v125c       0 
ND2D2BWP30P140                   8      5.040    tcbn28hpcplusbwp30p140ssg0p81v125c       0 
ND2OPTIBD1BWP30P140             46     17.388    tcbn28hpcplusbwp30p140ssg0p81v125c       0 
ND3D1BWP30P140                   5      2.520    tcbn28hpcplusbwp30p140ssg0p81v125c       0 
ND4D1BWP30P140                   2      1.260    tcbn28hpcplusbwp30p140ssg0p81v125c       0 
NR2D1BWP30P140                 123     46.494    tcbn28hpcplusbwp30p140ssg0p81v125c       0 
NR2D2BWP30P140                   1      0.630    tcbn28hpcplusbwp30p140ssg0p81v125c       0 
NR2D3BWP30P140                   2      1.764    tcbn28hpcplusbwp30p140ssg0p81v125c       0 
NR2OPTIBD1BWP30P140            223     84.294    tcbn28hpcplusbwp30p140ssg0p81v125c       0 
NR2OPTPAD1BWP30P140              4      2.016    tcbn28hpcplusbwp30p140ssg0p81v125c       0 
NR3D0BWP30P140                  10      5.040    tcbn28hpcplusbwp30p140ssg0p81v125c       0 
NR3D0P7BWP30P140                 6      3.024    tcbn28hpcplusbwp30p140ssg0p81v125c       0 
NR4D0BWP30P140                   2      1.260    tcbn28hpcplusbwp30p140ssg0p81v125c       0 
OA211D1BWP30P140                 1      0.756    tcbn28hpcplusbwp30p140ssg0p81v125c       0 
OA21D1BWP30P140                 38     23.940    tcbn28hpcplusbwp30p140ssg0p81v125c       0 
OA22D1BWP30P140                  4      3.528    tcbn28hpcplusbwp30p140ssg0p81v125c       0 
OAI211D1BWP30P140                9      5.670    tcbn28hpcplusbwp30p140ssg0p81v125c       0 
OAI21D0P7BWP30P140              20     10.080    tcbn28hpcplusbwp30p140ssg0p81v125c       0 
OAI21D1BWP30P140               122     61.488    tcbn28hpcplusbwp30p140ssg0p81v125c       0 
OAI21D2BWP30P140                 4      3.528    tcbn28hpcplusbwp30p140ssg0p81v125c       0 
OAI21OPTREPBD1BWP30P140         12      9.072    tcbn28hpcplusbwp30p140ssg0p81v125c       0 
OAI221D1BWP30P140                2      1.764    tcbn28hpcplusbwp30p140ssg0p81v125c       0 
OAI222D1BWP30P140                5      5.040    tcbn28hpcplusbwp30p140ssg0p81v125c       0 
OAI22D1BWP30P140              1071    674.730    tcbn28hpcplusbwp30p140ssg0p81v125c       0 
OAI31D1BWP30P140                16     10.080    tcbn28hpcplusbwp30p140ssg0p81v125c       0 
OAI32D1BWP30P140                 2      1.512    tcbn28hpcplusbwp30p140ssg0p81v125c       0 
OR2D0BWP30P140                  48     24.192    tcbn28hpcplusbwp30p140ssg0p81v125c       0 
OR2D1BWP30P140                  91     45.864    tcbn28hpcplusbwp30p140ssg0p81v125c       0 
OR3D1BWP30P140                   7      4.410    tcbn28hpcplusbwp30p140ssg0p81v125c       0 
OR4D1BWP30P140                   1      0.756    tcbn28hpcplusbwp30p140ssg0p81v125c       0 
SDFCNQARD1BWP30P140             80    231.840    tcbn28hpcplusbwp30p140ssg0p81v125c       0 
XNR2D1BWP30P140                 15     15.120    tcbn28hpcplusbwp30p140ssg0p81v125c       0 
XNR2UD1BWP30P140              1392   1227.744    tcbn28hpcplusbwp30p140ssg0p81v125c       0 
XNR3D1BWP30P140                  1      1.890    tcbn28hpcplusbwp30p140ssg0p81v125c       0 
XNR3UD1BWP30P140                77    135.828    tcbn28hpcplusbwp30p140ssg0p81v125c       0 
XOR2D1BWP30P140                  6      6.048    tcbn28hpcplusbwp30p140ssg0p81v125c       0 
XOR2D2BWP30P140                  1      1.134    tcbn28hpcplusbwp30p140ssg0p81v125c       0 
XOR2UD1BWP30P140               547    482.454    tcbn28hpcplusbwp30p140ssg0p81v125c       0 
XOR3UD1BWP30P140                24     42.336    tcbn28hpcplusbwp30p140ssg0p81v125c       0 
XOR4D0BWP30P140                  1      2.646    tcbn28hpcplusbwp30p140ssg0p81v125c       0 
XOR4D1BWP30P140                  8     21.168    tcbn28hpcplusbwp30p140ssg0p81v125c       0 
--------------------------------------------------------------------------------------------
total                        11778  13250.664                                       


                                                        
            Type             Instances    Area   Area % 
--------------------------------------------------------
sequential                        1061  2453.094   18.5 
inverter                           976   247.590    1.9 
buffer                               1     0.630    0.0 
clock_gating_integrated_cell        49    92.610    0.7 
logic                             9691 10456.740   78.9 
physical_cells                       0     0.000    0.0 
--------------------------------------------------------
total                            11778 13250.664  100.0 

