============================================================
  Generated by:           Genus(TM) Synthesis Solution 21.12-s068_1
  Generated on:           Jan 25 2026  10:38:39 pm
  Module:                 Conv
  Operating conditions:   ssg0p81v125c 
  Interconnect mode:      global
  Area mode:              physical library
============================================================


Path 1: MET (0 ps) Late External Delay Assertion at pin p_output[0][19]
           View: analysis_view_0p81v_125c_capwst_slowest
          Group: clk
     Startpoint: (R) r_feat_reg[22][2]/CP
          Clock: (R) clk
       Endpoint: (F) p_output[0][19]
          Clock: (R) clk

                     Capture       Launch     
        Clock Edge:+    2000            0     
       Src Latency:+       0            0     
       Net Latency:+       0 (I)        0 (I) 
           Arrival:=    2000            0     
                                              
      Output Delay:-    1000                  
     Required Time:=    1000                  
      Launch Clock:-       0                  
         Data Path:-    1000                  
             Slack:=       0                  

Exceptions/Constraints:
  output_delay             1000            constraints.sdc_line_25_1222_1 

#---------------------------------------------------------------------------------------------------------------------------------------------
#                     Timing Point                      Flags    Arc   Edge          Cell            Fanout Load Trans Delay Arrival Instance 
#                                                                                                           (fF)  (ps)  (ps)   (ps)  Location 
#---------------------------------------------------------------------------------------------------------------------------------------------
  r_feat_reg[22][2]/CP                                  -       -      R     (arrival)                   40    -     0     0       0    (-,-) 
  r_feat_reg[22][2]/Q                                   -       CP->Q  F     DFQD2BWP30P140               9 12.9    36    78      78    (-,-) 
  inv/matrix_a1/g2196/Z                                 -       A1->Z  F     XOR3D4BWP30P140              2  2.7    14    59     136    (-,-) 
  inv/matrix_a1/csa_tree_ADD_TC_OP_1_groupi324_g2097/ZN -       A1->ZN R     NR2OPTPAD1BWP30P140          2  2.5    25    20     157    (-,-) 
  inv/matrix_a1/csa_tree_ADD_TC_OP_1_groupi324_g2085/ZN -       I->ZN  F     CKND1BWP30P140               1  1.9    18    16     173    (-,-) 
  inv/matrix_a1/csa_tree_ADD_TC_OP_1_groupi324_g2065/ZN -       A2->ZN R     AOI21D2BWP30P140             2  3.1    27    22     195    (-,-) 
  inv/matrix_a1/csa_tree_ADD_TC_OP_1_groupi324_g2063/Z  -       A1->Z  R     OA21D1BWP30P140              2  3.1    23    34     228    (-,-) 
  inv/matrix_a1/csa_tree_ADD_TC_OP_1_groupi324_g2061/ZN -       A1->ZN F     OAI21D2BWP30P140             2  2.6    28    20     248    (-,-) 
  inv/matrix_a1/csa_tree_ADD_TC_OP_1_groupi324_g2059/ZN -       A1->ZN R     AOI21D1BWP30P140             2  3.2    45    36     283    (-,-) 
  inv/matrix_a1/csa_tree_ADD_TC_OP_1_groupi324_g2058/ZN -       I->ZN  F     CKND2BWP30P140               1  1.6    16    11     295    (-,-) 
  inv/matrix_a1/csa_tree_ADD_TC_OP_1_groupi324_g2056/ZN -       A1->ZN R     AOI21OPTREPBD1BWP30P140      2  3.1    34    25     320    (-,-) 
  inv/matrix_a1/csa_tree_ADD_TC_OP_1_groupi324_g2054/ZN -       A1->ZN F     OAI21D2BWP30P140             2  3.0    29    23     343    (-,-) 
  inv/matrix_a1/csa_tree_ADD_TC_OP_1_groupi324_g2051/ZN -       A1->ZN R     AOI21D2BWP30P140             2  2.7    25    23     365    (-,-) 
  inv/matrix_a1/g2193/ZN                                -       A1->ZN R     IAO21D2BWP30P140             2  2.5    19    31     396    (-,-) 
  inv/matrix_a1/g2192/ZN                                -       A1->ZN R     IAO21D1BWP30P140             2  2.5    32    36     432    (-,-) 
  inv/matrix_a1/g2191/ZN                                -       A1->ZN R     IAO21D1BWP30P140             2  2.7    34    40     472    (-,-) 
  inv/matrix_a1/g2190/ZN                                -       A1->ZN R     IAO21D2BWP30P140             2  2.6    20    33     505    (-,-) 
  inv/matrix_a1/g2189/ZN                                -       A1->ZN R     IAO21D0BWP30P140             2  2.6    55    48     553    (-,-) 
  inv/matrix_a1/g2188/ZN                                -       A1->ZN R     IAO21D0BWP30P140             2  2.7    57    54     608    (-,-) 
  inv/matrix_a1/csa_tree_ADD_TC_OP_1_groupi324_g2032/ZN -       A1->ZN R     XNR2UD1BWP30P140             2  4.8    84    52     660    (-,-) 
  inv/matrix_a0/csa_tree_ADD_TC_OP_1_groupi49_g2110/S   -       A->S   F     FA1D1BWP30P140               1  2.6    29    83     743    (-,-) 
  inv/matrix_a0/csa_tree_ADD_TC_OP_1_groupi49_g2075/CO  -       B->CO  F     FA1D1BWP30P140               1  2.1    21    53     796    (-,-) 
  inv/matrix_a0/csa_tree_ADD_TC_OP_1_groupi49_g2074/CO  -       CI->CO F     FA1D1BWP30P140               1  2.1    21    43     839    (-,-) 
  inv/matrix_a0/csa_tree_ADD_TC_OP_1_groupi49_g2073/CO  -       CI->CO F     FA1D1BWP30P140               1  2.1    21    43     883    (-,-) 
  inv/matrix_a0/csa_tree_ADD_TC_OP_1_groupi49_g2072/CO  -       CI->CO F     FA1D1BWP30P140               1  1.7    20    42     924    (-,-) 
  inv/matrix_a0/g2129/ZN                                -       A1->ZN F     XNR4D1BWP30P140              1  4.8    41    75    1000    (-,-) 
  p_output[0][19]                                       <<<     -      F     (port)                       -    -     -     0    1000    (-,-) 
#---------------------------------------------------------------------------------------------------------------------------------------------


