============================================================
  Generated by:           Genus(TM) Synthesis Solution 21.12-s068_1
  Generated on:           Jan 23 2026  10:24:31 pm
  Module:                 System
  Operating conditions:   ssg0p81v125c 
  Operating conditions:   tt0p9v25c 
  Operating conditions:   ffg0p99vm40c 
  Interconnect mode:      global
  Area mode:              physical library
============================================================


Path 1: MET (703 ps) Setup Check with Pin conv/r_feat_reg[18][15]/CP->D
           View: analysis_view_0p99v_m40c_capbst_fastest
          Group: clk
     Startpoint: (R) conv/r_idx_in_reg[2]/CP
          Clock: (R) clk
       Endpoint: (R) conv/r_feat_reg[18][15]/D
          Clock: (R) clk

                     Capture       Launch     
        Clock Edge:+    2000            0     
       Src Latency:+       0            0     
       Net Latency:+       0 (I)        0 (I) 
           Arrival:=    2000            0     
                                              
             Setup:-      11                  
     Required Time:=    1989                  
      Launch Clock:-       0                  
         Data Path:-    1286                  
             Slack:=     703                  

#--------------------------------------------------------------------------------------------------------------------------------------------
#                      Timing Point                        Flags    Arc   Edge        Cell          Fanout Load Trans Delay Arrival Instance 
#                                                                                                          (fF)  (ps)  (ps)   (ps)  Location 
#--------------------------------------------------------------------------------------------------------------------------------------------
  conv/r_idx_in_reg[2]/CP                                  -       -      R     (arrival)               35    -     0     0       0    (-,-) 
  conv/r_idx_in_reg[2]/Q                                   -       CP->Q  F     DFKCNQD2BWP30P140        4  6.1    12    41      41    (-,-) 
  conv/mux_mult/g67/ZN                                     -       I->ZN  R     INVD3BWP30P140           2  9.0    12    11      52    (-,-) 
  conv/mux_mult/g64/ZN                                     -       A1->ZN F     ND2OPTD6BWP30P140        4  8.6    13    10      62    (-,-) 
  conv/mux_mult/fopt/ZN                                    -       I->ZN  R     INVD3BWP30P140          10 13.6    17    14      76    (-,-) 
  conv/g87219/ZN                                           -       I->ZN  F     CKND1BWP30P140           3  3.8    17    14      90    (-,-) 
  conv/g87134/ZN                                           -       A1->ZN R     NR2OPTPAD1BWP30P140      7 10.5    47    34     124    (-,-) 
  conv/g87075/ZN                                           -       I->ZN  F     CKND2BWP30P140          12 15.9    35    29     153    (-,-) 
  conv/g87074/ZN                                           -       I->ZN  R     INVD3BWP30P140          36 43.8    50    40     193    (-,-) 
  conv/g87070/ZN                                           -       I->ZN  F     INVD3BWP30P140          76 84.5    91    66     259    (-,-) 
  conv/g86901/ZN                                           -       B1->ZN R     INR2D1BWP30P140          1  1.8    29    26     286    (-,-) 
  conv/g86006/Z                                            -       C->Z   R     AO211D1BWP30P140        25 31.8   103    74     360    (-,-) 
  conv/genblk1[0].multip/mul_153_63_g6028__8246/ZN         -       A1->ZN F     NR2D1BWP30P140           2  2.7    29    17     377    (-,-) 
  conv/genblk1[0].multip/mul_153_63_g5949__6417/Z          -       I1->Z  F     CKMUX2D0BWP30P140       20 20.9   124    90     467    (-,-) 
  conv/genblk1[0].multip/mul_153_63_g5862__5477/Z          -       B2->Z  F     AO22D0BWP30P140          1  1.8    17    48     515    (-,-) 
  conv/genblk1[0].multip/mul_153_63_g5808__5526/ZN         -       C->ZN  R     AOI221D1BWP30P140        1  2.3    43    28     543    (-,-) 
  conv/genblk1[0].multip/mul_153_63_g5790__1881/ZN         -       A1->ZN F     XNR2UD1BWP30P140         1  2.7    32    18     561    (-,-) 
  conv/genblk1[0].multip/mul_153_63_g5734__5115/CO         -       A->CO  F     HA1D1BWP30P140           1  3.0    12    19     580    (-,-) 
  conv/genblk1[0].multip/mul_153_63_cdnfadd_006_0__2398/CO -       B->CO  F     FA1D1BWP30P140           1  2.4    13    27     607    (-,-) 
  conv/genblk1[0].multip/mul_153_63_cdnfadd_007_0__5107/S  -       CI->S  R     FA1D1BWP30P140           1  1.7    14    40     647    (-,-) 
  conv/genblk1[0].multip/mul_153_63_g5667/ZN               -       I->ZN  F     CKND1BWP30P140           2  2.8    13    12     658    (-,-) 
  conv/genblk1[0].multip/mul_153_63_g5660__6260/Z          -       A1->Z  F     CKAN2D1BWP30P140         2  2.9    12    18     676    (-,-) 
  conv/genblk1[0].multip/mul_153_63_g5659__5107/Z          -       B->Z   F     AO21D1BWP30P140          2  2.7    12    21     698    (-,-) 
  conv/genblk1[0].multip/mul_153_63_g5650__9315/Z          -       B->Z   F     AO211D1BWP30P140         1  1.7    11    24     722    (-,-) 
  conv/genblk1[0].multip/mul_153_63_g5642__8246/ZN         -       A3->ZN R     OAI31D1BWP30P140         1  2.5    26    19     740    (-,-) 
  conv/genblk1[0].multip/mul_153_63_g5610__1617/CO         -       CI->CO R     FA1D1BWP30P140           1  2.5    14    25     766    (-,-) 
  conv/genblk1[0].multip/mul_153_63_g5583__2802/CO         -       CI->CO R     FA1D1BWP30P140           1  2.5    14    22     788    (-,-) 
  conv/genblk1[0].multip/mul_153_63_g5563__7482/CO         -       CI->CO R     FA1D1BWP30P140           1  2.5    14    22     810    (-,-) 
  conv/genblk1[0].multip/mul_153_63_g5545__2398/CO         -       CI->CO R     FA1D1BWP30P140           1  2.5    14    22     833    (-,-) 
  conv/genblk1[0].multip/mul_153_63_g5537__1666/CO         -       CI->CO R     FA1D1BWP30P140           1  2.5    14    22     856    (-,-) 
  conv/genblk1[0].multip/mul_153_63_g5532__9945/CO         -       CI->CO R     FA1D1BWP30P140           1  2.5    13    22     878    (-,-) 
  conv/genblk1[0].multip/mul_153_63_g5529__4733/CO         -       CI->CO R     FA1D1BWP30P140           1  2.5    13    22     900    (-,-) 
  conv/genblk1[0].multip/mul_153_63_g5523__1881/CO         -       CI->CO R     FA1D1BWP30P140           2  2.8    14    23     923    (-,-) 
  conv/genblk1[0].multip/mul_153_63_g5517__2802/ZN         -       A1->ZN F     CKND2D1BWP30P140         2  2.6    18    14     937    (-,-) 
  conv/genblk1[0].multip/mul_153_63_g5511__5526/ZN         -       A1->ZN F     IND2D1BWP30P140          2  2.7    21    23     960    (-,-) 
  conv/genblk1[0].multip/mul_153_63_g5502__6417/Z          -       A1->Z  F     OR3D1BWP30P140           2  2.7    13    25     984    (-,-) 
  conv/genblk1[0].multip/mul_153_63_g5492__4733/ZN         -       A1->ZN F     INR2D1BWP30P140          2  2.8    14    17    1002    (-,-) 
  conv/genblk1[0].multip/mul_153_63_g5473__5107/Z          -       A2->Z  F     OA21D1BWP30P140          2  3.3    13    20    1022    (-,-) 
  conv/genblk1[0].multip/mul_153_63_g5470__6417/ZN         -       A1->ZN R     OAI21D1BWP30P140         1  2.3    18    15    1037    (-,-) 
  conv/genblk1[0].multip/mul_153_63_g5468__1666/ZN         -       A1->ZN R     XNR2UD1BWP30P140        21 25.6   203   104    1141    (-,-) 
  conv/g88455/ZN                                           -       I->ZN  F     CKND1BWP30P140          12 13.8    89    67    1208    (-,-) 
  conv/g88384/ZN                                           -       A1->ZN R     NR2OPTIBD1BWP30P140      4  5.3    57    42    1250    (-,-) 
  conv/g87630/ZN                                           -       C->ZN  F     AOI221D1BWP30P140        1  1.7    68    17    1267    (-,-) 
  conv/g87596/ZN                                           -       I->ZN  R     CKND1BWP30P140           1  1.7    22    19    1286    (-,-) 
  conv/r_feat_reg[18][15]/D                                <<<     -      R     DFQD2BWP30P140           1    -     -     0    1286    (-,-) 
#--------------------------------------------------------------------------------------------------------------------------------------------


