============================================================
  Generated by:           Genus(TM) Synthesis Solution 21.12-s068_1
  Generated on:           Jan 18 2026  09:28:24 pm
  Module:                 System
  Library domain:         timing_cond_0p81v_125c
    Domain index:         0
    Technology library:   tcbn28hpcplusbwp30p140ssg0p81v125c 110
  Operating conditions:   ssg0p81v125c 
  Interconnect mode:      global
  Area mode:              physical library
============================================================

                                                                                    Library 
          Gate           Instances    Area                   Library                 Domain 
--------------------------------------------------------------------------------------------
AN2D0BWP30P140                   1      0.504    tcbn28hpcplusbwp30p140ssg0p81v125c       0 
AN2D16BWP30P140                  6     20.412    tcbn28hpcplusbwp30p140ssg0p81v125c       0 
AN2D1BWP30P140                  12      6.048    tcbn28hpcplusbwp30p140ssg0p81v125c       0 
AN2D4BWP30P140                   5      5.670    tcbn28hpcplusbwp30p140ssg0p81v125c       0 
AN2D6BWP30P140                   1      1.386    tcbn28hpcplusbwp30p140ssg0p81v125c       0 
AN2D8BWP30P140                   3      5.670    tcbn28hpcplusbwp30p140ssg0p81v125c       0 
AN3D0BWP30P140                  12      7.560    tcbn28hpcplusbwp30p140ssg0p81v125c       0 
AN3D1BWP30P140                   9      5.670    tcbn28hpcplusbwp30p140ssg0p81v125c       0 
AN4D1BWP30P140                   4      3.024    tcbn28hpcplusbwp30p140ssg0p81v125c       0 
AO211D1BWP30P140                17     12.852    tcbn28hpcplusbwp30p140ssg0p81v125c       0 
AO21D1BWP30P140                217    136.710    tcbn28hpcplusbwp30p140ssg0p81v125c       0 
AO22D0BWP30P140                910    687.960    tcbn28hpcplusbwp30p140ssg0p81v125c       0 
AOI211D1BWP30P140               14      8.820    tcbn28hpcplusbwp30p140ssg0p81v125c       0 
AOI21D1BWP30P140                76     38.304    tcbn28hpcplusbwp30p140ssg0p81v125c       0 
AOI21OPTREPBD1BWP30P140          1      0.756    tcbn28hpcplusbwp30p140ssg0p81v125c       0 
AOI221D1BWP30P140              782    591.192    tcbn28hpcplusbwp30p140ssg0p81v125c       0 
AOI222D1BWP30P140              495    498.960    tcbn28hpcplusbwp30p140ssg0p81v125c       0 
AOI222D2BWP30P140                1      1.764    tcbn28hpcplusbwp30p140ssg0p81v125c       0 
AOI22D0P7BWP30P140               1      0.630    tcbn28hpcplusbwp30p140ssg0p81v125c       0 
AOI22D1BWP30P140              2050   1291.500    tcbn28hpcplusbwp30p140ssg0p81v125c       0 
AOI31D1BWP30P140                 5      3.150    tcbn28hpcplusbwp30p140ssg0p81v125c       0 
AOI32D1BWP30P140                 7      5.292    tcbn28hpcplusbwp30p140ssg0p81v125c       0 
BUFFD1P5BWP30P140                2      1.008    tcbn28hpcplusbwp30p140ssg0p81v125c       0 
BUFFD2BWP30P140                  4      2.016    tcbn28hpcplusbwp30p140ssg0p81v125c       0 
BUFFD3BWP30P140                 10      6.300    tcbn28hpcplusbwp30p140ssg0p81v125c       0 
BUFFD4BWP30P140                  4      3.528    tcbn28hpcplusbwp30p140ssg0p81v125c       0 
CKAN2D1BWP30P140               126     63.504    tcbn28hpcplusbwp30p140ssg0p81v125c       0 
CKLNQD1BWP30P140               110    207.900    tcbn28hpcplusbwp30p140ssg0p81v125c       0 
CKMUX2D0BWP30P140               43     37.926    tcbn28hpcplusbwp30p140ssg0p81v125c       0 
CKND1BWP30P140                1438    362.376    tcbn28hpcplusbwp30p140ssg0p81v125c       0 
CKND2BWP30P140                  13      4.914    tcbn28hpcplusbwp30p140ssg0p81v125c       0 
CKND2D1BWP30P140               159     60.102    tcbn28hpcplusbwp30p140ssg0p81v125c       0 
CKND2D3BWP30P140                 2      1.764    tcbn28hpcplusbwp30p140ssg0p81v125c       0 
CKND2D8BWP30P140                 2      4.284    tcbn28hpcplusbwp30p140ssg0p81v125c       0 
CKND4BWP30P140                   2      1.260    tcbn28hpcplusbwp30p140ssg0p81v125c       0 
DFCND1BWP30P140                  3      7.560    tcbn28hpcplusbwp30p140ssg0p81v125c       0 
DFCNQD1BWP30P140                 5     11.340    tcbn28hpcplusbwp30p140ssg0p81v125c       0 
DFD1BWP30P140                   15     32.130    tcbn28hpcplusbwp30p140ssg0p81v125c       0 
DFD2BWP30P140                    1      2.268    tcbn28hpcplusbwp30p140ssg0p81v125c       0 
DFKCND1BWP30P140                83    177.786    tcbn28hpcplusbwp30p140ssg0p81v125c       0 
DFKCND2BWP30P140                 2      4.788    tcbn28hpcplusbwp30p140ssg0p81v125c       0 
DFKCNQD2BWP30P140             1688   3403.008    tcbn28hpcplusbwp30p140ssg0p81v125c       0 
DFKCSND1BWP30P140                2      5.040    tcbn28hpcplusbwp30p140ssg0p81v125c       0 
DFKSND1BWP30P140                58    138.852    tcbn28hpcplusbwp30p140ssg0p81v125c       0 
DFMQD1BWP30P140                  1      2.394    tcbn28hpcplusbwp30p140ssg0p81v125c       0 
DFQD2BWP30P140                 657   1241.730    tcbn28hpcplusbwp30p140ssg0p81v125c       0 
FA1D1BWP30P140                2794   5984.748    tcbn28hpcplusbwp30p140ssg0p81v125c       0 
FA1D2BWP30P140                   8     19.152    tcbn28hpcplusbwp30p140ssg0p81v125c       0 
FA1OPTCD1BWP30P140              10     25.200    tcbn28hpcplusbwp30p140ssg0p81v125c       0 
FA1OPTCD2BWP30P140               1      3.024    tcbn28hpcplusbwp30p140ssg0p81v125c       0 
HA1D1BWP30P140                 313    512.694    tcbn28hpcplusbwp30p140ssg0p81v125c       0 
IAO21D0BWP30P140                 1      0.630    tcbn28hpcplusbwp30p140ssg0p81v125c       0 
IAO21D1BWP30P140                 7      4.410    tcbn28hpcplusbwp30p140ssg0p81v125c       0 
IAO21D2BWP30P140                 2      1.764    tcbn28hpcplusbwp30p140ssg0p81v125c       0 
IND2D1BWP30P140                 90     45.360    tcbn28hpcplusbwp30p140ssg0p81v125c       0 
IND2D2BWP30P140                  1      0.756    tcbn28hpcplusbwp30p140ssg0p81v125c       0 
IND3D1BWP30P140                 18     11.340    tcbn28hpcplusbwp30p140ssg0p81v125c       0 
IND4D2BWP30P140                  1      1.512    tcbn28hpcplusbwp30p140ssg0p81v125c       0 
INR2D1BWP30P140                254    128.016    tcbn28hpcplusbwp30p140ssg0p81v125c       0 
INR2D2BWP30P140                  4      3.024    tcbn28hpcplusbwp30p140ssg0p81v125c       0 
INR2D4BWP30P140                  2      2.772    tcbn28hpcplusbwp30p140ssg0p81v125c       0 
INR2D6BWP30P140                  1      1.890    tcbn28hpcplusbwp30p140ssg0p81v125c       0 
INR3D0BWP30P140                  9      5.670    tcbn28hpcplusbwp30p140ssg0p81v125c       0 
INR3D4BWP30P140                  1      2.016    tcbn28hpcplusbwp30p140ssg0p81v125c       0 
INR3D8BWP30P140                  1      3.654    tcbn28hpcplusbwp30p140ssg0p81v125c       0 
INR4D0BWP30P140                  4      3.024    tcbn28hpcplusbwp30p140ssg0p81v125c       0 
INVD0P7BWP30P140                 8      2.016    tcbn28hpcplusbwp30p140ssg0p81v125c       0 
INVD12BWP30P140                  2      3.276    tcbn28hpcplusbwp30p140ssg0p81v125c       0 
INVD16BWP30P140                  1      2.142    tcbn28hpcplusbwp30p140ssg0p81v125c       0 
INVD1BWP30P140                   5      1.260    tcbn28hpcplusbwp30p140ssg0p81v125c       0 
INVD2BWP30P140                   1      0.378    tcbn28hpcplusbwp30p140ssg0p81v125c       0 
INVD3BWP30P140                   5      2.520    tcbn28hpcplusbwp30p140ssg0p81v125c       0 
INVD6BWP30P140                   5      4.410    tcbn28hpcplusbwp30p140ssg0p81v125c       0 
INVD8BWP30P140                   5      5.670    tcbn28hpcplusbwp30p140ssg0p81v125c       0 
IOA21D0BWP30P140                 4      2.520    tcbn28hpcplusbwp30p140ssg0p81v125c       0 
IOA21D1BWP30P140               122     76.860    tcbn28hpcplusbwp30p140ssg0p81v125c       0 
IOA22D1BWP30P140                 2      1.764    tcbn28hpcplusbwp30p140ssg0p81v125c       0 
MAOI222D1BWP30P140              20     15.120    tcbn28hpcplusbwp30p140ssg0p81v125c       0 
MAOI22D1BWP30P140                8      6.048    tcbn28hpcplusbwp30p140ssg0p81v125c       0 
MOAI22D1BWP30P140               36     27.216    tcbn28hpcplusbwp30p140ssg0p81v125c       0 
MUX2NOPTD2BWP30P140              1      1.386    tcbn28hpcplusbwp30p140ssg0p81v125c       0 
MUX2NUD1BWP30P140                4      3.024    tcbn28hpcplusbwp30p140ssg0p81v125c       0 
ND2D1BWP30P140                 138     52.164    tcbn28hpcplusbwp30p140ssg0p81v125c       0 
ND2D2BWP30P140                   3      1.890    tcbn28hpcplusbwp30p140ssg0p81v125c       0 
ND2D3BWP30P140                   6      5.292    tcbn28hpcplusbwp30p140ssg0p81v125c       0 
ND2D4BWP30P140                   3      3.402    tcbn28hpcplusbwp30p140ssg0p81v125c       0 
ND2OPTD6BWP30P140                1      1.638    tcbn28hpcplusbwp30p140ssg0p81v125c       0 
ND2OPTIBD1BWP30P140             24      9.072    tcbn28hpcplusbwp30p140ssg0p81v125c       0 
ND2OPTIBD4BWP30P140              2      2.268    tcbn28hpcplusbwp30p140ssg0p81v125c       0 
ND3D1BWP30P140                  90     45.360    tcbn28hpcplusbwp30p140ssg0p81v125c       0 
ND4D1BWP30P140                 246    154.980    tcbn28hpcplusbwp30p140ssg0p81v125c       0 
NR2D1BWP30P140                 122     46.116    tcbn28hpcplusbwp30p140ssg0p81v125c       0 
NR2D2BWP30P140                   7      4.410    tcbn28hpcplusbwp30p140ssg0p81v125c       0 
NR2D3BWP30P140                   2      1.764    tcbn28hpcplusbwp30p140ssg0p81v125c       0 
NR2D4BWP30P140                   1      1.134    tcbn28hpcplusbwp30p140ssg0p81v125c       0 
NR2D6BWP30P140                   2      3.276    tcbn28hpcplusbwp30p140ssg0p81v125c       0 
NR2OPTD12BWP30P140               1      3.150    tcbn28hpcplusbwp30p140ssg0p81v125c       0 
NR2OPTD6BWP30P140                2      3.276    tcbn28hpcplusbwp30p140ssg0p81v125c       0 
NR2OPTIBD1BWP30P140            176     66.528    tcbn28hpcplusbwp30p140ssg0p81v125c       0 
NR2OPTIBD4BWP30P140              3      3.402    tcbn28hpcplusbwp30p140ssg0p81v125c       0 
NR2OPTPAD1BWP30P140              5      2.520    tcbn28hpcplusbwp30p140ssg0p81v125c       0 
NR2OPTPAD4BWP30P140              1      1.638    tcbn28hpcplusbwp30p140ssg0p81v125c       0 
NR2OPTPAD6BWP30P140              1      2.394    tcbn28hpcplusbwp30p140ssg0p81v125c       0 
NR3D0BWP30P140                   5      2.520    tcbn28hpcplusbwp30p140ssg0p81v125c       0 
NR3D0P7BWP30P140                13      6.552    tcbn28hpcplusbwp30p140ssg0p81v125c       0 
NR3D1P5BWP30P140                 2      1.764    tcbn28hpcplusbwp30p140ssg0p81v125c       0 
NR3OPTPAD4BWP30P140              1      2.394    tcbn28hpcplusbwp30p140ssg0p81v125c       0 
NR4D0BWP30P140                   9      5.670    tcbn28hpcplusbwp30p140ssg0p81v125c       0 
OA211D1BWP30P140                 3      2.268    tcbn28hpcplusbwp30p140ssg0p81v125c       0 
OA21D1BWP30P140                 24     15.120    tcbn28hpcplusbwp30p140ssg0p81v125c       0 
OAI211D1BWP30P140              511    321.930    tcbn28hpcplusbwp30p140ssg0p81v125c       0 
OAI21D0P7BWP30P140               1      0.504    tcbn28hpcplusbwp30p140ssg0p81v125c       0 
OAI21D1BWP30P140               213    107.352    tcbn28hpcplusbwp30p140ssg0p81v125c       0 
OAI221D1BWP30P140              147    129.654    tcbn28hpcplusbwp30p140ssg0p81v125c       0 
OAI22D1BWP30P140                27     17.010    tcbn28hpcplusbwp30p140ssg0p81v125c       0 
OAI31D1BWP30P140                12      7.560    tcbn28hpcplusbwp30p140ssg0p81v125c       0 
OAI32D1BWP30P140                10      7.560    tcbn28hpcplusbwp30p140ssg0p81v125c       0 
OR2D0BWP30P140                  36     18.144    tcbn28hpcplusbwp30p140ssg0p81v125c       0 
OR2D1BWP30P140                 148     74.592    tcbn28hpcplusbwp30p140ssg0p81v125c       0 
OR2D2BWP30P140                   9      5.670    tcbn28hpcplusbwp30p140ssg0p81v125c       0 
OR2D4BWP30P140                   5      5.670    tcbn28hpcplusbwp30p140ssg0p81v125c       0 
OR3D1BWP30P140                  27     17.010    tcbn28hpcplusbwp30p140ssg0p81v125c       0 
OR3D2BWP30P140                   6      4.536    tcbn28hpcplusbwp30p140ssg0p81v125c       0 
OR3D4BWP30P140                   5      6.930    tcbn28hpcplusbwp30p140ssg0p81v125c       0 
OR4D1BWP30P140                  47     35.532    tcbn28hpcplusbwp30p140ssg0p81v125c       0 
OR4D2BWP30P140                   6      5.292    tcbn28hpcplusbwp30p140ssg0p81v125c       0 
OR4D4BWP30P140                   1      1.638    tcbn28hpcplusbwp30p140ssg0p81v125c       0 
SDFKCNQARD2BWP30P140             1      2.772    tcbn28hpcplusbwp30p140ssg0p81v125c       0 
XNR2UD1BWP30P140               714    629.748    tcbn28hpcplusbwp30p140ssg0p81v125c       0 
XNR3UD1BWP30P140                75    132.300    tcbn28hpcplusbwp30p140ssg0p81v125c       0 
XNR4D1BWP30P140                 17     44.982    tcbn28hpcplusbwp30p140ssg0p81v125c       0 
XOR2UD1BWP30P140               113     99.666    tcbn28hpcplusbwp30p140ssg0p81v125c       0 
XOR3D1BWP30P140                  2      3.780    tcbn28hpcplusbwp30p140ssg0p81v125c       0 
XOR3D2BWP30P140                  2      4.032    tcbn28hpcplusbwp30p140ssg0p81v125c       0 
XOR3UD1BWP30P140                69    121.716    tcbn28hpcplusbwp30p140ssg0p81v125c       0 
XOR4D0BWP30P140                  6     15.876    tcbn28hpcplusbwp30p140ssg0p81v125c       0 
--------------------------------------------------------------------------------------------
total                        15913  18307.296                                       


                                                        
            Type             Instances    Area   Area % 
--------------------------------------------------------
sequential                        2516  5029.668   27.5 
inverter                          1485   390.222    2.1 
buffer                              20    12.852    0.1 
clock_gating_integrated_cell       110   207.900    1.1 
logic                            11782 12666.654   69.2 
physical_cells                       0     0.000    0.0 
--------------------------------------------------------
total                            15913 18307.296  100.0 

