xrun(64): 23.03-s003: (c) Copyright 1995-2023 Cadence Design Systems, Inc.
TOOL:	xrun(64)	23.03-s003: Started on Sep 29, 2026 at 23:43:01 -03
xrun
	-64bit
	-sv
	-access +r
	-cdslib /tmp/fastconv-nbits16-b9615552/rtl/conv2x2/fpga_zcu104/stream08_pipeline_campaign/reports/simlibs_unisim/cds.lib
	-hdlvar /tmp/fastconv-nbits16-b9615552/rtl/conv2x2/fpga_zcu104/stream08_pipeline_campaign/reports/simlibs_unisim/hdl.var
	-reflib /tmp/fastconv-nbits16-b9615552/rtl/conv2x2/fpga_zcu104/stream08_pipeline_campaign/reports/simlibs_unisim/unisims_ver:unisims_ver
	-define GATE_LEVEL
	-define COLUMN_IO
	-define NBITS16
	-top tb_power
	-top glbl
	-timescale 1ns/1ps
	-input /tmp/fastconv-nbits16-b9615552/rtl/conv2x2/fpga_zcu104/column_power_comparison/scripts/capture_dut_saif.tcl
	-l xrun.log
	/tmp/fastconv-nbits16-b9615552/rtl/conv2x2/pack-param/tcn4/pack_param.sv
	/tmp/fastconv-nbits16-b9615552/rtl/conv2x2/data/tcn4/sim/sim-032-3-3-normal-trunc-nbits16/pack_data.sv
	/tmp/fastconv-nbits16-b9615552/rtl/mem/mem.sv
	/tmp/fastconv-nbits16-b9615552/rtl/conv2x2/fpga_zcu104/stream08_pipeline_campaign/reports/prefetch8-rowconst4-trunc-column-nbits16/design_routed_funcsim.v
	/soft64/xilinx/ferramentas/Vivado/2023.2/Vivado/2023.2/data/verilog/src/glbl.v
	/tmp/fastconv-nbits16-b9615552/rtl/conv2x2/fpga_zcu104/column_power_comparison/tb/tb_power.sv
file: /tmp/fastconv-nbits16-b9615552/rtl/conv2x2/pack-param/tcn4/pack_param.sv
	package worklib.pack_param:sv
		errors: 0, warnings: 0
file: /tmp/fastconv-nbits16-b9615552/rtl/conv2x2/data/tcn4/sim/sim-032-3-3-normal-trunc-nbits16/pack_data.sv
	package worklib.pack_data:sv
		errors: 0, warnings: 0
file: /tmp/fastconv-nbits16-b9615552/rtl/mem/mem.sv
	module worklib.Memory:sv
		errors: 0, warnings: 0
file: /tmp/fastconv-nbits16-b9615552/rtl/conv2x2/fpga_zcu104/stream08_pipeline_campaign/reports/prefetch8-rowconst4-trunc-column-nbits16/design_routed_funcsim.v
	module worklib.Conv:v
		errors: 0, warnings: 0
	module worklib.MatrixC0:v
		errors: 0, warnings: 0
	module worklib.MatrixC1:v
		errors: 0, warnings: 0
	module worklib.Multip:v
		errors: 0, warnings: 0
	module worklib.Multip_0:v
		errors: 0, warnings: 0
	module worklib.Multip_1:v
		errors: 0, warnings: 0
	module worklib.Multip_2:v
		errors: 0, warnings: 0
	module worklib.Multip_3:v
		errors: 0, warnings: 0
	module worklib.Multip_4:v
		errors: 0, warnings: 0
	module worklib.Multip_5:v
		errors: 0, warnings: 0
	module worklib.Multip_6:v
		errors: 0, warnings: 0
	module worklib.Transform:v
		errors: 0, warnings: 0
	module worklib.WeightTransformRowConst:v
		errors: 0, warnings: 0
	module worklib.WeightTransformRowConst__parameterized0:v
		errors: 0, warnings: 0
	module worklib.WeightTransformRowConst__parameterized1:v
		errors: 0, warnings: 0
	module worklib.WeightTransformRowConst__parameterized2:v
		errors: 0, warnings: 0
	module worklib.glbl:v
		errors: 0, warnings: 0
file: /soft64/xilinx/ferramentas/Vivado/2023.2/Vivado/2023.2/data/verilog/src/glbl.v
file: /tmp/fastconv-nbits16-b9615552/rtl/conv2x2/fpga_zcu104/column_power_comparison/tb/tb_power.sv
	module worklib.tb_power:sv
		errors: 0, warnings: 0
	Elaborating the design hierarchy:
		Caching library 'worklib' ....... Done
		Caching library 'unisims_ver' ....... Done
xmelab: *W,CUSRCH: Resolved design unit 'BUFGCE' at 'clk_IBUF_BUFG_inst' to 'unisims_ver.BUFGCE:module' through a global search of all libraries.
xmelab: *W,CUSRCH: Resolved design unit 'IBUF' at 'clk_IBUF_inst' to 'unisims_ver.IBUF:module' through a global search of all libraries.
xmelab: *W,CUSRCH: Resolved design unit 'GND' at 'GND' to 'unisims_ver.GND:module' through a global search of all libraries.
xmelab: *W,CUSRCH: Resolved design unit 'DSP48E2' at 'partial_product' to 'unisims_ver.DSP48E2:module' through a global search of all libraries.
xmelab: *W,CUSRCH: Resolved design unit 'LUT2' at 'r_hadamard_product_row_idx_reg[1]_i_1' to 'unisims_ver.LUT2:module' through a global search of all libraries.
xmelab: *W,CUSRCH: Resolved design unit 'x_lut2_mux4' at '' to 'unisims_ver.x_lut2_mux4:udp' through a global search of all libraries.
xmelab: *W,CUSRCH: Resolved design unit 'LUT5' at 'r_output_write[0][15]_i_36' to 'unisims_ver.LUT5:module' through a global search of all libraries.
xmelab: *W,CUSRCH: Resolved design unit 'FDRE' at 'r_output_write[0][15]_i_36_psdsp' to 'unisims_ver.FDRE:module' through a global search of all libraries.
xmelab: *W,CUSRCH: Resolved design unit 'LUT4' at 'r_output_write[0][15]_i_44' to 'unisims_ver.LUT4:module' through a global search of all libraries.
xmelab: *W,CUSRCH: Resolved design unit 'LUT3' at 'r_output_write[0][15]_i_13' to 'unisims_ver.LUT3:module' through a global search of all libraries.
xmelab: *W,CUSRCH: Resolved design unit 'x_lut3_mux8' at '' to 'unisims_ver.x_lut3_mux8:udp' through a global search of all libraries.
xmelab: *W,CUSRCH: Resolved design unit 'CARRY8' at 'r_output_write_reg[0][15]_i_28' to 'unisims_ver.CARRY8:module' through a global search of all libraries.
xmelab: *W,CUSRCH: Resolved design unit 'LUT6' at 'r_output_write[1][7]_i_43' to 'unisims_ver.LUT6:module' through a global search of all libraries.
xmelab: *W,CUSRCH: Resolved design unit 'OBUF' at 'p_end_OBUF_inst' to 'unisims_ver.OBUF:module' through a global search of all libraries.
xmelab: *W,CUSRCH: Resolved design unit 'FDCE' at 'r_conv_multiply_count_reg[0]' to 'unisims_ver.FDCE:module' through a global search of all libraries.
xmelab: *W,CUSRCH: Resolved design unit 'FDPE' at 'r_input_channel_counter_input_reg[0]' to 'unisims_ver.FDPE:module' through a global search of all libraries.
xmelab: *W,CUSRCH: Resolved design unit 'LUT1' at 'r_input_channel_counter_output[0]_i_1' to 'unisims_ver.LUT1:module' through a global search of all libraries.
xmelab: *W,CUSRCH: Resolved design unit 'x_lut1_mux2' at '' to 'unisims_ver.x_lut1_mux2:udp' through a global search of all libraries.
	Top level design units:
		pack_data
		pack_param
		tb_power
		glbl
	Building instance overlay tables: .................... Done
	Generating native compiled code:
		worklib.Memory:sv <0x7934831d>
			streams:   6, words:  2578
		worklib.WeightTransformRowConst__parameterized2:v <0x34c30c49>
			streams:   4, words:   575
		worklib.WeightTransformRowConst__parameterized1:v <0x25e034c0>
			streams:  20, words:  3201
		worklib.WeightTransformRowConst__parameterized0:v <0x0bcc82c8>
			streams:  23, words:  3760
		worklib.WeightTransformRowConst:v <0x31a8689b>
			streams:   7, words:  1137
		worklib.MatrixC1:v <0x1f2ba078>
			streams:   0, words:     0
		worklib.MatrixC0:v <0x6a748f70>
			streams:   0, words:     0
		worklib.Transform:v <0x56866f80>
			streams:   0, words:     0
		worklib.Multip_6:v <0x580953ec>
			streams:   1, words:   868
		worklib.Multip_5:v <0x6b59d8bb>
			streams:   1, words:   868
		worklib.Multip_4:v <0x062c920e>
			streams:   1, words:   868
		worklib.Multip_3:v <0x7ebe5874>
			streams:   1, words:   868
		worklib.Multip_2:v <0x09a5c2e3>
			streams:   1, words:   868
		worklib.Multip_1:v <0x60fa6c20>
			streams:   1, words:   868
		worklib.Multip_0:v <0x595f81fb>
			streams:   1, words:   868
		worklib.Multip:v <0x2c262321>
			streams:   1, words:   868
		worklib.Conv:v <0x4b4b502c>
			streams:   6, words:  1063
		worklib.glbl:v <0x3a6ea307>
			streams:  12, words:  3717
		worklib.tb_power:sv <0x12cd4799>
			streams:  35, words: 21050
		worklib.pack_data:sv <0x1cc75972>
			streams:   5, words:  2186
		worklib.pack_param:sv <0x50887ffe>
			streams:   1, words:   708
		unisims_ver.LUT6:module <0x69fed1cb>
			streams:   4, words: 36075
		unisims_ver.LUT5:module <0x6e39b435>
			streams:   5, words: 20992
		unisims_ver.LUT5:module <0x6d922815>
			streams:   5, words: 20992
		unisims_ver.LUT3:module <0x6f6ee6bd>
			streams:   2, words:   902
		unisims_ver.LUT6:module <0x3222e423>
			streams:   4, words: 36075
		unisims_ver.LUT6:module <0x0a2b2eea>
			streams:   4, words: 36075
		unisims_ver.LUT3:module <0x4d2b9f66>
			streams:   2, words:   891
		unisims_ver.LUT3:module <0x61f05e7a>
			streams:   2, words:   902
		unisims_ver.LUT6:module <0x607f9cb3>
			streams:   4, words: 36075
		unisims_ver.LUT6:module <0x4793d4ce>
			streams:   4, words: 36075
		unisims_ver.LUT3:module <0x28f6c362>
			streams:   2, words:   891
		unisims_ver.LUT4:module <0x419c36dc>
			streams:   4, words:  9134
		unisims_ver.LUT4:module <0x62ecb8af>
			streams:   4, words:  9134
		unisims_ver.LUT6:module <0x03998d4e>
			streams:   4, words: 36075
		unisims_ver.LUT5:module <0x50ccb726>
			streams:   5, words: 20986
		unisims_ver.LUT3:module <0x4b559095>
			streams:   2, words:   906
		unisims_ver.LUT6:module <0x4d78afe6>
			streams:   4, words: 36075
		unisims_ver.LUT6:module <0x5d05d690>
			streams:   4, words: 36075
		unisims_ver.LUT5:module <0x0fe73d81>
			streams:   5, words: 20986
		unisims_ver.LUT5:module <0x5f0e7bfa>
			streams:   5, words: 20992
		unisims_ver.LUT3:module <0x604465fa>
			streams:   2, words:   894
		unisims_ver.LUT6:module <0x70487b8f>
			streams:   4, words: 36075
		unisims_ver.LUT3:module <0x0b078139>
			streams:   2, words:   894
		unisims_ver.LUT6:module <0x18aeaeef>
			streams:   4, words: 36075
		unisims_ver.LUT6:module <0x644d51ca>
			streams:   4, words: 36075
		unisims_ver.LUT3:module <0x6edadd3d>
			streams:   2, words:   894
		unisims_ver.LUT6:module <0x31045c29>
			streams:   4, words: 36075
		unisims_ver.LUT4:module <0x183e4d47>
			streams:   4, words:  9137
		unisims_ver.LUT5:module <0x196dfd11>
			streams:   5, words: 20986
		unisims_ver.LUT5:module <0x78751928>
			streams:   5, words: 20992
		unisims_ver.LUT6:module <0x2d97f254>
			streams:   4, words: 36075
		unisims_ver.LUT5:module <0x70fc35c7>
			streams:   5, words: 20992
		unisims_ver.LUT5:module <0x192f2579>
			streams:   5, words: 20986
		unisims_ver.LUT6:module <0x0e44c238>
			streams:   4, words: 36075
		unisims_ver.LUT6:module <0x361681c3>
			streams:   4, words: 36075
		unisims_ver.LUT5:module <0x0688873a>
			streams:   5, words: 20986
		unisims_ver.LUT5:module <0x65552902>
			streams:   5, words: 20992
		unisims_ver.LUT6:module <0x59e28949>
			streams:   4, words: 36075
		unisims_ver.LUT4:module <0x61408554>
			streams:   4, words:  9137
		unisims_ver.LUT3:module <0x4c9fa4e6>
			streams:   2, words:   899
		unisims_ver.LUT6:module <0x5dd6eca9>
			streams:   4, words: 36075
		unisims_ver.LUT3:module <0x059939fe>
			streams:   2, words:   894
		unisims_ver.LUT3:module <0x7655f718>
			streams:   2, words:   891
		unisims_ver.LUT3:module <0x042d027e>
			streams:   2, words:   902
		unisims_ver.LUT6:module <0x5c449b03>
			streams:   4, words: 36075
		unisims_ver.LUT3:module <0x26687ba5>
			streams:   2, words:   891
		unisims_ver.LUT3:module <0x3079e947>
			streams:   2, words:   894
		unisims_ver.LUT4:module <0x7b61a2fa>
			streams:   4, words:  9137
		unisims_ver.CARRY8:module <0x404e68ba>
			streams:  14, words:  6691
		unisims_ver.LUT6:module <0x438378c3>
			streams:   4, words: 36075
		unisims_ver.LUT6:module <0x056006fd>
			streams:   4, words: 36061
		unisims_ver.LUT6:module <0x50c93cc0>
			streams:   4, words: 36075
		unisims_ver.LUT5:module <0x6380802b>
			streams:   5, words: 20983
		unisims_ver.LUT6:module <0x46428041>
			streams:   4, words: 36075
		unisims_ver.LUT6:module <0x550ee35c>
			streams:   4, words: 36075
		unisims_ver.LUT6:module <0x298b1510>
			streams:   4, words: 36075
		unisims_ver.LUT5:module <0x66ac2043>
			streams:   5, words: 20992
		unisims_ver.LUT6:module <0x03fabbd4>
			streams:   4, words: 36075
		unisims_ver.LUT6:module <0x7414588e>
			streams:   4, words: 36075
		unisims_ver.LUT6:module <0x4e22adc2>
			streams:   4, words: 36075
		unisims_ver.LUT6:module <0x4524a537>
			streams:   4, words: 36075
		unisims_ver.LUT4:module <0x6cfbc18b>
			streams:   4, words:  9137
		unisims_ver.LUT6:module <0x3483845e>
			streams:   4, words: 36075
		unisims_ver.LUT4:module <0x5b9d854a>
			streams:   4, words:  9137
		unisims_ver.LUT5:module <0x1d081ba6>
			streams:   5, words: 20986
		unisims_ver.LUT6:module <0x68199aed>
			streams:   4, words: 36075
		unisims_ver.LUT4:module <0x26a83996>
			streams:   4, words:  9137
		unisims_ver.LUT4:module <0x6916c7bb>
			streams:   4, words:  9137
		unisims_ver.LUT5:module <0x20564d70>
			streams:   5, words: 20992
		unisims_ver.LUT6:module <0x11f8a1dd>
			streams:   4, words: 36061
		unisims_ver.LUT6:module <0x1c9c4d96>
			streams:   4, words: 36075
		unisims_ver.LUT6:module <0x33f19f40>
			streams:   4, words: 36075
		unisims_ver.LUT3:module <0x4e658e8f>
			streams:   2, words:   895
		unisims_ver.LUT6:module <0x1c6b66a9>
			streams:   4, words: 36075
		unisims_ver.LUT6:module <0x1cfb2eb3>
			streams:   4, words: 36061
		unisims_ver.LUT6:module <0x013ee47b>
			streams:   4, words: 36061
		unisims_ver.LUT4:module <0x53f2df40>
			streams:   4, words:  9137
		unisims_ver.LUT6:module <0x5f30b65d>
			streams:   4, words: 36075
		unisims_ver.LUT6:module <0x748422a3>
			streams:   4, words: 36075
		unisims_ver.LUT3:module <0x7215984a>
			streams:   2, words:   879
		unisims_ver.LUT3:module <0x3337f8ae>
			streams:   2, words:   890
		unisims_ver.LUT6:module <0x505233a5>
			streams:   4, words: 36075
		unisims_ver.LUT6:module <0x3cbba53a>
			streams:   4, words: 36075
		unisims_ver.LUT6:module <0x4b5ef7d9>
			streams:   4, words: 36075
		unisims_ver.LUT6:module <0x69a7c400>
			streams:   4, words: 36075
		unisims_ver.LUT6:module <0x6c941752>
			streams:   4, words: 36075
		unisims_ver.LUT4:module <0x7f3a7b9e>
			streams:   4, words:  9134
		unisims_ver.LUT6:module <0x2140f888>
			streams:   4, words: 36075
		unisims_ver.LUT6:module <0x6c2a31f9>
			streams:   4, words: 36075
		unisims_ver.LUT4:module <0x626f558a>
			streams:   4, words:  9137
		unisims_ver.LUT5:module <0x4180b512>
			streams:   5, words: 20986
		unisims_ver.LUT4:module <0x77ca5fb4>
			streams:   4, words:  9137
		unisims_ver.LUT6:module <0x795d08ea>
			streams:   4, words: 36075
		unisims_ver.LUT6:module <0x047a3b6c>
			streams:   4, words: 36075
		unisims_ver.LUT6:module <0x1263da0e>
			streams:   4, words: 36075
		unisims_ver.LUT6:module <0x49300430>
			streams:   4, words: 36075
		unisims_ver.LUT6:module <0x306f1843>
			streams:   4, words: 36075
		unisims_ver.LUT6:module <0x36887343>
			streams:   4, words: 36075
		unisims_ver.LUT4:module <0x10104c60>
			streams:   4, words:  9137
		unisims_ver.LUT6:module <0x3b041597>
			streams:   4, words: 36075
		unisims_ver.LUT5:module <0x136de1eb>
			streams:   5, words: 20986
		unisims_ver.LUT6:module <0x3faa70ac>
			streams:   4, words: 36075
		unisims_ver.LUT6:module <0x2005bef2>
			streams:   4, words: 36075
		unisims_ver.LUT6:module <0x1f11f702>
			streams:   4, words: 36075
		unisims_ver.LUT6:module <0x5c27508d>
			streams:   4, words: 36075
		unisims_ver.LUT6:module <0x0abafddf>
			streams:   4, words: 36075
		unisims_ver.LUT6:module <0x07d0b695>
			streams:   4, words: 36075
		unisims_ver.LUT3:module <0x0d798eca>
			streams:   2, words:   879
		unisims_ver.LUT6:module <0x57cc1577>
			streams:   4, words: 36075
		unisims_ver.LUT6:module <0x302cab54>
			streams:   4, words: 36075
		unisims_ver.LUT3:module <0x38995e73>
			streams:   2, words:   903
		unisims_ver.LUT6:module <0x75c0d73a>
			streams:   4, words: 36075
		unisims_ver.LUT5:module <0x4b5a197a>
			streams:   5, words: 20986
		unisims_ver.LUT5:module <0x6b78b6ec>
			streams:   5, words: 20986
		unisims_ver.LUT6:module <0x4c18e3a4>
			streams:   4, words: 36075
		unisims_ver.LUT4:module <0x559d6cf2>
			streams:   4, words:  9134
		unisims_ver.LUT3:module <0x3bd74f9a>
			streams:   2, words:   883
		unisims_ver.LUT3:module <0x04e948b6>
			streams:   2, words:   887
		unisims_ver.LUT6:module <0x2afa1576>
			streams:   4, words: 36075
		unisims_ver.LUT4:module <0x0b7c1a77>
			streams:   4, words:  9137
		unisims_ver.LUT4:module <0x79d407e6>
			streams:   4, words:  9137
		unisims_ver.LUT5:module <0x01041fb3>
			streams:   5, words: 20986
		unisims_ver.LUT4:module <0x5a356a97>
			streams:   4, words:  9134
		unisims_ver.LUT6:module <0x41bd076f>
			streams:   4, words: 36075
		unisims_ver.LUT4:module <0x52f4b840>
			streams:   4, words:  9137
		unisims_ver.LUT4:module <0x33476b1c>
			streams:   4, words:  9137
		unisims_ver.LUT5:module <0x774b509d>
			streams:   5, words: 20986
		unisims_ver.LUT5:module <0x7cac374c>
			streams:   5, words: 20986
		unisims_ver.LUT4:module <0x33c33a6d>
			streams:   4, words:  9137
		unisims_ver.LUT5:module <0x69379ff3>
			streams:   5, words: 20986
		unisims_ver.LUT3:module <0x11728175>
			streams:   2, words:   879
		unisims_ver.LUT6:module <0x124d0b5f>
			streams:   4, words: 36061
		unisims_ver.LUT4:module <0x65639e9b>
			streams:   4, words:  9137
		unisims_ver.LUT5:module <0x21cdd6a2>
			streams:   5, words: 20986
		unisims_ver.LUT6:module <0x07d67c32>
			streams:   4, words: 36075
		unisims_ver.LUT5:module <0x7b4cbd6e>
			streams:   5, words: 20986
		unisims_ver.LUT4:module <0x5c5e0993>
			streams:   4, words:  9137
		unisims_ver.LUT3:module <0x16b8b506>
			streams:   2, words:   886
		unisims_ver.LUT4:module <0x63c7ba57>
			streams:   4, words:  9137
		unisims_ver.LUT6:module <0x72586994>
			streams:   4, words: 36075
		unisims_ver.LUT4:module <0x6f813765>
			streams:   4, words:  9137
		unisims_ver.LUT6:module <0x5fe55458>
			streams:   4, words: 36075
		unisims_ver.LUT4:module <0x1ef2068b>
			streams:   4, words:  9137
		unisims_ver.LUT6:module <0x575e63cb>
			streams:   4, words: 36075
		unisims_ver.LUT5:module <0x10be9d59>
			streams:   5, words: 20986
		unisims_ver.LUT6:module <0x68584ebb>
			streams:   4, words: 36052
		unisims_ver.LUT5:module <0x478d8a61>
			streams:   5, words: 20986
		unisims_ver.LUT5:module <0x197761bd>
			streams:   5, words: 20986
		unisims_ver.LUT6:module <0x7efcb5cf>
			streams:   4, words: 36062
		unisims_ver.LUT5:module <0x72687a57>
			streams:   5, words: 20986
		unisims_ver.LUT4:module <0x284a737d>
			streams:   4, words:  9137
		unisims_ver.LUT5:module <0x6b9d7eb7>
			streams:   5, words: 20983
		unisims_ver.LUT6:module <0x0faafbe9>
			streams:   4, words: 36075
		unisims_ver.LUT4:module <0x5ab687b2>
			streams:   4, words:  9137
		unisims_ver.LUT5:module <0x63c28cc8>
			streams:   5, words: 20986
		unisims_ver.LUT5:module <0x25641130>
			streams:   5, words: 20986
		unisims_ver.LUT5:module <0x6dde4b41>
			streams:   5, words: 20986
		unisims_ver.LUT3:module <0x34fdccdd>
			streams:   2, words:   883
		unisims_ver.LUT6:module <0x4e4063f4>
			streams:   4, words: 36075
		unisims_ver.LUT4:module <0x33d5e4fc>
			streams:   4, words:  9137
		unisims_ver.LUT4:module <0x20bd6a60>
			streams:   4, words:  9137
		unisims_ver.LUT5:module <0x6c0c0f0d>
			streams:   5, words: 20992
		unisims_ver.LUT5:module <0x63391a6f>
			streams:   5, words: 20986
		unisims_ver.LUT4:module <0x1fc59776>
			streams:   4, words:  9134
		unisims_ver.LUT4:module <0x42744fd2>
			streams:   4, words:  9137
		unisims_ver.LUT5:module <0x290147fc>
			streams:   5, words: 20986
		unisims_ver.LUT6:module <0x2733f766>
			streams:   4, words: 36075
		unisims_ver.LUT5:module <0x3155fd55>
			streams:   5, words: 20986
		unisims_ver.LUT4:module <0x14c235b5>
			streams:   4, words:  9137
		unisims_ver.LUT5:module <0x1267ce0d>
			streams:   5, words: 20986
		unisims_ver.LUT2:module <0x7f9ee439>
			streams:   2, words:   602
		unisims_ver.LUT4:module <0x5fec8582>
			streams:   4, words:  9137
		unisims_ver.LUT6:module <0x37602465>
			streams:   4, words: 36075
		unisims_ver.LUT4:module <0x17bae1b4>
			streams:   4, words:  9137
		unisims_ver.LUT6:module <0x42915e52>
			streams:   4, words: 36075
		unisims_ver.LUT6:module <0x4c34f6a3>
			streams:   4, words: 36061
		unisims_ver.LUT4:module <0x157d4af4>
			streams:   4, words:  9137
		unisims_ver.LUT5:module <0x432a387a>
			streams:   5, words: 20986
		unisims_ver.LUT5:module <0x280e88c8>
			streams:   5, words: 20986
		unisims_ver.LUT4:module <0x0b2371d3>
			streams:   4, words:  9137
		unisims_ver.LUT3:module <0x6a5ef8a7>
			streams:   2, words:   891
		unisims_ver.LUT6:module <0x5de5cb93>
			streams:   4, words: 36075
		unisims_ver.LUT5:module <0x71730a49>
			streams:   5, words: 20986
		unisims_ver.LUT4:module <0x6561bc74>
			streams:   4, words:  9137
		unisims_ver.LUT4:module <0x118e6877>
			streams:   4, words:  9137
		unisims_ver.LUT6:module <0x4deffdfe>
			streams:   4, words: 36075
		unisims_ver.LUT5:module <0x27180ee7>
			streams:   5, words: 20986
		unisims_ver.LUT4:module <0x79d62509>
			streams:   4, words:  9134
		unisims_ver.LUT5:module <0x24e04945>
			streams:   5, words: 20992
		unisims_ver.LUT5:module <0x10ad7485>
			streams:   5, words: 20986
		unisims_ver.LUT6:module <0x1134b965>
			streams:   4, words: 36075
		unisims_ver.LUT4:module <0x3699385d>
			streams:   4, words:  9137
		unisims_ver.LUT6:module <0x025279f6>
			streams:   4, words: 36075
		unisims_ver.LUT4:module <0x1ee22a43>
			streams:   4, words:  9137
		unisims_ver.LUT4:module <0x7f622d0d>
			streams:   4, words:  9134
		unisims_ver.LUT6:module <0x4ae7d9d3>
			streams:   4, words: 36075
		unisims_ver.LUT5:module <0x4a5efd42>
			streams:   5, words: 20986
		unisims_ver.LUT6:module <0x6eac0635>
			streams:   4, words: 36052
		unisims_ver.LUT1:module <0x0ba8e279>
			streams:   2, words:   447
		unisims_ver.FDPE:module <0x23d00bfa>
			streams:  12, words:  8281
		unisims_ver.LUT6:module <0x1dffc35f>
			streams:   4, words: 36075
		unisims_ver.LUT5:module <0x440cc1eb>
			streams:   5, words: 20986
		unisims_ver.LUT4:module <0x5a7d10cc>
			streams:   4, words:  9137
		unisims_ver.LUT5:module <0x7767a0b5>
			streams:   5, words: 20986
		unisims_ver.LUT3:module <0x1bac56e0>
			streams:   2, words:   883
		unisims_ver.LUT6:module <0x39ca7fd1>
			streams:   4, words: 36075
		unisims_ver.LUT5:module <0x510b012d>
			streams:   5, words: 20992
		unisims_ver.LUT4:module <0x744c3a80>
			streams:   4, words:  9137
		unisims_ver.LUT3:module <0x1a186d60>
			streams:   2, words:   883
		unisims_ver.LUT5:module <0x0c1ff77c>
			streams:   5, words: 20983
		unisims_ver.LUT4:module <0x0e5109c3>
			streams:   4, words:  9137
		unisims_ver.LUT5:module <0x7abc65a0>
			streams:   5, words: 20986
		unisims_ver.LUT4:module <0x5afefde9>
			streams:   4, words:  9134
		unisims_ver.LUT6:module <0x4b717b59>
			streams:   4, words: 36075
		unisims_ver.LUT6:module <0x02ecb41e>
			streams:   4, words: 36061
		unisims_ver.LUT5:module <0x0d913cf8>
			streams:   5, words: 20986
		unisims_ver.LUT4:module <0x78b77f45>
			streams:   4, words:  9137
		unisims_ver.LUT5:module <0x5441d249>
			streams:   5, words: 20986
		unisims_ver.LUT3:module <0x5c34733f>
			streams:   2, words:   902
		unisims_ver.LUT6:module <0x6b1de456>
			streams:   4, words: 36061
		unisims_ver.LUT5:module <0x0ea8b1eb>
			streams:   5, words: 20992
		unisims_ver.LUT4:module <0x360b36de>
			streams:   4, words:  9137
		unisims_ver.LUT4:module <0x70d326d6>
			streams:   4, words:  9137
		unisims_ver.LUT3:module <0x64040aa8>
			streams:   2, words:   906
		unisims_ver.LUT3:module <0x00a927e4>
			streams:   2, words:   891
		unisims_ver.LUT2:module <0x46725373>
			streams:   2, words:   591
		unisims_ver.LUT6:module <0x4fb0d3a8>
			streams:   4, words: 36075
		unisims_ver.LUT4:module <0x51432b89>
			streams:   4, words:  9137
		unisims_ver.LUT5:module <0x4ede8532>
			streams:   5, words: 20992
		unisims_ver.LUT4:module <0x52fb6b6f>
			streams:   4, words:  9137
		unisims_ver.LUT3:module <0x7eb5402c>
			streams:   2, words:   882
		unisims_ver.LUT6:module <0x79c93732>
			streams:   4, words: 36075
		unisims_ver.LUT3:module <0x011d1c64>
			streams:   2, words:   891
		unisims_ver.LUT2:module <0x72c5b591>
			streams:   2, words:   599
		unisims_ver.LUT6:module <0x00090052>
			streams:   4, words: 36075
		unisims_ver.LUT6:module <0x3418a64a>
			streams:   4, words: 36075
		unisims_ver.LUT6:module <0x366b3753>
			streams:   4, words: 36075
		unisims_ver.LUT6:module <0x2a63b25f>
			streams:   4, words: 36075
		unisims_ver.LUT5:module <0x6878bc11>
			streams:   5, words: 20986
		unisims_ver.LUT4:module <0x488919cb>
			streams:   4, words:  9137
		unisims_ver.LUT6:module <0x27e8490d>
			streams:   4, words: 36075
		unisims_ver.LUT3:module <0x2dc6dd78>
			streams:   2, words:   894
		unisims_ver.LUT2:module <0x78671971>
			streams:   2, words:   602
		unisims_ver.LUT6:module <0x2f09a90f>
			streams:   4, words: 36075
		unisims_ver.LUT6:module <0x1895b70e>
			streams:   4, words: 36075
		unisims_ver.LUT6:module <0x32f13806>
			streams:   4, words: 36075
		unisims_ver.LUT6:module <0x6ffd08d8>
			streams:   4, words: 36075
		unisims_ver.LUT6:module <0x7b9f6690>
			streams:   4, words: 36075
		unisims_ver.LUT5:module <0x7d7d73c4>
			streams:   5, words: 20986
		unisims_ver.LUT6:module <0x3fe58e8f>
			streams:   4, words: 36075
		unisims_ver.LUT4:module <0x7a2c5220>
			streams:   4, words:  9137
		unisims_ver.LUT4:module <0x5fa16162>
			streams:   4, words:  9137
		unisims_ver.LUT6:module <0x1942756b>
			streams:   4, words: 36075
		unisims_ver.LUT6:module <0x7add8dbf>
			streams:   4, words: 36075
		unisims_ver.LUT6:module <0x3b30fa5f>
			streams:   4, words: 36075
		unisims_ver.LUT6:module <0x3ab85fa1>
			streams:   4, words: 36075
		unisims_ver.LUT6:module <0x055a3210>
			streams:   4, words: 36075
		unisims_ver.LUT4:module <0x3de534d7>
			streams:   4, words:  9137
		unisims_ver.LUT4:module <0x7255d6bb>
			streams:   4, words:  9137
		unisims_ver.LUT4:module <0x2ae02986>
			streams:   4, words:  9137
		unisims_ver.LUT6:module <0x1840ab49>
			streams:   4, words: 36075
		unisims_ver.LUT3:module <0x678e5189>
			streams:   2, words:   887
		unisims_ver.FDCE:module <0x4c8351b7>
			streams:  12, words:  8244
		unisims_ver.LUT4:module <0x51648286>
			streams:   4, words:  9137
		unisims_ver.LUT3:module <0x10c6baf5>
			streams:   2, words:   887
		unisims_ver.LUT3:module <0x6faaac75>
			streams:   2, words:   879
		unisims_ver.LUT3:module <0x2942f8e2>
			streams:   2, words:   883
		unisims_ver.LUT5:module <0x396b2408>
			streams:   5, words: 20986
		unisims_ver.LUT3:module <0x1e9c48fa>
			streams:   2, words:   894
		unisims_ver.LUT5:module <0x15608c94>
			streams:   5, words: 20986
		unisims_ver.LUT3:module <0x34398615>
			streams:   2, words:   906
		unisims_ver.LUT6:module <0x664e840e>
			streams:   4, words: 36075
		unisims_ver.LUT6:module <0x25ea6c5f>
			streams:   4, words: 36075
		unisims_ver.CARRY8:module <0x44429eb0>
			streams:  14, words:  6754
		unisims_ver.LUT3:module <0x2ff8bdd9>
			streams:   2, words:   891
		unisims_ver.LUT6:module <0x2bd72a6d>
			streams:   4, words: 36075
		unisims_ver.LUT5:module <0x4765f070>
			streams:   5, words: 20986
		unisims_ver.LUT6:module <0x3c1904c9>
			streams:   4, words: 36061
		unisims_ver.LUT5:module <0x4bd172bc>
			streams:   5, words: 20986
		unisims_ver.LUT5:module <0x4b1596f3>
			streams:   5, words: 20986
		unisims_ver.LUT5:module <0x06b2269d>
			streams:   5, words: 20986
		unisims_ver.LUT5:module <0x6b1ddd97>
			streams:   5, words: 20986
		unisims_ver.LUT5:module <0x623712a6>
			streams:   5, words: 20992
		unisims_ver.LUT6:module <0x33b09389>
			streams:   4, words: 36075
		unisims_ver.LUT6:module <0x1089c3a7>
			streams:   4, words: 36075
		unisims_ver.LUT6:module <0x741c51bc>
			streams:   4, words: 36075
		unisims_ver.LUT5:module <0x003f9c68>
			streams:   5, words: 20986
		unisims_ver.LUT4:module <0x0c9a9c2d>
			streams:   4, words:  9137
		unisims_ver.LUT5:module <0x0e50af0c>
			streams:   5, words: 20986
		unisims_ver.LUT5:module <0x48416964>
			streams:   5, words: 20986
		unisims_ver.LUT4:module <0x0bc4cd58>
			streams:   4, words:  9134
		unisims_ver.CARRY8:module <0x59c339f0>
			streams:  14, words:  6460
		unisims_ver.LUT5:module <0x1a7b41ba>
			streams:   5, words: 20986
		unisims_ver.LUT6:module <0x2120f6be>
			streams:   4, words: 36052
		unisims_ver.LUT6:module <0x48582bd8>
			streams:   4, words: 36061
		unisims_ver.OBUF:module <0x5290dd3e>
			streams:   2, words:  1453
		unisims_ver.LUT5:module <0x27e43546>
			streams:   5, words: 20992
		unisims_ver.LUT4:module <0x422654d5>
			streams:   4, words:  9137
		unisims_ver.LUT5:module <0x4b8388ec>
			streams:   5, words: 20986
		unisims_ver.LUT4:module <0x75ec3b45>
			streams:   4, words:  9137
		unisims_ver.DSP48E2:module <0x240ced36>
			streams: 217, words: 159169
		unisims_ver.LUT3:module <0x09fdab50>
			streams:   2, words:   906
		unisims_ver.LUT6:module <0x1f780c14>
			streams:   4, words: 36075
		unisims_ver.LUT5:module <0x228734cd>
			streams:   5, words: 20992
		unisims_ver.LUT4:module <0x6c5a9a79>
			streams:   4, words:  9137
		unisims_ver.CARRY8:module <0x54621d2a>
			streams:  14, words:  6427
		unisims_ver.CARRY8:module <0x49e3ba6a>
			streams:  14, words:  6175
		unisims_ver.LUT2:module <0x7b57d4a1>
			streams:   2, words:   598
		unisims_ver.LUT2:module <0x4b2902db>
			streams:   2, words:   594
		unisims_ver.LUT4:module <0x699359a4>
			streams:   4, words:  9137
		unisims_ver.LUT5:module <0x0576764b>
			streams:   5, words: 20986
		unisims_ver.LUT5:module <0x4ee08967>
			streams:   5, words: 20986
		unisims_ver.LUT4:module <0x0dd8bfd8>
			streams:   4, words:  9137
		unisims_ver.LUT4:module <0x2eb2d194>
			streams:   4, words:  9137
		unisims_ver.LUT3:module <0x7b4114fe>
			streams:   2, words:   894
		unisims_ver.LUT2:module <0x42bb63eb>
			streams:   2, words:   595
		unisims_ver.LUT4:module <0x75120b13>
			streams:   4, words:  9137
		unisims_ver.LUT4:module <0x51c966b9>
			streams:   4, words:  9137
		unisims_ver.FDRE:module <0x47e8d405>
			streams:   9, words:  3925
		unisims_ver.LUT5:module <0x30fb0a7f>
			streams:   5, words: 20986
		unisims_ver.LUT2:module <0x753c48d9>
			streams:   2, words:   591
		unisims_ver.DSP48E2:module <0x29b33dba>
			streams: 217, words: 159159
		unisims_ver.GND:module <0x53b057fa>
			streams:   1, words:   171
		unisims_ver.IBUF:module <0x27ff62ac>
			streams:   1, words:  1277
		unisims_ver.BUFGCE:module <0x7e77d314>
			streams:  22, words: 17792
	Building instance specific data structures.
	Loading native compiled code:     .................... Done
	Design hierarchy summary:
		                   Instances  Unique
		Modules:                4372      34
		Verilog packages:          2       2
		UDPs:                   1356       3
		Primitives:              169       2
		Registers:             19614     237
		Scalar wires:          18755       -
		Expanded wires:         2872     304
		Vectored wires:          786       -
		Always blocks:          4470      65
		Initial blocks:        10613     106
		Cont. assignments:      5339     452
		Pseudo assignments:      106       -
		Simulation timescale:    1ps
	Writing initial simulation snapshot: worklib.tb_power:sv
Loading snapshot worklib.tb_power:sv .................... Done
xcelium> source /soft64/cadence/ferramentas/XCELIUM2303/tools/xcelium/files/xmsimrc
xcelium> stop -condition {#%d/tb_power/p_start == 1}
Created stop 1
xcelium> run
246012 PS + 0 (stop 1: tb_power.p_start = 1)
/tmp/fastconv-nbits16-b9615552/rtl/conv2x2/fpga_zcu104/column_power_comparison/tb/tb_power.sv:164     p_start = 1'b1;
xcelium> dumpsaif -scope tb_power.dut -internal -divider / -overwrite -output activity_dut.saif
xcelium> stop -condition {#%d/tb_power/p_end == 1}
Created stop 2
xcelium> stop -time 90 us -execute {puts "P3F_TIMEOUT_BEFORE_P_END"; exit}
Created stop 3
xcelium> run
45983843 PS + 1 (stop 2: tb_power.p_end = 1)
/tmp/fastconv-nbits16-b9615552/rtl/conv2x2/fpga_zcu104/column_power_comparison/tb/tb_power.sv:69     .clk(clk), .reset(reset), .p_start(p_start), .p_end(p_end),
xcelium> dumpsaif -end
xcelium> run
POWER_RESULT PASS writes=8100 final_words=2700 mismatches=0 active_cycles=14502
Simulation complete via $finish(1) at time 45988474 PS + 0
/tmp/fastconv-nbits16-b9615552/rtl/conv2x2/fpga_zcu104/column_power_comparison/tb/tb_power.sv:177     $finish;
xcelium> quit
TOOL:	xrun(64)	23.03-s003: Exiting on Sep 29, 2026 at 23:43:14 -03  (total: 00:00:13)
