============================================================
  Generated by:           Genus(TM) Synthesis Solution 21.12-s068_1
  Generated on:           Jan 25 2026  09:53:03 pm
  Module:                 Conv
  Library domain:         timing_cond_0p81v_125c
    Domain index:         0
    Technology library:   tcbn28hpcplusbwp30p140ssg0p81v125c 110
  Operating conditions:   ssg0p81v125c 
  Interconnect mode:      global
  Area mode:              physical library
============================================================

      Instance        Module   Cell Count  Cell Area  Net Area   Total Area 
----------------------------------------------------------------------------
Conv                                12756  12885.264  6692.064    19577.328 
  genblk1[0].multip Multip            663    681.534   269.540      951.074 
  genblk1[1].multip Multip_55         663    682.164   269.540      951.704 
  genblk1[2].multip Multip_54         664    694.638   270.523      965.161 
  inv               Inverse          2490   2547.846   970.972     3518.818 
    matrix_a0       MatrixA0          685    813.582   239.949     1053.531 
    matrix_a1       MatrixA1         1805   1734.264   617.355     2351.619 
  mux_mult          MuxMult            33     17.766     8.855       26.621 
  trf               Transform        2289   2950.290   775.477     3725.767 
    matrix_c0       MatrixC0          903   1301.076   320.300     1621.376 
    matrix_c1       MatrixC1         1386   1649.214   424.907     2074.121 
