============================================================
  Generated by:           Genus(TM) Synthesis Solution 21.12-s068_1
  Generated on:           Jul 08 2025  03:14:49 pm
  Module:                 conv
  Operating conditions:   ssg0p81v125c 
  Interconnect mode:      global
  Area mode:              physical library
============================================================


Path 1: MET (0 ps) Setup Check with Pin registers_reg[6][19]/CP->SI
           View: analysis_view_0p81v_125c_capwst_slowest
          Group: clk
     Startpoint: (F) weights[4][9]
          Clock: (R) clk
       Endpoint: (F) registers_reg[6][19]/SI
          Clock: (R) clk

                     Capture       Launch     
        Clock Edge:+    2000            0     
        Drv Adjust:+       0            4     
       Src Latency:+       0            0     
       Net Latency:+       0 (I)        0 (I) 
           Arrival:=    2000            4     
                                              
             Setup:-      81                  
     Required Time:=    1919                  
      Launch Clock:-       4                  
       Input Delay:-    1000                  
         Data Path:-     915                  
             Slack:=       0                  

Exceptions/Constraints:
  input_delay             1000            constraints.sdc_line_24_592_1 

#---------------------------------------------------------------------------------------------------------------------------------------
#                   Timing Point                     Flags    Arc   Edge         Cell          Fanout Load Trans Delay Arrival Instance 
#                                                                                                     (fF)  (ps)  (ps)   (ps)  Location 
#---------------------------------------------------------------------------------------------------------------------------------------
  weights[4][9]                                      -       -      F     (arrival)                 1  1.4    10     0    1004    (-,-) 
  g36524/Z                                           -       B1->Z  F     AO22D1BWP30P140           1  1.8    18    34    1038    (-,-) 
  g31632/ZN                                          -       A2->ZN R     NR2D2BWP30P140            1  2.3    20    20    1058    (-,-) 
  g31405/ZN                                          -       A2->ZN F     CKND2D4BWP30P140          1  2.8    16    13    1072    (-,-) 
  g31295/ZN                                          -       A1->ZN R     NR2OPTPAD4BWP30P140       1  6.9    20    16    1088    (-,-) 
  g31237/ZN                                          -       A1->ZN F     ND2OPTIBD16BWP30P140     22 33.0    29    22    1110    (-,-) 
  genblk1[0].multip/mul_24_61_g5029/ZN               -       I->ZN  R     INVD6BWP30P140            4  5.8    12    13    1123    (-,-) 
  genblk1[0].multip/mul_24_61_g4912__2398/ZN         -       I1->ZN F     MUX2ND4BWP30P140         18 18.2    26    43    1166    (-,-) 
  genblk1[0].multip/mul_24_61_g4808__2346/ZN         -       A1->ZN R     ND2D3BWP30P140           16 14.3    34    26    1192    (-,-) 
  genblk1[0].multip/mul_24_61_g4673__1705/ZN         -       A1->ZN F     OAI22D1BWP30P140          1  2.6    50    33    1225    (-,-) 
  genblk1[0].multip/mul_24_61_cdnfadd_016_2__5115/CO -       B->CO  F     FA1D1BWP30P140            1  2.6    24    62    1287    (-,-) 
  genblk1[0].multip/mul_24_61_cdnfadd_017_3__1666/S  -       B->S   R     FA1D1BWP30P140            1  2.6    30    88    1375    (-,-) 
  genblk1[0].multip/mul_24_61_cdnfadd_017_5__6417/S  -       B->S   F     FA1D1BWP30P140            1  2.1    26    71    1446    (-,-) 
  genblk1[0].multip/mul_24_61_cdnfadd_017_6__5477/S  -       CI->S  R     FA1D1BWP30P140            1  1.3    23    73    1519    (-,-) 
  genblk1[0].multip/mul_24_61_g4564/ZN               -       I->ZN  F     CKND1BWP30P140            2  2.0    18    16    1534    (-,-) 
  genblk1[0].multip/mul_24_61_g4561__9315/ZN         -       A1->ZN R     CKND2D1BWP30P140          3  2.9    34    26    1561    (-,-) 
  genblk1[0].multip/mul_24_61_g4554__6131/ZN         -       A1->ZN F     AOI21D1BWP30P140          2  2.1    34    27    1588    (-,-) 
  genblk1[0].multip/mul_24_61_g4548__2802/ZN         -       A2->ZN R     NR2D1BWP30P140            1  1.2    21    24    1612    (-,-) 
  genblk1[0].multip/mul_24_61_g4547__1617/Z          -       A1->Z  R     OR2D1BWP30P140            1  1.3    13    24    1636    (-,-) 
  genblk1[0].multip/mul_24_61_g4524__9945/ZN         -       A1->ZN F     AOI21D1BWP30P140          2  2.1    33    22    1659    (-,-) 
  genblk1[0].multip/mul_24_61_g4512__1705/ZN         -       A2->ZN R     OAI21D1BWP30P140          1  1.3    25    26    1685    (-,-) 
  genblk1[0].multip/mul_24_61_g4507__5526/ZN         -       B->ZN  F     IAO21D1BWP30P140          1  1.3    16    13    1699    (-,-) 
  genblk1[0].multip/mul_24_61_g4496__7410/Z          -       B->Z   F     OA21D1BWP30P140           3  3.9    26    31    1730    (-,-) 
  genblk1[0].multip/mul_24_61_g4489__4733/ZN         -       A3->ZN R     OAI31D2BWP30P140          1  2.6    32    26    1756    (-,-) 
  genblk1[0].multip/mul_24_61_g4482__5122/CO         -       CI->CO R     FA1OPTCD2BWP30P140        1  1.4    15    27    1783    (-,-) 
  genblk1[0].multip/mul_24_61_g4481__1705/Z          -       A3->Z  F     XOR3D2BWP30P140           7  6.9    26    50    1832    (-,-) 
  g36398/ZN                                          -       I->ZN  R     CKND2BWP30P140           13 12.1    38    31    1864    (-,-) 
  g35770/Z                                           -       A1->Z  R     OR2D4BWP30P140           18 15.8    27    38    1902    (-,-) 
  g35452/ZN                                          -       A1->ZN F     CKND2D1BWP30P140          1  1.2    32    17    1919    (-,-) 
  registers_reg[6][19]/SI                            <<<     -      F     SDFCNQD4BWP30P140         1    -     -     0    1919    (-,-) 
#---------------------------------------------------------------------------------------------------------------------------------------


