============================================================
  Generated by:           Genus(TM) Synthesis Solution 21.12-s068_1
  Generated on:           Jul 08 2025  03:14:57 pm
  Module:                 conv
  Operating conditions:   ssg0p81v125c 
  Operating conditions:   tt0p9v25c 
  Interconnect mode:      global
  Area mode:              physical library
============================================================


Path 1: MET (201 ps) Setup Check with Pin registers_reg[22][14]/CP->D
           View: analysis_view_0p90v_25c_captyp_nominal
          Group: clk
     Startpoint: (F) weights[8][4]
          Clock: (R) clk
       Endpoint: (R) registers_reg[22][14]/D
          Clock: (R) clk

                     Capture       Launch     
        Clock Edge:+    2000            0     
        Drv Adjust:+       0            3     
       Src Latency:+       0            0     
       Net Latency:+       0 (I)        0 (I) 
           Arrival:=    2000            3     
                                              
             Setup:-      36                  
     Required Time:=    1964                  
      Launch Clock:-       3                  
       Input Delay:-    1000                  
         Data Path:-     760                  
             Slack:=     201                  

Exceptions/Constraints:
  input_delay             1000            tmp_sdc_analysis_vie_line_889 

#---------------------------------------------------------------------------------------------------------------------------------------
#                   Timing Point                    Flags    Arc   Edge         Cell           Fanout Load Trans Delay Arrival Instance 
#                                                                                                     (fF)  (ps)  (ps)   (ps)  Location 
#---------------------------------------------------------------------------------------------------------------------------------------
  weights[8][4]                                     -       -      F     (arrival)                  1  1.5     8     0    1003    (-,-) 
  g32339/ZN                                         -       A1->ZN R     ND2D1BWP30P140             1  1.4    24     9    1012    (-,-) 
  g32167/ZN                                         -       B->ZN  F     IOA21D0BWP30P140           1  1.5    26    21    1033    (-,-) 
  g31605/ZN                                         -       A2->ZN R     NR2D1BWP30P140             1  1.9    21    21    1055    (-,-) 
  g31443/ZN                                         -       A2->ZN F     ND2OPTIBD2BWP30P140        1  2.0    14    13    1068    (-,-) 
  g31305/ZN                                         -       A1->ZN R     NR2OPTPAD2BWP30P140        1  3.4    14    13    1081    (-,-) 
  g31257/ZN                                         -       A1->ZN F     ND2OPTIBD6BWP30P140        3  8.7    16    13    1094    (-,-) 
  genblk1[0].multip/mul_24_61_g4915__4319/ZN        -       S->ZN  R     MUX2NOPTD6BWP30P140       22 25.4    39    24    1118    (-,-) 
  genblk1[0].multip/mul_24_61_g4810__7410/ZN        -       A1->ZN F     ND2D6BWP30P140            20 20.7    36    29    1147    (-,-) 
  genblk1[0].multip/mul_24_61_g4758__2802/ZN        -       A1->ZN R     OAI22D1BWP30P140           1  2.3    32    25    1171    (-,-) 
  genblk1[0].multip/mul_24_61_cdnfadd_007_0__8428/S -       CI->S  F     FA1D1BWP30P140             1  2.2    19    54    1225    (-,-) 
  genblk1[0].multip/mul_24_61_cdnfadd_007_1__5526/S -       CI->S  R     FA1D1BWP30P140             2  3.3    24    59    1284    (-,-) 
  genblk1[0].multip/mul_24_61_g4578__4319/ZN        -       A1->ZN F     OAI22OPTPBD1BWP30P140      2  2.8    28    22    1306    (-,-) 
  genblk1[0].multip/mul_24_61_g4577__6260/Z         -       A1->Z  F     OR2D1BWP30P140             1  2.0    12    24    1330    (-,-) 
  genblk1[0].multip/mul_24_61_g4575__2398/ZN        -       C->ZN  R     OAI211D2BWP30P140          1  2.8    19    13    1343    (-,-) 
  genblk1[0].multip/mul_24_61_g4574__5477/CO        -       CI->CO R     FA1OPTCD2BWP30P140         1  2.8    14    22    1365    (-,-) 
  genblk1[0].multip/mul_24_61_g4573__6417/CO        -       CI->CO R     FA1OPTCD1BWP30P140         1  2.8    18    25    1390    (-,-) 
  genblk1[0].multip/mul_24_61_g4566__2346/CO        -       CI->CO R     FA1OPTCD2BWP30P140         1  2.8    14    22    1412    (-,-) 
  genblk1[0].multip/mul_24_61_g4550__5122/CO        -       CI->CO R     FA1OPTCD2BWP30P140         1  2.8    14    21    1433    (-,-) 
  genblk1[0].multip/mul_24_61_g4544__3680/CO        -       CI->CO R     FA1OPTCD2BWP30P140         1  2.8    14    21    1454    (-,-) 
  genblk1[0].multip/mul_24_61_g4517__6131/CO        -       CI->CO R     FA1OPTCD2BWP30P140         1  2.8    14    21    1474    (-,-) 
  genblk1[0].multip/mul_24_61_g4510__1617/CO        -       CI->CO R     FA1OPTCD2BWP30P140         2  3.6    15    22    1496    (-,-) 
  genblk1[0].multip/mul_24_61_g4508__6783/ZN        -       A1->ZN F     AOI21D2BWP30P140           2  3.1    18    15    1511    (-,-) 
  genblk1[0].multip/mul_24_61_g4505__8428/ZN        -       B1->ZN R     INR2D2BWP30P140            2  3.1    16    15    1526    (-,-) 
  genblk1[0].multip/mul_24_61_g4502__6260/ZN        -       A1->ZN F     ND3D2BWP30P140             2  2.5    24    17    1543    (-,-) 
  genblk1[0].multip/mul_24_61_g4499__2398/Z         -       A1->Z  F     CKAN2D1BWP30P140           3  3.9    19    28    1571    (-,-) 
  genblk1[0].multip/mul_24_61_g4493__2883/ZN        -       A1->ZN R     OAI21D1BWP30P140           2  3.2    31    25    1596    (-,-) 
  genblk1[0].multip/mul_24_61_g4486__1881/ZN        -       A1->ZN R     XNR2D2BWP30P140            7  7.6    20    32    1628    (-,-) 
  g36420/ZN                                         -       I->ZN  F     CKND1BWP30P140            13 13.6    63    43    1671    (-,-) 
  g35767/Z                                          -       A1->Z  F     OR2D1BWP30P140            18 18.7    80    69    1740    (-,-) 
  g35591/ZN                                         -       A1->ZN R     ND2D1BWP30P140             1  1.5    26    23    1763    (-,-) 
  registers_reg[22][14]/D                           <<<     -      R     EDFCNQD1BWP30P140          1    -     -     0    1763    (-,-) 
#---------------------------------------------------------------------------------------------------------------------------------------


