============================================================
  Generated by:           Genus(TM) Synthesis Solution 21.12-s068_1
  Generated on:           Oct 09 2026  04:27:58 pm
  Module:                 Conv
  Operating conditions:   ssg0p81v125c 
  Interconnect mode:      global
  Area mode:              physical library
============================================================


Path 1: MET (9 ps) Late External Delay Assertion at pin p_output_data_write[63]
           View: analysis_view_0p81v_125c_capwst_slowest
          Group: clk
     Startpoint: (R) r_output_write_count_reg[1]/CP
          Clock: (R) clk
       Endpoint: (F) p_output_data_write[63]
          Clock: (R) clk

                     Capture       Launch     
        Clock Edge:+    2000            0     
       Src Latency:+       0            0     
       Net Latency:+       0 (I)        0 (I) 
           Arrival:=    2000            0     
                                              
      Output Delay:-    1000                  
     Required Time:=    1000                  
      Launch Clock:-       0                  
         Data Path:-     991                  
             Slack:=       9                  

Exceptions/Constraints:
  output_delay             1000            constraints.sdc_line_25_198_1 

#----------------------------------------------------------------------------------------------------------------
#         Timing Point           Flags    Arc   Edge       Cell         Fanout Load Trans Delay Arrival Instance 
#                                                                              (fF)  (ps)  (ps)   (ps)  Location 
#----------------------------------------------------------------------------------------------------------------
  r_output_write_count_reg[1]/CP -       -      R     (arrival)              4    -     0     0       0    (-,-) 
  r_output_write_count_reg[1]/Q  -       CP->Q  F     DFCNQD1BWP30P140       4  3.7    24    69      69    (-,-) 
  g78042/ZN                      -       A1->ZN F     INR2D1BWP30P140       17 15.1    84    66     134    (-,-) 
  g77791/Z                       -       I->Z   F     CKBD1BWP30P140        25 22.1   120    93     228    (-,-) 
  g77782/Z                       -       I->Z   F     BUFFD1P5BWP30P140     89 77.5   246   170     397    (-,-) 
  g76507/ZN                      -       B1->ZN R     AOI22D1BWP30P140       1  1.2    58    70     467    (-,-) 
  g76404/ZN                      -       A2->ZN F     CKND2D1BWP30P140       1  2.7    37    30     497    (-,-) 
  add_997_76_I4_g376/CO          -       A->CO  F     FA1D1BWP30P140         1  2.1    22    56     553    (-,-) 
  add_997_76_I4_g375/CO          -       CI->CO F     FA1D1BWP30P140         1  2.1    22    43     597    (-,-) 
  add_997_76_I4_g374/CO          -       CI->CO F     FA1D1BWP30P140         1  2.1    22    43     640    (-,-) 
  add_997_76_I4_g373/CO          -       CI->CO F     FA1D1BWP30P140         1  2.1    22    43     684    (-,-) 
  add_997_76_I4_g372/CO          -       CI->CO F     FA1D1BWP30P140         1  2.1    22    43     727    (-,-) 
  add_997_76_I4_g371/CO          -       CI->CO F     FA1D1BWP30P140         1  2.1    22    43     770    (-,-) 
  add_997_76_I4_g370/CO          -       CI->CO F     FA1D1BWP30P140         1  2.1    22    43     814    (-,-) 
  add_997_76_I4_g369/CO          -       CI->CO F     FA1D1BWP30P140         1  2.1    22    43     857    (-,-) 
  add_997_76_I4_g368/CO          -       CI->CO F     FA1D1BWP30P140         1  2.1    22    43     901    (-,-) 
  add_997_76_I4_g367/CO          -       CI->CO F     FA1D1BWP30P140         1  1.3    18    40     940    (-,-) 
  add_997_76_I4_g366/Z           -       A3->Z  F     XOR3UD1BWP30P140       1  4.8    58    50     990    (-,-) 
  p_output_data_write[63]        <<<     -      F     (port)                 -    -     -     0     991    (-,-) 
#----------------------------------------------------------------------------------------------------------------


