============================================================
  Generated by:           Genus(TM) Synthesis Solution 21.12-s068_1
  Generated on:           Oct 09 2026  04:27:57 pm
  Module:                 Conv
  Library domain:         timing_cond_0p81v_125c
    Domain index:         0
    Technology library:   tcbn28hpcplusbwp30p140ssg0p81v125c 110
  Operating conditions:   ssg0p81v125c 
  Interconnect mode:      global
  Area mode:              physical library
============================================================

                 Instance                           Module           Cell Count  Cell Area  Net Area   Total Area 
------------------------------------------------------------------------------------------------------------------
Conv                                                                      16871  21204.414  8124.182    29328.596 
  INVERSE_ROW_BATCH[0].inverse_row        InverseRow                        251    439.740    98.662      538.402 
  MAC_LANES[0].multip                     Multip                            416    428.022   170.670      598.692 
  MAC_LANES[1].multip                     Multip_556                        416    428.022   170.670      598.692 
  MAC_LANES[2].multip                     Multip_555                        416    428.022   170.670      598.692 
  MAC_LANES[3].multip                     Multip_554                        416    428.022   170.670      598.692 
  MAC_LANES[4].multip                     Multip_553                        416    428.022   170.670      598.692 
  MAC_LANES[5].multip                     Multip_552                        416    428.022   170.670      598.692 
  MAC_LANES[6].multip                     Multip_551                        416    428.022   170.670      598.692 
  MAC_LANES[7].multip                     Multip_550                        416    428.022   170.670      598.692 
  WEIGHT_TRANSFORM_ROWS[0].weight_trf_row WeightTransformRowConst           213    228.942    48.581      277.523 
  WEIGHT_TRANSFORM_ROWS[1].weight_trf_row WeightTransformRowConst_0         406    568.008   140.756      708.764 
  WEIGHT_TRANSFORM_ROWS[2].weight_trf_row WeightTransformRowConst_1         536    770.868   224.497      995.365 
  WEIGHT_TRANSFORM_ROWS[3].weight_trf_row WeightTransformRowConst_2         211    222.390    48.956      271.346 
  WEIGHT_TRANSFORM_ROWS[4].weight_trf_row WeightTransformRowConst_3         432    573.048   156.395      729.443 
  WEIGHT_TRANSFORM_ROWS[5].weight_trf_row WeightTransformRowConst_4         582    783.468   236.107     1019.575 
  WEIGHT_TRANSFORM_ROWS[6].weight_trf_row WeightTransformRowConst_5         211    222.390    48.956      271.346 
  WEIGHT_TRANSFORM_ROWS[7].weight_trf_row WeightTransformRowConst_6         213    228.942    48.704      277.646 
  inverse_row_acc                         InverseRowAccumulate              643    883.638   206.212     1089.850 
  trf                                     Transform                        3632   5364.198  1508.233     6872.431 
    matrix_c0                             MatrixC0                         1657   2474.892   540.256     3015.148 
    matrix_c1                             MatrixC1                         1975   2889.306   643.867     3533.173 
