============================================================
  Generated by:           Genus(TM) Synthesis Solution 21.12-s068_1
  Generated on:           Jan 25 2026  09:43:27 pm
  Module:                 Conv
  Library domain:         timing_cond_0p81v_125c
    Domain index:         0
    Technology library:   tcbn28hpcplusbwp30p140ssg0p81v125c 110
  Operating conditions:   ssg0p81v125c 
  Interconnect mode:      global
  Area mode:              physical library
============================================================

                                                                                    Library 
          Gate           Instances    Area                   Library                 Domain 
--------------------------------------------------------------------------------------------
AN2D1BWP30P140                  78     39.312    tcbn28hpcplusbwp30p140ssg0p81v125c       0 
AN2D2BWP30P140                   3      1.890    tcbn28hpcplusbwp30p140ssg0p81v125c       0 
AN2D4BWP30P140                  12     13.608    tcbn28hpcplusbwp30p140ssg0p81v125c       0 
AN3D4BWP30P140                   1      1.386    tcbn28hpcplusbwp30p140ssg0p81v125c       0 
AO211D1BWP30P140                 1      0.756    tcbn28hpcplusbwp30p140ssg0p81v125c       0 
AO21D1BWP30P140                 11      6.930    tcbn28hpcplusbwp30p140ssg0p81v125c       0 
AO22D0BWP30P140                230    173.880    tcbn28hpcplusbwp30p140ssg0p81v125c       0 
AO22D1BWP30P140                 68     59.976    tcbn28hpcplusbwp30p140ssg0p81v125c       0 
AO22D2BWP30P140                  8      8.064    tcbn28hpcplusbwp30p140ssg0p81v125c       0 
AO22D4BWP30P140                 11     19.404    tcbn28hpcplusbwp30p140ssg0p81v125c       0 
AOI211D1BWP30P140                1      0.630    tcbn28hpcplusbwp30p140ssg0p81v125c       0 
AOI21D1BWP30P140                77     38.808    tcbn28hpcplusbwp30p140ssg0p81v125c       0 
AOI21D2BWP30P140                18     15.876    tcbn28hpcplusbwp30p140ssg0p81v125c       0 
AOI21D4BWP30P140                 1      1.764    tcbn28hpcplusbwp30p140ssg0p81v125c       0 
AOI21OPTREPBD1BWP30P140         12      9.072    tcbn28hpcplusbwp30p140ssg0p81v125c       0 
AOI221D1BWP30P140               48     36.288    tcbn28hpcplusbwp30p140ssg0p81v125c       0 
AOI222D1BWP30P140              103    103.824    tcbn28hpcplusbwp30p140ssg0p81v125c       0 
AOI22D1BWP30P140               797    502.110    tcbn28hpcplusbwp30p140ssg0p81v125c       0 
AOI22D2BWP30P140                 1      1.134    tcbn28hpcplusbwp30p140ssg0p81v125c       0 
AOI32D1BWP30P140                 1      0.756    tcbn28hpcplusbwp30p140ssg0p81v125c       0 
BUFFD4BWP30P140                  2      1.764    tcbn28hpcplusbwp30p140ssg0p81v125c       0 
CKAN2D1BWP30P140               159     80.136    tcbn28hpcplusbwp30p140ssg0p81v125c       0 
CKAN2D2BWP30P140                 3      1.890    tcbn28hpcplusbwp30p140ssg0p81v125c       0 
CKAN2D8BWP30P140                16     22.176    tcbn28hpcplusbwp30p140ssg0p81v125c       0 
CKLNQD1BWP30P140                20     37.800    tcbn28hpcplusbwp30p140ssg0p81v125c       0 
CKND1BWP30P140                1151    290.052    tcbn28hpcplusbwp30p140ssg0p81v125c       0 
CKND2BWP30P140                  20      7.560    tcbn28hpcplusbwp30p140ssg0p81v125c       0 
CKND2D1BWP30P140                62     23.436    tcbn28hpcplusbwp30p140ssg0p81v125c       0 
CKND2D2BWP30P140                 7      4.410    tcbn28hpcplusbwp30p140ssg0p81v125c       0 
CKND2D3BWP30P140                14     12.348    tcbn28hpcplusbwp30p140ssg0p81v125c       0 
CKND2D4BWP30P140                 5      5.670    tcbn28hpcplusbwp30p140ssg0p81v125c       0 
CKND2D8BWP30P140                 5     10.710    tcbn28hpcplusbwp30p140ssg0p81v125c       0 
CKND3BWP30P140                   3      1.512    tcbn28hpcplusbwp30p140ssg0p81v125c       0 
CKND4BWP30P140                   3      1.890    tcbn28hpcplusbwp30p140ssg0p81v125c       0 
DCCKND12BWP30P140                1      3.276    tcbn28hpcplusbwp30p140ssg0p81v125c       0 
DFCND1BWP30P140                  1      2.520    tcbn28hpcplusbwp30p140ssg0p81v125c       0 
DFCNQD1BWP30P140                 1      2.268    tcbn28hpcplusbwp30p140ssg0p81v125c       0 
DFKCNQD2BWP30P140                3      6.048    tcbn28hpcplusbwp30p140ssg0p81v125c       0 
DFKSND1BWP30P140                58    138.852    tcbn28hpcplusbwp30p140ssg0p81v125c       0 
DFQD2BWP30P140                 665   1256.850    tcbn28hpcplusbwp30p140ssg0p81v125c       0 
FA1D1BWP30P140                1993   4269.006    tcbn28hpcplusbwp30p140ssg0p81v125c       0 
FA1D2BWP30P140                   3      7.182    tcbn28hpcplusbwp30p140ssg0p81v125c       0 
FA1D4BWP30P140                   7     25.578    tcbn28hpcplusbwp30p140ssg0p81v125c       0 
FA1OPTCD1BWP30P140              56    141.120    tcbn28hpcplusbwp30p140ssg0p81v125c       0 
FA1OPTCD2BWP30P140              15     45.360    tcbn28hpcplusbwp30p140ssg0p81v125c       0 
HA1D1BWP30P140                  49     80.262    tcbn28hpcplusbwp30p140ssg0p81v125c       0 
IAO21D0BWP30P140                23     14.490    tcbn28hpcplusbwp30p140ssg0p81v125c       0 
IAO21D1BWP30P140                28     17.640    tcbn28hpcplusbwp30p140ssg0p81v125c       0 
IAO21D2BWP30P140                39     34.398    tcbn28hpcplusbwp30p140ssg0p81v125c       0 
IND2D1BWP30P140                111     55.944    tcbn28hpcplusbwp30p140ssg0p81v125c       0 
IND2D2BWP30P140                  2      1.512    tcbn28hpcplusbwp30p140ssg0p81v125c       0 
IND3D1BWP30P140                  1      0.630    tcbn28hpcplusbwp30p140ssg0p81v125c       0 
IND4D4BWP30P140                  1      2.646    tcbn28hpcplusbwp30p140ssg0p81v125c       0 
INR2D1BWP30P140                131     66.024    tcbn28hpcplusbwp30p140ssg0p81v125c       0 
INR2D2BWP30P140                  6      4.536    tcbn28hpcplusbwp30p140ssg0p81v125c       0 
INR2D4BWP30P140                  2      2.772    tcbn28hpcplusbwp30p140ssg0p81v125c       0 
INR3D0BWP30P140                  2      1.260    tcbn28hpcplusbwp30p140ssg0p81v125c       0 
INR3D1BWP30P140                  2      2.016    tcbn28hpcplusbwp30p140ssg0p81v125c       0 
INR3D2BWP30P140                  2      2.016    tcbn28hpcplusbwp30p140ssg0p81v125c       0 
INVD0P7BWP30P140                 3      0.756    tcbn28hpcplusbwp30p140ssg0p81v125c       0 
INVD1BWP30P140                   3      0.756    tcbn28hpcplusbwp30p140ssg0p81v125c       0 
INVD2BWP30P140                   3      1.134    tcbn28hpcplusbwp30p140ssg0p81v125c       0 
INVD3BWP30P140                   7      3.528    tcbn28hpcplusbwp30p140ssg0p81v125c       0 
INVD6BWP30P140                   2      1.764    tcbn28hpcplusbwp30p140ssg0p81v125c       0 
INVD8BWP30P140                   2      2.268    tcbn28hpcplusbwp30p140ssg0p81v125c       0 
INVD9BWP30P140                   1      1.260    tcbn28hpcplusbwp30p140ssg0p81v125c       0 
IOA21D0BWP30P140                 9      5.670    tcbn28hpcplusbwp30p140ssg0p81v125c       0 
IOA21D1BWP30P140               124     78.120    tcbn28hpcplusbwp30p140ssg0p81v125c       0 
IOA21D2BWP30P140                64     56.448    tcbn28hpcplusbwp30p140ssg0p81v125c       0 
MAOI222D1BWP30P140              47     35.532    tcbn28hpcplusbwp30p140ssg0p81v125c       0 
MAOI22D1BWP30P140                1      0.756    tcbn28hpcplusbwp30p140ssg0p81v125c       0 
MOAI22D1BWP30P140               15     11.340    tcbn28hpcplusbwp30p140ssg0p81v125c       0 
MUX2D4BWP30P140                  1      1.764    tcbn28hpcplusbwp30p140ssg0p81v125c       0 
MUX2NOPTD2BWP30P140              2      2.772    tcbn28hpcplusbwp30p140ssg0p81v125c       0 
MUX2NOPTD4BWP30P140              1      2.520    tcbn28hpcplusbwp30p140ssg0p81v125c       0 
MUX2NOPTD6BWP30P140              1      3.654    tcbn28hpcplusbwp30p140ssg0p81v125c       0 
MUX2NUD1BWP30P140                5      3.780    tcbn28hpcplusbwp30p140ssg0p81v125c       0 
MUX2OPTD2BWP30P140               1      1.134    tcbn28hpcplusbwp30p140ssg0p81v125c       0 
MUX2OPTD6BWP30P140               2      6.300    tcbn28hpcplusbwp30p140ssg0p81v125c       0 
ND2D1BWP30P140                 443    167.454    tcbn28hpcplusbwp30p140ssg0p81v125c       0 
ND2D2BWP30P140                  10      6.300    tcbn28hpcplusbwp30p140ssg0p81v125c       0 
ND2D3BWP30P140                   3      2.646    tcbn28hpcplusbwp30p140ssg0p81v125c       0 
ND2D8BWP30P140                   2      4.284    tcbn28hpcplusbwp30p140ssg0p81v125c       0 
ND2OPTIBD12BWP30P140             2      6.300    tcbn28hpcplusbwp30p140ssg0p81v125c       0 
ND2OPTIBD16BWP30P140             8     33.264    tcbn28hpcplusbwp30p140ssg0p81v125c       0 
ND2OPTIBD1BWP30P140             47     17.766    tcbn28hpcplusbwp30p140ssg0p81v125c       0 
ND2OPTIBD2BWP30P140              7      4.410    tcbn28hpcplusbwp30p140ssg0p81v125c       0 
ND2OPTIBD6BWP30P140              2      3.276    tcbn28hpcplusbwp30p140ssg0p81v125c       0 
ND2OPTIBD8BWP30P140              1      2.142    tcbn28hpcplusbwp30p140ssg0p81v125c       0 
ND2OPTPAD16BWP30P140             2     11.592    tcbn28hpcplusbwp30p140ssg0p81v125c       0 
ND2OPTPAD4BWP30P140              1      2.016    tcbn28hpcplusbwp30p140ssg0p81v125c       0 
ND3D1BWP30P140                  14      7.056    tcbn28hpcplusbwp30p140ssg0p81v125c       0 
ND3D3BWP30P140                   1      1.260    tcbn28hpcplusbwp30p140ssg0p81v125c       0 
ND4D1BWP30P140                  68     42.840    tcbn28hpcplusbwp30p140ssg0p81v125c       0 
NR2D1BWP30P140                 251     94.878    tcbn28hpcplusbwp30p140ssg0p81v125c       0 
NR2D1P5BWP30P140                 1      0.630    tcbn28hpcplusbwp30p140ssg0p81v125c       0 
NR2D2BWP30P140                  10      6.300    tcbn28hpcplusbwp30p140ssg0p81v125c       0 
NR2D3BWP30P140                   7      6.174    tcbn28hpcplusbwp30p140ssg0p81v125c       0 
NR2D4BWP30P140                   5      5.670    tcbn28hpcplusbwp30p140ssg0p81v125c       0 
NR2D6BWP30P140                   2      3.276    tcbn28hpcplusbwp30p140ssg0p81v125c       0 
NR2OPTIBD1BWP30P140            162     61.236    tcbn28hpcplusbwp30p140ssg0p81v125c       0 
NR2OPTIBD2BWP30P140              5      3.150    tcbn28hpcplusbwp30p140ssg0p81v125c       0 
NR2OPTPAD1BWP30P140             49     24.696    tcbn28hpcplusbwp30p140ssg0p81v125c       0 
NR2OPTPAD2BWP30P140             15     13.230    tcbn28hpcplusbwp30p140ssg0p81v125c       0 
NR2OPTPAD4BWP30P140              9     14.742    tcbn28hpcplusbwp30p140ssg0p81v125c       0 
NR2OPTPAD6BWP30P140              1      2.394    tcbn28hpcplusbwp30p140ssg0p81v125c       0 
NR2OPTPAD8BWP30P140              1      3.150    tcbn28hpcplusbwp30p140ssg0p81v125c       0 
NR3D0BWP30P140                   1      0.504    tcbn28hpcplusbwp30p140ssg0p81v125c       0 
NR3D0P7BWP30P140                 1      0.504    tcbn28hpcplusbwp30p140ssg0p81v125c       0 
NR3D3BWP30P140                   1      2.520    tcbn28hpcplusbwp30p140ssg0p81v125c       0 
NR3OPTPAD4BWP30P140              1      2.394    tcbn28hpcplusbwp30p140ssg0p81v125c       0 
NR4D0BWP30P140                   2      1.260    tcbn28hpcplusbwp30p140ssg0p81v125c       0 
NR4D1BWP30P140                   1      1.134    tcbn28hpcplusbwp30p140ssg0p81v125c       0 
OA21D1BWP30P140                 34     21.420    tcbn28hpcplusbwp30p140ssg0p81v125c       0 
OAI211D1BWP30P140                2      1.260    tcbn28hpcplusbwp30p140ssg0p81v125c       0 
OAI21D0P7BWP30P140              30     15.120    tcbn28hpcplusbwp30p140ssg0p81v125c       0 
OAI21D1BWP30P140               302    152.208    tcbn28hpcplusbwp30p140ssg0p81v125c       0 
OAI21D2BWP30P140                23     20.286    tcbn28hpcplusbwp30p140ssg0p81v125c       0 
OAI21D4BWP30P140                 1      1.764    tcbn28hpcplusbwp30p140ssg0p81v125c       0 
OAI21OPTREPBD1BWP30P140          9      6.804    tcbn28hpcplusbwp30p140ssg0p81v125c       0 
OAI221D1BWP30P140              136    119.952    tcbn28hpcplusbwp30p140ssg0p81v125c       0 
OAI221D2BWP30P140                1      1.512    tcbn28hpcplusbwp30p140ssg0p81v125c       0 
OAI22D1BWP30P140               292    183.960    tcbn28hpcplusbwp30p140ssg0p81v125c       0 
OAI22OPTPBD1BWP30P140            1      1.008    tcbn28hpcplusbwp30p140ssg0p81v125c       0 
OAI31D1BWP30P140                 3      1.890    tcbn28hpcplusbwp30p140ssg0p81v125c       0 
OAI32D1BWP30P140                 1      0.756    tcbn28hpcplusbwp30p140ssg0p81v125c       0 
OR2D0BWP30P140                  31     15.624    tcbn28hpcplusbwp30p140ssg0p81v125c       0 
OR2D1BWP30P140                 158     79.632    tcbn28hpcplusbwp30p140ssg0p81v125c       0 
OR2D2BWP30P140                  17     10.710    tcbn28hpcplusbwp30p140ssg0p81v125c       0 
OR2D4BWP30P140                   2      2.268    tcbn28hpcplusbwp30p140ssg0p81v125c       0 
OR3D1BWP30P140                  26     16.380    tcbn28hpcplusbwp30p140ssg0p81v125c       0 
OR3D2BWP30P140                   6      4.536    tcbn28hpcplusbwp30p140ssg0p81v125c       0 
OR3D4BWP30P140                   4      5.544    tcbn28hpcplusbwp30p140ssg0p81v125c       0 
OR3D8BWP30P140                   1      2.268    tcbn28hpcplusbwp30p140ssg0p81v125c       0 
XNR2D1BWP30P140                 26     26.208    tcbn28hpcplusbwp30p140ssg0p81v125c       0 
XNR2D2BWP30P140                 10     11.340    tcbn28hpcplusbwp30p140ssg0p81v125c       0 
XNR2D4BWP30P140                  2      4.032    tcbn28hpcplusbwp30p140ssg0p81v125c       0 
XNR2OPTND2BWP30P140              3      4.158    tcbn28hpcplusbwp30p140ssg0p81v125c       0 
XNR2OPTND4BWP30P140              1      2.520    tcbn28hpcplusbwp30p140ssg0p81v125c       0 
XNR2OPTND6BWP30P140              2      7.308    tcbn28hpcplusbwp30p140ssg0p81v125c       0 
XNR2UD1BWP30P140               443    390.726    tcbn28hpcplusbwp30p140ssg0p81v125c       0 
XNR3UD1BWP30P140                28     49.392    tcbn28hpcplusbwp30p140ssg0p81v125c       0 
XNR4D1BWP30P140                 12     31.752    tcbn28hpcplusbwp30p140ssg0p81v125c       0 
XOR2D1BWP30P140                  7      7.056    tcbn28hpcplusbwp30p140ssg0p81v125c       0 
XOR2D2BWP30P140                  3      3.402    tcbn28hpcplusbwp30p140ssg0p81v125c       0 
XOR2OPTND2BWP30P140              9     12.474    tcbn28hpcplusbwp30p140ssg0p81v125c       0 
XOR2OPTND4BWP30P140              2      5.040    tcbn28hpcplusbwp30p140ssg0p81v125c       0 
XOR2UD1BWP30P140               229    201.978    tcbn28hpcplusbwp30p140ssg0p81v125c       0 
XOR3D1BWP30P140                  4      7.560    tcbn28hpcplusbwp30p140ssg0p81v125c       0 
XOR3D2BWP30P140                  7     14.112    tcbn28hpcplusbwp30p140ssg0p81v125c       0 
XOR3D4BWP30P140                  1      3.150    tcbn28hpcplusbwp30p140ssg0p81v125c       0 
XOR3UD1BWP30P140                94    165.816    tcbn28hpcplusbwp30p140ssg0p81v125c       0 
XOR4D0BWP30P140                  1      2.646    tcbn28hpcplusbwp30p140ssg0p81v125c       0 
--------------------------------------------------------------------------------------------
total                         9548  10118.304                                       


                                                        
            Type             Instances    Area   Area % 
--------------------------------------------------------
sequential                         728  1406.538   13.9 
inverter                          1199   315.756    3.1 
buffer                               2     1.764    0.0 
clock_gating_integrated_cell        20    37.800    0.4 
logic                             7599  8356.446   82.6 
physical_cells                       0     0.000    0.0 
--------------------------------------------------------
total                             9548 10118.304  100.0 

