============================================================
  Generated by:           Genus(TM) Synthesis Solution 21.12-s068_1
  Generated on:           Jan 25 2026  09:43:25 pm
  Module:                 Conv
  Library domain:         timing_cond_0p81v_125c
    Domain index:         0
    Technology library:   tcbn28hpcplusbwp30p140ssg0p81v125c 110
  Operating conditions:   ssg0p81v125c 
  Interconnect mode:      global
  Area mode:              physical library
============================================================


Summary
-------
--------------------------------------------------------------------------
            Category            Number     %    Average Toggle Saving %   
--------------------------------------------------------------------------
 Total Clock Gating Instances       20  100.00                         -  
--------------------------------------------------------------------------
 RC Clock Gating Instances          20  100.00                     75.67  
 Non-RC Clock Gating Instances       0    0.00                      0.00  
--------------------------------------------------------------------------
 RC Gated Flip-flops               726   99.73                     77.85  
 Non-RC Gated Flip-flops             0    0.00                      0.00  
--------------------------------------------------------------------------
 Total Gated Flip-flops            726   99.73                         -  
 Total Ungated Flip-flops            2    0.27                         -  
 Register bank width too small       2  100.00                         -  
--------------------------------------------------------------------------
 Total Flip-flops                  728  100.00                         -  
--------------------------------------------------------------------------
Multibit Flip-flop Summary
--------------------------
-------------------------------------------------------
Width     Number     Bits     RC Gated     Ungated     
-------------------------------------------------------
1-bit     728        728      726 (99.73%) 2 (0.27%)   
-------------------------------------------------------


