============================================================
  Generated by:           Genus(TM) Synthesis Solution 21.12-s068_1
  Generated on:           Oct 03 2026  10:57:37 am
  Module:                 Conv
  Operating conditions:   ssg0p81v125c 
  Interconnect mode:      global
  Area mode:              physical library
============================================================


Path 1: MET (1 ps) Late External Delay Assertion at pin p_output_data_write[19]
           View: analysis_view_0p81v_125c_capwst_slowest
          Group: clk
     Startpoint: (R) r_output_write_count_reg[2]/CP
          Clock: (R) clk
       Endpoint: (R) p_output_data_write[19]
          Clock: (R) clk

                     Capture       Launch     
        Clock Edge:+    2000            0     
       Src Latency:+       0            0     
       Net Latency:+       0 (I)        0 (I) 
           Arrival:=    2000            0     
                                              
      Output Delay:-    1000                  
     Required Time:=    1000                  
      Launch Clock:-       0                  
         Data Path:-     999                  
             Slack:=       1                  

Exceptions/Constraints:
  output_delay             1000            constraints.sdc_line_25_78_1 

#-----------------------------------------------------------------------------------------------------------------
#         Timing Point           Flags    Arc   Edge        Cell         Fanout Load Trans Delay Arrival Instance 
#                                                                               (fF)  (ps)  (ps)   (ps)  Location 
#-----------------------------------------------------------------------------------------------------------------
  r_output_write_count_reg[2]/CP -       -      R     (arrival)               4    -     0     0       0    (-,-) 
  r_output_write_count_reg[2]/Q  -       CP->Q  F     DFCNQD1BWP30P140        4  6.0    36    75      75    (-,-) 
  g36242/ZN                      -       A1->ZN F     INR2D1BWP30P140         4  6.2    40    44     120    (-,-) 
  g36174/Z                       -       A2->Z  F     AN2D6BWP30P140         35 30.2    30    42     161    (-,-) 
  g35751/ZN                      -       A1->ZN R     AOI222D1BWP30P140       1  1.3    52    39     200    (-,-) 
  g35483/ZN                      -       A2->ZN F     ND3D1BWP30P140          1  3.4    63    48     248    (-,-) 
  add_707_69_g480/CO             -       A->CO  F     FA1OPTCD1BWP30P140      1  2.5    24    61     309    (-,-) 
  add_707_69_g479/CO             -       CI->CO F     FA1OPTCD1BWP30P140      1  2.1    21    32     341    (-,-) 
  add_707_69_g478/CO             -       CI->CO F     FA1D1BWP30P140          1  2.5    23    44     385    (-,-) 
  add_707_69_g477/CO             -       CI->CO F     FA1OPTCD1BWP30P140      1  2.5    23    33     418    (-,-) 
  add_707_69_g476/CO             -       CI->CO F     FA1OPTCD1BWP30P140      1  2.5    24    33     451    (-,-) 
  add_707_69_g475/CO             -       CI->CO F     FA1OPTCD1BWP30P140      1  2.5    23    33     484    (-,-) 
  add_707_69_g474/CO             -       CI->CO F     FA1OPTCD1BWP30P140      1  2.5    23    33     517    (-,-) 
  add_707_69_g473/CO             -       CI->CO F     FA1OPTCD1BWP30P140      1  2.1    21    32     549    (-,-) 
  add_707_69_g472/CO             -       CI->CO F     FA1D1BWP30P140          1  2.5    24    44     593    (-,-) 
  add_707_69_g471/CO             -       CI->CO F     FA1OPTCD1BWP30P140      1  2.5    23    33     626    (-,-) 
  add_707_69_g470/CO             -       CI->CO F     FA1OPTCD1BWP30P140      1  2.5    23    33     659    (-,-) 
  add_707_69_g469/CO             -       CI->CO F     FA1OPTCD1BWP30P140      1  2.5    23    33     692    (-,-) 
  add_707_69_g468/CO             -       CI->CO F     FA1OPTCD1BWP30P140      1  2.5    23    33     725    (-,-) 
  add_707_69_g467/CO             -       CI->CO F     FA1OPTCD1BWP30P140      1  2.1    22    32     757    (-,-) 
  add_707_69_g466/CO             -       CI->CO F     FA1D1BWP30P140          1  2.1    22    43     800    (-,-) 
  add_707_69_g465/CO             -       CI->CO F     FA1D1BWP30P140          1  2.1    22    43     844    (-,-) 
  add_707_69_g464/CO             -       CI->CO F     FA1D1BWP30P140          1  2.1    22    43     887    (-,-) 
  add_707_69_g463/CO             -       CI->CO F     FA1D1BWP30P140          1  1.4    18    40     928    (-,-) 
  g41600/Z                       -       A1->Z  R     XOR3D2BWP30P140         1  4.8    21    71     998    (-,-) 
  p_output_data_write[19]        <<<     -      R     (port)                  -    -     -     0     999    (-,-) 
#-----------------------------------------------------------------------------------------------------------------


