============================================================
  Generated by:           Genus(TM) Synthesis Solution 21.12-s068_1
  Generated on:           Sep 12 2026  10:40:11 pm
  Module:                 Conv
  Operating conditions:   ssg0p81v125c 
  Operating conditions:   tt0p9v25c 
  Operating conditions:   ffg0p99vm40c 
  Interconnect mode:      global
  Area mode:              physical library
============================================================


Path 1: MET (353 ps) Setup Check with Pin r_input_weight_reg[6][18]/CP->D
           View: analysis_view_0p99v_m40c_capbst_fastest
          Group: clk
     Startpoint: (F) p_input_valid
          Clock: (R) clk
       Endpoint: (R) r_input_weight_reg[6][18]/D
          Clock: (R) clk

                     Capture       Launch     
        Clock Edge:+    2000            0     
        Drv Adjust:+       0            6     
       Src Latency:+       0            0     
       Net Latency:+       0 (I)        0 (I) 
           Arrival:=    2000            6     
                                              
             Setup:-      12                  
     Required Time:=    1988                  
      Launch Clock:-       6                  
       Input Delay:-    1000                  
         Data Path:-     630                  
             Slack:=     353                  

Exceptions/Constraints:
  input_delay             1000            tmp_sdc_analysis_vie_1_line_211 

#---------------------------------------------------------------------------------------------------------------------------
#             Timing Point               Flags    Arc   Edge         Cell          Fanout Load Trans Delay Arrival Instance 
#                                                                                         (fF)  (ps)  (ps)   (ps)  Location 
#---------------------------------------------------------------------------------------------------------------------------
  p_input_valid                          -       -      F     (arrival)                 1  3.2    12     0    1006    (-,-) 
  fopt29294/Z                            -       I->Z   F     DCCKBD12BWP30P140         5 20.4     8    14    1020    (-,-) 
  g28614/ZN                              -       A1->ZN R     ND2OPTIBD12BWP30P140      5 12.7    10     7    1027    (-,-) 
  g28565/ZN                              -       I->ZN  F     CKND3BWP30P140            3  8.0    11     9    1036    (-,-) 
  g28476/ZN                              -       A1->ZN R     NR2OPTIBD4BWP30P140       2  4.9    12     9    1045    (-,-) 
  g28437/ZN                              -       A1->ZN F     NR2OPTIBD6BWP30P140       4  7.7     9     7    1052    (-,-) 
  weight_trf_temporal/g11387/ZN          -       I->ZN  R     CKND6BWP30P140            3 15.9    11    10    1062    (-,-) 
  weight_trf_temporal/g7964/ZN           -       A2->ZN F     NR2OPTPAD4BWP30P140       2  8.1    11    10    1072    (-,-) 
  weight_trf_temporal/g7962/ZN           -       I->ZN  R     CKND12BWP30P140           5 18.6     8     8    1080    (-,-) 
  weight_trf_temporal/g7959/Z            -       A1->Z  R     CKAN2D1BWP30P140          4  7.9    28    26    1105    (-,-) 
  weight_trf_temporal/g11433/ZN          -       I->ZN  F     CKND1BWP30P140           19 30.5   110    72    1177    (-,-) 
  weight_trf_temporal/g1471/ZN           -       B2->ZN F     MAOI22D4BWP30P140         1  5.4    14    35    1212    (-,-) 
  weight_trf_temporal/g1447/ZN           -       A2->ZN R     ND2OPTPAD4BWP30P140       3 13.1    15    14    1226    (-,-) 
  weight_trf_temporal/ADD_TC_OP2_g894/ZN -       A2->ZN F     ND2D4BWP30P140            2  4.7    11    10    1236    (-,-) 
  weight_trf_temporal/ADD_TC_OP2_g875/ZN -       I->ZN  R     CKND2BWP30P140            2  3.7     9     9    1245    (-,-) 
  weight_trf_temporal/ADD_TC_OP2_g808/ZN -       A1->ZN F     NR2D2BWP30P140            1  4.0    10     8    1253    (-,-) 
  weight_trf_temporal/ADD_TC_OP2_g749/ZN -       A1->ZN F     XNR2OPTND4BWP30P140       6  7.4    19    14    1266    (-,-) 
  weight_trf_temporal/g11283/ZN          -       A1->ZN R     NR2D1BWP30P140            3  4.0    26    21    1287    (-,-) 
  weight_trf_temporal/g11244/ZN          -       B1->ZN F     IND2D1BWP30P140           2  2.8    22    18    1305    (-,-) 
  weight_trf_temporal/g11224/ZN          -       A1->ZN R     NR2OPTPAD1BWP30P140       3  4.6    24    21    1326    (-,-) 
  weight_trf_temporal/g11385/ZN          -       B1->ZN F     IND2D2BWP30P140           2  3.2    14    13    1338    (-,-) 
  weight_trf_temporal/g11173/ZN          -       A1->ZN R     NR2OPTIBD2BWP30P140       3  5.1    19    15    1354    (-,-) 
  weight_trf_temporal/g11377/ZN          -       B1->ZN F     IND2D2BWP30P140           2  3.3    14    12    1366    (-,-) 
  weight_trf_temporal/g11115/ZN          -       A1->ZN R     NR2OPTPAD2BWP30P140       3  5.1    14    13    1378    (-,-) 
  weight_trf_temporal/g11082/ZN          -       B1->ZN F     IND2D2BWP30P140           2  3.3    13    12    1390    (-,-) 
  weight_trf_temporal/g11007/ZN          -       A1->ZN R     NR2OPTPAD2BWP30P140       3  4.5    13    12    1402    (-,-) 
  weight_trf_temporal/g10909/ZN          -       B1->ZN F     IND2D1BWP30P140           2  3.2    22    16    1418    (-,-) 
  weight_trf_temporal/g10873/ZN          -       A1->ZN R     NR2OPTIBD2BWP30P140       3  4.5    18    17    1435    (-,-) 
  weight_trf_temporal/g10845/ZN          -       B1->ZN F     IND2D1BWP30P140           2  2.8    21    16    1451    (-,-) 
  weight_trf_temporal/g10826/ZN          -       A1->ZN R     NR2OPTPAD1BWP30P140       3  4.5    24    20    1471    (-,-) 
  weight_trf_temporal/g10808/ZN          -       B1->ZN F     IND2D1BWP30P140           2  2.8    22    18    1488    (-,-) 
  weight_trf_temporal/g10782/ZN          -       A1->ZN R     NR2D1BWP30P140            3  3.8    25    21    1509    (-,-) 
  weight_trf_temporal/g10769/ZN          -       A1->ZN F     CKND2D1BWP30P140          3  3.9    26    20    1530    (-,-) 
  weight_trf_temporal/g10761/ZN          -       A1->ZN R     NR2OPTIBD1BWP30P140       2  2.8    21    19    1549    (-,-) 
  weight_trf_temporal/g10760/ZN          -       I->ZN  F     CKND1BWP30P140            2  2.8    15    13    1561    (-,-) 
  weight_trf_temporal/g10752/ZN          -       A1->ZN R     NR2D1BWP30P140            2  3.4    22    18    1579    (-,-) 
  weight_trf_temporal/g10749/ZN          -       B->ZN  F     AOI21D1BWP30P140          1  1.8    16    13    1592    (-,-) 
  weight_trf_temporal/g10742/ZN          -       B2->ZN F     MAOI22D1BWP30P140         1  2.2    18    20    1612    (-,-) 
  weight_trf_temporal/g10740/ZN          -       B->ZN  R     IOA21D2BWP30P140          2  4.3    12    12    1623    (-,-) 
  g27847/ZN                              -       A1->ZN F     CKND2D4BWP30P140          1  2.2     8     6    1629    (-,-) 
  g27642/ZN                              -       B->ZN  R     IOA21D2BWP30P140          1  1.8     8     6    1635    (-,-) 
  r_input_weight_reg[6][18]/D            <<<     -      R     DFCNQD1BWP30P140          1    -     -     0    1635    (-,-) 
#---------------------------------------------------------------------------------------------------------------------------


