============================================================
  Generated by:           Genus(TM) Synthesis Solution 21.12-s068_1
  Generated on:           Sep 12 2026  10:39:54 pm
  Module:                 Conv
  Operating conditions:   ssg0p81v125c 
  Interconnect mode:      global
  Area mode:              physical library
============================================================


Path 1: MET (0 ps) Setup Check with Pin r_weight_row_cache0_reg[1][1]/CP->D
           View: analysis_view_0p81v_125c_capwst_slowest
          Group: clk
     Startpoint: (R) p_input_valid
          Clock: (R) clk
       Endpoint: (R) r_weight_row_cache0_reg[1][1]/D
          Clock: (R) clk

                     Capture       Launch     
        Clock Edge:+    2000            0     
        Drv Adjust:+       0            8     
       Src Latency:+       0            0     
       Net Latency:+       0 (I)        0 (I) 
           Arrival:=    2000            8     
                                              
             Setup:-      24                  
     Required Time:=    1976                  
      Launch Clock:-       8                  
       Input Delay:-    1000                  
         Data Path:-     968                  
             Slack:=       0                  

Exceptions/Constraints:
  input_delay             1000            constraints.sdc_line_24_22_1 

#-------------------------------------------------------------------------------------------------------------------------------------------------------------------------------------------
#                                             Timing Point                                               Flags    Arc   Edge         Cell          Fanout Load Trans Delay Arrival Instance 
#                                                                                                                                                         (fF)  (ps)  (ps)   (ps)  Location 
#-------------------------------------------------------------------------------------------------------------------------------------------------------------------------------------------
  p_input_valid                                                                                          -       -      R     (arrival)                 1  2.8    18     0    1008    (-,-) 
  fopt29294/Z                                                                                            -       I->Z   R     DCCKBD12BWP30P140         5 19.8    13    23    1031    (-,-) 
  g28614/ZN                                                                                              -       A1->ZN F     ND2OPTIBD12BWP30P140      5 11.0    18    13    1044    (-,-) 
  g28565/ZN                                                                                              -       I->ZN  R     CKND3BWP30P140            3  6.8    17    16    1060    (-,-) 
  g28476/ZN                                                                                              -       A1->ZN F     NR2OPTIBD4BWP30P140       2  4.2    15    10    1070    (-,-) 
  g28437/ZN                                                                                              -       A1->ZN R     NR2OPTIBD6BWP30P140       4  6.5    18    15    1085    (-,-) 
  weight_trf_temporal/g11387/ZN                                                                          -       I->ZN  F     CKND6BWP30P140            3 14.4    17    14    1100    (-,-) 
  weight_trf_temporal/g7964/ZN                                                                           -       A2->ZN R     NR2OPTPAD4BWP30P140       2  7.2    20    18    1117    (-,-) 
  weight_trf_temporal/g7962/ZN                                                                           -       I->ZN  F     CKND12BWP30P140           5 16.0    12    11    1129    (-,-) 
  weight_trf_temporal/g8053/ZN                                                                           -       I->ZN  R     INVD12BWP30P140          43 44.6    22    18    1146    (-,-) 
  weight_trf_temporal/g1380/ZN                                                                           -       A1->ZN F     AOI22D2BWP30P140          1  2.3    32    19    1165    (-,-) 
  weight_trf_temporal/g11404/ZN                                                                          -       A1->ZN R     ND2OPTIBD4BWP30P140       3  5.4    18    18    1183    (-,-) 
  weight_trf_temporal/final_adder_add_1180_41_Y_final_adder_sub0012108_Y_final_adder_add_1192_41_g772/ZN -       A1->ZN F     ND2D4BWP30P140            1  4.1    19    15    1199    (-,-) 
  weight_trf_temporal/final_adder_add_1180_41_Y_final_adder_sub0012108_Y_final_adder_add_1192_41_g705/ZN -       A2->ZN R     ND3OPTPAD6BWP30P140       2  6.1    19    14    1213    (-,-) 
  weight_trf_temporal/final_adder_add_1180_41_Y_final_adder_sub0012108_Y_final_adder_add_1192_41_g703/ZN -       A1->ZN F     ND2OPTD6BWP30P140         2  4.7    17    14    1227    (-,-) 
  weight_trf_temporal/final_adder_add_1180_41_Y_final_adder_sub0012108_Y_final_adder_add_1192_41_g695/ZN -       A1->ZN R     ND2OPTPAD4BWP30P140       3  6.1    17    13    1240    (-,-) 
  weight_trf_temporal/final_adder_add_1180_41_Y_final_adder_sub0012108_Y_final_adder_add_1192_41_g694/ZN -       I->ZN  F     INVD3BWP30P140            1  2.5    10     9    1248    (-,-) 
  weight_trf_temporal/final_adder_add_1180_41_Y_final_adder_sub0012108_Y_final_adder_add_1192_41_g692/ZN -       A1->ZN R     NR2OPTIBD4BWP30P140       1  3.2    15    12    1260    (-,-) 
  weight_trf_temporal/final_adder_add_1180_41_Y_final_adder_sub0012108_Y_final_adder_add_1192_41_g690/ZN -       A1->ZN F     NR2OPTIBD6BWP30P140       3  8.8    17    12    1272    (-,-) 
  weight_trf_temporal/final_adder_add_1180_41_Y_final_adder_sub0012108_Y_final_adder_add_1192_41_g689/ZN -       I->ZN  R     INVD6BWP30P140            3  7.3    11    11    1283    (-,-) 
  weight_trf_temporal/final_adder_add_1180_41_Y_final_adder_sub0012108_Y_final_adder_add_1192_41_g683/ZN -       A1->ZN F     AOI21D4BWP30P140          1  3.5    19    15    1298    (-,-) 
  weight_trf_temporal/final_adder_add_1180_41_Y_final_adder_sub0012108_Y_final_adder_add_1192_41_g678/ZN -       A1->ZN F     XNR2OPTND4BWP30P140       3  3.5    29    21    1319    (-,-) 
  weight_trf_temporal/g1814/Z                                                                            -       A1->Z  F     AO21D1BWP30P140           1  1.9    18    30    1350    (-,-) 
  weight_trf_temporal/g1794/ZN                                                                           -       B->ZN  R     AOI21D2BWP30P140          1  2.4    26    23    1373    (-,-) 
  weight_trf_temporal/g1770/ZN                                                                           -       A1->ZN F     ND2OPTIBD4BWP30P140       3  7.2    26    21    1394    (-,-) 
  weight_trf_temporal/ADD_TC_OP1_g856/ZN                                                                 -       A2->ZN R     NR2D4BWP30P140            3  4.8    20    21    1415    (-,-) 
  weight_trf_temporal/ADD_TC_OP1_g834/ZN                                                                 -       I->ZN  F     INVD3BWP30P140            1  2.5    10     9    1424    (-,-) 
  weight_trf_temporal/ADD_TC_OP1_g744/ZN                                                                 -       A1->ZN R     AOI21D4BWP30P140          1  5.0    25    17    1441    (-,-) 
  weight_trf_temporal/ADD_TC_OP1_g695/ZN                                                                 -       A3->ZN F     ND3OPTPAD6BWP30P140       3  7.4    25    23    1464    (-,-) 
  weight_trf_temporal/ADD_TC_OP1_g861/Z                                                                  -       A1->Z  F     XOR2OPTND4BWP30P140       6  9.1    38    29    1493    (-,-) 
  weight_trf_temporal/fopt11711/ZN                                                                       -       I->ZN  R     INVD6BWP30P140            1  2.6    12    11    1504    (-,-) 
  weight_trf_temporal/csa_tree_sub_1204_29_groupi_cdnfadd_008_0/S                                        -       CI->S  R     FA1OPTCD2BWP30P140        2  3.8    29    69    1573    (-,-) 
  weight_trf_temporal/csa_tree_sub_1204_29_groupi_g1135/ZN                                               -       A1->ZN F     NR2D3BWP30P140            2  3.2    15    12    1585    (-,-) 
  weight_trf_temporal/csa_tree_sub_1204_29_groupi_g1206/ZN                                               -       A1->ZN F     IND2D1BWP30P140           1  1.8    26    32    1617    (-,-) 
  weight_trf_temporal/csa_tree_sub_1204_29_groupi_g1041/Z                                                -       A1->Z  F     XOR2UD1BWP30P140          2  2.3    40    32    1649    (-,-) 
  weight_trf_temporal/g11211/ZN                                                                          -       A2->ZN R     NR4D0BWP30P140            1  1.3    43    40    1689    (-,-) 
  weight_trf_temporal/g11203/ZN                                                                          -       A2->ZN F     ND2D1BWP30P140            1  1.6    30    23    1712    (-,-) 
  weight_trf_temporal/g11192/ZN                                                                          -       A2->ZN R     NR2OPTPAD1BWP30P140       1  1.3    18    20    1732    (-,-) 
  weight_trf_temporal/g11185/ZN                                                                          -       A2->ZN F     ND2OPTIBD1BWP30P140       1  1.6    23    18    1750    (-,-) 
  weight_trf_temporal/g11174/ZN                                                                          -       A2->ZN R     NR2OPTPAD1BWP30P140       1  1.7    20    20    1770    (-,-) 
  weight_trf_temporal/g11160/ZN                                                                          -       A2->ZN F     ND2OPTIBD2BWP30P140       1  1.3    14    14    1784    (-,-) 
  weight_trf_temporal/g11155/ZN                                                                          -       A1->ZN R     NR2OPTPAD1BWP30P140       1  2.0    21    18    1802    (-,-) 
  weight_trf_temporal/g11146/ZN                                                                          -       A2->ZN F     CKND2D3BWP30P140          1  1.7    13    12    1815    (-,-) 
  weight_trf_temporal/g11127/ZN                                                                          -       A1->ZN R     NR3OPTPAD2BWP30P140       1  2.2    21    17    1831    (-,-) 
  weight_trf_temporal/g11105/ZN                                                                          -       A2->ZN F     ND3OPTPAD2BWP30P140       1  2.2    22    19    1850    (-,-) 
  weight_trf_temporal/g11097/ZN                                                                          -       A1->ZN R     NR3D2BWP30P140            1  2.1    20    17    1867    (-,-) 
  weight_trf_temporal/g11079/ZN                                                                          -       A1->ZN F     NR2D3BWP30P140            2  3.5    15    11    1878    (-,-) 
  weight_trf_temporal/g11076/ZN                                                                          -       I->ZN  R     INVD2BWP30P140            1  2.7    12    11    1890    (-,-) 
  weight_trf_temporal/g11070/ZN                                                                          -       A1->ZN F     ND2OPTPAD4BWP30P140       1  4.5    14    11    1901    (-,-) 
  weight_trf_temporal/g11050/ZN                                                                          -       A1->ZN R     NR2OPTPAD8BWP30P140      20 20.7    25    20    1921    (-,-) 
  weight_trf_temporal/g10982/ZN                                                                          -       A1->ZN F     ND2D2BWP30P140            1  1.9    20    16    1938    (-,-) 
  weight_trf_temporal/g10940/ZN                                                                          -       A3->ZN R     ND3D2BWP30P140            2  2.7    16    16    1954    (-,-) 
  fopt29281/Z                                                                                            -       I->Z   R     BUFFD1P5BWP30P140         3  3.0    14    22    1976    (-,-) 
  r_weight_row_cache0_reg[1][1]/D                                                                        <<<     -      R     DFCNQD1BWP30P140          3    -     -     0    1976    (-,-) 
#-------------------------------------------------------------------------------------------------------------------------------------------------------------------------------------------


