============================================================
  Generated by:           Genus(TM) Synthesis Solution 21.12-s068_1
  Generated on:           Feb 03 2026  03:03:11 am
  Module:                 System
  Library domain:         timing_cond_0p81v_125c
    Domain index:         0
    Technology library:   tcbn28hpcplusbwp30p140ssg0p81v125c 110
  Operating conditions:   ssg0p81v125c 
  Interconnect mode:      global
  Area mode:              physical library
============================================================

                                                                                 Library 
        Gate          Instances    Area                   Library                 Domain 
-----------------------------------------------------------------------------------------
AN2D0BWP30P140               20     10.080    tcbn28hpcplusbwp30p140ssg0p81v125c       0 
AN2D1BWP30P140               97     48.888    tcbn28hpcplusbwp30p140ssg0p81v125c       0 
AN2D2BWP30P140                2      1.260    tcbn28hpcplusbwp30p140ssg0p81v125c       0 
AN2D6BWP30P140                1      1.386    tcbn28hpcplusbwp30p140ssg0p81v125c       0 
AN3D1BWP30P140                2      1.260    tcbn28hpcplusbwp30p140ssg0p81v125c       0 
AN3D2BWP30P140                2      1.512    tcbn28hpcplusbwp30p140ssg0p81v125c       0 
AN4D1BWP30P140                8      6.048    tcbn28hpcplusbwp30p140ssg0p81v125c       0 
AO211D1BWP30P140            184    139.104    tcbn28hpcplusbwp30p140ssg0p81v125c       0 
AO21D1BWP30P140             262    165.060    tcbn28hpcplusbwp30p140ssg0p81v125c       0 
AO22D0BWP30P140             872    659.232    tcbn28hpcplusbwp30p140ssg0p81v125c       0 
AOI211D1BWP30P140            10      6.300    tcbn28hpcplusbwp30p140ssg0p81v125c       0 
AOI211D2BWP30P140             1      1.134    tcbn28hpcplusbwp30p140ssg0p81v125c       0 
AOI21D1BWP30P140             32     16.128    tcbn28hpcplusbwp30p140ssg0p81v125c       0 
AOI221D1BWP30P140           569    430.164    tcbn28hpcplusbwp30p140ssg0p81v125c       0 
AOI222D1BWP30P140           572    576.576    tcbn28hpcplusbwp30p140ssg0p81v125c       0 
AOI22D1BWP30P140            461    290.430    tcbn28hpcplusbwp30p140ssg0p81v125c       0 
AOI31D1BWP30P140              1      0.630    tcbn28hpcplusbwp30p140ssg0p81v125c       0 
AOI32D1BWP30P140              3      2.268    tcbn28hpcplusbwp30p140ssg0p81v125c       0 
BUFFD6BWP30P140               4      4.536    tcbn28hpcplusbwp30p140ssg0p81v125c       0 
CKAN2D1BWP30P140            110     55.440    tcbn28hpcplusbwp30p140ssg0p81v125c       0 
CKLNQD1BWP30P140            118    223.020    tcbn28hpcplusbwp30p140ssg0p81v125c       0 
CKMUX2D0BWP30P140            31     27.342    tcbn28hpcplusbwp30p140ssg0p81v125c       0 
CKND1BWP30P140             1487    374.724    tcbn28hpcplusbwp30p140ssg0p81v125c       0 
CKND2BWP30P140                4      1.512    tcbn28hpcplusbwp30p140ssg0p81v125c       0 
CKND2D1BWP30P140            196     74.088    tcbn28hpcplusbwp30p140ssg0p81v125c       0 
CKND4BWP30P140                1      0.630    tcbn28hpcplusbwp30p140ssg0p81v125c       0 
CKND6BWP30P140                1      0.882    tcbn28hpcplusbwp30p140ssg0p81v125c       0 
DFCND1BWP30P140               2      5.040    tcbn28hpcplusbwp30p140ssg0p81v125c       0 
DFCNQD1BWP30P140              6     13.608    tcbn28hpcplusbwp30p140ssg0p81v125c       0 
DFD1BWP30P140                 3      6.426    tcbn28hpcplusbwp30p140ssg0p81v125c       0 
DFKCND1BWP30P140             85    182.070    tcbn28hpcplusbwp30p140ssg0p81v125c       0 
DFKCND4BWP30P140              1      2.898    tcbn28hpcplusbwp30p140ssg0p81v125c       0 
DFKCNQD2BWP30P140          2116   4265.856    tcbn28hpcplusbwp30p140ssg0p81v125c       0 
DFKCSND1BWP30P140             1      2.520    tcbn28hpcplusbwp30p140ssg0p81v125c       0 
DFKSND1BWP30P140            263    629.622    tcbn28hpcplusbwp30p140ssg0p81v125c       0 
DFMQD1BWP30P140               1      2.394    tcbn28hpcplusbwp30p140ssg0p81v125c       0 
DFQD2BWP30P140              470    888.300    tcbn28hpcplusbwp30p140ssg0p81v125c       0 
FA1D1BWP30P140             6475  13869.450    tcbn28hpcplusbwp30p140ssg0p81v125c       0 
FA1OPTCD1BWP30P140            9     22.680    tcbn28hpcplusbwp30p140ssg0p81v125c       0 
FA1OPTCD2BWP30P140            3      9.072    tcbn28hpcplusbwp30p140ssg0p81v125c       0 
HA1D1BWP30P140              213    348.894    tcbn28hpcplusbwp30p140ssg0p81v125c       0 
IAO21D0BWP30P140              1      0.630    tcbn28hpcplusbwp30p140ssg0p81v125c       0 
IAO21D1BWP30P140              4      2.520    tcbn28hpcplusbwp30p140ssg0p81v125c       0 
IND2D1BWP30P140              75     37.800    tcbn28hpcplusbwp30p140ssg0p81v125c       0 
IND3D1BWP30P140              12      7.560    tcbn28hpcplusbwp30p140ssg0p81v125c       0 
IND4D1BWP30P140               1      0.756    tcbn28hpcplusbwp30p140ssg0p81v125c       0 
INR2D1BWP30P140             144     72.576    tcbn28hpcplusbwp30p140ssg0p81v125c       0 
INR2D2BWP30P140               3      2.268    tcbn28hpcplusbwp30p140ssg0p81v125c       0 
INR3D0BWP30P140              13      8.190    tcbn28hpcplusbwp30p140ssg0p81v125c       0 
INR4D0BWP30P140               1      0.756    tcbn28hpcplusbwp30p140ssg0p81v125c       0 
INVD0P7BWP30P140              6      1.512    tcbn28hpcplusbwp30p140ssg0p81v125c       0 
INVD12BWP30P140               1      1.638    tcbn28hpcplusbwp30p140ssg0p81v125c       0 
INVD16BWP30P140               1      2.142    tcbn28hpcplusbwp30p140ssg0p81v125c       0 
INVD1BWP30P140                2      0.504    tcbn28hpcplusbwp30p140ssg0p81v125c       0 
INVD3BWP30P140                1      0.504    tcbn28hpcplusbwp30p140ssg0p81v125c       0 
INVD6BWP30P140               11      9.702    tcbn28hpcplusbwp30p140ssg0p81v125c       0 
INVD8BWP30P140                6      6.804    tcbn28hpcplusbwp30p140ssg0p81v125c       0 
IOA21D0BWP30P140              2      1.260    tcbn28hpcplusbwp30p140ssg0p81v125c       0 
IOA21D1BWP30P140             88     55.440    tcbn28hpcplusbwp30p140ssg0p81v125c       0 
MAOI222D1BWP30P140           68     51.408    tcbn28hpcplusbwp30p140ssg0p81v125c       0 
MAOI22D1BWP30P140             9      6.804    tcbn28hpcplusbwp30p140ssg0p81v125c       0 
MOAI22D1BWP30P140             7      5.292    tcbn28hpcplusbwp30p140ssg0p81v125c       0 
MUX2NUD1BWP30P140             6      4.536    tcbn28hpcplusbwp30p140ssg0p81v125c       0 
ND2D1BWP30P140              256     96.768    tcbn28hpcplusbwp30p140ssg0p81v125c       0 
ND2D2BWP30P140                7      4.410    tcbn28hpcplusbwp30p140ssg0p81v125c       0 
ND2D3BWP30P140                1      0.882    tcbn28hpcplusbwp30p140ssg0p81v125c       0 
ND2OPTIBD1BWP30P140          23      8.694    tcbn28hpcplusbwp30p140ssg0p81v125c       0 
ND3D1BWP30P140               86     43.344    tcbn28hpcplusbwp30p140ssg0p81v125c       0 
ND4D1BWP30P140               41     25.830    tcbn28hpcplusbwp30p140ssg0p81v125c       0 
ND4D2BWP30P140                1      1.260    tcbn28hpcplusbwp30p140ssg0p81v125c       0 
NR2D1BWP30P140               69     26.082    tcbn28hpcplusbwp30p140ssg0p81v125c       0 
NR2D2BWP30P140                2      1.260    tcbn28hpcplusbwp30p140ssg0p81v125c       0 
NR2D6BWP30P140                1      1.638    tcbn28hpcplusbwp30p140ssg0p81v125c       0 
NR2D8BWP30P140                1      2.142    tcbn28hpcplusbwp30p140ssg0p81v125c       0 
NR2OPTD6BWP30P140             1      1.638    tcbn28hpcplusbwp30p140ssg0p81v125c       0 
NR2OPTIBD1BWP30P140          95     35.910    tcbn28hpcplusbwp30p140ssg0p81v125c       0 
NR2OPTPAD1BWP30P140           1      0.504    tcbn28hpcplusbwp30p140ssg0p81v125c       0 
NR3D0BWP30P140                6      3.024    tcbn28hpcplusbwp30p140ssg0p81v125c       0 
NR3D0P7BWP30P140              4      2.016    tcbn28hpcplusbwp30p140ssg0p81v125c       0 
NR3D1P5BWP30P140              1      0.882    tcbn28hpcplusbwp30p140ssg0p81v125c       0 
NR4D0BWP30P140               10      6.300    tcbn28hpcplusbwp30p140ssg0p81v125c       0 
OA211D1BWP30P140              3      2.268    tcbn28hpcplusbwp30p140ssg0p81v125c       0 
OA21D1BWP30P140              14      8.820    tcbn28hpcplusbwp30p140ssg0p81v125c       0 
OA22D1BWP30P140               1      0.882    tcbn28hpcplusbwp30p140ssg0p81v125c       0 
OAI211D1BWP30P140            18     11.340    tcbn28hpcplusbwp30p140ssg0p81v125c       0 
OAI21D0P7BWP30P140            1      0.504    tcbn28hpcplusbwp30p140ssg0p81v125c       0 
OAI21D1BWP30P140            142     71.568    tcbn28hpcplusbwp30p140ssg0p81v125c       0 
OAI221D1BWP30P140            10      8.820    tcbn28hpcplusbwp30p140ssg0p81v125c       0 
OAI222D1BWP30P140             3      3.024    tcbn28hpcplusbwp30p140ssg0p81v125c       0 
OAI22D1BWP30P140             33     20.790    tcbn28hpcplusbwp30p140ssg0p81v125c       0 
OAI31D1BWP30P140              7      4.410    tcbn28hpcplusbwp30p140ssg0p81v125c       0 
OAI32D1BWP30P140              5      3.780    tcbn28hpcplusbwp30p140ssg0p81v125c       0 
OAI33D1BWP30P140              1      0.882    tcbn28hpcplusbwp30p140ssg0p81v125c       0 
OR2D0BWP30P140                9      4.536    tcbn28hpcplusbwp30p140ssg0p81v125c       0 
OR2D1BWP30P140               80     40.320    tcbn28hpcplusbwp30p140ssg0p81v125c       0 
OR3D1BWP30P140               85     53.550    tcbn28hpcplusbwp30p140ssg0p81v125c       0 
OR3D2BWP30P140                3      2.268    tcbn28hpcplusbwp30p140ssg0p81v125c       0 
OR3D4BWP30P140                3      4.158    tcbn28hpcplusbwp30p140ssg0p81v125c       0 
OR4D1BWP30P140               24     18.144    tcbn28hpcplusbwp30p140ssg0p81v125c       0 
OR4D2BWP30P140                4      3.528    tcbn28hpcplusbwp30p140ssg0p81v125c       0 
SDFKCNQARD2BWP30P140          1      2.772    tcbn28hpcplusbwp30p140ssg0p81v125c       0 
XNR2UD1BWP30P140            508    448.056    tcbn28hpcplusbwp30p140ssg0p81v125c       0 
XNR3D1BWP30P140               1      1.890    tcbn28hpcplusbwp30p140ssg0p81v125c       0 
XNR3UD1BWP30P140            123    216.972    tcbn28hpcplusbwp30p140ssg0p81v125c       0 
XNR4D1BWP30P140              17     44.982    tcbn28hpcplusbwp30p140ssg0p81v125c       0 
XOR2UD1BWP30P140            138    121.716    tcbn28hpcplusbwp30p140ssg0p81v125c       0 
XOR3D2BWP30P140               1      2.016    tcbn28hpcplusbwp30p140ssg0p81v125c       0 
XOR3UD1BWP30P140            121    213.444    tcbn28hpcplusbwp30p140ssg0p81v125c       0 
XOR4D0BWP30P140              12     31.752    tcbn28hpcplusbwp30p140ssg0p81v125c       0 
XOR4D1BWP30P140              75    198.450    tcbn28hpcplusbwp30p140ssg0p81v125c       0 
-----------------------------------------------------------------------------------------
total                     17210  25457.292                                       


                                                        
            Type             Instances    Area   Area % 
--------------------------------------------------------
sequential                        2949  6001.506   23.6 
inverter                          1521   400.554    1.6 
buffer                               4     4.536    0.0 
clock_gating_integrated_cell       118   223.020    0.9 
logic                            12618 18827.676   74.0 
physical_cells                       0     0.000    0.0 
--------------------------------------------------------
total                            17210 25457.292  100.0 

