============================================================
  Generated by:           Genus(TM) Synthesis Solution 21.12-s068_1
  Generated on:           Feb 03 2026  03:03:12 am
  Module:                 System
  Operating conditions:   ssg0p81v125c 
  Interconnect mode:      global
  Area mode:              physical library
============================================================


Path 1: MET (2 ps) Late External Delay Assertion at pin p_output_data_write[19]
           View: analysis_view_0p81v_125c_capwst_slowest
          Group: clk
     Startpoint: (R) control/r_addr_count_write_out_reg[2]/CP
          Clock: (R) clk
       Endpoint: (R) p_output_data_write[19]
          Clock: (R) clk

                     Capture       Launch     
        Clock Edge:+    2000            0     
       Src Latency:+       0            0     
       Net Latency:+       0 (I)        0 (I) 
           Arrival:=    2000            0     
                                              
      Output Delay:-    1000                  
     Required Time:=    1000                  
      Launch Clock:-       0                  
         Data Path:-     998                  
             Slack:=       2                  

Exceptions/Constraints:
  output_delay             1000            constraints.sdc_line_25_78_1 

#----------------------------------------------------------------------------------------------------------------------------
#              Timing Point                Flags    Arc   Edge        Cell          Fanout Load Trans Delay Arrival Instance 
#                                                                                          (fF)  (ps)  (ps)   (ps)  Location 
#----------------------------------------------------------------------------------------------------------------------------
  control/r_addr_count_write_out_reg[2]/CP -       -      R     (arrival)                4    -     0     0       0    (-,-) 
  control/r_addr_count_write_out_reg[2]/QN -       CP->QN R     DFKCND1BWP30P140         3  4.3    27    86      86    (-,-) 
  control/g44875__8428/ZN                  -       A1->ZN F     NR2D2BWP30P140           4  4.3    18    17     103    (-,-) 
  control/g44942__3680/Z                   -       A1->Z  F     AN2D6BWP30P140          39 34.5    33    37     140    (-,-) 
  control/g44664/ZN                        -       I->ZN  R     CKND1BWP30P140           2  2.1    21    22     162    (-,-) 
  control/g43595__6417/ZN                  -       A1->ZN R     IAO21D0BWP30P140         1  1.2    33    35     197    (-,-) 
  control/g43537__5107/ZN                  -       B->ZN  F     IOA21D0BWP30P140         1  1.3    33    26     223    (-,-) 
  control/g43508__2398/ZN                  -       A1->ZN R     NR2OPTIBD1BWP30P140      1  1.3    24    22     245    (-,-) 
  control/g45028/ZN                        -       A1->ZN F     ND3D1BWP30P140           1  2.7    52    37     282    (-,-) 
  control/add_1022_65_g480/CO              -       A->CO  F     FA1D1BWP30P140           1  2.5    24    62     344    (-,-) 
  control/add_1022_65_g479/CO              -       CI->CO F     FA1OPTCD2BWP30P140       1  2.5    17    27     371    (-,-) 
  control/add_1022_65_g478/CO              -       CI->CO F     FA1OPTCD2BWP30P140       1  2.5    17    25     396    (-,-) 
  control/add_1022_65_g477/CO              -       CI->CO F     FA1OPTCD1BWP30P140       1  2.5    23    31     427    (-,-) 
  control/add_1022_65_g476/CO              -       CI->CO F     FA1OPTCD1BWP30P140       1  2.1    21    32     459    (-,-) 
  control/add_1022_65_g475/CO              -       CI->CO F     FA1D1BWP30P140           1  2.5    23    44     503    (-,-) 
  control/add_1022_65_g474/CO              -       CI->CO F     FA1OPTCD1BWP30P140       1  2.5    23    33     536    (-,-) 
  control/add_1022_65_g473/CO              -       CI->CO F     FA1OPTCD1BWP30P140       1  2.5    23    33     569    (-,-) 
  control/add_1022_65_g472/CO              -       CI->CO F     FA1OPTCD1BWP30P140       1  2.5    23    33     602    (-,-) 
  control/add_1022_65_g471/CO              -       CI->CO F     FA1OPTCD1BWP30P140       1  2.5    23    33     635    (-,-) 
  control/add_1022_65_g470/CO              -       CI->CO F     FA1OPTCD1BWP30P140       1  2.1    21    32     666    (-,-) 
  control/add_1022_65_g469/CO              -       CI->CO F     FA1D1BWP30P140           1  2.5    23    44     711    (-,-) 
  control/add_1022_65_g468/CO              -       CI->CO F     FA1OPTCD2BWP30P140       1  2.5    17    27     738    (-,-) 
  control/add_1022_65_g467/CO              -       CI->CO F     FA1OPTCD1BWP30P140       1  2.5    23    31     769    (-,-) 
  control/add_1022_65_g466/CO              -       CI->CO F     FA1OPTCD1BWP30P140       1  2.1    21    32     800    (-,-) 
  control/add_1022_65_g465/CO              -       CI->CO F     FA1D1BWP30P140           1  2.1    21    43     844    (-,-) 
  control/add_1022_65_g464/CO              -       CI->CO F     FA1D1BWP30P140           1  2.1    21    43     887    (-,-) 
  control/add_1022_65_g463/CO              -       CI->CO F     FA1D1BWP30P140           1  1.4    18    40     927    (-,-) 
  control/g45032/Z                         -       A1->Z  R     XOR3D2BWP30P140          1  4.8    21    71     998    (-,-) 
  p_output_data_write[19]                  <<<     -      R     (port)                   -    -     -     0     998    (-,-) 
#----------------------------------------------------------------------------------------------------------------------------


