============================================================
  Generated by:           Genus(TM) Synthesis Solution 21.12-s068_1
  Generated on:           Jan 20 2026  02:15:58 am
  Module:                 System
  Operating conditions:   ssg0p81v125c 
  Interconnect mode:      global
  Area mode:              physical library
============================================================


Path 1: MET (0 ps) Setup Check with Pin conv/r_feat_reg[2][18]/CP->D
           View: analysis_view_0p81v_125c_capwst_slowest
          Group: clk
     Startpoint: (R) conv/r_idx_in_reg[2]/CP
          Clock: (R) clk
       Endpoint: (F) conv/r_feat_reg[2][18]/D
          Clock: (R) clk

                     Capture       Launch     
        Clock Edge:+    2000            0     
       Src Latency:+       0            0     
       Net Latency:+       0 (I)        0 (I) 
           Arrival:=    2000            0     
                                              
             Setup:-      16                  
     Required Time:=    1984                  
      Launch Clock:-       0                  
         Data Path:-    1984                  
             Slack:=       0                  

#------------------------------------------------------------------------------------------------------------------------------
#               Timing Point                 Flags    Arc   Edge        Cell          Fanout Load Trans Delay Arrival Instance 
#                                                                                            (fF)  (ps)  (ps)   (ps)  Location 
#------------------------------------------------------------------------------------------------------------------------------
  conv/r_idx_in_reg[2]/CP                    -       -      R     (arrival)                5    -     0     0       0    (-,-) 
  conv/r_idx_in_reg[2]/Q                     -       CP->Q  F     DFKCSND1BWP30P140        4  5.2    32    77      77    (-,-) 
  conv/mux_mult/g310/ZN                      -       I->ZN  R     CKND4BWP30P140           2  4.6    14    15      92    (-,-) 
  conv/mux_mult/g301/ZN                      -       A1->ZN F     NR3OPTPAD4BWP30P140      5  5.2    18    11     103    (-,-) 
  conv/mux_mult/g317/ZN                      -       A1->ZN F     INR2D2BWP30P140          2  2.4    14    22     125    (-,-) 
  conv/mux_mult/g286/ZN                      -       I->ZN  R     CKND2BWP30P140           2  3.6    14    13     139    (-,-) 
  conv/mux_mult/g318/ZN                      -       A3->ZN F     ND3D3BWP30P140           7  7.9    56    40     178    (-,-) 
  conv/g69607/Z                              -       A1->Z  F     AN2D2BWP30P140           4  7.2    23    38     216    (-,-) 
  conv/g69595/ZN                             -       I->ZN  R     INVD3BWP30P140           5 12.2    26    23     240    (-,-) 
  conv/g69362/ZN                             -       A2->ZN F     NR2D4BWP30P140          41 34.6    51    38     277    (-,-) 
  conv/g69014/Z                              -       B1->Z  F     AO22D0BWP30P140          1  1.3    21    51     328    (-,-) 
  conv/g67756/ZN                             -       A2->ZN R     NR2OPTIBD1BWP30P140      1  1.3    21    21     348    (-,-) 
  conv/g69768/ZN                             -       A4->ZN F     ND4D1BWP30P140           1  1.8    54    43     391    (-,-) 
  conv/g66621/Z                              -       A1->Z  F     OR3D4BWP30P140          22 21.9    34    59     450    (-,-) 
  conv/genblk1[2].multip/mul_153_63_g7398/CO -       B->CO  F     HA1D1BWP30P140           1  2.1    15    28     478    (-,-) 
  conv/genblk1[2].multip/mul_153_63_g7269/CO -       CI->CO F     FA1D1BWP30P140           1  2.1    22    41     520    (-,-) 
  conv/genblk1[2].multip/mul_153_63_g7231/CO -       CI->CO F     FA1D1BWP30P140           1  2.1    22    43     563    (-,-) 
  conv/genblk1[2].multip/mul_153_63_g7211/CO -       CI->CO F     FA1D1BWP30P140           1  2.1    22    44     606    (-,-) 
  conv/genblk1[2].multip/mul_153_63_g7188/CO -       CI->CO F     FA1D1BWP30P140           1  2.1    24    44     650    (-,-) 
  conv/genblk1[2].multip/mul_153_63_g7169/CO -       CI->CO F     FA1D1BWP30P140           1  2.1    23    44     694    (-,-) 
  conv/genblk1[2].multip/mul_153_63_g7151/CO -       CI->CO F     FA1D1BWP30P140           1  2.1    24    44     738    (-,-) 
  conv/genblk1[2].multip/mul_153_63_g7130/CO -       CI->CO F     FA1D2BWP30P140           1  2.1    20    43     781    (-,-) 
  conv/genblk1[2].multip/mul_153_63_g7112/CO -       CI->CO F     FA1D1BWP30P140           1  2.1    24    43     824    (-,-) 
  conv/genblk1[2].multip/mul_153_63_g7091/CO -       CI->CO F     FA1D1BWP30P140           1  2.1    24    44     868    (-,-) 
  conv/genblk1[2].multip/mul_153_63_g7073/CO -       CI->CO F     FA1D1BWP30P140           1  2.1    24    44     912    (-,-) 
  conv/genblk1[2].multip/mul_153_63_g7056/CO -       CI->CO F     FA1D1BWP30P140           1  2.1    24    44     957    (-,-) 
  conv/genblk1[2].multip/mul_153_63_g7038/CO -       CI->CO F     FA1D1BWP30P140           1  2.1    23    44    1001    (-,-) 
  conv/genblk1[2].multip/mul_153_63_g7021/CO -       CI->CO F     FA1D1BWP30P140           1  2.1    23    44    1045    (-,-) 
  conv/genblk1[2].multip/mul_153_63_g7006/CO -       CI->CO F     FA1D1BWP30P140           1  2.1    23    44    1089    (-,-) 
  conv/genblk1[2].multip/mul_153_63_g6991/CO -       CI->CO F     FA1D1BWP30P140           1  2.1    23    44    1133    (-,-) 
  conv/genblk1[2].multip/mul_153_63_g6975/CO -       CI->CO F     FA1D1BWP30P140           1  2.1    23    44    1177    (-,-) 
  conv/genblk1[2].multip/mul_153_63_g6960/CO -       CI->CO F     FA1D1BWP30P140           1  2.1    23    44    1220    (-,-) 
  conv/genblk1[2].multip/mul_153_63_g6948/S  -       CI->S  R     FA1D1BWP30P140           3  3.0    33    78    1299    (-,-) 
  conv/genblk1[2].multip/mul_153_63_g6939/ZN -       A1->ZN F     AOI222D1BWP30P140        1  1.2    87    23    1322    (-,-) 
  conv/genblk1[2].multip/mul_153_63_g6931/ZN -       A1->ZN R     CKND2D1BWP30P140         1  1.9    39    41    1363    (-,-) 
  conv/genblk1[2].multip/mul_153_63_g6924/Z  -       A1->Z  R     XOR2UD1BWP30P140         1  2.1    43    29    1392    (-,-) 
  conv/genblk1[2].multip/mul_153_63_g6913/S  -       CI->S  F     FA1D1BWP30P140           1  2.6    28    74    1466    (-,-) 
  conv/genblk1[2].multip/mul_153_63_g6903/CO -       B->CO  F     FA1D2BWP30P140           1  2.1    17    51    1517    (-,-) 
  conv/genblk1[2].multip/mul_153_63_g6902/CO -       CI->CO F     FA1D2BWP30P140           1  2.1    17    40    1557    (-,-) 
  conv/genblk1[2].multip/mul_153_63_g6901/CO -       CI->CO F     FA1D2BWP30P140           1  2.1    17    40    1598    (-,-) 
  conv/genblk1[2].multip/mul_153_63_g6900/CO -       CI->CO F     FA1D2BWP30P140           1  2.1    17    40    1638    (-,-) 
  conv/genblk1[2].multip/mul_153_63_g6899/CO -       CI->CO F     FA1D2BWP30P140           1  2.1    17    40    1678    (-,-) 
  conv/genblk1[2].multip/mul_153_63_g6898/CO -       CI->CO F     FA1D2BWP30P140           1  2.1    17    40    1718    (-,-) 
  conv/genblk1[2].multip/mul_153_63_g6897/CO -       CI->CO F     FA1D2BWP30P140           1  2.1    17    40    1759    (-,-) 
  conv/genblk1[2].multip/mul_153_63_g6896/S  -       CI->S  F     FA1D2BWP30P140          34 29.9    87   115    1874    (-,-) 
  conv/g59755/ZN                             -       A1->ZN R     AOI222D1BWP30P140        1  1.4    98    55    1929    (-,-) 
  conv/g59048/ZN                             -       C->ZN  F     OAI221D1BWP30P140        1  1.3    57    55    1984    (-,-) 
  conv/r_feat_reg[2][18]/D                   <<<     -      F     DFQD2BWP30P140           1    -     -     0    1984    (-,-) 
#------------------------------------------------------------------------------------------------------------------------------


