============================================================
  Generated by:           Genus(TM) Synthesis Solution 21.12-s068_1
  Generated on:           Sep 11 2025  01:07:03 am
  Module:                 conv
  Operating conditions:   ssg0p81v125c 
  Operating conditions:   tt0p9v25c 
  Interconnect mode:      global
  Area mode:              physical library
============================================================


Path 1: MET (196 ps) Setup Check with Pin registers_reg[6][16]/CP->D
           View: analysis_view_0p90v_25c_captyp_nominal
          Group: clk
     Startpoint: (F) weights[5][0]
          Clock: (R) clk
       Endpoint: (F) registers_reg[6][16]/D
          Clock: (R) clk

                     Capture       Launch     
        Clock Edge:+    2000            0     
        Drv Adjust:+       0           15     
       Src Latency:+       0            0     
       Net Latency:+       0 (I)        0 (I) 
           Arrival:=    2000           15     
                                              
             Setup:-      34                  
     Required Time:=    1966                  
      Launch Clock:-      15                  
       Input Delay:-    1000                  
         Data Path:-     755                  
             Slack:=     196                  

Exceptions/Constraints:
  input_delay             1000            tmp_sdc_analysis_vie_line_839 

#-----------------------------------------------------------------------------------------------------------------------------------
#                Timing Point                 Flags    Arc   Edge          Cell            Fanout Load Trans Delay Arrival Instance 
#                                                                                                 (fF)  (ps)  (ps)   (ps)  Location 
#-----------------------------------------------------------------------------------------------------------------------------------
  weights[5][0]                               -       -      F     (arrival)                    6  6.5    29     0    1015    (-,-) 
  g136878/ZN                                  -       B1->ZN R     AOI22D1BWP30P140             1  1.4    27    25    1040    (-,-) 
  g134700/ZN                                  -       A2->ZN F     CKND2D1BWP30P140             1  1.4    18    15    1055    (-,-) 
  g133944/ZN                                  -       A1->ZN R     NR3D0BWP30P140               1  2.0    28    22    1077    (-,-) 
  g140040/ZN                                  -       A1->ZN F     ND3D2BWP30P140               1  2.0    22    18    1095    (-,-) 
  g133228/ZN                                  -       A1->ZN R     NR2OPTPAD2BWP30P140          1  3.7    17    16    1111    (-,-) 
  g133032/ZN                                  -       A1->ZN F     CKND2D8BWP30P140             9 10.8    16    13    1124    (-,-) 
  genblk1[5].multip/mul_27_61_g4581/ZN        -       A2->ZN R     NR2D3BWP30P140               7  8.0    24    21    1145    (-,-) 
  genblk1[5].multip/mul_27_61_g4567/ZN        -       I->ZN  F     INVD2BWP30P140              13 13.7    31    25    1170    (-,-) 
  genblk1[5].multip/mul_27_61_g4461/ZN        -       A2->ZN R     OAI22D1BWP30P140             1  2.7    35    26    1196    (-,-) 
  genblk1[5].multip/mul_27_61_g4378/S         -       B->S   F     HA1D1BWP30P140               1  2.2    15    31    1227    (-,-) 
  genblk1[5].multip/mul_27_61_cdnfadd_005_0/S -       CI->S  R     FA1D1BWP30P140               1  1.5    17    52    1280    (-,-) 
  genblk1[5].multip/mul_27_61_g4369/ZN        -       I->ZN  F     CKND1BWP30P140               2  2.6    16    14    1294    (-,-) 
  genblk1[5].multip/mul_27_61_g4367/Z         -       A1->Z  F     CKAN2D1BWP30P140             2  2.7    15    23    1316    (-,-) 
  genblk1[5].multip/mul_27_61_g4365/ZN        -       A3->ZN R     OAI32D1BWP30P140             1  3.0    44    29    1345    (-,-) 
  genblk1[5].multip/mul_27_61_g4355/ZN        -       A2->ZN F     AOI21OPTREPBD2BWP30P140      1  2.0    17    16    1361    (-,-) 
  genblk1[5].multip/mul_27_61_g4353/ZN        -       B->ZN  R     IOA21D2BWP30P140             2  2.8    12    11    1372    (-,-) 
  genblk1[5].multip/mul_27_61_g4347/ZN        -       A1->ZN F     CKND2D2BWP30P140             2  2.5    14    12    1383    (-,-) 
  genblk1[5].multip/mul_27_61_g4331/Z         -       A1->Z  F     OA21D1BWP30P140              2  3.8    19    25    1408    (-,-) 
  genblk1[5].multip/mul_27_61_g4828/ZN        -       A1->ZN R     OAI21D4BWP30P140             2  3.6    16    14    1422    (-,-) 
  genblk1[5].multip/mul_27_61_g4317/ZN        -       A1->ZN F     AOI21D2BWP30P140             2  3.5    20    16    1438    (-,-) 
  genblk1[5].multip/mul_27_61_g4298/ZN        -       A1->ZN R     NR2OPTIBD2BWP30P140          2  2.6    16    15    1453    (-,-) 
  genblk1[5].multip/mul_27_61_g4293/ZN        -       A1->ZN F     ND2D1BWP30P140               2  2.5    24    19    1472    (-,-) 
  genblk1[5].multip/mul_27_61_g4288/ZN        -       A1->ZN R     ND2D1BWP30P140               1  1.9    16    15    1487    (-,-) 
  genblk1[5].multip/mul_27_61_g4282/ZN        -       A1->ZN F     AOI21OPTREPBD1BWP30P140      1  1.9    19    17    1504    (-,-) 
  genblk1[5].multip/mul_27_61_g4263/ZN        -       A1->ZN R     OAI21D2BWP30P140             2  3.5    19    17    1521    (-,-) 
  genblk1[5].multip/mul_27_61_g4248/ZN        -       A1->ZN F     ND2OPTIBD2BWP30P140          2  3.0    18    14    1536    (-,-) 
  genblk1[5].multip/mul_27_61_g4245/ZN        -       B1->ZN R     INR2D2BWP30P140              2  3.6    18    16    1552    (-,-) 
  genblk1[5].multip/mul_27_61_g4241/ZN        -       A1->ZN F     OAI21OPTREPBD2BWP30P140      1  2.7    16    12    1564    (-,-) 
  genblk1[5].multip/mul_27_61_g4238/ZN        -       A1->ZN R     AOI21D4BWP30P140             1  3.5    21    13    1577    (-,-) 
  genblk1[5].multip/mul_27_61_g4236/ZN        -       A1->ZN F     NR2OPTIBD6BWP30P140          4  6.2    12     9    1587    (-,-) 
  genblk1[5].multip/mul_27_61_g4231/ZN        -       A3->ZN R     OAI31D4BWP30P140             1  2.7    20    16    1602    (-,-) 
  genblk1[5].multip/mul_27_61_g4227/ZN        -       A1->ZN F     AOI21D4BWP30P140             1  3.4    18    13    1616    (-,-) 
  genblk1[5].multip/mul_27_61_g4225/ZN        -       A1->ZN R     OAI21D6BWP30P140             2  5.2    17    14    1629    (-,-) 
  genblk1[5].multip/mul_27_61_g4224/ZN        -       A1->ZN F     XNR2D2BWP30P140             24 24.8    52    49    1678    (-,-) 
  g128609/ZN                                  -       I->ZN  R     INVD1BWP30P140              13 16.1    74    60    1738    (-,-) 
  g124877/ZN                                  -       A2->ZN F     OAI211D1BWP30P140            1  1.5    46    31    1769    (-,-) 
  registers_reg[6][16]/D                      <<<     -      F     EDFCNQD1BWP30P140            1    -     -     0    1770    (-,-) 
#-----------------------------------------------------------------------------------------------------------------------------------


