============================================================
  Generated by:           Genus(TM) Synthesis Solution 21.12-s068_1
  Generated on:           Sep 11 2025  02:40:14 am
  Module:                 conv
  Operating conditions:   ssg0p81v125c 
  Interconnect mode:      global
  Area mode:              physical library
============================================================


Path 1: MET (0 ps) Setup Check with Pin registers_reg[9][17]/CP->D
           View: analysis_view_0p81v_125c_capwst_slowest
          Group: clk
     Startpoint: (F) weights[7][6]
          Clock: (R) clk
       Endpoint: (F) registers_reg[9][17]/D
          Clock: (R) clk

                     Capture       Launch     
        Clock Edge:+    2000            0     
        Drv Adjust:+       0            9     
       Src Latency:+       0            0     
       Net Latency:+       0 (I)        0 (I) 
           Arrival:=    2000            9     
                                              
             Setup:-      45                  
     Required Time:=    1955                  
      Launch Clock:-       9                  
       Input Delay:-    1000                  
         Data Path:-     946                  
             Slack:=       0                  

Exceptions/Constraints:
  input_delay             1000            constraints.sdc_line_24_655_1 

#--------------------------------------------------------------------------------------------------------------------------------
#                Timing Point                  Flags    Arc   Edge        Cell          Fanout Load Trans Delay Arrival Instance 
#                                                                                              (fF)  (ps)  (ps)   (ps)  Location 
#--------------------------------------------------------------------------------------------------------------------------------
  weights[7][6]                                -       -      F     (arrival)                3  3.0    19     0    1009    (-,-) 
  g68035/ZN                                    -       A1->ZN R     ND2D1BWP30P140           1  1.3    24    14    1022    (-,-) 
  g67473/ZN                                    -       B->ZN  F     IOA21D1BWP30P140         1  1.6    25    21    1043    (-,-) 
  g66360/ZN                                    -       A2->ZN R     NR2OPTPAD1BWP30P140      1  2.0    22    22    1065    (-,-) 
  g66044/ZN                                    -       A2->ZN F     CKND2D3BWP30P140         1  2.7    17    15    1080    (-,-) 
  g65765/ZN                                    -       B->ZN  R     IAO21D4BWP30P140         1  3.4    16    14    1094    (-,-) 
  g65728/ZN                                    -       A1->ZN F     CKND2D8BWP30P140         3  5.2    14    11    1105    (-,-) 
  genblk1[3].multip/mul_27_61_g4831/Z          -       A2->Z  F     XOR2UD1BWP30P140         1  3.8    58    47    1152    (-,-) 
  genblk1[3].multip/mul_27_61_g4594/ZN         -       A2->ZN R     ND2OPTD6BWP30P140       19 16.9    31    31    1183    (-,-) 
  genblk1[3].multip/mul_27_61_g4409/ZN         -       A1->ZN F     OAI22D1BWP30P140         1  2.1    42    29    1212    (-,-) 
  genblk1[3].multip/mul_27_61_cdnfadd_008_0/CO -       CI->CO F     FA1D1BWP30P140           1  2.1    22    50    1263    (-,-) 
  genblk1[3].multip/mul_27_61_cdnfadd_009_1/S  -       CI->S  R     FA1D1BWP30P140           1  2.1    28    75    1338    (-,-) 
  genblk1[3].multip/mul_27_61_cdnfadd_009_2/S  -       CI->S  F     FA1D1BWP30P140           1  1.7    24    68    1405    (-,-) 
  genblk1[3].multip/mul_27_61_g4353/ZN         -       I->ZN  R     CKND2BWP30P140           2  2.3    13    14    1419    (-,-) 
  genblk1[3].multip/mul_27_61_g4348/ZN         -       A1->ZN F     NR2D1BWP30P140           2  2.2    18    14    1433    (-,-) 
  genblk1[3].multip/mul_27_61_g4337/Z          -       B->Z   F     AO21D1BWP30P140          1  1.9    17    34    1467    (-,-) 
  genblk1[3].multip/mul_27_61_g4335/ZN         -       B->ZN  R     AOI21D2BWP30P140         3  3.1    27    25    1492    (-,-) 
  genblk1[3].multip/mul_27_61_g4329/Z          -       A1->Z  R     OA21D1BWP30P140          1  1.9    17    30    1522    (-,-) 
  genblk1[3].multip/mul_27_61_g4319/Z          -       A1->Z  R     OA21D4BWP30P140          2  3.1    13    26    1548    (-,-) 
  genblk1[3].multip/mul_27_61_g4301/ZN         -       B1->ZN F     INR2D2BWP30P140          2  2.0    11     9    1558    (-,-) 
  genblk1[3].multip/mul_27_61_g4296/ZN         -       A1->ZN R     ND2OPTIBD1BWP30P140      2  2.0    25    17    1574    (-,-) 
  genblk1[3].multip/mul_27_61_g4292/ZN         -       A1->ZN F     ND2OPTIBD1BWP30P140      1  1.3    22    17    1592    (-,-) 
  genblk1[3].multip/mul_27_61_g4286/ZN         -       A1->ZN R     AOI21D1BWP30P140         1  1.7    31    25    1616    (-,-) 
  genblk1[3].multip/mul_27_61_g4262/ZN         -       A1->ZN F     OAI21D2BWP30P140         2  3.6    32    24    1641    (-,-) 
  genblk1[3].multip/mul_27_61_g4249/ZN         -       A1->ZN R     ND2OPTIBD4BWP30P140      2  2.2    14    14    1654    (-,-) 
  genblk1[3].multip/mul_27_61_g4824/ZN         -       A1->ZN R     IND2D2BWP30P140          2  2.0    17    20    1674    (-,-) 
  genblk1[3].multip/mul_27_61_g4241/Z          -       A1->Z  R     AO21D1BWP30P140          1  1.7    16    26    1701    (-,-) 
  genblk1[3].multip/mul_27_61_g4238/ZN         -       A1->ZN F     AOI21D2BWP30P140         1  2.2    23    16    1716    (-,-) 
  genblk1[3].multip/mul_27_61_g4236/ZN         -       A1->ZN R     NR2D3BWP30P140           3  3.9    22    20    1736    (-,-) 
  genblk1[3].multip/mul_27_61_g4234/ZN         -       A1->ZN F     NR2OPTIBD2BWP30P140      2  2.1    14    11    1747    (-,-) 
  genblk1[3].multip/mul_27_61_g4230/Z          -       A1->Z  F     AO21D2BWP30P140          1  1.7    12    25    1772    (-,-) 
  genblk1[3].multip/mul_27_61_g4226/ZN         -       A1->ZN R     AOI21D2BWP30P140         1  2.6    28    18    1790    (-,-) 
  genblk1[3].multip/mul_27_61_g4224/ZN         -       A1->ZN F     OAI21D4BWP30P140         2  4.6    29    20    1810    (-,-) 
  genblk1[3].multip/mul_27_61_g4222/ZN         -       A1->ZN R     AOI21D6BWP30P140         2  4.0    25    18    1828    (-,-) 
  genblk1[3].multip/mul_27_61_g4221/ZN         -       A1->ZN F     XNR2D1BWP30P140          4  3.9    25    38    1866    (-,-) 
  g61354/ZN                                    -       A1->ZN R     AOI222D1BWP30P140        1  1.4    62    38    1904    (-,-) 
  g60661/ZN                                    -       C->ZN  F     OAI221D1BWP30P140        1  1.3    52    51    1955    (-,-) 
  registers_reg[9][17]/D                       <<<     -      F     EDFCNQD1BWP30P140        1    -     -     0    1955    (-,-) 
#--------------------------------------------------------------------------------------------------------------------------------


