============================================================
  Generated by:           Genus(TM) Synthesis Solution 21.12-s068_1
  Generated on:           Sep 11 2025  01:06:52 am
  Module:                 conv
  Library domain:         timing_cond_0p81v_125c
    Domain index:         0
    Technology library:   tcbn28hpcplusbwp30p140ssg0p81v125c 110
  Operating conditions:   ssg0p81v125c 
  Interconnect mode:      global
  Area mode:              physical library
============================================================

      Instance        Module    Cell Count  Cell Area  Net Area   Total Area 
-----------------------------------------------------------------------------
conv                                 18763  19296.396 10461.874    29758.270 
  genblk1[0].multip Multip             669    709.632   274.261      983.893 
  genblk1[1].multip Multip_156         690    745.542   281.499     1027.041 
  genblk1[2].multip Multip_155         690    746.550   281.499     1028.049 
  genblk1[3].multip Multip_154         693    730.800   280.729     1011.529 
  genblk1[4].multip Multip_153         696    743.652   281.609     1025.261 
  genblk1[5].multip Multip_152         719    722.358   288.633     1010.991 
  inv               Inverse           1053   2221.506   494.334     2715.840 
    matrix_a0       MatrixA0           351    740.502   127.134      867.636 
      csa_p0        CSA_3_108           39     82.278    14.126       96.404 
        layer1      FA_134              20     42.462     0.000       42.462 
      csa_p1        CSA_3_107           39     82.278    14.126       96.404 
        layer1      FA_133              20     42.462     0.000       42.462 
      csa_p2        CSA_3_106           39     82.278    14.126       96.404 
        layer1      FA_132              20     42.462     0.000       42.462 
      csa_p3        CSA_3_105           39     82.278    14.126       96.404 
        layer1      FA_131              20     42.462     0.000       42.462 
      csa_p4        CSA_3_104           39     82.278    14.126       96.404 
        layer1      FA_130              20     42.462     0.000       42.462 
      csa_p5        CSA_3_103           39     82.278    14.126       96.404 
        layer1      FA_129              20     42.462     0.000       42.462 
      csa_p6        CSA_3_102           39     82.278    14.126       96.404 
        layer1      FA_128              20     42.462     0.000       42.462 
      csa_p7        CSA_3_101           39     82.278    14.126       96.404 
        layer1      FA_127              20     42.462     0.000       42.462 
      csa_p8        CSA_3_100           39     82.278    14.126       96.404 
        layer1      FA_126              20     42.462     0.000       42.462 
    matrix_a1       MatrixA1           702   1481.004   254.269     1735.273 
      csa_p0        CSA_3               39     82.278    14.126       96.404 
        layer1      FA                  20     42.462     0.000       42.462 
      csa_p1        CSA_3_125           39     82.278    14.126       96.404 
        layer1      FA_151              20     42.462     0.000       42.462 
      csa_p2        CSA_3_124           39     82.278    14.126       96.404 
        layer1      FA_150              20     42.462     0.000       42.462 
      csa_p3        CSA_3_123           39     82.278    14.126       96.404 
        layer1      FA_149              20     42.462     0.000       42.462 
      csa_p4        CSA_3_122           39     82.278    14.126       96.404 
        layer1      FA_148              20     42.462     0.000       42.462 
      csa_p5        CSA_3_121           39     82.278    14.126       96.404 
        layer1      FA_147              20     42.462     0.000       42.462 
      csa_p6        CSA_3_120           39     82.278    14.126       96.404 
        layer1      FA_146              20     42.462     0.000       42.462 
      csa_p7        CSA_3_119           39     82.278    14.126       96.404 
        layer1      FA_145              20     42.462     0.000       42.462 
      csa_p8        CSA_3_118           39     82.278    14.126       96.404 
        layer1      FA_144              20     42.462     0.000       42.462 
      csa_p9        CSA_3_117           39     82.278    14.126       96.404 
        layer1      FA_143              20     42.462     0.000       42.462 
      csa_p10       CSA_3_116           39     82.278    14.126       96.404 
        layer1      FA_142              20     42.462     0.000       42.462 
      csa_p11       CSA_3_115           39     82.278    14.126       96.404 
        layer1      FA_141              20     42.462     0.000       42.462 
      csa_p12       CSA_3_114           39     82.278    14.126       96.404 
        layer1      FA_140              20     42.462     0.000       42.462 
      csa_p13       CSA_3_113           39     82.278    14.126       96.404 
        layer1      FA_139              20     42.462     0.000       42.462 
      csa_p14       CSA_3_112           39     82.278    14.126       96.404 
        layer1      FA_138              20     42.462     0.000       42.462 
      csa_p15       CSA_3_111           39     82.278    14.126       96.404 
        layer1      FA_137              20     42.462     0.000       42.462 
      csa_p16       CSA_3_110           39     82.278    14.126       96.404 
        layer1      FA_136              20     42.462     0.000       42.462 
      csa_p17       CSA_3_109           39     82.278    14.126       96.404 
        layer1      FA_135              20     42.462     0.000       42.462 
  trf               Transform         1972   2904.300   679.421     3583.721 
    matrix_c0       MatrixC0           892   1321.236   292.895     1614.131 
      csa_n0        CSA_2               20     41.958     4.793       46.751 
      csa_n1        CSA_2_95            20     41.958     4.793       46.751 
      csa_n2        CSA_2_90            20     41.958     4.793       46.751 
      csa_n6        CSA_2_99            20     41.958     4.793       46.751 
      csa_n7        CSA_2_94            20     41.958     4.793       46.751 
      csa_n8        CSA_2_89            20     41.958     4.793       46.751 
      csa_n12       CSA_2_98            20     41.958     4.793       46.751 
      csa_n13       CSA_2_93            20     41.958     4.793       46.751 
      csa_n14       CSA_2_88            20     41.958     4.793       46.751 
      csa_n18       CSA_2_97            20     41.958     4.793       46.751 
      csa_n19       CSA_2_92            20     41.958     4.793       46.751 
      csa_n20       CSA_2_87            20     41.958     4.793       46.751 
      csa_n24       CSA_2_96            20     41.958     4.793       46.751 
      csa_n25       CSA_2_91            20     41.958     4.793       46.751 
      csa_n26       CSA_2_86            20     41.958     4.793       46.751 
    matrix_c1       MatrixC1          1080   1583.064   356.256     1939.320 
      csa_n0        CSA_2_85            20     41.958     4.793       46.751 
      csa_n1        CSA_2_84            20     41.958     4.793       46.751 
      csa_n2        CSA_2_83            20     41.958     4.793       46.751 
      csa_n3        CSA_2_82            20     41.958     4.793       46.751 
      csa_n4        CSA_2_81            20     41.958     4.793       46.751 
      csa_n5        CSA_2_80            20     41.958     4.793       46.751 
      csa_n6        CSA_2_79            20     41.958     4.793       46.751 
      csa_n7        CSA_2_78            20     41.958     4.793       46.751 
      csa_n8        CSA_2_77            20     41.958     4.793       46.751 
      csa_n9        CSA_2_76            20     41.958     4.793       46.751 
      csa_n10       CSA_2_75            20     41.958     4.793       46.751 
      csa_n11       CSA_2_74            20     41.958     4.793       46.751 
      csa_n12       CSA_2_73            20     41.958     4.793       46.751 
      csa_n13       CSA_2_72            20     41.958     4.793       46.751 
      csa_n14       CSA_2_71            20     41.958     4.793       46.751 
      csa_n15       CSA_2_70            20     41.958     4.793       46.751 
      csa_n16       CSA_2_69            20     41.958     4.793       46.751 
      csa_n17       CSA_2_68            20     41.958     4.793       46.751 
