============================================================
  Generated by:           Genus(TM) Synthesis Solution 21.12-s068_1
  Generated on:           Oct 09 2026  12:32:44 am
  Module:                 Conv
  Library domain:         timing_cond_0p81v_125c
    Domain index:         0
    Technology library:   tcbn28hpcplusbwp30p140ssg0p81v125c 110
  Operating conditions:   ssg0p81v125c 
  Interconnect mode:      global
  Area mode:              physical library
============================================================

                 Instance                           Module           Cell Count  Cell Area  Net Area   Total Area 
------------------------------------------------------------------------------------------------------------------
Conv                                                                      24877  26926.200 11467.604    38393.804 
  MAC_LANES[0].multip                     Multip                            416    428.022   170.670      598.692 
  MAC_LANES[1].multip                     Multip_500                        416    428.022   170.670      598.692 
  MAC_LANES[2].multip                     Multip_499                        416    428.022   170.670      598.692 
  MAC_LANES[3].multip                     Multip_498                        416    428.022   170.670      598.692 
  MAC_LANES[4].multip                     Multip_497                        416    428.022   170.670      598.692 
  WEIGHT_TRANSFORM_ROWS[0].weight_trf_row WeightTransformRowConst          2263   1942.290   894.565     2836.855 
  WEIGHT_TRANSFORM_ROWS[1].weight_trf_row WeightTransformRowConst_0        3549   3789.954  1465.862     5255.816 
  WEIGHT_TRANSFORM_ROWS[2].weight_trf_row WeightTransformRowConst_1        2893   2996.406  1195.636     4192.042 
  WEIGHT_TRANSFORM_ROWS[3].weight_trf_row WeightTransformRowConst_2        3195   3072.132  1283.601     4355.733 
  WEIGHT_TRANSFORM_ROWS[4].weight_trf_row WeightTransformRowConst_3        2367   2075.598   937.041     3012.639 
  inverse_row_acc                         InverseRowAccumulate              550    558.936   195.701      754.637 
  inverse_row_current                     InverseRow                        140    261.828    52.087      313.915 
  trf                                     Transform                        2402   3891.888  1095.810     4987.698 
    matrix_c0                             MatrixC0                         1153   1925.280   445.869     2371.149 
    matrix_c1                             MatrixC1                         1249   1966.608   476.844     2443.452 
