Copyright 1986-2022 Xilinx, Inc. All Rights Reserved. Copyright 2022-2023 Advanced Micro Devices, Inc. All Rights Reserved.
---------------------------------------------------------------------------------------------------------------------------------------------
| Tool Version : Vivado v.2023.2 (lin64) Build 4029153 Fri Oct 13 20:13:54 MDT 2023
| Date         : Thu Oct  1 17:13:36 2026
| Host         : paxos.inf.pucrs.br running 64-bit Rocky Linux release 8.10 (Green Obsidian)
| Command      : report_utilization -hierarchical -file /sim/tarsio/reports-multicore-23da4e19/wpn16_4/utilization_hierarchical.rpt
| Design       : WPN16ReplicaTop
| Device       : xczu7ev-ffvc1156-2-e
| Speed File   : -2
| Design State : Routed
---------------------------------------------------------------------------------------------------------------------------------------------

Utilization Design Information

Table of Contents
-----------------
1. Utilization by Hierarchy

1. Utilization by Hierarchy
---------------------------

+---------------------------------------------+--------------------------------------------+------------+------------+---------+------+-------+--------+--------+------+------------+
|                   Instance                  |                   Module                   | Total LUTs | Logic LUTs | LUTRAMs | SRLs |  FFs  | RAMB36 | RAMB18 | URAM | DSP Blocks |
+---------------------------------------------+--------------------------------------------+------------+------------+---------+------+-------+--------+--------+------+------------+
| WPN16ReplicaTop                             |                                      (top) |      34207 |      34207 |       0 |    0 | 10596 |      0 |      0 |    0 |         32 |
|   CORES[0].core_inst                        |                                       Conv |       8526 |       8526 |       0 |    0 |  2647 |      0 |      0 |    0 |          8 |
|     (CORES[0].core_inst)                    |                                       Conv |       5125 |       5125 |       0 |    0 |  2647 |      0 |      0 |    0 |          0 |
|     MAC_LANES[0].multip                     |                                  Multip_38 |         29 |         29 |       0 |    0 |     0 |      0 |      0 |    0 |          1 |
|     MAC_LANES[1].multip                     |                                  Multip_39 |         29 |         29 |       0 |    0 |     0 |      0 |      0 |    0 |          1 |
|     MAC_LANES[2].multip                     |                                  Multip_40 |         29 |         29 |       0 |    0 |     0 |      0 |      0 |    0 |          1 |
|     MAC_LANES[3].multip                     |                                  Multip_41 |         29 |         29 |       0 |    0 |     0 |      0 |      0 |    0 |          1 |
|     MAC_LANES[4].multip                     |                                  Multip_42 |         29 |         29 |       0 |    0 |     0 |      0 |      0 |    0 |          1 |
|     MAC_LANES[5].multip                     |                                  Multip_43 |         29 |         29 |       0 |    0 |     0 |      0 |      0 |    0 |          1 |
|     MAC_LANES[6].multip                     |                                  Multip_44 |         29 |         29 |       0 |    0 |     0 |      0 |      0 |    0 |          1 |
|     MAC_LANES[7].multip                     |                                  Multip_45 |         29 |         29 |       0 |    0 |     0 |      0 |      0 |    0 |          1 |
|     WEIGHT_TRANSFORM_ROWS[0].weight_trf_row |                 WeightTransformRowConst_46 |        130 |        130 |       0 |    0 |     0 |      0 |      0 |    0 |          0 |
|     WEIGHT_TRANSFORM_ROWS[1].weight_trf_row | WeightTransformRowConst__parameterized0_47 |        198 |        198 |       0 |    0 |     0 |      0 |      0 |    0 |          0 |
|     WEIGHT_TRANSFORM_ROWS[2].weight_trf_row | WeightTransformRowConst__parameterized1_48 |        797 |        797 |       0 |    0 |     0 |      0 |      0 |    0 |          0 |
|     WEIGHT_TRANSFORM_ROWS[4].weight_trf_row | WeightTransformRowConst__parameterized3_49 |        393 |        393 |       0 |    0 |     0 |      0 |      0 |    0 |          0 |
|     WEIGHT_TRANSFORM_ROWS[5].weight_trf_row | WeightTransformRowConst__parameterized4_50 |        752 |        752 |       0 |    0 |     0 |      0 |      0 |    0 |          0 |
|     WEIGHT_TRANSFORM_ROWS[6].weight_trf_row | WeightTransformRowConst__parameterized5_51 |        108 |        108 |       0 |    0 |     0 |      0 |      0 |    0 |          0 |
|     WEIGHT_TRANSFORM_ROWS[7].weight_trf_row | WeightTransformRowConst__parameterized6_52 |        152 |        152 |       0 |    0 |     0 |      0 |      0 |    0 |          0 |
|     inverse_row_acc                         |                    InverseRowAccumulate_53 |        223 |        223 |       0 |    0 |     0 |      0 |      0 |    0 |          0 |
|     inverse_row_current                     |                              InverseRow_54 |        526 |        526 |       0 |    0 |     0 |      0 |      0 |    0 |          0 |
|   CORES[1].core_inst                        |                                     Conv_0 |       8641 |       8641 |       0 |    0 |  2651 |      0 |      0 |    0 |          8 |
|     (CORES[1].core_inst)                    |                                     Conv_0 |       5936 |       5936 |       0 |    0 |  2651 |      0 |      0 |    0 |          0 |
|     MAC_LANES[0].multip                     |                                  Multip_24 |         29 |         29 |       0 |    0 |     0 |      0 |      0 |    0 |          1 |
|     MAC_LANES[1].multip                     |                                  Multip_25 |         29 |         29 |       0 |    0 |     0 |      0 |      0 |    0 |          1 |
|     MAC_LANES[2].multip                     |                                  Multip_26 |         29 |         29 |       0 |    0 |     0 |      0 |      0 |    0 |          1 |
|     MAC_LANES[3].multip                     |                                  Multip_27 |         29 |         29 |       0 |    0 |     0 |      0 |      0 |    0 |          1 |
|     MAC_LANES[4].multip                     |                                  Multip_28 |         29 |         29 |       0 |    0 |     0 |      0 |      0 |    0 |          1 |
|     MAC_LANES[5].multip                     |                                  Multip_29 |         29 |         29 |       0 |    0 |     0 |      0 |      0 |    0 |          1 |
|     MAC_LANES[6].multip                     |                                  Multip_30 |         29 |         29 |       0 |    0 |     0 |      0 |      0 |    0 |          1 |
|     MAC_LANES[7].multip                     |                                  Multip_31 |         29 |         29 |       0 |    0 |     0 |      0 |      0 |    0 |          1 |
|     WEIGHT_TRANSFORM_ROWS[1].weight_trf_row | WeightTransformRowConst__parameterized0_32 |        214 |        214 |       0 |    0 |     0 |      0 |      0 |    0 |          0 |
|     WEIGHT_TRANSFORM_ROWS[2].weight_trf_row | WeightTransformRowConst__parameterized1_33 |        997 |        997 |       0 |    0 |     0 |      0 |      0 |    0 |          0 |
|     WEIGHT_TRANSFORM_ROWS[4].weight_trf_row | WeightTransformRowConst__parameterized3_34 |        319 |        319 |       0 |    0 |     0 |      0 |      0 |    0 |          0 |
|     WEIGHT_TRANSFORM_ROWS[5].weight_trf_row | WeightTransformRowConst__parameterized4_35 |        810 |        810 |       0 |    0 |     0 |      0 |      0 |    0 |          0 |
|     WEIGHT_TRANSFORM_ROWS[6].weight_trf_row | WeightTransformRowConst__parameterized5_36 |         69 |         69 |       0 |    0 |     0 |      0 |      0 |    0 |          0 |
|     WEIGHT_TRANSFORM_ROWS[7].weight_trf_row | WeightTransformRowConst__parameterized6_37 |        152 |        152 |       0 |    0 |     0 |      0 |      0 |    0 |          0 |
|   CORES[2].core_inst                        |                                     Conv_1 |       8444 |       8444 |       0 |    0 |  2647 |      0 |      0 |    0 |          8 |
|     (CORES[2].core_inst)                    |                                     Conv_1 |       5054 |       5054 |       0 |    0 |  2647 |      0 |      0 |    0 |          0 |
|     MAC_LANES[0].multip                     |                                  Multip_10 |         29 |         29 |       0 |    0 |     0 |      0 |      0 |    0 |          1 |
|     MAC_LANES[1].multip                     |                                  Multip_11 |         29 |         29 |       0 |    0 |     0 |      0 |      0 |    0 |          1 |
|     MAC_LANES[2].multip                     |                                  Multip_12 |         29 |         29 |       0 |    0 |     0 |      0 |      0 |    0 |          1 |
|     MAC_LANES[3].multip                     |                                  Multip_13 |         29 |         29 |       0 |    0 |     0 |      0 |      0 |    0 |          1 |
|     MAC_LANES[4].multip                     |                                  Multip_14 |         29 |         29 |       0 |    0 |     0 |      0 |      0 |    0 |          1 |
|     MAC_LANES[5].multip                     |                                  Multip_15 |         29 |         29 |       0 |    0 |     0 |      0 |      0 |    0 |          1 |
|     MAC_LANES[6].multip                     |                                  Multip_16 |         29 |         29 |       0 |    0 |     0 |      0 |      0 |    0 |          1 |
|     MAC_LANES[7].multip                     |                                  Multip_17 |         29 |         29 |       0 |    0 |     0 |      0 |      0 |    0 |          1 |
|     WEIGHT_TRANSFORM_ROWS[0].weight_trf_row |                    WeightTransformRowConst |        130 |        130 |       0 |    0 |     0 |      0 |      0 |    0 |          0 |
|     WEIGHT_TRANSFORM_ROWS[1].weight_trf_row | WeightTransformRowConst__parameterized0_18 |        190 |        190 |       0 |    0 |     0 |      0 |      0 |    0 |          0 |
|     WEIGHT_TRANSFORM_ROWS[2].weight_trf_row | WeightTransformRowConst__parameterized1_19 |        796 |        796 |       0 |    0 |     0 |      0 |      0 |    0 |          0 |
|     WEIGHT_TRANSFORM_ROWS[4].weight_trf_row | WeightTransformRowConst__parameterized3_20 |        389 |        389 |       0 |    0 |     0 |      0 |      0 |    0 |          0 |
|     WEIGHT_TRANSFORM_ROWS[5].weight_trf_row | WeightTransformRowConst__parameterized4_21 |        738 |        738 |       0 |    0 |     0 |      0 |      0 |    0 |          0 |
|     WEIGHT_TRANSFORM_ROWS[6].weight_trf_row | WeightTransformRowConst__parameterized5_22 |        110 |        110 |       0 |    0 |     0 |      0 |      0 |    0 |          0 |
|     WEIGHT_TRANSFORM_ROWS[7].weight_trf_row | WeightTransformRowConst__parameterized6_23 |        152 |        152 |       0 |    0 |     0 |      0 |      0 |    0 |          0 |
|     inverse_row_acc                         |                       InverseRowAccumulate |        224 |        224 |       0 |    0 |     0 |      0 |      0 |    0 |          0 |
|     inverse_row_current                     |                                 InverseRow |        526 |        526 |       0 |    0 |     0 |      0 |      0 |    0 |          0 |
|   CORES[3].core_inst                        |                                     Conv_2 |       8596 |       8596 |       0 |    0 |  2651 |      0 |      0 |    0 |          8 |
|     (CORES[3].core_inst)                    |                                     Conv_2 |       5929 |       5929 |       0 |    0 |  2651 |      0 |      0 |    0 |          0 |
|     MAC_LANES[0].multip                     |                                     Multip |         29 |         29 |       0 |    0 |     0 |      0 |      0 |    0 |          1 |
|     MAC_LANES[1].multip                     |                                   Multip_3 |         29 |         29 |       0 |    0 |     0 |      0 |      0 |    0 |          1 |
|     MAC_LANES[2].multip                     |                                   Multip_4 |         29 |         29 |       0 |    0 |     0 |      0 |      0 |    0 |          1 |
|     MAC_LANES[3].multip                     |                                   Multip_5 |         29 |         29 |       0 |    0 |     0 |      0 |      0 |    0 |          1 |
|     MAC_LANES[4].multip                     |                                   Multip_6 |         29 |         29 |       0 |    0 |     0 |      0 |      0 |    0 |          1 |
|     MAC_LANES[5].multip                     |                                   Multip_7 |         29 |         29 |       0 |    0 |     0 |      0 |      0 |    0 |          1 |
|     MAC_LANES[6].multip                     |                                   Multip_8 |         29 |         29 |       0 |    0 |     0 |      0 |      0 |    0 |          1 |
|     MAC_LANES[7].multip                     |                                   Multip_9 |         29 |         29 |       0 |    0 |     0 |      0 |      0 |    0 |          1 |
|     WEIGHT_TRANSFORM_ROWS[1].weight_trf_row |    WeightTransformRowConst__parameterized0 |        212 |        212 |       0 |    0 |     0 |      0 |      0 |    0 |          0 |
|     WEIGHT_TRANSFORM_ROWS[2].weight_trf_row |    WeightTransformRowConst__parameterized1 |        974 |        974 |       0 |    0 |     0 |      0 |      0 |    0 |          0 |
|     WEIGHT_TRANSFORM_ROWS[4].weight_trf_row |    WeightTransformRowConst__parameterized3 |        320 |        320 |       0 |    0 |     0 |      0 |      0 |    0 |          0 |
|     WEIGHT_TRANSFORM_ROWS[5].weight_trf_row |    WeightTransformRowConst__parameterized4 |        797 |        797 |       0 |    0 |     0 |      0 |      0 |    0 |          0 |
|     WEIGHT_TRANSFORM_ROWS[6].weight_trf_row |    WeightTransformRowConst__parameterized5 |         68 |         68 |       0 |    0 |     0 |      0 |      0 |    0 |          0 |
|     WEIGHT_TRANSFORM_ROWS[7].weight_trf_row |    WeightTransformRowConst__parameterized6 |        152 |        152 |       0 |    0 |     0 |      0 |      0 |    0 |          0 |
+---------------------------------------------+--------------------------------------------+------------+------------+---------+------+-------+--------+--------+------+------------+
* Note: The sum of lower-level cells may be larger than their parent cells total, due to cross-hierarchy LUT combining


