============================================================
  Generated by:           Genus(TM) Synthesis Solution 21.12-s068_1
  Generated on:           Aug 30 2026  07:36:15 pm
  Module:                 Conv
  Operating conditions:   ssg0p81v125c 
  Operating conditions:   tt0p9v25c 
  Interconnect mode:      global
  Area mode:              physical library
============================================================


Path 1: MET (218 ps) Late External Delay Assertion at pin p_output_data_write[19]
           View: analysis_view_0p90v_25c_captyp_nominal
          Group: clk
     Startpoint: (R) r_output_write_count_reg[0]/CP
          Clock: (R) clk
       Endpoint: (F) p_output_data_write[19]
          Clock: (R) clk

                     Capture       Launch     
        Clock Edge:+    2000            0     
       Src Latency:+       0            0     
       Net Latency:+       0 (I)        0 (I) 
           Arrival:=    2000            0     
                                              
      Output Delay:-    1000                  
     Required Time:=    1000                  
      Launch Clock:-       0                  
         Data Path:-     782                  
             Slack:=     218                  

Exceptions/Constraints:
  output_delay             1000            tmp_sdc_analysis_vie_line_823 

#------------------------------------------------------------------------------------------------------------------
#         Timing Point           Flags    Arc   Edge        Cell          Fanout Load Trans Delay Arrival Instance 
#                                                                                (fF)  (ps)  (ps)   (ps)  Location 
#------------------------------------------------------------------------------------------------------------------
  r_output_write_count_reg[0]/CP -       -      R     (arrival)                4    -     0     0       0    (-,-) 
  r_output_write_count_reg[0]/QN -       CP->QN R     DFCND1BWP30P140          3  4.0    20    63      63    (-,-) 
  g37313/ZN                      -       A2->ZN F     ND2D2BWP30P140           3  8.1    37    28      91    (-,-) 
  g37273/ZN                      -       A1->ZN R     NR2OPTIBD6BWP30P140     25 27.7    41    34     125    (-,-) 
  g37151/ZN                      -       I->ZN  F     CKND1BWP30P140          20 21.9   101    71     196    (-,-) 
  g36334/ZN                      -       B1->ZN R     INR2D1BWP30P140          1  1.5    34    32     228    (-,-) 
  g35960/Z                       -       A1->Z  R     OR4D1BWP30P140           1  4.1    21    35     262    (-,-) 
  add_801_69_g479/CO             -       A->CO  R     FA1OPTCD2BWP30P140       1  2.8    14    42     304    (-,-) 
  add_801_69_g478/CO             -       CI->CO R     FA1OPTCD2BWP30P140       1  2.8    14    21     324    (-,-) 
  add_801_69_g477/CO             -       CI->CO R     FA1OPTCD1BWP30P140       1  2.3    17    24     349    (-,-) 
  add_801_69_g476/CO             -       CI->CO R     FA1D1BWP30P140           1  2.8    18    31     379    (-,-) 
  add_801_69_g475/CO             -       CI->CO R     FA1OPTCD1BWP30P140       1  2.8    18    26     406    (-,-) 
  add_801_69_g474/CO             -       CI->CO R     FA1OPTCD1BWP30P140       1  2.8    18    26     432    (-,-) 
  add_801_69_g473/CO             -       CI->CO R     FA1OPTCD1BWP30P140       1  2.8    18    26     459    (-,-) 
  add_801_69_g472/CO             -       CI->CO R     FA1OPTCD1BWP30P140       1  2.8    18    26     485    (-,-) 
  add_801_69_g471/CO             -       CI->CO R     FA1OPTCD1BWP30P140       1  2.3    17    25     510    (-,-) 
  add_801_69_g470/CO             -       CI->CO R     FA1D1BWP30P140           1  2.8    18    31     541    (-,-) 
  add_801_69_g469/CO             -       CI->CO R     FA1OPTCD1BWP30P140       1  2.8    18    26     568    (-,-) 
  add_801_69_g468/CO             -       CI->CO R     FA1OPTCD2BWP30P140       1  2.8    14    22     589    (-,-) 
  add_801_69_g467/CO             -       CI->CO R     FA1OPTCD1BWP30P140       1  2.3    17    24     614    (-,-) 
  add_801_69_g466/CO             -       CI->CO R     FA1D1BWP30P140           1  2.3    16    30     643    (-,-) 
  add_801_69_g465/CO             -       CI->CO R     FA1D1BWP30P140           1  2.3    16    29     672    (-,-) 
  add_801_69_g464/CO             -       CI->CO R     FA1D1BWP30P140           1  2.3    16    29     702    (-,-) 
  add_801_69_g463/CO             -       CI->CO R     FA1D1BWP30P140           1  1.6    14    27     729    (-,-) 
  g37747/Z                       -       A1->Z  F     XOR3D2BWP30P140          1  5.0    16    53     782    (-,-) 
  p_output_data_write[19]        <<<     -      F     (port)                   -    -     -     0     782    (-,-) 
#------------------------------------------------------------------------------------------------------------------


