============================================================
  Generated by:           Genus(TM) Synthesis Solution 21.12-s068_1
  Generated on:           Aug 30 2026  07:36:08 pm
  Module:                 Conv
  Operating conditions:   ssg0p81v125c 
  Interconnect mode:      global
  Area mode:              physical library
============================================================


Path 1: MET (0 ps) Late External Delay Assertion at pin p_output_data_write[19]
           View: analysis_view_0p81v_125c_capwst_slowest
          Group: clk
     Startpoint: (R) r_output_write_count_reg[3]/CP
          Clock: (R) clk
       Endpoint: (F) p_output_data_write[19]
          Clock: (R) clk

                     Capture       Launch     
        Clock Edge:+    2000            0     
       Src Latency:+       0            0     
       Net Latency:+       0 (I)        0 (I) 
           Arrival:=    2000            0     
                                              
      Output Delay:-    1000                  
     Required Time:=    1000                  
      Launch Clock:-       0                  
         Data Path:-    1000                  
             Slack:=       0                  

Exceptions/Constraints:
  output_delay             1000            constraints.sdc_line_25_78_1 

#-----------------------------------------------------------------------------------------------------------------
#         Timing Point           Flags    Arc   Edge        Cell         Fanout Load Trans Delay Arrival Instance 
#                                                                               (fF)  (ps)  (ps)   (ps)  Location 
#-----------------------------------------------------------------------------------------------------------------
  r_output_write_count_reg[3]/CP -       -      R     (arrival)               4    -     0     0       0    (-,-) 
  r_output_write_count_reg[3]/Q  -       CP->Q  F     DFCND1BWP30P140         5  4.3    28    75      75    (-,-) 
  g37316/Z                       -       A2->Z  F     OR2D1BWP30P140          3  8.2    48    50     124    (-,-) 
  g37746/ZN                      -       B1->ZN R     INR3D6BWP30P140        26 26.6    80    64     188    (-,-) 
  g37150/ZN                      -       I->ZN  F     CKND4BWP30P140         16 15.7    39    31     219    (-,-) 
  g36323/ZN                      -       B1->ZN R     OAI22D1BWP30P140        1  1.8    39    33     252    (-,-) 
  g36113/ZN                      -       B->ZN  F     IAO21D2BWP30P140        1  1.3    14    11     263    (-,-) 
  g35962/ZN                      -       A2->ZN R     ND3D1BWP30P140          2  2.1    24    16     279    (-,-) 
  add_801_69_g483/Z              -       A2->Z  R     AN2D2BWP30P140          2  2.9    14    30     309    (-,-) 
  add_801_69_g480/CO             -       CI->CO R     FA1D1BWP30P140          1  2.6    24    38     347    (-,-) 
  add_801_69_g479/CO             -       CI->CO R     FA1OPTCD2BWP30P140      1  2.6    18    28     376    (-,-) 
  add_801_69_g478/CO             -       CI->CO R     FA1OPTCD2BWP30P140      1  2.6    18    27     402    (-,-) 
  add_801_69_g477/CO             -       CI->CO R     FA1OPTCD1BWP30P140      1  2.1    22    31     434    (-,-) 
  add_801_69_g476/CO             -       CI->CO R     FA1D1BWP30P140          1  2.6    24    40     474    (-,-) 
  add_801_69_g475/CO             -       CI->CO R     FA1OPTCD1BWP30P140      1  2.6    24    34     508    (-,-) 
  add_801_69_g474/CO             -       CI->CO R     FA1OPTCD1BWP30P140      1  2.6    24    34     543    (-,-) 
  add_801_69_g473/CO             -       CI->CO R     FA1OPTCD1BWP30P140      1  2.6    24    34     577    (-,-) 
  add_801_69_g472/CO             -       CI->CO R     FA1OPTCD1BWP30P140      1  2.6    24    34     611    (-,-) 
  add_801_69_g471/CO             -       CI->CO R     FA1OPTCD1BWP30P140      1  2.1    22    33     644    (-,-) 
  add_801_69_g470/CO             -       CI->CO R     FA1D1BWP30P140          1  2.6    24    40     684    (-,-) 
  add_801_69_g469/CO             -       CI->CO R     FA1OPTCD1BWP30P140      1  2.6    24    34     719    (-,-) 
  add_801_69_g468/CO             -       CI->CO R     FA1OPTCD2BWP30P140      1  2.6    18    28     747    (-,-) 
  add_801_69_g467/CO             -       CI->CO R     FA1OPTCD1BWP30P140      1  2.1    22    31     778    (-,-) 
  add_801_69_g466/CO             -       CI->CO R     FA1D1BWP30P140          1  2.1    21    39     817    (-,-) 
  add_801_69_g465/CO             -       CI->CO R     FA1D1BWP30P140          1  2.1    21    39     856    (-,-) 
  add_801_69_g464/CO             -       CI->CO R     FA1D1BWP30P140          1  2.1    21    39     894    (-,-) 
  add_801_69_g463/CO             -       CI->CO R     FA1D1BWP30P140          1  1.4    18    36     930    (-,-) 
  g37747/Z                       -       A1->Z  F     XOR3D2BWP30P140         1  4.8    21    70    1000    (-,-) 
  p_output_data_write[19]        <<<     -      F     (port)                  -    -     -     0    1000    (-,-) 
#-----------------------------------------------------------------------------------------------------------------


