============================================================
  Generated by:           Genus(TM) Synthesis Solution 21.12-s068_1
  Generated on:           Aug 30 2026  07:36:08 pm
  Module:                 Conv
  Library domain:         timing_cond_0p81v_125c
    Domain index:         0
    Technology library:   tcbn28hpcplusbwp30p140ssg0p81v125c 110
  Operating conditions:   ssg0p81v125c 
  Interconnect mode:      global
  Area mode:              physical library
============================================================

                                                                                Library 
        Gate         Instances    Area                   Library                 Domain 
----------------------------------------------------------------------------------------
AN2D0BWP30P140               1      0.504    tcbn28hpcplusbwp30p140ssg0p81v125c       0 
AN2D1BWP30P140              47     23.688    tcbn28hpcplusbwp30p140ssg0p81v125c       0 
AN2D2BWP30P140               1      0.630    tcbn28hpcplusbwp30p140ssg0p81v125c       0 
AN3D0BWP30P140               1      0.630    tcbn28hpcplusbwp30p140ssg0p81v125c       0 
AN3D1BWP30P140               4      2.520    tcbn28hpcplusbwp30p140ssg0p81v125c       0 
AO211D1BWP30P140             3      2.268    tcbn28hpcplusbwp30p140ssg0p81v125c       0 
AO21D1BWP30P140             25     15.750    tcbn28hpcplusbwp30p140ssg0p81v125c       0 
AO22D0BWP30P140             45     34.020    tcbn28hpcplusbwp30p140ssg0p81v125c       0 
AOI211D1BWP30P140            4      2.520    tcbn28hpcplusbwp30p140ssg0p81v125c       0 
AOI21D1BWP30P140            20     10.080    tcbn28hpcplusbwp30p140ssg0p81v125c       0 
AOI221D1BWP30P140           72     54.432    tcbn28hpcplusbwp30p140ssg0p81v125c       0 
AOI222D1BWP30P140          133    134.064    tcbn28hpcplusbwp30p140ssg0p81v125c       0 
AOI22D1BWP30P140           324    204.120    tcbn28hpcplusbwp30p140ssg0p81v125c       0 
AOI32D1BWP30P140             2      1.512    tcbn28hpcplusbwp30p140ssg0p81v125c       0 
CKAN2D1BWP30P140           219    110.376    tcbn28hpcplusbwp30p140ssg0p81v125c       0 
CKBD2BWP30P140               1      0.504    tcbn28hpcplusbwp30p140ssg0p81v125c       0 
CKLNQD1BWP30P140            84    158.760    tcbn28hpcplusbwp30p140ssg0p81v125c       0 
CKMUX2D0BWP30P140           44     38.808    tcbn28hpcplusbwp30p140ssg0p81v125c       0 
CKND1BWP30P140            1185    298.620    tcbn28hpcplusbwp30p140ssg0p81v125c       0 
CKND2BWP30P140               5      1.890    tcbn28hpcplusbwp30p140ssg0p81v125c       0 
CKND2D1BWP30P140           269    101.682    tcbn28hpcplusbwp30p140ssg0p81v125c       0 
CKND4BWP30P140               3      1.890    tcbn28hpcplusbwp30p140ssg0p81v125c       0 
DFCND1BWP30P140             30     75.600    tcbn28hpcplusbwp30p140ssg0p81v125c       0 
DFCNQD1BWP30P140          1484   3365.712    tcbn28hpcplusbwp30p140ssg0p81v125c       0 
DFKCND1BWP30P140            79    169.218    tcbn28hpcplusbwp30p140ssg0p81v125c       0 
DFKCNQD2BWP30P140          281    566.496    tcbn28hpcplusbwp30p140ssg0p81v125c       0 
DFSNQD2BWP30P140             4      9.072    tcbn28hpcplusbwp30p140ssg0p81v125c       0 
EDFCND1BWP30P140             3      9.072    tcbn28hpcplusbwp30p140ssg0p81v125c       0 
EDFCNQD1BWP30P140            4     11.592    tcbn28hpcplusbwp30p140ssg0p81v125c       0 
FA1D1BWP30P140            3303   7075.026    tcbn28hpcplusbwp30p140ssg0p81v125c       0 
FA1OPTCD1BWP30P140           8     20.160    tcbn28hpcplusbwp30p140ssg0p81v125c       0 
FA1OPTCD2BWP30P140           3      9.072    tcbn28hpcplusbwp30p140ssg0p81v125c       0 
HA1D1BWP30P140             189    309.582    tcbn28hpcplusbwp30p140ssg0p81v125c       0 
IAO21D1BWP30P140             7      4.410    tcbn28hpcplusbwp30p140ssg0p81v125c       0 
IAO21D2BWP30P140             1      0.882    tcbn28hpcplusbwp30p140ssg0p81v125c       0 
IND2D1BWP30P140             93     46.872    tcbn28hpcplusbwp30p140ssg0p81v125c       0 
IND3D1BWP30P140              5      3.150    tcbn28hpcplusbwp30p140ssg0p81v125c       0 
IND4D1BWP30P140              3      2.268    tcbn28hpcplusbwp30p140ssg0p81v125c       0 
INR2D1BWP30P140             72     36.288    tcbn28hpcplusbwp30p140ssg0p81v125c       0 
INR3D0BWP30P140             11      6.930    tcbn28hpcplusbwp30p140ssg0p81v125c       0 
INR3D4BWP30P140              1      2.016    tcbn28hpcplusbwp30p140ssg0p81v125c       0 
INR3D6BWP30P140              1      2.772    tcbn28hpcplusbwp30p140ssg0p81v125c       0 
INR4D0BWP30P140              4      3.024    tcbn28hpcplusbwp30p140ssg0p81v125c       0 
INVD0P7BWP30P140             5      1.260    tcbn28hpcplusbwp30p140ssg0p81v125c       0 
INVD1BWP30P140               7      1.764    tcbn28hpcplusbwp30p140ssg0p81v125c       0 
INVD3BWP30P140               1      0.504    tcbn28hpcplusbwp30p140ssg0p81v125c       0 
INVD6BWP30P140               2      1.764    tcbn28hpcplusbwp30p140ssg0p81v125c       0 
INVD8BWP30P140               1      1.134    tcbn28hpcplusbwp30p140ssg0p81v125c       0 
IOA21D1BWP30P140           806    507.780    tcbn28hpcplusbwp30p140ssg0p81v125c       0 
MAOI222D1BWP30P140          65     49.140    tcbn28hpcplusbwp30p140ssg0p81v125c       0 
MAOI22D1BWP30P140           13      9.828    tcbn28hpcplusbwp30p140ssg0p81v125c       0 
MOAI22D1BWP30P140           16     12.096    tcbn28hpcplusbwp30p140ssg0p81v125c       0 
MUX2D0BWP30P140             15     13.230    tcbn28hpcplusbwp30p140ssg0p81v125c       0 
MUX2NUD1BWP30P140            3      2.268    tcbn28hpcplusbwp30p140ssg0p81v125c       0 
ND2D1BWP30P140             285    107.730    tcbn28hpcplusbwp30p140ssg0p81v125c       0 
ND2D2BWP30P140               1      0.630    tcbn28hpcplusbwp30p140ssg0p81v125c       0 
ND2OPTIBD1BWP30P140         48     18.144    tcbn28hpcplusbwp30p140ssg0p81v125c       0 
ND3D1BWP30P140              22     11.088    tcbn28hpcplusbwp30p140ssg0p81v125c       0 
ND4D1BWP30P140               3      1.890    tcbn28hpcplusbwp30p140ssg0p81v125c       0 
NR2D1BWP30P140              39     14.742    tcbn28hpcplusbwp30p140ssg0p81v125c       0 
NR2D2BWP30P140               2      1.260    tcbn28hpcplusbwp30p140ssg0p81v125c       0 
NR2D8BWP30P140               1      2.142    tcbn28hpcplusbwp30p140ssg0p81v125c       0 
NR2OPTD6BWP30P140            2      3.276    tcbn28hpcplusbwp30p140ssg0p81v125c       0 
NR2OPTIBD1BWP30P140        118     44.604    tcbn28hpcplusbwp30p140ssg0p81v125c       0 
NR2OPTIBD6BWP30P140          1      1.638    tcbn28hpcplusbwp30p140ssg0p81v125c       0 
NR3D0BWP30P140              13      6.552    tcbn28hpcplusbwp30p140ssg0p81v125c       0 
NR4D0BWP30P140               1      0.630    tcbn28hpcplusbwp30p140ssg0p81v125c       0 
OA21D1BWP30P140              5      3.150    tcbn28hpcplusbwp30p140ssg0p81v125c       0 
OA22D1BWP30P140              5      4.410    tcbn28hpcplusbwp30p140ssg0p81v125c       0 
OAI211D1BWP30P140            5      3.150    tcbn28hpcplusbwp30p140ssg0p81v125c       0 
OAI21D1BWP30P140           104     52.416    tcbn28hpcplusbwp30p140ssg0p81v125c       0 
OAI221D1BWP30P140            1      0.882    tcbn28hpcplusbwp30p140ssg0p81v125c       0 
OAI222D1BWP30P140           18     18.144    tcbn28hpcplusbwp30p140ssg0p81v125c       0 
OAI22D1BWP30P140           737    464.310    tcbn28hpcplusbwp30p140ssg0p81v125c       0 
OAI31D1BWP30P140            13      8.190    tcbn28hpcplusbwp30p140ssg0p81v125c       0 
OAI32D1BWP30P140             2      1.512    tcbn28hpcplusbwp30p140ssg0p81v125c       0 
OR2D0BWP30P140              34     17.136    tcbn28hpcplusbwp30p140ssg0p81v125c       0 
OR2D1BWP30P140              34     17.136    tcbn28hpcplusbwp30p140ssg0p81v125c       0 
OR2D2BWP30P140               2      1.260    tcbn28hpcplusbwp30p140ssg0p81v125c       0 
OR3D1BWP30P140              11      6.930    tcbn28hpcplusbwp30p140ssg0p81v125c       0 
OR4D1BWP30P140              15     11.340    tcbn28hpcplusbwp30p140ssg0p81v125c       0 
XNR2UD1BWP30P140           768    677.376    tcbn28hpcplusbwp30p140ssg0p81v125c       0 
XNR3UD1BWP30P140            71    125.244    tcbn28hpcplusbwp30p140ssg0p81v125c       0 
XOR2D1BWP30P140              1      1.008    tcbn28hpcplusbwp30p140ssg0p81v125c       0 
XOR2UD1BWP30P140           298    262.836    tcbn28hpcplusbwp30p140ssg0p81v125c       0 
XOR3D2BWP30P140              1      2.016    tcbn28hpcplusbwp30p140ssg0p81v125c       0 
XOR3UD1BWP30P140            97    171.108    tcbn28hpcplusbwp30p140ssg0p81v125c       0 
XOR4D0BWP30P140              3      7.938    tcbn28hpcplusbwp30p140ssg0p81v125c       0 
XOR4D1BWP30P140              9     23.814    tcbn28hpcplusbwp30p140ssg0p81v125c       0 
----------------------------------------------------------------------------------------
total                    11782  15624.882                                       


                                                        
            Type             Instances    Area   Area % 
--------------------------------------------------------
sequential                        1885  4206.762   26.9 
inverter                          1209   308.826    2.0 
buffer                               1     0.504    0.0 
clock_gating_integrated_cell        84   158.760    1.0 
logic                             8603 10950.030   70.1 
physical_cells                       0     0.000    0.0 
--------------------------------------------------------
total                            11782 15624.882  100.0 

