============================================================
  Generated by:           Genus(TM) Synthesis Solution 22.15-s086_1
  Generated on:           Mar 24 2025  10:28:20 pm
  Module:                 conv_rapida
  Operating conditions:   ssg0p81v125c 
  Interconnect mode:      global
  Area mode:              physical library
============================================================


Path 1: MET (6 ps) Setup Check with Pin registers_reg[3][19]/CP->D
           View: analysis_view_0p81v_125c_capwst_slowest
          Group: clk
     Startpoint: (R) EA_reg[3]/CP
          Clock: (R) clk
       Endpoint: (F) registers_reg[3][19]/D
          Clock: (R) clk

                     Capture       Launch     
        Clock Edge:+    2000            0     
       Src Latency:+       0            0     
       Net Latency:+       0 (I)        0 (I) 
           Arrival:=    2000            0     
                                              
             Setup:-      16                  
     Required Time:=    1984                  
      Launch Clock:-       0                  
         Data Path:-    1978                  
             Slack:=       6                  

#-----------------------------------------------------------------------------------------------------------
#     Timing Point       Flags    Arc   Edge        Cell          Fanout  Load Trans Delay Arrival Instance 
#                                                                         (fF)  (ps)  (ps)   (ps)  Location 
#-----------------------------------------------------------------------------------------------------------
  EA_reg[3]/CP           -       -      R     (arrival)                3     -     0     0       0    (-,-) 
  EA_reg[3]/Q            -       CP->Q  F     DFCND1BWP30P140          5   4.6    29    76      76    (-,-) 
  g16132/ZN              -       A2->ZN R     NR2OPTIBD1BWP30P140      1   2.0    27    28     103    (-,-) 
  g16124/Z               -       B->Z   R     OA21D4BWP30P140         48  41.0    57    63     166    (-,-) 
  g16120/ZN              -       I->ZN  F     INVD3BWP30P140         133 107.2   186   123     289    (-,-) 
  g15879/ZN              -       A1->ZN R     AOI22D1BWP30P140         1   1.8    66    62     351    (-,-) 
  g15613/ZN              -       A1->ZN F     ND2D2BWP30P140          28  25.8   143    98     449    (-,-) 
  mul_91_70_g4878/ZN     -       I->ZN  R     CKND1BWP30P140           3   4.1    58    57     506    (-,-) 
  mul_91_70_g4836/S      -       A->S   F     HA1D1BWP30P140           2   2.1    20    49     555    (-,-) 
  mul_91_70_g4834/ZN     -       B1->ZN R     INR2D1BWP30P140         22  19.5   186   114     669    (-,-) 
  mul_91_70_g4770/ZN     -       A1->ZN F     OAI21D1BWP30P140         1   1.8    66    42     711    (-,-) 
  mul_91_70_g4686/ZN     -       A1->ZN R     XNR2UD1BWP30P140         1   2.5    68    39     749    (-,-) 
  mul_91_70_g4631/S      -       B->S   F     HA1D1BWP30P140           1   2.7    24    45     795    (-,-) 
  mul_91_70_cdnfadd3/CO  -       A->CO  F     FA1D1BWP30P140           1   2.1    22    52     846    (-,-) 
  mul_91_70_cdnfadd4/CO  -       CI->CO F     FA1D1BWP30P140           1   2.1    22    43     890    (-,-) 
  mul_91_70_cdnfadd5/CO  -       CI->CO F     FA1D1BWP30P140           1   2.1    22    43     933    (-,-) 
  mul_91_70_cdnfadd6/CO  -       CI->CO F     FA1D1BWP30P140           1   2.1    22    43     977    (-,-) 
  mul_91_70_cdnfadd7/CO  -       CI->CO F     FA1D1BWP30P140           1   2.1    22    43    1020    (-,-) 
  mul_91_70_cdnfadd8/CO  -       CI->CO F     FA1D1BWP30P140           1   2.1    22    43    1063    (-,-) 
  mul_91_70_cdnfadd9/CO  -       CI->CO F     FA1D1BWP30P140           1   2.1    22    43    1107    (-,-) 
  mul_91_70_cdnfadd10/CO -       CI->CO F     FA1D1BWP30P140           1   2.1    22    44    1150    (-,-) 
  mul_91_70_cdnfadd11/CO -       CI->CO F     FA1D1BWP30P140           1   2.1    22    44    1194    (-,-) 
  mul_91_70_cdnfadd12/CO -       CI->CO F     FA1D1BWP30P140           1   2.1    22    44    1238    (-,-) 
  mul_91_70_cdnfadd13/CO -       CI->CO F     FA1D1BWP30P140           1   2.1    21    44    1281    (-,-) 
  mul_91_70_cdnfadd14/CO -       CI->CO F     FA1D1BWP30P140           1   2.1    21    43    1324    (-,-) 
  mul_91_70_cdnfadd15/CO -       CI->CO F     FA1D1BWP30P140           1   2.1    21    43    1368    (-,-) 
  mul_91_70_cdnfadd16/CO -       CI->CO F     FA1D1BWP30P140           1   2.1    21    43    1411    (-,-) 
  mul_91_70_cdnfadd17/CO -       CI->CO F     FA1D1BWP30P140           1   2.1    21    43    1454    (-,-) 
  mul_91_70_cdnfadd18/CO -       CI->CO F     FA1D1BWP30P140           1   2.1    21    43    1498    (-,-) 
  mul_91_70_cdnfadd19/CO -       CI->CO F     FA1D1BWP30P140           1   2.1    21    43    1541    (-,-) 
  mul_91_70_cdnfadd20/CO -       CI->CO F     FA1D1BWP30P140           1   2.1    21    43    1584    (-,-) 
  mul_91_70_cdnfadd21/CO -       CI->CO F     FA1D1BWP30P140           1   2.1    21    43    1628    (-,-) 
  mul_91_70_cdnfadd22/CO -       CI->CO F     FA1D1BWP30P140           1   2.1    22    43    1671    (-,-) 
  mul_91_70_cdnfadd23/CO -       CI->CO F     FA1D1BWP30P140           1   2.1    21    43    1714    (-,-) 
  mul_91_70_cdnfadd24/CO -       CI->CO F     FA1D1BWP30P140           1   2.1    21    43    1758    (-,-) 
  mul_91_70_cdnfadd25/CO -       CI->CO F     FA1D1BWP30P140           1   2.1    22    43    1801    (-,-) 
  mul_91_70_cdnfadd26/CO -       CI->CO F     FA1D1BWP30P140           1   1.3    18    40    1841    (-,-) 
  mul_91_70_g4886/ZN     -       A3->ZN F     XNR3UD1BWP30P140         4   4.1    52    46    1887    (-,-) 
  g22577/ZN              -       B1->ZN R     AOI222D1BWP30P140        1   1.3   124    53    1939    (-,-) 
  g22291/ZN              -       A1->ZN F     ND3D1BWP30P140           1   1.3    54    38    1978    (-,-) 
  registers_reg[3][19]/D <<<     -      F     DFCNQD1BWP30P140         1     -     -     0    1978    (-,-) 
#-----------------------------------------------------------------------------------------------------------


