============================================================
  Generated by:           Genus(TM) Synthesis Solution 21.12-s068_1
  Generated on:           Oct 06 2026  10:03:28 pm
  Module:                 Conv
  Operating conditions:   ssg0p81v125c 
  Interconnect mode:      global
  Area mode:              physical library
============================================================


Path 1: MET (7 ps) Late External Delay Assertion at pin p_output_data_write[31]
           View: analysis_view_0p81v_125c_capwst_slowest
          Group: clk
     Startpoint: (R) r_output_write_count_reg[1]/CP
          Clock: (R) clk
       Endpoint: (F) p_output_data_write[31]
          Clock: (R) clk

                     Capture       Launch     
        Clock Edge:+    2000            0     
       Src Latency:+       0            0     
       Net Latency:+       0 (I)        0 (I) 
           Arrival:=    2000            0     
                                              
      Output Delay:-    1000                  
     Required Time:=    1000                  
      Launch Clock:-       0                  
         Data Path:-     993                  
             Slack:=       7                  

Exceptions/Constraints:
  output_delay             1000            constraints.sdc_line_25_182_1 

#----------------------------------------------------------------------------------------------------------------
#         Timing Point           Flags    Arc   Edge       Cell         Fanout Load Trans Delay Arrival Instance 
#                                                                              (fF)  (ps)  (ps)   (ps)  Location 
#----------------------------------------------------------------------------------------------------------------
  r_output_write_count_reg[1]/CP -       -      R     (arrival)              4    -     0     0       0    (-,-) 
  r_output_write_count_reg[1]/Q  -       CP->Q  F     DFCNQD2BWP30P140      36 34.0    88   108     108    (-,-) 
  g153325/CO                     -       B->CO  F     HA1D2BWP30P140        59 51.7   137   109     217    (-,-) 
  g124107/ZN                     -       I->ZN  R     CKND1BWP30P140        12 11.3    93    90     307    (-,-) 
  g123300/ZN                     -       A1->ZN F     OAI211D1BWP30P140      1  2.6    68    53     360    (-,-) 
  add_1011_76_I2_g379/CO         -       B->CO  F     FA1D1BWP30P140         1  2.1    22    66     426    (-,-) 
  add_1011_76_I2_g378/CO         -       CI->CO F     FA1D1BWP30P140         1  2.1    22    44     469    (-,-) 
  add_1011_76_I2_g377/CO         -       CI->CO F     FA1D1BWP30P140         1  2.1    22    44     513    (-,-) 
  add_1011_76_I2_g376/CO         -       CI->CO F     FA1D1BWP30P140         1  2.1    21    44     556    (-,-) 
  add_1011_76_I2_g375/CO         -       CI->CO F     FA1D1BWP30P140         1  2.1    21    43     600    (-,-) 
  add_1011_76_I2_g374/CO         -       CI->CO F     FA1D1BWP30P140         1  2.1    21    43     643    (-,-) 
  add_1011_76_I2_g373/CO         -       CI->CO F     FA1D1BWP30P140         1  2.1    21    43     686    (-,-) 
  add_1011_76_I2_g372/CO         -       CI->CO F     FA1D1BWP30P140         1  2.1    21    43     730    (-,-) 
  add_1011_76_I2_g371/CO         -       CI->CO F     FA1D1BWP30P140         1  2.1    21    43     773    (-,-) 
  add_1011_76_I2_g370/CO         -       CI->CO F     FA1D1BWP30P140         1  2.1    21    43     816    (-,-) 
  add_1011_76_I2_g369/CO         -       CI->CO F     FA1D1BWP30P140         1  2.1    21    43     860    (-,-) 
  add_1011_76_I2_g368/CO         -       CI->CO F     FA1D1BWP30P140         1  2.1    21    43     903    (-,-) 
  add_1011_76_I2_g367/CO         -       CI->CO F     FA1D1BWP30P140         1  1.3    18    40     943    (-,-) 
  add_1011_76_I2_g366/Z          -       A3->Z  F     XOR3UD1BWP30P140       1  4.8    58    50     992    (-,-) 
  p_output_data_write[31]        <<<     -      F     (port)                 -    -     -     0     993    (-,-) 
#----------------------------------------------------------------------------------------------------------------


