============================================================
  Generated by:           Genus(TM) Synthesis Solution 21.12-s068_1
  Generated on:           Feb 03 2026  04:08:57 am
  Module:                 System
  Operating conditions:   ssg0p81v125c 
  Operating conditions:   tt0p9v25c 
  Interconnect mode:      global
  Area mode:              physical library
============================================================


Path 1: MET (218 ps) Late External Delay Assertion at pin p_output_data_write[0][19]
           View: analysis_view_0p90v_25c_captyp_nominal
          Group: clk
     Startpoint: (R) control/r_addr_count_write_out_reg[0]/CP
          Clock: (R) clk
       Endpoint: (R) p_output_data_write[0][19]
          Clock: (R) clk

                     Capture       Launch     
        Clock Edge:+    2000            0     
       Src Latency:+       0            0     
       Net Latency:+       0 (I)        0 (I) 
           Arrival:=    2000            0     
                                              
      Output Delay:-    1000                  
     Required Time:=    1000                  
      Launch Clock:-       0                  
         Data Path:-     782                  
             Slack:=     218                  

Exceptions/Constraints:
  output_delay             1000            tmp_sdc_analysis_vie_line_519 

#---------------------------------------------------------------------------------------------------------------------------
#              Timing Point                Flags    Arc   Edge        Cell         Fanout Load Trans Delay Arrival Instance 
#                                                                                         (fF)  (ps)  (ps)   (ps)  Location 
#---------------------------------------------------------------------------------------------------------------------------
  control/r_addr_count_write_out_reg[0]/CP -       -      R     (arrival)              60    -     0     0       0    (-,-) 
  control/r_addr_count_write_out_reg[0]/QN -       CP->QN F     DFKCND2BWP30P140        2  6.6    17    59      59    (-,-) 
  control/g45678__4319/ZN                  -       A2->ZN R     NR2D4BWP30P140         70 78.2   142    89     147    (-,-) 
  control/g45448__8246/ZN                  -       B1->ZN F     AOI22D1BWP30P140        1  1.4    48    33     181    (-,-) 
  control/g45348__4319/ZN                  -       A1->ZN R     CKND2D1BWP30P140        1  2.6    28    29     210    (-,-) 
  control/add_1044_62_I1_g1262/CO          -       A->CO  R     HA1D1BWP30P140          1  2.3    14    25     235    (-,-) 
  control/add_1044_62_I1_g1261/CO          -       CI->CO R     FA1D1BWP30P140          1  2.3    16    29     264    (-,-) 
  control/add_1044_62_I1_g1260/CO          -       CI->CO R     FA1D2BWP30P140          1  2.8    13    29     292    (-,-) 
  control/add_1044_62_I1_g1259/CO          -       CI->CO R     FA1OPTCD1BWP30P140      1  2.3    17    24     316    (-,-) 
  control/add_1044_62_I1_g1258/CO          -       CI->CO R     FA1D2BWP30P140          2  3.2    14    30     346    (-,-) 
  control/add_1044_62_I1_g1256/ZN          -       A1->ZN F     AOI21D1BWP30P140        2  3.1    30    22     368    (-,-) 
  control/add_1044_62_I1_g2/Z              -       A1->Z  F     OA21D1BWP30P140         2  3.0    16    27     396    (-,-) 
  control/add_1044_62_I1_g1251/ZN          -       A1->ZN R     OAI21D0P7BWP30P140      3  4.2    48    34     430    (-,-) 
  control/add_1044_62_I1_g1249/Z           -       A1->Z  R     AO21D1BWP30P140         1  2.3    14    27     457    (-,-) 
  control/add_1044_62_I1_g1246/CO          -       CI->CO R     FA1D1BWP30P140          1  2.8    18    30     487    (-,-) 
  control/add_1044_62_I1_g1245/CO          -       CI->CO R     FA1OPTCD1BWP30P140      1  2.3    17    25     512    (-,-) 
  control/add_1044_62_I1_g1244/CO          -       CI->CO R     FA1D1BWP30P140          1  2.3    17    30     542    (-,-) 
  control/add_1044_62_I1_g1243/CO          -       CI->CO R     FA1D1BWP30P140          1  2.3    17    30     571    (-,-) 
  control/add_1044_62_I1_g1242/CO          -       CI->CO R     FA1D1BWP30P140          1  2.3    17    30     601    (-,-) 
  control/add_1044_62_I1_g1241/CO          -       CI->CO R     FA1D1BWP30P140          1  2.3    17    30     630    (-,-) 
  control/add_1044_62_I1_g1240/CO          -       CI->CO R     FA1D1BWP30P140          1  2.3    17    30     660    (-,-) 
  control/add_1044_62_I1_g1239/CO          -       CI->CO R     FA1D1BWP30P140          1  2.3    17    30     689    (-,-) 
  control/add_1044_62_I1_g1238/CO          -       CI->CO R     FA1D1BWP30P140          1  1.6    14    27     717    (-,-) 
  control/add_1044_62_I1_g1237/Z           -       A3->Z  R     XOR3UD1BWP30P140        1  1.5    23    28     744    (-,-) 
  control/g41787__7410/ZN                  -       A1->ZN R     INR2D1BWP30P140         1  5.0    83    37     781    (-,-) 
  p_output_data_write[0][19]               <<<     -      R     (port)                  -    -     -     0     782    (-,-) 
#---------------------------------------------------------------------------------------------------------------------------


