============================================================
  Generated by:           Genus(TM) Synthesis Solution 21.12-s068_1
  Generated on:           Oct 05 2026  06:45:36 pm
  Module:                 Conv
  Operating conditions:   ssg0p81v125c 
  Operating conditions:   tt0p9v25c 
  Interconnect mode:      global
  Area mode:              physical library
============================================================


Path 1: MET (225 ps) Late External Delay Assertion at pin p_output_data_write[79]
           View: analysis_view_0p90v_25c_captyp_nominal
          Group: clk
     Startpoint: (R) r_output_write_count_reg[0]/CP
          Clock: (R) clk
       Endpoint: (R) p_output_data_write[79]
          Clock: (R) clk

                     Capture       Launch     
        Clock Edge:+    2000            0     
       Src Latency:+       0            0     
       Net Latency:+       0 (I)        0 (I) 
           Arrival:=    2000            0     
                                              
      Output Delay:-    1000                  
     Required Time:=    1000                  
      Launch Clock:-       0                  
         Data Path:-     775                  
             Slack:=     225                  

Exceptions/Constraints:
  output_delay             1000            tmp_sdc_analysis_vie_line_765 

#------------------------------------------------------------------------------------------------------------------
#         Timing Point           Flags    Arc   Edge        Cell         Fanout  Load Trans Delay Arrival Instance 
#                                                                                (fF)  (ps)  (ps)   (ps)  Location 
#------------------------------------------------------------------------------------------------------------------
  r_output_write_count_reg[0]/CP -       -      R     (arrival)               4     -     0     0       0    (-,-) 
  r_output_write_count_reg[0]/Q  -       CP->Q  F     DFCNQD1BWP30P140        6  12.6    54    73      73    (-,-) 
  g138917/ZN                     -       A1->ZN R     NR2OPTD12BWP30P140    161 172.3   115    84     156    (-,-) 
  g138168/ZN                     -       A1->ZN F     AOI22D1BWP30P140        1   1.5    44    25     182    (-,-) 
  g138047/ZN                     -       A1->ZN R     ND2D1BWP30P140          1   2.7    22    22     203    (-,-) 
  add_1007_76_I4_g481/CO         -       B->CO  R     HA1D1BWP30P140          1   2.3    14    24     227    (-,-) 
  add_1007_76_I4_g480/CO         -       CI->CO R     FA1D1BWP30P140          1   2.3    16    29     256    (-,-) 
  add_1007_76_I4_g479/CO         -       CI->CO R     FA1D1BWP30P140          1   2.3    16    29     285    (-,-) 
  add_1007_76_I4_g478/CO         -       CI->CO R     FA1D2BWP30P140          1   2.8    13    29     314    (-,-) 
  add_1007_76_I4_g477/CO         -       CI->CO R     FA1OPTCD1BWP30P140      1   2.3    17    24     338    (-,-) 
  add_1007_76_I4_g476/CO         -       CI->CO R     FA1D1BWP30P140          1   2.8    18    31     369    (-,-) 
  add_1007_76_I4_g475/CO         -       CI->CO R     FA1OPTCD1BWP30P140      1   2.3    17    25     394    (-,-) 
  add_1007_76_I4_g474/CO         -       CI->CO R     FA1D1BWP30P140          1   2.8    18    31     425    (-,-) 
  add_1007_76_I4_g473/CO         -       CI->CO R     FA1OPTCD1BWP30P140      1   2.8    19    26     451    (-,-) 
  add_1007_76_I4_g472/CO         -       CI->CO R     FA1OPTCD1BWP30P140      1   2.8    19    26     478    (-,-) 
  add_1007_76_I4_g471/CO         -       CI->CO R     FA1OPTCD1BWP30P140      1   2.8    19    26     504    (-,-) 
  add_1007_76_I4_g470/CO         -       CI->CO R     FA1OPTCD1BWP30P140      1   2.8    19    26     531    (-,-) 
  add_1007_76_I4_g469/CO         -       CI->CO R     FA1OPTCD1BWP30P140      1   2.3    17    25     556    (-,-) 
  add_1007_76_I4_g468/CO         -       CI->CO R     FA1D1BWP30P140          1   2.3    17    30     586    (-,-) 
  add_1007_76_I4_g467/CO         -       CI->CO R     FA1D1BWP30P140          1   2.3    17    30     615    (-,-) 
  add_1007_76_I4_g466/CO         -       CI->CO R     FA1D1BWP30P140          1   2.3    17    30     645    (-,-) 
  add_1007_76_I4_g465/CO         -       CI->CO R     FA1D1BWP30P140          1   2.3    17    30     674    (-,-) 
  add_1007_76_I4_g464/CO         -       CI->CO R     FA1D1BWP30P140          1   2.3    17    30     704    (-,-) 
  add_1007_76_I4_g463/CO         -       CI->CO R     FA1D1BWP30P140          1   1.6    14    27     731    (-,-) 
  add_1007_76_I4_g462/Z          -       A3->Z  R     XOR3UD1BWP30P140        1   5.0    50    43     774    (-,-) 
  p_output_data_write[79]        <<<     -      R     (port)                  -     -     -     0     775    (-,-) 
#------------------------------------------------------------------------------------------------------------------


