============================================================
  Generated by:           Genus(TM) Synthesis Solution 21.12-s068_1
  Generated on:           Oct 05 2026  06:45:26 pm
  Module:                 Conv
  Library domain:         timing_cond_0p81v_125c
    Domain index:         0
    Technology library:   tcbn28hpcplusbwp30p140ssg0p81v125c 110
  Operating conditions:   ssg0p81v125c 
  Interconnect mode:      global
  Area mode:              physical library
============================================================

                                                                                Library 
        Gate         Instances    Area                   Library                 Domain 
----------------------------------------------------------------------------------------
AN2D1BWP30P140              28     14.112    tcbn28hpcplusbwp30p140ssg0p81v125c       0 
AN3D0BWP30P140               1      0.630    tcbn28hpcplusbwp30p140ssg0p81v125c       0 
AN3D1BWP30P140              65     40.950    tcbn28hpcplusbwp30p140ssg0p81v125c       0 
AN3D4BWP30P140               1      1.386    tcbn28hpcplusbwp30p140ssg0p81v125c       0 
AN4D1BWP30P140              16     12.096    tcbn28hpcplusbwp30p140ssg0p81v125c       0 
AO211D1BWP30P140             5      3.780    tcbn28hpcplusbwp30p140ssg0p81v125c       0 
AO21D1BWP30P140             21     13.230    tcbn28hpcplusbwp30p140ssg0p81v125c       0 
AO22D0BWP30P140           1795   1357.020    tcbn28hpcplusbwp30p140ssg0p81v125c       0 
AOI211D1BWP30P140            6      3.780    tcbn28hpcplusbwp30p140ssg0p81v125c       0 
AOI21D1BWP30P140            57     28.728    tcbn28hpcplusbwp30p140ssg0p81v125c       0 
AOI221D1BWP30P140         1498   1132.488    tcbn28hpcplusbwp30p140ssg0p81v125c       0 
AOI222D1BWP30P140          163    164.304    tcbn28hpcplusbwp30p140ssg0p81v125c       0 
AOI22D0P7BWP30P140          11      6.930    tcbn28hpcplusbwp30p140ssg0p81v125c       0 
AOI22D1BWP30P140          2262   1425.060    tcbn28hpcplusbwp30p140ssg0p81v125c       0 
AOI31D1BWP30P140             5      3.150    tcbn28hpcplusbwp30p140ssg0p81v125c       0 
AOI32D1BWP30P140             4      3.024    tcbn28hpcplusbwp30p140ssg0p81v125c       0 
AOI33D1BWP30P140             1      0.882    tcbn28hpcplusbwp30p140ssg0p81v125c       0 
BUFFD12BWP30P140             2      4.284    tcbn28hpcplusbwp30p140ssg0p81v125c       0 
BUFFD3BWP30P140              1      0.630    tcbn28hpcplusbwp30p140ssg0p81v125c       0 
BUFFD4BWP30P140              1      0.882    tcbn28hpcplusbwp30p140ssg0p81v125c       0 
CKAN2D1BWP30P140          1567    789.768    tcbn28hpcplusbwp30p140ssg0p81v125c       0 
CKAN2D8BWP30P140             5      6.930    tcbn28hpcplusbwp30p140ssg0p81v125c       0 
CKBD1BWP30P140               1      0.378    tcbn28hpcplusbwp30p140ssg0p81v125c       0 
CKBD2BWP30P140               4      2.016    tcbn28hpcplusbwp30p140ssg0p81v125c       0 
CKLNQD1BWP30P140            49     92.610    tcbn28hpcplusbwp30p140ssg0p81v125c       0 
CKMUX2D0BWP30P140          579    510.678    tcbn28hpcplusbwp30p140ssg0p81v125c       0 
CKND1BWP30P140            2491    627.732    tcbn28hpcplusbwp30p140ssg0p81v125c       0 
CKND2BWP30P140               2      0.756    tcbn28hpcplusbwp30p140ssg0p81v125c       0 
CKND2D1BWP30P140           457    172.746    tcbn28hpcplusbwp30p140ssg0p81v125c       0 
CKND4BWP30P140               1      0.630    tcbn28hpcplusbwp30p140ssg0p81v125c       0 
DFCND1BWP30P140             34     85.680    tcbn28hpcplusbwp30p140ssg0p81v125c       0 
DFCNQD1BWP30P140          2773   6289.164    tcbn28hpcplusbwp30p140ssg0p81v125c       0 
DFCNQD2BWP30P140             2      5.292    tcbn28hpcplusbwp30p140ssg0p81v125c       0 
DFSNQD2BWP30P140             1      2.268    tcbn28hpcplusbwp30p140ssg0p81v125c       0 
EDFCND1BWP30P140             3      9.072    tcbn28hpcplusbwp30p140ssg0p81v125c       0 
EDFCNQD1BWP30P140           12     34.776    tcbn28hpcplusbwp30p140ssg0p81v125c       0 
FA1D1BWP30P140            7440  15936.480    tcbn28hpcplusbwp30p140ssg0p81v125c       0 
FA1D2BWP30P140               4      9.576    tcbn28hpcplusbwp30p140ssg0p81v125c       0 
FA1OPTCD1BWP30P140          28     70.560    tcbn28hpcplusbwp30p140ssg0p81v125c       0 
HA1D1BWP30P140             428    701.064    tcbn28hpcplusbwp30p140ssg0p81v125c       0 
IAO21D1BWP30P140             4      2.520    tcbn28hpcplusbwp30p140ssg0p81v125c       0 
IND2D1BWP30P140             70     35.280    tcbn28hpcplusbwp30p140ssg0p81v125c       0 
IND3D1BWP30P140              5      3.150    tcbn28hpcplusbwp30p140ssg0p81v125c       0 
IND4D1BWP30P140              4      3.024    tcbn28hpcplusbwp30p140ssg0p81v125c       0 
INR2D1BWP30P140            383    193.032    tcbn28hpcplusbwp30p140ssg0p81v125c       0 
INR2D6BWP30P140              1      1.890    tcbn28hpcplusbwp30p140ssg0p81v125c       0 
INR3D0BWP30P140              8      5.040    tcbn28hpcplusbwp30p140ssg0p81v125c       0 
INR4D0BWP30P140              2      1.512    tcbn28hpcplusbwp30p140ssg0p81v125c       0 
INVD0P7BWP30P140            34      8.568    tcbn28hpcplusbwp30p140ssg0p81v125c       0 
INVD1BWP30P140               8      2.016    tcbn28hpcplusbwp30p140ssg0p81v125c       0 
INVD3BWP30P140               1      0.504    tcbn28hpcplusbwp30p140ssg0p81v125c       0 
INVD8BWP30P140               1      1.134    tcbn28hpcplusbwp30p140ssg0p81v125c       0 
IOA21D1BWP30P140           590    371.700    tcbn28hpcplusbwp30p140ssg0p81v125c       0 
MAOI222D1BWP30P140          42     31.752    tcbn28hpcplusbwp30p140ssg0p81v125c       0 
MAOI22D1BWP30P140            5      3.780    tcbn28hpcplusbwp30p140ssg0p81v125c       0 
MOAI22D1BWP30P140            4      3.024    tcbn28hpcplusbwp30p140ssg0p81v125c       0 
MUX2D0BWP30P140              8      7.056    tcbn28hpcplusbwp30p140ssg0p81v125c       0 
MUX2NUD1BWP30P140           14     10.584    tcbn28hpcplusbwp30p140ssg0p81v125c       0 
MUX3NUD1BWP30P140            1      1.638    tcbn28hpcplusbwp30p140ssg0p81v125c       0 
ND2D1BWP30P140             848    320.544    tcbn28hpcplusbwp30p140ssg0p81v125c       0 
ND2OPTIBD1BWP30P140         28     10.584    tcbn28hpcplusbwp30p140ssg0p81v125c       0 
ND3D1BWP30P140             100     50.400    tcbn28hpcplusbwp30p140ssg0p81v125c       0 
ND4D1BWP30P140               2      1.260    tcbn28hpcplusbwp30p140ssg0p81v125c       0 
NR2D1BWP30P140              87     32.886    tcbn28hpcplusbwp30p140ssg0p81v125c       0 
NR2D2BWP30P140               2      1.260    tcbn28hpcplusbwp30p140ssg0p81v125c       0 
NR2D4BWP30P140               1      1.134    tcbn28hpcplusbwp30p140ssg0p81v125c       0 
NR2D6BWP30P140               1      1.638    tcbn28hpcplusbwp30p140ssg0p81v125c       0 
NR2OPTD12BWP30P140           1      3.150    tcbn28hpcplusbwp30p140ssg0p81v125c       0 
NR2OPTD6BWP30P140            4      6.552    tcbn28hpcplusbwp30p140ssg0p81v125c       0 
NR2OPTIBD1BWP30P140         83     31.374    tcbn28hpcplusbwp30p140ssg0p81v125c       0 
NR3D0BWP30P140              27     13.608    tcbn28hpcplusbwp30p140ssg0p81v125c       0 
NR3D0P7BWP30P140            83     41.832    tcbn28hpcplusbwp30p140ssg0p81v125c       0 
NR4D0BWP30P140              17     10.710    tcbn28hpcplusbwp30p140ssg0p81v125c       0 
OA211D1BWP30P140             4      3.024    tcbn28hpcplusbwp30p140ssg0p81v125c       0 
OA21D1BWP30P140             16     10.080    tcbn28hpcplusbwp30p140ssg0p81v125c       0 
OAI211D1BWP30P140          189    119.070    tcbn28hpcplusbwp30p140ssg0p81v125c       0 
OAI21D0P7BWP30P140           1      0.504    tcbn28hpcplusbwp30p140ssg0p81v125c       0 
OAI21D1BWP30P140           343    172.872    tcbn28hpcplusbwp30p140ssg0p81v125c       0 
OAI221D1BWP30P140           11      9.702    tcbn28hpcplusbwp30p140ssg0p81v125c       0 
OAI222D1BWP30P140           85     85.680    tcbn28hpcplusbwp30p140ssg0p81v125c       0 
OAI22D1BWP30P140             7      4.410    tcbn28hpcplusbwp30p140ssg0p81v125c       0 
OAI31D1BWP30P140             7      4.410    tcbn28hpcplusbwp30p140ssg0p81v125c       0 
OAI32D1BWP30P140             5      3.780    tcbn28hpcplusbwp30p140ssg0p81v125c       0 
OAI33D1BWP30P140            19     16.758    tcbn28hpcplusbwp30p140ssg0p81v125c       0 
OR2D0BWP30P140              25     12.600    tcbn28hpcplusbwp30p140ssg0p81v125c       0 
OR2D1BWP30P140              74     37.296    tcbn28hpcplusbwp30p140ssg0p81v125c       0 
OR2D2BWP30P140               4      2.520    tcbn28hpcplusbwp30p140ssg0p81v125c       0 
OR2D4BWP30P140               1      1.134    tcbn28hpcplusbwp30p140ssg0p81v125c       0 
OR3D1BWP30P140               5      3.150    tcbn28hpcplusbwp30p140ssg0p81v125c       0 
OR4D1BWP30P140               3      2.268    tcbn28hpcplusbwp30p140ssg0p81v125c       0 
SDFCNQARD1BWP30P140         82    237.636    tcbn28hpcplusbwp30p140ssg0p81v125c       0 
SDFCNQD0BWP30P140           41    118.818    tcbn28hpcplusbwp30p140ssg0p81v125c       0 
SDFSNQD2BWP30P140            2      5.796    tcbn28hpcplusbwp30p140ssg0p81v125c       0 
XNR2UD1BWP30P140          1829   1613.178    tcbn28hpcplusbwp30p140ssg0p81v125c       0 
XNR3UD1BWP30P140            97    171.108    tcbn28hpcplusbwp30p140ssg0p81v125c       0 
XNR4D1BWP30P140             55    145.530    tcbn28hpcplusbwp30p140ssg0p81v125c       0 
XOR2UD1BWP30P140           450    396.900    tcbn28hpcplusbwp30p140ssg0p81v125c       0 
XOR3UD1BWP30P140           115    202.860    tcbn28hpcplusbwp30p140ssg0p81v125c       0 
XOR4D0BWP30P140             35     92.610    tcbn28hpcplusbwp30p140ssg0p81v125c       0 
XOR4D1BWP30P140              7     18.522    tcbn28hpcplusbwp30p140ssg0p81v125c       0 
----------------------------------------------------------------------------------------
total                    27805  34271.874                                       


                                                        
            Type             Instances    Area   Area % 
--------------------------------------------------------
sequential                        2950  6788.502   19.8 
inverter                          2538   641.340    1.9 
buffer                               9     8.190    0.0 
clock_gating_integrated_cell        49    92.610    0.3 
logic                            22259 26741.232   78.0 
physical_cells                       0     0.000    0.0 
--------------------------------------------------------
total                            27805 34271.874  100.0 

