============================================================
  Generated by:           Genus(TM) Synthesis Solution 21.12-s068_1
  Generated on:           Oct 05 2026  06:45:27 pm
  Module:                 Conv
  Operating conditions:   ssg0p81v125c 
  Interconnect mode:      global
  Area mode:              physical library
============================================================


Path 1: MET (0 ps) Late External Delay Assertion at pin p_output_data_write[79]
           View: analysis_view_0p81v_125c_capwst_slowest
          Group: clk
     Startpoint: (R) r_output_write_count_reg[0]/CP
          Clock: (R) clk
       Endpoint: (F) p_output_data_write[79]
          Clock: (R) clk

                     Capture       Launch     
        Clock Edge:+    2000            0     
       Src Latency:+       0            0     
       Net Latency:+       0 (I)        0 (I) 
           Arrival:=    2000            0     
                                              
      Output Delay:-    1000                  
     Required Time:=    1000                  
      Launch Clock:-       0                  
         Data Path:-    1000                  
             Slack:=       0                  

Exceptions/Constraints:
  output_delay             1000            constraints.sdc_line_25_238_1 

#------------------------------------------------------------------------------------------------------------------
#         Timing Point           Flags    Arc   Edge        Cell         Fanout  Load Trans Delay Arrival Instance 
#                                                                                (fF)  (ps)  (ps)   (ps)  Location 
#------------------------------------------------------------------------------------------------------------------
  r_output_write_count_reg[0]/CP -       -      R     (arrival)               4     -     0     0       0    (-,-) 
  r_output_write_count_reg[0]/Q  -       CP->Q  F     DFCNQD1BWP30P140        6  11.5    65    91      91    (-,-) 
  g139028/ZN                     -       A1->ZN F     INR2D1BWP30P140         9   9.7    59    62     154    (-,-) 
  g138708/Z                      -       I->Z   F     BUFFD12BWP30P140      147 126.7    58    59     213    (-,-) 
  g137168/ZN                     -       B1->ZN R     AOI22D1BWP30P140        1   1.3    36    38     251    (-,-) 
  g137019/ZN                     -       A2->ZN F     ND2D1BWP30P140          1   2.7    36    29     280    (-,-) 
  add_1007_76_I4_g479/CO         -       A->CO  F     FA1D1BWP30P140          1   2.1    22    56     336    (-,-) 
  add_1007_76_I4_g478/CO         -       CI->CO F     FA1D2BWP30P140          1   2.5    19    43     379    (-,-) 
  add_1007_76_I4_g477/CO         -       CI->CO F     FA1OPTCD1BWP30P140      1   2.1    21    30     409    (-,-) 
  add_1007_76_I4_g476/CO         -       CI->CO F     FA1D1BWP30P140          1   2.5    23    44     454    (-,-) 
  add_1007_76_I4_g475/CO         -       CI->CO F     FA1OPTCD1BWP30P140      1   2.1    21    32     485    (-,-) 
  add_1007_76_I4_g474/CO         -       CI->CO F     FA1D1BWP30P140          1   2.5    23    44     530    (-,-) 
  add_1007_76_I4_g473/CO         -       CI->CO F     FA1OPTCD1BWP30P140      1   2.5    23    33     563    (-,-) 
  add_1007_76_I4_g472/CO         -       CI->CO F     FA1OPTCD1BWP30P140      1   2.5    23    33     596    (-,-) 
  add_1007_76_I4_g471/CO         -       CI->CO F     FA1OPTCD1BWP30P140      1   2.5    23    33     629    (-,-) 
  add_1007_76_I4_g470/CO         -       CI->CO F     FA1OPTCD1BWP30P140      1   2.5    23    33     662    (-,-) 
  add_1007_76_I4_g469/CO         -       CI->CO F     FA1OPTCD1BWP30P140      1   2.1    21    32     693    (-,-) 
  add_1007_76_I4_g468/CO         -       CI->CO F     FA1D1BWP30P140          1   2.1    22    43     736    (-,-) 
  add_1007_76_I4_g467/CO         -       CI->CO F     FA1D1BWP30P140          1   2.1    22    43     780    (-,-) 
  add_1007_76_I4_g466/CO         -       CI->CO F     FA1D1BWP30P140          1   2.1    22    43     823    (-,-) 
  add_1007_76_I4_g465/CO         -       CI->CO F     FA1D1BWP30P140          1   2.1    22    43     867    (-,-) 
  add_1007_76_I4_g464/CO         -       CI->CO F     FA1D1BWP30P140          1   2.1    22    43     910    (-,-) 
  add_1007_76_I4_g463/CO         -       CI->CO F     FA1D1BWP30P140          1   1.3    18    40     950    (-,-) 
  add_1007_76_I4_g462/Z          -       A3->Z  F     XOR3UD1BWP30P140        1   4.8    58    50    1000    (-,-) 
  p_output_data_write[79]        <<<     -      F     (port)                  -     -     -     0    1000    (-,-) 
#------------------------------------------------------------------------------------------------------------------


