============================================================
  Generated by:           Genus(TM) Synthesis Solution 21.12-s068_1
  Generated on:           Oct 05 2026  06:45:26 pm
  Module:                 Conv
  Library domain:         timing_cond_0p81v_125c
    Domain index:         0
    Technology library:   tcbn28hpcplusbwp30p140ssg0p81v125c 110
  Operating conditions:   ssg0p81v125c 
  Interconnect mode:      global
  Area mode:              physical library
============================================================

                 Instance                           Module           Cell Count  Cell Area  Net Area   Total Area 
------------------------------------------------------------------------------------------------------------------
Conv                                                                      27805  34271.874 13801.189    48073.063 
  INVERSE_ROW_BATCH[0].inverse_row        InverseRow                        315    554.148   124.871      679.019 
  INVERSE_ROW_BATCH[1].inverse_row        InverseRow_587                    315    554.148   124.871      679.019 
  MAC_LANES[0].multip                     Multip                            564    604.296   236.126      840.422 
  MAC_LANES[1].multip                     Multip_602                        564    604.296   236.126      840.422 
  MAC_LANES[2].multip                     Multip_601                        564    604.296   236.126      840.422 
  MAC_LANES[3].multip                     Multip_600                        564    604.296   236.126      840.422 
  MAC_LANES[4].multip                     Multip_599                        564    604.296   236.126      840.422 
  MAC_LANES[5].multip                     Multip_598                        564    604.296   236.126      840.422 
  MAC_LANES[6].multip                     Multip_597                        564    604.296   236.126      840.422 
  MAC_LANES[7].multip                     Multip_596                        564    604.296   236.126      840.422 
  MAC_LANES[8].multip                     Multip_595                        564    604.296   236.126      840.422 
  MAC_LANES[9].multip                     Multip_594                        564    604.296   236.126      840.422 
  MAC_LANES[10].multip                    Multip_593                        564    604.296   236.126      840.422 
  MAC_LANES[11].multip                    Multip_592                        564    604.296   236.126      840.422 
  MAC_LANES[12].multip                    Multip_591                        564    604.296   236.126      840.422 
  MAC_LANES[13].multip                    Multip_590                        564    604.296   236.126      840.422 
  MAC_LANES[14].multip                    Multip_589                        564    604.296   236.126      840.422 
  MAC_LANES[15].multip                    Multip_588                        564    604.296   236.126      840.422 
  WEIGHT_TRANSFORM_ROWS[0].weight_trf_row WeightTransformRowConst           265    286.902    60.663      347.565 
  WEIGHT_TRANSFORM_ROWS[1].weight_trf_row WeightTransformRowConst_0         502    712.656   175.010      887.666 
  WEIGHT_TRANSFORM_ROWS[2].weight_trf_row WeightTransformRowConst_1         660    960.246   277.741     1237.987 
  WEIGHT_TRANSFORM_ROWS[3].weight_trf_row WeightTransformRowConst_2         264    280.728    61.284      342.012 
  WEIGHT_TRANSFORM_ROWS[4].weight_trf_row WeightTransformRowConst_3         536    719.712   195.371      915.083 
  WEIGHT_TRANSFORM_ROWS[5].weight_trf_row WeightTransformRowConst_4         718    975.996   292.378     1268.374 
  WEIGHT_TRANSFORM_ROWS[6].weight_trf_row WeightTransformRowConst_5         264    280.728    61.284      342.012 
  WEIGHT_TRANSFORM_ROWS[7].weight_trf_row WeightTransformRowConst_6         265    286.902    60.663      347.565 
  inverse_row_acc                         InverseRowAccumulate             2256   2447.046   903.750     3350.796 
  trf                                     Transform                        4494   6761.790  1885.561     8647.351 
    matrix_c0                             MatrixC0                         2065   3122.028   682.293     3804.321 
    matrix_c1                             MatrixC1                         2429   3639.762   803.108     4442.870 
