============================================================
  Generated by:           Genus(TM) Synthesis Solution 21.12-s068_1
  Generated on:           Oct 07 2026  12:05:03 am
  Module:                 Conv
  Library domain:         timing_cond_0p81v_125c
    Domain index:         0
    Technology library:   tcbn28hpcplusbwp30p140ssg0p81v125c 110
  Operating conditions:   ssg0p81v125c 
  Interconnect mode:      global
  Area mode:              physical library
============================================================

                 Instance                           Module           Cell Count  Cell Area  Net Area   Total Area 
------------------------------------------------------------------------------------------------------------------
Conv                                                                      41550  44087.778 18540.011    62627.789 
  MAC_LANES[0].multip                     Multip                            416    428.022   170.670      598.692 
  MAC_LANES[1].multip                     Multip_1                          416    428.022   170.670      598.692 
  MAC_LANES[2].multip                     Multip_2                          416    428.022   170.670      598.692 
  MAC_LANES[3].multip                     Multip_3                          416    428.022   170.670      598.692 
  MAC_LANES[4].multip                     Multip_4                          416    428.022   170.670      598.692 
  MAC_LANES[5].multip                     Multip_5                          416    428.022   170.670      598.692 
  WEIGHT_TRANSFORM_ROWS[0].weight_trf_row WeightTransformRowConst          3861   3299.688  1509.753     4809.441 
  WEIGHT_TRANSFORM_ROWS[1].weight_trf_row WeightTransformRowConst_0        4865   4701.690  1914.098     6615.788 
  WEIGHT_TRANSFORM_ROWS[2].weight_trf_row WeightTransformRowConst_1        4742   4643.226  1891.422     6534.648 
  WEIGHT_TRANSFORM_ROWS[3].weight_trf_row WeightTransformRowConst_2        4506   4296.348  1798.192     6094.540 
  WEIGHT_TRANSFORM_ROWS[4].weight_trf_row WeightTransformRowConst_3        4529   4281.606  1800.437     6082.043 
  WEIGHT_TRANSFORM_ROWS[5].weight_trf_row WeightTransformRowConst_4        4515   3891.636  1757.050     5648.686 
  inverse_row_acc                         InverseRowAccumulate             1372   1343.538   552.610     1896.148 
  inverse_row_current                     InverseRow                        225    410.256    89.077      499.333 
  trf                                     Transform                        3747   6605.172  1814.944     8420.116 
    matrix_c0                             MatrixC0                         1837   3243.996   761.933     4005.929 
    matrix_c1                             MatrixC1                         1910   3361.176   794.933     4156.109 
