============================================================
  Generated by:           Genus(TM) Synthesis Solution 21.12-s068_1
  Generated on:           Oct 07 2026  12:05:03 am
  Module:                 Conv
  Library domain:         timing_cond_0p81v_125c
    Domain index:         0
    Technology library:   tcbn28hpcplusbwp30p140ssg0p81v125c 110
  Operating conditions:   ssg0p81v125c 
  Interconnect mode:      global
  Area mode:              physical library
============================================================

                                                                                     Library 
          Gate            Instances    Area                   Library                 Domain 
---------------------------------------------------------------------------------------------
AN2D0BWP30P140                    2      1.008    tcbn28hpcplusbwp30p140ssg0p81v125c       0 
AN2D1BWP30P140                  112     56.448    tcbn28hpcplusbwp30p140ssg0p81v125c       0 
AN2D2BWP30P140                   40     25.200    tcbn28hpcplusbwp30p140ssg0p81v125c       0 
AN2D4BWP30P140                   20     22.680    tcbn28hpcplusbwp30p140ssg0p81v125c       0 
AN3D0BWP30P140                    2      1.260    tcbn28hpcplusbwp30p140ssg0p81v125c       0 
AN3D1BWP30P140                   29     18.270    tcbn28hpcplusbwp30p140ssg0p81v125c       0 
AN3D2BWP30P140                   11      8.316    tcbn28hpcplusbwp30p140ssg0p81v125c       0 
AN3D4BWP30P140                    1      1.386    tcbn28hpcplusbwp30p140ssg0p81v125c       0 
AN3D8BWP30P140                    1      2.268    tcbn28hpcplusbwp30p140ssg0p81v125c       0 
AN4D1BWP30P140                    7      5.292    tcbn28hpcplusbwp30p140ssg0p81v125c       0 
AO211D1BWP30P140                 91     68.796    tcbn28hpcplusbwp30p140ssg0p81v125c       0 
AO211D2BWP30P140                 12     10.584    tcbn28hpcplusbwp30p140ssg0p81v125c       0 
AO211D4BWP30P140                 28     45.864    tcbn28hpcplusbwp30p140ssg0p81v125c       0 
AO21D0BWP30P140                   1      0.630    tcbn28hpcplusbwp30p140ssg0p81v125c       0 
AO21D1BWP30P140                 194    122.220    tcbn28hpcplusbwp30p140ssg0p81v125c       0 
AO21D2BWP30P140                  43     32.508    tcbn28hpcplusbwp30p140ssg0p81v125c       0 
AO21D4BWP30P140                  37     51.282    tcbn28hpcplusbwp30p140ssg0p81v125c       0 
AO22D0BWP30P140                 666    503.496    tcbn28hpcplusbwp30p140ssg0p81v125c       0 
AO22D1BWP30P140                   6      5.292    tcbn28hpcplusbwp30p140ssg0p81v125c       0 
AO22D4BWP30P140                   6     10.584    tcbn28hpcplusbwp30p140ssg0p81v125c       0 
AOI211D0BWP30P140                 1      0.630    tcbn28hpcplusbwp30p140ssg0p81v125c       0 
AOI211D1BWP30P140                42     26.460    tcbn28hpcplusbwp30p140ssg0p81v125c       0 
AOI211D2BWP30P140                35     39.690    tcbn28hpcplusbwp30p140ssg0p81v125c       0 
AOI211D4BWP30P140                13     29.484    tcbn28hpcplusbwp30p140ssg0p81v125c       0 
AOI211D6BWP30P140                 4     13.104    tcbn28hpcplusbwp30p140ssg0p81v125c       0 
AOI211OPTREPBD1BWP30P140          9     10.206    tcbn28hpcplusbwp30p140ssg0p81v125c       0 
AOI211OPTREPBD2BWP30P140         25     44.100    tcbn28hpcplusbwp30p140ssg0p81v125c       0 
AOI211OPTREPBD4BWP30P140          8     28.224    tcbn28hpcplusbwp30p140ssg0p81v125c       0 
AOI21D0P7BWP30P140                3      1.512    tcbn28hpcplusbwp30p140ssg0p81v125c       0 
AOI21D1BWP30P140                772    389.088    tcbn28hpcplusbwp30p140ssg0p81v125c       0 
AOI21D2BWP30P140                248    218.736    tcbn28hpcplusbwp30p140ssg0p81v125c       0 
AOI21D4BWP30P140                284    500.976    tcbn28hpcplusbwp30p140ssg0p81v125c       0 
AOI21D6BWP30P140                 70    176.400    tcbn28hpcplusbwp30p140ssg0p81v125c       0 
AOI21D8BWP30P140                  8     26.208    tcbn28hpcplusbwp30p140ssg0p81v125c       0 
AOI21OPTREPBD1BWP30P140         118     89.208    tcbn28hpcplusbwp30p140ssg0p81v125c       0 
AOI21OPTREPBD2BWP30P140          80    110.880    tcbn28hpcplusbwp30p140ssg0p81v125c       0 
AOI21OPTREPBD4BWP30P140          38    100.548    tcbn28hpcplusbwp30p140ssg0p81v125c       0 
AOI221D1BWP30P140               584    441.504    tcbn28hpcplusbwp30p140ssg0p81v125c       0 
AOI221D2BWP30P140                18     27.216    tcbn28hpcplusbwp30p140ssg0p81v125c       0 
AOI221D4BWP30P140                 3      8.694    tcbn28hpcplusbwp30p140ssg0p81v125c       0 
AOI222D1BWP30P140               131    132.048    tcbn28hpcplusbwp30p140ssg0p81v125c       0 
AOI222D2BWP30P140                 4      7.056    tcbn28hpcplusbwp30p140ssg0p81v125c       0 
AOI22D1BWP30P140               1622   1021.860    tcbn28hpcplusbwp30p140ssg0p81v125c       0 
AOI22D1P5BWP30P140                1      1.134    tcbn28hpcplusbwp30p140ssg0p81v125c       0 
AOI22D2BWP30P140                 18     20.412    tcbn28hpcplusbwp30p140ssg0p81v125c       0 
AOI22D4BWP30P140                  8     18.144    tcbn28hpcplusbwp30p140ssg0p81v125c       0 
AOI31D1BWP30P140                 10      6.300    tcbn28hpcplusbwp30p140ssg0p81v125c       0 
AOI31D2BWP30P140                 15     17.010    tcbn28hpcplusbwp30p140ssg0p81v125c       0 
AOI31D4BWP30P140                 14     31.752    tcbn28hpcplusbwp30p140ssg0p81v125c       0 
AOI32D1BWP30P140                 13      9.828    tcbn28hpcplusbwp30p140ssg0p81v125c       0 
AOI32D2BWP30P140                  3      4.158    tcbn28hpcplusbwp30p140ssg0p81v125c       0 
AOI33D1BWP30P140                  1      0.882    tcbn28hpcplusbwp30p140ssg0p81v125c       0 
AOI33D2BWP30P140                  1      1.638    tcbn28hpcplusbwp30p140ssg0p81v125c       0 
BUFFD12BWP30P140                  1      2.142    tcbn28hpcplusbwp30p140ssg0p81v125c       0 
BUFFD3BWP30P140                   1      0.630    tcbn28hpcplusbwp30p140ssg0p81v125c       0 
BUFFD4BWP30P140                   1      0.882    tcbn28hpcplusbwp30p140ssg0p81v125c       0 
BUFFD8BWP30P140                   3      4.536    tcbn28hpcplusbwp30p140ssg0p81v125c       0 
CKAN2D1BWP30P140                721    363.384    tcbn28hpcplusbwp30p140ssg0p81v125c       0 
CKAN2D2BWP30P140                 29     18.270    tcbn28hpcplusbwp30p140ssg0p81v125c       0 
CKAN2D4BWP30P140                  4      3.528    tcbn28hpcplusbwp30p140ssg0p81v125c       0 
CKBD1BWP30P140                    1      0.378    tcbn28hpcplusbwp30p140ssg0p81v125c       0 
CKBD6BWP30P140                    1      1.134    tcbn28hpcplusbwp30p140ssg0p81v125c       0 
CKLNQD1BWP30P140                 50     94.500    tcbn28hpcplusbwp30p140ssg0p81v125c       0 
CKMUX2D0BWP30P140               192    169.344    tcbn28hpcplusbwp30p140ssg0p81v125c       0 
CKMUX2D4BWP30P140                 1      1.764    tcbn28hpcplusbwp30p140ssg0p81v125c       0 
CKND1BWP30P140                 3484    877.968    tcbn28hpcplusbwp30p140ssg0p81v125c       0 
CKND2BWP30P140                  695    262.710    tcbn28hpcplusbwp30p140ssg0p81v125c       0 
CKND2D1BWP30P140                632    238.896    tcbn28hpcplusbwp30p140ssg0p81v125c       0 
CKND2D2BWP30P140                 47     29.610    tcbn28hpcplusbwp30p140ssg0p81v125c       0 
CKND2D3BWP30P140                138    121.716    tcbn28hpcplusbwp30p140ssg0p81v125c       0 
CKND2D4BWP30P140                 49     55.566    tcbn28hpcplusbwp30p140ssg0p81v125c       0 
CKND2D8BWP30P140                 43     92.106    tcbn28hpcplusbwp30p140ssg0p81v125c       0 
CKND3BWP30P140                   17      8.568    tcbn28hpcplusbwp30p140ssg0p81v125c       0 
CKND4BWP30P140                   76     47.880    tcbn28hpcplusbwp30p140ssg0p81v125c       0 
CKND6BWP30P140                    8      7.056    tcbn28hpcplusbwp30p140ssg0p81v125c       0 
DFCND1BWP30P140                  21     52.920    tcbn28hpcplusbwp30p140ssg0p81v125c       0 
DFCND2BWP30P140                   6     17.388    tcbn28hpcplusbwp30p140ssg0p81v125c       0 
DFCND4BWP30P140                  13     44.226    tcbn28hpcplusbwp30p140ssg0p81v125c       0 
DFCNQD1BWP30P140               1813   4111.884    tcbn28hpcplusbwp30p140ssg0p81v125c       0 
DFCNQD2BWP30P140                 15     39.690    tcbn28hpcplusbwp30p140ssg0p81v125c       0 
DFCNQD4BWP30P140                 20     57.960    tcbn28hpcplusbwp30p140ssg0p81v125c       0 
DFSNQD2BWP30P140                  1      2.268    tcbn28hpcplusbwp30p140ssg0p81v125c       0 
EDFCND1BWP30P140                  3      9.072    tcbn28hpcplusbwp30p140ssg0p81v125c       0 
EDFCNQD1BWP30P140                12     34.776    tcbn28hpcplusbwp30p140ssg0p81v125c       0 
FA1D1BWP30P140                 5885  12605.670    tcbn28hpcplusbwp30p140ssg0p81v125c       0 
FA1D2BWP30P140                    9     21.546    tcbn28hpcplusbwp30p140ssg0p81v125c       0 
FA1D4BWP30P140                   98    358.092    tcbn28hpcplusbwp30p140ssg0p81v125c       0 
FA1OPTCD1BWP30P140               43    108.360    tcbn28hpcplusbwp30p140ssg0p81v125c       0 
FA1OPTCD2BWP30P140               64    193.536    tcbn28hpcplusbwp30p140ssg0p81v125c       0 
HA1D1BWP30P140                  345    565.110    tcbn28hpcplusbwp30p140ssg0p81v125c       0 
HA1D2BWP30P140                    9     17.010    tcbn28hpcplusbwp30p140ssg0p81v125c       0 
IAO21D0BWP30P140                101     63.630    tcbn28hpcplusbwp30p140ssg0p81v125c       0 
IAO21D1BWP30P140                111     69.930    tcbn28hpcplusbwp30p140ssg0p81v125c       0 
IAO21D2BWP30P140                308    271.656    tcbn28hpcplusbwp30p140ssg0p81v125c       0 
IAO21D4BWP30P140                 54     81.648    tcbn28hpcplusbwp30p140ssg0p81v125c       0 
IAO22D1BWP30P140                 12     10.584    tcbn28hpcplusbwp30p140ssg0p81v125c       0 
IAO22D2BWP30P140                 10     13.860    tcbn28hpcplusbwp30p140ssg0p81v125c       0 
IAO22D4BWP30P140                  7     16.758    tcbn28hpcplusbwp30p140ssg0p81v125c       0 
IND2D1BWP30P140                 576    290.304    tcbn28hpcplusbwp30p140ssg0p81v125c       0 
IND2D2BWP30P140                 478    361.368    tcbn28hpcplusbwp30p140ssg0p81v125c       0 
IND2D4BWP30P140                 201    278.586    tcbn28hpcplusbwp30p140ssg0p81v125c       0 
IND2D6BWP30P140                  12     22.680    tcbn28hpcplusbwp30p140ssg0p81v125c       0 
IND3D1BWP30P140                  25     15.750    tcbn28hpcplusbwp30p140ssg0p81v125c       0 
IND3D2BWP30P140                  10     11.340    tcbn28hpcplusbwp30p140ssg0p81v125c       0 
IND3D4BWP30P140                  19     38.304    tcbn28hpcplusbwp30p140ssg0p81v125c       0 
IND3D6BWP30P140                   1      2.772    tcbn28hpcplusbwp30p140ssg0p81v125c       0 
IND3D8BWP30P140                   1      3.654    tcbn28hpcplusbwp30p140ssg0p81v125c       0 
IND4D1BWP30P140                   4      3.024    tcbn28hpcplusbwp30p140ssg0p81v125c       0 
INR2D1BWP30P140                1060    534.240    tcbn28hpcplusbwp30p140ssg0p81v125c       0 
INR2D2BWP30P140                 293    221.508    tcbn28hpcplusbwp30p140ssg0p81v125c       0 
INR2D4BWP30P140                 158    218.988    tcbn28hpcplusbwp30p140ssg0p81v125c       0 
INR2D6BWP30P140                   6     11.340    tcbn28hpcplusbwp30p140ssg0p81v125c       0 
INR3D0BWP30P140                  19     11.970    tcbn28hpcplusbwp30p140ssg0p81v125c       0 
INR3D1BWP30P140                  42     42.336    tcbn28hpcplusbwp30p140ssg0p81v125c       0 
INR3D2BWP30P140                  28     28.224    tcbn28hpcplusbwp30p140ssg0p81v125c       0 
INR3D4BWP30P140                  11     22.176    tcbn28hpcplusbwp30p140ssg0p81v125c       0 
INR3D6BWP30P140                   1      2.772    tcbn28hpcplusbwp30p140ssg0p81v125c       0 
INR3D8BWP30P140                   1      3.654    tcbn28hpcplusbwp30p140ssg0p81v125c       0 
INR4D0BWP30P140                   5      3.780    tcbn28hpcplusbwp30p140ssg0p81v125c       0 
INR4D1BWP30P140                   5      6.930    tcbn28hpcplusbwp30p140ssg0p81v125c       0 
INR4D2BWP30P140                   7     17.640    tcbn28hpcplusbwp30p140ssg0p81v125c       0 
INVD0P7BWP30P140                 13      3.276    tcbn28hpcplusbwp30p140ssg0p81v125c       0 
INVD12BWP30P140                   4      6.552    tcbn28hpcplusbwp30p140ssg0p81v125c       0 
INVD15BWP30P140                   1      2.016    tcbn28hpcplusbwp30p140ssg0p81v125c       0 
INVD1BWP30P140                   74     18.648    tcbn28hpcplusbwp30p140ssg0p81v125c       0 
INVD1P5BWP30P140                 33     12.474    tcbn28hpcplusbwp30p140ssg0p81v125c       0 
INVD2BWP30P140                  158     59.724    tcbn28hpcplusbwp30p140ssg0p81v125c       0 
INVD3BWP30P140                  256    129.024    tcbn28hpcplusbwp30p140ssg0p81v125c       0 
INVD4BWP30P140                   27     17.010    tcbn28hpcplusbwp30p140ssg0p81v125c       0 
INVD6BWP30P140                   41     36.162    tcbn28hpcplusbwp30p140ssg0p81v125c       0 
INVD8BWP30P140                    9     10.206    tcbn28hpcplusbwp30p140ssg0p81v125c       0 
IOA21D0BWP30P140                 45     28.350    tcbn28hpcplusbwp30p140ssg0p81v125c       0 
IOA21D1BWP30P140                432    272.160    tcbn28hpcplusbwp30p140ssg0p81v125c       0 
IOA21D2BWP30P140                234    206.388    tcbn28hpcplusbwp30p140ssg0p81v125c       0 
IOA21D4BWP30P140                 19     26.334    tcbn28hpcplusbwp30p140ssg0p81v125c       0 
IOA22D1BWP30P140                 11      9.702    tcbn28hpcplusbwp30p140ssg0p81v125c       0 
IOA22D2BWP30P140                 19     23.940    tcbn28hpcplusbwp30p140ssg0p81v125c       0 
IOA22D4BWP30P140                 10     23.940    tcbn28hpcplusbwp30p140ssg0p81v125c       0 
MAOI222D1BWP30P140              316    238.896    tcbn28hpcplusbwp30p140ssg0p81v125c       0 
MAOI222D2BWP30P140                8     13.104    tcbn28hpcplusbwp30p140ssg0p81v125c       0 
MAOI22D0BWP30P140                 4      3.024    tcbn28hpcplusbwp30p140ssg0p81v125c       0 
MAOI22D1BWP30P140               128     96.768    tcbn28hpcplusbwp30p140ssg0p81v125c       0 
MAOI22D2BWP30P140                58     73.080    tcbn28hpcplusbwp30p140ssg0p81v125c       0 
MAOI22D4BWP30P140                61    138.348    tcbn28hpcplusbwp30p140ssg0p81v125c       0 
MOAI22D0BWP30P140                 2      1.512    tcbn28hpcplusbwp30p140ssg0p81v125c       0 
MOAI22D1BWP30P140                52     39.312    tcbn28hpcplusbwp30p140ssg0p81v125c       0 
MOAI22D2BWP30P140                24     30.240    tcbn28hpcplusbwp30p140ssg0p81v125c       0 
MOAI22D4BWP30P140                12     27.216    tcbn28hpcplusbwp30p140ssg0p81v125c       0 
MUX2D0BWP30P140                  91     80.262    tcbn28hpcplusbwp30p140ssg0p81v125c       0 
MUX2D1BWP30P140                  26     26.208    tcbn28hpcplusbwp30p140ssg0p81v125c       0 
MUX2D2BWP30P140                   7      7.938    tcbn28hpcplusbwp30p140ssg0p81v125c       0 
MUX2D4BWP30P140                   5      8.820    tcbn28hpcplusbwp30p140ssg0p81v125c       0 
MUX2ND2BWP30P140                 38     47.880    tcbn28hpcplusbwp30p140ssg0p81v125c       0 
MUX2ND4BWP30P140                  4      8.064    tcbn28hpcplusbwp30p140ssg0p81v125c       0 
MUX2NOPTD2BWP30P140             147    203.742    tcbn28hpcplusbwp30p140ssg0p81v125c       0 
MUX2NOPTD4BWP30P140              51    128.520    tcbn28hpcplusbwp30p140ssg0p81v125c       0 
MUX2NUD1BWP30P140               135    102.060    tcbn28hpcplusbwp30p140ssg0p81v125c       0 
MUX2OPTD2BWP30P140                7      7.938    tcbn28hpcplusbwp30p140ssg0p81v125c       0 
MUX2OPTD4BWP30P140                8     18.144    tcbn28hpcplusbwp30p140ssg0p81v125c       0 
MUX2OPTD6BWP30P140                3      9.450    tcbn28hpcplusbwp30p140ssg0p81v125c       0 
MUX3D1BWP30P140                   2      3.528    tcbn28hpcplusbwp30p140ssg0p81v125c       0 
MUX3D2BWP30P140                   1      1.890    tcbn28hpcplusbwp30p140ssg0p81v125c       0 
ND2D16BWP30P140                   1      4.158    tcbn28hpcplusbwp30p140ssg0p81v125c       0 
ND2D1BWP30P140                 1423    537.894    tcbn28hpcplusbwp30p140ssg0p81v125c       0 
ND2D2BWP30P140                  466    293.580    tcbn28hpcplusbwp30p140ssg0p81v125c       0 
ND2D3BWP30P140                  260    229.320    tcbn28hpcplusbwp30p140ssg0p81v125c       0 
ND2D4BWP30P140                  100    113.400    tcbn28hpcplusbwp30p140ssg0p81v125c       0 
ND2D6BWP30P140                    9     14.742    tcbn28hpcplusbwp30p140ssg0p81v125c       0 
ND2D8BWP30P140                    2      4.284    tcbn28hpcplusbwp30p140ssg0p81v125c       0 
ND2OPTD6BWP30P140                12     19.656    tcbn28hpcplusbwp30p140ssg0p81v125c       0 
ND2OPTIBD12BWP30P140              2      6.300    tcbn28hpcplusbwp30p140ssg0p81v125c       0 
ND2OPTIBD1BWP30P140             218     82.404    tcbn28hpcplusbwp30p140ssg0p81v125c       0 
ND2OPTIBD2BWP30P140             164    103.320    tcbn28hpcplusbwp30p140ssg0p81v125c       0 
ND2OPTIBD4BWP30P140              99    112.266    tcbn28hpcplusbwp30p140ssg0p81v125c       0 
ND2OPTIBD6BWP30P140              83    135.954    tcbn28hpcplusbwp30p140ssg0p81v125c       0 
ND2OPTIBD8BWP30P140              20     42.840    tcbn28hpcplusbwp30p140ssg0p81v125c       0 
ND2OPTPAD2BWP30P140               4      4.536    tcbn28hpcplusbwp30p140ssg0p81v125c       0 
ND2OPTPAD4BWP30P140              31     62.496    tcbn28hpcplusbwp30p140ssg0p81v125c       0 
ND2OPTPAD6BWP30P140               1      2.898    tcbn28hpcplusbwp30p140ssg0p81v125c       0 
ND2OPTPAD8BWP30P140               1      3.024    tcbn28hpcplusbwp30p140ssg0p81v125c       0 
ND3D1BWP30P140                  192     96.768    tcbn28hpcplusbwp30p140ssg0p81v125c       0 
ND3D1P5BWP30P140                  7      6.174    tcbn28hpcplusbwp30p140ssg0p81v125c       0 
ND3D2BWP30P140                   24     21.168    tcbn28hpcplusbwp30p140ssg0p81v125c       0 
ND3D3BWP30P140                    1      1.260    tcbn28hpcplusbwp30p140ssg0p81v125c       0 
ND3D4BWP30P140                    5      8.820    tcbn28hpcplusbwp30p140ssg0p81v125c       0 
ND3OPTPAD1BWP30P140               1      0.882    tcbn28hpcplusbwp30p140ssg0p81v125c       0 
ND3OPTPAD2BWP30P140              21     31.752    tcbn28hpcplusbwp30p140ssg0p81v125c       0 
ND3OPTPAD4BWP30P140              18     45.360    tcbn28hpcplusbwp30p140ssg0p81v125c       0 
ND3OPTPAD6BWP30P140               4     14.112    tcbn28hpcplusbwp30p140ssg0p81v125c       0 
ND4D1BWP30P140                  193    121.590    tcbn28hpcplusbwp30p140ssg0p81v125c       0 
ND4D2BWP30P140                    3      3.780    tcbn28hpcplusbwp30p140ssg0p81v125c       0 
NR2D0BWP30P140                    1      0.378    tcbn28hpcplusbwp30p140ssg0p81v125c       0 
NR2D0P7BWP30P140                  1      0.378    tcbn28hpcplusbwp30p140ssg0p81v125c       0 
NR2D1BWP30P140                 1452    548.856    tcbn28hpcplusbwp30p140ssg0p81v125c       0 
NR2D2BWP30P140                  502    316.260    tcbn28hpcplusbwp30p140ssg0p81v125c       0 
NR2D3BWP30P140                  623    549.486    tcbn28hpcplusbwp30p140ssg0p81v125c       0 
NR2D4BWP30P140                  309    350.406    tcbn28hpcplusbwp30p140ssg0p81v125c       0 
NR2D6BWP30P140                   24     39.312    tcbn28hpcplusbwp30p140ssg0p81v125c       0 
NR2D8BWP30P140                    6     12.852    tcbn28hpcplusbwp30p140ssg0p81v125c       0 
NR2OPTD6BWP30P140                27     44.226    tcbn28hpcplusbwp30p140ssg0p81v125c       0 
NR2OPTIBD12BWP30P140              4     12.600    tcbn28hpcplusbwp30p140ssg0p81v125c       0 
NR2OPTIBD16BWP30P140              1      4.158    tcbn28hpcplusbwp30p140ssg0p81v125c       0 
NR2OPTIBD1BWP30P140             682    257.796    tcbn28hpcplusbwp30p140ssg0p81v125c       0 
NR2OPTIBD2BWP30P140             133     83.790    tcbn28hpcplusbwp30p140ssg0p81v125c       0 
NR2OPTIBD4BWP30P140              60     68.040    tcbn28hpcplusbwp30p140ssg0p81v125c       0 
NR2OPTIBD6BWP30P140              37     60.606    tcbn28hpcplusbwp30p140ssg0p81v125c       0 
NR2OPTIBD8BWP30P140              10     21.420    tcbn28hpcplusbwp30p140ssg0p81v125c       0 
NR2OPTPAD12BWP30P140              1      4.662    tcbn28hpcplusbwp30p140ssg0p81v125c       0 
NR2OPTPAD1BWP30P140             348    175.392    tcbn28hpcplusbwp30p140ssg0p81v125c       0 
NR2OPTPAD2BWP30P140             209    184.338    tcbn28hpcplusbwp30p140ssg0p81v125c       0 
NR2OPTPAD4BWP30P140             117    191.646    tcbn28hpcplusbwp30p140ssg0p81v125c       0 
NR2OPTPAD6BWP30P140              11     26.334    tcbn28hpcplusbwp30p140ssg0p81v125c       0 
NR2OPTPAD8BWP30P140               7     22.050    tcbn28hpcplusbwp30p140ssg0p81v125c       0 
NR3D0BWP30P140                   51     25.704    tcbn28hpcplusbwp30p140ssg0p81v125c       0 
NR3D0P7BWP30P140                 81     40.824    tcbn28hpcplusbwp30p140ssg0p81v125c       0 
NR3D1BWP30P140                   26     22.932    tcbn28hpcplusbwp30p140ssg0p81v125c       0 
NR3D1P5BWP30P140                 83     73.206    tcbn28hpcplusbwp30p140ssg0p81v125c       0 
NR3D2BWP30P140                   37     65.268    tcbn28hpcplusbwp30p140ssg0p81v125c       0 
NR3D3BWP30P140                    9     22.680    tcbn28hpcplusbwp30p140ssg0p81v125c       0 
NR3D4BWP30P140                    3      9.828    tcbn28hpcplusbwp30p140ssg0p81v125c       0 
NR3OPTD6BWP30P140                 2      4.788    tcbn28hpcplusbwp30p140ssg0p81v125c       0 
NR3OPTPAD2BWP30P140              14     22.932    tcbn28hpcplusbwp30p140ssg0p81v125c       0 
NR3OPTPAD4BWP30P140              14     33.516    tcbn28hpcplusbwp30p140ssg0p81v125c       0 
NR4D0BWP30P140                   31     19.530    tcbn28hpcplusbwp30p140ssg0p81v125c       0 
NR4D1BWP30P140                   20     22.680    tcbn28hpcplusbwp30p140ssg0p81v125c       0 
NR4D2BWP30P140                    7     15.876    tcbn28hpcplusbwp30p140ssg0p81v125c       0 
NR4D3BWP30P140                    1      3.276    tcbn28hpcplusbwp30p140ssg0p81v125c       0 
OA211D1BWP30P140                 17     12.852    tcbn28hpcplusbwp30p140ssg0p81v125c       0 
OA211D2BWP30P140                  5      4.410    tcbn28hpcplusbwp30p140ssg0p81v125c       0 
OA211D4BWP30P140                  2      3.528    tcbn28hpcplusbwp30p140ssg0p81v125c       0 
OA21D1BWP30P140                 189    119.070    tcbn28hpcplusbwp30p140ssg0p81v125c       0 
OA21D2BWP30P140                  28     21.168    tcbn28hpcplusbwp30p140ssg0p81v125c       0 
OA21D4BWP30P140                  90    124.740    tcbn28hpcplusbwp30p140ssg0p81v125c       0 
OA21D6BWP30P140                   2      3.276    tcbn28hpcplusbwp30p140ssg0p81v125c       0 
OA21D8BWP30P140                   8     18.144    tcbn28hpcplusbwp30p140ssg0p81v125c       0 
OA22D1BWP30P140                  18     15.876    tcbn28hpcplusbwp30p140ssg0p81v125c       0 
OA22D4BWP30P140                   6     10.584    tcbn28hpcplusbwp30p140ssg0p81v125c       0 
OAI211D1BWP30P140               156     98.280    tcbn28hpcplusbwp30p140ssg0p81v125c       0 
OAI211D2BWP30P140                31     35.154    tcbn28hpcplusbwp30p140ssg0p81v125c       0 
OAI211D4BWP30P140                 1      2.268    tcbn28hpcplusbwp30p140ssg0p81v125c       0 
OAI211OPTD6BWP30P140              2      6.552    tcbn28hpcplusbwp30p140ssg0p81v125c       0 
OAI211OPTREPBD1BWP30P140          3      3.402    tcbn28hpcplusbwp30p140ssg0p81v125c       0 
OAI211OPTREPBD2BWP30P140         13     22.932    tcbn28hpcplusbwp30p140ssg0p81v125c       0 
OAI211OPTREPBD4BWP30P140         12     42.336    tcbn28hpcplusbwp30p140ssg0p81v125c       0 
OAI21D0P7BWP30P140               75     37.800    tcbn28hpcplusbwp30p140ssg0p81v125c       0 
OAI21D1BWP30P140                312    157.248    tcbn28hpcplusbwp30p140ssg0p81v125c       0 
OAI21D1P5BWP30P140                1      0.882    tcbn28hpcplusbwp30p140ssg0p81v125c       0 
OAI21D2BWP30P140                193    170.226    tcbn28hpcplusbwp30p140ssg0p81v125c       0 
OAI21D4BWP30P140                101    178.164    tcbn28hpcplusbwp30p140ssg0p81v125c       0 
OAI21D6BWP30P140                 44    110.880    tcbn28hpcplusbwp30p140ssg0p81v125c       0 
OAI21D8BWP30P140                  2      6.552    tcbn28hpcplusbwp30p140ssg0p81v125c       0 
OAI21OPTREPBD1BWP30P140          94     71.064    tcbn28hpcplusbwp30p140ssg0p81v125c       0 
OAI21OPTREPBD2BWP30P140          95    131.670    tcbn28hpcplusbwp30p140ssg0p81v125c       0 
OAI21OPTREPBD4BWP30P140          68    179.928    tcbn28hpcplusbwp30p140ssg0p81v125c       0 
OAI221D1BWP30P140                10      8.820    tcbn28hpcplusbwp30p140ssg0p81v125c       0 
OAI221D2BWP30P140                 4      6.048    tcbn28hpcplusbwp30p140ssg0p81v125c       0 
OAI221D4BWP30P140                 1      2.898    tcbn28hpcplusbwp30p140ssg0p81v125c       0 
OAI222D1BWP30P140               153    154.224    tcbn28hpcplusbwp30p140ssg0p81v125c       0 
OAI22D1BWP30P140                 51     32.130    tcbn28hpcplusbwp30p140ssg0p81v125c       0 
OAI22D1P5BWP30P140                8      9.072    tcbn28hpcplusbwp30p140ssg0p81v125c       0 
OAI22D2BWP30P140                  4      4.536    tcbn28hpcplusbwp30p140ssg0p81v125c       0 
OAI22OPTPBD1BWP30P140            18     18.144    tcbn28hpcplusbwp30p140ssg0p81v125c       0 
OAI22OPTPBD2BWP30P140            24     45.360    tcbn28hpcplusbwp30p140ssg0p81v125c       0 
OAI22OPTPBD4BWP30P140             2      7.308    tcbn28hpcplusbwp30p140ssg0p81v125c       0 
OAI31D1BWP30P140                 13      8.190    tcbn28hpcplusbwp30p140ssg0p81v125c       0 
OAI31D2BWP30P140                 21     23.814    tcbn28hpcplusbwp30p140ssg0p81v125c       0 
OAI31D4BWP30P140                  8     18.144    tcbn28hpcplusbwp30p140ssg0p81v125c       0 
OAI32D1BWP30P140                 15     11.340    tcbn28hpcplusbwp30p140ssg0p81v125c       0 
OAI32D2BWP30P140                  4      5.544    tcbn28hpcplusbwp30p140ssg0p81v125c       0 
OAI33D1BWP30P140                  6      5.292    tcbn28hpcplusbwp30p140ssg0p81v125c       0 
OR2D0BWP30P140                   63     31.752    tcbn28hpcplusbwp30p140ssg0p81v125c       0 
OR2D1BWP30P140                  415    209.160    tcbn28hpcplusbwp30p140ssg0p81v125c       0 
OR2D2BWP30P140                  114     71.820    tcbn28hpcplusbwp30p140ssg0p81v125c       0 
OR2D4BWP30P140                   58     65.772    tcbn28hpcplusbwp30p140ssg0p81v125c       0 
OR2D6BWP30P140                    1      1.386    tcbn28hpcplusbwp30p140ssg0p81v125c       0 
OR2D8BWP30P140                    2      3.780    tcbn28hpcplusbwp30p140ssg0p81v125c       0 
OR3D1BWP30P140                   67     42.210    tcbn28hpcplusbwp30p140ssg0p81v125c       0 
OR3D2BWP30P140                    7      5.292    tcbn28hpcplusbwp30p140ssg0p81v125c       0 
OR3D4BWP30P140                   16     22.176    tcbn28hpcplusbwp30p140ssg0p81v125c       0 
OR3D6BWP30P140                    1      1.638    tcbn28hpcplusbwp30p140ssg0p81v125c       0 
OR3D8BWP30P140                    1      2.268    tcbn28hpcplusbwp30p140ssg0p81v125c       0 
OR4D1BWP30P140                   29     21.924    tcbn28hpcplusbwp30p140ssg0p81v125c       0 
OR4D2BWP30P140                    2      1.764    tcbn28hpcplusbwp30p140ssg0p81v125c       0 
OR4D4BWP30P140                    2      3.276    tcbn28hpcplusbwp30p140ssg0p81v125c       0 
SDFCNARD2BWP30P140                6     21.168    tcbn28hpcplusbwp30p140ssg0p81v125c       0 
SDFCNOPTMAD4BWP30P140             3     20.034    tcbn28hpcplusbwp30p140ssg0p81v125c       0 
SDFCNOPTMAD8BWP30P140             2     18.648    tcbn28hpcplusbwp30p140ssg0p81v125c       0 
SDFCNQARD1BWP30P140              23     66.654    tcbn28hpcplusbwp30p140ssg0p81v125c       0 
SDFCNQARD2BWP30P140              11     36.036    tcbn28hpcplusbwp30p140ssg0p81v125c       0 
SDFCNQD0BWP30P140                 1      2.898    tcbn28hpcplusbwp30p140ssg0p81v125c       0 
SDFCNQOPTMAD4BWP30P140           35    211.680    tcbn28hpcplusbwp30p140ssg0p81v125c       0 
SDFCNQOPTMAD8BWP30P140           44    360.360    tcbn28hpcplusbwp30p140ssg0p81v125c       0 
SDFSNQD2BWP30P140                 2      5.796    tcbn28hpcplusbwp30p140ssg0p81v125c       0 
SEDFCNQARD0BWP30P140              1      3.780    tcbn28hpcplusbwp30p140ssg0p81v125c       0 
XNR2D1BWP30P140                 435    438.480    tcbn28hpcplusbwp30p140ssg0p81v125c       0 
XNR2D2BWP30P140                 122    138.348    tcbn28hpcplusbwp30p140ssg0p81v125c       0 
XNR2D4BWP30P140                  13     26.208    tcbn28hpcplusbwp30p140ssg0p81v125c       0 
XNR2OPTND2BWP30P140             103    142.758    tcbn28hpcplusbwp30p140ssg0p81v125c       0 
XNR2OPTND4BWP30P140             231    582.120    tcbn28hpcplusbwp30p140ssg0p81v125c       0 
XNR2OPTND6BWP30P140              11     40.194    tcbn28hpcplusbwp30p140ssg0p81v125c       0 
XNR2UD1BWP30P140               1141   1006.362    tcbn28hpcplusbwp30p140ssg0p81v125c       0 
XNR3D1BWP30P140                  29     54.810    tcbn28hpcplusbwp30p140ssg0p81v125c       0 
XNR3D2BWP30P140                   8     16.128    tcbn28hpcplusbwp30p140ssg0p81v125c       0 
XNR3D4BWP30P140                   3      9.450    tcbn28hpcplusbwp30p140ssg0p81v125c       0 
XNR3UD0BWP30P140                  1      1.764    tcbn28hpcplusbwp30p140ssg0p81v125c       0 
XNR3UD1BWP30P140                227    400.428    tcbn28hpcplusbwp30p140ssg0p81v125c       0 
XNR4D1BWP30P140                   1      2.646    tcbn28hpcplusbwp30p140ssg0p81v125c       0 
XOR2D1BWP30P140                 235    236.880    tcbn28hpcplusbwp30p140ssg0p81v125c       0 
XOR2D2BWP30P140                  36     40.824    tcbn28hpcplusbwp30p140ssg0p81v125c       0 
XOR2D4BWP30P140                  39     78.624    tcbn28hpcplusbwp30p140ssg0p81v125c       0 
XOR2OPTND2BWP30P140              82    113.652    tcbn28hpcplusbwp30p140ssg0p81v125c       0 
XOR2OPTND4BWP30P140             185    466.200    tcbn28hpcplusbwp30p140ssg0p81v125c       0 
XOR2OPTND6BWP30P140               3     10.962    tcbn28hpcplusbwp30p140ssg0p81v125c       0 
XOR2UD0BWP30P140                  2      1.764    tcbn28hpcplusbwp30p140ssg0p81v125c       0 
XOR2UD1BWP30P140                918    809.676    tcbn28hpcplusbwp30p140ssg0p81v125c       0 
XOR3D1BWP30P140                  56    105.840    tcbn28hpcplusbwp30p140ssg0p81v125c       0 
XOR3D2BWP30P140                  16     32.256    tcbn28hpcplusbwp30p140ssg0p81v125c       0 
XOR3D4BWP30P140                   2      6.300    tcbn28hpcplusbwp30p140ssg0p81v125c       0 
XOR3UD0BWP30P140                  2      3.528    tcbn28hpcplusbwp30p140ssg0p81v125c       0 
XOR3UD1BWP30P140                292    515.088    tcbn28hpcplusbwp30p140ssg0p81v125c       0 
XOR4D0BWP30P140                   6     15.876    tcbn28hpcplusbwp30p140ssg0p81v125c       0 
XOR4D1BWP30P140                  20     52.920    tcbn28hpcplusbwp30p140ssg0p81v125c       0 
---------------------------------------------------------------------------------------------
total                         41550  44087.778                                       


                                                        
            Type             Instances    Area   Area % 
--------------------------------------------------------
sequential                        2032  5117.238   11.6 
inverter                          4896  1499.274    3.4 
buffer                               8     9.702    0.0 
clock_gating_integrated_cell        50    94.500    0.2 
logic                            34564 37367.064   84.8 
physical_cells                       0     0.000    0.0 
--------------------------------------------------------
total                            41550 44087.778  100.0 

