============================================================
  Generated by:           Genus(TM) Synthesis Solution 21.12-s068_1
  Generated on:           Jan 23 2026  09:13:53 pm
  Module:                 System
  Library domain:         timing_cond_0p81v_125c
    Domain index:         0
    Technology library:   tcbn28hpcplusbwp30p140ssg0p81v125c 110
  Operating conditions:   ssg0p81v125c 
  Interconnect mode:      global
  Area mode:              physical library
============================================================

       Instance         Module   Cell Count  Cell Area  Net Area   Total Area 
------------------------------------------------------------------------------
System                                13604  15261.750  7527.842    22789.592 
  conv                Conv            13604  15261.750  7003.697    22265.447 
    genblk1[0].multip Multip            590    605.304   249.217      854.521 
    genblk1[1].multip Multip_70         640    616.266   265.335      881.601 
    genblk1[2].multip Multip_69         643    616.896   265.717      882.613 
    genblk1[3].multip Multip_68         596    627.732   245.149      872.881 
    genblk1[4].multip Multip_67         563    595.602   235.984      831.586 
    genblk1[5].multip Multip_66         606    606.438   256.067      862.505 
    inv               Inverse          1314   2795.814   622.303     3418.117 
    mux_mult          MuxMult            22     19.908     4.625       24.533 
    trf               Transform        2900   4138.092  1121.061     5259.153 
