============================================================
  Generated by:           Genus(TM) Synthesis Solution 21.12-s068_1
  Generated on:           Jan 23 2026  09:14:01 pm
  Module:                 System
  Operating conditions:   ssg0p81v125c 
  Operating conditions:   tt0p9v25c 
  Interconnect mode:      global
  Area mode:              physical library
============================================================


Path 1: MET (413 ps) Setup Check with Pin conv/r_feat_reg[20][19]/CP->D
           View: analysis_view_0p90v_25c_captyp_nominal
          Group: clk
     Startpoint: (R) conv/r_idx_in_reg[3]/CP
          Clock: (R) clk
       Endpoint: (F) conv/r_feat_reg[20][19]/D
          Clock: (R) clk

                     Capture       Launch     
        Clock Edge:+    2000            0     
       Src Latency:+       0            0     
       Net Latency:+       0 (I)        0 (I) 
           Arrival:=    2000            0     
                                              
             Setup:-      18                  
     Required Time:=    1982                  
      Launch Clock:-       0                  
         Data Path:-    1569                  
             Slack:=     413                  

#--------------------------------------------------------------------------------------------------------------------------------------
#                   Timing Point                     Flags    Arc   Edge        Cell          Fanout Load Trans Delay Arrival Instance 
#                                                                                                    (fF)  (ps)  (ps)   (ps)  Location 
#--------------------------------------------------------------------------------------------------------------------------------------
  conv/r_idx_in_reg[3]/CP                            -       -      R     (arrival)               26    -     0     0       0    (-,-) 
  conv/r_idx_in_reg[3]/Q                             -       CP->Q  F     DFKCND1BWP30P140         5  8.9    38    66      66    (-,-) 
  conv/mux_mult/g196/ZN                              -       A2->ZN R     NR2D3BWP30P140           3  4.4    19    22      87    (-,-) 
  conv/mux_mult/g205/Z                               -       A1->Z  R     AN2D2BWP30P140           2  4.5    14    25     112    (-,-) 
  conv/mux_mult/g187/ZN                              -       I->ZN  F     INVD3BWP30P140           3  8.5    15    13     125    (-,-) 
  conv/mux_mult/g181/ZN                              -       A1->ZN R     NR2D4BWP30P140          10 11.9    26    21     146    (-,-) 
  conv/g70368/ZN                                     -       A1->ZN F     NR2D1BWP30P140           2  2.6    17    16     162    (-,-) 
  conv/g70357/ZN                                     -       I->ZN  R     CKND1BWP30P140           1  1.5    12    12     174    (-,-) 
  conv/g70254/ZN                                     -       A2->ZN F     NR2D1BWP30P140           2  3.6    22    15     189    (-,-) 
  conv/g70140/ZN                                     -       I->ZN  R     CKND2BWP30P140           3  8.9    23    20     209    (-,-) 
  conv/g70032/ZN                                     -       A1->ZN F     NR2D2BWP30P140          24 24.6    52    38     247    (-,-) 
  conv/g70002/Z                                      -       I->Z   F     BUFFD2BWP30P140         59 59.4   122    89     336    (-,-) 
  conv/g69242/ZN                                     -       A1->ZN R     AOI22D1BWP30P140         1  1.5    42    41     376    (-,-) 
  conv/g67654/ZN                                     -       A3->ZN F     ND4D1BWP30P140           1  1.4    36    31     408    (-,-) 
  conv/g67315/Z                                      -       A1->Z  F     OR2D1BWP30P140          29 31.2   132    93     500    (-,-) 
  conv/genblk1[2].multip/mul_153_63_g6016/ZN         -       I->ZN  R     CKND1BWP30P140           2  2.6    42    39     539    (-,-) 
  conv/genblk1[2].multip/mul_153_63_g6011/ZN         -       A1->ZN F     NR2OPTIBD1BWP30P140      2  2.5    22    19     558    (-,-) 
  conv/genblk1[2].multip/mul_153_63_g5986/ZN         -       A1->ZN R     NR2OPTIBD1BWP30P140      2  2.5    25    21     579    (-,-) 
  conv/genblk1[2].multip/mul_153_63_g5980/ZN         -       I->ZN  F     CKND1BWP30P140           1  1.4    13    12     591    (-,-) 
  conv/genblk1[2].multip/mul_153_63_g5948/Z          -       A1->Z  F     CKAN2D1BWP30P140        22 23.0    98    68     659    (-,-) 
  conv/genblk1[2].multip/mul_153_63_g5880/ZN         -       A2->ZN R     OAI21D1BWP30P140         1  2.1    38    41     700    (-,-) 
  conv/genblk1[2].multip/mul_153_63_g5811/ZN         -       A1->ZN R     XNR2UD1BWP30P140         1  2.7    57    28     729    (-,-) 
  conv/genblk1[2].multip/mul_153_63_g5760/CO         -       B->CO  R     HA1D1BWP30P140           2  3.2    20    30     759    (-,-) 
  conv/genblk1[2].multip/mul_153_63_g5758/ZN         -       A1->ZN R     INR2D1BWP30P140          1  2.7    32    28     787    (-,-) 
  conv/genblk1[2].multip/mul_153_63_g5716/CO         -       B->CO  R     HA1D1BWP30P140           1  2.8    16    26     813    (-,-) 
  conv/genblk1[2].multip/mul_153_63_cdnfadd_006_0/CO -       B->CO  R     FA1D1BWP30P140           1  2.3    18    31     844    (-,-) 
  conv/genblk1[2].multip/mul_153_63_cdnfadd_007_0/S  -       CI->S  F     FA1D1BWP30P140           1  1.5    16    48     892    (-,-) 
  conv/genblk1[2].multip/mul_153_63_g5650/ZN         -       I->ZN  R     CKND1BWP30P140           2  2.6    16    15     907    (-,-) 
  conv/genblk1[2].multip/mul_153_63_g5643/Z          -       A1->Z  R     CKAN2D1BWP30P140         2  2.7    16    22     929    (-,-) 
  conv/genblk1[2].multip/mul_153_63_g5642/Z          -       B->Z   R     AO21D1BWP30P140          2  2.5    15    22     951    (-,-) 
  conv/genblk1[2].multip/mul_153_63_g5631/ZN         -       A1->ZN R     IAO21D1BWP30P140         1  1.5    20    23     974    (-,-) 
  conv/genblk1[2].multip/mul_153_63_g5625/ZN         -       B->ZN  F     OAI31D1BWP30P140         1  2.2    34    26    1000    (-,-) 
  conv/genblk1[2].multip/mul_153_63_g5593/CO         -       CI->CO F     FA1D1BWP30P140           1  2.2    16    38    1039    (-,-) 
  conv/genblk1[2].multip/mul_153_63_g5566/CO         -       CI->CO F     FA1D1BWP30P140           1  2.2    16    32    1071    (-,-) 
  conv/genblk1[2].multip/mul_153_63_g5546/CO         -       CI->CO F     FA1D1BWP30P140           1  2.2    16    32    1103    (-,-) 
  conv/genblk1[2].multip/mul_153_63_g5528/CO         -       CI->CO F     FA1D1BWP30P140           1  2.2    16    32    1135    (-,-) 
  conv/genblk1[2].multip/mul_153_63_g5521/CO         -       CI->CO F     FA1D1BWP30P140           1  2.2    16    32    1167    (-,-) 
  conv/genblk1[2].multip/mul_153_63_g5516/CO         -       CI->CO F     FA1D1BWP30P140           1  2.2    16    32    1200    (-,-) 
  conv/genblk1[2].multip/mul_153_63_g5513/CO         -       CI->CO F     FA1D1BWP30P140           1  2.2    16    32    1232    (-,-) 
  conv/genblk1[2].multip/mul_153_63_g5507/CO         -       CI->CO F     FA1D1BWP30P140           2  2.6    17    33    1265    (-,-) 
  conv/genblk1[2].multip/mul_153_63_g5501/ZN         -       A1->ZN R     CKND2D1BWP30P140         2  2.5    24    19    1284    (-,-) 
  conv/genblk1[2].multip/mul_153_63_g5495/ZN         -       A1->ZN R     IND2D1BWP30P140          2  2.6    17    22    1306    (-,-) 
  conv/genblk1[2].multip/mul_153_63_g5486/Z          -       A1->Z  R     OR3D1BWP30P140           2  2.6    15    26    1332    (-,-) 
  conv/genblk1[2].multip/mul_153_63_g5451/ZN         -       A2->ZN F     OAI21D1BWP30P140         3  3.9    40    28    1360    (-,-) 
  conv/genblk1[2].multip/mul_153_63_g5450/Z          -       A1->Z  F     AN3D1BWP30P140           1  1.6    11    27    1387    (-,-) 
  conv/genblk1[2].multip/mul_153_63_g5448/Z          -       B->Z   F     AO211D1BWP30P140         1  2.2    16    34    1421    (-,-) 
  conv/genblk1[2].multip/mul_153_63_g5445/CO         -       CI->CO F     FA1D1BWP30P140           1  1.5    13    30    1451    (-,-) 
  conv/genblk1[2].multip/mul_153_63_g5444/Z          -       A3->Z  F     XOR3UD1BWP30P140         1  1.5    22    25    1475    (-,-) 
  conv/g72229/ZN                                     -       I->ZN  R     INVD1BWP30P140          16 18.0    77    53    1528    (-,-) 
  conv/g71190/ZN                                     -       B2->ZN F     OAI221D1BWP30P140        1  1.5    76    41    1569    (-,-) 
  conv/r_feat_reg[20][19]/D                          <<<     -      F     DFQD2BWP30P140           1    -     -     0    1569    (-,-) 
#--------------------------------------------------------------------------------------------------------------------------------------


