============================================================
  Generated by:           Genus(TM) Synthesis Solution 21.12-s068_1
  Generated on:           Jan 23 2026  09:13:53 pm
  Module:                 System
  Operating conditions:   ssg0p81v125c 
  Interconnect mode:      global
  Area mode:              physical library
============================================================


Path 1: MET (1 ps) Setup Check with Pin conv/r_feat_reg[29][19]/CP->D
           View: analysis_view_0p81v_125c_capwst_slowest
          Group: clk
     Startpoint: (R) conv/r_idx_in_reg[0]/CP
          Clock: (R) clk
       Endpoint: (F) conv/r_feat_reg[29][19]/D
          Clock: (R) clk

                     Capture       Launch     
        Clock Edge:+    2000            0     
       Src Latency:+       0            0     
       Net Latency:+       0 (I)        0 (I) 
           Arrival:=    2000            0     
                                              
             Setup:-      20                  
     Required Time:=    1980                  
      Launch Clock:-       0                  
         Data Path:-    1980                  
             Slack:=       1                  

#-----------------------------------------------------------------------------------------------------------------------------
#               Timing Point                 Flags    Arc   Edge        Cell         Fanout Load Trans Delay Arrival Instance 
#                                                                                           (fF)  (ps)  (ps)   (ps)  Location 
#-----------------------------------------------------------------------------------------------------------------------------
  conv/r_idx_in_reg[0]/CP                    -       -      R     (arrival)              26    -     0     0       0    (-,-) 
  conv/r_idx_in_reg[0]/Q                     -       CP->Q  F     DFKCND1BWP30P140        6  8.0    45    84      84    (-,-) 
  conv/mux_mult/g199/ZN                      -       I->ZN  R     CKND2BWP30P140          4  6.9    29    29     113    (-,-) 
  conv/mux_mult/g198/ZN                      -       A1->ZN F     NR2D1BWP30P140          1  1.3    23    14     127    (-,-) 
  conv/mux_mult/g206/ZN                      -       A1->ZN F     IOA21D2BWP30P140        5  6.0    35    39     167    (-,-) 
  conv/mux_mult/g2/ZN                        -       A1->ZN F     IND2D2BWP30P140         4  5.4    33    38     204    (-,-) 
  conv/g70372/ZN                             -       A1->ZN R     NR2D2BWP30P140          3  4.0    31    27     232    (-,-) 
  conv/g70125/Z                              -       A1->Z  R     AN3D0BWP30P140          3  4.5    52    64     295    (-,-) 
  conv/g69575/Z                              -       A1->Z  R     AN2D4BWP30P140         80 68.8    90    78     374    (-,-) 
  conv/g68114/Z                              -       A1->Z  R     AO22D0BWP30P140         1  1.9    30    50     423    (-,-) 
  conv/g67279/Z                              -       A1->Z  R     OR4D4BWP30P140         12 13.2    25    50     473    (-,-) 
  conv/genblk1[3].multip/mul_153_63_g7566/ZN -       I->ZN  F     CKND2BWP30P140         12 12.3    38    29     502    (-,-) 
  conv/genblk1[3].multip/mul_153_63_g7568/Z  -       I0->Z  F     MUX2D4BWP30P140        19 16.9    32    51     553    (-,-) 
  conv/genblk1[3].multip/mul_153_63_g7462/ZN -       I->ZN  R     CKND1BWP30P140          4  3.8    30    28     581    (-,-) 
  conv/genblk1[3].multip/mul_153_63_g7328/Z  -       A1->Z  R     OR2D0BWP30P140         19 16.9   174   113     694    (-,-) 
  conv/genblk1[3].multip/mul_153_63_g7194/ZN -       A1->ZN F     OAI22D1BWP30P140        1  2.6    72    50     745    (-,-) 
  conv/genblk1[3].multip/mul_153_63_g7106/S  -       B->S   F     FA1D1BWP30P140          1  1.9    26    79     824    (-,-) 
  conv/genblk1[3].multip/mul_153_63_g7061/ZN -       A->ZN  R     MAOI222D1BWP30P140      1  1.9    44    35     859    (-,-) 
  conv/genblk1[3].multip/mul_153_63_g7031/ZN -       B->ZN  F     MAOI222D1BWP30P140      1  1.9    45    39     898    (-,-) 
  conv/genblk1[3].multip/mul_153_63_g7019/ZN -       B->ZN  R     MAOI222D1BWP30P140      1  1.9    44    41     938    (-,-) 
  conv/genblk1[3].multip/mul_153_63_g7010/ZN -       B->ZN  F     MAOI222D1BWP30P140      1  2.1    47    40     979    (-,-) 
  conv/genblk1[3].multip/mul_153_63_g6996/CO -       CI->CO F     FA1D1BWP30P140          1  2.1    22    52    1031    (-,-) 
  conv/genblk1[3].multip/mul_153_63_g6987/CO -       CI->CO F     FA1D1BWP30P140          1  2.1    21    44    1074    (-,-) 
  conv/genblk1[3].multip/mul_153_63_g6981/CO -       CI->CO F     FA1D1BWP30P140          1  2.1    21    43    1117    (-,-) 
  conv/genblk1[3].multip/mul_153_63_g6978/CO -       CI->CO F     FA1D1BWP30P140          1  2.1    21    43    1161    (-,-) 
  conv/genblk1[3].multip/mul_153_63_g6977/CO -       CI->CO F     FA1D1BWP30P140          1  2.1    21    43    1204    (-,-) 
  conv/genblk1[3].multip/mul_153_63_g6976/CO -       CI->CO F     FA1D1BWP30P140          1  2.1    21    43    1247    (-,-) 
  conv/genblk1[3].multip/mul_153_63_g6975/CO -       CI->CO F     FA1D1BWP30P140          1  2.1    21    43    1291    (-,-) 
  conv/genblk1[3].multip/mul_153_63_g6974/CO -       CI->CO F     FA1D1BWP30P140          1  2.1    21    43    1334    (-,-) 
  conv/genblk1[3].multip/mul_153_63_g6973/CO -       CI->CO F     FA1D1BWP30P140          1  2.1    21    43    1377    (-,-) 
  conv/genblk1[3].multip/mul_153_63_g6972/CO -       CI->CO F     FA1D1BWP30P140          1  2.1    21    43    1420    (-,-) 
  conv/genblk1[3].multip/mul_153_63_g6971/CO -       CI->CO F     FA1D1BWP30P140          1  2.1    21    43    1464    (-,-) 
  conv/genblk1[3].multip/mul_153_63_g6970/CO -       CI->CO F     FA1D1BWP30P140          1  2.1    21    43    1507    (-,-) 
  conv/genblk1[3].multip/mul_153_63_g6969/CO -       CI->CO F     FA1D1BWP30P140          1  2.1    21    43    1550    (-,-) 
  conv/genblk1[3].multip/mul_153_63_g6968/CO -       CI->CO F     FA1D1BWP30P140          1  2.1    21    43    1594    (-,-) 
  conv/genblk1[3].multip/mul_153_63_g6967/CO -       CI->CO F     FA1D1BWP30P140          1  2.1    21    43    1637    (-,-) 
  conv/genblk1[3].multip/mul_153_63_g6966/CO -       CI->CO F     FA1D1BWP30P140          1  2.1    21    43    1680    (-,-) 
  conv/genblk1[3].multip/mul_153_63_g6965/CO -       CI->CO F     FA1D1BWP30P140          1  2.1    21    43    1724    (-,-) 
  conv/genblk1[3].multip/mul_153_63_g6964/CO -       CI->CO F     FA1D1BWP30P140          1  2.1    21    43    1767    (-,-) 
  conv/genblk1[3].multip/mul_153_63_g6963/CO -       CI->CO F     FA1D1BWP30P140          1  1.4    18    40    1807    (-,-) 
  conv/genblk1[3].multip/mul_153_63_g6962/Z  -       A3->Z  F     XOR3D1BWP30P140        14 12.5    71    67    1874    (-,-) 
  conv/g71073/ZN                             -       A1->ZN R     AOI222D1BWP30P140       1  1.4    90    51    1925    (-,-) 
  conv/g70638/ZN                             -       C->ZN  F     OAI221D1BWP30P140       1  1.3    79    54    1979    (-,-) 
  conv/r_feat_reg[29][19]/D                  <<<     -      F     DFQD2BWP30P140          1    -     -     0    1980    (-,-) 
#-----------------------------------------------------------------------------------------------------------------------------


