#-----------------------------------------------------------
# Vivado v2023.2 (64-bit)
# SW Build 4029153 on Fri Oct 13 20:13:54 MDT 2023
# IP Build 4028589 on Sat Oct 14 00:45:43 MDT 2023
# SharedData Build 4025554 on Tue Oct 10 17:18:54 MDT 2023
# Start of session at: Mon Sep 28 15:11:56 2026
# Process ID: 1899594
# Current directory: /tmp/fastconv-stream08-49e2a22b/rtl/conv2x2/fpga_zcu104/stream08_pipeline_campaign/reports/rowconst4/top
# Command line: vivado -mode batch -source /tmp/fastconv-stream08-49e2a22b/rtl/conv2x2/fpga_zcu104/column_power_comparison/scripts/power_vectorless.tcl -log /tmp/fastconv-stream08-49e2a22b/rtl/conv2x2/fpga_zcu104/stream08_pipeline_campaign/reports/wstream4.vectorless.vivado.log -journal /tmp/fastconv-stream08-49e2a22b/rtl/conv2x2/fpga_zcu104/stream08_pipeline_campaign/reports/wstream4.vectorless.vivado.jou -tclargs /tmp/fastconv-stream08-49e2a22b/rtl/conv2x2/fpga_zcu104/stream08_pipeline_campaign wstream4
# Log file: /tmp/fastconv-stream08-49e2a22b/rtl/conv2x2/fpga_zcu104/stream08_pipeline_campaign/reports/wstream4.vectorless.vivado.log
# Journal file: /tmp/fastconv-stream08-49e2a22b/rtl/conv2x2/fpga_zcu104/stream08_pipeline_campaign/reports/wstream4.vectorless.vivado.jou
# Running On: paxos.inf.pucrs.br, OS: Linux, CPU Frequency: 3100.000 MHz, CPU Physical cores: 14, Host memory: 134319 MB
#-----------------------------------------------------------
source /tmp/fastconv-stream08-49e2a22b/rtl/conv2x2/fpga_zcu104/column_power_comparison/scripts/power_vectorless.tcl
# if {$argc != 2} { error "usage: power_vectorless.tcl <bench-dir> <run>" }
# set bench_dir [file normalize [lindex $argv 0]]
# set run_name [lindex $argv 1]
# set run_dir [file join $bench_dir reports $run_name]
# foreach corner {typical maximum} {
#   open_checkpoint [file join $run_dir design_routed.dcp]
#   reset_switching_activity -all
#   reset_operating_conditions
#   set_operating_conditions -process $corner -ambient_temp 25
#   report_operating_conditions -file [file join $run_dir operating_conditions_vectorless_${corner}.rpt]
#   report_power -hier all -file [file join $run_dir power_vectorless_${corner}.rpt]
#   close_design
# }
Command: open_checkpoint /tmp/fastconv-stream08-49e2a22b/rtl/conv2x2/fpga_zcu104/stream08_pipeline_campaign/reports/wstream4/design_routed.dcp

Starting open_checkpoint Task

Time (s): cpu = 00:00:00.02 ; elapsed = 00:00:00.03 . Memory (MB): peak = 1360.062 ; gain = 0.000 ; free physical = 45719 ; free virtual = 126241
INFO: [Device 21-403] Loading part xczu7ev-ffvc1156-2-e
Netlist sorting complete. Time (s): cpu = 00:00:00.02 ; elapsed = 00:00:00.02 . Memory (MB): peak = 2417.141 ; gain = 0.000 ; free physical = 44661 ; free virtual = 125183
INFO: [Netlist 29-17] Analyzing 483 Unisim elements for replacement
INFO: [Netlist 29-28] Unisim Transformation completed in 0 CPU seconds
INFO: [Project 1-479] Netlist was created with Vivado 2023.2
INFO: [Project 1-570] Preparing netlist for logic optimization
Read ShapeDB Complete: Time (s): cpu = 00:00:00.01 ; elapsed = 00:00:00.01 . Memory (MB): peak = 2417.141 ; gain = 0.000 ; free physical = 44662 ; free virtual = 125184
INFO: [Timing 38-478] Restoring timing data from binary archive.
INFO: [Timing 38-479] Binary timing data restore complete.
INFO: [Project 1-856] Restoring constraints from binary archive.
INFO: [Project 1-853] Binary constraint restore complete.
INFO: [Designutils 20-5722] Start Reading Physical Databases.
Reading placement.
Read Netlist Cache: Time (s): cpu = 00:00:00.01 ; elapsed = 00:00:00.01 . Memory (MB): peak = 2869.125 ; gain = 0.000 ; free physical = 44380 ; free virtual = 124902
Reading placer database...
Read Device Cache: Time (s): cpu = 00:00:00.02 ; elapsed = 00:00:00.02 . Memory (MB): peak = 2869.125 ; gain = 0.000 ; free physical = 44375 ; free virtual = 124897
Read PlaceDB: Time (s): cpu = 00:00:00.19 ; elapsed = 00:00:00.19 . Memory (MB): peak = 2869.125 ; gain = 0.000 ; free physical = 44372 ; free virtual = 124893
Read PulsedLatchDB: Time (s): cpu = 00:00:00 ; elapsed = 00:00:00 . Memory (MB): peak = 2869.125 ; gain = 0.000 ; free physical = 44372 ; free virtual = 124893
Reading routing.
Read RouteStorage: Time (s): cpu = 00:00:00.12 ; elapsed = 00:00:00.12 . Memory (MB): peak = 2886.938 ; gain = 17.812 ; free physical = 44371 ; free virtual = 124892
Read Physdb Files: Time (s): cpu = 00:00:00.34 ; elapsed = 00:00:00.35 . Memory (MB): peak = 2886.938 ; gain = 17.812 ; free physical = 44371 ; free virtual = 124892
Restored from archive | CPU: 0.380000 secs | Memory: 9.147552 MB |
Finished XDEF File Restore: Time (s): cpu = 00:00:00.37 ; elapsed = 00:00:00.38 . Memory (MB): peak = 2886.938 ; gain = 17.812 ; free physical = 44371 ; free virtual = 124892
Netlist sorting complete. Time (s): cpu = 00:00:00 ; elapsed = 00:00:00.01 . Memory (MB): peak = 3266.547 ; gain = 0.000 ; free physical = 43967 ; free virtual = 124489
INFO: [Project 1-111] Unisim Transformation Summary:
  A total of 53 instances were transformed.
  DSP48E2 => DSP48E2 (DSP_ALU, DSP_A_B_DATA, DSP_C_DATA, DSP_MULTIPLIER, DSP_M_DATA, DSP_OUTPUT, DSP_PREADD, DSP_PREADD_DATA): 8 instances
  IBUF => IBUF (IBUFCTRL, INBUF): 45 instances

INFO: [Project 1-604] Checkpoint was created with Vivado v2023.2 (64-bit) build 4029153
open_checkpoint: Time (s): cpu = 00:00:20 ; elapsed = 00:00:21 . Memory (MB): peak = 3266.582 ; gain = 1906.520 ; free physical = 43967 ; free virtual = 124489
Command: report_power -hier all -file /tmp/fastconv-stream08-49e2a22b/rtl/conv2x2/fpga_zcu104/stream08_pipeline_campaign/reports/wstream4/power_vectorless_typical.rpt
Running Vector-less Activity Propagation...

Finished Running Vector-less Activity Propagation
12 Infos, 0 Warnings, 0 Critical Warnings and 0 Errors encountered.
report_power completed successfully
report_power: Time (s): cpu = 00:00:12 ; elapsed = 00:00:07 . Memory (MB): peak = 3647.820 ; gain = 187.098 ; free physical = 43803 ; free virtual = 124324
Command: open_checkpoint /tmp/fastconv-stream08-49e2a22b/rtl/conv2x2/fpga_zcu104/stream08_pipeline_campaign/reports/wstream4/design_routed.dcp

Starting open_checkpoint Task

Time (s): cpu = 00:00:00 ; elapsed = 00:00:00 . Memory (MB): peak = 3647.820 ; gain = 0.000 ; free physical = 43802 ; free virtual = 124323
Netlist sorting complete. Time (s): cpu = 00:00:00.02 ; elapsed = 00:00:00.03 . Memory (MB): peak = 3647.820 ; gain = 0.000 ; free physical = 43802 ; free virtual = 124323
INFO: [Netlist 29-17] Analyzing 483 Unisim elements for replacement
INFO: [Netlist 29-28] Unisim Transformation completed in 0 CPU seconds
INFO: [Project 1-479] Netlist was created with Vivado 2023.2
INFO: [Project 1-570] Preparing netlist for logic optimization
Read ShapeDB Complete: Time (s): cpu = 00:00:00.01 ; elapsed = 00:00:00.01 . Memory (MB): peak = 3647.820 ; gain = 0.000 ; free physical = 43802 ; free virtual = 124324
INFO: [Timing 38-478] Restoring timing data from binary archive.
INFO: [Timing 38-479] Binary timing data restore complete.
INFO: [Project 1-856] Restoring constraints from binary archive.
INFO: [Project 1-853] Binary constraint restore complete.
INFO: [Designutils 20-5722] Start Reading Physical Databases.
Reading placement.
Read Netlist Cache: Time (s): cpu = 00:00:00.01 ; elapsed = 00:00:00.01 . Memory (MB): peak = 3647.820 ; gain = 0.000 ; free physical = 43788 ; free virtual = 124310
Reading placer database...
Read Device Cache: Time (s): cpu = 00:00:00.02 ; elapsed = 00:00:00.03 . Memory (MB): peak = 3647.820 ; gain = 0.000 ; free physical = 43788 ; free virtual = 124310
Read PlaceDB: Time (s): cpu = 00:00:00.2 ; elapsed = 00:00:00.19 . Memory (MB): peak = 3647.820 ; gain = 0.000 ; free physical = 43788 ; free virtual = 124309
Read PulsedLatchDB: Time (s): cpu = 00:00:00 ; elapsed = 00:00:00 . Memory (MB): peak = 3647.820 ; gain = 0.000 ; free physical = 43788 ; free virtual = 124309
Reading routing.
Read RouteStorage: Time (s): cpu = 00:00:00.11 ; elapsed = 00:00:00.12 . Memory (MB): peak = 3647.820 ; gain = 0.000 ; free physical = 43788 ; free virtual = 124309
Read Physdb Files: Time (s): cpu = 00:00:00.35 ; elapsed = 00:00:00.36 . Memory (MB): peak = 3647.820 ; gain = 0.000 ; free physical = 43788 ; free virtual = 124309
Restored from archive | CPU: 0.360000 secs | Memory: 8.087173 MB |
Finished XDEF File Restore: Time (s): cpu = 00:00:00.35 ; elapsed = 00:00:00.36 . Memory (MB): peak = 3647.820 ; gain = 0.000 ; free physical = 43788 ; free virtual = 124309
Netlist sorting complete. Time (s): cpu = 00:00:00.01 ; elapsed = 00:00:00 . Memory (MB): peak = 3647.820 ; gain = 0.000 ; free physical = 43788 ; free virtual = 124309
INFO: [Project 1-111] Unisim Transformation Summary:
  A total of 53 instances were transformed.
  DSP48E2 => DSP48E2 (DSP_ALU, DSP_A_B_DATA, DSP_C_DATA, DSP_MULTIPLIER, DSP_M_DATA, DSP_OUTPUT, DSP_PREADD, DSP_PREADD_DATA): 8 instances
  IBUF => IBUF (IBUFCTRL, INBUF): 45 instances

INFO: [Project 1-604] Checkpoint was created with Vivado v2023.2 (64-bit) build 4029153
Command: report_power -hier all -file /tmp/fastconv-stream08-49e2a22b/rtl/conv2x2/fpga_zcu104/stream08_pipeline_campaign/reports/wstream4/power_vectorless_maximum.rpt
Running Vector-less Activity Propagation...

Finished Running Vector-less Activity Propagation
11 Infos, 0 Warnings, 0 Critical Warnings and 0 Errors encountered.
report_power completed successfully
# exit
INFO: [Common 17-206] Exiting Vivado at Mon Sep 28 15:12:36 2026...
