#-----------------------------------------------------------
# Vivado v2023.2 (64-bit)
# SW Build 4029153 on Fri Oct 13 20:13:54 MDT 2023
# IP Build 4028589 on Sat Oct 14 00:45:43 MDT 2023
# SharedData Build 4025554 on Tue Oct 10 17:18:54 MDT 2023
# Start of session at: Mon Sep 28 15:12:38 2026
# Process ID: 1900340
# Current directory: /tmp/fastconv-stream08-49e2a22b/rtl/conv2x2/fpga_zcu104/stream08_pipeline_campaign/reports/rowconst4/top
# Command line: vivado -mode batch -source /tmp/fastconv-stream08-49e2a22b/rtl/conv2x2/fpga_zcu104/column_power_comparison/scripts/prepare_funcsim.tcl -log /tmp/fastconv-stream08-49e2a22b/rtl/conv2x2/fpga_zcu104/stream08_pipeline_campaign/reports/wstream4.funcsim_prepare.vivado.log -journal /tmp/fastconv-stream08-49e2a22b/rtl/conv2x2/fpga_zcu104/stream08_pipeline_campaign/reports/wstream4.funcsim_prepare.vivado.jou -tclargs /tmp/fastconv-stream08-49e2a22b/rtl/conv2x2/fpga_zcu104/stream08_pipeline_campaign/reports/wstream4/design_routed.dcp /tmp/fastconv-stream08-49e2a22b/rtl/conv2x2/fpga_zcu104/stream08_pipeline_campaign/reports/wstream4/design_routed_funcsim.v /tmp/fastconv-stream08-49e2a22b/rtl/conv2x2/fpga_zcu104/stream08_pipeline_campaign/reports/simlibs_unisim
# Log file: /tmp/fastconv-stream08-49e2a22b/rtl/conv2x2/fpga_zcu104/stream08_pipeline_campaign/reports/wstream4.funcsim_prepare.vivado.log
# Journal file: /tmp/fastconv-stream08-49e2a22b/rtl/conv2x2/fpga_zcu104/stream08_pipeline_campaign/reports/wstream4.funcsim_prepare.vivado.jou
# Running On: paxos.inf.pucrs.br, OS: Linux, CPU Frequency: 3100.000 MHz, CPU Physical cores: 14, Host memory: 134319 MB
#-----------------------------------------------------------
source /tmp/fastconv-stream08-49e2a22b/rtl/conv2x2/fpga_zcu104/column_power_comparison/scripts/prepare_funcsim.tcl
# if {$argc != 3} { error "usage: prepare_funcsim.tcl <dcp> <netlist> <simlib-dir>" }
# set dcp [file normalize [lindex $argv 0]]
# set netlist [file normalize [lindex $argv 1]]
# set simlib_dir [file normalize [lindex $argv 2]]
# open_checkpoint $dcp
Command: open_checkpoint /tmp/fastconv-stream08-49e2a22b/rtl/conv2x2/fpga_zcu104/stream08_pipeline_campaign/reports/wstream4/design_routed.dcp

Starting open_checkpoint Task

Time (s): cpu = 00:00:00.03 ; elapsed = 00:00:00.03 . Memory (MB): peak = 1358.094 ; gain = 0.000 ; free physical = 45717 ; free virtual = 126239
INFO: [Device 21-403] Loading part xczu7ev-ffvc1156-2-e
Netlist sorting complete. Time (s): cpu = 00:00:00.02 ; elapsed = 00:00:00.02 . Memory (MB): peak = 2417.172 ; gain = 0.000 ; free physical = 44665 ; free virtual = 125187
INFO: [Netlist 29-17] Analyzing 483 Unisim elements for replacement
INFO: [Netlist 29-28] Unisim Transformation completed in 0 CPU seconds
INFO: [Project 1-479] Netlist was created with Vivado 2023.2
INFO: [Project 1-570] Preparing netlist for logic optimization
Read ShapeDB Complete: Time (s): cpu = 00:00:00.01 ; elapsed = 00:00:00.01 . Memory (MB): peak = 2417.172 ; gain = 0.000 ; free physical = 44666 ; free virtual = 125188
INFO: [Timing 38-478] Restoring timing data from binary archive.
INFO: [Timing 38-479] Binary timing data restore complete.
INFO: [Project 1-856] Restoring constraints from binary archive.
INFO: [Project 1-853] Binary constraint restore complete.
INFO: [Designutils 20-5722] Start Reading Physical Databases.
Reading placement.
Read Netlist Cache: Time (s): cpu = 00:00:00.01 ; elapsed = 00:00:00 . Memory (MB): peak = 2870.156 ; gain = 0.000 ; free physical = 44380 ; free virtual = 124901
Reading placer database...
Read Device Cache: Time (s): cpu = 00:00:00.02 ; elapsed = 00:00:00.02 . Memory (MB): peak = 2870.156 ; gain = 0.000 ; free physical = 44377 ; free virtual = 124899
Read PlaceDB: Time (s): cpu = 00:00:00.19 ; elapsed = 00:00:00.19 . Memory (MB): peak = 2870.156 ; gain = 0.000 ; free physical = 44373 ; free virtual = 124895
Read PulsedLatchDB: Time (s): cpu = 00:00:00 ; elapsed = 00:00:00 . Memory (MB): peak = 2870.156 ; gain = 0.000 ; free physical = 44373 ; free virtual = 124895
Reading routing.
Read RouteStorage: Time (s): cpu = 00:00:00.12 ; elapsed = 00:00:00.12 . Memory (MB): peak = 2887.969 ; gain = 17.812 ; free physical = 44372 ; free virtual = 124894
Read Physdb Files: Time (s): cpu = 00:00:00.35 ; elapsed = 00:00:00.35 . Memory (MB): peak = 2887.969 ; gain = 17.812 ; free physical = 44372 ; free virtual = 124894
Restored from archive | CPU: 0.390000 secs | Memory: 9.147552 MB |
Finished XDEF File Restore: Time (s): cpu = 00:00:00.38 ; elapsed = 00:00:00.39 . Memory (MB): peak = 2887.969 ; gain = 17.812 ; free physical = 44372 ; free virtual = 124894
Netlist sorting complete. Time (s): cpu = 00:00:00 ; elapsed = 00:00:00 . Memory (MB): peak = 3268.195 ; gain = 0.000 ; free physical = 43970 ; free virtual = 124492
INFO: [Project 1-111] Unisim Transformation Summary:
  A total of 53 instances were transformed.
  DSP48E2 => DSP48E2 (DSP_ALU, DSP_A_B_DATA, DSP_C_DATA, DSP_MULTIPLIER, DSP_M_DATA, DSP_OUTPUT, DSP_PREADD, DSP_PREADD_DATA): 8 instances
  IBUF => IBUF (IBUFCTRL, INBUF): 45 instances

INFO: [Project 1-604] Checkpoint was created with Vivado v2023.2 (64-bit) build 4029153
open_checkpoint: Time (s): cpu = 00:00:20 ; elapsed = 00:00:21 . Memory (MB): peak = 3268.230 ; gain = 1910.137 ; free physical = 43969 ; free virtual = 124491
# write_verilog -force -mode funcsim $netlist
# close_design
# if {![file exists [file join $simlib_dir cds.lib]]} {
#   compile_simlib -simulator xcelium -family zynquplus -language verilog -library unisim -directory $simlib_dir -no_ip_compile -force
# } else {
#   puts "Reusing compiled Xcelium UNISIM library: $simlib_dir"
# }
Reusing compiled Xcelium UNISIM library: /tmp/fastconv-stream08-49e2a22b/rtl/conv2x2/fpga_zcu104/stream08_pipeline_campaign/reports/simlibs_unisim
# exit
INFO: [Common 17-206] Exiting Vivado at Mon Sep 28 15:13:02 2026...
