============================================================
  Generated by:           Genus(TM) Synthesis Solution 21.12-s068_1
  Generated on:           Mar 27 2026  10:51:38 pm
  Module:                 Conv
  Library domain:         timing_cond_0p81v_125c
    Domain index:         0
    Technology library:   tcbn28hpcplusbwp30p140ssg0p81v125c 110
  Operating conditions:   ssg0p81v125c 
  Interconnect mode:      global
  Area mode:              physical library
============================================================

                                                                                    Library 
          Gate           Instances    Area                   Library                 Domain 
--------------------------------------------------------------------------------------------
AN2D1BWP30P140                  24     12.096    tcbn28hpcplusbwp30p140ssg0p81v125c       0 
AN2D2BWP30P140                  45     28.350    tcbn28hpcplusbwp30p140ssg0p81v125c       0 
AN2D4BWP30P140                   9     10.206    tcbn28hpcplusbwp30p140ssg0p81v125c       0 
AN3D6BWP30P140                   1      1.638    tcbn28hpcplusbwp30p140ssg0p81v125c       0 
AO21D1BWP30P140                 82     51.660    tcbn28hpcplusbwp30p140ssg0p81v125c       0 
AO21D2BWP30P140                 19     14.364    tcbn28hpcplusbwp30p140ssg0p81v125c       0 
AO21D4BWP30P140                 11     15.246    tcbn28hpcplusbwp30p140ssg0p81v125c       0 
AO22D0BWP30P140                  4      3.024    tcbn28hpcplusbwp30p140ssg0p81v125c       0 
AO22D1BWP30P140                 13     11.466    tcbn28hpcplusbwp30p140ssg0p81v125c       0 
AO22D2BWP30P140                  9      9.072    tcbn28hpcplusbwp30p140ssg0p81v125c       0 
AO22D4BWP30P140                 69    121.716    tcbn28hpcplusbwp30p140ssg0p81v125c       0 
AOI21D1BWP30P140                83     41.832    tcbn28hpcplusbwp30p140ssg0p81v125c       0 
AOI21D2BWP30P140                48     42.336    tcbn28hpcplusbwp30p140ssg0p81v125c       0 
AOI21D4BWP30P140                52     91.728    tcbn28hpcplusbwp30p140ssg0p81v125c       0 
AOI21D6BWP30P140                 9     22.680    tcbn28hpcplusbwp30p140ssg0p81v125c       0 
AOI21OPTREPBD1BWP30P140         20     15.120    tcbn28hpcplusbwp30p140ssg0p81v125c       0 
AOI21OPTREPBD2BWP30P140          3      4.158    tcbn28hpcplusbwp30p140ssg0p81v125c       0 
AOI21OPTREPBD4BWP30P140          1      2.646    tcbn28hpcplusbwp30p140ssg0p81v125c       0 
AOI22D1BWP30P140               204    128.520    tcbn28hpcplusbwp30p140ssg0p81v125c       0 
AOI22D1P5BWP30P140               3      3.402    tcbn28hpcplusbwp30p140ssg0p81v125c       0 
AOI22D2BWP30P140               281    318.654    tcbn28hpcplusbwp30p140ssg0p81v125c       0 
AOI22D4BWP30P140                43     97.524    tcbn28hpcplusbwp30p140ssg0p81v125c       0 
AOI22D6BWP30P140                 3      9.828    tcbn28hpcplusbwp30p140ssg0p81v125c       0 
AOI31D2BWP30P140                 2      2.268    tcbn28hpcplusbwp30p140ssg0p81v125c       0 
AOI31D4BWP30P140                 2      4.536    tcbn28hpcplusbwp30p140ssg0p81v125c       0 
BUFFD12BWP30P140                 2      4.284    tcbn28hpcplusbwp30p140ssg0p81v125c       0 
BUFFD1P5BWP30P140               10      5.040    tcbn28hpcplusbwp30p140ssg0p81v125c       0 
BUFFD2BWP30P140                  5      2.520    tcbn28hpcplusbwp30p140ssg0p81v125c       0 
BUFFD3BWP30P140                  8      5.040    tcbn28hpcplusbwp30p140ssg0p81v125c       0 
BUFFD4BWP30P140                 47     41.454    tcbn28hpcplusbwp30p140ssg0p81v125c       0 
BUFFD6BWP30P140                  4      4.536    tcbn28hpcplusbwp30p140ssg0p81v125c       0 
BUFFD8BWP30P140                  4      6.048    tcbn28hpcplusbwp30p140ssg0p81v125c       0 
CKAN2D1BWP30P140                73     36.792    tcbn28hpcplusbwp30p140ssg0p81v125c       0 
CKAN2D2BWP30P140                 3      1.890    tcbn28hpcplusbwp30p140ssg0p81v125c       0 
CKAN2D4BWP30P140                 2      1.764    tcbn28hpcplusbwp30p140ssg0p81v125c       0 
CKAN2D8BWP30P140                 5      6.930    tcbn28hpcplusbwp30p140ssg0p81v125c       0 
CKBD1BWP30P140                   4      1.512    tcbn28hpcplusbwp30p140ssg0p81v125c       0 
CKBD3BWP30P140                   4      2.520    tcbn28hpcplusbwp30p140ssg0p81v125c       0 
CKBD4BWP30P140                  42     37.044    tcbn28hpcplusbwp30p140ssg0p81v125c       0 
CKBD6BWP30P140                  13     14.742    tcbn28hpcplusbwp30p140ssg0p81v125c       0 
CKLNQD1BWP30P140                11     20.790    tcbn28hpcplusbwp30p140ssg0p81v125c       0 
CKND12BWP30P140                  1      1.638    tcbn28hpcplusbwp30p140ssg0p81v125c       0 
CKND1BWP30P140                 738    185.976    tcbn28hpcplusbwp30p140ssg0p81v125c       0 
CKND2BWP30P140                 442    167.076    tcbn28hpcplusbwp30p140ssg0p81v125c       0 
CKND2D1BWP30P140                11      4.158    tcbn28hpcplusbwp30p140ssg0p81v125c       0 
CKND2D2BWP30P140                 6      3.780    tcbn28hpcplusbwp30p140ssg0p81v125c       0 
CKND2D3BWP30P140               155    136.710    tcbn28hpcplusbwp30p140ssg0p81v125c       0 
CKND2D4BWP30P140                58     65.772    tcbn28hpcplusbwp30p140ssg0p81v125c       0 
CKND2D8BWP30P140               104    222.768    tcbn28hpcplusbwp30p140ssg0p81v125c       0 
CKND3BWP30P140                  42     21.168    tcbn28hpcplusbwp30p140ssg0p81v125c       0 
CKND4BWP30P140                 131     82.530    tcbn28hpcplusbwp30p140ssg0p81v125c       0 
CKND6BWP30P140                  30     26.460    tcbn28hpcplusbwp30p140ssg0p81v125c       0 
CKND8BWP30P140                   1      1.134    tcbn28hpcplusbwp30p140ssg0p81v125c       0 
CKXOR2D2BWP30P140                2      2.268    tcbn28hpcplusbwp30p140ssg0p81v125c       0 
DEL025D1BWP30P140                3      1.134    tcbn28hpcplusbwp30p140ssg0p81v125c       0 
DFCND1BWP30P140                  3      7.560    tcbn28hpcplusbwp30p140ssg0p81v125c       0 
DFCNQD1BWP30P140               186    421.848    tcbn28hpcplusbwp30p140ssg0p81v125c       0 
EDFCND1BWP30P140                 1      3.024    tcbn28hpcplusbwp30p140ssg0p81v125c       0 
EDFCNQD1BWP30P140                3      8.694    tcbn28hpcplusbwp30p140ssg0p81v125c       0 
FA1D1BWP30P140                 419    897.498    tcbn28hpcplusbwp30p140ssg0p81v125c       0 
FA1D2BWP30P140                   1      2.394    tcbn28hpcplusbwp30p140ssg0p81v125c       0 
FA1D4BWP30P140                  79    288.666    tcbn28hpcplusbwp30p140ssg0p81v125c       0 
FA1OPTCD1BWP30P140              13     32.760    tcbn28hpcplusbwp30p140ssg0p81v125c       0 
FA1OPTCD2BWP30P140              33     99.792    tcbn28hpcplusbwp30p140ssg0p81v125c       0 
HA1D1BWP30P140                  15     24.570    tcbn28hpcplusbwp30p140ssg0p81v125c       0 
HA1D2BWP30P140                  15     28.350    tcbn28hpcplusbwp30p140ssg0p81v125c       0 
HA1D4BWP30P140                   7     20.286    tcbn28hpcplusbwp30p140ssg0p81v125c       0 
IAO21D0BWP30P140                 4      2.520    tcbn28hpcplusbwp30p140ssg0p81v125c       0 
IAO21D1BWP30P140                74     46.620    tcbn28hpcplusbwp30p140ssg0p81v125c       0 
IAO21D2BWP30P140               296    261.072    tcbn28hpcplusbwp30p140ssg0p81v125c       0 
IAO21D4BWP30P140                12     18.144    tcbn28hpcplusbwp30p140ssg0p81v125c       0 
IAO22D1BWP30P140                38     33.516    tcbn28hpcplusbwp30p140ssg0p81v125c       0 
IAO22D2BWP30P140               308    426.888    tcbn28hpcplusbwp30p140ssg0p81v125c       0 
IAO22D4BWP30P140               442   1058.148    tcbn28hpcplusbwp30p140ssg0p81v125c       0 
IND2D1BWP30P140                139     70.056    tcbn28hpcplusbwp30p140ssg0p81v125c       0 
IND2D2BWP30P140                 45     34.020    tcbn28hpcplusbwp30p140ssg0p81v125c       0 
IND2D4BWP30P140                 16     22.176    tcbn28hpcplusbwp30p140ssg0p81v125c       0 
IND3D1BWP30P140                  1      0.630    tcbn28hpcplusbwp30p140ssg0p81v125c       0 
IND3D2BWP30P140                  1      1.134    tcbn28hpcplusbwp30p140ssg0p81v125c       0 
INR2D1BWP30P140                312    157.248    tcbn28hpcplusbwp30p140ssg0p81v125c       0 
INR2D2BWP30P140                 94     71.064    tcbn28hpcplusbwp30p140ssg0p81v125c       0 
INR2D4BWP30P140                 25     34.650    tcbn28hpcplusbwp30p140ssg0p81v125c       0 
INR3D0BWP30P140                  1      0.630    tcbn28hpcplusbwp30p140ssg0p81v125c       0 
INR3D1BWP30P140                  4      4.032    tcbn28hpcplusbwp30p140ssg0p81v125c       0 
INVD0P7BWP30P140                 2      0.504    tcbn28hpcplusbwp30p140ssg0p81v125c       0 
INVD12BWP30P140                 20     32.760    tcbn28hpcplusbwp30p140ssg0p81v125c       0 
INVD15BWP30P140                  7     14.112    tcbn28hpcplusbwp30p140ssg0p81v125c       0 
INVD16BWP30P140                  1      2.142    tcbn28hpcplusbwp30p140ssg0p81v125c       0 
INVD18BWP30P140                  6     14.364    tcbn28hpcplusbwp30p140ssg0p81v125c       0 
INVD1BWP30P140                  54     13.608    tcbn28hpcplusbwp30p140ssg0p81v125c       0 
INVD1P5BWP30P140                24      9.072    tcbn28hpcplusbwp30p140ssg0p81v125c       0 
INVD2BWP30P140                 133     50.274    tcbn28hpcplusbwp30p140ssg0p81v125c       0 
INVD3BWP30P140                 270    136.080    tcbn28hpcplusbwp30p140ssg0p81v125c       0 
INVD4BWP30P140                  29     18.270    tcbn28hpcplusbwp30p140ssg0p81v125c       0 
INVD6BWP30P140                  82     72.324    tcbn28hpcplusbwp30p140ssg0p81v125c       0 
INVD8BWP30P140                  38     43.092    tcbn28hpcplusbwp30p140ssg0p81v125c       0 
INVD9BWP30P140                  11     13.860    tcbn28hpcplusbwp30p140ssg0p81v125c       0 
IOA21D0BWP30P140                 2      1.260    tcbn28hpcplusbwp30p140ssg0p81v125c       0 
IOA21D1BWP30P140                37     23.310    tcbn28hpcplusbwp30p140ssg0p81v125c       0 
IOA21D2BWP30P140               112     98.784    tcbn28hpcplusbwp30p140ssg0p81v125c       0 
IOA21D4BWP30P140                 8     11.088    tcbn28hpcplusbwp30p140ssg0p81v125c       0 
IOA22D1BWP30P140                 8      7.056    tcbn28hpcplusbwp30p140ssg0p81v125c       0 
IOA22D2BWP30P140                23     28.980    tcbn28hpcplusbwp30p140ssg0p81v125c       0 
IOA22D4BWP30P140                 2      4.788    tcbn28hpcplusbwp30p140ssg0p81v125c       0 
MAOI222D1BWP30P140             413    312.228    tcbn28hpcplusbwp30p140ssg0p81v125c       0 
MAOI222D2BWP30P140              77    126.126    tcbn28hpcplusbwp30p140ssg0p81v125c       0 
MAOI222D4BWP30P140              30     86.940    tcbn28hpcplusbwp30p140ssg0p81v125c       0 
MAOI22D1BWP30P140               36     27.216    tcbn28hpcplusbwp30p140ssg0p81v125c       0 
MAOI22D2BWP30P140               16     20.160    tcbn28hpcplusbwp30p140ssg0p81v125c       0 
MAOI22D4BWP30P140               12     27.216    tcbn28hpcplusbwp30p140ssg0p81v125c       0 
MOAI22D1BWP30P140               16     12.096    tcbn28hpcplusbwp30p140ssg0p81v125c       0 
MOAI22D2BWP30P140               22     27.720    tcbn28hpcplusbwp30p140ssg0p81v125c       0 
MOAI22D4BWP30P140                3      6.804    tcbn28hpcplusbwp30p140ssg0p81v125c       0 
MUX2D1BWP30P140                  2      2.016    tcbn28hpcplusbwp30p140ssg0p81v125c       0 
MUX2D2BWP30P140                  1      1.134    tcbn28hpcplusbwp30p140ssg0p81v125c       0 
MUX2D4BWP30P140                 10     17.640    tcbn28hpcplusbwp30p140ssg0p81v125c       0 
MUX2ND0BWP30P140                 1      0.756    tcbn28hpcplusbwp30p140ssg0p81v125c       0 
MUX2ND1BWP30P140                 2      2.520    tcbn28hpcplusbwp30p140ssg0p81v125c       0 
MUX2ND2BWP30P140                93    117.180    tcbn28hpcplusbwp30p140ssg0p81v125c       0 
MUX2ND4BWP30P140                 1      2.016    tcbn28hpcplusbwp30p140ssg0p81v125c       0 
MUX2NOPTD2BWP30P140            545    755.370    tcbn28hpcplusbwp30p140ssg0p81v125c       0 
MUX2NOPTD4BWP30P140             56    141.120    tcbn28hpcplusbwp30p140ssg0p81v125c       0 
MUX2NUD1BWP30P140              206    155.736    tcbn28hpcplusbwp30p140ssg0p81v125c       0 
MUX2OPTD2BWP30P140               6      6.804    tcbn28hpcplusbwp30p140ssg0p81v125c       0 
MUX2OPTD4BWP30P140              11     24.948    tcbn28hpcplusbwp30p140ssg0p81v125c       0 
MUX2OPTD6BWP30P140               3      9.450    tcbn28hpcplusbwp30p140ssg0p81v125c       0 
ND2D1BWP30P140                 165     62.370    tcbn28hpcplusbwp30p140ssg0p81v125c       0 
ND2D1P5BWP30P140                 2      1.260    tcbn28hpcplusbwp30p140ssg0p81v125c       0 
ND2D2BWP30P140                 107     67.410    tcbn28hpcplusbwp30p140ssg0p81v125c       0 
ND2D3BWP30P140                  99     87.318    tcbn28hpcplusbwp30p140ssg0p81v125c       0 
ND2D4BWP30P140                  41     46.494    tcbn28hpcplusbwp30p140ssg0p81v125c       0 
ND2D6BWP30P140                   4      6.552    tcbn28hpcplusbwp30p140ssg0p81v125c       0 
ND2D8BWP30P140                   2      4.284    tcbn28hpcplusbwp30p140ssg0p81v125c       0 
ND2OPTD6BWP30P140                1      1.638    tcbn28hpcplusbwp30p140ssg0p81v125c       0 
ND2OPTIBD12BWP30P140            45    141.750    tcbn28hpcplusbwp30p140ssg0p81v125c       0 
ND2OPTIBD16BWP30P140            50    207.900    tcbn28hpcplusbwp30p140ssg0p81v125c       0 
ND2OPTIBD1BWP30P140             40     15.120    tcbn28hpcplusbwp30p140ssg0p81v125c       0 
ND2OPTIBD2BWP30P140            103     64.890    tcbn28hpcplusbwp30p140ssg0p81v125c       0 
ND2OPTIBD4BWP30P140             63     71.442    tcbn28hpcplusbwp30p140ssg0p81v125c       0 
ND2OPTIBD6BWP30P140             57     93.366    tcbn28hpcplusbwp30p140ssg0p81v125c       0 
ND2OPTIBD8BWP30P140             27     57.834    tcbn28hpcplusbwp30p140ssg0p81v125c       0 
ND2OPTPAD16BWP30P140             6     34.776    tcbn28hpcplusbwp30p140ssg0p81v125c       0 
ND2OPTPAD1BWP30P140              2      1.260    tcbn28hpcplusbwp30p140ssg0p81v125c       0 
ND2OPTPAD2BWP30P140             16     18.144    tcbn28hpcplusbwp30p140ssg0p81v125c       0 
ND2OPTPAD4BWP30P140              1      2.016    tcbn28hpcplusbwp30p140ssg0p81v125c       0 
ND2OPTPAD6BWP30P140              8     23.184    tcbn28hpcplusbwp30p140ssg0p81v125c       0 
ND2OPTPAD8BWP30P140             17     51.408    tcbn28hpcplusbwp30p140ssg0p81v125c       0 
ND3D1BWP30P140                   1      0.504    tcbn28hpcplusbwp30p140ssg0p81v125c       0 
ND3OPTPAD2BWP30P140              1      1.512    tcbn28hpcplusbwp30p140ssg0p81v125c       0 
ND3OPTPAD4BWP30P140              6     15.120    tcbn28hpcplusbwp30p140ssg0p81v125c       0 
NR2D1BWP30P140                 175     66.150    tcbn28hpcplusbwp30p140ssg0p81v125c       0 
NR2D1P5BWP30P140                 5      3.150    tcbn28hpcplusbwp30p140ssg0p81v125c       0 
NR2D2BWP30P140                  85     53.550    tcbn28hpcplusbwp30p140ssg0p81v125c       0 
NR2D3BWP30P140                  71     62.622    tcbn28hpcplusbwp30p140ssg0p81v125c       0 
NR2D4BWP30P140                  63     71.442    tcbn28hpcplusbwp30p140ssg0p81v125c       0 
NR2D6BWP30P140                   6      9.828    tcbn28hpcplusbwp30p140ssg0p81v125c       0 
NR2OPTD6BWP30P140               47     76.986    tcbn28hpcplusbwp30p140ssg0p81v125c       0 
NR2OPTIBD1BWP30P140             46     17.388    tcbn28hpcplusbwp30p140ssg0p81v125c       0 
NR2OPTIBD2BWP30P140             17     10.710    tcbn28hpcplusbwp30p140ssg0p81v125c       0 
NR2OPTIBD4BWP30P140              8      9.072    tcbn28hpcplusbwp30p140ssg0p81v125c       0 
NR2OPTIBD6BWP30P140              8     13.104    tcbn28hpcplusbwp30p140ssg0p81v125c       0 
NR2OPTIBD8BWP30P140             28     59.976    tcbn28hpcplusbwp30p140ssg0p81v125c       0 
NR2OPTPAD1BWP30P140             59     29.736    tcbn28hpcplusbwp30p140ssg0p81v125c       0 
NR2OPTPAD2BWP30P140             17     14.994    tcbn28hpcplusbwp30p140ssg0p81v125c       0 
NR2OPTPAD4BWP30P140            111    181.818    tcbn28hpcplusbwp30p140ssg0p81v125c       0 
NR2OPTPAD6BWP30P140             18     43.092    tcbn28hpcplusbwp30p140ssg0p81v125c       0 
NR2OPTPAD8BWP30P140              4     12.600    tcbn28hpcplusbwp30p140ssg0p81v125c       0 
NR3D1P5BWP30P140                 3      2.646    tcbn28hpcplusbwp30p140ssg0p81v125c       0 
NR3D2BWP30P140                   6     10.584    tcbn28hpcplusbwp30p140ssg0p81v125c       0 
NR3D3BWP30P140                   5     12.600    tcbn28hpcplusbwp30p140ssg0p81v125c       0 
NR3D4BWP30P140                  24     78.624    tcbn28hpcplusbwp30p140ssg0p81v125c       0 
NR3D6BWP30P140                   2      9.576    tcbn28hpcplusbwp30p140ssg0p81v125c       0 
NR3D8BWP30P140                   1      6.300    tcbn28hpcplusbwp30p140ssg0p81v125c       0 
NR3OPTPAD4BWP30P140              2      4.788    tcbn28hpcplusbwp30p140ssg0p81v125c       0 
OA21D1BWP30P140                 48     30.240    tcbn28hpcplusbwp30p140ssg0p81v125c       0 
OA21D2BWP30P140                  5      3.780    tcbn28hpcplusbwp30p140ssg0p81v125c       0 
OA21D4BWP30P140                  8     11.088    tcbn28hpcplusbwp30p140ssg0p81v125c       0 
OA22D1BWP30P140                 88     77.616    tcbn28hpcplusbwp30p140ssg0p81v125c       0 
OA22D2BWP30P140                 31     31.248    tcbn28hpcplusbwp30p140ssg0p81v125c       0 
OA22D4BWP30P140                 65    114.660    tcbn28hpcplusbwp30p140ssg0p81v125c       0 
OAI211D1BWP30P140                1      0.630    tcbn28hpcplusbwp30p140ssg0p81v125c       0 
OAI21D0P7BWP30P140              25     12.600    tcbn28hpcplusbwp30p140ssg0p81v125c       0 
OAI21D1BWP30P140                69     34.776    tcbn28hpcplusbwp30p140ssg0p81v125c       0 
OAI21D1P5BWP30P140               4      3.528    tcbn28hpcplusbwp30p140ssg0p81v125c       0 
OAI21D2BWP30P140                81     71.442    tcbn28hpcplusbwp30p140ssg0p81v125c       0 
OAI21D4BWP30P140                37     65.268    tcbn28hpcplusbwp30p140ssg0p81v125c       0 
OAI21D6BWP30P140                 7     17.640    tcbn28hpcplusbwp30p140ssg0p81v125c       0 
OAI21OPTREPBD1BWP30P140         23     17.388    tcbn28hpcplusbwp30p140ssg0p81v125c       0 
OAI21OPTREPBD2BWP30P140         33     45.738    tcbn28hpcplusbwp30p140ssg0p81v125c       0 
OAI21OPTREPBD4BWP30P140          4     10.584    tcbn28hpcplusbwp30p140ssg0p81v125c       0 
OAI22D1BWP30P140               403    253.890    tcbn28hpcplusbwp30p140ssg0p81v125c       0 
OAI22D1P5BWP30P140              57     64.638    tcbn28hpcplusbwp30p140ssg0p81v125c       0 
OAI22D2BWP30P140                34     38.556    tcbn28hpcplusbwp30p140ssg0p81v125c       0 
OAI22D4BWP30P140                 3      6.804    tcbn28hpcplusbwp30p140ssg0p81v125c       0 
OAI22D6BWP30P140                 1      3.276    tcbn28hpcplusbwp30p140ssg0p81v125c       0 
OAI22OPTPBD1BWP30P140          124    124.992    tcbn28hpcplusbwp30p140ssg0p81v125c       0 
OAI22OPTPBD2BWP30P140           62    117.180    tcbn28hpcplusbwp30p140ssg0p81v125c       0 
OAI22OPTPBD4BWP30P140            1      3.654    tcbn28hpcplusbwp30p140ssg0p81v125c       0 
OR2D0BWP30P140                  18      9.072    tcbn28hpcplusbwp30p140ssg0p81v125c       0 
OR2D16BWP30P140                  1      3.402    tcbn28hpcplusbwp30p140ssg0p81v125c       0 
OR2D1BWP30P140                 102     51.408    tcbn28hpcplusbwp30p140ssg0p81v125c       0 
OR2D2BWP30P140                  45     28.350    tcbn28hpcplusbwp30p140ssg0p81v125c       0 
OR2D4BWP30P140                  39     44.226    tcbn28hpcplusbwp30p140ssg0p81v125c       0 
OR2D6BWP30P140                   8     11.088    tcbn28hpcplusbwp30p140ssg0p81v125c       0 
OR2D8BWP30P140                   3      5.670    tcbn28hpcplusbwp30p140ssg0p81v125c       0 
OR3D1BWP30P140                   5      3.150    tcbn28hpcplusbwp30p140ssg0p81v125c       0 
OR3D2BWP30P140                   1      0.756    tcbn28hpcplusbwp30p140ssg0p81v125c       0 
OR3D6BWP30P140                   1      1.638    tcbn28hpcplusbwp30p140ssg0p81v125c       0 
OR3D8BWP30P140                   2      4.536    tcbn28hpcplusbwp30p140ssg0p81v125c       0 
XNR2D1BWP30P140                 67     67.536    tcbn28hpcplusbwp30p140ssg0p81v125c       0 
XNR2D2BWP30P140                 53     60.102    tcbn28hpcplusbwp30p140ssg0p81v125c       0 
XNR2D4BWP30P140                  1      2.016    tcbn28hpcplusbwp30p140ssg0p81v125c       0 
XNR2OPTND2BWP30P140            178    246.708    tcbn28hpcplusbwp30p140ssg0p81v125c       0 
XNR2OPTND4BWP30P140            159    400.680    tcbn28hpcplusbwp30p140ssg0p81v125c       0 
XNR2OPTND6BWP30P140              2      7.308    tcbn28hpcplusbwp30p140ssg0p81v125c       0 
XNR2UD0BWP30P140                 7      6.174    tcbn28hpcplusbwp30p140ssg0p81v125c       0 
XNR2UD1BWP30P140               436    384.552    tcbn28hpcplusbwp30p140ssg0p81v125c       0 
XNR3D1BWP30P140                 28     52.920    tcbn28hpcplusbwp30p140ssg0p81v125c       0 
XNR3D2BWP30P140                 47     94.752    tcbn28hpcplusbwp30p140ssg0p81v125c       0 
XNR3D4BWP30P140                  6     18.900    tcbn28hpcplusbwp30p140ssg0p81v125c       0 
XNR3UD1BWP30P140                52     91.728    tcbn28hpcplusbwp30p140ssg0p81v125c       0 
XOR2D1BWP30P140                 48     48.384    tcbn28hpcplusbwp30p140ssg0p81v125c       0 
XOR2D2BWP30P140                 39     44.226    tcbn28hpcplusbwp30p140ssg0p81v125c       0 
XOR2D4BWP30P140                  7     14.112    tcbn28hpcplusbwp30p140ssg0p81v125c       0 
XOR2OPTND2BWP30P140            176    243.936    tcbn28hpcplusbwp30p140ssg0p81v125c       0 
XOR2OPTND4BWP30P140            209    526.680    tcbn28hpcplusbwp30p140ssg0p81v125c       0 
XOR2UD0BWP30P140                 3      2.646    tcbn28hpcplusbwp30p140ssg0p81v125c       0 
XOR2UD1BWP30P140               276    243.432    tcbn28hpcplusbwp30p140ssg0p81v125c       0 
XOR3D1BWP30P140                182    343.980    tcbn28hpcplusbwp30p140ssg0p81v125c       0 
XOR3D2BWP30P140                141    284.256    tcbn28hpcplusbwp30p140ssg0p81v125c       0 
XOR3D4BWP30P140                 21     66.150    tcbn28hpcplusbwp30p140ssg0p81v125c       0 
XOR3UD1BWP30P140                36     63.504    tcbn28hpcplusbwp30p140ssg0p81v125c       0 
XOR4D0BWP30P140                  8     21.168    tcbn28hpcplusbwp30p140ssg0p81v125c       0 
XOR4D1BWP30P140                  9     23.814    tcbn28hpcplusbwp30p140ssg0p81v125c       0 
--------------------------------------------------------------------------------------------
total                        13324  15359.526                                       


                                                        
            Type             Instances    Area   Area % 
--------------------------------------------------------
sequential                         193   441.126    2.9 
inverter                          2062   906.444    5.9 
buffer                             146   125.874    0.8 
clock_gating_integrated_cell        11    20.790    0.1 
logic                            10912 13865.292   90.3 
physical_cells                       0     0.000    0.0 
--------------------------------------------------------
total                            13324 15359.526  100.0 

