============================================================
  Generated by:           Genus(TM) Synthesis Solution 21.12-s068_1
  Generated on:           Mar 27 2026  10:51:55 pm
  Module:                 Conv
  Operating conditions:   ssg0p81v125c 
  Operating conditions:   tt0p9v25c 
  Operating conditions:   ffg0p99vm40c 
  Interconnect mode:      global
  Area mode:              physical library
============================================================


Path 1: MET (375 ps) Setup Check with Pin outputMAP_reg[0][13]/CP->D
           View: analysis_view_0p99v_m40c_capbst_fastest
          Group: clk
     Startpoint: (R) weights[5][7]
          Clock: (R) clk
       Endpoint: (R) outputMAP_reg[0][13]/D
          Clock: (R) clk

                     Capture       Launch     
        Clock Edge:+    2000            0     
        Drv Adjust:+       0            6     
       Src Latency:+       0            0     
       Net Latency:+       0 (I)        0 (I) 
           Arrival:=    2000            6     
                                              
             Setup:-      18                  
     Required Time:=    1982                  
      Launch Clock:-       6                  
       Input Delay:-    1000                  
         Data Path:-     601                  
             Slack:=     375                  

Exceptions/Constraints:
  input_delay             1000            tmp_sdc_analysis_vie_1_line_796 

#--------------------------------------------------------------------------------------------------------------------------------
#                Timing Point                  Flags    Arc   Edge        Cell          Fanout Load Trans Delay Arrival Instance 
#                                                                                              (fF)  (ps)  (ps)   (ps)  Location 
#--------------------------------------------------------------------------------------------------------------------------------
  weights[5][7]                                -       -      R     (arrival)                1  3.3    12     0    1006    (-,-) 
  macOp/gen_mult[5].mult_i/mul_67_44_g14911/ZN -       I->ZN  F     CKND4BWP30P140           6 12.0    12    10    1016    (-,-) 
  macOp/gen_mult[5].mult_i/mul_67_44_g14903/ZN -       I->ZN  R     INVD6BWP30P140          22 39.2    22    17    1034    (-,-) 
  macOp/gen_mult[5].mult_i/mul_67_44_g14834/Z  -       I0->Z  R     MUX2OPTD4BWP30P140       7 11.7    13    22    1056    (-,-) 
  macOp/gen_mult[5].mult_i/mul_67_44_g14531/Z  -       A1->Z  R     OR2D4BWP30P140          17 23.4    20    24    1080    (-,-) 
  macOp/gen_mult[5].mult_i/mul_67_44_g14505/ZN -       I->ZN  F     CKND2BWP30P140           3  4.8    13    11    1091    (-,-) 
  macOp/gen_mult[5].mult_i/mul_67_44_g14480/ZN -       A1->ZN F     INR2D1BWP30P140          1  2.2    12    16    1107    (-,-) 
  macOp/gen_mult[5].mult_i/g15087/ZN           -       B->ZN  R     IAO21D2BWP30P140         3  4.1    14    12    1120    (-,-) 
  macOp/gen_mult[5].mult_i/mul_67_44_g14160/ZN -       A1->ZN F     AOI21D1BWP30P140         1  2.2    18    14    1134    (-,-) 
  macOp/gen_mult[5].mult_i/g15064/ZN           -       B->ZN  R     IAO21D2BWP30P140         2  5.0    18    15    1149    (-,-) 
  macOp/gen_mult[5].mult_i/mul_67_44_g14049/ZN -       A1->ZN F     XNR2D1BWP30P140          1  2.7    12    20    1169    (-,-) 
  macOp/gen_mult[5].mult_i/mul_67_44_g15019/Z  -       A1->Z  F     XOR2OPTND2BWP30P140      2  3.5    21    15    1184    (-,-) 
  macOp/gen_mult[5].mult_i/mul_67_44_g13923/ZN -       B->ZN  R     MAOI222D1BWP30P140       1  2.3    26    23    1207    (-,-) 
  macOp/gen_mult[5].mult_i/mul_67_44_g13916/ZN -       I->ZN  F     INVD2BWP30P140           2  2.8    10     8    1215    (-,-) 
  macOp/gen_mult[5].mult_i/mul_67_44_g13900/Z  -       A2->Z  F     OR2D1BWP30P140           3  3.9    15    20    1234    (-,-) 
  macOp/gen_mult[5].mult_i/mul_67_44_g13887/ZN -       A2->ZN R     ND2OPTIBD1BWP30P140      1  2.3    16    14    1248    (-,-) 
  macOp/gen_mult[5].mult_i/mul_67_44_g13811/ZN -       A2->ZN F     OAI21D2BWP30P140         1  3.0    15    13    1261    (-,-) 
  macOp/gen_mult[5].mult_i/mul_67_44_g13808/CO -       CI->CO F     FA1OPTCD2BWP30P140       1  3.0    10    16    1277    (-,-) 
  macOp/gen_mult[5].mult_i/mul_67_44_g13807/CO -       CI->CO F     FA1OPTCD2BWP30P140       4  7.9    17    20    1297    (-,-) 
  macOp/gen_mult[5].mult_i/mul_67_44_g13806/ZN -       I->ZN  R     INVD1P5BWP30P140         1  2.2     9     9    1305    (-,-) 
  macOp/gen_mult[5].mult_i/mul_67_44_g13802/ZN -       A1->ZN F     OAI21D2BWP30P140         1  2.7    17    10    1316    (-,-) 
  macOp/gen_mult[5].mult_i/mul_67_44_g13800/ZN -       A1->ZN F     XNR2OPTND2BWP30P140      2  3.5    20    16    1332    (-,-) 
  macOp/sps/L1b/g1580/ZN                       -       B->ZN  R     MAOI222D1BWP30P140       1  1.7    23    20    1352    (-,-) 
  macOp/sps/L1b/g1563/ZN                       -       I->ZN  F     CKND1BWP30P140           2  3.0    16    14    1366    (-,-) 
  macOp/sps/L2b/g1634/Z                        -       A1->Z  R     XOR3D1BWP30P140          2  4.1    17    43    1409    (-,-) 
  macOp/sps/L3/g1432/Z                         -       A2->Z  F     XOR3D1BWP30P140          2  3.5    15    36    1444    (-,-) 
  macOp/sps/L4/g1562/ZN                        -       B->ZN  R     MAOI222D1BWP30P140       1  1.7    23    19    1463    (-,-) 
  macOp/sps/L4/g1542/ZN                        -       I->ZN  F     CKND1BWP30P140           2  3.1    16    14    1477    (-,-) 
  macOp/sps/add_49_22_g978/ZN                  -       A2->ZN R     NR2OPTPAD1BWP30P140      4  5.5    26    21    1498    (-,-) 
  macOp/sps/add_49_22_g925/Z                   -       A2->Z  R     OA21D1BWP30P140          1  1.7    10    20    1518    (-,-) 
  macOp/sps/add_49_22_g922/Z                   -       A1->Z  R     OA21D1BWP30P140          1  2.1    11    16    1535    (-,-) 
  macOp/sps/add_49_22_g904/ZN                  -       A2->ZN F     ND2OPTIBD2BWP30P140      2  3.2    13    11    1546    (-,-) 
  macOp/sps/add_49_22_g903/ZN                  -       I->ZN  R     CKND1BWP30P140           1  2.3    12    11    1557    (-,-) 
  macOp/sps/add_49_22_g897/ZN                  -       A1->ZN R     XNR2UD1BWP30P140         9 11.5    96    50    1607    (-,-) 
  outputMAP_reg[0][13]/D                       <<<     -      R     DFCNQD1BWP30P140         9    -     -     0    1607    (-,-) 
#--------------------------------------------------------------------------------------------------------------------------------


