============================================================
  Generated by:           Genus(TM) Synthesis Solution 21.12-s068_1
  Generated on:           Jan 28 2026  01:15:49 am
  Module:                 System
  Operating conditions:   ssg0p81v125c 
  Operating conditions:   tt0p9v25c 
  Interconnect mode:      global
  Area mode:              physical library
============================================================


Path 1: MET (209 ps) Late External Delay Assertion at pin p_output_data_write[0][18]
           View: analysis_view_0p90v_25c_captyp_nominal
          Group: clk
     Startpoint: (R) control/r_addr_count_write_out_reg[0]/CP
          Clock: (R) clk
       Endpoint: (F) p_output_data_write[0][18]
          Clock: (R) clk

                     Capture       Launch     
        Clock Edge:+    2000            0     
       Src Latency:+       0            0     
       Net Latency:+       0 (I)        0 (I) 
           Arrival:=    2000            0     
                                              
      Output Delay:-    1000                  
     Required Time:=    1000                  
      Launch Clock:-       0                  
         Data Path:-     791                  
             Slack:=     209                  

Exceptions/Constraints:
  output_delay             1000            tmp_sdc_analysis_vie_line_1096 

#--------------------------------------------------------------------------------------------------------------------------------
#              Timing Point                Flags    Arc   Edge          Cell            Fanout Load Trans Delay Arrival Instance 
#                                                                                              (fF)  (ps)  (ps)   (ps)  Location 
#--------------------------------------------------------------------------------------------------------------------------------
  control/r_addr_count_write_out_reg[0]/CP -       -      R     (arrival)                    4    -     0     0       0    (-,-) 
  control/r_addr_count_write_out_reg[0]/Q  -       CP->Q  R     DFD4BWP30P140               16 25.2    27    52      52    (-,-) 
  control/g125911/ZN                       -       A2->ZN F     ND2D3BWP30P140              29 31.2    85    56     107    (-,-) 
  control/g125785/Z                        -       A1->Z  F     OR2D1BWP30P140               3  8.1    37    49     156    (-,-) 
  control/g125413/ZN                       -       A1->ZN R     NR2OPTIBD6BWP30P140         36 37.0    52    41     197    (-,-) 
  control/g125022/ZN                       -       A1->ZN F     ND2OPTIBD1BWP30P140          1  1.5    24    18     216    (-,-) 
  control/g124814/ZN                       -       B->ZN  R     IOA21D1BWP30P140             1  1.4    13    13     229    (-,-) 
  control/g124033__5477/ZN                 -       A1->ZN F     NR4D0BWP30P140               1  1.5    25    15     244    (-,-) 
  control/g123960__6131/ZN                 -       A1->ZN R     ND2D1BWP30P140               1  2.6    17    17     261    (-,-) 
  control/add_1044_62_I1_g1262/CO          -       A->CO  R     HA1D1BWP30P140               1  2.3    13    22     283    (-,-) 
  control/add_1044_62_I1_g1261/CO          -       CI->CO R     FA1D1BWP30P140               1  2.8    18    30     313    (-,-) 
  control/add_1044_62_I1_g1260/CO          -       CI->CO R     FA1OPTCD2BWP30P140           1  2.8    14    22     335    (-,-) 
  control/add_1044_62_I1_g1259/CO          -       CI->CO R     FA1OPTCD1BWP30P140           1  2.8    18    25     360    (-,-) 
  control/add_1044_62_I1_g1258/CO          -       CI->CO R     FA1OPTCD1BWP30P140           2  3.6    21    28     389    (-,-) 
  control/add_1044_62_I1_g1256/ZN          -       A1->ZN F     AOI21OPTREPBD1BWP30P140      2  3.1    26    23     411    (-,-) 
  control/add_1044_62_I1_g2/Z              -       A1->Z  F     OA21D1BWP30P140              2  3.5    18    28     439    (-,-) 
  control/add_1044_62_I1_g1251/ZN          -       A1->ZN R     OAI21OPTREPBD1BWP30P140      3  4.2    34    28     467    (-,-) 
  control/add_1044_62_I1_g1249/Z           -       A1->Z  R     AO21D1BWP30P140              1  2.3    14    25     492    (-,-) 
  control/add_1044_62_I1_g1246/CO          -       CI->CO R     FA1D1BWP30P140               1  2.3    16    29     521    (-,-) 
  control/add_1044_62_I1_g1245/CO          -       CI->CO R     FA1D1BWP30P140               1  2.8    18    31     552    (-,-) 
  control/add_1044_62_I1_g1244/CO          -       CI->CO R     FA1OPTCD1BWP30P140           1  2.8    18    26     578    (-,-) 
  control/add_1044_62_I1_g1243/CO          -       CI->CO R     FA1OPTCD1BWP30P140           1  2.8    18    26     604    (-,-) 
  control/add_1044_62_I1_g1242/CO          -       CI->CO R     FA1OPTCD1BWP30P140           1  2.8    18    26     631    (-,-) 
  control/add_1044_62_I1_g1241/CO          -       CI->CO R     FA1OPTCD1BWP30P140           1  2.3    17    25     656    (-,-) 
  control/add_1044_62_I1_g1240/CO          -       CI->CO R     FA1D1BWP30P140               1  2.3    16    30     686    (-,-) 
  control/add_1044_62_I1_g1239/CO          -       CI->CO R     FA1D1BWP30P140               1  2.3    16    29     715    (-,-) 
  control/add_1044_62_I1_g1238/S           -       CI->S  F     FA1D1BWP30P140               1  1.4    16    48     763    (-,-) 
  control/g126286/Z                        -       A1->Z  F     CKAN2D1BWP30P140             1  5.0    29    28     791    (-,-) 
  p_output_data_write[0][18]               <<<     -      F     (port)                       -    -     -     0     791    (-,-) 
#--------------------------------------------------------------------------------------------------------------------------------


