============================================================
  Generated by:           Genus(TM) Synthesis Solution 21.12-s068_1
  Generated on:           Oct 07 2026  12:52:58 am
  Module:                 Conv
  Library domain:         timing_cond_0p81v_125c
    Domain index:         0
    Technology library:   tcbn28hpcplusbwp30p140ssg0p81v125c 110
  Operating conditions:   ssg0p81v125c 
  Interconnect mode:      global
  Area mode:              physical library
============================================================

                                                                                     Library 
          Gate            Instances    Area                   Library                 Domain 
---------------------------------------------------------------------------------------------
AN2D0BWP30P140                    2      1.008    tcbn28hpcplusbwp30p140ssg0p81v125c       0 
AN2D1BWP30P140                  149     75.096    tcbn28hpcplusbwp30p140ssg0p81v125c       0 
AN2D2BWP30P140                   39     24.570    tcbn28hpcplusbwp30p140ssg0p81v125c       0 
AN2D4BWP30P140                   20     22.680    tcbn28hpcplusbwp30p140ssg0p81v125c       0 
AN3D0BWP30P140                    5      3.150    tcbn28hpcplusbwp30p140ssg0p81v125c       0 
AN3D1BWP30P140                   63     39.690    tcbn28hpcplusbwp30p140ssg0p81v125c       0 
AN3D2BWP30P140                   11      8.316    tcbn28hpcplusbwp30p140ssg0p81v125c       0 
AN3D4BWP30P140                    1      1.386    tcbn28hpcplusbwp30p140ssg0p81v125c       0 
AN4D1BWP30P140                    3      2.268    tcbn28hpcplusbwp30p140ssg0p81v125c       0 
AO211D1BWP30P140                118     89.208    tcbn28hpcplusbwp30p140ssg0p81v125c       0 
AO211D2BWP30P140                 18     15.876    tcbn28hpcplusbwp30p140ssg0p81v125c       0 
AO211D4BWP30P140                 35     57.330    tcbn28hpcplusbwp30p140ssg0p81v125c       0 
AO21D1BWP30P140                 203    127.890    tcbn28hpcplusbwp30p140ssg0p81v125c       0 
AO21D2BWP30P140                  39     29.484    tcbn28hpcplusbwp30p140ssg0p81v125c       0 
AO21D4BWP30P140                  36     49.896    tcbn28hpcplusbwp30p140ssg0p81v125c       0 
AO22D0BWP30P140                1451   1096.956    tcbn28hpcplusbwp30p140ssg0p81v125c       0 
AO22D1BWP30P140                   4      3.528    tcbn28hpcplusbwp30p140ssg0p81v125c       0 
AO22D2BWP30P140                   1      1.008    tcbn28hpcplusbwp30p140ssg0p81v125c       0 
AO22D4BWP30P140                   4      7.056    tcbn28hpcplusbwp30p140ssg0p81v125c       0 
AOI211D1BWP30P140                77     48.510    tcbn28hpcplusbwp30p140ssg0p81v125c       0 
AOI211D2BWP30P140                34     38.556    tcbn28hpcplusbwp30p140ssg0p81v125c       0 
AOI211D4BWP30P140                 7     15.876    tcbn28hpcplusbwp30p140ssg0p81v125c       0 
AOI211D6BWP30P140                 2      6.552    tcbn28hpcplusbwp30p140ssg0p81v125c       0 
AOI211OPTREPBD1BWP30P140          7      7.938    tcbn28hpcplusbwp30p140ssg0p81v125c       0 
AOI211OPTREPBD2BWP30P140         36     63.504    tcbn28hpcplusbwp30p140ssg0p81v125c       0 
AOI211OPTREPBD4BWP30P140          5     17.640    tcbn28hpcplusbwp30p140ssg0p81v125c       0 
AOI21D0P7BWP30P140                4      2.016    tcbn28hpcplusbwp30p140ssg0p81v125c       0 
AOI21D16BWP30P140                 1      6.300    tcbn28hpcplusbwp30p140ssg0p81v125c       0 
AOI21D1BWP30P140                821    413.784    tcbn28hpcplusbwp30p140ssg0p81v125c       0 
AOI21D2BWP30P140                274    241.668    tcbn28hpcplusbwp30p140ssg0p81v125c       0 
AOI21D4BWP30P140                284    500.976    tcbn28hpcplusbwp30p140ssg0p81v125c       0 
AOI21D6BWP30P140                 66    166.320    tcbn28hpcplusbwp30p140ssg0p81v125c       0 
AOI21D8BWP30P140                  6     19.656    tcbn28hpcplusbwp30p140ssg0p81v125c       0 
AOI21OPTREPBD1BWP30P140         142    107.352    tcbn28hpcplusbwp30p140ssg0p81v125c       0 
AOI21OPTREPBD2BWP30P140          79    109.494    tcbn28hpcplusbwp30p140ssg0p81v125c       0 
AOI21OPTREPBD4BWP30P140          44    116.424    tcbn28hpcplusbwp30p140ssg0p81v125c       0 
AOI221D1BWP30P140              1785   1349.460    tcbn28hpcplusbwp30p140ssg0p81v125c       0 
AOI221D2BWP30P140                15     22.680    tcbn28hpcplusbwp30p140ssg0p81v125c       0 
AOI221D4BWP30P140                 2      5.796    tcbn28hpcplusbwp30p140ssg0p81v125c       0 
AOI222D1BWP30P140               408    411.264    tcbn28hpcplusbwp30p140ssg0p81v125c       0 
AOI222D2BWP30P140                 5      8.820    tcbn28hpcplusbwp30p140ssg0p81v125c       0 
AOI22D1BWP30P140               2218   1397.340    tcbn28hpcplusbwp30p140ssg0p81v125c       0 
AOI22D2BWP30P140                 22     24.948    tcbn28hpcplusbwp30p140ssg0p81v125c       0 
AOI22D4BWP30P140                  6     13.608    tcbn28hpcplusbwp30p140ssg0p81v125c       0 
AOI31D1BWP30P140                  9      5.670    tcbn28hpcplusbwp30p140ssg0p81v125c       0 
AOI31D2BWP30P140                 14     15.876    tcbn28hpcplusbwp30p140ssg0p81v125c       0 
AOI31D4BWP30P140                 15     34.020    tcbn28hpcplusbwp30p140ssg0p81v125c       0 
AOI32D1BWP30P140                 13      9.828    tcbn28hpcplusbwp30p140ssg0p81v125c       0 
AOI33D2BWP30P140                  1      1.638    tcbn28hpcplusbwp30p140ssg0p81v125c       0 
BUFFD12BWP30P140                  2      4.284    tcbn28hpcplusbwp30p140ssg0p81v125c       0 
BUFFD4BWP30P140                   3      2.646    tcbn28hpcplusbwp30p140ssg0p81v125c       0 
BUFFD8BWP30P140                   3      4.536    tcbn28hpcplusbwp30p140ssg0p81v125c       0 
CKAN2D1BWP30P140                880    443.520    tcbn28hpcplusbwp30p140ssg0p81v125c       0 
CKAN2D2BWP30P140                 19     11.970    tcbn28hpcplusbwp30p140ssg0p81v125c       0 
CKAN2D8BWP30P140                 15     20.790    tcbn28hpcplusbwp30p140ssg0p81v125c       0 
CKBD4BWP30P140                    2      1.764    tcbn28hpcplusbwp30p140ssg0p81v125c       0 
CKLNQD1BWP30P140                 51     96.390    tcbn28hpcplusbwp30p140ssg0p81v125c       0 
CKMUX2D0BWP30P140               333    293.706    tcbn28hpcplusbwp30p140ssg0p81v125c       0 
CKMUX2D2BWP30P140                 1      1.134    tcbn28hpcplusbwp30p140ssg0p81v125c       0 
CKND12BWP30P140                   1      1.638    tcbn28hpcplusbwp30p140ssg0p81v125c       0 
CKND1BWP30P140                 4060   1023.120    tcbn28hpcplusbwp30p140ssg0p81v125c       0 
CKND2BWP30P140                  764    288.792    tcbn28hpcplusbwp30p140ssg0p81v125c       0 
CKND2D1BWP30P140                674    254.772    tcbn28hpcplusbwp30p140ssg0p81v125c       0 
CKND2D2BWP30P140                 65     40.950    tcbn28hpcplusbwp30p140ssg0p81v125c       0 
CKND2D3BWP30P140                100     88.200    tcbn28hpcplusbwp30p140ssg0p81v125c       0 
CKND2D4BWP30P140                 47     53.298    tcbn28hpcplusbwp30p140ssg0p81v125c       0 
CKND2D8BWP30P140                 37     79.254    tcbn28hpcplusbwp30p140ssg0p81v125c       0 
CKND3BWP30P140                   21     10.584    tcbn28hpcplusbwp30p140ssg0p81v125c       0 
CKND4BWP30P140                   82     51.660    tcbn28hpcplusbwp30p140ssg0p81v125c       0 
CKND6BWP30P140                   10      8.820    tcbn28hpcplusbwp30p140ssg0p81v125c       0 
DCCKBD4BWP30P140                  1      1.764    tcbn28hpcplusbwp30p140ssg0p81v125c       0 
DFCND1BWP30P140                  18     45.360    tcbn28hpcplusbwp30p140ssg0p81v125c       0 
DFCND2BWP30P140                   2      5.796    tcbn28hpcplusbwp30p140ssg0p81v125c       0 
DFCND4BWP30P140                  14     47.628    tcbn28hpcplusbwp30p140ssg0p81v125c       0 
DFCNQD1BWP30P140               2355   5341.140    tcbn28hpcplusbwp30p140ssg0p81v125c       0 
DFCNQD2BWP30P140                 11     29.106    tcbn28hpcplusbwp30p140ssg0p81v125c       0 
DFCNQD4BWP30P140                 14     40.572    tcbn28hpcplusbwp30p140ssg0p81v125c       0 
DFSNQD2BWP30P140                  1      2.268    tcbn28hpcplusbwp30p140ssg0p81v125c       0 
EDFCND1BWP30P140                  3      9.072    tcbn28hpcplusbwp30p140ssg0p81v125c       0 
EDFCNQD1BWP30P140                12     34.776    tcbn28hpcplusbwp30p140ssg0p81v125c       0 
FA1D0BWP30P140                    1      2.142    tcbn28hpcplusbwp30p140ssg0p81v125c       0 
FA1D1BWP30P140                 7546  16163.532    tcbn28hpcplusbwp30p140ssg0p81v125c       0 
FA1D2BWP30P140                   12     28.728    tcbn28hpcplusbwp30p140ssg0p81v125c       0 
FA1D4BWP30P140                  128    467.712    tcbn28hpcplusbwp30p140ssg0p81v125c       0 
FA1OPTCD1BWP30P140               73    183.960    tcbn28hpcplusbwp30p140ssg0p81v125c       0 
FA1OPTCD2BWP30P140               39    117.936    tcbn28hpcplusbwp30p140ssg0p81v125c       0 
HA1D1BWP30P140                  523    856.674    tcbn28hpcplusbwp30p140ssg0p81v125c       0 
HA1D2BWP30P140                    5      9.450    tcbn28hpcplusbwp30p140ssg0p81v125c       0 
IAO21D0BWP30P140                 77     48.510    tcbn28hpcplusbwp30p140ssg0p81v125c       0 
IAO21D1BWP30P140                 98     61.740    tcbn28hpcplusbwp30p140ssg0p81v125c       0 
IAO21D2BWP30P140                338    298.116    tcbn28hpcplusbwp30p140ssg0p81v125c       0 
IAO21D4BWP30P140                 53     80.136    tcbn28hpcplusbwp30p140ssg0p81v125c       0 
IAO22D1BWP30P140                 18     15.876    tcbn28hpcplusbwp30p140ssg0p81v125c       0 
IAO22D2BWP30P140                 14     19.404    tcbn28hpcplusbwp30p140ssg0p81v125c       0 
IAO22D4BWP30P140                  6     14.364    tcbn28hpcplusbwp30p140ssg0p81v125c       0 
IND2D1BWP30P140                 726    365.904    tcbn28hpcplusbwp30p140ssg0p81v125c       0 
IND2D2BWP30P140                 472    356.832    tcbn28hpcplusbwp30p140ssg0p81v125c       0 
IND2D4BWP30P140                 246    340.956    tcbn28hpcplusbwp30p140ssg0p81v125c       0 
IND2D6BWP30P140                  11     20.790    tcbn28hpcplusbwp30p140ssg0p81v125c       0 
IND2D8BWP30P140                   1      2.520    tcbn28hpcplusbwp30p140ssg0p81v125c       0 
IND3D1BWP30P140                  34     21.420    tcbn28hpcplusbwp30p140ssg0p81v125c       0 
IND3D2BWP30P140                   3      3.402    tcbn28hpcplusbwp30p140ssg0p81v125c       0 
IND3D4BWP30P140                  17     34.272    tcbn28hpcplusbwp30p140ssg0p81v125c       0 
IND3D6BWP30P140                   1      2.772    tcbn28hpcplusbwp30p140ssg0p81v125c       0 
IND4D1BWP30P140                   3      2.268    tcbn28hpcplusbwp30p140ssg0p81v125c       0 
IND4D2BWP30P140                   1      1.512    tcbn28hpcplusbwp30p140ssg0p81v125c       0 
INR2D1BWP30P140                1180    594.720    tcbn28hpcplusbwp30p140ssg0p81v125c       0 
INR2D2BWP30P140                 258    195.048    tcbn28hpcplusbwp30p140ssg0p81v125c       0 
INR2D4BWP30P140                 187    259.182    tcbn28hpcplusbwp30p140ssg0p81v125c       0 
INR2D6BWP30P140                  10     18.900    tcbn28hpcplusbwp30p140ssg0p81v125c       0 
INR2D8BWP30P140                   1      2.646    tcbn28hpcplusbwp30p140ssg0p81v125c       0 
INR3D0BWP30P140                  26     16.380    tcbn28hpcplusbwp30p140ssg0p81v125c       0 
INR3D1BWP30P140                  43     43.344    tcbn28hpcplusbwp30p140ssg0p81v125c       0 
INR3D2BWP30P140                  29     29.232    tcbn28hpcplusbwp30p140ssg0p81v125c       0 
INR3D4BWP30P140                   5     10.080    tcbn28hpcplusbwp30p140ssg0p81v125c       0 
INR3D6BWP30P140                   2      5.544    tcbn28hpcplusbwp30p140ssg0p81v125c       0 
INR4D0BWP30P140                   4      3.024    tcbn28hpcplusbwp30p140ssg0p81v125c       0 
INR4D1BWP30P140                   4      5.544    tcbn28hpcplusbwp30p140ssg0p81v125c       0 
INR4D2BWP30P140                   2      5.040    tcbn28hpcplusbwp30p140ssg0p81v125c       0 
INVD0P7BWP30P140                 72     18.144    tcbn28hpcplusbwp30p140ssg0p81v125c       0 
INVD12BWP30P140                   4      6.552    tcbn28hpcplusbwp30p140ssg0p81v125c       0 
INVD15BWP30P140                   1      2.016    tcbn28hpcplusbwp30p140ssg0p81v125c       0 
INVD16BWP30P140                   1      2.142    tcbn28hpcplusbwp30p140ssg0p81v125c       0 
INVD1BWP30P140                   54     13.608    tcbn28hpcplusbwp30p140ssg0p81v125c       0 
INVD1P5BWP30P140                 24      9.072    tcbn28hpcplusbwp30p140ssg0p81v125c       0 
INVD2BWP30P140                  183     69.174    tcbn28hpcplusbwp30p140ssg0p81v125c       0 
INVD3BWP30P140                  279    140.616    tcbn28hpcplusbwp30p140ssg0p81v125c       0 
INVD4BWP30P140                   27     17.010    tcbn28hpcplusbwp30p140ssg0p81v125c       0 
INVD6BWP30P140                   31     27.342    tcbn28hpcplusbwp30p140ssg0p81v125c       0 
INVD8BWP30P140                    8      9.072    tcbn28hpcplusbwp30p140ssg0p81v125c       0 
INVD9BWP30P140                    2      2.520    tcbn28hpcplusbwp30p140ssg0p81v125c       0 
IOA21D0BWP30P140                146     91.980    tcbn28hpcplusbwp30p140ssg0p81v125c       0 
IOA21D1BWP30P140                322    202.860    tcbn28hpcplusbwp30p140ssg0p81v125c       0 
IOA21D2BWP30P140                252    222.264    tcbn28hpcplusbwp30p140ssg0p81v125c       0 
IOA21D4BWP30P140                 16     22.176    tcbn28hpcplusbwp30p140ssg0p81v125c       0 
IOA22D1BWP30P140                 10      8.820    tcbn28hpcplusbwp30p140ssg0p81v125c       0 
IOA22D2BWP30P140                 14     17.640    tcbn28hpcplusbwp30p140ssg0p81v125c       0 
IOA22D4BWP30P140                 11     26.334    tcbn28hpcplusbwp30p140ssg0p81v125c       0 
MAOI222D1BWP30P140              338    255.528    tcbn28hpcplusbwp30p140ssg0p81v125c       0 
MAOI222D2BWP30P140                7     11.466    tcbn28hpcplusbwp30p140ssg0p81v125c       0 
MAOI22D0BWP30P140                 1      0.756    tcbn28hpcplusbwp30p140ssg0p81v125c       0 
MAOI22D1BWP30P140               108     81.648    tcbn28hpcplusbwp30p140ssg0p81v125c       0 
MAOI22D2BWP30P140                51     64.260    tcbn28hpcplusbwp30p140ssg0p81v125c       0 
MAOI22D4BWP30P140                42     95.256    tcbn28hpcplusbwp30p140ssg0p81v125c       0 
MOAI22D0BWP30P140                 1      0.756    tcbn28hpcplusbwp30p140ssg0p81v125c       0 
MOAI22D1BWP30P140               165    124.740    tcbn28hpcplusbwp30p140ssg0p81v125c       0 
MOAI22D2BWP30P140                28     35.280    tcbn28hpcplusbwp30p140ssg0p81v125c       0 
MOAI22D4BWP30P140                10     22.680    tcbn28hpcplusbwp30p140ssg0p81v125c       0 
MUX2D0BWP30P140                  10      8.820    tcbn28hpcplusbwp30p140ssg0p81v125c       0 
MUX2D1BWP30P140                  23     23.184    tcbn28hpcplusbwp30p140ssg0p81v125c       0 
MUX2D2BWP30P140                   9     10.206    tcbn28hpcplusbwp30p140ssg0p81v125c       0 
MUX2D4BWP30P140                   7     12.348    tcbn28hpcplusbwp30p140ssg0p81v125c       0 
MUX2ND2BWP30P140                 49     61.740    tcbn28hpcplusbwp30p140ssg0p81v125c       0 
MUX2ND4BWP30P140                  1      2.016    tcbn28hpcplusbwp30p140ssg0p81v125c       0 
MUX2NOPTD2BWP30P140             146    202.356    tcbn28hpcplusbwp30p140ssg0p81v125c       0 
MUX2NOPTD4BWP30P140              40    100.800    tcbn28hpcplusbwp30p140ssg0p81v125c       0 
MUX2NUD1BWP30P140               106     80.136    tcbn28hpcplusbwp30p140ssg0p81v125c       0 
MUX2OPTD2BWP30P140                5      5.670    tcbn28hpcplusbwp30p140ssg0p81v125c       0 
MUX2OPTD4BWP30P140                6     13.608    tcbn28hpcplusbwp30p140ssg0p81v125c       0 
MUX2OPTD6BWP30P140                4     12.600    tcbn28hpcplusbwp30p140ssg0p81v125c       0 
ND2D1BWP30P140                 1741    658.098    tcbn28hpcplusbwp30p140ssg0p81v125c       0 
ND2D2BWP30P140                  472    297.360    tcbn28hpcplusbwp30p140ssg0p81v125c       0 
ND2D3BWP30P140                  314    276.948    tcbn28hpcplusbwp30p140ssg0p81v125c       0 
ND2D4BWP30P140                  133    150.822    tcbn28hpcplusbwp30p140ssg0p81v125c       0 
ND2D6BWP30P140                   15     24.570    tcbn28hpcplusbwp30p140ssg0p81v125c       0 
ND2D8BWP30P140                    7     14.994    tcbn28hpcplusbwp30p140ssg0p81v125c       0 
ND2OPTD6BWP30P140                20     32.760    tcbn28hpcplusbwp30p140ssg0p81v125c       0 
ND2OPTIBD12BWP30P140              1      3.150    tcbn28hpcplusbwp30p140ssg0p81v125c       0 
ND2OPTIBD1BWP30P140             224     84.672    tcbn28hpcplusbwp30p140ssg0p81v125c       0 
ND2OPTIBD2BWP30P140             162    102.060    tcbn28hpcplusbwp30p140ssg0p81v125c       0 
ND2OPTIBD4BWP30P140              96    108.864    tcbn28hpcplusbwp30p140ssg0p81v125c       0 
ND2OPTIBD6BWP30P140              89    145.782    tcbn28hpcplusbwp30p140ssg0p81v125c       0 
ND2OPTIBD8BWP30P140              34     72.828    tcbn28hpcplusbwp30p140ssg0p81v125c       0 
ND2OPTPAD1BWP30P140               1      0.630    tcbn28hpcplusbwp30p140ssg0p81v125c       0 
ND2OPTPAD2BWP30P140               3      3.402    tcbn28hpcplusbwp30p140ssg0p81v125c       0 
ND2OPTPAD4BWP30P140              25     50.400    tcbn28hpcplusbwp30p140ssg0p81v125c       0 
ND2OPTPAD6BWP30P140               2      5.796    tcbn28hpcplusbwp30p140ssg0p81v125c       0 
ND2OPTPAD8BWP30P140               1      3.024    tcbn28hpcplusbwp30p140ssg0p81v125c       0 
ND3D1BWP30P140                  454    228.816    tcbn28hpcplusbwp30p140ssg0p81v125c       0 
ND3D1P5BWP30P140                  9      7.938    tcbn28hpcplusbwp30p140ssg0p81v125c       0 
ND3D2BWP30P140                   21     18.522    tcbn28hpcplusbwp30p140ssg0p81v125c       0 
ND3D3BWP30P140                    4      5.040    tcbn28hpcplusbwp30p140ssg0p81v125c       0 
ND3D4BWP30P140                    6     10.584    tcbn28hpcplusbwp30p140ssg0p81v125c       0 
ND3D6BWP30P140                    2      5.040    tcbn28hpcplusbwp30p140ssg0p81v125c       0 
ND3OPTPAD2BWP30P140              14     21.168    tcbn28hpcplusbwp30p140ssg0p81v125c       0 
ND3OPTPAD4BWP30P140              11     27.720    tcbn28hpcplusbwp30p140ssg0p81v125c       0 
ND3OPTPAD6BWP30P140               2      7.056    tcbn28hpcplusbwp30p140ssg0p81v125c       0 
ND4D1BWP30P140                  342    215.460    tcbn28hpcplusbwp30p140ssg0p81v125c       0 
ND4D3BWP30P140                    2      3.276    tcbn28hpcplusbwp30p140ssg0p81v125c       0 
NR2D0P7BWP30P140                  1      0.378    tcbn28hpcplusbwp30p140ssg0p81v125c       0 
NR2D16BWP30P140                   1      4.158    tcbn28hpcplusbwp30p140ssg0p81v125c       0 
NR2D1BWP30P140                 1405    531.090    tcbn28hpcplusbwp30p140ssg0p81v125c       0 
NR2D2BWP30P140                  518    326.340    tcbn28hpcplusbwp30p140ssg0p81v125c       0 
NR2D3BWP30P140                  655    577.710    tcbn28hpcplusbwp30p140ssg0p81v125c       0 
NR2D4BWP30P140                  351    398.034    tcbn28hpcplusbwp30p140ssg0p81v125c       0 
NR2D6BWP30P140                   10     16.380    tcbn28hpcplusbwp30p140ssg0p81v125c       0 
NR2D8BWP30P140                   11     23.562    tcbn28hpcplusbwp30p140ssg0p81v125c       0 
NR2OPTD12BWP30P140                2      6.300    tcbn28hpcplusbwp30p140ssg0p81v125c       0 
NR2OPTD6BWP30P140                43     70.434    tcbn28hpcplusbwp30p140ssg0p81v125c       0 
NR2OPTIBD12BWP30P140              4     12.600    tcbn28hpcplusbwp30p140ssg0p81v125c       0 
NR2OPTIBD1BWP30P140             702    265.356    tcbn28hpcplusbwp30p140ssg0p81v125c       0 
NR2OPTIBD2BWP30P140             105     66.150    tcbn28hpcplusbwp30p140ssg0p81v125c       0 
NR2OPTIBD4BWP30P140              52     58.968    tcbn28hpcplusbwp30p140ssg0p81v125c       0 
NR2OPTIBD6BWP30P140              24     39.312    tcbn28hpcplusbwp30p140ssg0p81v125c       0 
NR2OPTIBD8BWP30P140               6     12.852    tcbn28hpcplusbwp30p140ssg0p81v125c       0 
NR2OPTPAD12BWP30P140              3     13.986    tcbn28hpcplusbwp30p140ssg0p81v125c       0 
NR2OPTPAD1BWP30P140             433    218.232    tcbn28hpcplusbwp30p140ssg0p81v125c       0 
NR2OPTPAD2BWP30P140             189    166.698    tcbn28hpcplusbwp30p140ssg0p81v125c       0 
NR2OPTPAD4BWP30P140             121    198.198    tcbn28hpcplusbwp30p140ssg0p81v125c       0 
NR2OPTPAD6BWP30P140              15     35.910    tcbn28hpcplusbwp30p140ssg0p81v125c       0 
NR2OPTPAD8BWP30P140               8     25.200    tcbn28hpcplusbwp30p140ssg0p81v125c       0 
NR3D0BWP30P140                   42     21.168    tcbn28hpcplusbwp30p140ssg0p81v125c       0 
NR3D0P7BWP30P140                156     78.624    tcbn28hpcplusbwp30p140ssg0p81v125c       0 
NR3D1BWP30P140                   23     20.286    tcbn28hpcplusbwp30p140ssg0p81v125c       0 
NR3D1P5BWP30P140                 84     74.088    tcbn28hpcplusbwp30p140ssg0p81v125c       0 
NR3D2BWP30P140                   46     81.144    tcbn28hpcplusbwp30p140ssg0p81v125c       0 
NR3D3BWP30P140                    2      5.040    tcbn28hpcplusbwp30p140ssg0p81v125c       0 
NR3D4BWP30P140                    2      6.552    tcbn28hpcplusbwp30p140ssg0p81v125c       0 
NR3OPTD6BWP30P140                 3      7.182    tcbn28hpcplusbwp30p140ssg0p81v125c       0 
NR3OPTPAD2BWP30P140               7     11.466    tcbn28hpcplusbwp30p140ssg0p81v125c       0 
NR3OPTPAD4BWP30P140              11     26.334    tcbn28hpcplusbwp30p140ssg0p81v125c       0 
NR4D0BWP30P140                   24     15.120    tcbn28hpcplusbwp30p140ssg0p81v125c       0 
NR4D1BWP30P140                   27     30.618    tcbn28hpcplusbwp30p140ssg0p81v125c       0 
NR4D2BWP30P140                   12     27.216    tcbn28hpcplusbwp30p140ssg0p81v125c       0 
NR4D4BWP30P140                    1      4.284    tcbn28hpcplusbwp30p140ssg0p81v125c       0 
OA211D1BWP30P140                 19     14.364    tcbn28hpcplusbwp30p140ssg0p81v125c       0 
OA211D2BWP30P140                  7      6.174    tcbn28hpcplusbwp30p140ssg0p81v125c       0 
OA211D4BWP30P140                  4      7.056    tcbn28hpcplusbwp30p140ssg0p81v125c       0 
OA21D16BWP30P140                  1      4.032    tcbn28hpcplusbwp30p140ssg0p81v125c       0 
OA21D1BWP30P140                 169    106.470    tcbn28hpcplusbwp30p140ssg0p81v125c       0 
OA21D2BWP30P140                  26     19.656    tcbn28hpcplusbwp30p140ssg0p81v125c       0 
OA21D4BWP30P140                 106    146.916    tcbn28hpcplusbwp30p140ssg0p81v125c       0 
OA21D8BWP30P140                   7     15.876    tcbn28hpcplusbwp30p140ssg0p81v125c       0 
OA22D1BWP30P140                  10      8.820    tcbn28hpcplusbwp30p140ssg0p81v125c       0 
OA22D2BWP30P140                   1      1.008    tcbn28hpcplusbwp30p140ssg0p81v125c       0 
OA22D4BWP30P140                   3      5.292    tcbn28hpcplusbwp30p140ssg0p81v125c       0 
OAI211D1BWP30P140               297    187.110    tcbn28hpcplusbwp30p140ssg0p81v125c       0 
OAI211D2BWP30P140                28     31.752    tcbn28hpcplusbwp30p140ssg0p81v125c       0 
OAI211D4BWP30P140                 3      6.804    tcbn28hpcplusbwp30p140ssg0p81v125c       0 
OAI211OPTREPBD1BWP30P140          3      3.402    tcbn28hpcplusbwp30p140ssg0p81v125c       0 
OAI211OPTREPBD2BWP30P140         16     28.224    tcbn28hpcplusbwp30p140ssg0p81v125c       0 
OAI211OPTREPBD4BWP30P140         12     42.336    tcbn28hpcplusbwp30p140ssg0p81v125c       0 
OAI21D0BWP30P140                  1      0.504    tcbn28hpcplusbwp30p140ssg0p81v125c       0 
OAI21D0P7BWP30P140               82     41.328    tcbn28hpcplusbwp30p140ssg0p81v125c       0 
OAI21D1BWP30P140                406    204.624    tcbn28hpcplusbwp30p140ssg0p81v125c       0 
OAI21D2BWP30P140                232    204.624    tcbn28hpcplusbwp30p140ssg0p81v125c       0 
OAI21D4BWP30P140                104    183.456    tcbn28hpcplusbwp30p140ssg0p81v125c       0 
OAI21D6BWP30P140                 29     73.080    tcbn28hpcplusbwp30p140ssg0p81v125c       0 
OAI21D8BWP30P140                  4     13.104    tcbn28hpcplusbwp30p140ssg0p81v125c       0 
OAI21OPTREPBD1BWP30P140         111     83.916    tcbn28hpcplusbwp30p140ssg0p81v125c       0 
OAI21OPTREPBD2BWP30P140          95    131.670    tcbn28hpcplusbwp30p140ssg0p81v125c       0 
OAI21OPTREPBD4BWP30P140          73    193.158    tcbn28hpcplusbwp30p140ssg0p81v125c       0 
OAI221D1BWP30P140               225    198.450    tcbn28hpcplusbwp30p140ssg0p81v125c       0 
OAI221D2BWP30P140                10     15.120    tcbn28hpcplusbwp30p140ssg0p81v125c       0 
OAI221D4BWP30P140                 1      2.898    tcbn28hpcplusbwp30p140ssg0p81v125c       0 
OAI222D1BWP30P140               150    151.200    tcbn28hpcplusbwp30p140ssg0p81v125c       0 
OAI22D1BWP30P140                 81     51.030    tcbn28hpcplusbwp30p140ssg0p81v125c       0 
OAI22D1P5BWP30P140                7      7.938    tcbn28hpcplusbwp30p140ssg0p81v125c       0 
OAI22D2BWP30P140                  7      7.938    tcbn28hpcplusbwp30p140ssg0p81v125c       0 
OAI22D4BWP30P140                  3      6.804    tcbn28hpcplusbwp30p140ssg0p81v125c       0 
OAI22OPTPBD1BWP30P140            19     19.152    tcbn28hpcplusbwp30p140ssg0p81v125c       0 
OAI22OPTPBD2BWP30P140            19     35.910    tcbn28hpcplusbwp30p140ssg0p81v125c       0 
OAI22OPTPBD4BWP30P140             2      7.308    tcbn28hpcplusbwp30p140ssg0p81v125c       0 
OAI31D1BWP30P140                 52     32.760    tcbn28hpcplusbwp30p140ssg0p81v125c       0 
OAI31D2BWP30P140                 20     22.680    tcbn28hpcplusbwp30p140ssg0p81v125c       0 
OAI31D4BWP30P140                  8     18.144    tcbn28hpcplusbwp30p140ssg0p81v125c       0 
OAI32D1BWP30P140                  8      6.048    tcbn28hpcplusbwp30p140ssg0p81v125c       0 
OAI32D2BWP30P140                  6      8.316    tcbn28hpcplusbwp30p140ssg0p81v125c       0 
OAI33D1BWP30P140                 18     15.876    tcbn28hpcplusbwp30p140ssg0p81v125c       0 
OR2D0BWP30P140                   56     28.224    tcbn28hpcplusbwp30p140ssg0p81v125c       0 
OR2D1BWP30P140                  436    219.744    tcbn28hpcplusbwp30p140ssg0p81v125c       0 
OR2D2BWP30P140                  132     83.160    tcbn28hpcplusbwp30p140ssg0p81v125c       0 
OR2D4BWP30P140                   55     62.370    tcbn28hpcplusbwp30p140ssg0p81v125c       0 
OR2D6BWP30P140                    1      1.386    tcbn28hpcplusbwp30p140ssg0p81v125c       0 
OR3D1BWP30P140                   58     36.540    tcbn28hpcplusbwp30p140ssg0p81v125c       0 
OR3D2BWP30P140                   14     10.584    tcbn28hpcplusbwp30p140ssg0p81v125c       0 
OR3D4BWP30P140                   22     30.492    tcbn28hpcplusbwp30p140ssg0p81v125c       0 
OR3D8BWP30P140                    1      2.268    tcbn28hpcplusbwp30p140ssg0p81v125c       0 
OR4D1BWP30P140                   29     21.924    tcbn28hpcplusbwp30p140ssg0p81v125c       0 
OR4D2BWP30P140                    2      1.764    tcbn28hpcplusbwp30p140ssg0p81v125c       0 
OR4D4BWP30P140                    1      1.638    tcbn28hpcplusbwp30p140ssg0p81v125c       0 
SDFCNARD2BWP30P140               29    102.312    tcbn28hpcplusbwp30p140ssg0p81v125c       0 
SDFCNOPTMAD4BWP30P140             4     26.712    tcbn28hpcplusbwp30p140ssg0p81v125c       0 
SDFCNQARD1BWP30P140              24     69.552    tcbn28hpcplusbwp30p140ssg0p81v125c       0 
SDFCNQARD2BWP30P140              23     75.348    tcbn28hpcplusbwp30p140ssg0p81v125c       0 
SDFCNQOPTMAD4BWP30P140           37    223.776    tcbn28hpcplusbwp30p140ssg0p81v125c       0 
SDFCNQOPTMAD8BWP30P140           44    360.360    tcbn28hpcplusbwp30p140ssg0p81v125c       0 
SDFCNQOPTMCD8BWP30P140           13     95.004    tcbn28hpcplusbwp30p140ssg0p81v125c       0 
SDFSNQD2BWP30P140                 2      5.796    tcbn28hpcplusbwp30p140ssg0p81v125c       0 
SEDFCNQARD0BWP30P140              1      3.780    tcbn28hpcplusbwp30p140ssg0p81v125c       0 
XNR2D1BWP30P140                 431    434.448    tcbn28hpcplusbwp30p140ssg0p81v125c       0 
XNR2D2BWP30P140                  80     90.720    tcbn28hpcplusbwp30p140ssg0p81v125c       0 
XNR2D4BWP30P140                  16     32.256    tcbn28hpcplusbwp30p140ssg0p81v125c       0 
XNR2OPTND2BWP30P140             143    198.198    tcbn28hpcplusbwp30p140ssg0p81v125c       0 
XNR2OPTND4BWP30P140             239    602.280    tcbn28hpcplusbwp30p140ssg0p81v125c       0 
XNR2OPTND6BWP30P140              15     54.810    tcbn28hpcplusbwp30p140ssg0p81v125c       0 
XNR2UD0BWP30P140                  2      1.764    tcbn28hpcplusbwp30p140ssg0p81v125c       0 
XNR2UD1BWP30P140               2008   1771.056    tcbn28hpcplusbwp30p140ssg0p81v125c       0 
XNR3D1BWP30P140                  36     68.040    tcbn28hpcplusbwp30p140ssg0p81v125c       0 
XNR3D2BWP30P140                   6     12.096    tcbn28hpcplusbwp30p140ssg0p81v125c       0 
XNR3D4BWP30P140                   4     12.600    tcbn28hpcplusbwp30p140ssg0p81v125c       0 
XNR3UD1BWP30P140                255    449.820    tcbn28hpcplusbwp30p140ssg0p81v125c       0 
XNR4D1BWP30P140                   3      7.938    tcbn28hpcplusbwp30p140ssg0p81v125c       0 
XOR2D1BWP30P140                 260    262.080    tcbn28hpcplusbwp30p140ssg0p81v125c       0 
XOR2D2BWP30P140                  37     41.958    tcbn28hpcplusbwp30p140ssg0p81v125c       0 
XOR2D4BWP30P140                  33     66.528    tcbn28hpcplusbwp30p140ssg0p81v125c       0 
XOR2OPTND2BWP30P140              95    131.670    tcbn28hpcplusbwp30p140ssg0p81v125c       0 
XOR2OPTND4BWP30P140             183    461.160    tcbn28hpcplusbwp30p140ssg0p81v125c       0 
XOR2OPTND6BWP30P140               6     21.924    tcbn28hpcplusbwp30p140ssg0p81v125c       0 
XOR2UD1BWP30P140               1138   1003.716    tcbn28hpcplusbwp30p140ssg0p81v125c       0 
XOR3D1BWP30P140                  43     81.270    tcbn28hpcplusbwp30p140ssg0p81v125c       0 
XOR3D2BWP30P140                  11     22.176    tcbn28hpcplusbwp30p140ssg0p81v125c       0 
XOR3UD1BWP30P140                279    492.156    tcbn28hpcplusbwp30p140ssg0p81v125c       0 
XOR4D1BWP30P140                  34     89.964    tcbn28hpcplusbwp30p140ssg0p81v125c       0 
---------------------------------------------------------------------------------------------
total                         51148  54333.468                                       


                                                        
            Type             Instances    Area   Area % 
--------------------------------------------------------
sequential                        2607  6518.358   12.0 
inverter                          5624  1701.882    3.1 
buffer                              11    14.994    0.0 
clock_gating_integrated_cell        51    96.390    0.2 
logic                            42855 46001.844   84.7 
physical_cells                       0     0.000    0.0 
--------------------------------------------------------
total                            51148 54333.468  100.0 

