============================================================
  Generated by:           Genus(TM) Synthesis Solution 21.12-s068_1
  Generated on:           Oct 07 2026  12:53:29 am
  Module:                 Conv
  Operating conditions:   ssg0p81v125c 
  Operating conditions:   tt0p9v25c 
  Operating conditions:   ffg0p99vm40c 
  Interconnect mode:      global
  Area mode:              physical library
============================================================


Path 1: MET (410 ps) Late External Delay Assertion at pin p_output_data_write[63]
           View: analysis_view_0p99v_m40c_capbst_fastest
          Group: clk
     Startpoint: (R) r_output_write_count_reg[0]/CP
          Clock: (R) clk
       Endpoint: (R) p_output_data_write[63]
          Clock: (R) clk

                     Capture       Launch     
        Clock Edge:+    2000            0     
       Src Latency:+       0            0     
       Net Latency:+       0 (I)        0 (I) 
           Arrival:=    2000            0     
                                              
      Output Delay:-    1000                  
     Required Time:=    1000                  
      Launch Clock:-       0                  
         Data Path:-     590                  
             Slack:=     410                  

Exceptions/Constraints:
  output_delay             1000            tmp_sdc_analysis_vie_1_line_421 

#-----------------------------------------------------------------------------------------------------------------
#         Timing Point           Flags    Arc   Edge       Cell         Fanout  Load Trans Delay Arrival Instance 
#                                                                               (fF)  (ps)  (ps)   (ps)  Location 
#-----------------------------------------------------------------------------------------------------------------
  r_output_write_count_reg[0]/CP -       -      R     (arrival)              4     -     0     0       0    (-,-) 
  r_output_write_count_reg[0]/Q  -       CP->Q  F     DFCNQD1BWP30P140       5  10.5    36    53      53    (-,-) 
  g13747/ZN                      -       A2->ZN R     NR2D4BWP30P140       128 150.3   202   128     181    (-,-) 
  g93139/ZN                      -       B1->ZN F     AOI221D1BWP30P140      2   2.8    62    40     221    (-,-) 
  g12151/ZN                      -       A1->ZN R     NR2D1BWP30P140         2   3.6    32    30     250    (-,-) 
  g12097/CO                      -       CI->CO R     FA1D1BWP30P140         1   2.5    14    26     276    (-,-) 
  g12092/CO                      -       CI->CO R     FA1D1BWP30P140         1   2.5    13    22     298    (-,-) 
  g12083/CO                      -       CI->CO R     FA1D1BWP30P140         1   2.5    13    22     321    (-,-) 
  g12073/CO                      -       CI->CO R     FA1D1BWP30P140         1   2.5    14    22     343    (-,-) 
  g12065/CO                      -       CI->CO R     FA1D1BWP30P140         1   2.5    14    22     366    (-,-) 
  g12057/CO                      -       CI->CO R     FA1D1BWP30P140         1   2.5    14    22     388    (-,-) 
  g12055/CO                      -       CI->CO R     FA1D1BWP30P140         2   3.4    16    24     412    (-,-) 
  g12049/ZN                      -       A1->ZN F     ND2D1BWP30P140         2   2.7    20    15     427    (-,-) 
  g12036/ZN                      -       A1->ZN R     OAI21D1BWP30P140       1   2.5    20    18     445    (-,-) 
  g12030/CO                      -       CI->CO R     FA1D1BWP30P140         1   2.5    14    24     469    (-,-) 
  g12024/CO                      -       CI->CO R     FA1D1BWP30P140         1   2.5    14    22     491    (-,-) 
  g12022/CO                      -       CI->CO R     FA1D1BWP30P140         1   2.5    14    22     514    (-,-) 
  g12016/CO                      -       CI->CO R     FA1D1BWP30P140         1   2.5    14    22     536    (-,-) 
  g12011/CO                      -       CI->CO R     FA1D1BWP30P140         1   1.8    11    21     557    (-,-) 
  g12007/Z                       -       A3->Z  R     XOR3UD1BWP30P140       1   5.2    39    33     590    (-,-) 
  p_output_data_write[63]        <<<     -      R     (port)                 -     -     -     0     590    (-,-) 
#-----------------------------------------------------------------------------------------------------------------


