============================================================
  Generated by:           Genus(TM) Synthesis Solution 21.12-s068_1
  Generated on:           Oct 08 2026  03:07:33 am
  Module:                 Conv
  Operating conditions:   ssg0p81v125c 
  Operating conditions:   tt0p9v25c 
  Interconnect mode:      global
  Area mode:              physical library
============================================================


Path 1: MET (238 ps) Late External Delay Assertion at pin p_output_data_write[19]
           View: analysis_view_0p90v_25c_captyp_nominal
          Group: clk
     Startpoint: (R) r_output_write_count_reg[0]/CP
          Clock: (R) clk
       Endpoint: (F) p_output_data_write[19]
          Clock: (R) clk

                     Capture       Launch     
        Clock Edge:+    2000            0     
       Src Latency:+       0            0     
       Net Latency:+       0 (I)        0 (I) 
           Arrival:=    2000            0     
                                              
      Output Delay:-    1000                  
     Required Time:=    1000                  
      Launch Clock:-       0                  
         Data Path:-     762                  
             Slack:=     238                  

Exceptions/Constraints:
  output_delay             1000            tmp_sdc_analysis_vie_line_841 

#------------------------------------------------------------------------------------------------------------------
#         Timing Point           Flags    Arc   Edge        Cell         Fanout  Load Trans Delay Arrival Instance 
#                                                                                (fF)  (ps)  (ps)   (ps)  Location 
#------------------------------------------------------------------------------------------------------------------
  r_output_write_count_reg[0]/CP -       -      R     (arrival)               4     -     0     0       0    (-,-) 
  r_output_write_count_reg[0]/QN -       CP->QN F     DFCND1BWP30P140         3   4.5    22    59      59    (-,-) 
  g14030/ZN                      -       A2->ZN R     ND2D2BWP30P140          4  10.0    25    22      81    (-,-) 
  g13686/ZN                      -       I->ZN  F     INVD12BWP30P140       157 159.0    56    40     122    (-,-) 
  g12286/ZN                      -       A1->ZN R     AOI22D1BWP30P140        1   1.5    28    29     151    (-,-) 
  g12096/ZN                      -       A1->ZN F     ND2D1BWP30P140          1   2.5    25    22     172    (-,-) 
  add_1001_76_I1_g1427/CO        -       A->CO  F     HA1D1BWP30P140          1   2.2    12    21     193    (-,-) 
  add_1001_76_I1_g1426/CO        -       CI->CO F     FA1D1BWP30P140          1   2.7    17    32     225    (-,-) 
  add_1001_76_I1_g1425/CO        -       CI->CO F     FA1OPTCD1BWP30P140      1   2.2    16    24     249    (-,-) 
  add_1001_76_I1_g1424/CO        -       CI->CO F     FA1D1BWP30P140          1   2.2    16    32     281    (-,-) 
  add_1001_76_I1_g1423/CO        -       CI->CO F     FA1D1BWP30P140          1   2.2    16    32     313    (-,-) 
  add_1001_76_I1_g1422/CO        -       CI->CO F     FA1D1BWP30P140          1   2.2    16    32     345    (-,-) 
  add_1001_76_I1_g1421/CO        -       CI->CO F     FA1D1BWP30P140          1   2.2    16    32     377    (-,-) 
  add_1001_76_I1_g1420/CO        -       CI->CO F     FA1D1BWP30P140          3   4.1    22    37     414    (-,-) 
  add_1001_76_I1_g1418/Z         -       A1->Z  F     AO21D1BWP30P140         1   2.2    14    24     438    (-,-) 
  add_1001_76_I1_g1415/CO        -       CI->CO F     FA1D1BWP30P140          1   2.2    16    31     469    (-,-) 
  add_1001_76_I1_g1414/CO        -       CI->CO F     FA1D1BWP30P140          1   2.2    16    32     501    (-,-) 
  add_1001_76_I1_g1413/CO        -       CI->CO F     FA1D1BWP30P140          1   2.2    16    32     533    (-,-) 
  add_1001_76_I1_g1412/CO        -       CI->CO F     FA1D1BWP30P140          1   2.2    16    32     565    (-,-) 
  add_1001_76_I1_g1411/CO        -       CI->CO F     FA1D1BWP30P140          1   2.2    16    32     597    (-,-) 
  add_1001_76_I1_g1410/CO        -       CI->CO F     FA1D1BWP30P140          1   2.2    16    32     629    (-,-) 
  add_1001_76_I1_g1409/CO        -       CI->CO F     FA1D1BWP30P140          1   2.2    16    32     661    (-,-) 
  add_1001_76_I1_g1408/CO        -       CI->CO F     FA1D1BWP30P140          1   2.2    16    32     693    (-,-) 
  add_1001_76_I1_g1407/CO        -       CI->CO F     FA1D1BWP30P140          1   1.5    13    30     723    (-,-) 
  add_1001_76_I1_g1406/Z         -       A3->Z  F     XOR3UD1BWP30P140        1   5.0    45    38     761    (-,-) 
  p_output_data_write[19]        <<<     -      F     (port)                  -     -     -     0     762    (-,-) 
#------------------------------------------------------------------------------------------------------------------


