============================================================
  Generated by:           Genus(TM) Synthesis Solution 21.12-s068_1
  Generated on:           Oct 08 2026  03:07:13 am
  Module:                 Conv
  Library domain:         timing_cond_0p81v_125c
    Domain index:         0
    Technology library:   tcbn28hpcplusbwp30p140ssg0p81v125c 110
  Operating conditions:   ssg0p81v125c 
  Interconnect mode:      global
  Area mode:              physical library
============================================================

                                                                                      Library 
          Gate            Instances     Area                   Library                 Domain 
----------------------------------------------------------------------------------------------
AN2D1BWP30P140                  100      50.400    tcbn28hpcplusbwp30p140ssg0p81v125c       0 
AN2D2BWP30P140                   57      35.910    tcbn28hpcplusbwp30p140ssg0p81v125c       0 
AN2D4BWP30P140                   61      69.174    tcbn28hpcplusbwp30p140ssg0p81v125c       0 
AN2D8BWP30P140                    3       5.670    tcbn28hpcplusbwp30p140ssg0p81v125c       0 
AN3D0BWP30P140                    1       0.630    tcbn28hpcplusbwp30p140ssg0p81v125c       0 
AN3D1BWP30P140                   96      60.480    tcbn28hpcplusbwp30p140ssg0p81v125c       0 
AN3D2BWP30P140                    7       5.292    tcbn28hpcplusbwp30p140ssg0p81v125c       0 
AN3D4BWP30P140                    5       6.930    tcbn28hpcplusbwp30p140ssg0p81v125c       0 
AN4D1BWP30P140                    4       3.024    tcbn28hpcplusbwp30p140ssg0p81v125c       0 
AO211D1BWP30P140                110      83.160    tcbn28hpcplusbwp30p140ssg0p81v125c       0 
AO211D2BWP30P140                  5       4.410    tcbn28hpcplusbwp30p140ssg0p81v125c       0 
AO211D4BWP30P140                 22      36.036    tcbn28hpcplusbwp30p140ssg0p81v125c       0 
AO21D1BWP30P140                 218     137.340    tcbn28hpcplusbwp30p140ssg0p81v125c       0 
AO21D2BWP30P140                  53      40.068    tcbn28hpcplusbwp30p140ssg0p81v125c       0 
AO21D4BWP30P140                  39      54.054    tcbn28hpcplusbwp30p140ssg0p81v125c       0 
AO22D0BWP30P140                2808    2122.848    tcbn28hpcplusbwp30p140ssg0p81v125c       0 
AO22D1BWP30P140                  31      27.342    tcbn28hpcplusbwp30p140ssg0p81v125c       0 
AO22D2BWP30P140                   6       6.048    tcbn28hpcplusbwp30p140ssg0p81v125c       0 
AO22D4BWP30P140                  55      97.020    tcbn28hpcplusbwp30p140ssg0p81v125c       0 
AOI211D0BWP30P140                 1       0.630    tcbn28hpcplusbwp30p140ssg0p81v125c       0 
AOI211D1BWP30P140                 9       5.670    tcbn28hpcplusbwp30p140ssg0p81v125c       0 
AOI211D2BWP30P140                43      48.762    tcbn28hpcplusbwp30p140ssg0p81v125c       0 
AOI211D4BWP30P140                47     106.596    tcbn28hpcplusbwp30p140ssg0p81v125c       0 
AOI211D6BWP30P140                 4      13.104    tcbn28hpcplusbwp30p140ssg0p81v125c       0 
AOI211OPTREPBD1BWP30P140          4       4.536    tcbn28hpcplusbwp30p140ssg0p81v125c       0 
AOI211OPTREPBD2BWP30P140         18      31.752    tcbn28hpcplusbwp30p140ssg0p81v125c       0 
AOI211OPTREPBD4BWP30P140         16      56.448    tcbn28hpcplusbwp30p140ssg0p81v125c       0 
AOI211OPTREPBD6BWP30P140          4      20.664    tcbn28hpcplusbwp30p140ssg0p81v125c       0 
AOI21D0P7BWP30P140                2       1.008    tcbn28hpcplusbwp30p140ssg0p81v125c       0 
AOI21D16BWP30P140                 2      12.600    tcbn28hpcplusbwp30p140ssg0p81v125c       0 
AOI21D1BWP30P140                912     459.648    tcbn28hpcplusbwp30p140ssg0p81v125c       0 
AOI21D1P5BWP30P140                4       3.528    tcbn28hpcplusbwp30p140ssg0p81v125c       0 
AOI21D2BWP30P140                519     457.758    tcbn28hpcplusbwp30p140ssg0p81v125c       0 
AOI21D4BWP30P140                655    1155.420    tcbn28hpcplusbwp30p140ssg0p81v125c       0 
AOI21D6BWP30P140                504    1270.080    tcbn28hpcplusbwp30p140ssg0p81v125c       0 
AOI21D8BWP30P140                193     632.268    tcbn28hpcplusbwp30p140ssg0p81v125c       0 
AOI21OPTREPBD1BWP30P140         221     167.076    tcbn28hpcplusbwp30p140ssg0p81v125c       0 
AOI21OPTREPBD2BWP30P140          89     123.354    tcbn28hpcplusbwp30p140ssg0p81v125c       0 
AOI21OPTREPBD4BWP30P140          74     195.804    tcbn28hpcplusbwp30p140ssg0p81v125c       0 
AOI21OPTREPBD6BWP30P140          26     101.556    tcbn28hpcplusbwp30p140ssg0p81v125c       0 
AOI21OPTREPBD8BWP30P140           5      25.830    tcbn28hpcplusbwp30p140ssg0p81v125c       0 
AOI221D1BWP30P140              3446    2605.176    tcbn28hpcplusbwp30p140ssg0p81v125c       0 
AOI221D2BWP30P140                 8      12.096    tcbn28hpcplusbwp30p140ssg0p81v125c       0 
AOI221D4BWP30P140                10      28.980    tcbn28hpcplusbwp30p140ssg0p81v125c       0 
AOI222D1BWP30P140               383     386.064    tcbn28hpcplusbwp30p140ssg0p81v125c       0 
AOI222D2BWP30P140                50      88.200    tcbn28hpcplusbwp30p140ssg0p81v125c       0 
AOI222D4BWP30P140                 1       3.528    tcbn28hpcplusbwp30p140ssg0p81v125c       0 
AOI22D1BWP30P140               2260    1423.800    tcbn28hpcplusbwp30p140ssg0p81v125c       0 
AOI22D1P5BWP30P140                2       2.268    tcbn28hpcplusbwp30p140ssg0p81v125c       0 
AOI22D2BWP30P140                 51      57.834    tcbn28hpcplusbwp30p140ssg0p81v125c       0 
AOI22D4BWP30P140                 45     102.060    tcbn28hpcplusbwp30p140ssg0p81v125c       0 
AOI22D6BWP30P140                 15      49.140    tcbn28hpcplusbwp30p140ssg0p81v125c       0 
AOI31D1BWP30P140                 25      15.750    tcbn28hpcplusbwp30p140ssg0p81v125c       0 
AOI31D2BWP30P140                 15      17.010    tcbn28hpcplusbwp30p140ssg0p81v125c       0 
AOI31D4BWP30P140                 24      54.432    tcbn28hpcplusbwp30p140ssg0p81v125c       0 
AOI32D1BWP30P140                 20      15.120    tcbn28hpcplusbwp30p140ssg0p81v125c       0 
BUFFD0BWP30P140                   5       1.890    tcbn28hpcplusbwp30p140ssg0p81v125c       0 
BUFFD12BWP30P140                 23      49.266    tcbn28hpcplusbwp30p140ssg0p81v125c       0 
BUFFD16BWP30P140                  2       5.544    tcbn28hpcplusbwp30p140ssg0p81v125c       0 
BUFFD1P5BWP30P140               139      70.056    tcbn28hpcplusbwp30p140ssg0p81v125c       0 
BUFFD2BWP30P140                  34      17.136    tcbn28hpcplusbwp30p140ssg0p81v125c       0 
BUFFD3BWP30P140                   9       5.670    tcbn28hpcplusbwp30p140ssg0p81v125c       0 
BUFFD4BWP30P140                 447     394.254    tcbn28hpcplusbwp30p140ssg0p81v125c       0 
BUFFD6BWP30P140                   7       7.938    tcbn28hpcplusbwp30p140ssg0p81v125c       0 
BUFFD8BWP30P140                  19      28.728    tcbn28hpcplusbwp30p140ssg0p81v125c       0 
CKAN2D1BWP30P140               1050     529.200    tcbn28hpcplusbwp30p140ssg0p81v125c       0 
CKAN2D2BWP30P140                 19      11.970    tcbn28hpcplusbwp30p140ssg0p81v125c       0 
CKAN2D8BWP30P140                 10      13.860    tcbn28hpcplusbwp30p140ssg0p81v125c       0 
CKBD12BWP30P140                   8      17.136    tcbn28hpcplusbwp30p140ssg0p81v125c       0 
CKBD1BWP30P140                  668     252.504    tcbn28hpcplusbwp30p140ssg0p81v125c       0 
CKBD2BWP30P140                   54      27.216    tcbn28hpcplusbwp30p140ssg0p81v125c       0 
CKBD3BWP30P140                    5       3.150    tcbn28hpcplusbwp30p140ssg0p81v125c       0 
CKBD4BWP30P140                   43      37.926    tcbn28hpcplusbwp30p140ssg0p81v125c       0 
CKBD6BWP30P140                   19      21.546    tcbn28hpcplusbwp30p140ssg0p81v125c       0 
CKBD8BWP30P140                    5       7.560    tcbn28hpcplusbwp30p140ssg0p81v125c       0 
CKLNQD1BWP30P140                 51      96.390    tcbn28hpcplusbwp30p140ssg0p81v125c       0 
CKMUX2D0BWP30P140               465     410.130    tcbn28hpcplusbwp30p140ssg0p81v125c       0 
CKMUX2D4BWP30P140                 3       5.292    tcbn28hpcplusbwp30p140ssg0p81v125c       0 
CKND0BWP30P140                    1       0.252    tcbn28hpcplusbwp30p140ssg0p81v125c       0 
CKND12BWP30P140                  39      63.882    tcbn28hpcplusbwp30p140ssg0p81v125c       0 
CKND16BWP30P140                   1       2.142    tcbn28hpcplusbwp30p140ssg0p81v125c       0 
CKND1BWP30P140                 6379    1607.508    tcbn28hpcplusbwp30p140ssg0p81v125c       0 
CKND2BWP30P140                 1893     715.554    tcbn28hpcplusbwp30p140ssg0p81v125c       0 
CKND2D0BWP30P140                  1       0.378    tcbn28hpcplusbwp30p140ssg0p81v125c       0 
CKND2D1BWP30P140                837     316.386    tcbn28hpcplusbwp30p140ssg0p81v125c       0 
CKND2D2BWP30P140                100      63.000    tcbn28hpcplusbwp30p140ssg0p81v125c       0 
CKND2D3BWP30P140                248     218.736    tcbn28hpcplusbwp30p140ssg0p81v125c       0 
CKND2D4BWP30P140                178     201.852    tcbn28hpcplusbwp30p140ssg0p81v125c       0 
CKND2D8BWP30P140                452     968.184    tcbn28hpcplusbwp30p140ssg0p81v125c       0 
CKND3BWP30P140                  117      58.968    tcbn28hpcplusbwp30p140ssg0p81v125c       0 
CKND4BWP30P140                  488     307.440    tcbn28hpcplusbwp30p140ssg0p81v125c       0 
CKND6BWP30P140                  100      88.200    tcbn28hpcplusbwp30p140ssg0p81v125c       0 
CKND8BWP30P140                   19      21.546    tcbn28hpcplusbwp30p140ssg0p81v125c       0 
CKXOR2D2BWP30P140                11      12.474    tcbn28hpcplusbwp30p140ssg0p81v125c       0 
DCCKND4BWP30P140                 13      16.380    tcbn28hpcplusbwp30p140ssg0p81v125c       0 
DEL025D1BWP30P140                 2       0.756    tcbn28hpcplusbwp30p140ssg0p81v125c       0 
DFCND1BWP30P140                  23      57.960    tcbn28hpcplusbwp30p140ssg0p81v125c       0 
DFCND2BWP30P140                   5      14.490    tcbn28hpcplusbwp30p140ssg0p81v125c       0 
DFCND4BWP30P140                   5      17.010    tcbn28hpcplusbwp30p140ssg0p81v125c       0 
DFCNQD1BWP30P140               2855    6475.140    tcbn28hpcplusbwp30p140ssg0p81v125c       0 
DFCNQD2BWP30P140                 11      29.106    tcbn28hpcplusbwp30p140ssg0p81v125c       0 
DFCNQD4BWP30P140                 23      66.654    tcbn28hpcplusbwp30p140ssg0p81v125c       0 
DFSNQD2BWP30P140                  1       2.268    tcbn28hpcplusbwp30p140ssg0p81v125c       0 
EDFCND1BWP30P140                  3       9.072    tcbn28hpcplusbwp30p140ssg0p81v125c       0 
EDFCNQD1BWP30P140                12      34.776    tcbn28hpcplusbwp30p140ssg0p81v125c       0 
FA1D0BWP30P140                    3       6.426    tcbn28hpcplusbwp30p140ssg0p81v125c       0 
FA1D1BWP30P140                 8137   17429.454    tcbn28hpcplusbwp30p140ssg0p81v125c       0 
FA1D2BWP30P140                  129     308.826    tcbn28hpcplusbwp30p140ssg0p81v125c       0 
FA1D4BWP30P140                  180     657.720    tcbn28hpcplusbwp30p140ssg0p81v125c       0 
FA1OPTCD1BWP30P140               23      57.960    tcbn28hpcplusbwp30p140ssg0p81v125c       0 
FA1OPTCD2BWP30P140               55     166.320    tcbn28hpcplusbwp30p140ssg0p81v125c       0 
HA1D1BWP30P140                  908    1487.304    tcbn28hpcplusbwp30p140ssg0p81v125c       0 
HA1D2BWP30P140                   41      77.490    tcbn28hpcplusbwp30p140ssg0p81v125c       0 
HA1D4BWP30P140                   29      84.042    tcbn28hpcplusbwp30p140ssg0p81v125c       0 
IAO21D0BWP30P140                123      77.490    tcbn28hpcplusbwp30p140ssg0p81v125c       0 
IAO21D1BWP30P140                119      74.970    tcbn28hpcplusbwp30p140ssg0p81v125c       0 
IAO21D2BWP30P140                405     357.210    tcbn28hpcplusbwp30p140ssg0p81v125c       0 
IAO21D4BWP30P140                156     235.872    tcbn28hpcplusbwp30p140ssg0p81v125c       0 
IAO22D1BWP30P140                  3       2.646    tcbn28hpcplusbwp30p140ssg0p81v125c       0 
IAO22D2BWP30P140                 13      18.018    tcbn28hpcplusbwp30p140ssg0p81v125c       0 
IAO22D4BWP30P140                 46     110.124    tcbn28hpcplusbwp30p140ssg0p81v125c       0 
IND2D1BWP30P140                 807     406.728    tcbn28hpcplusbwp30p140ssg0p81v125c       0 
IND2D2BWP30P140                 542     409.752    tcbn28hpcplusbwp30p140ssg0p81v125c       0 
IND2D4BWP30P140                 525     727.650    tcbn28hpcplusbwp30p140ssg0p81v125c       0 
IND2D6BWP30P140                  90     170.100    tcbn28hpcplusbwp30p140ssg0p81v125c       0 
IND2D8BWP30P140                  32      80.640    tcbn28hpcplusbwp30p140ssg0p81v125c       0 
IND3D1BWP30P140                  27      17.010    tcbn28hpcplusbwp30p140ssg0p81v125c       0 
IND3D2BWP30P140                  15      17.010    tcbn28hpcplusbwp30p140ssg0p81v125c       0 
IND3D4BWP30P140                  58     116.928    tcbn28hpcplusbwp30p140ssg0p81v125c       0 
IND3D6BWP30P140                  10      27.720    tcbn28hpcplusbwp30p140ssg0p81v125c       0 
IND4D1BWP30P140                   4       3.024    tcbn28hpcplusbwp30p140ssg0p81v125c       0 
IND4D2BWP30P140                   2       3.024    tcbn28hpcplusbwp30p140ssg0p81v125c       0 
INR2D16BWP30P140                 22     108.108    tcbn28hpcplusbwp30p140ssg0p81v125c       0 
INR2D1BWP30P140                1441     726.264    tcbn28hpcplusbwp30p140ssg0p81v125c       0 
INR2D2BWP30P140                 468     353.808    tcbn28hpcplusbwp30p140ssg0p81v125c       0 
INR2D4BWP30P140                 463     641.718    tcbn28hpcplusbwp30p140ssg0p81v125c       0 
INR2D6BWP30P140                  83     156.870    tcbn28hpcplusbwp30p140ssg0p81v125c       0 
INR2D8BWP30P140                 122     322.812    tcbn28hpcplusbwp30p140ssg0p81v125c       0 
INR3D0BWP30P140                  24      15.120    tcbn28hpcplusbwp30p140ssg0p81v125c       0 
INR3D1BWP30P140                  42      42.336    tcbn28hpcplusbwp30p140ssg0p81v125c       0 
INR3D2BWP30P140                  46      46.368    tcbn28hpcplusbwp30p140ssg0p81v125c       0 
INR3D4BWP30P140                  25      50.400    tcbn28hpcplusbwp30p140ssg0p81v125c       0 
INR3D6BWP30P140                   3       8.316    tcbn28hpcplusbwp30p140ssg0p81v125c       0 
INR3D8BWP30P140                   2       7.308    tcbn28hpcplusbwp30p140ssg0p81v125c       0 
INR4D0BWP30P140                   3       2.268    tcbn28hpcplusbwp30p140ssg0p81v125c       0 
INR4D1BWP30P140                   4       5.544    tcbn28hpcplusbwp30p140ssg0p81v125c       0 
INR4D2BWP30P140                   5      12.600    tcbn28hpcplusbwp30p140ssg0p81v125c       0 
INVD0P7BWP30P140                 66      16.632    tcbn28hpcplusbwp30p140ssg0p81v125c       0 
INVD12BWP30P140                  49      80.262    tcbn28hpcplusbwp30p140ssg0p81v125c       0 
INVD15BWP30P140                  22      44.352    tcbn28hpcplusbwp30p140ssg0p81v125c       0 
INVD16BWP30P140                   9      19.278    tcbn28hpcplusbwp30p140ssg0p81v125c       0 
INVD18BWP30P140                   6      14.364    tcbn28hpcplusbwp30p140ssg0p81v125c       0 
INVD1BWP30P140                  104      26.208    tcbn28hpcplusbwp30p140ssg0p81v125c       0 
INVD1P5BWP30P140                 75      28.350    tcbn28hpcplusbwp30p140ssg0p81v125c       0 
INVD2BWP30P140                  277     104.706    tcbn28hpcplusbwp30p140ssg0p81v125c       0 
INVD3BWP30P140                 1214     611.856    tcbn28hpcplusbwp30p140ssg0p81v125c       0 
INVD4BWP30P140                  316     199.080    tcbn28hpcplusbwp30p140ssg0p81v125c       0 
INVD6BWP30P140                  628     553.896    tcbn28hpcplusbwp30p140ssg0p81v125c       0 
INVD8BWP30P140                  158     179.172    tcbn28hpcplusbwp30p140ssg0p81v125c       0 
INVD9BWP30P140                   33      41.580    tcbn28hpcplusbwp30p140ssg0p81v125c       0 
IOA21D0BWP30P140                129      81.270    tcbn28hpcplusbwp30p140ssg0p81v125c       0 
IOA21D1BWP30P140                356     224.280    tcbn28hpcplusbwp30p140ssg0p81v125c       0 
IOA21D2BWP30P140                494     435.708    tcbn28hpcplusbwp30p140ssg0p81v125c       0 
IOA21D4BWP30P140                 42      58.212    tcbn28hpcplusbwp30p140ssg0p81v125c       0 
IOA22D1BWP30P140                 26      22.932    tcbn28hpcplusbwp30p140ssg0p81v125c       0 
IOA22D2BWP30P140                 38      47.880    tcbn28hpcplusbwp30p140ssg0p81v125c       0 
IOA22D4BWP30P140                 61     146.034    tcbn28hpcplusbwp30p140ssg0p81v125c       0 
MAOI222D1BWP30P140              470     355.320    tcbn28hpcplusbwp30p140ssg0p81v125c       0 
MAOI222D2BWP30P140               71     116.298    tcbn28hpcplusbwp30p140ssg0p81v125c       0 
MAOI222D4BWP30P140               23      66.654    tcbn28hpcplusbwp30p140ssg0p81v125c       0 
MAOI22D1BWP30P140               145     109.620    tcbn28hpcplusbwp30p140ssg0p81v125c       0 
MAOI22D2BWP30P140               109     137.340    tcbn28hpcplusbwp30p140ssg0p81v125c       0 
MAOI22D4BWP30P140               139     315.252    tcbn28hpcplusbwp30p140ssg0p81v125c       0 
MOAI22D0BWP30P140                46      34.776    tcbn28hpcplusbwp30p140ssg0p81v125c       0 
MOAI22D1BWP30P140               409     309.204    tcbn28hpcplusbwp30p140ssg0p81v125c       0 
MOAI22D2BWP30P140               217     273.420    tcbn28hpcplusbwp30p140ssg0p81v125c       0 
MOAI22D4BWP30P140                95     215.460    tcbn28hpcplusbwp30p140ssg0p81v125c       0 
MUX2D0BWP30P140                   1       0.882    tcbn28hpcplusbwp30p140ssg0p81v125c       0 
MUX2D1BWP30P140                   3       3.024    tcbn28hpcplusbwp30p140ssg0p81v125c       0 
MUX2D2BWP30P140                   3       3.402    tcbn28hpcplusbwp30p140ssg0p81v125c       0 
MUX2D4BWP30P140                   6      10.584    tcbn28hpcplusbwp30p140ssg0p81v125c       0 
MUX2ND2BWP30P140                 58      73.080    tcbn28hpcplusbwp30p140ssg0p81v125c       0 
MUX2ND4BWP30P140                  8      16.128    tcbn28hpcplusbwp30p140ssg0p81v125c       0 
MUX2NOPTD2BWP30P140             316     437.976    tcbn28hpcplusbwp30p140ssg0p81v125c       0 
MUX2NOPTD4BWP30P140             535    1348.200    tcbn28hpcplusbwp30p140ssg0p81v125c       0 
MUX2NOPTD6BWP30P140             204     745.416    tcbn28hpcplusbwp30p140ssg0p81v125c       0 
MUX2NOPTD8BWP30P140              17      81.396    tcbn28hpcplusbwp30p140ssg0p81v125c       0 
MUX2NUD1BWP30P140               128      96.768    tcbn28hpcplusbwp30p140ssg0p81v125c       0 
MUX2OPTD2BWP30P140               16      18.144    tcbn28hpcplusbwp30p140ssg0p81v125c       0 
MUX2OPTD4BWP30P140               18      40.824    tcbn28hpcplusbwp30p140ssg0p81v125c       0 
MUX2OPTD6BWP30P140               39     122.850    tcbn28hpcplusbwp30p140ssg0p81v125c       0 
ND2D16BWP30P140                   1       4.158    tcbn28hpcplusbwp30p140ssg0p81v125c       0 
ND2D1BWP30P140                 1924     727.272    tcbn28hpcplusbwp30p140ssg0p81v125c       0 
ND2D1P5BWP30P140                  4       2.520    tcbn28hpcplusbwp30p140ssg0p81v125c       0 
ND2D2BWP30P140                 1021     643.230    tcbn28hpcplusbwp30p140ssg0p81v125c       0 
ND2D3BWP30P140                  726     640.332    tcbn28hpcplusbwp30p140ssg0p81v125c       0 
ND2D4BWP30P140                  570     646.380    tcbn28hpcplusbwp30p140ssg0p81v125c       0 
ND2D6BWP30P140                  106     173.628    tcbn28hpcplusbwp30p140ssg0p81v125c       0 
ND2D8BWP30P140                   33      70.686    tcbn28hpcplusbwp30p140ssg0p81v125c       0 
ND2OPTD12BWP30P140                4      12.600    tcbn28hpcplusbwp30p140ssg0p81v125c       0 
ND2OPTD6BWP30P140                80     131.040    tcbn28hpcplusbwp30p140ssg0p81v125c       0 
ND2OPTIBD12BWP30P140             47     148.050    tcbn28hpcplusbwp30p140ssg0p81v125c       0 
ND2OPTIBD16BWP30P140              9      37.422    tcbn28hpcplusbwp30p140ssg0p81v125c       0 
ND2OPTIBD1BWP30P140             237      89.586    tcbn28hpcplusbwp30p140ssg0p81v125c       0 
ND2OPTIBD2BWP30P140             186     117.180    tcbn28hpcplusbwp30p140ssg0p81v125c       0 
ND2OPTIBD4BWP30P140             372     421.848    tcbn28hpcplusbwp30p140ssg0p81v125c       0 
ND2OPTIBD6BWP30P140             317     519.246    tcbn28hpcplusbwp30p140ssg0p81v125c       0 
ND2OPTIBD8BWP30P140             156     334.152    tcbn28hpcplusbwp30p140ssg0p81v125c       0 
ND2OPTPAD1BWP30P140               5       3.150    tcbn28hpcplusbwp30p140ssg0p81v125c       0 
ND2OPTPAD2BWP30P140              34      38.556    tcbn28hpcplusbwp30p140ssg0p81v125c       0 
ND2OPTPAD4BWP30P140             518    1044.288    tcbn28hpcplusbwp30p140ssg0p81v125c       0 
ND2OPTPAD6BWP30P140             123     356.454    tcbn28hpcplusbwp30p140ssg0p81v125c       0 
ND2OPTPAD8BWP30P140              45     136.080    tcbn28hpcplusbwp30p140ssg0p81v125c       0 
ND3D1BWP30P140                  278     140.112    tcbn28hpcplusbwp30p140ssg0p81v125c       0 
ND3D1P5BWP30P140                 25      22.050    tcbn28hpcplusbwp30p140ssg0p81v125c       0 
ND3D2BWP30P140                   57      50.274    tcbn28hpcplusbwp30p140ssg0p81v125c       0 
ND3D3BWP30P140                    8      10.080    tcbn28hpcplusbwp30p140ssg0p81v125c       0 
ND3D4BWP30P140                   11      19.404    tcbn28hpcplusbwp30p140ssg0p81v125c       0 
ND3D6BWP30P140                   15      37.800    tcbn28hpcplusbwp30p140ssg0p81v125c       0 
ND3OPTD6BWP30P140                17      40.698    tcbn28hpcplusbwp30p140ssg0p81v125c       0 
ND3OPTPAD1BWP30P140               2       1.764    tcbn28hpcplusbwp30p140ssg0p81v125c       0 
ND3OPTPAD2BWP30P140              67     101.304    tcbn28hpcplusbwp30p140ssg0p81v125c       0 
ND3OPTPAD4BWP30P140             107     269.640    tcbn28hpcplusbwp30p140ssg0p81v125c       0 
ND3OPTPAD6BWP30P140              87     306.936    tcbn28hpcplusbwp30p140ssg0p81v125c       0 
ND3OPTPAD8BWP30P140               4      18.144    tcbn28hpcplusbwp30p140ssg0p81v125c       0 
ND4D1BWP30P140                  138      86.940    tcbn28hpcplusbwp30p140ssg0p81v125c       0 
ND4D3BWP30P140                    3       4.914    tcbn28hpcplusbwp30p140ssg0p81v125c       0 
NR2D0BWP30P140                    2       0.756    tcbn28hpcplusbwp30p140ssg0p81v125c       0 
NR2D16BWP30P140                   2       8.316    tcbn28hpcplusbwp30p140ssg0p81v125c       0 
NR2D1BWP30P140                 1438     543.564    tcbn28hpcplusbwp30p140ssg0p81v125c       0 
NR2D1P5BWP30P140                  2       1.260    tcbn28hpcplusbwp30p140ssg0p81v125c       0 
NR2D2BWP30P140                  994     626.220    tcbn28hpcplusbwp30p140ssg0p81v125c       0 
NR2D3BWP30P140                 1257    1108.674    tcbn28hpcplusbwp30p140ssg0p81v125c       0 
NR2D4BWP30P140                  982    1113.588    tcbn28hpcplusbwp30p140ssg0p81v125c       0 
NR2D6BWP30P140                  149     244.062    tcbn28hpcplusbwp30p140ssg0p81v125c       0 
NR2D8BWP30P140                  101     216.342    tcbn28hpcplusbwp30p140ssg0p81v125c       0 
NR2OPTD12BWP30P140               15      47.250    tcbn28hpcplusbwp30p140ssg0p81v125c       0 
NR2OPTD6BWP30P140               232     380.016    tcbn28hpcplusbwp30p140ssg0p81v125c       0 
NR2OPTIBD12BWP30P140             22      69.300    tcbn28hpcplusbwp30p140ssg0p81v125c       0 
NR2OPTIBD1BWP30P140             512     193.536    tcbn28hpcplusbwp30p140ssg0p81v125c       0 
NR2OPTIBD2BWP30P140             158      99.540    tcbn28hpcplusbwp30p140ssg0p81v125c       0 
NR2OPTIBD4BWP30P140             178     201.852    tcbn28hpcplusbwp30p140ssg0p81v125c       0 
NR2OPTIBD6BWP30P140             168     275.184    tcbn28hpcplusbwp30p140ssg0p81v125c       0 
NR2OPTIBD8BWP30P140             122     261.324    tcbn28hpcplusbwp30p140ssg0p81v125c       0 
NR2OPTPAD1BWP30P140             517     260.568    tcbn28hpcplusbwp30p140ssg0p81v125c       0 
NR2OPTPAD2BWP30P140             312     275.184    tcbn28hpcplusbwp30p140ssg0p81v125c       0 
NR2OPTPAD4BWP30P140             659    1079.442    tcbn28hpcplusbwp30p140ssg0p81v125c       0 
NR2OPTPAD6BWP30P140              97     232.218    tcbn28hpcplusbwp30p140ssg0p81v125c       0 
NR2OPTPAD8BWP30P140             211     664.650    tcbn28hpcplusbwp30p140ssg0p81v125c       0 
NR3D0BWP30P140                   77      38.808    tcbn28hpcplusbwp30p140ssg0p81v125c       0 
NR3D0P7BWP30P140                 82      41.328    tcbn28hpcplusbwp30p140ssg0p81v125c       0 
NR3D1BWP30P140                   41      36.162    tcbn28hpcplusbwp30p140ssg0p81v125c       0 
NR3D1P5BWP30P140                213     187.866    tcbn28hpcplusbwp30p140ssg0p81v125c       0 
NR3D2BWP30P140                  118     208.152    tcbn28hpcplusbwp30p140ssg0p81v125c       0 
NR3D3BWP30P140                   45     113.400    tcbn28hpcplusbwp30p140ssg0p81v125c       0 
NR3D4BWP30P140                  118     386.568    tcbn28hpcplusbwp30p140ssg0p81v125c       0 
NR3D6BWP30P140                   56     268.128    tcbn28hpcplusbwp30p140ssg0p81v125c       0 
NR3D8BWP30P140                    2      12.600    tcbn28hpcplusbwp30p140ssg0p81v125c       0 
NR3OPTD6BWP30P140                 5      11.970    tcbn28hpcplusbwp30p140ssg0p81v125c       0 
NR3OPTPAD1BWP30P140               1       1.008    tcbn28hpcplusbwp30p140ssg0p81v125c       0 
NR3OPTPAD2BWP30P140              32      52.416    tcbn28hpcplusbwp30p140ssg0p81v125c       0 
NR3OPTPAD4BWP30P140             106     253.764    tcbn28hpcplusbwp30p140ssg0p81v125c       0 
NR3OPTPAD6BWP30P140              72     235.872    tcbn28hpcplusbwp30p140ssg0p81v125c       0 
NR3OPTPAD8BWP30P140              18      81.648    tcbn28hpcplusbwp30p140ssg0p81v125c       0 
NR4D0BWP30P140                    1       0.630    tcbn28hpcplusbwp30p140ssg0p81v125c       0 
NR4D1BWP30P140                   18      20.412    tcbn28hpcplusbwp30p140ssg0p81v125c       0 
NR4D2BWP30P140                   17      38.556    tcbn28hpcplusbwp30p140ssg0p81v125c       0 
NR4D3BWP30P140                   10      32.760    tcbn28hpcplusbwp30p140ssg0p81v125c       0 
NR4D4BWP30P140                    7      29.988    tcbn28hpcplusbwp30p140ssg0p81v125c       0 
OA211D1BWP30P140                 56      42.336    tcbn28hpcplusbwp30p140ssg0p81v125c       0 
OA211D2BWP30P140                  1       0.882    tcbn28hpcplusbwp30p140ssg0p81v125c       0 
OA21D1BWP30P140                 239     150.570    tcbn28hpcplusbwp30p140ssg0p81v125c       0 
OA21D2BWP30P140                  14      10.584    tcbn28hpcplusbwp30p140ssg0p81v125c       0 
OA21D4BWP30P140                  30      41.580    tcbn28hpcplusbwp30p140ssg0p81v125c       0 
OA22D1BWP30P140                   5       4.410    tcbn28hpcplusbwp30p140ssg0p81v125c       0 
OA22D2BWP30P140                   3       3.024    tcbn28hpcplusbwp30p140ssg0p81v125c       0 
OA22D4BWP30P140                  15      26.460    tcbn28hpcplusbwp30p140ssg0p81v125c       0 
OAI211D1BWP30P140               629     396.270    tcbn28hpcplusbwp30p140ssg0p81v125c       0 
OAI211D2BWP30P140                49      55.566    tcbn28hpcplusbwp30p140ssg0p81v125c       0 
OAI211D4BWP30P140                13      29.484    tcbn28hpcplusbwp30p140ssg0p81v125c       0 
OAI211OPTREPBD1BWP30P140         10      11.340    tcbn28hpcplusbwp30p140ssg0p81v125c       0 
OAI211OPTREPBD2BWP30P140         62     109.368    tcbn28hpcplusbwp30p140ssg0p81v125c       0 
OAI211OPTREPBD4BWP30P140         24      84.672    tcbn28hpcplusbwp30p140ssg0p81v125c       0 
OAI211OPTREPBD6BWP30P140          2      10.080    tcbn28hpcplusbwp30p140ssg0p81v125c       0 
OAI21D0P7BWP30P140              170      85.680    tcbn28hpcplusbwp30p140ssg0p81v125c       0 
OAI21D1BWP30P140                535     269.640    tcbn28hpcplusbwp30p140ssg0p81v125c       0 
OAI21D1P5BWP30P140               15      13.230    tcbn28hpcplusbwp30p140ssg0p81v125c       0 
OAI21D2BWP30P140                712     627.984    tcbn28hpcplusbwp30p140ssg0p81v125c       0 
OAI21D4BWP30P140                400     705.600    tcbn28hpcplusbwp30p140ssg0p81v125c       0 
OAI21D6BWP30P140                286     720.720    tcbn28hpcplusbwp30p140ssg0p81v125c       0 
OAI21D8BWP30P140                 89     291.564    tcbn28hpcplusbwp30p140ssg0p81v125c       0 
OAI21OPTREPBD1BWP30P140         116      87.696    tcbn28hpcplusbwp30p140ssg0p81v125c       0 
OAI21OPTREPBD2BWP30P140         183     253.638    tcbn28hpcplusbwp30p140ssg0p81v125c       0 
OAI21OPTREPBD4BWP30P140         219     579.474    tcbn28hpcplusbwp30p140ssg0p81v125c       0 
OAI21OPTREPBD6BWP30P140          45     175.770    tcbn28hpcplusbwp30p140ssg0p81v125c       0 
OAI21OPTREPBD8BWP30P140           5      25.830    tcbn28hpcplusbwp30p140ssg0p81v125c       0 
OAI221D1BWP30P140               570     502.740    tcbn28hpcplusbwp30p140ssg0p81v125c       0 
OAI221D2BWP30P140                 1       1.512    tcbn28hpcplusbwp30p140ssg0p81v125c       0 
OAI222D1BWP30P140               265     267.120    tcbn28hpcplusbwp30p140ssg0p81v125c       0 
OAI22D1BWP30P140                331     208.530    tcbn28hpcplusbwp30p140ssg0p81v125c       0 
OAI22D1P5BWP30P140               16      18.144    tcbn28hpcplusbwp30p140ssg0p81v125c       0 
OAI22D2BWP30P140                  5       5.670    tcbn28hpcplusbwp30p140ssg0p81v125c       0 
OAI22D4BWP30P140                 16      36.288    tcbn28hpcplusbwp30p140ssg0p81v125c       0 
OAI22D6BWP30P140                  1       3.276    tcbn28hpcplusbwp30p140ssg0p81v125c       0 
OAI22OPTPBD1BWP30P140            10      10.080    tcbn28hpcplusbwp30p140ssg0p81v125c       0 
OAI22OPTPBD2BWP30P140            81     153.090    tcbn28hpcplusbwp30p140ssg0p81v125c       0 
OAI22OPTPBD4BWP30P140            42     153.468    tcbn28hpcplusbwp30p140ssg0p81v125c       0 
OAI22OPTPBD6BWP30P140             2      10.836    tcbn28hpcplusbwp30p140ssg0p81v125c       0 
OAI31D1BWP30P140                 17      10.710    tcbn28hpcplusbwp30p140ssg0p81v125c       0 
OAI31D2BWP30P140                 42      47.628    tcbn28hpcplusbwp30p140ssg0p81v125c       0 
OAI31D4BWP30P140                 20      45.360    tcbn28hpcplusbwp30p140ssg0p81v125c       0 
OR2D0BWP30P140                   92      46.368    tcbn28hpcplusbwp30p140ssg0p81v125c       0 
OR2D1BWP30P140                  449     226.296    tcbn28hpcplusbwp30p140ssg0p81v125c       0 
OR2D2BWP30P140                  100      63.000    tcbn28hpcplusbwp30p140ssg0p81v125c       0 
OR2D4BWP30P140                   88      99.792    tcbn28hpcplusbwp30p140ssg0p81v125c       0 
OR2D6BWP30P140                   11      15.246    tcbn28hpcplusbwp30p140ssg0p81v125c       0 
OR2D8BWP30P140                    1       1.890    tcbn28hpcplusbwp30p140ssg0p81v125c       0 
OR3D1BWP30P140                   34      21.420    tcbn28hpcplusbwp30p140ssg0p81v125c       0 
OR3D2BWP30P140                   17      12.852    tcbn28hpcplusbwp30p140ssg0p81v125c       0 
OR3D4BWP30P140                   56      77.616    tcbn28hpcplusbwp30p140ssg0p81v125c       0 
OR4D1BWP30P140                   48      36.288    tcbn28hpcplusbwp30p140ssg0p81v125c       0 
OR4D2BWP30P140                   17      14.994    tcbn28hpcplusbwp30p140ssg0p81v125c       0 
OR4D4BWP30P140                   43      70.434    tcbn28hpcplusbwp30p140ssg0p81v125c       0 
OR4D8BWP30P140                    1       2.646    tcbn28hpcplusbwp30p140ssg0p81v125c       0 
SDFCNARD1BWP30P140               28      88.200    tcbn28hpcplusbwp30p140ssg0p81v125c       0 
SDFCNOPTMAD4BWP30P140            84     560.952    tcbn28hpcplusbwp30p140ssg0p81v125c       0 
SDFCNOPTMAD8BWP30P140            47     438.228    tcbn28hpcplusbwp30p140ssg0p81v125c       0 
SDFCNOPTMCD8BWP30P140             5      41.580    tcbn28hpcplusbwp30p140ssg0p81v125c       0 
SDFCNOPTSADD4BWP30P140           84     560.952    tcbn28hpcplusbwp30p140ssg0p81v125c       0 
SDFCNQARD1BWP30P140              83     240.534    tcbn28hpcplusbwp30p140ssg0p81v125c       0 
SDFCNQD0BWP30P140                11      31.878    tcbn28hpcplusbwp30p140ssg0p81v125c       0 
SDFCNQOPTMAD4BWP30P140           31     187.488    tcbn28hpcplusbwp30p140ssg0p81v125c       0 
SDFCNQOPTSADD4BWP30P140          21     127.008    tcbn28hpcplusbwp30p140ssg0p81v125c       0 
SDFSNQD2BWP30P140                 2       5.796    tcbn28hpcplusbwp30p140ssg0p81v125c       0 
SEDFCNQARD1BWP30P140              1       3.780    tcbn28hpcplusbwp30p140ssg0p81v125c       0 
XNR2D1BWP30P140                 682     687.456    tcbn28hpcplusbwp30p140ssg0p81v125c       0 
XNR2D2BWP30P140                 218     247.212    tcbn28hpcplusbwp30p140ssg0p81v125c       0 
XNR2D4BWP30P140                  30      60.480    tcbn28hpcplusbwp30p140ssg0p81v125c       0 
XNR2OPTND2BWP30P140             478     662.508    tcbn28hpcplusbwp30p140ssg0p81v125c       0 
XNR2OPTND4BWP30P140            1341    3379.320    tcbn28hpcplusbwp30p140ssg0p81v125c       0 
XNR2OPTND6BWP30P140              76     277.704    tcbn28hpcplusbwp30p140ssg0p81v125c       0 
XNR2OPTND8BWP30P140               4      19.152    tcbn28hpcplusbwp30p140ssg0p81v125c       0 
XNR2UD1BWP30P140               3372    2974.104    tcbn28hpcplusbwp30p140ssg0p81v125c       0 
XNR3D0BWP30P140                   2       3.780    tcbn28hpcplusbwp30p140ssg0p81v125c       0 
XNR3D1BWP30P140                 158     298.620    tcbn28hpcplusbwp30p140ssg0p81v125c       0 
XNR3D2BWP30P140                 121     243.936    tcbn28hpcplusbwp30p140ssg0p81v125c       0 
XNR3D4BWP30P140                  57     179.550    tcbn28hpcplusbwp30p140ssg0p81v125c       0 
XNR3UD1BWP30P140                388     684.432    tcbn28hpcplusbwp30p140ssg0p81v125c       0 
XNR4D1BWP30P140                  55     145.530    tcbn28hpcplusbwp30p140ssg0p81v125c       0 
XOR2D1BWP30P140                 435     438.480    tcbn28hpcplusbwp30p140ssg0p81v125c       0 
XOR2D2BWP30P140                  95     107.730    tcbn28hpcplusbwp30p140ssg0p81v125c       0 
XOR2D4BWP30P140                  72     145.152    tcbn28hpcplusbwp30p140ssg0p81v125c       0 
XOR2OPTND2BWP30P140             307     425.502    tcbn28hpcplusbwp30p140ssg0p81v125c       0 
XOR2OPTND4BWP30P140            1029    2593.080    tcbn28hpcplusbwp30p140ssg0p81v125c       0 
XOR2OPTND6BWP30P140              76     277.704    tcbn28hpcplusbwp30p140ssg0p81v125c       0 
XOR2OPTND8BWP30P140               7      33.516    tcbn28hpcplusbwp30p140ssg0p81v125c       0 
XOR2UD0BWP30P140                  2       1.764    tcbn28hpcplusbwp30p140ssg0p81v125c       0 
XOR2UD1BWP30P140               1180    1040.760    tcbn28hpcplusbwp30p140ssg0p81v125c       0 
XOR3D1BWP30P140                 201     379.890    tcbn28hpcplusbwp30p140ssg0p81v125c       0 
XOR3D2BWP30P140                 159     320.544    tcbn28hpcplusbwp30p140ssg0p81v125c       0 
XOR3D4BWP30P140                  86     270.900    tcbn28hpcplusbwp30p140ssg0p81v125c       0 
XOR3UD0BWP30P140                  1       1.764    tcbn28hpcplusbwp30p140ssg0p81v125c       0 
XOR3UD1BWP30P140                593    1046.052    tcbn28hpcplusbwp30p140ssg0p81v125c       0 
XOR4D0BWP30P140                  20      52.920    tcbn28hpcplusbwp30p140ssg0p81v125c       0 
XOR4D1BWP30P140                  25      66.150    tcbn28hpcplusbwp30p140ssg0p81v125c       0 
----------------------------------------------------------------------------------------------
total                         87180  103176.864                                       


                                                         
            Type             Instances    Area    Area % 
---------------------------------------------------------
sequential                        3335   8992.872    8.7 
inverter                         12007   4801.608    4.7 
buffer                            1489    948.276    0.9 
clock_gating_integrated_cell        51     96.390    0.1 
logic                            70298  88337.718   85.6 
physical_cells                       0      0.000    0.0 
---------------------------------------------------------
total                            87180 103176.864  100.0 

