============================================================
  Generated by:           Genus(TM) Synthesis Solution 21.12-s068_1
  Generated on:           Sep 01 2026  04:21:59 pm
  Module:                 Conv
  Operating conditions:   ssg0p81v125c 
  Operating conditions:   tt0p9v25c 
  Operating conditions:   ffg0p99vm40c 
  Interconnect mode:      global
  Area mode:              physical library
============================================================


Path 1: MET (417 ps) Late External Delay Assertion at pin p_output_data_write[19]
           View: analysis_view_0p99v_m40c_capbst_fastest
          Group: clk
     Startpoint: (R) r_output_write_count_reg[0]/CP
          Clock: (R) clk
       Endpoint: (F) p_output_data_write[19]
          Clock: (R) clk

                     Capture       Launch     
        Clock Edge:+    2000            0     
       Src Latency:+       0            0     
       Net Latency:+       0 (I)        0 (I) 
           Arrival:=    2000            0     
                                              
      Output Delay:-    1000                  
     Required Time:=    1000                  
      Launch Clock:-       0                  
         Data Path:-     583                  
             Slack:=     417                  

Exceptions/Constraints:
  output_delay             1000            tmp_sdc_analysis_vie_1_line_263 

#---------------------------------------------------------------------------------------------------------------
#         Timing Point           Flags    Arc   Edge       Cell        Fanout Load Trans Delay Arrival Instance 
#                                                                             (fF)  (ps)  (ps)   (ps)  Location 
#---------------------------------------------------------------------------------------------------------------
  r_output_write_count_reg[0]/CP -       -      R     (arrival)            66    -     0     0       0    (-,-) 
  r_output_write_count_reg[0]/QN -       CP->QN R     EDFCND1BWP30P140      5  7.0    24    51      51    (-,-) 
  g24587/ZN                      -       A2->ZN F     NR2D1BWP30P140        4  5.2    21    18      70    (-,-) 
  g24572/Z                       -       I->Z   F     BUFFD2BWP30P140      35 39.2    63    48     117    (-,-) 
  g24418/ZN                      -       B1->ZN R     AOI22D1BWP30P140      1  1.7    22    28     146    (-,-) 
  g24322/ZN                      -       A1->ZN F     ND2D1BWP30P140        1  3.1    22    18     163    (-,-) 
  add_883_69_g1256/CO            -       A->CO  F     FA1D1BWP30P140        1  2.4    13    31     194    (-,-) 
  add_883_69_g1255/CO            -       CI->CO F     FA1D1BWP30P140        1  2.4    13    24     218    (-,-) 
  add_883_69_g1254/CO            -       CI->CO F     FA1D1BWP30P140        1  2.4    13    24     242    (-,-) 
  add_883_69_g1253/CO            -       CI->CO F     FA1D1BWP30P140        1  2.4    12    24     267    (-,-) 
  add_883_69_g1252/CO            -       CI->CO F     FA1D1BWP30P140        1  2.4    12    24     291    (-,-) 
  add_883_69_g1251/CO            -       CI->CO F     FA1D1BWP30P140        3  4.4    18    28     319    (-,-) 
  add_883_69_g1249/Z             -       A1->Z  F     AO21D1BWP30P140       1  2.4    11    18     337    (-,-) 
  add_883_69_g1246/CO            -       CI->CO F     FA1D1BWP30P140        1  2.4    12    24     361    (-,-) 
  add_883_69_g1245/CO            -       CI->CO F     FA1D1BWP30P140        1  2.4    12    24     385    (-,-) 
  add_883_69_g1244/CO            -       CI->CO F     FA1D1BWP30P140        1  2.4    12    24     409    (-,-) 
  add_883_69_g1243/CO            -       CI->CO F     FA1D1BWP30P140        1  2.4    12    24     433    (-,-) 
  add_883_69_g1242/CO            -       CI->CO F     FA1D1BWP30P140        1  2.4    12    24     458    (-,-) 
  add_883_69_g1241/CO            -       CI->CO F     FA1D1BWP30P140        1  2.4    12    24     482    (-,-) 
  add_883_69_g1240/CO            -       CI->CO F     FA1D1BWP30P140        1  2.4    12    24     506    (-,-) 
  add_883_69_g1239/CO            -       CI->CO F     FA1D1BWP30P140        1  2.4    12    24     530    (-,-) 
  add_883_69_g1238/CO            -       CI->CO F     FA1D1BWP30P140        1  1.8    11    23     553    (-,-) 
  add_883_69_g1237/Z             -       A3->Z  F     XOR3UD1BWP30P140      1  5.2    34    30     583    (-,-) 
  p_output_data_write[19]        <<<     -      F     (port)                -    -     -     0     583    (-,-) 
#---------------------------------------------------------------------------------------------------------------


