============================================================
  Generated by:           Genus(TM) Synthesis Solution 21.12-s068_1
  Generated on:           Sep 01 2026  04:21:46 pm
  Module:                 Conv
  Library domain:         timing_cond_0p81v_125c
    Domain index:         0
    Technology library:   tcbn28hpcplusbwp30p140ssg0p81v125c 110
  Operating conditions:   ssg0p81v125c 
  Interconnect mode:      global
  Area mode:              physical library
============================================================

        Instance                  Module           Cell Count  Cell Area  Net Area   Total Area 
------------------------------------------------------------------------------------------------
Conv                                                    10254  11018.826  4641.563    15660.389 
  inverse_row_acc        InverseRowAccumulate             238    265.608    59.014      324.622 
  inverse_row_acc_second InverseRowAccumulate_213         160    189.756    34.681      224.437 
  inverse_row_current    InverseRow                        97    169.848    33.045      202.893 
  inverse_row_lane1      InverseRow_212                    97    169.848    33.045      202.893 
  multip0                Multip                           599    626.472   246.268      872.740 
  multip1                Multip_220                       597    627.228   245.272      872.500 
  multip2                Multip_219                       598    626.220   245.893      872.113 
  multip3                Multip_218                       597    627.984   245.272      873.256 
  multip4                Multip_217                       601    635.040   250.000      885.040 
  multip5                Multip_216                       601    635.796   250.129      885.925 
  multip6                Multip_215                       608    637.056   251.869      888.925 
  multip7                Multip_214                       601    635.922   250.129      886.051 
  trf                    Transform                       2354   1696.590   778.478     2475.068 
    matrix_c0            MatrixC0                        1310    878.724   351.722     1230.446 
    matrix_c1            MatrixC1                        1044    817.866   274.766     1092.632 
