============================================================
  Generated by:           Genus(TM) Synthesis Solution 21.12-s068_1
  Generated on:           Oct 06 2026  09:50:16 pm
  Module:                 Conv
  Library domain:         timing_cond_0p81v_125c
    Domain index:         0
    Technology library:   tcbn28hpcplusbwp30p140ssg0p81v125c 110
  Operating conditions:   ssg0p81v125c 
  Interconnect mode:      global
  Area mode:              physical library
============================================================

                                                                               Library 
        Gate         Instances    Area                  Library                 Domain 
---------------------------------------------------------------------------------------
AN2D1BWP30P140               8     4.032    tcbn28hpcplusbwp30p140ssg0p81v125c       0 
AN3D1BWP30P140              14     8.820    tcbn28hpcplusbwp30p140ssg0p81v125c       0 
AN4D1BWP30P140               2     1.512    tcbn28hpcplusbwp30p140ssg0p81v125c       0 
AO211D1BWP30P140             1     0.756    tcbn28hpcplusbwp30p140ssg0p81v125c       0 
AO21D1BWP30P140             11     6.930    tcbn28hpcplusbwp30p140ssg0p81v125c       0 
AO22D0BWP30P140            284   214.704    tcbn28hpcplusbwp30p140ssg0p81v125c       0 
AOI211D1BWP30P140            2     1.260    tcbn28hpcplusbwp30p140ssg0p81v125c       0 
AOI21D1BWP30P140            41    20.664    tcbn28hpcplusbwp30p140ssg0p81v125c       0 
AOI221D1BWP30P140          252   190.512    tcbn28hpcplusbwp30p140ssg0p81v125c       0 
AOI222D1BWP30P140           35    35.280    tcbn28hpcplusbwp30p140ssg0p81v125c       0 
AOI22D1BWP30P140           580   365.400    tcbn28hpcplusbwp30p140ssg0p81v125c       0 
CKAN2D1BWP30P140           320   161.280    tcbn28hpcplusbwp30p140ssg0p81v125c       0 
CKLNQD1BWP30P140            41    77.490    tcbn28hpcplusbwp30p140ssg0p81v125c       0 
CKMUX2D0BWP30P140           66    58.212    tcbn28hpcplusbwp30p140ssg0p81v125c       0 
CKND1BWP30P140             645   162.540    tcbn28hpcplusbwp30p140ssg0p81v125c       0 
CKND2BWP30P140               2     0.756    tcbn28hpcplusbwp30p140ssg0p81v125c       0 
CKND2D1BWP30P140           164    61.992    tcbn28hpcplusbwp30p140ssg0p81v125c       0 
DFCND1BWP30P140             13    32.760    tcbn28hpcplusbwp30p140ssg0p81v125c       0 
DFCNQD1BWP30P140           869  1970.892    tcbn28hpcplusbwp30p140ssg0p81v125c       0 
DFSND1BWP30P140              2     4.788    tcbn28hpcplusbwp30p140ssg0p81v125c       0 
DFSNQD2BWP30P140             1     2.268    tcbn28hpcplusbwp30p140ssg0p81v125c       0 
EDFCND1BWP30P140             4    12.096    tcbn28hpcplusbwp30p140ssg0p81v125c       0 
EDFCNQD1BWP30P140           73   211.554    tcbn28hpcplusbwp30p140ssg0p81v125c       0 
FA1D1BWP30P140            1439  3082.338    tcbn28hpcplusbwp30p140ssg0p81v125c       0 
HA1D1BWP30P140             181   296.478    tcbn28hpcplusbwp30p140ssg0p81v125c       0 
IAO21D1BWP30P140             1     0.630    tcbn28hpcplusbwp30p140ssg0p81v125c       0 
IND2D1BWP30P140             68    34.272    tcbn28hpcplusbwp30p140ssg0p81v125c       0 
IND3D1BWP30P140              4     2.520    tcbn28hpcplusbwp30p140ssg0p81v125c       0 
IND4D1BWP30P140              4     3.024    tcbn28hpcplusbwp30p140ssg0p81v125c       0 
INR2D1BWP30P140            168    84.672    tcbn28hpcplusbwp30p140ssg0p81v125c       0 
INR3D0BWP30P140              7     4.410    tcbn28hpcplusbwp30p140ssg0p81v125c       0 
INR3D2BWP30P140              1     1.008    tcbn28hpcplusbwp30p140ssg0p81v125c       0 
INR4D0BWP30P140              1     0.756    tcbn28hpcplusbwp30p140ssg0p81v125c       0 
INVD0P7BWP30P140             1     0.252    tcbn28hpcplusbwp30p140ssg0p81v125c       0 
INVD1BWP30P140              12     3.024    tcbn28hpcplusbwp30p140ssg0p81v125c       0 
IOA21D1BWP30P140           173   108.990    tcbn28hpcplusbwp30p140ssg0p81v125c       0 
IOA21D2BWP30P140             1     0.882    tcbn28hpcplusbwp30p140ssg0p81v125c       0 
MAOI222D1BWP30P140          32    24.192    tcbn28hpcplusbwp30p140ssg0p81v125c       0 
MAOI22D1BWP30P140            4     3.024    tcbn28hpcplusbwp30p140ssg0p81v125c       0 
MOAI22D1BWP30P140            5     3.780    tcbn28hpcplusbwp30p140ssg0p81v125c       0 
MUX2D0BWP30P140             33    29.106    tcbn28hpcplusbwp30p140ssg0p81v125c       0 
MUX2NUD1BWP30P140            4     3.024    tcbn28hpcplusbwp30p140ssg0p81v125c       0 
ND2D1BWP30P140             387   146.286    tcbn28hpcplusbwp30p140ssg0p81v125c       0 
ND2OPTIBD1BWP30P140         10     3.780    tcbn28hpcplusbwp30p140ssg0p81v125c       0 
ND2OPTIBD2BWP30P140          1     0.630    tcbn28hpcplusbwp30p140ssg0p81v125c       0 
ND3D1BWP30P140              34    17.136    tcbn28hpcplusbwp30p140ssg0p81v125c       0 
NR2D1BWP30P140              73    27.594    tcbn28hpcplusbwp30p140ssg0p81v125c       0 
NR2OPTIBD1BWP30P140         79    29.862    tcbn28hpcplusbwp30p140ssg0p81v125c       0 
NR2OPTPAD1BWP30P140          2     1.008    tcbn28hpcplusbwp30p140ssg0p81v125c       0 
NR3D0BWP30P140               8     4.032    tcbn28hpcplusbwp30p140ssg0p81v125c       0 
NR3D0P7BWP30P140            24    12.096    tcbn28hpcplusbwp30p140ssg0p81v125c       0 
NR3D1P5BWP30P140             1     0.882    tcbn28hpcplusbwp30p140ssg0p81v125c       0 
NR4D0BWP30P140               2     1.260    tcbn28hpcplusbwp30p140ssg0p81v125c       0 
OA21D1BWP30P140             10     6.300    tcbn28hpcplusbwp30p140ssg0p81v125c       0 
OAI211D1BWP30P140            3     1.890    tcbn28hpcplusbwp30p140ssg0p81v125c       0 
OAI21D1BWP30P140            76    38.304    tcbn28hpcplusbwp30p140ssg0p81v125c       0 
OAI222D1BWP30P140          146   147.168    tcbn28hpcplusbwp30p140ssg0p81v125c       0 
OAI22D1BWP30P140             2     1.260    tcbn28hpcplusbwp30p140ssg0p81v125c       0 
OAI31D1BWP30P140             1     0.630    tcbn28hpcplusbwp30p140ssg0p81v125c       0 
OAI32D1BWP30P140             3     2.268    tcbn28hpcplusbwp30p140ssg0p81v125c       0 
OAI33D1BWP30P140             4     3.528    tcbn28hpcplusbwp30p140ssg0p81v125c       0 
OR2D0BWP30P140               8     4.032    tcbn28hpcplusbwp30p140ssg0p81v125c       0 
OR2D1BWP30P140              42    21.168    tcbn28hpcplusbwp30p140ssg0p81v125c       0 
OR2D2BWP30P140               1     0.630    tcbn28hpcplusbwp30p140ssg0p81v125c       0 
OR3D1BWP30P140               6     3.780    tcbn28hpcplusbwp30p140ssg0p81v125c       0 
OR4D1BWP30P140               1     0.756    tcbn28hpcplusbwp30p140ssg0p81v125c       0 
SDFCNQARD1BWP30P140         67   194.166    tcbn28hpcplusbwp30p140ssg0p81v125c       0 
XNR2UD1BWP30P140           294   259.308    tcbn28hpcplusbwp30p140ssg0p81v125c       0 
XNR3UD1BWP30P140            52    91.728    tcbn28hpcplusbwp30p140ssg0p81v125c       0 
XOR2UD1BWP30P140           153   134.946    tcbn28hpcplusbwp30p140ssg0p81v125c       0 
XOR3UD1BWP30P140            22    38.808    tcbn28hpcplusbwp30p140ssg0p81v125c       0 
XOR4D0BWP30P140              1     2.646    tcbn28hpcplusbwp30p140ssg0p81v125c       0 
XOR4D1BWP30P140              4    10.584    tcbn28hpcplusbwp30p140ssg0p81v125c       0 
---------------------------------------------------------------------------------------
total                     7086  8501.346                                       


                                                       
            Type             Instances   Area   Area % 
-------------------------------------------------------
sequential                        1029 2428.524   28.6 
inverter                           660  166.572    2.0 
clock_gating_integrated_cell        41   77.490    0.9 
logic                             5356 5828.760   68.6 
physical_cells                       0    0.000    0.0 
-------------------------------------------------------
total                             7086 8501.346  100.0 

