============================================================
  Generated by:           Genus(TM) Synthesis Solution 21.12-s068_1
  Generated on:           Sep 12 2026  09:42:35 am
  Module:                 Conv
  Library domain:         timing_cond_0p81v_125c
    Domain index:         0
    Technology library:   tcbn28hpcplusbwp30p140ssg0p81v125c 110
  Operating conditions:   ssg0p81v125c 
  Interconnect mode:      global
  Area mode:              physical library
============================================================


Summary
-------
--------------------------------------------------------------------------
            Category            Number     %    Average Toggle Saving %   
--------------------------------------------------------------------------
 Total Clock Gating Instances       54  100.00                         -  
--------------------------------------------------------------------------
 RC Clock Gating Instances          54  100.00                     77.79  
 Non-RC Clock Gating Instances       0    0.00                      0.00  
--------------------------------------------------------------------------
 RC Gated Flip-flops              1252   99.13                     74.37  
 Non-RC Gated Flip-flops             0    0.00                      0.00  
--------------------------------------------------------------------------
 Total Gated Flip-flops           1252   99.13                         -  
 Total Ungated Flip-flops           11    0.87                         -  
 Register bank width too small      11  100.00                         -  
--------------------------------------------------------------------------
 Total Flip-flops                 1263  100.00                         -  
--------------------------------------------------------------------------
Multibit Flip-flop Summary
--------------------------
-------------------------------------------------------
Width     Number     Bits     RC Gated     Ungated     
-------------------------------------------------------
1-bit     1263       1263     1252 (99.13%) 11 (0.87%)  
--------------------------------------------------------


