============================================================
  Generated by:           Genus(TM) Synthesis Solution 21.12-s068_1
  Generated on:           Sep 12 2026  09:42:37 am
  Module:                 Conv
  Operating conditions:   ssg0p81v125c 
  Interconnect mode:      global
  Area mode:              physical library
============================================================


Path 1: MET (1 ps) Late External Delay Assertion at pin p_output_data_write[19]
           View: analysis_view_0p81v_125c_capwst_slowest
          Group: clk
     Startpoint: (R) r_output_write_count_reg[0]/CP
          Clock: (R) clk
       Endpoint: (F) p_output_data_write[19]
          Clock: (R) clk

                     Capture       Launch     
        Clock Edge:+    2000            0     
       Src Latency:+       0            0     
       Net Latency:+       0 (I)        0 (I) 
           Arrival:=    2000            0     
                                              
      Output Delay:-    1000                  
     Required Time:=    1000                  
      Launch Clock:-       0                  
         Data Path:-     999                  
             Slack:=       1                  

Exceptions/Constraints:
  output_delay             1000            constraints.sdc_line_25_78_1 

#-----------------------------------------------------------------------------------------------------------------
#         Timing Point           Flags    Arc   Edge        Cell         Fanout Load Trans Delay Arrival Instance 
#                                                                               (fF)  (ps)  (ps)   (ps)  Location 
#-----------------------------------------------------------------------------------------------------------------
  r_output_write_count_reg[0]/CP -       -      R     (arrival)              65    -     0     0       0    (-,-) 
  r_output_write_count_reg[0]/Q  -       CP->Q  F     EDFCND1BWP30P140        9 10.2    56    78      78    (-,-) 
  g26601/ZN                      -       A2->ZN R     ND2D1BWP30P140          5  6.2    44    43     120    (-,-) 
  g26587/ZN                      -       I->ZN  F     CKND4BWP30P140         38 33.2    49    40     160    (-,-) 
  g26384/ZN                      -       B1->ZN R     AOI22D1BWP30P140        1  1.3    34    36     196    (-,-) 
  g26329/ZN                      -       A1->ZN F     ND2D1BWP30P140          1  2.7    36    29     225    (-,-) 
  add_759_69_g480/CO             -       A->CO  F     FA1D1BWP30P140          1  2.1    22    56     281    (-,-) 
  add_759_69_g479/CO             -       CI->CO F     FA1D1BWP30P140          1  2.1    22    43     324    (-,-) 
  add_759_69_g478/CO             -       CI->CO F     FA1D2BWP30P140          1  2.1    18    42     366    (-,-) 
  add_759_69_g477/CO             -       CI->CO F     FA1D1BWP30P140          1  2.5    23    43     409    (-,-) 
  add_759_69_g476/CO             -       CI->CO F     FA1OPTCD1BWP30P140      1  2.5    23    33     442    (-,-) 
  add_759_69_g475/CO             -       CI->CO F     FA1OPTCD1BWP30P140      1  2.5    23    33     475    (-,-) 
  add_759_69_g474/CO             -       CI->CO F     FA1OPTCD1BWP30P140      1  2.5    23    33     508    (-,-) 
  add_759_69_g473/CO             -       CI->CO F     FA1OPTCD1BWP30P140      1  2.5    23    33     541    (-,-) 
  add_759_69_g472/CO             -       CI->CO F     FA1OPTCD1BWP30P140      1  2.5    23    33     574    (-,-) 
  add_759_69_g471/CO             -       CI->CO F     FA1OPTCD1BWP30P140      1  2.1    21    32     605    (-,-) 
  add_759_69_g470/CO             -       CI->CO F     FA1D1BWP30P140          1  2.1    22    43     649    (-,-) 
  add_759_69_g469/CO             -       CI->CO F     FA1D1BWP30P140          1  2.1    22    43     692    (-,-) 
  add_759_69_g468/CO             -       CI->CO F     FA1D1BWP30P140          1  2.1    22    43     735    (-,-) 
  add_759_69_g467/CO             -       CI->CO F     FA1D1BWP30P140          1  2.1    22    43     779    (-,-) 
  add_759_69_g466/CO             -       CI->CO F     FA1D1BWP30P140          1  2.1    22    43     822    (-,-) 
  add_759_69_g465/CO             -       CI->CO F     FA1D1BWP30P140          1  2.1    22    43     866    (-,-) 
  add_759_69_g464/CO             -       CI->CO F     FA1D1BWP30P140          1  2.1    22    43     909    (-,-) 
  add_759_69_g463/CO             -       CI->CO F     FA1D1BWP30P140          1  1.3    18    40     949    (-,-) 
  add_759_69_g462/Z              -       A3->Z  F     XOR3UD1BWP30P140        1  4.8    58    50     999    (-,-) 
  p_output_data_write[19]        <<<     -      F     (port)                  -    -     -     0     999    (-,-) 
#-----------------------------------------------------------------------------------------------------------------


