============================================================
  Generated by:           Genus(TM) Synthesis Solution 21.12-s068_1
  Generated on:           Apr 06 2026  11:47:20 am
  Module:                 Conv
  Operating conditions:   ssg0p81v125c 
  Operating conditions:   tt0p9v25c 
  Operating conditions:   ffg0p99vm40c 
  Interconnect mode:      global
  Area mode:              physical library
============================================================


Path 1: MET (379 ps) Setup Check with Pin u_output_regs/outputMAP_reg[0][15]/CP->D
           View: analysis_view_0p99v_m40c_capbst_fastest
          Group: clk
     Startpoint: (R) weights[5][8]
          Clock: (R) clk
       Endpoint: (R) u_output_regs/outputMAP_reg[0][15]/D
          Clock: (R) clk

                     Capture       Launch     
        Clock Edge:+    2000            0     
        Drv Adjust:+       0           10     
       Src Latency:+       0            0     
       Net Latency:+       0 (I)        0 (I) 
           Arrival:=    2000           10     
                                              
             Setup:-      16                  
     Required Time:=    1984                  
      Launch Clock:-      10                  
       Input Delay:-    1000                  
         Data Path:-     596                  
             Slack:=     379                  

Exceptions/Constraints:
  input_delay             1000            tmp_sdc_analysis_vie_1_line_795 

#------------------------------------------------------------------------------------------------------------------------------------
#                Timing Point                  Flags    Arc   Edge          Cell            Fanout Load Trans Delay Arrival Instance 
#                                                                                                  (fF)  (ps)  (ps)   (ps)  Location 
#------------------------------------------------------------------------------------------------------------------------------------
  weights[5][8]                                -       -      R     (arrival)                    4  5.4    19     0    1010    (-,-) 
  macOp/gen_mult[5].mult_i/mul_67_44_g15154/Z  -       A2->Z  F     XOR2D1BWP30P140              8 10.9    36    42    1052    (-,-) 
  macOp/gen_mult[5].mult_i/mul_67_44_g14712/ZN -       I->ZN  R     CKND2BWP30P140              14 19.6    38    32    1084    (-,-) 
  macOp/gen_mult[5].mult_i/mul_67_44_g14446/ZN -       B2->ZN F     OAI22D1BWP30P140             3  4.5    36    30    1114    (-,-) 
  macOp/gen_mult[5].mult_i/mul_67_44_g14283/ZN -       A2->ZN R     OAI21OPTREPBD1BWP30P140      1  2.2    18    20    1134    (-,-) 
  macOp/gen_mult[5].mult_i/mul_67_44_g14235/ZN -       B->ZN  F     IOA21D2BWP30P140             2  2.9    13    11    1144    (-,-) 
  macOp/gen_mult[5].mult_i/mul_67_44_g14204/ZN -       I->ZN  R     CKND1BWP30P140               1  1.7    10    10    1154    (-,-) 
  macOp/gen_mult[5].mult_i/mul_67_44_g14151/ZN -       B->ZN  F     AOI21D1BWP30P140             1  2.2    18    11    1165    (-,-) 
  macOp/gen_mult[5].mult_i/g15169/ZN           -       B->ZN  R     IAO21D2BWP30P140             2  3.4    14    13    1178    (-,-) 
  macOp/gen_mult[5].mult_i/mul_67_44_g14053/ZN -       A1->ZN F     XNR2D1BWP30P140              1  2.2    10    18    1196    (-,-) 
  macOp/gen_mult[5].mult_i/mul_67_44_g14027/Z  -       A1->Z  F     XOR2UD1BWP30P140             2  2.6    25    18    1214    (-,-) 
  macOp/gen_mult[5].mult_i/mul_67_44_g14002/Z  -       A1->Z  F     OR2D1BWP30P140               3  5.1    19    24    1238    (-,-) 
  macOp/gen_mult[5].mult_i/mul_67_44_g13988/ZN -       A2->ZN R     ND2OPTPAD1BWP30P140          1  3.3    17    16    1254    (-,-) 
  macOp/gen_mult[5].mult_i/mul_67_44_g13908/ZN -       A2->ZN F     OAI21OPTREPBD2BWP30P140      1  3.0    13    12    1266    (-,-) 
  macOp/gen_mult[5].mult_i/mul_67_44_g13906/CO -       CI->CO F     FA1OPTCD2BWP30P140           2  4.6    12    17    1283    (-,-) 
  macOp/gen_mult[5].mult_i/mul_67_44_g13904/ZN -       A1->ZN R     AOI21D4BWP30P140             3  6.3    17    12    1295    (-,-) 
  macOp/gen_mult[5].mult_i/mul_67_44_g13903/ZN -       I->ZN  F     CKND2BWP30P140               2  3.2    10     8    1303    (-,-) 
  macOp/gen_mult[5].mult_i/mul_67_44_g13899/ZN -       A1->ZN R     AOI21D2BWP30P140             2  3.4    16    12    1315    (-,-) 
  macOp/gen_mult[5].mult_i/mul_67_44_g13896/ZN -       A1->ZN F     OAI21D1BWP30P140             1  2.4    21    16    1331    (-,-) 
  macOp/gen_mult[5].mult_i/mul_67_44_g13894/Z  -       A1->Z  R     XOR2D1BWP30P140              2  3.6    15    26    1357    (-,-) 
  macOp/sps/L1b/g2/Z                           -       A1->Z  F     XOR3D1BWP30P140              2  3.5    15    41    1398    (-,-) 
  macOp/sps/L2a/g1425/ZN                       -       A->ZN  R     MAOI222D1BWP30P140           1  2.3    26    21    1419    (-,-) 
  macOp/sps/L2a/g1402/ZN                       -       I->ZN  F     INVD2BWP30P140               2  4.0    12    10    1430    (-,-) 
  macOp/sps/L3/g1464/Z                         -       A2->Z  R     XOR3D2BWP30P140              1  3.0    10    34    1464    (-,-) 
  macOp/sps/L4/g1538/S                         -       CI->S  F     FA1OPTCD1BWP30P140           2  3.2    17    36    1499    (-,-) 
  macOp/sps/add_49_22_g960/ZN                  -       A1->ZN R     NR2OPTPAD2BWP30P140          3  4.2    14    12    1512    (-,-) 
  macOp/sps/add_49_22_g952/ZN                  -       I->ZN  F     CKND1BWP30P140               1  2.3    12    10    1522    (-,-) 
  macOp/sps/add_49_22_g923/ZN                  -       A2->ZN R     AOI21D2BWP30P140             1  2.8    14    12    1534    (-,-) 
  macOp/sps/add_49_22_g903/ZN                  -       A2->ZN F     ND2D3BWP30P140               2  3.7    12    10    1544    (-,-) 
  macOp/sps/add_49_22_g900/ZN                  -       A1->ZN R     ND2OPTPAD2BWP30P140          3  4.8    13    10    1554    (-,-) 
  macOp/sps/add_49_22_g894/Z                   -       A1->Z  R     OA21D2BWP30P140              2  3.9    10    19    1573    (-,-) 
  macOp/sps/add_49_22_g888/ZN                  -       A1->ZN R     XNR2D1BWP30P140              9 11.5    38    33    1606    (-,-) 
  u_output_regs/outputMAP_reg[0][15]/D         <<<     -      R     DFCNQD1BWP30P140             9    -     -     0    1606    (-,-) 
#------------------------------------------------------------------------------------------------------------------------------------


