============================================================
  Generated by:           Genus(TM) Synthesis Solution 21.12-s068_1
  Generated on:           Jan 27 2026  06:59:22 pm
  Module:                 Conv
  Library domain:         timing_cond_0p81v_125c
    Domain index:         0
    Technology library:   tcbn28hpcplusbwp30p140ssg0p81v125c 110
  Operating conditions:   ssg0p81v125c 
  Interconnect mode:      global
  Area mode:              physical library
============================================================

                                                                                    Library 
          Gate           Instances    Area                   Library                 Domain 
--------------------------------------------------------------------------------------------
AN2D16BWP30P140                  1      3.402    tcbn28hpcplusbwp30p140ssg0p81v125c       0 
AN2D1BWP30P140                 216    108.864    tcbn28hpcplusbwp30p140ssg0p81v125c       0 
AN2D2BWP30P140                  37     23.310    tcbn28hpcplusbwp30p140ssg0p81v125c       0 
AN2D4BWP30P140                   3      3.402    tcbn28hpcplusbwp30p140ssg0p81v125c       0 
AO211D1BWP30P140               335    253.260    tcbn28hpcplusbwp30p140ssg0p81v125c       0 
AO211D2BWP30P140                 9      7.938    tcbn28hpcplusbwp30p140ssg0p81v125c       0 
AO21D1BWP30P140                 76     47.880    tcbn28hpcplusbwp30p140ssg0p81v125c       0 
AO21D2BWP30P140                  5      3.780    tcbn28hpcplusbwp30p140ssg0p81v125c       0 
AO21D4BWP30P140                  1      1.386    tcbn28hpcplusbwp30p140ssg0p81v125c       0 
AO22D0BWP30P140                440    332.640    tcbn28hpcplusbwp30p140ssg0p81v125c       0 
AO22D1BWP30P140                 47     41.454    tcbn28hpcplusbwp30p140ssg0p81v125c       0 
AO22D2BWP30P140                  6      6.048    tcbn28hpcplusbwp30p140ssg0p81v125c       0 
AO22D4BWP30P140                 24     42.336    tcbn28hpcplusbwp30p140ssg0p81v125c       0 
AOI211D1BWP30P140               15      9.450    tcbn28hpcplusbwp30p140ssg0p81v125c       0 
AOI21D1BWP30P140               250    126.000    tcbn28hpcplusbwp30p140ssg0p81v125c       0 
AOI21D2BWP30P140               134    118.188    tcbn28hpcplusbwp30p140ssg0p81v125c       0 
AOI21D4BWP30P140                33     58.212    tcbn28hpcplusbwp30p140ssg0p81v125c       0 
AOI21D6BWP30P140                 4     10.080    tcbn28hpcplusbwp30p140ssg0p81v125c       0 
AOI21OPTREPBD1BWP30P140         29     21.924    tcbn28hpcplusbwp30p140ssg0p81v125c       0 
AOI21OPTREPBD2BWP30P140         15     20.790    tcbn28hpcplusbwp30p140ssg0p81v125c       0 
AOI221D1BWP30P140              321    242.676    tcbn28hpcplusbwp30p140ssg0p81v125c       0 
AOI221D2BWP30P140                6      9.072    tcbn28hpcplusbwp30p140ssg0p81v125c       0 
AOI222D1BWP30P140              211    212.688    tcbn28hpcplusbwp30p140ssg0p81v125c       0 
AOI222D2BWP30P140                9     15.876    tcbn28hpcplusbwp30p140ssg0p81v125c       0 
AOI22D1BWP30P140               955    601.650    tcbn28hpcplusbwp30p140ssg0p81v125c       0 
AOI22D2BWP30P140                89    100.926    tcbn28hpcplusbwp30p140ssg0p81v125c       0 
AOI22D4BWP30P140                88    199.584    tcbn28hpcplusbwp30p140ssg0p81v125c       0 
AOI22D6BWP30P140                37    121.212    tcbn28hpcplusbwp30p140ssg0p81v125c       0 
AOI31D1BWP30P140                16     10.080    tcbn28hpcplusbwp30p140ssg0p81v125c       0 
AOI32D1BWP30P140                 1      0.756    tcbn28hpcplusbwp30p140ssg0p81v125c       0 
BUFFD12BWP30P140                 3      6.426    tcbn28hpcplusbwp30p140ssg0p81v125c       0 
BUFFD16BWP30P140                 2      5.544    tcbn28hpcplusbwp30p140ssg0p81v125c       0 
BUFFD3BWP30P140                  1      0.630    tcbn28hpcplusbwp30p140ssg0p81v125c       0 
BUFFD4BWP30P140                 10      8.820    tcbn28hpcplusbwp30p140ssg0p81v125c       0 
BUFFD6BWP30P140                  1      1.134    tcbn28hpcplusbwp30p140ssg0p81v125c       0 
BUFFD8BWP30P140                  1      1.512    tcbn28hpcplusbwp30p140ssg0p81v125c       0 
CKAN2D1BWP30P140               599    301.896    tcbn28hpcplusbwp30p140ssg0p81v125c       0 
CKAN2D2BWP30P140                 4      2.520    tcbn28hpcplusbwp30p140ssg0p81v125c       0 
CKBD1BWP30P140                   2      0.756    tcbn28hpcplusbwp30p140ssg0p81v125c       0 
CKBD6BWP30P140                   3      3.402    tcbn28hpcplusbwp30p140ssg0p81v125c       0 
CKLNQD1BWP30P140                 6     11.340    tcbn28hpcplusbwp30p140ssg0p81v125c       0 
CKND12BWP30P140                  1      1.638    tcbn28hpcplusbwp30p140ssg0p81v125c       0 
CKND1BWP30P140                3305    832.860    tcbn28hpcplusbwp30p140ssg0p81v125c       0 
CKND2BWP30P140                 154     58.212    tcbn28hpcplusbwp30p140ssg0p81v125c       0 
CKND2D1BWP30P140               248     93.744    tcbn28hpcplusbwp30p140ssg0p81v125c       0 
CKND2D2BWP30P140                16     10.080    tcbn28hpcplusbwp30p140ssg0p81v125c       0 
CKND2D3BWP30P140                10      8.820    tcbn28hpcplusbwp30p140ssg0p81v125c       0 
CKND3BWP30P140                   1      0.504    tcbn28hpcplusbwp30p140ssg0p81v125c       0 
CKND4BWP30P140                  48     30.240    tcbn28hpcplusbwp30p140ssg0p81v125c       0 
CKND6BWP30P140                  12     10.584    tcbn28hpcplusbwp30p140ssg0p81v125c       0 
CKND8BWP30P140                   2      2.268    tcbn28hpcplusbwp30p140ssg0p81v125c       0 
CKXOR2D1BWP30P140                1      1.008    tcbn28hpcplusbwp30p140ssg0p81v125c       0 
CKXOR2D2BWP30P140                1      1.134    tcbn28hpcplusbwp30p140ssg0p81v125c       0 
DCCKBD12BWP30P140                2      8.568    tcbn28hpcplusbwp30p140ssg0p81v125c       0 
DCCKBD8BWP30P140                 2      6.048    tcbn28hpcplusbwp30p140ssg0p81v125c       0 
DCCKND12BWP30P140                4     13.104    tcbn28hpcplusbwp30p140ssg0p81v125c       0 
DCCKND4BWP30P140                 4      5.040    tcbn28hpcplusbwp30p140ssg0p81v125c       0 
DFCNQD1BWP30P140                 2      4.536    tcbn28hpcplusbwp30p140ssg0p81v125c       0 
DFKCNQD2BWP30P140                2      4.032    tcbn28hpcplusbwp30p140ssg0p81v125c       0 
DFKSND1BWP30P140               217    519.498    tcbn28hpcplusbwp30p140ssg0p81v125c       0 
DFQD2BWP30P140                1064   2010.960    tcbn28hpcplusbwp30p140ssg0p81v125c       0 
FA1D1BWP30P140                6027  12909.834    tcbn28hpcplusbwp30p140ssg0p81v125c       0 
FA1D2BWP30P140                  21     50.274    tcbn28hpcplusbwp30p140ssg0p81v125c       0 
FA1D4BWP30P140                  56    204.624    tcbn28hpcplusbwp30p140ssg0p81v125c       0 
FA1OPTCD1BWP30P140             131    330.120    tcbn28hpcplusbwp30p140ssg0p81v125c       0 
FA1OPTCD2BWP30P140              83    250.992    tcbn28hpcplusbwp30p140ssg0p81v125c       0 
HA1D1BWP30P140                 236    386.568    tcbn28hpcplusbwp30p140ssg0p81v125c       0 
HA1D2BWP30P140                   1      1.890    tcbn28hpcplusbwp30p140ssg0p81v125c       0 
HA1D4BWP30P140                  15     43.470    tcbn28hpcplusbwp30p140ssg0p81v125c       0 
IAO21D0BWP30P140                22     13.860    tcbn28hpcplusbwp30p140ssg0p81v125c       0 
IAO21D1BWP30P140                27     17.010    tcbn28hpcplusbwp30p140ssg0p81v125c       0 
IAO21D2BWP30P140               199    175.518    tcbn28hpcplusbwp30p140ssg0p81v125c       0 
IAO21D4BWP30P140                 6      9.072    tcbn28hpcplusbwp30p140ssg0p81v125c       0 
IAO22D1BWP30P140                 7      6.174    tcbn28hpcplusbwp30p140ssg0p81v125c       0 
IAO22D2BWP30P140                 1      1.386    tcbn28hpcplusbwp30p140ssg0p81v125c       0 
IND2D1BWP30P140                292    147.168    tcbn28hpcplusbwp30p140ssg0p81v125c       0 
IND2D2BWP30P140                 20     15.120    tcbn28hpcplusbwp30p140ssg0p81v125c       0 
INR2D1BWP30P140                822    414.288    tcbn28hpcplusbwp30p140ssg0p81v125c       0 
INR2D2BWP30P140                 43     32.508    tcbn28hpcplusbwp30p140ssg0p81v125c       0 
INR2D4BWP30P140                  8     11.088    tcbn28hpcplusbwp30p140ssg0p81v125c       0 
INR3D0BWP30P140                  1      0.630    tcbn28hpcplusbwp30p140ssg0p81v125c       0 
INR3D1BWP30P140                  1      1.008    tcbn28hpcplusbwp30p140ssg0p81v125c       0 
INVD0P7BWP30P140                21      5.292    tcbn28hpcplusbwp30p140ssg0p81v125c       0 
INVD12BWP30P140                  8     13.104    tcbn28hpcplusbwp30p140ssg0p81v125c       0 
INVD15BWP30P140                  5     10.080    tcbn28hpcplusbwp30p140ssg0p81v125c       0 
INVD18BWP30P140                  1      2.394    tcbn28hpcplusbwp30p140ssg0p81v125c       0 
INVD1BWP30P140                   8      2.016    tcbn28hpcplusbwp30p140ssg0p81v125c       0 
INVD1P5BWP30P140                 2      0.756    tcbn28hpcplusbwp30p140ssg0p81v125c       0 
INVD2BWP30P140                  25      9.450    tcbn28hpcplusbwp30p140ssg0p81v125c       0 
INVD3BWP30P140                  44     22.176    tcbn28hpcplusbwp30p140ssg0p81v125c       0 
INVD4BWP30P140                   3      1.890    tcbn28hpcplusbwp30p140ssg0p81v125c       0 
INVD6BWP30P140                  33     29.106    tcbn28hpcplusbwp30p140ssg0p81v125c       0 
INVD8BWP30P140                  32     36.288    tcbn28hpcplusbwp30p140ssg0p81v125c       0 
INVD9BWP30P140                   2      2.520    tcbn28hpcplusbwp30p140ssg0p81v125c       0 
IOA21D0BWP30P140                 1      0.630    tcbn28hpcplusbwp30p140ssg0p81v125c       0 
IOA21D1BWP30P140               151     95.130    tcbn28hpcplusbwp30p140ssg0p81v125c       0 
IOA21D2BWP30P140                76     67.032    tcbn28hpcplusbwp30p140ssg0p81v125c       0 
IOA22D1BWP30P140                 3      2.646    tcbn28hpcplusbwp30p140ssg0p81v125c       0 
IOA22D2BWP30P140                17     21.420    tcbn28hpcplusbwp30p140ssg0p81v125c       0 
MAOI222D1BWP30P140             599    452.844    tcbn28hpcplusbwp30p140ssg0p81v125c       0 
MAOI222D2BWP30P140              14     22.932    tcbn28hpcplusbwp30p140ssg0p81v125c       0 
MAOI222D4BWP30P140               3      8.694    tcbn28hpcplusbwp30p140ssg0p81v125c       0 
MAOI22D1BWP30P140                2      1.512    tcbn28hpcplusbwp30p140ssg0p81v125c       0 
MOAI22D0BWP30P140                2      1.512    tcbn28hpcplusbwp30p140ssg0p81v125c       0 
MOAI22D1BWP30P140               90     68.040    tcbn28hpcplusbwp30p140ssg0p81v125c       0 
MUX2D4BWP30P140                  1      1.764    tcbn28hpcplusbwp30p140ssg0p81v125c       0 
MUX2NOPTD2BWP30P140             20     27.720    tcbn28hpcplusbwp30p140ssg0p81v125c       0 
MUX2NOPTD4BWP30P140              2      5.040    tcbn28hpcplusbwp30p140ssg0p81v125c       0 
MUX2NOPTD6BWP30P140             29    105.966    tcbn28hpcplusbwp30p140ssg0p81v125c       0 
MUX2NUD1BWP30P140                5      3.780    tcbn28hpcplusbwp30p140ssg0p81v125c       0 
MUX2OPTD6BWP30P140              15     47.250    tcbn28hpcplusbwp30p140ssg0p81v125c       0 
MUX2OPTD8BWP30P140               2      7.812    tcbn28hpcplusbwp30p140ssg0p81v125c       0 
ND2D1BWP30P140                1389    525.042    tcbn28hpcplusbwp30p140ssg0p81v125c       0 
ND2D2BWP30P140                 111     69.930    tcbn28hpcplusbwp30p140ssg0p81v125c       0 
ND2D3BWP30P140                  51     44.982    tcbn28hpcplusbwp30p140ssg0p81v125c       0 
ND2D4BWP30P140                  36     40.824    tcbn28hpcplusbwp30p140ssg0p81v125c       0 
ND2D6BWP30P140                  15     24.570    tcbn28hpcplusbwp30p140ssg0p81v125c       0 
ND2D8BWP30P140                   1      2.142    tcbn28hpcplusbwp30p140ssg0p81v125c       0 
ND2OPTD12BWP30P140              15     47.250    tcbn28hpcplusbwp30p140ssg0p81v125c       0 
ND2OPTD6BWP30P140                4      6.552    tcbn28hpcplusbwp30p140ssg0p81v125c       0 
ND2OPTIBD12BWP30P140            10     31.500    tcbn28hpcplusbwp30p140ssg0p81v125c       0 
ND2OPTIBD16BWP30P140            54    224.532    tcbn28hpcplusbwp30p140ssg0p81v125c       0 
ND2OPTIBD1BWP30P140            135     51.030    tcbn28hpcplusbwp30p140ssg0p81v125c       0 
ND2OPTIBD2BWP30P140             29     18.270    tcbn28hpcplusbwp30p140ssg0p81v125c       0 
ND2OPTIBD4BWP30P140             19     21.546    tcbn28hpcplusbwp30p140ssg0p81v125c       0 
ND2OPTIBD6BWP30P140              3      4.914    tcbn28hpcplusbwp30p140ssg0p81v125c       0 
ND2OPTPAD1BWP30P140              2      1.260    tcbn28hpcplusbwp30p140ssg0p81v125c       0 
ND2OPTPAD2BWP30P140             18     20.412    tcbn28hpcplusbwp30p140ssg0p81v125c       0 
ND2OPTPAD4BWP30P140              1      2.016    tcbn28hpcplusbwp30p140ssg0p81v125c       0 
ND3D1P5BWP30P140                 1      0.882    tcbn28hpcplusbwp30p140ssg0p81v125c       0 
ND3D2BWP30P140                   1      0.882    tcbn28hpcplusbwp30p140ssg0p81v125c       0 
NR2D1BWP30P140                 808    305.424    tcbn28hpcplusbwp30p140ssg0p81v125c       0 
NR2D2BWP30P140                  97     61.110    tcbn28hpcplusbwp30p140ssg0p81v125c       0 
NR2D3BWP30P140                 108     95.256    tcbn28hpcplusbwp30p140ssg0p81v125c       0 
NR2D4BWP30P140                  54     61.236    tcbn28hpcplusbwp30p140ssg0p81v125c       0 
NR2D6BWP30P140                   2      3.276    tcbn28hpcplusbwp30p140ssg0p81v125c       0 
NR2D8BWP30P140                   1      2.142    tcbn28hpcplusbwp30p140ssg0p81v125c       0 
NR2OPTD6BWP30P140                2      3.276    tcbn28hpcplusbwp30p140ssg0p81v125c       0 
NR2OPTIBD1BWP30P140            515    194.670    tcbn28hpcplusbwp30p140ssg0p81v125c       0 
NR2OPTIBD2BWP30P140             23     14.490    tcbn28hpcplusbwp30p140ssg0p81v125c       0 
NR2OPTIBD4BWP30P140              8      9.072    tcbn28hpcplusbwp30p140ssg0p81v125c       0 
NR2OPTIBD6BWP30P140             16     26.208    tcbn28hpcplusbwp30p140ssg0p81v125c       0 
NR2OPTPAD1BWP30P140             55     27.720    tcbn28hpcplusbwp30p140ssg0p81v125c       0 
NR2OPTPAD2BWP30P140             20     17.640    tcbn28hpcplusbwp30p140ssg0p81v125c       0 
NR2OPTPAD4BWP30P140             30     49.140    tcbn28hpcplusbwp30p140ssg0p81v125c       0 
NR2OPTPAD8BWP30P140              1      3.150    tcbn28hpcplusbwp30p140ssg0p81v125c       0 
NR3D0BWP30P140                   1      0.504    tcbn28hpcplusbwp30p140ssg0p81v125c       0 
NR3D1P5BWP30P140                 1      0.882    tcbn28hpcplusbwp30p140ssg0p81v125c       0 
NR3D2BWP30P140                   1      1.764    tcbn28hpcplusbwp30p140ssg0p81v125c       0 
OA21D1BWP30P140                125     78.750    tcbn28hpcplusbwp30p140ssg0p81v125c       0 
OA21D2BWP30P140                 11      8.316    tcbn28hpcplusbwp30p140ssg0p81v125c       0 
OA21D4BWP30P140                 20     27.720    tcbn28hpcplusbwp30p140ssg0p81v125c       0 
OA22D1BWP30P140                  1      0.882    tcbn28hpcplusbwp30p140ssg0p81v125c       0 
OAI21D0P7BWP30P140               3      1.512    tcbn28hpcplusbwp30p140ssg0p81v125c       0 
OAI21D1BWP30P140               190     95.760    tcbn28hpcplusbwp30p140ssg0p81v125c       0 
OAI21D2BWP30P140                95     83.790    tcbn28hpcplusbwp30p140ssg0p81v125c       0 
OAI21D4BWP30P140                13     22.932    tcbn28hpcplusbwp30p140ssg0p81v125c       0 
OAI21D6BWP30P140                 1      2.520    tcbn28hpcplusbwp30p140ssg0p81v125c       0 
OAI21OPTREPBD1BWP30P140         20     15.120    tcbn28hpcplusbwp30p140ssg0p81v125c       0 
OAI21OPTREPBD2BWP30P140          7      9.702    tcbn28hpcplusbwp30p140ssg0p81v125c       0 
OAI21OPTREPBD4BWP30P140          2      5.292    tcbn28hpcplusbwp30p140ssg0p81v125c       0 
OAI22D1BWP30P140              2230   1404.900    tcbn28hpcplusbwp30p140ssg0p81v125c       0 
OAI22D1P5BWP30P140               1      1.134    tcbn28hpcplusbwp30p140ssg0p81v125c       0 
OAI22D2BWP30P140                 1      1.134    tcbn28hpcplusbwp30p140ssg0p81v125c       0 
OAI22OPTPBD1BWP30P140           21     21.168    tcbn28hpcplusbwp30p140ssg0p81v125c       0 
OAI31D1BWP30P140                 7      4.410    tcbn28hpcplusbwp30p140ssg0p81v125c       0 
OAI31D2BWP30P140                 1      1.134    tcbn28hpcplusbwp30p140ssg0p81v125c       0 
OAI32D1BWP30P140                15     11.340    tcbn28hpcplusbwp30p140ssg0p81v125c       0 
OR2D0BWP30P140                  48     24.192    tcbn28hpcplusbwp30p140ssg0p81v125c       0 
OR2D16BWP30P140                 31    105.462    tcbn28hpcplusbwp30p140ssg0p81v125c       0 
OR2D1BWP30P140                 217    109.368    tcbn28hpcplusbwp30p140ssg0p81v125c       0 
OR2D2BWP30P140                  49     30.870    tcbn28hpcplusbwp30p140ssg0p81v125c       0 
OR2D4BWP30P140                  20     22.680    tcbn28hpcplusbwp30p140ssg0p81v125c       0 
OR2D6BWP30P140                   2      2.772    tcbn28hpcplusbwp30p140ssg0p81v125c       0 
OR2D8BWP30P140                  15     28.350    tcbn28hpcplusbwp30p140ssg0p81v125c       0 
OR3D1BWP30P140                  16     10.080    tcbn28hpcplusbwp30p140ssg0p81v125c       0 
XNR2D1BWP30P140                198    199.584    tcbn28hpcplusbwp30p140ssg0p81v125c       0 
XNR2D2BWP30P140                 50     56.700    tcbn28hpcplusbwp30p140ssg0p81v125c       0 
XNR2D4BWP30P140                  1      2.016    tcbn28hpcplusbwp30p140ssg0p81v125c       0 
XNR2OPTND2BWP30P140             63     87.318    tcbn28hpcplusbwp30p140ssg0p81v125c       0 
XNR2OPTND4BWP30P140            105    264.600    tcbn28hpcplusbwp30p140ssg0p81v125c       0 
XNR2OPTND6BWP30P140             31    113.274    tcbn28hpcplusbwp30p140ssg0p81v125c       0 
XNR2OPTND8BWP30P140              3     14.364    tcbn28hpcplusbwp30p140ssg0p81v125c       0 
XNR2UD0BWP30P140                 1      0.882    tcbn28hpcplusbwp30p140ssg0p81v125c       0 
XNR2UD1BWP30P140              2840   2504.880    tcbn28hpcplusbwp30p140ssg0p81v125c       0 
XNR3D1BWP30P140                 12     22.680    tcbn28hpcplusbwp30p140ssg0p81v125c       0 
XNR3D2BWP30P140                  5     10.080    tcbn28hpcplusbwp30p140ssg0p81v125c       0 
XNR3D4BWP30P140                  1      3.150    tcbn28hpcplusbwp30p140ssg0p81v125c       0 
XNR3UD1BWP30P140               253    446.292    tcbn28hpcplusbwp30p140ssg0p81v125c       0 
XNR4D1BWP30P140                 26     68.796    tcbn28hpcplusbwp30p140ssg0p81v125c       0 
XOR2D1BWP30P140                 49     49.392    tcbn28hpcplusbwp30p140ssg0p81v125c       0 
XOR2D2BWP30P140                  7      7.938    tcbn28hpcplusbwp30p140ssg0p81v125c       0 
XOR2D4BWP30P140                  3      6.048    tcbn28hpcplusbwp30p140ssg0p81v125c       0 
XOR2OPTND2BWP30P140             25     34.650    tcbn28hpcplusbwp30p140ssg0p81v125c       0 
XOR2OPTND4BWP30P140             27     68.040    tcbn28hpcplusbwp30p140ssg0p81v125c       0 
XOR2UD1BWP30P140               973    858.186    tcbn28hpcplusbwp30p140ssg0p81v125c       0 
XOR3D1BWP30P140                 36     68.040    tcbn28hpcplusbwp30p140ssg0p81v125c       0 
XOR3D2BWP30P140                 47     94.752    tcbn28hpcplusbwp30p140ssg0p81v125c       0 
XOR3D4BWP30P140                  2      6.300    tcbn28hpcplusbwp30p140ssg0p81v125c       0 
XOR3UD1BWP30P140               295    520.380    tcbn28hpcplusbwp30p140ssg0p81v125c       0 
XOR4D0BWP30P140                 16     42.336    tcbn28hpcplusbwp30p140ssg0p81v125c       0 
XOR4D1BWP30P140                 20     52.920    tcbn28hpcplusbwp30p140ssg0p81v125c       0 
--------------------------------------------------------------------------------------------
total                        30265  32571.504                                       


                                                        
            Type             Instances    Area   Area % 
--------------------------------------------------------
sequential                        1285  2539.026    7.8 
inverter                          3715  1089.522    3.3 
buffer                              27    42.840    0.1 
clock_gating_integrated_cell         6    11.340    0.0 
logic                            25232 28888.776   88.7 
physical_cells                       0     0.000    0.0 
--------------------------------------------------------
total                            30265 32571.504  100.0 

