============================================================
  Generated by:           Genus(TM) Synthesis Solution 21.12-s068_1
  Generated on:           Oct 05 2026  11:01:07 pm
  Module:                 Conv
  Operating conditions:   ssg0p81v125c 
  Operating conditions:   tt0p9v25c 
  Interconnect mode:      global
  Area mode:              physical library
============================================================


Path 1: MET (227 ps) Late External Delay Assertion at pin p_output_data_write[39]
           View: analysis_view_0p90v_25c_captyp_nominal
          Group: clk
     Startpoint: (R) r_output_write_count_reg[1]/CP
          Clock: (R) clk
       Endpoint: (F) p_output_data_write[39]
          Clock: (R) clk

                     Capture       Launch     
        Clock Edge:+    2000            0     
       Src Latency:+       0            0     
       Net Latency:+       0 (I)        0 (I) 
           Arrival:=    2000            0     
                                              
      Output Delay:-    1000                  
     Required Time:=    1000                  
      Launch Clock:-       0                  
         Data Path:-     773                  
             Slack:=     227                  

Exceptions/Constraints:
  output_delay             1000            tmp_sdc_analysis_vie_line_733 

#-----------------------------------------------------------------------------------------------------------------
#         Timing Point           Flags    Arc   Edge        Cell         Fanout Load Trans Delay Arrival Instance 
#                                                                               (fF)  (ps)  (ps)   (ps)  Location 
#-----------------------------------------------------------------------------------------------------------------
  r_output_write_count_reg[1]/CP -       -      R     (arrival)               4    -     0     0       0    (-,-) 
  r_output_write_count_reg[1]/QN -       CP->QN R     DFCND1BWP30P140         4  7.1    33    70      70    (-,-) 
  g4/ZN                          -       I->ZN  F     CKND4BWP30P140         42 42.6    46    36     106    (-,-) 
  g101086/Z                      -       A2->Z  F     AN2D6BWP30P140         70 71.2    49    51     157    (-,-) 
  g100858/ZN                     -       I->ZN  R     CKND1BWP30P140         14 15.4    76    61     217    (-,-) 
  g100292/ZN                     -       A1->ZN F     OAI211D1BWP30P140       1  3.5    59    48     265    (-,-) 
  add_1011_76_I2_g1255/CO        -       A->CO  F     FA1OPTCD1BWP30P140      1  2.7    18    49     314    (-,-) 
  add_1011_76_I2_g1254/CO        -       CI->CO F     FA1OPTCD1BWP30P140      1  2.7    18    26     339    (-,-) 
  add_1011_76_I2_g1253/CO        -       CI->CO F     FA1OPTCD1BWP30P140      1  2.2    16    24     364    (-,-) 
  add_1011_76_I2_g1252/CO        -       CI->CO F     FA1D1BWP30P140          1  2.7    17    33     397    (-,-) 
  add_1011_76_I2_g1251/CO        -       CI->CO F     FA1OPTCD1BWP30P140      3  4.1    23    29     426    (-,-) 
  add_1011_76_I2_g1249/Z         -       A1->Z  F     AO21D1BWP30P140         1  2.2    14    24     450    (-,-) 
  add_1011_76_I2_g1246/CO        -       CI->CO F     FA1D1BWP30P140          1  2.2    16    31     481    (-,-) 
  add_1011_76_I2_g1245/CO        -       CI->CO F     FA1D1BWP30P140          1  2.2    16    32     513    (-,-) 
  add_1011_76_I2_g1244/CO        -       CI->CO F     FA1D1BWP30P140          1  2.2    16    32     545    (-,-) 
  add_1011_76_I2_g1243/CO        -       CI->CO F     FA1D1BWP30P140          1  2.2    16    32     577    (-,-) 
  add_1011_76_I2_g1242/CO        -       CI->CO F     FA1D1BWP30P140          1  2.2    16    32     609    (-,-) 
  add_1011_76_I2_g1241/CO        -       CI->CO F     FA1D1BWP30P140          1  2.2    16    32     641    (-,-) 
  add_1011_76_I2_g1240/CO        -       CI->CO F     FA1D1BWP30P140          1  2.2    16    32     673    (-,-) 
  add_1011_76_I2_g1239/CO        -       CI->CO F     FA1D1BWP30P140          1  2.2    16    32     705    (-,-) 
  add_1011_76_I2_g1238/CO        -       CI->CO F     FA1D1BWP30P140          1  1.5    13    30     735    (-,-) 
  add_1011_76_I2_g1237/Z         -       A3->Z  F     XOR3UD1BWP30P140        1  5.0    45    38     773    (-,-) 
  p_output_data_write[39]        <<<     -      F     (port)                  -    -     -     0     773    (-,-) 
#-----------------------------------------------------------------------------------------------------------------


