============================================================
  Generated by:           Genus(TM) Synthesis Solution 21.12-s068_1
  Generated on:           Oct 05 2026  11:01:14 pm
  Module:                 Conv
  Operating conditions:   ssg0p81v125c 
  Operating conditions:   tt0p9v25c 
  Operating conditions:   ffg0p99vm40c 
  Interconnect mode:      global
  Area mode:              physical library
============================================================


Path 1: MET (397 ps) Late External Delay Assertion at pin p_output_data_write[39]
           View: analysis_view_0p99v_m40c_capbst_fastest
          Group: clk
     Startpoint: (R) r_output_write_count_reg[1]/CP
          Clock: (R) clk
       Endpoint: (F) p_output_data_write[39]
          Clock: (R) clk

                     Capture       Launch     
        Clock Edge:+    2000            0     
       Src Latency:+       0            0     
       Net Latency:+       0 (I)        0 (I) 
           Arrival:=    2000            0     
                                              
      Output Delay:-    1000                  
     Required Time:=    1000                  
      Launch Clock:-       0                  
         Data Path:-     603                  
             Slack:=     397                  

Exceptions/Constraints:
  output_delay             1000            tmp_sdc_analysis_vie_1_line_435 

#-----------------------------------------------------------------------------------------------------------------
#         Timing Point           Flags    Arc   Edge        Cell         Fanout Load Trans Delay Arrival Instance 
#                                                                               (fF)  (ps)  (ps)   (ps)  Location 
#-----------------------------------------------------------------------------------------------------------------
  r_output_write_count_reg[1]/CP -       -      R     (arrival)               4    -     0     0       0    (-,-) 
  r_output_write_count_reg[1]/QN -       CP->QN R     DFCND1BWP30P140         4  7.9    29    56      56    (-,-) 
  g4/ZN                          -       I->ZN  F     CKND4BWP30P140         42 46.7    39    30      86    (-,-) 
  g101086/Z                      -       A2->Z  F     AN2D6BWP30P140         70 77.9    42    42     128    (-,-) 
  g100858/ZN                     -       I->ZN  R     CKND1BWP30P140         14 16.8    65    51     179    (-,-) 
  g100292/ZN                     -       A1->ZN F     OAI211D1BWP30P140       1  3.8    47    37     216    (-,-) 
  add_1011_76_I2_g1255/CO        -       A->CO  F     FA1OPTCD1BWP30P140      1  3.0    15    37     253    (-,-) 
  add_1011_76_I2_g1254/CO        -       CI->CO F     FA1OPTCD1BWP30P140      1  3.0    15    20     272    (-,-) 
  add_1011_76_I2_g1253/CO        -       CI->CO F     FA1OPTCD1BWP30P140      1  2.4    13    19     291    (-,-) 
  add_1011_76_I2_g1252/CO        -       CI->CO F     FA1D1BWP30P140          1  3.0    14    25     316    (-,-) 
  add_1011_76_I2_g1251/CO        -       CI->CO F     FA1OPTCD1BWP30P140      3  4.4    18    22     339    (-,-) 
  add_1011_76_I2_g1249/Z         -       A1->Z  F     AO21D1BWP30P140         1  2.4    11    18     357    (-,-) 
  add_1011_76_I2_g1246/CO        -       CI->CO F     FA1D1BWP30P140          1  2.4    12    24     381    (-,-) 
  add_1011_76_I2_g1245/CO        -       CI->CO F     FA1D1BWP30P140          1  2.4    12    24     405    (-,-) 
  add_1011_76_I2_g1244/CO        -       CI->CO F     FA1D1BWP30P140          1  2.4    12    24     429    (-,-) 
  add_1011_76_I2_g1243/CO        -       CI->CO F     FA1D1BWP30P140          1  2.4    12    24     453    (-,-) 
  add_1011_76_I2_g1242/CO        -       CI->CO F     FA1D1BWP30P140          1  2.4    12    24     478    (-,-) 
  add_1011_76_I2_g1241/CO        -       CI->CO F     FA1D1BWP30P140          1  2.4    12    24     502    (-,-) 
  add_1011_76_I2_g1240/CO        -       CI->CO F     FA1D1BWP30P140          1  2.4    12    24     526    (-,-) 
  add_1011_76_I2_g1239/CO        -       CI->CO F     FA1D1BWP30P140          1  2.4    12    24     550    (-,-) 
  add_1011_76_I2_g1238/CO        -       CI->CO F     FA1D1BWP30P140          1  1.8    11    23     573    (-,-) 
  add_1011_76_I2_g1237/Z         -       A3->Z  F     XOR3UD1BWP30P140        1  5.2    34    30     603    (-,-) 
  p_output_data_write[39]        <<<     -      F     (port)                  -    -     -     0     603    (-,-) 
#-----------------------------------------------------------------------------------------------------------------


