============================================================
  Generated by:           Genus(TM) Synthesis Solution 21.12-s068_1
  Generated on:           Oct 06 2026  12:35:01 am
  Module:                 Conv
  Operating conditions:   ssg0p81v125c 
  Operating conditions:   tt0p9v25c 
  Operating conditions:   ffg0p99vm40c 
  Interconnect mode:      global
  Area mode:              physical library
============================================================


Path 1: MET (361 ps) Late External Delay Assertion at pin p_input_addr[15]
           View: analysis_view_0p99v_m40c_capbst_fastest
          Group: clk
     Startpoint: (R) st_input_current_reg[0]/CP
          Clock: (R) clk
       Endpoint: (R) p_input_addr[15]
          Clock: (R) clk

                     Capture       Launch     
        Clock Edge:+    2000            0     
       Src Latency:+       0            0     
       Net Latency:+       0 (I)        0 (I) 
           Arrival:=    2000            0     
                                              
      Output Delay:-    1000                  
     Required Time:=    1000                  
      Launch Clock:-       0                  
         Data Path:-     639                  
             Slack:=     361                  

Exceptions/Constraints:
  output_delay             1000            tmp_sdc_analysis_vie_1_line_247 

#---------------------------------------------------------------------------------------------------------------
#       Timing Point         Flags    Arc   Edge        Cell          Fanout  Load Trans Delay Arrival Instance 
#                                                                             (fF)  (ps)  (ps)   (ps)  Location 
#---------------------------------------------------------------------------------------------------------------
  st_input_current_reg[0]/CP -       -      R     (arrival)                4     -     0     0       0    (-,-) 
  st_input_current_reg[0]/Q  -       CP->Q  R     SDFCNQARD1BWP30P140      9  11.7    43    51      51    (-,-) 
  g26858/ZN                  -       A1->ZN F     NR2D1BWP30P140           3   9.2    37    30      81    (-,-) 
  g26687/ZN                  -       A2->ZN R     ND2OPTD12BWP30P140     332 335.1    94    66     147    (-,-) 
  g26651/Z                   -       A1->Z  R     CKAN2D1BWP30P140        18  22.0    73    56     203    (-,-) 
  g26475/ZN                  -       A1->ZN F     AOI22D1BWP30P140         2   2.8    38    23     227    (-,-) 
  g26353/ZN                  -       A2->ZN R     NR2D1BWP30P140           4   5.2    35    31     257    (-,-) 
  g26273/ZN                  -       A1->ZN R     INR2D1BWP30P140          3   4.0    30    27     284    (-,-) 
  g26263/ZN                  -       A1->ZN R     INR2D1BWP30P140          3   4.0    30    26     310    (-,-) 
  g26251/ZN                  -       A1->ZN R     INR2D1BWP30P140          3   4.0    30    26     337    (-,-) 
  g26242/ZN                  -       A1->ZN R     INR2D1BWP30P140          3   4.0    30    26     363    (-,-) 
  g26236/ZN                  -       A1->ZN R     INR2D1BWP30P140          3   4.0    30    26     390    (-,-) 
  g26231/ZN                  -       A1->ZN R     INR2D1BWP30P140          3   4.0    30    26     416    (-,-) 
  g26227/ZN                  -       A1->ZN R     INR2D1BWP30P140          3   4.0    30    26     442    (-,-) 
  g26221/ZN                  -       A1->ZN R     INR2D1BWP30P140          3   4.0    30    26     469    (-,-) 
  g26213/ZN                  -       A1->ZN R     INR2D1BWP30P140          3   4.0    30    26     495    (-,-) 
  g26207/ZN                  -       A1->ZN R     INR2D1BWP30P140          3   4.0    30    26     522    (-,-) 
  g26201/ZN                  -       A1->ZN R     INR2D1BWP30P140          3   4.0    30    26     548    (-,-) 
  g26195/ZN                  -       A1->ZN R     INR2D1BWP30P140          3   4.0    30    26     574    (-,-) 
  g26188/ZN                  -       A1->ZN R     INR2D1BWP30P140          2   2.9    25    23     598    (-,-) 
  g26184/ZN                  -       A1->ZN F     AOI22D1BWP30P140         1   1.8    41    15     612    (-,-) 
  g26183/ZN                  -       B->ZN  R     OAI21D1BWP30P140         1   5.2    34    26     639    (-,-) 
  p_input_addr[15]           <<<     -      R     (port)                   -     -     -     0     639    (-,-) 
#---------------------------------------------------------------------------------------------------------------


