============================================================
  Generated by:           Genus(TM) Synthesis Solution 21.12-s068_1
  Generated on:           Oct 06 2026  12:34:48 am
  Module:                 Conv
  Operating conditions:   ssg0p81v125c 
  Interconnect mode:      global
  Area mode:              physical library
============================================================


Path 1: MET (0 ps) Late External Delay Assertion at pin p_output_data_write[19]
           View: analysis_view_0p81v_125c_capwst_slowest
          Group: clk
     Startpoint: (R) r_output_write_count_reg[0]/CP
          Clock: (R) clk
       Endpoint: (F) p_output_data_write[19]
          Clock: (R) clk

                     Capture       Launch     
        Clock Edge:+    2000            0     
       Src Latency:+       0            0     
       Net Latency:+       0 (I)        0 (I) 
           Arrival:=    2000            0     
                                              
      Output Delay:-    1000                  
     Required Time:=    1000                  
      Launch Clock:-       0                  
         Data Path:-    1000                  
             Slack:=       0                  

Exceptions/Constraints:
  output_delay             1000            constraints.sdc_line_25_78_1 

#---------------------------------------------------------------------------------------------------------------
#         Timing Point           Flags    Arc   Edge       Cell        Fanout Load Trans Delay Arrival Instance 
#                                                                             (fF)  (ps)  (ps)   (ps)  Location 
#---------------------------------------------------------------------------------------------------------------
  r_output_write_count_reg[0]/CP -       -      R     (arrival)             4    -     0     0       0    (-,-) 
  r_output_write_count_reg[0]/Q  -       CP->Q  F     DFCNQD2BWP30P140     11 16.3    44    84      84    (-,-) 
  g26866/Z                       -       A2->Z  F     AN2D4BWP30P140       44 38.6    52    52     136    (-,-) 
  g26634/ZN                      -       B1->ZN R     AOI22D1BWP30P140      1  1.3    31    37     173    (-,-) 
  g26486/ZN                      -       A2->ZN F     ND2D1BWP30P140        1  2.4    33    26     199    (-,-) 
  add_944_69_g1258/CO            -       B->CO  F     HA1D1BWP30P140        1  2.1    15    28     227    (-,-) 
  add_944_69_g1257/CO            -       CI->CO F     FA1D1BWP30P140        1  2.1    22    41     268    (-,-) 
  add_944_69_g1256/CO            -       CI->CO F     FA1D1BWP30P140        1  2.1    22    43     312    (-,-) 
  add_944_69_g1255/CO            -       CI->CO F     FA1D1BWP30P140        1  2.1    22    43     355    (-,-) 
  add_944_69_g1254/CO            -       CI->CO F     FA1D1BWP30P140        1  2.1    22    43     398    (-,-) 
  add_944_69_g1253/CO            -       CI->CO F     FA1D1BWP30P140        1  2.1    22    43     442    (-,-) 
  add_944_69_g1252/CO            -       CI->CO F     FA1D1BWP30P140        1  2.1    22    43     485    (-,-) 
  add_944_69_g1251/CO            -       CI->CO F     FA1D1BWP30P140        3  3.5    28    48     533    (-,-) 
  add_944_69_g1249/Z             -       A1->Z  F     AO21D1BWP30P140       1  2.1    18    31     564    (-,-) 
  add_944_69_g1246/CO            -       CI->CO F     FA1D1BWP30P140        1  2.1    22    42     606    (-,-) 
  add_944_69_g1245/CO            -       CI->CO F     FA1D1BWP30P140        1  2.1    22    43     649    (-,-) 
  add_944_69_g1244/CO            -       CI->CO F     FA1D1BWP30P140        1  2.1    22    43     692    (-,-) 
  add_944_69_g1243/CO            -       CI->CO F     FA1D1BWP30P140        1  2.1    22    43     736    (-,-) 
  add_944_69_g1242/CO            -       CI->CO F     FA1D1BWP30P140        1  2.1    22    43     779    (-,-) 
  add_944_69_g1241/CO            -       CI->CO F     FA1D1BWP30P140        1  2.1    22    43     823    (-,-) 
  add_944_69_g1240/CO            -       CI->CO F     FA1D1BWP30P140        1  2.1    22    43     866    (-,-) 
  add_944_69_g1239/CO            -       CI->CO F     FA1D1BWP30P140        1  2.1    22    43     910    (-,-) 
  add_944_69_g1238/CO            -       CI->CO F     FA1D1BWP30P140        1  1.3    18    40     949    (-,-) 
  add_944_69_g1237/Z             -       A3->Z  F     XOR3UD1BWP30P140      1  4.8    58    50     999    (-,-) 
  p_output_data_write[19]        <<<     -      F     (port)                -    -     -     0    1000    (-,-) 
#---------------------------------------------------------------------------------------------------------------


