============================================================
  Generated by:           Genus(TM) Synthesis Solution 21.12-s068_1
  Generated on:           Jan 25 2026  10:38:58 pm
  Module:                 Conv
  Operating conditions:   ssg0p81v125c 
  Operating conditions:   tt0p9v25c 
  Operating conditions:   ffg0p99vm40c 
  Interconnect mode:      global
  Area mode:              physical library
============================================================


Path 1: MET (375 ps) Setup Check with Pin r_feat_reg[9][11]/CP->D
           View: analysis_view_0p99v_m40c_capbst_fastest
          Group: clk
     Startpoint: (F) p_weight[0][0]
          Clock: (R) clk
       Endpoint: (R) r_feat_reg[9][11]/D
          Clock: (R) clk

                     Capture       Launch     
        Clock Edge:+    2000            0     
        Drv Adjust:+       0            4     
       Src Latency:+       0            0     
       Net Latency:+       0 (I)        0 (I) 
           Arrival:=    2000            4     
                                              
             Setup:-      11                  
     Required Time:=    1989                  
      Launch Clock:-       4                  
       Input Delay:-    1000                  
         Data Path:-     610                  
             Slack:=     375                  

Exceptions/Constraints:
  input_delay             1000            tmp_sdc_analysis_vie_1_line_782 

#-------------------------------------------------------------------------------------------------------------------------------------
#                   Timing Point                     Flags    Arc   Edge        Cell         Fanout Load Trans Delay Arrival Instance 
#                                                                                                   (fF)  (ps)  (ps)   (ps)  Location 
#-------------------------------------------------------------------------------------------------------------------------------------
  p_weight[0][0]                                     -       -      F     (arrival)               1  2.2     9     0    1004    (-,-) 
  g87749/ZN                                          -       B1->ZN R     AOI22D2BWP30P140        1  2.3    24    14    1017    (-,-) 
  g87045/ZN                                          -       A1->ZN F     CKND2D3BWP30P140        3  5.4    17    13    1031    (-,-) 
  genblk1[0].multip/mul_153_63_g5011/ZN              -       I->ZN  R     CKND4BWP30P140         18 22.8    21    18    1048    (-,-) 
  genblk1[0].multip/mul_153_63_g4781__3680/ZN        -       A2->ZN F     ND2D2BWP30P140         18 20.5    63    41    1089    (-,-) 
  genblk1[0].multip/mul_153_63_g4627__2398/ZN        -       A1->ZN R     OAI22D1BWP30P140        1  3.1    34    28    1117    (-,-) 
  genblk1[0].multip/mul_153_63_cdnfadd_006_0__6260/S -       B->S   F     FA1D1BWP30P140          1  2.4    15    41    1158    (-,-) 
  genblk1[0].multip/mul_153_63_cdnfadd_006_1__4319/S -       CI->S  R     FA1D1BWP30P140          2  2.8    17    43    1201    (-,-) 
  genblk1[0].multip/mul_153_63_g4569__5107/Z         -       A1->Z  R     CKAN2D1BWP30P140        1  2.3    11    17    1218    (-,-) 
  genblk1[0].multip/mul_153_63_g4566__6417/ZN        -       B->ZN  F     MAOI222D1BWP30P140      1  1.8    24    18    1236    (-,-) 
  genblk1[0].multip/mul_153_63_g4565__7410/ZN        -       B->ZN  R     OAI211D1BWP30P140       1  3.1    24    17    1254    (-,-) 
  genblk1[0].multip/mul_153_63_g4564__1666/CO        -       CI->CO R     FA1OPTCD2BWP30P140      1  3.1    11    18    1272    (-,-) 
  genblk1[0].multip/mul_153_63_g4563__2346/CO        -       CI->CO R     FA1OPTCD2BWP30P140      1  3.1    11    16    1288    (-,-) 
  genblk1[0].multip/mul_153_63_g4557__9315/CO        -       CI->CO R     FA1OPTCD2BWP30P140      1  3.1    11    16    1303    (-,-) 
  genblk1[0].multip/mul_153_63_g4547__8246/CO        -       CI->CO R     FA1OPTCD2BWP30P140      1  3.1    11    16    1319    (-,-) 
  genblk1[0].multip/mul_153_63_g4543__1617/CO        -       CI->CO R     FA1OPTCD2BWP30P140      1  3.1    11    16    1335    (-,-) 
  genblk1[0].multip/mul_153_63_g4515__6131/CO        -       CI->CO R     FA1OPTCD2BWP30P140      1  3.1    11    16    1350    (-,-) 
  genblk1[0].multip/mul_153_63_g4508__3680/CO        -       CI->CO R     FA1OPTCD2BWP30P140      1  3.1    11    16    1366    (-,-) 
  genblk1[0].multip/mul_153_63_g4506__5526/CO        -       CI->CO R     FA1OPTCD2BWP30P140      3  4.5    13    17    1383    (-,-) 
  genblk1[0].multip/mul_153_63_g4505__8428/ZN        -       A1->ZN F     ND3D1BWP30P140          2  3.0    30    21    1404    (-,-) 
  genblk1[0].multip/mul_153_63_g4501__2398/ZN        -       A1->ZN R     CKND2D1BWP30P140        2  3.4    25    23    1427    (-,-) 
  genblk1[0].multip/mul_153_63_g4496__2346/ZN        -       A1->ZN F     AOI21D1BWP30P140        1  2.2    20    17    1444    (-,-) 
  genblk1[0].multip/mul_153_63_g4491__4733/ZN        -       A1->ZN R     XNR2D1BWP30P140        27 31.2    98    74    1518    (-,-) 
  g84168/ZN                                          -       I->ZN  F     CKND1BWP30P140          6  7.3    46    36    1553    (-,-) 
  g83857/ZN                                          -       A1->ZN R     NR2D1BWP30P140          4  5.4    37    33    1586    (-,-) 
  g83333/ZN                                          -       C->ZN  F     AOI221D1BWP30P140       1  1.7    32    15    1601    (-,-) 
  g83268/ZN                                          -       I->ZN  R     CKND1BWP30P140          1  1.7    14    14    1614    (-,-) 
  r_feat_reg[9][11]/D                                <<<     -      R     DFQD2BWP30P140          1    -     -     0    1614    (-,-) 
#-------------------------------------------------------------------------------------------------------------------------------------


