============================================================
  Generated by:           Genus(TM) Synthesis Solution 21.12-s068_1
  Generated on:           Jul 08 2025  06:10:58 pm
  Module:                 conv
  Operating conditions:   ssg0p81v125c 
  Operating conditions:   tt0p9v25c 
  Interconnect mode:      global
  Area mode:              physical library
============================================================


Path 1: MET (194 ps) Setup Check with Pin registers_reg[27][19]/CP->D
           View: analysis_view_0p90v_25c_captyp_nominal
          Group: clk
     Startpoint: (R) weights[9][1]
          Clock: (R) clk
       Endpoint: (R) registers_reg[27][19]/D
          Clock: (R) clk

                     Capture       Launch     
        Clock Edge:+    2000            0     
        Drv Adjust:+       0            8     
       Src Latency:+       0            0     
       Net Latency:+       0 (I)        0 (I) 
           Arrival:=    2000            8     
                                              
             Setup:-      36                  
     Required Time:=    1964                  
      Launch Clock:-       8                  
       Input Delay:-    1000                  
         Data Path:-     762                  
             Slack:=     194                  

Exceptions/Constraints:
  input_delay             1000            tmp_sdc_analysis_vie_line_912 

#------------------------------------------------------------------------------------------------------------------------
#            Timing Point              Flags    Arc   Edge        Cell          Fanout Load Trans Delay Arrival Instance 
#                                                                                      (fF)  (ps)  (ps)   (ps)  Location 
#------------------------------------------------------------------------------------------------------------------------
  weights[9][1]                        -       -      R     (arrival)                2  3.5    17     0    1008    (-,-) 
  g46460/ZN                            -       I->ZN  F     INVD2BWP30P140           1  2.7    10     9    1017    (-,-) 
  g45490/ZN                            -       A1->ZN R     MOAI22D4BWP30P140        3  5.8    21    14    1031    (-,-) 
  genblk1[9].multip/mul_24_61_g4805/Z  -       I->Z   R     BUFFD4BWP30P140          7 11.3    14    20    1051    (-,-) 
  genblk1[9].multip/mul_24_61_g4803/Z  -       I->Z   R     BUFFD3BWP30P140         12 19.3    28    30    1081    (-,-) 
  genblk1[9].multip/mul_24_61_g4797/ZN -       I->ZN  F     CKND1BWP30P140           4  6.0    32    26    1108    (-,-) 
  genblk1[9].multip/mul_24_61_g4674/ZN -       A1->ZN F     XNR2UD1BWP30P140         2  2.6    44    27    1135    (-,-) 
  genblk1[9].multip/mul_24_61_g4450/ZN -       B1->ZN R     AOI22D1BWP30P140         2  2.6    36    35    1170    (-,-) 
  genblk1[9].multip/mul_24_61_g4365/ZN -       A1->ZN F     NR2D1BWP30P140           2  2.6    20    18    1188    (-,-) 
  genblk1[9].multip/mul_24_61_g4362/ZN -       B->ZN  R     AOI21D1BWP30P140         1  2.1    27    24    1211    (-,-) 
  genblk1[9].multip/mul_24_61_g4350/ZN -       A->ZN  F     MAOI222D1BWP30P140       1  1.5    31    26    1238    (-,-) 
  genblk1[9].multip/mul_24_61_g4345/ZN -       C->ZN  R     AOI211D1BWP30P140        1  1.4    28    32    1269    (-,-) 
  genblk1[9].multip/mul_24_61_g4339/ZN -       A2->ZN F     CKND2D1BWP30P140         1  2.6    23    20    1290    (-,-) 
  genblk1[9].multip/mul_24_61_g4333/ZN -       A3->ZN R     ND3OPTPAD2BWP30P140      2  3.2    16    17    1306    (-,-) 
  genblk1[9].multip/mul_24_61_g4328/ZN -       A1->ZN F     ND2OPTIBD1BWP30P140      2  2.5    23    18    1324    (-,-) 
  genblk1[9].multip/mul_24_61_g4313/Z  -       A1->Z  F     OA21D2BWP30P140          2  2.5    10    23    1347    (-,-) 
  genblk1[9].multip/mul_24_61_g4815/ZN -       A1->ZN R     OAI21D1BWP30P140         2  3.6    32    23    1371    (-,-) 
  genblk1[9].multip/mul_24_61_g4300/ZN -       A1->ZN F     AOI21D2BWP30P140         2  3.1    21    18    1389    (-,-) 
  genblk1[9].multip/mul_24_61_g4284/ZN -       A1->ZN R     NR2OPTPAD1BWP30P140      2  2.6    20    19    1407    (-,-) 
  genblk1[9].multip/mul_24_61_g4279/ZN -       A1->ZN F     ND2OPTIBD1BWP30P140      2  2.5    23    19    1426    (-,-) 
  genblk1[9].multip/mul_24_61_g4275/ZN -       A1->ZN R     ND2OPTIBD1BWP30P140      1  1.5    17    15    1442    (-,-) 
  genblk1[9].multip/mul_24_61_g4269/ZN -       A1->ZN F     AOI21D1BWP30P140         1  1.9    23    18    1460    (-,-) 
  genblk1[9].multip/mul_24_61_g4253/ZN -       A1->ZN R     OAI21D2BWP30P140         2  3.4    19    18    1478    (-,-) 
  genblk1[9].multip/mul_24_61_g4244/ZN -       A1->ZN F     CKND2D2BWP30P140         2  2.5    16    13    1490    (-,-) 
  genblk1[9].multip/mul_24_61_g4241/ZN -       A1->ZN R     NR2OPTIBD1BWP30P140      2  2.6    24    20    1510    (-,-) 
  genblk1[9].multip/mul_24_61_g4239/ZN -       A1->ZN F     NR2D1BWP30P140           1  1.4    14    12    1522    (-,-) 
  genblk1[9].multip/mul_24_61_g4234/ZN -       A1->ZN R     OAI21D1BWP30P140         1  1.9    21    18    1539    (-,-) 
  genblk1[9].multip/mul_24_61_g4232/ZN -       A1->ZN F     AOI21D2BWP30P140         2  2.6    18    15    1554    (-,-) 
  genblk1[9].multip/mul_24_61_g4230/ZN -       B1->ZN R     INR2D1BWP30P140          2  2.6    24    20    1574    (-,-) 
  genblk1[9].multip/mul_24_61_g4226/ZN -       A1->ZN F     AOI21D1BWP30P140         1  1.4    20    17    1592    (-,-) 
  genblk1[9].multip/mul_24_61_g4222/ZN -       A1->ZN R     OAI21D1BWP30P140         1  1.5    20    18    1609    (-,-) 
  genblk1[9].multip/mul_24_61_g4220/Z  -       A1->Z  R     AO21D1BWP30P140          1  2.8    16    24    1634    (-,-) 
  genblk1[9].multip/mul_24_61_g4219/CO -       CI->CO R     FA1OPTCD2BWP30P140       1  2.8    14    21    1655    (-,-) 
  genblk1[9].multip/mul_24_61_g4218/CO -       CI->CO R     FA1OPTCD1BWP30P140       1  2.8    18    25    1680    (-,-) 
  genblk1[9].multip/mul_24_61_g4217/CO -       CI->CO R     FA1OPTCD1BWP30P140       1  1.6    14    23    1704    (-,-) 
  genblk1[9].multip/mul_24_61_g4216/Z  -       A3->Z  R     XOR3UD1BWP30P140         2  2.6    32    33    1736    (-,-) 
  g55300/ZN                            -       A1->ZN F     AOI22D1BWP30P140         1  1.5    32    18    1754    (-,-) 
  g54518/ZN                            -       A1->ZN R     ND2D1BWP30P140           1  1.5    27    15    1770    (-,-) 
  registers_reg[27][19]/D              <<<     -      R     EDFCNQD1BWP30P140        1    -     -     0    1770    (-,-) 
#------------------------------------------------------------------------------------------------------------------------


