============================================================
  Generated by:           Genus(TM) Synthesis Solution 21.12-s068_1
  Generated on:           Feb 03 2026  02:43:37 am
  Module:                 System
  Library domain:         timing_cond_0p81v_125c
    Domain index:         0
    Technology library:   tcbn28hpcplusbwp30p140ssg0p81v125c 110
  Operating conditions:   ssg0p81v125c 
  Interconnect mode:      global
  Area mode:              physical library
============================================================

       Instance         Module    Cell Count  Cell Area  Net Area   Total Area 
-------------------------------------------------------------------------------
System                                 16418  18048.492  8702.657    26751.149 
  control             Control           5332   6024.312  2200.907     8225.219 
  conv                Conv             11086  12024.180  5669.750    17693.930 
    genblk1[0].multip Multip             646    616.644   267.580      884.224 
    genblk1[1].multip Multip_342         658    619.416   275.775      895.191 
    genblk1[2].multip Multip_341         563    597.996   235.861      833.857 
    inv               Inverse           1053   2221.506   494.334     2715.840 
      matrix_a0       MatrixA0           351    740.502   127.134      867.636 
      matrix_a1       MatrixA1           702   1481.004   254.269     1735.273 
    mux_mult          MuxMult             43     32.382    12.722       45.104 
    trf               Transform         2291   2950.416   776.104     3726.520 
      matrix_c0       MatrixC0           905   1301.580   321.296     1622.876 
      matrix_c1       MatrixC1          1386   1648.836   424.538     2073.374 
