============================================================
  Generated by:           Genus(TM) Synthesis Solution 21.12-s068_1
  Generated on:           Feb 03 2026  02:43:45 am
  Module:                 System
  Operating conditions:   ssg0p81v125c 
  Operating conditions:   tt0p9v25c 
  Interconnect mode:      global
  Area mode:              physical library
============================================================


Path 1: MET (212 ps) Late External Delay Assertion at pin p_output_data_write[0][19]
           View: analysis_view_0p90v_25c_captyp_nominal
          Group: clk
     Startpoint: (R) control/r_addr_count_write_out_reg[1]/CP
          Clock: (R) clk
       Endpoint: (R) p_output_data_write[0][19]
          Clock: (R) clk

                     Capture       Launch     
        Clock Edge:+    2000            0     
       Src Latency:+       0            0     
       Net Latency:+       0 (I)        0 (I) 
           Arrival:=    2000            0     
                                              
      Output Delay:-    1000                  
     Required Time:=    1000                  
      Launch Clock:-       0                  
         Data Path:-     788                  
             Slack:=     212                  

Exceptions/Constraints:
  output_delay             1000            tmp_sdc_analysis_vie_line_1023 

#----------------------------------------------------------------------------------------------------------------------------
#              Timing Point                Flags    Arc   Edge        Cell          Fanout Load Trans Delay Arrival Instance 
#                                                                                          (fF)  (ps)  (ps)   (ps)  Location 
#----------------------------------------------------------------------------------------------------------------------------
  control/r_addr_count_write_out_reg[1]/CP -       -      R     (arrival)                4    -     0     0       0    (-,-) 
  control/r_addr_count_write_out_reg[1]/Q  -       CP->Q  F     DFKCNQD2BWP30P140        5  7.2    17    54      54    (-,-) 
  control/g97907/ZN                        -       A1->ZN R     NR2D2BWP30P140           2  3.1    18    16      70    (-,-) 
  control/g97881/ZN                        -       I->ZN  F     CKND2BWP30P140           3  8.2    21    17      87    (-,-) 
  control/g97867/ZN                        -       A1->ZN R     NR2D6BWP30P140          75 79.3    99    65     152    (-,-) 
  control/g97256/ZN                        -       A1->ZN F     ND2OPTIBD4BWP30P140     15 18.9    56    43     195    (-,-) 
  control/g97238/ZN                        -       I->ZN  R     INVD8BWP30P140          26 26.6    25    25     219    (-,-) 
  control/g96378__7482/ZN                  -       A1->ZN F     CKND2D1BWP30P140         1  2.1    21    18     237    (-,-) 
  control/g104753/ZN                       -       A4->ZN R     ND4D2BWP30P140           1  3.4    18    16     253    (-,-) 
  control/add_1044_62_I1_g1257/CO          -       B->CO  R     FA1OPTCD1BWP30P140       1  2.8    18    39     292    (-,-) 
  control/add_1044_62_I1_g1256/CO          -       CI->CO R     FA1OPTCD1BWP30P140       1  2.3    17    25     318    (-,-) 
  control/add_1044_62_I1_g1255/CO          -       CI->CO R     FA1D1BWP30P140           1  2.3    16    30     347    (-,-) 
  control/add_1044_62_I1_g1254/CO          -       CI->CO R     FA1D1BWP30P140           1  2.3    16    29     376    (-,-) 
  control/add_1044_62_I1_g1253/CO          -       CI->CO R     FA1D1BWP30P140           1  2.8    18    31     407    (-,-) 
  control/add_1044_62_I1_g1252/CO          -       CI->CO R     FA1OPTCD1BWP30P140       1  2.8    18    26     434    (-,-) 
  control/add_1044_62_I1_g1251/CO          -       CI->CO R     FA1OPTCD1BWP30P140       3  4.2    24    30     463    (-,-) 
  control/add_1044_62_I1_g1249/Z           -       A1->Z  R     AO21D1BWP30P140          1  2.8    16    25     488    (-,-) 
  control/add_1044_62_I1_g1246/CO          -       CI->CO R     FA1OPTCD1BWP30P140       1  2.8    18    26     514    (-,-) 
  control/add_1044_62_I1_g1245/CO          -       CI->CO R     FA1OPTCD1BWP30P140       1  2.8    18    26     540    (-,-) 
  control/add_1044_62_I1_g1244/CO          -       CI->CO R     FA1OPTCD1BWP30P140       1  2.8    18    26     567    (-,-) 
  control/add_1044_62_I1_g1243/CO          -       CI->CO R     FA1OPTCD1BWP30P140       1  2.8    18    26     593    (-,-) 
  control/add_1044_62_I1_g1242/CO          -       CI->CO R     FA1OPTCD1BWP30P140       1  2.8    18    26     620    (-,-) 
  control/add_1044_62_I1_g1241/CO          -       CI->CO R     FA1OPTCD1BWP30P140       1  2.3    17    25     645    (-,-) 
  control/add_1044_62_I1_g1240/CO          -       CI->CO R     FA1D1BWP30P140           1  2.3    16    30     674    (-,-) 
  control/add_1044_62_I1_g1239/CO          -       CI->CO R     FA1D1BWP30P140           1  2.3    16    29     704    (-,-) 
  control/add_1044_62_I1_g1238/CO          -       CI->CO R     FA1D1BWP30P140           1  2.1    16    29     733    (-,-) 
  control/add_1044_62_I1_g1237/Z           -       A1->Z  R     XOR2UD1BWP30P140         1  1.5    28    17     750    (-,-) 
  control/g85950/ZN                        -       A1->ZN R     INR2D1BWP30P140          1  5.0    93    38     788    (-,-) 
  p_output_data_write[0][19]               <<<     -      R     (port)                   -    -     -     0     788    (-,-) 
#----------------------------------------------------------------------------------------------------------------------------


