============================================================
  Generated by:           Genus(TM) Synthesis Solution 21.12-s068_1
  Generated on:           Jan 25 2026  11:22:40 pm
  Module:                 System
  Library domain:         timing_cond_0p81v_125c
    Domain index:         0
    Technology library:   tcbn28hpcplusbwp30p140ssg0p81v125c 110
  Operating conditions:   ssg0p81v125c 
  Interconnect mode:      global
  Area mode:              physical library
============================================================

       Instance          Module     Cell Count  Cell Area  Net Area   Total Area 
---------------------------------------------------------------------------------
System                                   18391  26165.286 10055.304    36220.590 
  control             Control             2838   4140.738   991.313     5132.051 
  conv                Conv               15553  22024.548  8531.437    30555.985 
    genblk1[0].multip Multip               581    604.800   245.589      850.389 
    genblk1[1].multip Multip_516           658    618.912   275.037      893.949 
    genblk1[2].multip Multip_515           641    617.148   265.956      883.104 
    genblk1[3].multip Multip_514           562    595.224   235.854      831.078 
    genblk1[4].multip Multip_513           580    602.784   245.214      847.998 
    inv               Inverse             2291   4604.670  1057.261     5661.931 
      sn1             CSA_4_14_268          59    124.236    23.964      148.200 
        layer1        FA_188_327            20     42.462     0.000       42.462 
        layer2        FA_280_433            20     41.958     0.000       41.958 
      sn3             CSA_4_14              59    124.236    23.964      148.200 
        layer1        FA_188_328            20     42.462     0.000       42.462 
        layer2        FA_280_434            20     41.958     0.000       41.958 
      sn4             CSA_4_15              58    121.590    23.459      145.049 
        layer1        FA_236                19     40.320     0.000       40.320 
        layer2        FA_280_436            20     41.454     0.000       41.454 
      sn5             CSA_4_17_269          59    123.228    23.964      147.192 
        layer1        FA_266_340            20     41.454     0.000       41.454 
        layer2        FA_154_305            20     41.958     0.000       41.958 
      sn7             CSA_4_17              59    123.228    23.964      147.192 
        layer1        FA_266                20     41.454     0.000       41.454 
        layer2        FA_154_304            20     41.958     0.000       41.958 
      sp0             CSA_16               294    619.542   139.495      759.037 
        L1a           FA_188                20     42.462     0.000       42.462 
        L1b           FA_188_333            20     42.462     0.000       42.462 
        L1c           FA_188_332            20     42.462     0.000       42.462 
        L1d           FA_188_331            20     42.462     0.000       42.462 
        L1e           FA_188_330            20     42.462     0.000       42.462 
        L2a           FA_280_419            20     41.958     0.000       41.958 
        L2b           FA_277_350            19     40.320     0.000       40.320 
        L2c           FA_280_420            20     41.958     0.000       41.958 
        L3a           FA_280_421            20     41.958     0.000       41.958 
        L3b           FA_277_351            19     39.816     0.000       39.816 
        L4a           FA_280_422            20     41.958     0.000       41.958 
        L4b           FA_279_361            19     39.816     0.000       39.816 
        L5            FA_280_423            20     41.958     0.000       41.958 
        L6            FA_281_481            19     39.816     0.000       39.816 
      sp1             CSA_8_17             135    283.500    61.297      344.797 
        L1a           FA_202                19     40.320     0.000       40.320 
        L1b           FA_154_306            20     41.958     0.000       41.958 
        L2a           FA_280_424            20     41.454     0.000       41.454 
        L2b           FA_263_339            19     40.320     0.000       40.320 
        L3            FA_280_425            20     41.958     0.000       41.958 
        L4            FA_281_482            19     39.816     0.000       39.816 
      sp2             CSA_16_1             294    615.510   139.495      755.005 
        L1a           FA_272_343            20     41.454     0.000       41.454 
        L1b           FA_211                20     41.454     0.000       41.454 
        L1c           FA_188_329            20     42.462     0.000       42.462 
        L1d           FA_271_342            20     41.454     0.000       41.454 
        L1e           FA_272_344            20     41.454     0.000       41.454 
        L2a           FA_280_426            20     41.958     0.000       41.958 
        L2b           FA_277_352            19     40.320     0.000       40.320 
        L2c           FA_280_427            20     41.958     0.000       41.958 
        L3a           FA_280_428            20     41.958     0.000       41.958 
        L3b           FA_277_353            19     39.816     0.000       39.816 
        L4a           FA_280_429            20     41.958     0.000       41.958 
        L4b           FA_279_362            19     39.816     0.000       39.816 
        L5            FA_280_430            20     41.958     0.000       41.958 
        L6            FA_281_483            19     39.816     0.000       39.816 
      sp3             CSA_8_18             135    283.500    61.297      344.797 
        L1a           FA_224                19     40.320     0.000       40.320 
        L1b           FA_225                20     41.958     0.000       41.958 
        L2a           FA_280_431            19     39.816     0.000       39.816 
        L2b           FA_76_497             20     41.958     0.000       41.958 
        L3            FA_280_432            20     41.454     0.000       41.454 
        L4            FA_281_484            19     40.320     0.000       40.320 
      sp4             CSA_5_1               95    189.126    41.621      230.747 
        L1a           FA_232                19     39.816     0.000       39.816 
        L1b           FA_233                19     30.366     0.000       30.366 
        L2            FA_280_435            20     41.454     0.000       41.454 
        L3            FA_15_302             19     39.816     0.000       39.816 
      sp5             CSA_8_19             134    279.846    60.792      340.638 
        L1a           FA_238                19     39.312     0.000       39.312 
        L1b           FA_239                19     39.816     0.000       39.816 
        L2a           FA_280_437            19     39.816     0.000       39.816 
        L2b           FA_76_496             20     41.454     0.000       41.454 
        L3            FA_280_438            20     41.454     0.000       41.454 
        L4            FA_281_485            19     40.320     0.000       40.320 
      sp6             CSA_16_2             288    605.682   136.468      742.150 
        L1a           FA_188_326            20     42.462     0.000       42.462 
        L1b           FA_247                18     38.178     0.000       38.178 
        L1c           FA_270_341            18     38.178     0.000       38.178 
        L1d           FA_188_325            20     42.462     0.000       42.462 
        L1e           FA_188_324            20     42.462     0.000       42.462 
        L2a           FA_280_439            20     41.958     0.000       41.958 
        L2b           FA_277_354            17     36.036     0.000       36.036 
        L2c           FA_280_440            20     41.958     0.000       41.958 
        L3a           FA_280_441            20     41.958     0.000       41.958 
        L3b           FA_277_355            19     38.808     0.000       38.808 
        L4a           FA_280_442            20     41.958     0.000       41.958 
        L4b           FA_279_363            19     39.816     0.000       39.816 
        L5            FA_280_443            20     41.958     0.000       41.958 
        L6            FA_281_486            19     39.816     0.000       39.816 
      sp7             CSA_8_20             134    279.846    60.792      340.638 
        L1a           FA_260                19     39.312     0.000       39.312 
        L1b           FA_232_334            19     39.816     0.000       39.816 
        L2a           FA_280_444            20     41.454     0.000       41.454 
        L2b           FA_263                19     39.816     0.000       39.816 
        L3            FA_280_445            20     41.958     0.000       41.958 
        L4            FA_281_487            19     39.816     0.000       39.816 
      sp8             CSA_16_3             288    601.650   136.468      738.118 
        L1a           FA_272_345            20     41.454     0.000       41.454 
        L1b           FA_269                18     37.170     0.000       37.170 
        L1c           FA_270                18     38.178     0.000       38.178 
        L1d           FA_271                20     41.454     0.000       41.454 
        L1e           FA_272                20     41.454     0.000       41.454 
        L2a           FA_280_446            20     41.958     0.000       41.958 
        L2b           FA_277_356            17     36.036     0.000       36.036 
        L2c           FA_280_447            20     41.958     0.000       41.958 
        L3a           FA_280_448            20     41.958     0.000       41.958 
        L3b           FA_277                19     38.808     0.000       38.808 
        L4a           FA_280_449            20     41.958     0.000       41.958 
        L4b           FA_279                19     39.816     0.000       39.816 
        L5            FA_280                20     41.958     0.000       41.958 
        L6            FA_281                19     39.816     0.000       39.816 
    mux_mult          MuxMult               18     12.222     2.878       15.100 
    trf               Transform           5469  10529.190  2443.437    12972.627 
      sn0             CSA_8_16_280         130    273.294    58.774      332.068 
        L1a           FA_277_348            19     40.320     0.000       40.320 
        L1b           FA_183_318            19     39.816     0.000       39.816 
        L2a           FA_280_413            20     41.454     0.000       41.454 
        L2b           FA_185_323            18     38.178     0.000       38.178 
        L3            FA_280_417            19     40.320     0.000       40.320 
        L4            FA_281_452            18     37.674     0.000       37.674 
      sn1             CSA_6_12_273          95    199.080    41.621      240.701 
        L1a           FA_156_311            19     40.320     0.000       40.320 
        L1b           FA_157_312            19     39.816     0.000       39.816 
        L2            FA_154_308            20     41.454     0.000       41.454 
        L3            FA_26                 19     39.816     0.000       39.816 
      sn2             CSA_8_14_279         130    273.294    58.774      332.068 
        L1a           FA_33                 19     40.320     0.000       40.320 
        L1b           FA_183_314            19     39.816     0.000       39.816 
        L2a           FA_280_381            20     41.454     0.000       41.454 
        L2b           FA_169_313            18     38.178     0.000       38.178 
        L3            FA_280_390            19     40.320     0.000       40.320 
        L4            FA_281_454            18     37.674     0.000       37.674 
      sn3             CSA_4_266             57    119.952    22.955      142.907 
        layer1        FA_280_375            20     41.958     0.000       41.958 
        layer2        FA_281_455            19     40.320     0.000       40.320 
      sn4             CSA_8_16_281         130    273.294    58.774      332.068 
        L1a           FA_277_347            19     40.320     0.000       40.320 
        L1b           FA_183_317            19     39.816     0.000       39.816 
        L2a           FA_280_412            20     41.454     0.000       41.454 
        L2b           FA_185_322            18     38.178     0.000       38.178 
        L3            FA_280_416            19     40.320     0.000       40.320 
        L4            FA_281_457            18     37.674     0.000       37.674 
      sn5             CSA_6_7_275           93    195.804    40.612      236.416 
        L1a           FA_76_500             20     41.958     0.000       41.958 
        L1b           FA_77_509             19     39.816     0.000       39.816 
        L2            FA_280_399            19     40.320     0.000       40.320 
        L3            FA_281_459            18     38.178     0.000       38.178 
      sn6             CSA_4_265             57    119.952    22.955      142.907 
        layer1        FA_280_376            20     41.958     0.000       41.958 
        layer2        FA_281_460            19     40.320     0.000       40.320 
      sn7             CSA_6_5               93    195.804    40.612      236.416 
        L1a           FA_67                 20     41.958     0.000       41.958 
        L1b           FA_68                 19     39.816     0.000       39.816 
        L2            FA_280_401            19     40.320     0.000       40.320 
        L3            FA_281_462            18     38.178     0.000       38.178 
      sn8             CSA_3_262             39     81.774    14.126       95.900 
        layer1        FA_71                 20     41.958     0.000       41.958 
      sn9             CSA_6_7               93    195.804    40.612      236.416 
        L1a           FA_76                 20     41.958     0.000       41.958 
        L1b           FA_77                 19     39.816     0.000       39.816 
        L2            FA_280_403            19     40.320     0.000       40.320 
        L3            FA_281_464            18     38.178     0.000       38.178 
      sn10            CSA_8_7              130    273.294    58.774      332.068 
        L1a           FA_86                 19     40.320     0.000       40.320 
        L1b           FA_87                 19     39.816     0.000       39.816 
        L2a           FA_280_383            20     41.454     0.000       41.454 
        L2b           FA_185_320            18     38.178     0.000       38.178 
        L3            FA_280_392            19     40.320     0.000       40.320 
        L4            FA_281_466            18     37.674     0.000       37.674 
      sn11            CSA_6_9               95    199.080    41.621      240.701 
        L1a           FA_63_491             19     40.320     0.000       40.320 
        L1b           FA_97                 19     39.816     0.000       39.816 
        L2            FA_280_406            20     41.454     0.000       41.454 
        L3            FA_281_468            19     39.816     0.000       39.816 
      sn12            CSA_8_8              130    273.294    58.774      332.068 
        L1a           FA_104                19     40.320     0.000       40.320 
        L1b           FA_105                19     39.816     0.000       39.816 
        L2a           FA_280_384            20     41.454     0.000       41.454 
        L2b           FA_107                18     38.178     0.000       38.178 
        L3            FA_280_393            19     40.320     0.000       40.320 
        L4            FA_281_470            18     37.674     0.000       37.674 
      sn13            CSA_4_3_270           57    119.952    22.955      142.907 
        layer1        FA_110_295            20     41.958     0.000       41.958 
        layer2        FA_113                19     40.320     0.000       40.320 
      sn14            CSA_8_7_286          130    273.294    58.774      332.068 
        L1a           FA_86_510             19     40.320     0.000       40.320 
        L1b           FA_87_511             19     39.816     0.000       39.816 
        L2a           FA_280_386            20     41.454     0.000       41.454 
        L2b           FA_185_319            18     38.178     0.000       38.178 
        L3            FA_280_395            19     40.320     0.000       40.320 
        L4            FA_281_472            18     37.674     0.000       37.674 
      sn15            CSA_4_10_267          57    119.952    22.955      142.907 
        layer1        FA_76_498             20     41.958     0.000       41.958 
        layer2        FA_139_301            19     40.320     0.000       40.320 
      sn16            CSA_3_3               39     81.774    14.126       95.900 
        layer1        FA_154_309            20     41.958     0.000       41.958 
      sn17            CSA_4_8               57    119.952    22.955      142.907 
        layer1        FA_67_492             20     41.958     0.000       41.958 
        layer2        FA_26_337             19     40.320     0.000       40.320 
      sn18            CSA_2_260             20     41.958     4.793       46.751 
      sn19            CSA_4_10              57    119.952    22.955      142.907 
        layer1        FA_76_499             20     41.958     0.000       41.958 
        layer2        FA_139                19     40.320     0.000       40.320 
      sn20            CSA_8_16_282         130    273.294    58.774      332.068 
        L1a           FA_277_346            19     40.320     0.000       40.320 
        L1b           FA_183_316            19     39.816     0.000       39.816 
        L2a           FA_280_411            20     41.454     0.000       41.454 
        L2b           FA_185_321            18     38.178     0.000       38.178 
        L3            FA_280_415            19     40.320     0.000       40.320 
        L4            FA_281_474            18     37.674     0.000       37.674 
      sn21            CSA_6_12              95    199.080    41.621      240.701 
        L1a           FA_156                19     40.320     0.000       40.320 
        L1b           FA_157                19     39.816     0.000       39.816 
        L2            FA_154_307            20     41.454     0.000       41.454 
        L3            FA_26_338             19     39.816     0.000       39.816 
      sn22            CSA_8_14             130    273.294    58.774      332.068 
        L1a           FA_33_488             19     40.320     0.000       40.320 
        L1b           FA_183_315            19     39.816     0.000       39.816 
        L2a           FA_280_388            20     41.454     0.000       41.454 
        L2b           FA_169                18     38.178     0.000       38.178 
        L3            FA_280_397            19     40.320     0.000       40.320 
        L4            FA_281_476            18     37.674     0.000       37.674 
      sn23            CSA_4_263             57    119.952    22.955      142.907 
        layer1        FA_280_378            20     41.958     0.000       41.958 
        layer2        FA_281_478            19     40.320     0.000       40.320 
      sn24            CSA_8_16             130    273.294    58.774      332.068 
        L1a           FA_277_349            19     40.320     0.000       40.320 
        L1b           FA_183                19     39.816     0.000       39.816 
        L2a           FA_280_414            20     41.454     0.000       41.454 
        L2b           FA_185                18     38.178     0.000       38.178 
        L3            FA_280_418            19     40.320     0.000       40.320 
        L4            FA_281_480            18     37.674     0.000       37.674 
      sp0             CSA_8                130    273.294    58.774      332.068 
        L1a           FA                    19     39.816     0.000       39.816 
        L1b           FA_279_360            19     40.320     0.000       40.320 
        L2a           FA_280_370            20     41.454     0.000       41.454 
        L2b           FA_77_504             18     38.178     0.000       38.178 
        L3            FA_280_374            19     40.320     0.000       40.320 
        L4            FA_281_450            18     37.674     0.000       37.674 
      sp1             CSA_6                 95    199.080    41.621      240.701 
        L1a           FA_152_303            19     39.816     0.000       39.816 
        L1b           FA_7                  19     40.320     0.000       40.320 
        L2            FA_154_310            20     41.454     0.000       41.454 
        L3            FA_26_335             19     39.816     0.000       39.816 
      sp2             CSA_8_2              130    273.294    58.774      332.068 
        L1a           FA_287                19     39.816     0.000       39.816 
        L1b           FA_28                 19     40.320     0.000       40.320 
        L2a           FA_280_389            20     41.454     0.000       41.454 
        L2b           FA_77_508             18     38.178     0.000       38.178 
        L3            FA_280_398            19     40.320     0.000       40.320 
        L4            FA_281_453            18     37.674     0.000       37.674 
      sp3             CSA_4                 57    119.952    22.955      142.907 
        layer1        FA_280_379            20     41.958     0.000       41.958 
        layer2        FA_281_451            19     40.320     0.000       40.320 
      sp4             CSA_8_278            130    273.294    58.774      332.068 
        L1a           FA_293                19     39.816     0.000       39.816 
        L1b           FA_279_357            19     40.320     0.000       40.320 
        L2a           FA_280_367            20     41.454     0.000       41.454 
        L2b           FA_77_501             18     38.178     0.000       38.178 
        L3            FA_280_371            19     40.320     0.000       40.320 
        L4            FA_281_456            18     37.674     0.000       37.674 
      sp5             CSA_6_2               95    199.080    41.621      240.701 
        L1a           FA_139_298            19     40.320     0.000       40.320 
        L1b           FA_54                 19     39.816     0.000       39.816 
        L2            FA_280_404            20     41.454     0.000       41.454 
        L3            FA_281_458            19     39.816     0.000       39.816 
      sp6             CSA_5                 92    184.212    40.108      224.320 
        L1a           FA_12                 20     41.958     0.000       41.958 
        L1b           FA_13                 18     28.728     0.000       28.728 
        L2            FA_280_380            19     40.320     0.000       40.320 
        L3            FA_15                 18     37.674     0.000       37.674 
      sp7             CSA_6_4               95    199.080    41.621      240.701 
        L1a           FA_63                 19     40.320     0.000       40.320 
        L1b           FA_105_294            19     39.816     0.000       39.816 
        L2            FA_280_400            20     41.454     0.000       41.454 
        L3            FA_281_461            19     39.816     0.000       39.816 
      sp8             CSA_3                 39     81.774    14.126       95.900 
        layer1        FA_71_494             20     41.958     0.000       41.958 
      sp9             CSA_6_2_274           95    199.080    41.621      240.701 
        L1a           FA_139_297            19     40.320     0.000       40.320 
        L1b           FA_54_489             19     39.816     0.000       39.816 
        L2            FA_280_402            20     41.454     0.000       41.454 
        L3            FA_281_463            19     39.816     0.000       39.816 
      sp10            CSA_8_2_285          130    273.294    58.774      332.068 
        L1a           FA_290                19     39.816     0.000       39.816 
        L1b           FA_28_364             19     40.320     0.000       40.320 
        L2a           FA_280_382            20     41.454     0.000       41.454 
        L2b           FA_77_505             18     38.178     0.000       38.178 
        L3            FA_280_391            19     40.320     0.000       40.320 
        L4            FA_281_465            18     37.674     0.000       37.674 
      sp11            CSA_6_8               93    195.804    40.612      236.416 
        L1a           FA_92                 20     41.958     0.000       41.958 
        L1b           FA_93                 19     39.816     0.000       39.816 
        L2            FA_280_405            19     40.320     0.000       40.320 
        L3            FA_281_467            18     38.178     0.000       38.178 
      sp12            CSA_6_10              95    198.072    41.621      239.693 
        L1a           FA_100                19     39.312     0.000       39.312 
        L1b           FA_97_512             19     39.816     0.000       39.816 
        L2            FA_280_407            20     41.454     0.000       41.454 
        L3            FA_281_469            19     39.816     0.000       39.816 
      sp13            CSA_4_3               57    119.952    22.955      142.907 
        layer1        FA_110                20     41.958     0.000       41.958 
        layer2        FA_113_296            19     40.320     0.000       40.320 
      sp14            CSA_8_2_284          130    273.294    58.774      332.068 
        L1a           FA_289                19     39.816     0.000       39.816 
        L1b           FA_28_365             19     40.320     0.000       40.320 
        L2a           FA_280_385            20     41.454     0.000       41.454 
        L2b           FA_77_506             18     38.178     0.000       38.178 
        L3            FA_280_394            19     40.320     0.000       40.320 
        L4            FA_281_471            18     37.674     0.000       37.674 
      sp15            CSA_4_9_271           58    121.590    23.459      145.049 
        layer1        FA_139_299            19     40.320     0.000       40.320 
        layer2        FA_280_408            20     41.454     0.000       41.454 
      sp16            CSA_3_261             39     81.774    14.126       95.900 
        layer1        FA_71_495             20     41.958     0.000       41.958 
      sp17            CSA_4_7               58    121.590    23.459      145.049 
        layer1        FA_63_490             19     40.320     0.000       40.320 
        layer2        FA_280_409            20     41.454     0.000       41.454 
      sp18            CSA_2                 20     41.958     4.793       46.751 
      sp19            CSA_4_9               58    121.590    23.459      145.049 
        layer1        FA_139_300            19     40.320     0.000       40.320 
        layer2        FA_280_410            20     41.454     0.000       41.454 
      sp20            CSA_8_277            130    273.294    58.774      332.068 
        L1a           FA_292                19     39.816     0.000       39.816 
        L1b           FA_279_358            19     40.320     0.000       40.320 
        L2a           FA_280_368            20     41.454     0.000       41.454 
        L2b           FA_77_502             18     38.178     0.000       38.178 
        L3            FA_280_372            19     40.320     0.000       40.320 
        L4            FA_281_473            18     37.674     0.000       37.674 
      sp21            CSA_6_272             95    199.080    41.621      240.701 
        L1a           FA_152                19     39.816     0.000       39.816 
        L1b           FA_7_493              19     40.320     0.000       40.320 
        L2            FA_154                20     41.454     0.000       41.454 
        L3            FA_26_336             19     39.816     0.000       39.816 
      sp22            CSA_8_2_283          130    273.294    58.774      332.068 
        L1a           FA_288                19     39.816     0.000       39.816 
        L1b           FA_28_366             19     40.320     0.000       40.320 
        L2a           FA_280_387            20     41.454     0.000       41.454 
        L2b           FA_77_507             18     38.178     0.000       38.178 
        L3            FA_280_396            19     40.320     0.000       40.320 
        L4            FA_281_475            18     37.674     0.000       37.674 
      sp23            CSA_4_264             57    119.952    22.955      142.907 
        layer1        FA_280_377            20     41.958     0.000       41.958 
        layer2        FA_281_477            19     40.320     0.000       40.320 
      sp24            CSA_8_276            130    273.294    58.774      332.068 
        L1a           FA_291                19     39.816     0.000       39.816 
        L1b           FA_279_359            19     40.320     0.000       40.320 
        L2a           FA_280_369            20     41.454     0.000       41.454 
        L2b           FA_77_503             18     38.178     0.000       38.178 
        L3            FA_280_373            19     40.320     0.000       40.320 
        L4            FA_281_479            18     37.674     0.000       37.674 
