Copyright 1986-2022 Xilinx, Inc. All Rights Reserved. Copyright 2022-2023 Advanced Micro Devices, Inc. All Rights Reserved.
---------------------------------------------------------------------------------------------------------------------------------------------
| Tool Version : Vivado v.2023.2 (lin64) Build 4029153 Fri Oct 13 20:13:54 MDT 2023
| Date         : Fri Oct  2 10:58:20 2026
| Host         : paxos.inf.pucrs.br running 64-bit Rocky Linux release 8.10 (Green Obsidian)
| Command      : report_utilization -hierarchical -file /sim/tarsio/reports-wpn16-n32-220mhz-a75f073/utilization_hierarchical_synth.rpt
| Design       : WPN16ReplicaTop
| Device       : xczu7ev-ffvc1156-2-e
| Speed File   : -2
| Design State : Synthesized
---------------------------------------------------------------------------------------------------------------------------------------------

Utilization Design Information

Table of Contents
-----------------
1. Utilization by Hierarchy

1. Utilization by Hierarchy
---------------------------

+---------------------------------------------+---------------------------------------------+------------+------------+---------+------+-------+--------+--------+------+------------+
|                   Instance                  |                    Module                   | Total LUTs | Logic LUTs | LUTRAMs | SRLs |  FFs  | RAMB36 | RAMB18 | URAM | DSP Blocks |
+---------------------------------------------+---------------------------------------------+------------+------------+---------+------+-------+--------+--------+------+------------+
| WPN16ReplicaTop                             |                                       (top) |     216762 |     216762 |       0 |    0 | 64680 |      0 |      0 |    0 |        256 |
|   (WPN16ReplicaTop)                         |                                       (top) |          0 |          0 |       0 |    0 |    32 |      0 |      0 |    0 |          0 |
|   CORES[0].core_inst                        |                                        Conv |       6778 |       6778 |       0 |    0 |  2020 |      0 |      0 |    0 |          8 |
|     (CORES[0].core_inst)                    |                                        Conv |       4098 |       4098 |       0 |    0 |  2020 |      0 |      0 |    0 |          0 |
|     MAC_LANES[0].multip                     |                                  Multip_461 |          3 |          3 |       0 |    0 |     0 |      0 |      0 |    0 |          1 |
|     MAC_LANES[1].multip                     |                                  Multip_462 |        126 |        126 |       0 |    0 |     0 |      0 |      0 |    0 |          1 |
|     MAC_LANES[2].multip                     |                                  Multip_463 |         29 |         29 |       0 |    0 |     0 |      0 |      0 |    0 |          1 |
|     MAC_LANES[3].multip                     |                                  Multip_464 |          0 |          0 |       0 |    0 |     0 |      0 |      0 |    0 |          1 |
|     MAC_LANES[4].multip                     |                                  Multip_465 |        182 |        182 |       0 |    0 |     0 |      0 |      0 |    0 |          1 |
|     MAC_LANES[5].multip                     |                                  Multip_466 |        172 |        172 |       0 |    0 |     0 |      0 |      0 |    0 |          1 |
|     MAC_LANES[6].multip                     |                                  Multip_467 |          2 |          2 |       0 |    0 |     0 |      0 |      0 |    0 |          1 |
|     MAC_LANES[7].multip                     |                                  Multip_468 |        149 |        149 |       0 |    0 |     0 |      0 |      0 |    0 |          1 |
|     WEIGHT_TRANSFORM_ROWS[1].weight_trf_row | WeightTransformRowConst__parameterized0_469 |        198 |        198 |       0 |    0 |     0 |      0 |      0 |    0 |          0 |
|     WEIGHT_TRANSFORM_ROWS[2].weight_trf_row | WeightTransformRowConst__parameterized1_470 |        795 |        795 |       0 |    0 |     0 |      0 |      0 |    0 |          0 |
|     WEIGHT_TRANSFORM_ROWS[4].weight_trf_row | WeightTransformRowConst__parameterized3_471 |        269 |        269 |       0 |    0 |     0 |      0 |      0 |    0 |          0 |
|     WEIGHT_TRANSFORM_ROWS[5].weight_trf_row | WeightTransformRowConst__parameterized4_472 |        566 |        566 |       0 |    0 |     0 |      0 |      0 |    0 |          0 |
|     WEIGHT_TRANSFORM_ROWS[6].weight_trf_row | WeightTransformRowConst__parameterized5_473 |         75 |         75 |       0 |    0 |     0 |      0 |      0 |    0 |          0 |
|     WEIGHT_TRANSFORM_ROWS[7].weight_trf_row | WeightTransformRowConst__parameterized6_474 |        120 |        120 |       0 |    0 |     0 |      0 |      0 |    0 |          0 |
|   CORES[10].core_inst                       |                                      Conv_0 |       6778 |       6778 |       0 |    0 |  2020 |      0 |      0 |    0 |          8 |
|     (CORES[10].core_inst)                   |                                      Conv_0 |       4098 |       4098 |       0 |    0 |  2020 |      0 |      0 |    0 |          0 |
|     MAC_LANES[0].multip                     |                                  Multip_447 |          3 |          3 |       0 |    0 |     0 |      0 |      0 |    0 |          1 |
|     MAC_LANES[1].multip                     |                                  Multip_448 |        126 |        126 |       0 |    0 |     0 |      0 |      0 |    0 |          1 |
|     MAC_LANES[2].multip                     |                                  Multip_449 |         29 |         29 |       0 |    0 |     0 |      0 |      0 |    0 |          1 |
|     MAC_LANES[3].multip                     |                                  Multip_450 |          0 |          0 |       0 |    0 |     0 |      0 |      0 |    0 |          1 |
|     MAC_LANES[4].multip                     |                                  Multip_451 |        182 |        182 |       0 |    0 |     0 |      0 |      0 |    0 |          1 |
|     MAC_LANES[5].multip                     |                                  Multip_452 |        172 |        172 |       0 |    0 |     0 |      0 |      0 |    0 |          1 |
|     MAC_LANES[6].multip                     |                                  Multip_453 |          2 |          2 |       0 |    0 |     0 |      0 |      0 |    0 |          1 |
|     MAC_LANES[7].multip                     |                                  Multip_454 |        149 |        149 |       0 |    0 |     0 |      0 |      0 |    0 |          1 |
|     WEIGHT_TRANSFORM_ROWS[1].weight_trf_row | WeightTransformRowConst__parameterized0_455 |        198 |        198 |       0 |    0 |     0 |      0 |      0 |    0 |          0 |
|     WEIGHT_TRANSFORM_ROWS[2].weight_trf_row | WeightTransformRowConst__parameterized1_456 |        795 |        795 |       0 |    0 |     0 |      0 |      0 |    0 |          0 |
|     WEIGHT_TRANSFORM_ROWS[4].weight_trf_row | WeightTransformRowConst__parameterized3_457 |        269 |        269 |       0 |    0 |     0 |      0 |      0 |    0 |          0 |
|     WEIGHT_TRANSFORM_ROWS[5].weight_trf_row | WeightTransformRowConst__parameterized4_458 |        566 |        566 |       0 |    0 |     0 |      0 |      0 |    0 |          0 |
|     WEIGHT_TRANSFORM_ROWS[6].weight_trf_row | WeightTransformRowConst__parameterized5_459 |         75 |         75 |       0 |    0 |     0 |      0 |      0 |    0 |          0 |
|     WEIGHT_TRANSFORM_ROWS[7].weight_trf_row | WeightTransformRowConst__parameterized6_460 |        120 |        120 |       0 |    0 |     0 |      0 |      0 |    0 |          0 |
|   CORES[11].core_inst                       |                                      Conv_1 |       6778 |       6778 |       0 |    0 |  2020 |      0 |      0 |    0 |          8 |
|     (CORES[11].core_inst)                   |                                      Conv_1 |       4098 |       4098 |       0 |    0 |  2020 |      0 |      0 |    0 |          0 |
|     MAC_LANES[0].multip                     |                                  Multip_433 |          3 |          3 |       0 |    0 |     0 |      0 |      0 |    0 |          1 |
|     MAC_LANES[1].multip                     |                                  Multip_434 |        126 |        126 |       0 |    0 |     0 |      0 |      0 |    0 |          1 |
|     MAC_LANES[2].multip                     |                                  Multip_435 |         29 |         29 |       0 |    0 |     0 |      0 |      0 |    0 |          1 |
|     MAC_LANES[3].multip                     |                                  Multip_436 |          0 |          0 |       0 |    0 |     0 |      0 |      0 |    0 |          1 |
|     MAC_LANES[4].multip                     |                                  Multip_437 |        182 |        182 |       0 |    0 |     0 |      0 |      0 |    0 |          1 |
|     MAC_LANES[5].multip                     |                                  Multip_438 |        172 |        172 |       0 |    0 |     0 |      0 |      0 |    0 |          1 |
|     MAC_LANES[6].multip                     |                                  Multip_439 |          2 |          2 |       0 |    0 |     0 |      0 |      0 |    0 |          1 |
|     MAC_LANES[7].multip                     |                                  Multip_440 |        149 |        149 |       0 |    0 |     0 |      0 |      0 |    0 |          1 |
|     WEIGHT_TRANSFORM_ROWS[1].weight_trf_row | WeightTransformRowConst__parameterized0_441 |        198 |        198 |       0 |    0 |     0 |      0 |      0 |    0 |          0 |
|     WEIGHT_TRANSFORM_ROWS[2].weight_trf_row | WeightTransformRowConst__parameterized1_442 |        795 |        795 |       0 |    0 |     0 |      0 |      0 |    0 |          0 |
|     WEIGHT_TRANSFORM_ROWS[4].weight_trf_row | WeightTransformRowConst__parameterized3_443 |        269 |        269 |       0 |    0 |     0 |      0 |      0 |    0 |          0 |
|     WEIGHT_TRANSFORM_ROWS[5].weight_trf_row | WeightTransformRowConst__parameterized4_444 |        566 |        566 |       0 |    0 |     0 |      0 |      0 |    0 |          0 |
|     WEIGHT_TRANSFORM_ROWS[6].weight_trf_row | WeightTransformRowConst__parameterized5_445 |         75 |         75 |       0 |    0 |     0 |      0 |      0 |    0 |          0 |
|     WEIGHT_TRANSFORM_ROWS[7].weight_trf_row | WeightTransformRowConst__parameterized6_446 |        120 |        120 |       0 |    0 |     0 |      0 |      0 |    0 |          0 |
|   CORES[12].core_inst                       |                                      Conv_2 |       6778 |       6778 |       0 |    0 |  2020 |      0 |      0 |    0 |          8 |
|     (CORES[12].core_inst)                   |                                      Conv_2 |       4098 |       4098 |       0 |    0 |  2020 |      0 |      0 |    0 |          0 |
|     MAC_LANES[0].multip                     |                                  Multip_419 |          3 |          3 |       0 |    0 |     0 |      0 |      0 |    0 |          1 |
|     MAC_LANES[1].multip                     |                                  Multip_420 |        126 |        126 |       0 |    0 |     0 |      0 |      0 |    0 |          1 |
|     MAC_LANES[2].multip                     |                                  Multip_421 |         29 |         29 |       0 |    0 |     0 |      0 |      0 |    0 |          1 |
|     MAC_LANES[3].multip                     |                                  Multip_422 |          0 |          0 |       0 |    0 |     0 |      0 |      0 |    0 |          1 |
|     MAC_LANES[4].multip                     |                                  Multip_423 |        182 |        182 |       0 |    0 |     0 |      0 |      0 |    0 |          1 |
|     MAC_LANES[5].multip                     |                                  Multip_424 |        172 |        172 |       0 |    0 |     0 |      0 |      0 |    0 |          1 |
|     MAC_LANES[6].multip                     |                                  Multip_425 |          2 |          2 |       0 |    0 |     0 |      0 |      0 |    0 |          1 |
|     MAC_LANES[7].multip                     |                                  Multip_426 |        149 |        149 |       0 |    0 |     0 |      0 |      0 |    0 |          1 |
|     WEIGHT_TRANSFORM_ROWS[1].weight_trf_row | WeightTransformRowConst__parameterized0_427 |        198 |        198 |       0 |    0 |     0 |      0 |      0 |    0 |          0 |
|     WEIGHT_TRANSFORM_ROWS[2].weight_trf_row | WeightTransformRowConst__parameterized1_428 |        795 |        795 |       0 |    0 |     0 |      0 |      0 |    0 |          0 |
|     WEIGHT_TRANSFORM_ROWS[4].weight_trf_row | WeightTransformRowConst__parameterized3_429 |        269 |        269 |       0 |    0 |     0 |      0 |      0 |    0 |          0 |
|     WEIGHT_TRANSFORM_ROWS[5].weight_trf_row | WeightTransformRowConst__parameterized4_430 |        566 |        566 |       0 |    0 |     0 |      0 |      0 |    0 |          0 |
|     WEIGHT_TRANSFORM_ROWS[6].weight_trf_row | WeightTransformRowConst__parameterized5_431 |         75 |         75 |       0 |    0 |     0 |      0 |      0 |    0 |          0 |
|     WEIGHT_TRANSFORM_ROWS[7].weight_trf_row | WeightTransformRowConst__parameterized6_432 |        120 |        120 |       0 |    0 |     0 |      0 |      0 |    0 |          0 |
|   CORES[13].core_inst                       |                                      Conv_3 |       6778 |       6778 |       0 |    0 |  2020 |      0 |      0 |    0 |          8 |
|     (CORES[13].core_inst)                   |                                      Conv_3 |       4098 |       4098 |       0 |    0 |  2020 |      0 |      0 |    0 |          0 |
|     MAC_LANES[0].multip                     |                                  Multip_405 |          3 |          3 |       0 |    0 |     0 |      0 |      0 |    0 |          1 |
|     MAC_LANES[1].multip                     |                                  Multip_406 |        126 |        126 |       0 |    0 |     0 |      0 |      0 |    0 |          1 |
|     MAC_LANES[2].multip                     |                                  Multip_407 |         29 |         29 |       0 |    0 |     0 |      0 |      0 |    0 |          1 |
|     MAC_LANES[3].multip                     |                                  Multip_408 |          0 |          0 |       0 |    0 |     0 |      0 |      0 |    0 |          1 |
|     MAC_LANES[4].multip                     |                                  Multip_409 |        182 |        182 |       0 |    0 |     0 |      0 |      0 |    0 |          1 |
|     MAC_LANES[5].multip                     |                                  Multip_410 |        172 |        172 |       0 |    0 |     0 |      0 |      0 |    0 |          1 |
|     MAC_LANES[6].multip                     |                                  Multip_411 |          2 |          2 |       0 |    0 |     0 |      0 |      0 |    0 |          1 |
|     MAC_LANES[7].multip                     |                                  Multip_412 |        149 |        149 |       0 |    0 |     0 |      0 |      0 |    0 |          1 |
|     WEIGHT_TRANSFORM_ROWS[1].weight_trf_row | WeightTransformRowConst__parameterized0_413 |        198 |        198 |       0 |    0 |     0 |      0 |      0 |    0 |          0 |
|     WEIGHT_TRANSFORM_ROWS[2].weight_trf_row | WeightTransformRowConst__parameterized1_414 |        795 |        795 |       0 |    0 |     0 |      0 |      0 |    0 |          0 |
|     WEIGHT_TRANSFORM_ROWS[4].weight_trf_row | WeightTransformRowConst__parameterized3_415 |        269 |        269 |       0 |    0 |     0 |      0 |      0 |    0 |          0 |
|     WEIGHT_TRANSFORM_ROWS[5].weight_trf_row | WeightTransformRowConst__parameterized4_416 |        566 |        566 |       0 |    0 |     0 |      0 |      0 |    0 |          0 |
|     WEIGHT_TRANSFORM_ROWS[6].weight_trf_row | WeightTransformRowConst__parameterized5_417 |         75 |         75 |       0 |    0 |     0 |      0 |      0 |    0 |          0 |
|     WEIGHT_TRANSFORM_ROWS[7].weight_trf_row | WeightTransformRowConst__parameterized6_418 |        120 |        120 |       0 |    0 |     0 |      0 |      0 |    0 |          0 |
|   CORES[14].core_inst                       |                                      Conv_4 |       6778 |       6778 |       0 |    0 |  2020 |      0 |      0 |    0 |          8 |
|     (CORES[14].core_inst)                   |                                      Conv_4 |       4098 |       4098 |       0 |    0 |  2020 |      0 |      0 |    0 |          0 |
|     MAC_LANES[0].multip                     |                                  Multip_391 |          3 |          3 |       0 |    0 |     0 |      0 |      0 |    0 |          1 |
|     MAC_LANES[1].multip                     |                                  Multip_392 |        126 |        126 |       0 |    0 |     0 |      0 |      0 |    0 |          1 |
|     MAC_LANES[2].multip                     |                                  Multip_393 |         29 |         29 |       0 |    0 |     0 |      0 |      0 |    0 |          1 |
|     MAC_LANES[3].multip                     |                                  Multip_394 |          0 |          0 |       0 |    0 |     0 |      0 |      0 |    0 |          1 |
|     MAC_LANES[4].multip                     |                                  Multip_395 |        182 |        182 |       0 |    0 |     0 |      0 |      0 |    0 |          1 |
|     MAC_LANES[5].multip                     |                                  Multip_396 |        172 |        172 |       0 |    0 |     0 |      0 |      0 |    0 |          1 |
|     MAC_LANES[6].multip                     |                                  Multip_397 |          2 |          2 |       0 |    0 |     0 |      0 |      0 |    0 |          1 |
|     MAC_LANES[7].multip                     |                                  Multip_398 |        149 |        149 |       0 |    0 |     0 |      0 |      0 |    0 |          1 |
|     WEIGHT_TRANSFORM_ROWS[1].weight_trf_row | WeightTransformRowConst__parameterized0_399 |        198 |        198 |       0 |    0 |     0 |      0 |      0 |    0 |          0 |
|     WEIGHT_TRANSFORM_ROWS[2].weight_trf_row | WeightTransformRowConst__parameterized1_400 |        795 |        795 |       0 |    0 |     0 |      0 |      0 |    0 |          0 |
|     WEIGHT_TRANSFORM_ROWS[4].weight_trf_row | WeightTransformRowConst__parameterized3_401 |        269 |        269 |       0 |    0 |     0 |      0 |      0 |    0 |          0 |
|     WEIGHT_TRANSFORM_ROWS[5].weight_trf_row | WeightTransformRowConst__parameterized4_402 |        566 |        566 |       0 |    0 |     0 |      0 |      0 |    0 |          0 |
|     WEIGHT_TRANSFORM_ROWS[6].weight_trf_row | WeightTransformRowConst__parameterized5_403 |         75 |         75 |       0 |    0 |     0 |      0 |      0 |    0 |          0 |
|     WEIGHT_TRANSFORM_ROWS[7].weight_trf_row | WeightTransformRowConst__parameterized6_404 |        120 |        120 |       0 |    0 |     0 |      0 |      0 |    0 |          0 |
|   CORES[15].core_inst                       |                                      Conv_5 |       6778 |       6778 |       0 |    0 |  2020 |      0 |      0 |    0 |          8 |
|     (CORES[15].core_inst)                   |                                      Conv_5 |       4098 |       4098 |       0 |    0 |  2020 |      0 |      0 |    0 |          0 |
|     MAC_LANES[0].multip                     |                                  Multip_377 |          3 |          3 |       0 |    0 |     0 |      0 |      0 |    0 |          1 |
|     MAC_LANES[1].multip                     |                                  Multip_378 |        126 |        126 |       0 |    0 |     0 |      0 |      0 |    0 |          1 |
|     MAC_LANES[2].multip                     |                                  Multip_379 |         29 |         29 |       0 |    0 |     0 |      0 |      0 |    0 |          1 |
|     MAC_LANES[3].multip                     |                                  Multip_380 |          0 |          0 |       0 |    0 |     0 |      0 |      0 |    0 |          1 |
|     MAC_LANES[4].multip                     |                                  Multip_381 |        182 |        182 |       0 |    0 |     0 |      0 |      0 |    0 |          1 |
|     MAC_LANES[5].multip                     |                                  Multip_382 |        172 |        172 |       0 |    0 |     0 |      0 |      0 |    0 |          1 |
|     MAC_LANES[6].multip                     |                                  Multip_383 |          2 |          2 |       0 |    0 |     0 |      0 |      0 |    0 |          1 |
|     MAC_LANES[7].multip                     |                                  Multip_384 |        149 |        149 |       0 |    0 |     0 |      0 |      0 |    0 |          1 |
|     WEIGHT_TRANSFORM_ROWS[1].weight_trf_row | WeightTransformRowConst__parameterized0_385 |        198 |        198 |       0 |    0 |     0 |      0 |      0 |    0 |          0 |
|     WEIGHT_TRANSFORM_ROWS[2].weight_trf_row | WeightTransformRowConst__parameterized1_386 |        795 |        795 |       0 |    0 |     0 |      0 |      0 |    0 |          0 |
|     WEIGHT_TRANSFORM_ROWS[4].weight_trf_row | WeightTransformRowConst__parameterized3_387 |        269 |        269 |       0 |    0 |     0 |      0 |      0 |    0 |          0 |
|     WEIGHT_TRANSFORM_ROWS[5].weight_trf_row | WeightTransformRowConst__parameterized4_388 |        566 |        566 |       0 |    0 |     0 |      0 |      0 |    0 |          0 |
|     WEIGHT_TRANSFORM_ROWS[6].weight_trf_row | WeightTransformRowConst__parameterized5_389 |         75 |         75 |       0 |    0 |     0 |      0 |      0 |    0 |          0 |
|     WEIGHT_TRANSFORM_ROWS[7].weight_trf_row | WeightTransformRowConst__parameterized6_390 |        120 |        120 |       0 |    0 |     0 |      0 |      0 |    0 |          0 |
|   CORES[16].core_inst                       |                                      Conv_6 |       6778 |       6778 |       0 |    0 |  2020 |      0 |      0 |    0 |          8 |
|     (CORES[16].core_inst)                   |                                      Conv_6 |       4098 |       4098 |       0 |    0 |  2020 |      0 |      0 |    0 |          0 |
|     MAC_LANES[0].multip                     |                                  Multip_363 |          3 |          3 |       0 |    0 |     0 |      0 |      0 |    0 |          1 |
|     MAC_LANES[1].multip                     |                                  Multip_364 |        126 |        126 |       0 |    0 |     0 |      0 |      0 |    0 |          1 |
|     MAC_LANES[2].multip                     |                                  Multip_365 |         29 |         29 |       0 |    0 |     0 |      0 |      0 |    0 |          1 |
|     MAC_LANES[3].multip                     |                                  Multip_366 |          0 |          0 |       0 |    0 |     0 |      0 |      0 |    0 |          1 |
|     MAC_LANES[4].multip                     |                                  Multip_367 |        182 |        182 |       0 |    0 |     0 |      0 |      0 |    0 |          1 |
|     MAC_LANES[5].multip                     |                                  Multip_368 |        172 |        172 |       0 |    0 |     0 |      0 |      0 |    0 |          1 |
|     MAC_LANES[6].multip                     |                                  Multip_369 |          2 |          2 |       0 |    0 |     0 |      0 |      0 |    0 |          1 |
|     MAC_LANES[7].multip                     |                                  Multip_370 |        149 |        149 |       0 |    0 |     0 |      0 |      0 |    0 |          1 |
|     WEIGHT_TRANSFORM_ROWS[1].weight_trf_row | WeightTransformRowConst__parameterized0_371 |        198 |        198 |       0 |    0 |     0 |      0 |      0 |    0 |          0 |
|     WEIGHT_TRANSFORM_ROWS[2].weight_trf_row | WeightTransformRowConst__parameterized1_372 |        795 |        795 |       0 |    0 |     0 |      0 |      0 |    0 |          0 |
|     WEIGHT_TRANSFORM_ROWS[4].weight_trf_row | WeightTransformRowConst__parameterized3_373 |        269 |        269 |       0 |    0 |     0 |      0 |      0 |    0 |          0 |
|     WEIGHT_TRANSFORM_ROWS[5].weight_trf_row | WeightTransformRowConst__parameterized4_374 |        566 |        566 |       0 |    0 |     0 |      0 |      0 |    0 |          0 |
|     WEIGHT_TRANSFORM_ROWS[6].weight_trf_row | WeightTransformRowConst__parameterized5_375 |         75 |         75 |       0 |    0 |     0 |      0 |      0 |    0 |          0 |
|     WEIGHT_TRANSFORM_ROWS[7].weight_trf_row | WeightTransformRowConst__parameterized6_376 |        120 |        120 |       0 |    0 |     0 |      0 |      0 |    0 |          0 |
|   CORES[17].core_inst                       |                                      Conv_7 |       6778 |       6778 |       0 |    0 |  2020 |      0 |      0 |    0 |          8 |
|     (CORES[17].core_inst)                   |                                      Conv_7 |       4098 |       4098 |       0 |    0 |  2020 |      0 |      0 |    0 |          0 |
|     MAC_LANES[0].multip                     |                                  Multip_349 |          3 |          3 |       0 |    0 |     0 |      0 |      0 |    0 |          1 |
|     MAC_LANES[1].multip                     |                                  Multip_350 |        126 |        126 |       0 |    0 |     0 |      0 |      0 |    0 |          1 |
|     MAC_LANES[2].multip                     |                                  Multip_351 |         29 |         29 |       0 |    0 |     0 |      0 |      0 |    0 |          1 |
|     MAC_LANES[3].multip                     |                                  Multip_352 |          0 |          0 |       0 |    0 |     0 |      0 |      0 |    0 |          1 |
|     MAC_LANES[4].multip                     |                                  Multip_353 |        182 |        182 |       0 |    0 |     0 |      0 |      0 |    0 |          1 |
|     MAC_LANES[5].multip                     |                                  Multip_354 |        172 |        172 |       0 |    0 |     0 |      0 |      0 |    0 |          1 |
|     MAC_LANES[6].multip                     |                                  Multip_355 |          2 |          2 |       0 |    0 |     0 |      0 |      0 |    0 |          1 |
|     MAC_LANES[7].multip                     |                                  Multip_356 |        149 |        149 |       0 |    0 |     0 |      0 |      0 |    0 |          1 |
|     WEIGHT_TRANSFORM_ROWS[1].weight_trf_row | WeightTransformRowConst__parameterized0_357 |        198 |        198 |       0 |    0 |     0 |      0 |      0 |    0 |          0 |
|     WEIGHT_TRANSFORM_ROWS[2].weight_trf_row | WeightTransformRowConst__parameterized1_358 |        795 |        795 |       0 |    0 |     0 |      0 |      0 |    0 |          0 |
|     WEIGHT_TRANSFORM_ROWS[4].weight_trf_row | WeightTransformRowConst__parameterized3_359 |        269 |        269 |       0 |    0 |     0 |      0 |      0 |    0 |          0 |
|     WEIGHT_TRANSFORM_ROWS[5].weight_trf_row | WeightTransformRowConst__parameterized4_360 |        566 |        566 |       0 |    0 |     0 |      0 |      0 |    0 |          0 |
|     WEIGHT_TRANSFORM_ROWS[6].weight_trf_row | WeightTransformRowConst__parameterized5_361 |         75 |         75 |       0 |    0 |     0 |      0 |      0 |    0 |          0 |
|     WEIGHT_TRANSFORM_ROWS[7].weight_trf_row | WeightTransformRowConst__parameterized6_362 |        120 |        120 |       0 |    0 |     0 |      0 |      0 |    0 |          0 |
|   CORES[18].core_inst                       |                                      Conv_8 |       6778 |       6778 |       0 |    0 |  2020 |      0 |      0 |    0 |          8 |
|     (CORES[18].core_inst)                   |                                      Conv_8 |       4098 |       4098 |       0 |    0 |  2020 |      0 |      0 |    0 |          0 |
|     MAC_LANES[0].multip                     |                                  Multip_335 |          3 |          3 |       0 |    0 |     0 |      0 |      0 |    0 |          1 |
|     MAC_LANES[1].multip                     |                                  Multip_336 |        126 |        126 |       0 |    0 |     0 |      0 |      0 |    0 |          1 |
|     MAC_LANES[2].multip                     |                                  Multip_337 |         29 |         29 |       0 |    0 |     0 |      0 |      0 |    0 |          1 |
|     MAC_LANES[3].multip                     |                                  Multip_338 |          0 |          0 |       0 |    0 |     0 |      0 |      0 |    0 |          1 |
|     MAC_LANES[4].multip                     |                                  Multip_339 |        182 |        182 |       0 |    0 |     0 |      0 |      0 |    0 |          1 |
|     MAC_LANES[5].multip                     |                                  Multip_340 |        172 |        172 |       0 |    0 |     0 |      0 |      0 |    0 |          1 |
|     MAC_LANES[6].multip                     |                                  Multip_341 |          2 |          2 |       0 |    0 |     0 |      0 |      0 |    0 |          1 |
|     MAC_LANES[7].multip                     |                                  Multip_342 |        149 |        149 |       0 |    0 |     0 |      0 |      0 |    0 |          1 |
|     WEIGHT_TRANSFORM_ROWS[1].weight_trf_row | WeightTransformRowConst__parameterized0_343 |        198 |        198 |       0 |    0 |     0 |      0 |      0 |    0 |          0 |
|     WEIGHT_TRANSFORM_ROWS[2].weight_trf_row | WeightTransformRowConst__parameterized1_344 |        795 |        795 |       0 |    0 |     0 |      0 |      0 |    0 |          0 |
|     WEIGHT_TRANSFORM_ROWS[4].weight_trf_row | WeightTransformRowConst__parameterized3_345 |        269 |        269 |       0 |    0 |     0 |      0 |      0 |    0 |          0 |
|     WEIGHT_TRANSFORM_ROWS[5].weight_trf_row | WeightTransformRowConst__parameterized4_346 |        566 |        566 |       0 |    0 |     0 |      0 |      0 |    0 |          0 |
|     WEIGHT_TRANSFORM_ROWS[6].weight_trf_row | WeightTransformRowConst__parameterized5_347 |         75 |         75 |       0 |    0 |     0 |      0 |      0 |    0 |          0 |
|     WEIGHT_TRANSFORM_ROWS[7].weight_trf_row | WeightTransformRowConst__parameterized6_348 |        120 |        120 |       0 |    0 |     0 |      0 |      0 |    0 |          0 |
|   CORES[19].core_inst                       |                                      Conv_9 |       6778 |       6778 |       0 |    0 |  2020 |      0 |      0 |    0 |          8 |
|     (CORES[19].core_inst)                   |                                      Conv_9 |       4098 |       4098 |       0 |    0 |  2020 |      0 |      0 |    0 |          0 |
|     MAC_LANES[0].multip                     |                                  Multip_321 |          3 |          3 |       0 |    0 |     0 |      0 |      0 |    0 |          1 |
|     MAC_LANES[1].multip                     |                                  Multip_322 |        126 |        126 |       0 |    0 |     0 |      0 |      0 |    0 |          1 |
|     MAC_LANES[2].multip                     |                                  Multip_323 |         29 |         29 |       0 |    0 |     0 |      0 |      0 |    0 |          1 |
|     MAC_LANES[3].multip                     |                                  Multip_324 |          0 |          0 |       0 |    0 |     0 |      0 |      0 |    0 |          1 |
|     MAC_LANES[4].multip                     |                                  Multip_325 |        182 |        182 |       0 |    0 |     0 |      0 |      0 |    0 |          1 |
|     MAC_LANES[5].multip                     |                                  Multip_326 |        172 |        172 |       0 |    0 |     0 |      0 |      0 |    0 |          1 |
|     MAC_LANES[6].multip                     |                                  Multip_327 |          2 |          2 |       0 |    0 |     0 |      0 |      0 |    0 |          1 |
|     MAC_LANES[7].multip                     |                                  Multip_328 |        149 |        149 |       0 |    0 |     0 |      0 |      0 |    0 |          1 |
|     WEIGHT_TRANSFORM_ROWS[1].weight_trf_row | WeightTransformRowConst__parameterized0_329 |        198 |        198 |       0 |    0 |     0 |      0 |      0 |    0 |          0 |
|     WEIGHT_TRANSFORM_ROWS[2].weight_trf_row | WeightTransformRowConst__parameterized1_330 |        795 |        795 |       0 |    0 |     0 |      0 |      0 |    0 |          0 |
|     WEIGHT_TRANSFORM_ROWS[4].weight_trf_row | WeightTransformRowConst__parameterized3_331 |        269 |        269 |       0 |    0 |     0 |      0 |      0 |    0 |          0 |
|     WEIGHT_TRANSFORM_ROWS[5].weight_trf_row | WeightTransformRowConst__parameterized4_332 |        566 |        566 |       0 |    0 |     0 |      0 |      0 |    0 |          0 |
|     WEIGHT_TRANSFORM_ROWS[6].weight_trf_row | WeightTransformRowConst__parameterized5_333 |         75 |         75 |       0 |    0 |     0 |      0 |      0 |    0 |          0 |
|     WEIGHT_TRANSFORM_ROWS[7].weight_trf_row | WeightTransformRowConst__parameterized6_334 |        120 |        120 |       0 |    0 |     0 |      0 |      0 |    0 |          0 |
|   CORES[1].core_inst                        |                                     Conv_10 |       6778 |       6778 |       0 |    0 |  2020 |      0 |      0 |    0 |          8 |
|     (CORES[1].core_inst)                    |                                     Conv_10 |       4098 |       4098 |       0 |    0 |  2020 |      0 |      0 |    0 |          0 |
|     MAC_LANES[0].multip                     |                                  Multip_307 |          3 |          3 |       0 |    0 |     0 |      0 |      0 |    0 |          1 |
|     MAC_LANES[1].multip                     |                                  Multip_308 |        126 |        126 |       0 |    0 |     0 |      0 |      0 |    0 |          1 |
|     MAC_LANES[2].multip                     |                                  Multip_309 |         29 |         29 |       0 |    0 |     0 |      0 |      0 |    0 |          1 |
|     MAC_LANES[3].multip                     |                                  Multip_310 |          0 |          0 |       0 |    0 |     0 |      0 |      0 |    0 |          1 |
|     MAC_LANES[4].multip                     |                                  Multip_311 |        182 |        182 |       0 |    0 |     0 |      0 |      0 |    0 |          1 |
|     MAC_LANES[5].multip                     |                                  Multip_312 |        172 |        172 |       0 |    0 |     0 |      0 |      0 |    0 |          1 |
|     MAC_LANES[6].multip                     |                                  Multip_313 |          2 |          2 |       0 |    0 |     0 |      0 |      0 |    0 |          1 |
|     MAC_LANES[7].multip                     |                                  Multip_314 |        149 |        149 |       0 |    0 |     0 |      0 |      0 |    0 |          1 |
|     WEIGHT_TRANSFORM_ROWS[1].weight_trf_row | WeightTransformRowConst__parameterized0_315 |        198 |        198 |       0 |    0 |     0 |      0 |      0 |    0 |          0 |
|     WEIGHT_TRANSFORM_ROWS[2].weight_trf_row | WeightTransformRowConst__parameterized1_316 |        795 |        795 |       0 |    0 |     0 |      0 |      0 |    0 |          0 |
|     WEIGHT_TRANSFORM_ROWS[4].weight_trf_row | WeightTransformRowConst__parameterized3_317 |        269 |        269 |       0 |    0 |     0 |      0 |      0 |    0 |          0 |
|     WEIGHT_TRANSFORM_ROWS[5].weight_trf_row | WeightTransformRowConst__parameterized4_318 |        566 |        566 |       0 |    0 |     0 |      0 |      0 |    0 |          0 |
|     WEIGHT_TRANSFORM_ROWS[6].weight_trf_row | WeightTransformRowConst__parameterized5_319 |         75 |         75 |       0 |    0 |     0 |      0 |      0 |    0 |          0 |
|     WEIGHT_TRANSFORM_ROWS[7].weight_trf_row | WeightTransformRowConst__parameterized6_320 |        120 |        120 |       0 |    0 |     0 |      0 |      0 |    0 |          0 |
|   CORES[20].core_inst                       |                                     Conv_11 |       6778 |       6778 |       0 |    0 |  2020 |      0 |      0 |    0 |          8 |
|     (CORES[20].core_inst)                   |                                     Conv_11 |       4098 |       4098 |       0 |    0 |  2020 |      0 |      0 |    0 |          0 |
|     MAC_LANES[0].multip                     |                                  Multip_293 |          3 |          3 |       0 |    0 |     0 |      0 |      0 |    0 |          1 |
|     MAC_LANES[1].multip                     |                                  Multip_294 |        126 |        126 |       0 |    0 |     0 |      0 |      0 |    0 |          1 |
|     MAC_LANES[2].multip                     |                                  Multip_295 |         29 |         29 |       0 |    0 |     0 |      0 |      0 |    0 |          1 |
|     MAC_LANES[3].multip                     |                                  Multip_296 |          0 |          0 |       0 |    0 |     0 |      0 |      0 |    0 |          1 |
|     MAC_LANES[4].multip                     |                                  Multip_297 |        182 |        182 |       0 |    0 |     0 |      0 |      0 |    0 |          1 |
|     MAC_LANES[5].multip                     |                                  Multip_298 |        172 |        172 |       0 |    0 |     0 |      0 |      0 |    0 |          1 |
|     MAC_LANES[6].multip                     |                                  Multip_299 |          2 |          2 |       0 |    0 |     0 |      0 |      0 |    0 |          1 |
|     MAC_LANES[7].multip                     |                                  Multip_300 |        149 |        149 |       0 |    0 |     0 |      0 |      0 |    0 |          1 |
|     WEIGHT_TRANSFORM_ROWS[1].weight_trf_row | WeightTransformRowConst__parameterized0_301 |        198 |        198 |       0 |    0 |     0 |      0 |      0 |    0 |          0 |
|     WEIGHT_TRANSFORM_ROWS[2].weight_trf_row | WeightTransformRowConst__parameterized1_302 |        795 |        795 |       0 |    0 |     0 |      0 |      0 |    0 |          0 |
|     WEIGHT_TRANSFORM_ROWS[4].weight_trf_row | WeightTransformRowConst__parameterized3_303 |        269 |        269 |       0 |    0 |     0 |      0 |      0 |    0 |          0 |
|     WEIGHT_TRANSFORM_ROWS[5].weight_trf_row | WeightTransformRowConst__parameterized4_304 |        566 |        566 |       0 |    0 |     0 |      0 |      0 |    0 |          0 |
|     WEIGHT_TRANSFORM_ROWS[6].weight_trf_row | WeightTransformRowConst__parameterized5_305 |         75 |         75 |       0 |    0 |     0 |      0 |      0 |    0 |          0 |
|     WEIGHT_TRANSFORM_ROWS[7].weight_trf_row | WeightTransformRowConst__parameterized6_306 |        120 |        120 |       0 |    0 |     0 |      0 |      0 |    0 |          0 |
|   CORES[21].core_inst                       |                                     Conv_12 |       6778 |       6778 |       0 |    0 |  2020 |      0 |      0 |    0 |          8 |
|     (CORES[21].core_inst)                   |                                     Conv_12 |       4098 |       4098 |       0 |    0 |  2020 |      0 |      0 |    0 |          0 |
|     MAC_LANES[0].multip                     |                                  Multip_279 |          3 |          3 |       0 |    0 |     0 |      0 |      0 |    0 |          1 |
|     MAC_LANES[1].multip                     |                                  Multip_280 |        126 |        126 |       0 |    0 |     0 |      0 |      0 |    0 |          1 |
|     MAC_LANES[2].multip                     |                                  Multip_281 |         29 |         29 |       0 |    0 |     0 |      0 |      0 |    0 |          1 |
|     MAC_LANES[3].multip                     |                                  Multip_282 |          0 |          0 |       0 |    0 |     0 |      0 |      0 |    0 |          1 |
|     MAC_LANES[4].multip                     |                                  Multip_283 |        182 |        182 |       0 |    0 |     0 |      0 |      0 |    0 |          1 |
|     MAC_LANES[5].multip                     |                                  Multip_284 |        172 |        172 |       0 |    0 |     0 |      0 |      0 |    0 |          1 |
|     MAC_LANES[6].multip                     |                                  Multip_285 |          2 |          2 |       0 |    0 |     0 |      0 |      0 |    0 |          1 |
|     MAC_LANES[7].multip                     |                                  Multip_286 |        149 |        149 |       0 |    0 |     0 |      0 |      0 |    0 |          1 |
|     WEIGHT_TRANSFORM_ROWS[1].weight_trf_row | WeightTransformRowConst__parameterized0_287 |        198 |        198 |       0 |    0 |     0 |      0 |      0 |    0 |          0 |
|     WEIGHT_TRANSFORM_ROWS[2].weight_trf_row | WeightTransformRowConst__parameterized1_288 |        795 |        795 |       0 |    0 |     0 |      0 |      0 |    0 |          0 |
|     WEIGHT_TRANSFORM_ROWS[4].weight_trf_row | WeightTransformRowConst__parameterized3_289 |        269 |        269 |       0 |    0 |     0 |      0 |      0 |    0 |          0 |
|     WEIGHT_TRANSFORM_ROWS[5].weight_trf_row | WeightTransformRowConst__parameterized4_290 |        566 |        566 |       0 |    0 |     0 |      0 |      0 |    0 |          0 |
|     WEIGHT_TRANSFORM_ROWS[6].weight_trf_row | WeightTransformRowConst__parameterized5_291 |         75 |         75 |       0 |    0 |     0 |      0 |      0 |    0 |          0 |
|     WEIGHT_TRANSFORM_ROWS[7].weight_trf_row | WeightTransformRowConst__parameterized6_292 |        120 |        120 |       0 |    0 |     0 |      0 |      0 |    0 |          0 |
|   CORES[22].core_inst                       |                                     Conv_13 |       6778 |       6778 |       0 |    0 |  2020 |      0 |      0 |    0 |          8 |
|     (CORES[22].core_inst)                   |                                     Conv_13 |       4098 |       4098 |       0 |    0 |  2020 |      0 |      0 |    0 |          0 |
|     MAC_LANES[0].multip                     |                                  Multip_265 |          3 |          3 |       0 |    0 |     0 |      0 |      0 |    0 |          1 |
|     MAC_LANES[1].multip                     |                                  Multip_266 |        126 |        126 |       0 |    0 |     0 |      0 |      0 |    0 |          1 |
|     MAC_LANES[2].multip                     |                                  Multip_267 |         29 |         29 |       0 |    0 |     0 |      0 |      0 |    0 |          1 |
|     MAC_LANES[3].multip                     |                                  Multip_268 |          0 |          0 |       0 |    0 |     0 |      0 |      0 |    0 |          1 |
|     MAC_LANES[4].multip                     |                                  Multip_269 |        182 |        182 |       0 |    0 |     0 |      0 |      0 |    0 |          1 |
|     MAC_LANES[5].multip                     |                                  Multip_270 |        172 |        172 |       0 |    0 |     0 |      0 |      0 |    0 |          1 |
|     MAC_LANES[6].multip                     |                                  Multip_271 |          2 |          2 |       0 |    0 |     0 |      0 |      0 |    0 |          1 |
|     MAC_LANES[7].multip                     |                                  Multip_272 |        149 |        149 |       0 |    0 |     0 |      0 |      0 |    0 |          1 |
|     WEIGHT_TRANSFORM_ROWS[1].weight_trf_row | WeightTransformRowConst__parameterized0_273 |        198 |        198 |       0 |    0 |     0 |      0 |      0 |    0 |          0 |
|     WEIGHT_TRANSFORM_ROWS[2].weight_trf_row | WeightTransformRowConst__parameterized1_274 |        795 |        795 |       0 |    0 |     0 |      0 |      0 |    0 |          0 |
|     WEIGHT_TRANSFORM_ROWS[4].weight_trf_row | WeightTransformRowConst__parameterized3_275 |        269 |        269 |       0 |    0 |     0 |      0 |      0 |    0 |          0 |
|     WEIGHT_TRANSFORM_ROWS[5].weight_trf_row | WeightTransformRowConst__parameterized4_276 |        566 |        566 |       0 |    0 |     0 |      0 |      0 |    0 |          0 |
|     WEIGHT_TRANSFORM_ROWS[6].weight_trf_row | WeightTransformRowConst__parameterized5_277 |         75 |         75 |       0 |    0 |     0 |      0 |      0 |    0 |          0 |
|     WEIGHT_TRANSFORM_ROWS[7].weight_trf_row | WeightTransformRowConst__parameterized6_278 |        120 |        120 |       0 |    0 |     0 |      0 |      0 |    0 |          0 |
|   CORES[23].core_inst                       |                                     Conv_14 |       6778 |       6778 |       0 |    0 |  2020 |      0 |      0 |    0 |          8 |
|     (CORES[23].core_inst)                   |                                     Conv_14 |       4098 |       4098 |       0 |    0 |  2020 |      0 |      0 |    0 |          0 |
|     MAC_LANES[0].multip                     |                                  Multip_251 |          3 |          3 |       0 |    0 |     0 |      0 |      0 |    0 |          1 |
|     MAC_LANES[1].multip                     |                                  Multip_252 |        126 |        126 |       0 |    0 |     0 |      0 |      0 |    0 |          1 |
|     MAC_LANES[2].multip                     |                                  Multip_253 |         29 |         29 |       0 |    0 |     0 |      0 |      0 |    0 |          1 |
|     MAC_LANES[3].multip                     |                                  Multip_254 |          0 |          0 |       0 |    0 |     0 |      0 |      0 |    0 |          1 |
|     MAC_LANES[4].multip                     |                                  Multip_255 |        182 |        182 |       0 |    0 |     0 |      0 |      0 |    0 |          1 |
|     MAC_LANES[5].multip                     |                                  Multip_256 |        172 |        172 |       0 |    0 |     0 |      0 |      0 |    0 |          1 |
|     MAC_LANES[6].multip                     |                                  Multip_257 |          2 |          2 |       0 |    0 |     0 |      0 |      0 |    0 |          1 |
|     MAC_LANES[7].multip                     |                                  Multip_258 |        149 |        149 |       0 |    0 |     0 |      0 |      0 |    0 |          1 |
|     WEIGHT_TRANSFORM_ROWS[1].weight_trf_row | WeightTransformRowConst__parameterized0_259 |        198 |        198 |       0 |    0 |     0 |      0 |      0 |    0 |          0 |
|     WEIGHT_TRANSFORM_ROWS[2].weight_trf_row | WeightTransformRowConst__parameterized1_260 |        795 |        795 |       0 |    0 |     0 |      0 |      0 |    0 |          0 |
|     WEIGHT_TRANSFORM_ROWS[4].weight_trf_row | WeightTransformRowConst__parameterized3_261 |        269 |        269 |       0 |    0 |     0 |      0 |      0 |    0 |          0 |
|     WEIGHT_TRANSFORM_ROWS[5].weight_trf_row | WeightTransformRowConst__parameterized4_262 |        566 |        566 |       0 |    0 |     0 |      0 |      0 |    0 |          0 |
|     WEIGHT_TRANSFORM_ROWS[6].weight_trf_row | WeightTransformRowConst__parameterized5_263 |         75 |         75 |       0 |    0 |     0 |      0 |      0 |    0 |          0 |
|     WEIGHT_TRANSFORM_ROWS[7].weight_trf_row | WeightTransformRowConst__parameterized6_264 |        120 |        120 |       0 |    0 |     0 |      0 |      0 |    0 |          0 |
|   CORES[24].core_inst                       |                                     Conv_15 |       6778 |       6778 |       0 |    0 |  2020 |      0 |      0 |    0 |          8 |
|     (CORES[24].core_inst)                   |                                     Conv_15 |       4098 |       4098 |       0 |    0 |  2020 |      0 |      0 |    0 |          0 |
|     MAC_LANES[0].multip                     |                                  Multip_237 |          3 |          3 |       0 |    0 |     0 |      0 |      0 |    0 |          1 |
|     MAC_LANES[1].multip                     |                                  Multip_238 |        126 |        126 |       0 |    0 |     0 |      0 |      0 |    0 |          1 |
|     MAC_LANES[2].multip                     |                                  Multip_239 |         29 |         29 |       0 |    0 |     0 |      0 |      0 |    0 |          1 |
|     MAC_LANES[3].multip                     |                                  Multip_240 |          0 |          0 |       0 |    0 |     0 |      0 |      0 |    0 |          1 |
|     MAC_LANES[4].multip                     |                                  Multip_241 |        182 |        182 |       0 |    0 |     0 |      0 |      0 |    0 |          1 |
|     MAC_LANES[5].multip                     |                                  Multip_242 |        172 |        172 |       0 |    0 |     0 |      0 |      0 |    0 |          1 |
|     MAC_LANES[6].multip                     |                                  Multip_243 |          2 |          2 |       0 |    0 |     0 |      0 |      0 |    0 |          1 |
|     MAC_LANES[7].multip                     |                                  Multip_244 |        149 |        149 |       0 |    0 |     0 |      0 |      0 |    0 |          1 |
|     WEIGHT_TRANSFORM_ROWS[1].weight_trf_row | WeightTransformRowConst__parameterized0_245 |        198 |        198 |       0 |    0 |     0 |      0 |      0 |    0 |          0 |
|     WEIGHT_TRANSFORM_ROWS[2].weight_trf_row | WeightTransformRowConst__parameterized1_246 |        795 |        795 |       0 |    0 |     0 |      0 |      0 |    0 |          0 |
|     WEIGHT_TRANSFORM_ROWS[4].weight_trf_row | WeightTransformRowConst__parameterized3_247 |        269 |        269 |       0 |    0 |     0 |      0 |      0 |    0 |          0 |
|     WEIGHT_TRANSFORM_ROWS[5].weight_trf_row | WeightTransformRowConst__parameterized4_248 |        566 |        566 |       0 |    0 |     0 |      0 |      0 |    0 |          0 |
|     WEIGHT_TRANSFORM_ROWS[6].weight_trf_row | WeightTransformRowConst__parameterized5_249 |         75 |         75 |       0 |    0 |     0 |      0 |      0 |    0 |          0 |
|     WEIGHT_TRANSFORM_ROWS[7].weight_trf_row | WeightTransformRowConst__parameterized6_250 |        120 |        120 |       0 |    0 |     0 |      0 |      0 |    0 |          0 |
|   CORES[25].core_inst                       |                                     Conv_16 |       6778 |       6778 |       0 |    0 |  2020 |      0 |      0 |    0 |          8 |
|     (CORES[25].core_inst)                   |                                     Conv_16 |       4098 |       4098 |       0 |    0 |  2020 |      0 |      0 |    0 |          0 |
|     MAC_LANES[0].multip                     |                                  Multip_223 |          3 |          3 |       0 |    0 |     0 |      0 |      0 |    0 |          1 |
|     MAC_LANES[1].multip                     |                                  Multip_224 |        126 |        126 |       0 |    0 |     0 |      0 |      0 |    0 |          1 |
|     MAC_LANES[2].multip                     |                                  Multip_225 |         29 |         29 |       0 |    0 |     0 |      0 |      0 |    0 |          1 |
|     MAC_LANES[3].multip                     |                                  Multip_226 |          0 |          0 |       0 |    0 |     0 |      0 |      0 |    0 |          1 |
|     MAC_LANES[4].multip                     |                                  Multip_227 |        182 |        182 |       0 |    0 |     0 |      0 |      0 |    0 |          1 |
|     MAC_LANES[5].multip                     |                                  Multip_228 |        172 |        172 |       0 |    0 |     0 |      0 |      0 |    0 |          1 |
|     MAC_LANES[6].multip                     |                                  Multip_229 |          2 |          2 |       0 |    0 |     0 |      0 |      0 |    0 |          1 |
|     MAC_LANES[7].multip                     |                                  Multip_230 |        149 |        149 |       0 |    0 |     0 |      0 |      0 |    0 |          1 |
|     WEIGHT_TRANSFORM_ROWS[1].weight_trf_row | WeightTransformRowConst__parameterized0_231 |        198 |        198 |       0 |    0 |     0 |      0 |      0 |    0 |          0 |
|     WEIGHT_TRANSFORM_ROWS[2].weight_trf_row | WeightTransformRowConst__parameterized1_232 |        795 |        795 |       0 |    0 |     0 |      0 |      0 |    0 |          0 |
|     WEIGHT_TRANSFORM_ROWS[4].weight_trf_row | WeightTransformRowConst__parameterized3_233 |        269 |        269 |       0 |    0 |     0 |      0 |      0 |    0 |          0 |
|     WEIGHT_TRANSFORM_ROWS[5].weight_trf_row | WeightTransformRowConst__parameterized4_234 |        566 |        566 |       0 |    0 |     0 |      0 |      0 |    0 |          0 |
|     WEIGHT_TRANSFORM_ROWS[6].weight_trf_row | WeightTransformRowConst__parameterized5_235 |         75 |         75 |       0 |    0 |     0 |      0 |      0 |    0 |          0 |
|     WEIGHT_TRANSFORM_ROWS[7].weight_trf_row | WeightTransformRowConst__parameterized6_236 |        120 |        120 |       0 |    0 |     0 |      0 |      0 |    0 |          0 |
|   CORES[26].core_inst                       |                                     Conv_17 |       6778 |       6778 |       0 |    0 |  2020 |      0 |      0 |    0 |          8 |
|     (CORES[26].core_inst)                   |                                     Conv_17 |       4098 |       4098 |       0 |    0 |  2020 |      0 |      0 |    0 |          0 |
|     MAC_LANES[0].multip                     |                                  Multip_209 |          3 |          3 |       0 |    0 |     0 |      0 |      0 |    0 |          1 |
|     MAC_LANES[1].multip                     |                                  Multip_210 |        126 |        126 |       0 |    0 |     0 |      0 |      0 |    0 |          1 |
|     MAC_LANES[2].multip                     |                                  Multip_211 |         29 |         29 |       0 |    0 |     0 |      0 |      0 |    0 |          1 |
|     MAC_LANES[3].multip                     |                                  Multip_212 |          0 |          0 |       0 |    0 |     0 |      0 |      0 |    0 |          1 |
|     MAC_LANES[4].multip                     |                                  Multip_213 |        182 |        182 |       0 |    0 |     0 |      0 |      0 |    0 |          1 |
|     MAC_LANES[5].multip                     |                                  Multip_214 |        172 |        172 |       0 |    0 |     0 |      0 |      0 |    0 |          1 |
|     MAC_LANES[6].multip                     |                                  Multip_215 |          2 |          2 |       0 |    0 |     0 |      0 |      0 |    0 |          1 |
|     MAC_LANES[7].multip                     |                                  Multip_216 |        149 |        149 |       0 |    0 |     0 |      0 |      0 |    0 |          1 |
|     WEIGHT_TRANSFORM_ROWS[1].weight_trf_row | WeightTransformRowConst__parameterized0_217 |        198 |        198 |       0 |    0 |     0 |      0 |      0 |    0 |          0 |
|     WEIGHT_TRANSFORM_ROWS[2].weight_trf_row | WeightTransformRowConst__parameterized1_218 |        795 |        795 |       0 |    0 |     0 |      0 |      0 |    0 |          0 |
|     WEIGHT_TRANSFORM_ROWS[4].weight_trf_row | WeightTransformRowConst__parameterized3_219 |        269 |        269 |       0 |    0 |     0 |      0 |      0 |    0 |          0 |
|     WEIGHT_TRANSFORM_ROWS[5].weight_trf_row | WeightTransformRowConst__parameterized4_220 |        566 |        566 |       0 |    0 |     0 |      0 |      0 |    0 |          0 |
|     WEIGHT_TRANSFORM_ROWS[6].weight_trf_row | WeightTransformRowConst__parameterized5_221 |         75 |         75 |       0 |    0 |     0 |      0 |      0 |    0 |          0 |
|     WEIGHT_TRANSFORM_ROWS[7].weight_trf_row | WeightTransformRowConst__parameterized6_222 |        120 |        120 |       0 |    0 |     0 |      0 |      0 |    0 |          0 |
|   CORES[27].core_inst                       |                                     Conv_18 |       6778 |       6778 |       0 |    0 |  2020 |      0 |      0 |    0 |          8 |
|     (CORES[27].core_inst)                   |                                     Conv_18 |       4098 |       4098 |       0 |    0 |  2020 |      0 |      0 |    0 |          0 |
|     MAC_LANES[0].multip                     |                                  Multip_195 |          3 |          3 |       0 |    0 |     0 |      0 |      0 |    0 |          1 |
|     MAC_LANES[1].multip                     |                                  Multip_196 |        126 |        126 |       0 |    0 |     0 |      0 |      0 |    0 |          1 |
|     MAC_LANES[2].multip                     |                                  Multip_197 |         29 |         29 |       0 |    0 |     0 |      0 |      0 |    0 |          1 |
|     MAC_LANES[3].multip                     |                                  Multip_198 |          0 |          0 |       0 |    0 |     0 |      0 |      0 |    0 |          1 |
|     MAC_LANES[4].multip                     |                                  Multip_199 |        182 |        182 |       0 |    0 |     0 |      0 |      0 |    0 |          1 |
|     MAC_LANES[5].multip                     |                                  Multip_200 |        172 |        172 |       0 |    0 |     0 |      0 |      0 |    0 |          1 |
|     MAC_LANES[6].multip                     |                                  Multip_201 |          2 |          2 |       0 |    0 |     0 |      0 |      0 |    0 |          1 |
|     MAC_LANES[7].multip                     |                                  Multip_202 |        149 |        149 |       0 |    0 |     0 |      0 |      0 |    0 |          1 |
|     WEIGHT_TRANSFORM_ROWS[1].weight_trf_row | WeightTransformRowConst__parameterized0_203 |        198 |        198 |       0 |    0 |     0 |      0 |      0 |    0 |          0 |
|     WEIGHT_TRANSFORM_ROWS[2].weight_trf_row | WeightTransformRowConst__parameterized1_204 |        795 |        795 |       0 |    0 |     0 |      0 |      0 |    0 |          0 |
|     WEIGHT_TRANSFORM_ROWS[4].weight_trf_row | WeightTransformRowConst__parameterized3_205 |        269 |        269 |       0 |    0 |     0 |      0 |      0 |    0 |          0 |
|     WEIGHT_TRANSFORM_ROWS[5].weight_trf_row | WeightTransformRowConst__parameterized4_206 |        566 |        566 |       0 |    0 |     0 |      0 |      0 |    0 |          0 |
|     WEIGHT_TRANSFORM_ROWS[6].weight_trf_row | WeightTransformRowConst__parameterized5_207 |         75 |         75 |       0 |    0 |     0 |      0 |      0 |    0 |          0 |
|     WEIGHT_TRANSFORM_ROWS[7].weight_trf_row | WeightTransformRowConst__parameterized6_208 |        120 |        120 |       0 |    0 |     0 |      0 |      0 |    0 |          0 |
|   CORES[28].core_inst                       |                                     Conv_19 |       6711 |       6711 |       0 |    0 |  2024 |      0 |      0 |    0 |          8 |
|     (CORES[28].core_inst)                   |                                     Conv_19 |       4014 |       4014 |       0 |    0 |  2024 |      0 |      0 |    0 |          0 |
|     MAC_LANES[0].multip                     |                                  Multip_178 |          4 |          4 |       0 |    0 |     0 |      0 |      0 |    0 |          1 |
|     MAC_LANES[1].multip                     |                                  Multip_179 |         70 |         70 |       0 |    0 |     0 |      0 |      0 |    0 |          1 |
|     MAC_LANES[2].multip                     |                                  Multip_180 |         27 |         27 |       0 |    0 |     0 |      0 |      0 |    0 |          1 |
|     MAC_LANES[3].multip                     |                                  Multip_181 |          0 |          0 |       0 |    0 |     0 |      0 |      0 |    0 |          1 |
|     MAC_LANES[4].multip                     |                                  Multip_182 |        110 |        110 |       0 |    0 |     0 |      0 |      0 |    0 |          1 |
|     MAC_LANES[5].multip                     |                                  Multip_183 |        116 |        116 |       0 |    0 |     0 |      0 |      0 |    0 |          1 |
|     MAC_LANES[6].multip                     |                                  Multip_184 |          2 |          2 |       0 |    0 |     0 |      0 |      0 |    0 |          1 |
|     MAC_LANES[7].multip                     |                                  Multip_185 |         92 |         92 |       0 |    0 |     0 |      0 |      0 |    0 |          1 |
|     WEIGHT_TRANSFORM_ROWS[0].weight_trf_row |                 WeightTransformRowConst_186 |         83 |         83 |       0 |    0 |     0 |      0 |      0 |    0 |          0 |
|     WEIGHT_TRANSFORM_ROWS[1].weight_trf_row | WeightTransformRowConst__parameterized0_187 |        186 |        186 |       0 |    0 |     0 |      0 |      0 |    0 |          0 |
|     WEIGHT_TRANSFORM_ROWS[2].weight_trf_row | WeightTransformRowConst__parameterized1_188 |        765 |        765 |       0 |    0 |     0 |      0 |      0 |    0 |          0 |
|     WEIGHT_TRANSFORM_ROWS[4].weight_trf_row | WeightTransformRowConst__parameterized3_189 |        265 |        265 |       0 |    0 |     0 |      0 |      0 |    0 |          0 |
|     WEIGHT_TRANSFORM_ROWS[5].weight_trf_row | WeightTransformRowConst__parameterized4_190 |        541 |        541 |       0 |    0 |     0 |      0 |      0 |    0 |          0 |
|     WEIGHT_TRANSFORM_ROWS[6].weight_trf_row | WeightTransformRowConst__parameterized5_191 |         75 |         75 |       0 |    0 |     0 |      0 |      0 |    0 |          0 |
|     WEIGHT_TRANSFORM_ROWS[7].weight_trf_row | WeightTransformRowConst__parameterized6_192 |        120 |        120 |       0 |    0 |     0 |      0 |      0 |    0 |          0 |
|     inverse_row_acc                         |                    InverseRowAccumulate_193 |        101 |        101 |       0 |    0 |     0 |      0 |      0 |    0 |          0 |
|     inverse_row_current                     |                              InverseRow_194 |        146 |        146 |       0 |    0 |     0 |      0 |      0 |    0 |          0 |
|   CORES[29].core_inst                       |                                     Conv_20 |       6778 |       6778 |       0 |    0 |  2020 |      0 |      0 |    0 |          8 |
|     (CORES[29].core_inst)                   |                                     Conv_20 |       4098 |       4098 |       0 |    0 |  2020 |      0 |      0 |    0 |          0 |
|     MAC_LANES[0].multip                     |                                  Multip_164 |          3 |          3 |       0 |    0 |     0 |      0 |      0 |    0 |          1 |
|     MAC_LANES[1].multip                     |                                  Multip_165 |        126 |        126 |       0 |    0 |     0 |      0 |      0 |    0 |          1 |
|     MAC_LANES[2].multip                     |                                  Multip_166 |         29 |         29 |       0 |    0 |     0 |      0 |      0 |    0 |          1 |
|     MAC_LANES[3].multip                     |                                  Multip_167 |          0 |          0 |       0 |    0 |     0 |      0 |      0 |    0 |          1 |
|     MAC_LANES[4].multip                     |                                  Multip_168 |        182 |        182 |       0 |    0 |     0 |      0 |      0 |    0 |          1 |
|     MAC_LANES[5].multip                     |                                  Multip_169 |        172 |        172 |       0 |    0 |     0 |      0 |      0 |    0 |          1 |
|     MAC_LANES[6].multip                     |                                  Multip_170 |          2 |          2 |       0 |    0 |     0 |      0 |      0 |    0 |          1 |
|     MAC_LANES[7].multip                     |                                  Multip_171 |        149 |        149 |       0 |    0 |     0 |      0 |      0 |    0 |          1 |
|     WEIGHT_TRANSFORM_ROWS[1].weight_trf_row | WeightTransformRowConst__parameterized0_172 |        198 |        198 |       0 |    0 |     0 |      0 |      0 |    0 |          0 |
|     WEIGHT_TRANSFORM_ROWS[2].weight_trf_row | WeightTransformRowConst__parameterized1_173 |        795 |        795 |       0 |    0 |     0 |      0 |      0 |    0 |          0 |
|     WEIGHT_TRANSFORM_ROWS[4].weight_trf_row | WeightTransformRowConst__parameterized3_174 |        269 |        269 |       0 |    0 |     0 |      0 |      0 |    0 |          0 |
|     WEIGHT_TRANSFORM_ROWS[5].weight_trf_row | WeightTransformRowConst__parameterized4_175 |        566 |        566 |       0 |    0 |     0 |      0 |      0 |    0 |          0 |
|     WEIGHT_TRANSFORM_ROWS[6].weight_trf_row | WeightTransformRowConst__parameterized5_176 |         75 |         75 |       0 |    0 |     0 |      0 |      0 |    0 |          0 |
|     WEIGHT_TRANSFORM_ROWS[7].weight_trf_row | WeightTransformRowConst__parameterized6_177 |        120 |        120 |       0 |    0 |     0 |      0 |      0 |    0 |          0 |
|   CORES[2].core_inst                        |                                     Conv_21 |       6778 |       6778 |       0 |    0 |  2020 |      0 |      0 |    0 |          8 |
|     (CORES[2].core_inst)                    |                                     Conv_21 |       4098 |       4098 |       0 |    0 |  2020 |      0 |      0 |    0 |          0 |
|     MAC_LANES[0].multip                     |                                  Multip_150 |          3 |          3 |       0 |    0 |     0 |      0 |      0 |    0 |          1 |
|     MAC_LANES[1].multip                     |                                  Multip_151 |        126 |        126 |       0 |    0 |     0 |      0 |      0 |    0 |          1 |
|     MAC_LANES[2].multip                     |                                  Multip_152 |         29 |         29 |       0 |    0 |     0 |      0 |      0 |    0 |          1 |
|     MAC_LANES[3].multip                     |                                  Multip_153 |          0 |          0 |       0 |    0 |     0 |      0 |      0 |    0 |          1 |
|     MAC_LANES[4].multip                     |                                  Multip_154 |        182 |        182 |       0 |    0 |     0 |      0 |      0 |    0 |          1 |
|     MAC_LANES[5].multip                     |                                  Multip_155 |        172 |        172 |       0 |    0 |     0 |      0 |      0 |    0 |          1 |
|     MAC_LANES[6].multip                     |                                  Multip_156 |          2 |          2 |       0 |    0 |     0 |      0 |      0 |    0 |          1 |
|     MAC_LANES[7].multip                     |                                  Multip_157 |        149 |        149 |       0 |    0 |     0 |      0 |      0 |    0 |          1 |
|     WEIGHT_TRANSFORM_ROWS[1].weight_trf_row | WeightTransformRowConst__parameterized0_158 |        198 |        198 |       0 |    0 |     0 |      0 |      0 |    0 |          0 |
|     WEIGHT_TRANSFORM_ROWS[2].weight_trf_row | WeightTransformRowConst__parameterized1_159 |        795 |        795 |       0 |    0 |     0 |      0 |      0 |    0 |          0 |
|     WEIGHT_TRANSFORM_ROWS[4].weight_trf_row | WeightTransformRowConst__parameterized3_160 |        269 |        269 |       0 |    0 |     0 |      0 |      0 |    0 |          0 |
|     WEIGHT_TRANSFORM_ROWS[5].weight_trf_row | WeightTransformRowConst__parameterized4_161 |        566 |        566 |       0 |    0 |     0 |      0 |      0 |    0 |          0 |
|     WEIGHT_TRANSFORM_ROWS[6].weight_trf_row | WeightTransformRowConst__parameterized5_162 |         75 |         75 |       0 |    0 |     0 |      0 |      0 |    0 |          0 |
|     WEIGHT_TRANSFORM_ROWS[7].weight_trf_row | WeightTransformRowConst__parameterized6_163 |        120 |        120 |       0 |    0 |     0 |      0 |      0 |    0 |          0 |
|   CORES[30].core_inst                       |                                     Conv_22 |       6711 |       6711 |       0 |    0 |  2024 |      0 |      0 |    0 |          8 |
|     (CORES[30].core_inst)                   |                                     Conv_22 |       4014 |       4014 |       0 |    0 |  2024 |      0 |      0 |    0 |          0 |
|     MAC_LANES[0].multip                     |                                  Multip_136 |          4 |          4 |       0 |    0 |     0 |      0 |      0 |    0 |          1 |
|     MAC_LANES[1].multip                     |                                  Multip_137 |         70 |         70 |       0 |    0 |     0 |      0 |      0 |    0 |          1 |
|     MAC_LANES[2].multip                     |                                  Multip_138 |         27 |         27 |       0 |    0 |     0 |      0 |      0 |    0 |          1 |
|     MAC_LANES[3].multip                     |                                  Multip_139 |          0 |          0 |       0 |    0 |     0 |      0 |      0 |    0 |          1 |
|     MAC_LANES[4].multip                     |                                  Multip_140 |        110 |        110 |       0 |    0 |     0 |      0 |      0 |    0 |          1 |
|     MAC_LANES[5].multip                     |                                  Multip_141 |        116 |        116 |       0 |    0 |     0 |      0 |      0 |    0 |          1 |
|     MAC_LANES[6].multip                     |                                  Multip_142 |          2 |          2 |       0 |    0 |     0 |      0 |      0 |    0 |          1 |
|     MAC_LANES[7].multip                     |                                  Multip_143 |         92 |         92 |       0 |    0 |     0 |      0 |      0 |    0 |          1 |
|     WEIGHT_TRANSFORM_ROWS[0].weight_trf_row |                     WeightTransformRowConst |         83 |         83 |       0 |    0 |     0 |      0 |      0 |    0 |          0 |
|     WEIGHT_TRANSFORM_ROWS[1].weight_trf_row | WeightTransformRowConst__parameterized0_144 |        186 |        186 |       0 |    0 |     0 |      0 |      0 |    0 |          0 |
|     WEIGHT_TRANSFORM_ROWS[2].weight_trf_row | WeightTransformRowConst__parameterized1_145 |        765 |        765 |       0 |    0 |     0 |      0 |      0 |    0 |          0 |
|     WEIGHT_TRANSFORM_ROWS[4].weight_trf_row | WeightTransformRowConst__parameterized3_146 |        265 |        265 |       0 |    0 |     0 |      0 |      0 |    0 |          0 |
|     WEIGHT_TRANSFORM_ROWS[5].weight_trf_row | WeightTransformRowConst__parameterized4_147 |        541 |        541 |       0 |    0 |     0 |      0 |      0 |    0 |          0 |
|     WEIGHT_TRANSFORM_ROWS[6].weight_trf_row | WeightTransformRowConst__parameterized5_148 |         75 |         75 |       0 |    0 |     0 |      0 |      0 |    0 |          0 |
|     WEIGHT_TRANSFORM_ROWS[7].weight_trf_row | WeightTransformRowConst__parameterized6_149 |        120 |        120 |       0 |    0 |     0 |      0 |      0 |    0 |          0 |
|     inverse_row_acc                         |                        InverseRowAccumulate |        101 |        101 |       0 |    0 |     0 |      0 |      0 |    0 |          0 |
|     inverse_row_current                     |                                  InverseRow |        146 |        146 |       0 |    0 |     0 |      0 |      0 |    0 |          0 |
|   CORES[31].core_inst                       |                                     Conv_23 |       6778 |       6778 |       0 |    0 |  2020 |      0 |      0 |    0 |          8 |
|     (CORES[31].core_inst)                   |                                     Conv_23 |       4098 |       4098 |       0 |    0 |  2020 |      0 |      0 |    0 |          0 |
|     MAC_LANES[0].multip                     |                                  Multip_122 |          3 |          3 |       0 |    0 |     0 |      0 |      0 |    0 |          1 |
|     MAC_LANES[1].multip                     |                                  Multip_123 |        126 |        126 |       0 |    0 |     0 |      0 |      0 |    0 |          1 |
|     MAC_LANES[2].multip                     |                                  Multip_124 |         29 |         29 |       0 |    0 |     0 |      0 |      0 |    0 |          1 |
|     MAC_LANES[3].multip                     |                                  Multip_125 |          0 |          0 |       0 |    0 |     0 |      0 |      0 |    0 |          1 |
|     MAC_LANES[4].multip                     |                                  Multip_126 |        182 |        182 |       0 |    0 |     0 |      0 |      0 |    0 |          1 |
|     MAC_LANES[5].multip                     |                                  Multip_127 |        172 |        172 |       0 |    0 |     0 |      0 |      0 |    0 |          1 |
|     MAC_LANES[6].multip                     |                                  Multip_128 |          2 |          2 |       0 |    0 |     0 |      0 |      0 |    0 |          1 |
|     MAC_LANES[7].multip                     |                                  Multip_129 |        149 |        149 |       0 |    0 |     0 |      0 |      0 |    0 |          1 |
|     WEIGHT_TRANSFORM_ROWS[1].weight_trf_row | WeightTransformRowConst__parameterized0_130 |        198 |        198 |       0 |    0 |     0 |      0 |      0 |    0 |          0 |
|     WEIGHT_TRANSFORM_ROWS[2].weight_trf_row | WeightTransformRowConst__parameterized1_131 |        795 |        795 |       0 |    0 |     0 |      0 |      0 |    0 |          0 |
|     WEIGHT_TRANSFORM_ROWS[4].weight_trf_row | WeightTransformRowConst__parameterized3_132 |        269 |        269 |       0 |    0 |     0 |      0 |      0 |    0 |          0 |
|     WEIGHT_TRANSFORM_ROWS[5].weight_trf_row | WeightTransformRowConst__parameterized4_133 |        566 |        566 |       0 |    0 |     0 |      0 |      0 |    0 |          0 |
|     WEIGHT_TRANSFORM_ROWS[6].weight_trf_row | WeightTransformRowConst__parameterized5_134 |         75 |         75 |       0 |    0 |     0 |      0 |      0 |    0 |          0 |
|     WEIGHT_TRANSFORM_ROWS[7].weight_trf_row | WeightTransformRowConst__parameterized6_135 |        120 |        120 |       0 |    0 |     0 |      0 |      0 |    0 |          0 |
|   CORES[3].core_inst                        |                                     Conv_24 |       6778 |       6778 |       0 |    0 |  2020 |      0 |      0 |    0 |          8 |
|     (CORES[3].core_inst)                    |                                     Conv_24 |       4098 |       4098 |       0 |    0 |  2020 |      0 |      0 |    0 |          0 |
|     MAC_LANES[0].multip                     |                                  Multip_108 |          3 |          3 |       0 |    0 |     0 |      0 |      0 |    0 |          1 |
|     MAC_LANES[1].multip                     |                                  Multip_109 |        126 |        126 |       0 |    0 |     0 |      0 |      0 |    0 |          1 |
|     MAC_LANES[2].multip                     |                                  Multip_110 |         29 |         29 |       0 |    0 |     0 |      0 |      0 |    0 |          1 |
|     MAC_LANES[3].multip                     |                                  Multip_111 |          0 |          0 |       0 |    0 |     0 |      0 |      0 |    0 |          1 |
|     MAC_LANES[4].multip                     |                                  Multip_112 |        182 |        182 |       0 |    0 |     0 |      0 |      0 |    0 |          1 |
|     MAC_LANES[5].multip                     |                                  Multip_113 |        172 |        172 |       0 |    0 |     0 |      0 |      0 |    0 |          1 |
|     MAC_LANES[6].multip                     |                                  Multip_114 |          2 |          2 |       0 |    0 |     0 |      0 |      0 |    0 |          1 |
|     MAC_LANES[7].multip                     |                                  Multip_115 |        149 |        149 |       0 |    0 |     0 |      0 |      0 |    0 |          1 |
|     WEIGHT_TRANSFORM_ROWS[1].weight_trf_row | WeightTransformRowConst__parameterized0_116 |        198 |        198 |       0 |    0 |     0 |      0 |      0 |    0 |          0 |
|     WEIGHT_TRANSFORM_ROWS[2].weight_trf_row | WeightTransformRowConst__parameterized1_117 |        795 |        795 |       0 |    0 |     0 |      0 |      0 |    0 |          0 |
|     WEIGHT_TRANSFORM_ROWS[4].weight_trf_row | WeightTransformRowConst__parameterized3_118 |        269 |        269 |       0 |    0 |     0 |      0 |      0 |    0 |          0 |
|     WEIGHT_TRANSFORM_ROWS[5].weight_trf_row | WeightTransformRowConst__parameterized4_119 |        566 |        566 |       0 |    0 |     0 |      0 |      0 |    0 |          0 |
|     WEIGHT_TRANSFORM_ROWS[6].weight_trf_row | WeightTransformRowConst__parameterized5_120 |         75 |         75 |       0 |    0 |     0 |      0 |      0 |    0 |          0 |
|     WEIGHT_TRANSFORM_ROWS[7].weight_trf_row | WeightTransformRowConst__parameterized6_121 |        120 |        120 |       0 |    0 |     0 |      0 |      0 |    0 |          0 |
|   CORES[4].core_inst                        |                                     Conv_25 |       6778 |       6778 |       0 |    0 |  2020 |      0 |      0 |    0 |          8 |
|     (CORES[4].core_inst)                    |                                     Conv_25 |       4098 |       4098 |       0 |    0 |  2020 |      0 |      0 |    0 |          0 |
|     MAC_LANES[0].multip                     |                                   Multip_94 |          3 |          3 |       0 |    0 |     0 |      0 |      0 |    0 |          1 |
|     MAC_LANES[1].multip                     |                                   Multip_95 |        126 |        126 |       0 |    0 |     0 |      0 |      0 |    0 |          1 |
|     MAC_LANES[2].multip                     |                                   Multip_96 |         29 |         29 |       0 |    0 |     0 |      0 |      0 |    0 |          1 |
|     MAC_LANES[3].multip                     |                                   Multip_97 |          0 |          0 |       0 |    0 |     0 |      0 |      0 |    0 |          1 |
|     MAC_LANES[4].multip                     |                                   Multip_98 |        182 |        182 |       0 |    0 |     0 |      0 |      0 |    0 |          1 |
|     MAC_LANES[5].multip                     |                                   Multip_99 |        172 |        172 |       0 |    0 |     0 |      0 |      0 |    0 |          1 |
|     MAC_LANES[6].multip                     |                                  Multip_100 |          2 |          2 |       0 |    0 |     0 |      0 |      0 |    0 |          1 |
|     MAC_LANES[7].multip                     |                                  Multip_101 |        149 |        149 |       0 |    0 |     0 |      0 |      0 |    0 |          1 |
|     WEIGHT_TRANSFORM_ROWS[1].weight_trf_row | WeightTransformRowConst__parameterized0_102 |        198 |        198 |       0 |    0 |     0 |      0 |      0 |    0 |          0 |
|     WEIGHT_TRANSFORM_ROWS[2].weight_trf_row | WeightTransformRowConst__parameterized1_103 |        795 |        795 |       0 |    0 |     0 |      0 |      0 |    0 |          0 |
|     WEIGHT_TRANSFORM_ROWS[4].weight_trf_row | WeightTransformRowConst__parameterized3_104 |        269 |        269 |       0 |    0 |     0 |      0 |      0 |    0 |          0 |
|     WEIGHT_TRANSFORM_ROWS[5].weight_trf_row | WeightTransformRowConst__parameterized4_105 |        566 |        566 |       0 |    0 |     0 |      0 |      0 |    0 |          0 |
|     WEIGHT_TRANSFORM_ROWS[6].weight_trf_row | WeightTransformRowConst__parameterized5_106 |         75 |         75 |       0 |    0 |     0 |      0 |      0 |    0 |          0 |
|     WEIGHT_TRANSFORM_ROWS[7].weight_trf_row | WeightTransformRowConst__parameterized6_107 |        120 |        120 |       0 |    0 |     0 |      0 |      0 |    0 |          0 |
|   CORES[5].core_inst                        |                                     Conv_26 |       6778 |       6778 |       0 |    0 |  2020 |      0 |      0 |    0 |          8 |
|     (CORES[5].core_inst)                    |                                     Conv_26 |       4098 |       4098 |       0 |    0 |  2020 |      0 |      0 |    0 |          0 |
|     MAC_LANES[0].multip                     |                                   Multip_80 |          3 |          3 |       0 |    0 |     0 |      0 |      0 |    0 |          1 |
|     MAC_LANES[1].multip                     |                                   Multip_81 |        126 |        126 |       0 |    0 |     0 |      0 |      0 |    0 |          1 |
|     MAC_LANES[2].multip                     |                                   Multip_82 |         29 |         29 |       0 |    0 |     0 |      0 |      0 |    0 |          1 |
|     MAC_LANES[3].multip                     |                                   Multip_83 |          0 |          0 |       0 |    0 |     0 |      0 |      0 |    0 |          1 |
|     MAC_LANES[4].multip                     |                                   Multip_84 |        182 |        182 |       0 |    0 |     0 |      0 |      0 |    0 |          1 |
|     MAC_LANES[5].multip                     |                                   Multip_85 |        172 |        172 |       0 |    0 |     0 |      0 |      0 |    0 |          1 |
|     MAC_LANES[6].multip                     |                                   Multip_86 |          2 |          2 |       0 |    0 |     0 |      0 |      0 |    0 |          1 |
|     MAC_LANES[7].multip                     |                                   Multip_87 |        149 |        149 |       0 |    0 |     0 |      0 |      0 |    0 |          1 |
|     WEIGHT_TRANSFORM_ROWS[1].weight_trf_row |  WeightTransformRowConst__parameterized0_88 |        198 |        198 |       0 |    0 |     0 |      0 |      0 |    0 |          0 |
|     WEIGHT_TRANSFORM_ROWS[2].weight_trf_row |  WeightTransformRowConst__parameterized1_89 |        795 |        795 |       0 |    0 |     0 |      0 |      0 |    0 |          0 |
|     WEIGHT_TRANSFORM_ROWS[4].weight_trf_row |  WeightTransformRowConst__parameterized3_90 |        269 |        269 |       0 |    0 |     0 |      0 |      0 |    0 |          0 |
|     WEIGHT_TRANSFORM_ROWS[5].weight_trf_row |  WeightTransformRowConst__parameterized4_91 |        566 |        566 |       0 |    0 |     0 |      0 |      0 |    0 |          0 |
|     WEIGHT_TRANSFORM_ROWS[6].weight_trf_row |  WeightTransformRowConst__parameterized5_92 |         75 |         75 |       0 |    0 |     0 |      0 |      0 |    0 |          0 |
|     WEIGHT_TRANSFORM_ROWS[7].weight_trf_row |  WeightTransformRowConst__parameterized6_93 |        120 |        120 |       0 |    0 |     0 |      0 |      0 |    0 |          0 |
|   CORES[6].core_inst                        |                                     Conv_27 |       6778 |       6778 |       0 |    0 |  2020 |      0 |      0 |    0 |          8 |
|     (CORES[6].core_inst)                    |                                     Conv_27 |       4098 |       4098 |       0 |    0 |  2020 |      0 |      0 |    0 |          0 |
|     MAC_LANES[0].multip                     |                                   Multip_66 |          3 |          3 |       0 |    0 |     0 |      0 |      0 |    0 |          1 |
|     MAC_LANES[1].multip                     |                                   Multip_67 |        126 |        126 |       0 |    0 |     0 |      0 |      0 |    0 |          1 |
|     MAC_LANES[2].multip                     |                                   Multip_68 |         29 |         29 |       0 |    0 |     0 |      0 |      0 |    0 |          1 |
|     MAC_LANES[3].multip                     |                                   Multip_69 |          0 |          0 |       0 |    0 |     0 |      0 |      0 |    0 |          1 |
|     MAC_LANES[4].multip                     |                                   Multip_70 |        182 |        182 |       0 |    0 |     0 |      0 |      0 |    0 |          1 |
|     MAC_LANES[5].multip                     |                                   Multip_71 |        172 |        172 |       0 |    0 |     0 |      0 |      0 |    0 |          1 |
|     MAC_LANES[6].multip                     |                                   Multip_72 |          2 |          2 |       0 |    0 |     0 |      0 |      0 |    0 |          1 |
|     MAC_LANES[7].multip                     |                                   Multip_73 |        149 |        149 |       0 |    0 |     0 |      0 |      0 |    0 |          1 |
|     WEIGHT_TRANSFORM_ROWS[1].weight_trf_row |  WeightTransformRowConst__parameterized0_74 |        198 |        198 |       0 |    0 |     0 |      0 |      0 |    0 |          0 |
|     WEIGHT_TRANSFORM_ROWS[2].weight_trf_row |  WeightTransformRowConst__parameterized1_75 |        795 |        795 |       0 |    0 |     0 |      0 |      0 |    0 |          0 |
|     WEIGHT_TRANSFORM_ROWS[4].weight_trf_row |  WeightTransformRowConst__parameterized3_76 |        269 |        269 |       0 |    0 |     0 |      0 |      0 |    0 |          0 |
|     WEIGHT_TRANSFORM_ROWS[5].weight_trf_row |  WeightTransformRowConst__parameterized4_77 |        566 |        566 |       0 |    0 |     0 |      0 |      0 |    0 |          0 |
|     WEIGHT_TRANSFORM_ROWS[6].weight_trf_row |  WeightTransformRowConst__parameterized5_78 |         75 |         75 |       0 |    0 |     0 |      0 |      0 |    0 |          0 |
|     WEIGHT_TRANSFORM_ROWS[7].weight_trf_row |  WeightTransformRowConst__parameterized6_79 |        120 |        120 |       0 |    0 |     0 |      0 |      0 |    0 |          0 |
|   CORES[7].core_inst                        |                                     Conv_28 |       6778 |       6778 |       0 |    0 |  2020 |      0 |      0 |    0 |          8 |
|     (CORES[7].core_inst)                    |                                     Conv_28 |       4098 |       4098 |       0 |    0 |  2020 |      0 |      0 |    0 |          0 |
|     MAC_LANES[0].multip                     |                                   Multip_52 |          3 |          3 |       0 |    0 |     0 |      0 |      0 |    0 |          1 |
|     MAC_LANES[1].multip                     |                                   Multip_53 |        126 |        126 |       0 |    0 |     0 |      0 |      0 |    0 |          1 |
|     MAC_LANES[2].multip                     |                                   Multip_54 |         29 |         29 |       0 |    0 |     0 |      0 |      0 |    0 |          1 |
|     MAC_LANES[3].multip                     |                                   Multip_55 |          0 |          0 |       0 |    0 |     0 |      0 |      0 |    0 |          1 |
|     MAC_LANES[4].multip                     |                                   Multip_56 |        182 |        182 |       0 |    0 |     0 |      0 |      0 |    0 |          1 |
|     MAC_LANES[5].multip                     |                                   Multip_57 |        172 |        172 |       0 |    0 |     0 |      0 |      0 |    0 |          1 |
|     MAC_LANES[6].multip                     |                                   Multip_58 |          2 |          2 |       0 |    0 |     0 |      0 |      0 |    0 |          1 |
|     MAC_LANES[7].multip                     |                                   Multip_59 |        149 |        149 |       0 |    0 |     0 |      0 |      0 |    0 |          1 |
|     WEIGHT_TRANSFORM_ROWS[1].weight_trf_row |  WeightTransformRowConst__parameterized0_60 |        198 |        198 |       0 |    0 |     0 |      0 |      0 |    0 |          0 |
|     WEIGHT_TRANSFORM_ROWS[2].weight_trf_row |  WeightTransformRowConst__parameterized1_61 |        795 |        795 |       0 |    0 |     0 |      0 |      0 |    0 |          0 |
|     WEIGHT_TRANSFORM_ROWS[4].weight_trf_row |  WeightTransformRowConst__parameterized3_62 |        269 |        269 |       0 |    0 |     0 |      0 |      0 |    0 |          0 |
|     WEIGHT_TRANSFORM_ROWS[5].weight_trf_row |  WeightTransformRowConst__parameterized4_63 |        566 |        566 |       0 |    0 |     0 |      0 |      0 |    0 |          0 |
|     WEIGHT_TRANSFORM_ROWS[6].weight_trf_row |  WeightTransformRowConst__parameterized5_64 |         75 |         75 |       0 |    0 |     0 |      0 |      0 |    0 |          0 |
|     WEIGHT_TRANSFORM_ROWS[7].weight_trf_row |  WeightTransformRowConst__parameterized6_65 |        120 |        120 |       0 |    0 |     0 |      0 |      0 |    0 |          0 |
|   CORES[8].core_inst                        |                                     Conv_29 |       6778 |       6778 |       0 |    0 |  2020 |      0 |      0 |    0 |          8 |
|     (CORES[8].core_inst)                    |                                     Conv_29 |       4098 |       4098 |       0 |    0 |  2020 |      0 |      0 |    0 |          0 |
|     MAC_LANES[0].multip                     |                                   Multip_38 |          3 |          3 |       0 |    0 |     0 |      0 |      0 |    0 |          1 |
|     MAC_LANES[1].multip                     |                                   Multip_39 |        126 |        126 |       0 |    0 |     0 |      0 |      0 |    0 |          1 |
|     MAC_LANES[2].multip                     |                                   Multip_40 |         29 |         29 |       0 |    0 |     0 |      0 |      0 |    0 |          1 |
|     MAC_LANES[3].multip                     |                                   Multip_41 |          0 |          0 |       0 |    0 |     0 |      0 |      0 |    0 |          1 |
|     MAC_LANES[4].multip                     |                                   Multip_42 |        182 |        182 |       0 |    0 |     0 |      0 |      0 |    0 |          1 |
|     MAC_LANES[5].multip                     |                                   Multip_43 |        172 |        172 |       0 |    0 |     0 |      0 |      0 |    0 |          1 |
|     MAC_LANES[6].multip                     |                                   Multip_44 |          2 |          2 |       0 |    0 |     0 |      0 |      0 |    0 |          1 |
|     MAC_LANES[7].multip                     |                                   Multip_45 |        149 |        149 |       0 |    0 |     0 |      0 |      0 |    0 |          1 |
|     WEIGHT_TRANSFORM_ROWS[1].weight_trf_row |  WeightTransformRowConst__parameterized0_46 |        198 |        198 |       0 |    0 |     0 |      0 |      0 |    0 |          0 |
|     WEIGHT_TRANSFORM_ROWS[2].weight_trf_row |  WeightTransformRowConst__parameterized1_47 |        795 |        795 |       0 |    0 |     0 |      0 |      0 |    0 |          0 |
|     WEIGHT_TRANSFORM_ROWS[4].weight_trf_row |  WeightTransformRowConst__parameterized3_48 |        269 |        269 |       0 |    0 |     0 |      0 |      0 |    0 |          0 |
|     WEIGHT_TRANSFORM_ROWS[5].weight_trf_row |  WeightTransformRowConst__parameterized4_49 |        566 |        566 |       0 |    0 |     0 |      0 |      0 |    0 |          0 |
|     WEIGHT_TRANSFORM_ROWS[6].weight_trf_row |  WeightTransformRowConst__parameterized5_50 |         75 |         75 |       0 |    0 |     0 |      0 |      0 |    0 |          0 |
|     WEIGHT_TRANSFORM_ROWS[7].weight_trf_row |  WeightTransformRowConst__parameterized6_51 |        120 |        120 |       0 |    0 |     0 |      0 |      0 |    0 |          0 |
|   CORES[9].core_inst                        |                                     Conv_30 |       6778 |       6778 |       0 |    0 |  2020 |      0 |      0 |    0 |          8 |
|     (CORES[9].core_inst)                    |                                     Conv_30 |       4098 |       4098 |       0 |    0 |  2020 |      0 |      0 |    0 |          0 |
|     MAC_LANES[0].multip                     |                                      Multip |          3 |          3 |       0 |    0 |     0 |      0 |      0 |    0 |          1 |
|     MAC_LANES[1].multip                     |                                   Multip_31 |        126 |        126 |       0 |    0 |     0 |      0 |      0 |    0 |          1 |
|     MAC_LANES[2].multip                     |                                   Multip_32 |         29 |         29 |       0 |    0 |     0 |      0 |      0 |    0 |          1 |
|     MAC_LANES[3].multip                     |                                   Multip_33 |          0 |          0 |       0 |    0 |     0 |      0 |      0 |    0 |          1 |
|     MAC_LANES[4].multip                     |                                   Multip_34 |        182 |        182 |       0 |    0 |     0 |      0 |      0 |    0 |          1 |
|     MAC_LANES[5].multip                     |                                   Multip_35 |        172 |        172 |       0 |    0 |     0 |      0 |      0 |    0 |          1 |
|     MAC_LANES[6].multip                     |                                   Multip_36 |          2 |          2 |       0 |    0 |     0 |      0 |      0 |    0 |          1 |
|     MAC_LANES[7].multip                     |                                   Multip_37 |        149 |        149 |       0 |    0 |     0 |      0 |      0 |    0 |          1 |
|     WEIGHT_TRANSFORM_ROWS[1].weight_trf_row |     WeightTransformRowConst__parameterized0 |        198 |        198 |       0 |    0 |     0 |      0 |      0 |    0 |          0 |
|     WEIGHT_TRANSFORM_ROWS[2].weight_trf_row |     WeightTransformRowConst__parameterized1 |        795 |        795 |       0 |    0 |     0 |      0 |      0 |    0 |          0 |
|     WEIGHT_TRANSFORM_ROWS[4].weight_trf_row |     WeightTransformRowConst__parameterized3 |        269 |        269 |       0 |    0 |     0 |      0 |      0 |    0 |          0 |
|     WEIGHT_TRANSFORM_ROWS[5].weight_trf_row |     WeightTransformRowConst__parameterized4 |        566 |        566 |       0 |    0 |     0 |      0 |      0 |    0 |          0 |
|     WEIGHT_TRANSFORM_ROWS[6].weight_trf_row |     WeightTransformRowConst__parameterized5 |         75 |         75 |       0 |    0 |     0 |      0 |      0 |    0 |          0 |
|     WEIGHT_TRANSFORM_ROWS[7].weight_trf_row |     WeightTransformRowConst__parameterized6 |        120 |        120 |       0 |    0 |     0 |      0 |      0 |    0 |          0 |
+---------------------------------------------+---------------------------------------------+------------+------------+---------+------+-------+--------+--------+------+------------+


