Copyright 1986-2022 Xilinx, Inc. All Rights Reserved. Copyright 2022-2023 Advanced Micro Devices, Inc. All Rights Reserved.
---------------------------------------------------------------------------------------------------------------------------------------------
| Tool Version : Vivado v.2023.2 (lin64) Build 4029153 Fri Oct 13 20:13:54 MDT 2023
| Date         : Fri Oct  2 11:31:06 2026
| Host         : paxos.inf.pucrs.br running 64-bit Rocky Linux release 8.10 (Green Obsidian)
| Command      : report_utilization -hierarchical -file /sim/tarsio/reports-wpn16-n32-220mhz-a75f073/utilization_hierarchical.rpt
| Design       : WPN16ReplicaTop
| Device       : xczu7ev-ffvc1156-2-e
| Speed File   : -2
| Design State : Routed
---------------------------------------------------------------------------------------------------------------------------------------------

Utilization Design Information

Table of Contents
-----------------
1. Utilization by Hierarchy

1. Utilization by Hierarchy
---------------------------

+---------------------------------------------+---------------------------------------------+------------+------------+---------+------+-------+--------+--------+------+------------+
|                   Instance                  |                    Module                   | Total LUTs | Logic LUTs | LUTRAMs | SRLs |  FFs  | RAMB36 | RAMB18 | URAM | DSP Blocks |
+---------------------------------------------+---------------------------------------------+------------+------------+---------+------+-------+--------+--------+------+------------+
| WPN16ReplicaTop                             |                                       (top) |     209920 |     209920 |       0 |    0 | 64680 |      0 |      0 |    0 |        256 |
|   (WPN16ReplicaTop)                         |                                       (top) |          0 |          0 |       0 |    0 |    32 |      0 |      0 |    0 |          0 |
|   CORES[0].core_inst                        |                                        Conv |       6581 |       6581 |       0 |    0 |  2020 |      0 |      0 |    0 |          8 |
|     (CORES[0].core_inst)                    |                                        Conv |       4045 |       4045 |       0 |    0 |  2020 |      0 |      0 |    0 |          0 |
|     MAC_LANES[0].multip                     |                                  Multip_461 |          3 |          3 |       0 |    0 |     0 |      0 |      0 |    0 |          1 |
|     MAC_LANES[1].multip                     |                                  Multip_462 |        125 |        125 |       0 |    0 |     0 |      0 |      0 |    0 |          1 |
|     MAC_LANES[2].multip                     |                                  Multip_463 |         28 |         28 |       0 |    0 |     0 |      0 |      0 |    0 |          1 |
|     MAC_LANES[3].multip                     |                                  Multip_464 |          0 |          0 |       0 |    0 |     0 |      0 |      0 |    0 |          1 |
|     MAC_LANES[4].multip                     |                                  Multip_465 |        179 |        179 |       0 |    0 |     0 |      0 |      0 |    0 |          1 |
|     MAC_LANES[5].multip                     |                                  Multip_466 |        171 |        171 |       0 |    0 |     0 |      0 |      0 |    0 |          1 |
|     MAC_LANES[6].multip                     |                                  Multip_467 |          2 |          2 |       0 |    0 |     0 |      0 |      0 |    0 |          1 |
|     MAC_LANES[7].multip                     |                                  Multip_468 |        148 |        148 |       0 |    0 |     0 |      0 |      0 |    0 |          1 |
|     WEIGHT_TRANSFORM_ROWS[1].weight_trf_row | WeightTransformRowConst__parameterized0_469 |        195 |        195 |       0 |    0 |     0 |      0 |      0 |    0 |          0 |
|     WEIGHT_TRANSFORM_ROWS[2].weight_trf_row | WeightTransformRowConst__parameterized1_470 |        778 |        778 |       0 |    0 |     0 |      0 |      0 |    0 |          0 |
|     WEIGHT_TRANSFORM_ROWS[4].weight_trf_row | WeightTransformRowConst__parameterized3_471 |        267 |        267 |       0 |    0 |     0 |      0 |      0 |    0 |          0 |
|     WEIGHT_TRANSFORM_ROWS[5].weight_trf_row | WeightTransformRowConst__parameterized4_472 |        556 |        556 |       0 |    0 |     0 |      0 |      0 |    0 |          0 |
|     WEIGHT_TRANSFORM_ROWS[6].weight_trf_row | WeightTransformRowConst__parameterized5_473 |         65 |         65 |       0 |    0 |     0 |      0 |      0 |    0 |          0 |
|     WEIGHT_TRANSFORM_ROWS[7].weight_trf_row | WeightTransformRowConst__parameterized6_474 |        120 |        120 |       0 |    0 |     0 |      0 |      0 |    0 |          0 |
|   CORES[10].core_inst                       |                                      Conv_0 |       6574 |       6574 |       0 |    0 |  2020 |      0 |      0 |    0 |          8 |
|     (CORES[10].core_inst)                   |                                      Conv_0 |       4039 |       4039 |       0 |    0 |  2020 |      0 |      0 |    0 |          0 |
|     MAC_LANES[0].multip                     |                                  Multip_447 |          3 |          3 |       0 |    0 |     0 |      0 |      0 |    0 |          1 |
|     MAC_LANES[1].multip                     |                                  Multip_448 |        125 |        125 |       0 |    0 |     0 |      0 |      0 |    0 |          1 |
|     MAC_LANES[2].multip                     |                                  Multip_449 |         28 |         28 |       0 |    0 |     0 |      0 |      0 |    0 |          1 |
|     MAC_LANES[3].multip                     |                                  Multip_450 |          0 |          0 |       0 |    0 |     0 |      0 |      0 |    0 |          1 |
|     MAC_LANES[4].multip                     |                                  Multip_451 |        173 |        173 |       0 |    0 |     0 |      0 |      0 |    0 |          1 |
|     MAC_LANES[5].multip                     |                                  Multip_452 |        170 |        170 |       0 |    0 |     0 |      0 |      0 |    0 |          1 |
|     MAC_LANES[6].multip                     |                                  Multip_453 |          2 |          2 |       0 |    0 |     0 |      0 |      0 |    0 |          1 |
|     MAC_LANES[7].multip                     |                                  Multip_454 |        148 |        148 |       0 |    0 |     0 |      0 |      0 |    0 |          1 |
|     WEIGHT_TRANSFORM_ROWS[1].weight_trf_row | WeightTransformRowConst__parameterized0_455 |        197 |        197 |       0 |    0 |     0 |      0 |      0 |    0 |          0 |
|     WEIGHT_TRANSFORM_ROWS[2].weight_trf_row | WeightTransformRowConst__parameterized1_456 |        775 |        775 |       0 |    0 |     0 |      0 |      0 |    0 |          0 |
|     WEIGHT_TRANSFORM_ROWS[4].weight_trf_row | WeightTransformRowConst__parameterized3_457 |        267 |        267 |       0 |    0 |     0 |      0 |      0 |    0 |          0 |
|     WEIGHT_TRANSFORM_ROWS[5].weight_trf_row | WeightTransformRowConst__parameterized4_458 |        550 |        550 |       0 |    0 |     0 |      0 |      0 |    0 |          0 |
|     WEIGHT_TRANSFORM_ROWS[6].weight_trf_row | WeightTransformRowConst__parameterized5_459 |         64 |         64 |       0 |    0 |     0 |      0 |      0 |    0 |          0 |
|     WEIGHT_TRANSFORM_ROWS[7].weight_trf_row | WeightTransformRowConst__parameterized6_460 |        120 |        120 |       0 |    0 |     0 |      0 |      0 |    0 |          0 |
|   CORES[11].core_inst                       |                                      Conv_1 |       6568 |       6568 |       0 |    0 |  2020 |      0 |      0 |    0 |          8 |
|     (CORES[11].core_inst)                   |                                      Conv_1 |       4049 |       4049 |       0 |    0 |  2020 |      0 |      0 |    0 |          0 |
|     MAC_LANES[0].multip                     |                                  Multip_433 |          3 |          3 |       0 |    0 |     0 |      0 |      0 |    0 |          1 |
|     MAC_LANES[1].multip                     |                                  Multip_434 |        125 |        125 |       0 |    0 |     0 |      0 |      0 |    0 |          1 |
|     MAC_LANES[2].multip                     |                                  Multip_435 |         28 |         28 |       0 |    0 |     0 |      0 |      0 |    0 |          1 |
|     MAC_LANES[3].multip                     |                                  Multip_436 |          0 |          0 |       0 |    0 |     0 |      0 |      0 |    0 |          1 |
|     MAC_LANES[4].multip                     |                                  Multip_437 |        172 |        172 |       0 |    0 |     0 |      0 |      0 |    0 |          1 |
|     MAC_LANES[5].multip                     |                                  Multip_438 |        170 |        170 |       0 |    0 |     0 |      0 |      0 |    0 |          1 |
|     MAC_LANES[6].multip                     |                                  Multip_439 |          2 |          2 |       0 |    0 |     0 |      0 |      0 |    0 |          1 |
|     MAC_LANES[7].multip                     |                                  Multip_440 |        148 |        148 |       0 |    0 |     0 |      0 |      0 |    0 |          1 |
|     WEIGHT_TRANSFORM_ROWS[1].weight_trf_row | WeightTransformRowConst__parameterized0_441 |        195 |        195 |       0 |    0 |     0 |      0 |      0 |    0 |          0 |
|     WEIGHT_TRANSFORM_ROWS[2].weight_trf_row | WeightTransformRowConst__parameterized1_442 |        777 |        777 |       0 |    0 |     0 |      0 |      0 |    0 |          0 |
|     WEIGHT_TRANSFORM_ROWS[4].weight_trf_row | WeightTransformRowConst__parameterized3_443 |        266 |        266 |       0 |    0 |     0 |      0 |      0 |    0 |          0 |
|     WEIGHT_TRANSFORM_ROWS[5].weight_trf_row | WeightTransformRowConst__parameterized4_444 |        551 |        551 |       0 |    0 |     0 |      0 |      0 |    0 |          0 |
|     WEIGHT_TRANSFORM_ROWS[6].weight_trf_row | WeightTransformRowConst__parameterized5_445 |         63 |         63 |       0 |    0 |     0 |      0 |      0 |    0 |          0 |
|     WEIGHT_TRANSFORM_ROWS[7].weight_trf_row | WeightTransformRowConst__parameterized6_446 |        120 |        120 |       0 |    0 |     0 |      0 |      0 |    0 |          0 |
|   CORES[12].core_inst                       |                                      Conv_2 |       6566 |       6566 |       0 |    0 |  2020 |      0 |      0 |    0 |          8 |
|     (CORES[12].core_inst)                   |                                      Conv_2 |       4039 |       4039 |       0 |    0 |  2020 |      0 |      0 |    0 |          0 |
|     MAC_LANES[0].multip                     |                                  Multip_419 |          3 |          3 |       0 |    0 |     0 |      0 |      0 |    0 |          1 |
|     MAC_LANES[1].multip                     |                                  Multip_420 |        125 |        125 |       0 |    0 |     0 |      0 |      0 |    0 |          1 |
|     MAC_LANES[2].multip                     |                                  Multip_421 |         28 |         28 |       0 |    0 |     0 |      0 |      0 |    0 |          1 |
|     MAC_LANES[3].multip                     |                                  Multip_422 |          0 |          0 |       0 |    0 |     0 |      0 |      0 |    0 |          1 |
|     MAC_LANES[4].multip                     |                                  Multip_423 |        171 |        171 |       0 |    0 |     0 |      0 |      0 |    0 |          1 |
|     MAC_LANES[5].multip                     |                                  Multip_424 |        170 |        170 |       0 |    0 |     0 |      0 |      0 |    0 |          1 |
|     MAC_LANES[6].multip                     |                                  Multip_425 |          2 |          2 |       0 |    0 |     0 |      0 |      0 |    0 |          1 |
|     MAC_LANES[7].multip                     |                                  Multip_426 |        148 |        148 |       0 |    0 |     0 |      0 |      0 |    0 |          1 |
|     WEIGHT_TRANSFORM_ROWS[1].weight_trf_row | WeightTransformRowConst__parameterized0_427 |        196 |        196 |       0 |    0 |     0 |      0 |      0 |    0 |          0 |
|     WEIGHT_TRANSFORM_ROWS[2].weight_trf_row | WeightTransformRowConst__parameterized1_428 |        776 |        776 |       0 |    0 |     0 |      0 |      0 |    0 |          0 |
|     WEIGHT_TRANSFORM_ROWS[4].weight_trf_row | WeightTransformRowConst__parameterized3_429 |        269 |        269 |       0 |    0 |     0 |      0 |      0 |    0 |          0 |
|     WEIGHT_TRANSFORM_ROWS[5].weight_trf_row | WeightTransformRowConst__parameterized4_430 |        554 |        554 |       0 |    0 |     0 |      0 |      0 |    0 |          0 |
|     WEIGHT_TRANSFORM_ROWS[6].weight_trf_row | WeightTransformRowConst__parameterized5_431 |         69 |         69 |       0 |    0 |     0 |      0 |      0 |    0 |          0 |
|     WEIGHT_TRANSFORM_ROWS[7].weight_trf_row | WeightTransformRowConst__parameterized6_432 |        120 |        120 |       0 |    0 |     0 |      0 |      0 |    0 |          0 |
|   CORES[13].core_inst                       |                                      Conv_3 |       6569 |       6569 |       0 |    0 |  2020 |      0 |      0 |    0 |          8 |
|     (CORES[13].core_inst)                   |                                      Conv_3 |       4055 |       4055 |       0 |    0 |  2020 |      0 |      0 |    0 |          0 |
|     MAC_LANES[0].multip                     |                                  Multip_405 |          3 |          3 |       0 |    0 |     0 |      0 |      0 |    0 |          1 |
|     MAC_LANES[1].multip                     |                                  Multip_406 |        125 |        125 |       0 |    0 |     0 |      0 |      0 |    0 |          1 |
|     MAC_LANES[2].multip                     |                                  Multip_407 |         28 |         28 |       0 |    0 |     0 |      0 |      0 |    0 |          1 |
|     MAC_LANES[3].multip                     |                                  Multip_408 |          0 |          0 |       0 |    0 |     0 |      0 |      0 |    0 |          1 |
|     MAC_LANES[4].multip                     |                                  Multip_409 |        171 |        171 |       0 |    0 |     0 |      0 |      0 |    0 |          1 |
|     MAC_LANES[5].multip                     |                                  Multip_410 |        170 |        170 |       0 |    0 |     0 |      0 |      0 |    0 |          1 |
|     MAC_LANES[6].multip                     |                                  Multip_411 |          2 |          2 |       0 |    0 |     0 |      0 |      0 |    0 |          1 |
|     MAC_LANES[7].multip                     |                                  Multip_412 |        148 |        148 |       0 |    0 |     0 |      0 |      0 |    0 |          1 |
|     WEIGHT_TRANSFORM_ROWS[1].weight_trf_row | WeightTransformRowConst__parameterized0_413 |        193 |        193 |       0 |    0 |     0 |      0 |      0 |    0 |          0 |
|     WEIGHT_TRANSFORM_ROWS[2].weight_trf_row | WeightTransformRowConst__parameterized1_414 |        777 |        777 |       0 |    0 |     0 |      0 |      0 |    0 |          0 |
|     WEIGHT_TRANSFORM_ROWS[4].weight_trf_row | WeightTransformRowConst__parameterized3_415 |        264 |        264 |       0 |    0 |     0 |      0 |      0 |    0 |          0 |
|     WEIGHT_TRANSFORM_ROWS[5].weight_trf_row | WeightTransformRowConst__parameterized4_416 |        553 |        553 |       0 |    0 |     0 |      0 |      0 |    0 |          0 |
|     WEIGHT_TRANSFORM_ROWS[6].weight_trf_row | WeightTransformRowConst__parameterized5_417 |         63 |         63 |       0 |    0 |     0 |      0 |      0 |    0 |          0 |
|     WEIGHT_TRANSFORM_ROWS[7].weight_trf_row | WeightTransformRowConst__parameterized6_418 |        120 |        120 |       0 |    0 |     0 |      0 |      0 |    0 |          0 |
|   CORES[14].core_inst                       |                                      Conv_4 |       6560 |       6560 |       0 |    0 |  2020 |      0 |      0 |    0 |          8 |
|     (CORES[14].core_inst)                   |                                      Conv_4 |       4043 |       4043 |       0 |    0 |  2020 |      0 |      0 |    0 |          0 |
|     MAC_LANES[0].multip                     |                                  Multip_391 |          3 |          3 |       0 |    0 |     0 |      0 |      0 |    0 |          1 |
|     MAC_LANES[1].multip                     |                                  Multip_392 |        125 |        125 |       0 |    0 |     0 |      0 |      0 |    0 |          1 |
|     MAC_LANES[2].multip                     |                                  Multip_393 |         28 |         28 |       0 |    0 |     0 |      0 |      0 |    0 |          1 |
|     MAC_LANES[3].multip                     |                                  Multip_394 |          0 |          0 |       0 |    0 |     0 |      0 |      0 |    0 |          1 |
|     MAC_LANES[4].multip                     |                                  Multip_395 |        171 |        171 |       0 |    0 |     0 |      0 |      0 |    0 |          1 |
|     MAC_LANES[5].multip                     |                                  Multip_396 |        170 |        170 |       0 |    0 |     0 |      0 |      0 |    0 |          1 |
|     MAC_LANES[6].multip                     |                                  Multip_397 |          2 |          2 |       0 |    0 |     0 |      0 |      0 |    0 |          1 |
|     MAC_LANES[7].multip                     |                                  Multip_398 |        147 |        147 |       0 |    0 |     0 |      0 |      0 |    0 |          1 |
|     WEIGHT_TRANSFORM_ROWS[1].weight_trf_row | WeightTransformRowConst__parameterized0_399 |        196 |        196 |       0 |    0 |     0 |      0 |      0 |    0 |          0 |
|     WEIGHT_TRANSFORM_ROWS[2].weight_trf_row | WeightTransformRowConst__parameterized1_400 |        775 |        775 |       0 |    0 |     0 |      0 |      0 |    0 |          0 |
|     WEIGHT_TRANSFORM_ROWS[4].weight_trf_row | WeightTransformRowConst__parameterized3_401 |        266 |        266 |       0 |    0 |     0 |      0 |      0 |    0 |          0 |
|     WEIGHT_TRANSFORM_ROWS[5].weight_trf_row | WeightTransformRowConst__parameterized4_402 |        550 |        550 |       0 |    0 |     0 |      0 |      0 |    0 |          0 |
|     WEIGHT_TRANSFORM_ROWS[6].weight_trf_row | WeightTransformRowConst__parameterized5_403 |         62 |         62 |       0 |    0 |     0 |      0 |      0 |    0 |          0 |
|     WEIGHT_TRANSFORM_ROWS[7].weight_trf_row | WeightTransformRowConst__parameterized6_404 |        120 |        120 |       0 |    0 |     0 |      0 |      0 |    0 |          0 |
|   CORES[15].core_inst                       |                                      Conv_5 |       6559 |       6559 |       0 |    0 |  2020 |      0 |      0 |    0 |          8 |
|     (CORES[15].core_inst)                   |                                      Conv_5 |       4042 |       4042 |       0 |    0 |  2020 |      0 |      0 |    0 |          0 |
|     MAC_LANES[0].multip                     |                                  Multip_377 |          3 |          3 |       0 |    0 |     0 |      0 |      0 |    0 |          1 |
|     MAC_LANES[1].multip                     |                                  Multip_378 |        125 |        125 |       0 |    0 |     0 |      0 |      0 |    0 |          1 |
|     MAC_LANES[2].multip                     |                                  Multip_379 |         28 |         28 |       0 |    0 |     0 |      0 |      0 |    0 |          1 |
|     MAC_LANES[3].multip                     |                                  Multip_380 |          0 |          0 |       0 |    0 |     0 |      0 |      0 |    0 |          1 |
|     MAC_LANES[4].multip                     |                                  Multip_381 |        174 |        174 |       0 |    0 |     0 |      0 |      0 |    0 |          1 |
|     MAC_LANES[5].multip                     |                                  Multip_382 |        170 |        170 |       0 |    0 |     0 |      0 |      0 |    0 |          1 |
|     MAC_LANES[6].multip                     |                                  Multip_383 |          2 |          2 |       0 |    0 |     0 |      0 |      0 |    0 |          1 |
|     MAC_LANES[7].multip                     |                                  Multip_384 |        148 |        148 |       0 |    0 |     0 |      0 |      0 |    0 |          1 |
|     WEIGHT_TRANSFORM_ROWS[1].weight_trf_row | WeightTransformRowConst__parameterized0_385 |        195 |        195 |       0 |    0 |     0 |      0 |      0 |    0 |          0 |
|     WEIGHT_TRANSFORM_ROWS[2].weight_trf_row | WeightTransformRowConst__parameterized1_386 |        769 |        769 |       0 |    0 |     0 |      0 |      0 |    0 |          0 |
|     WEIGHT_TRANSFORM_ROWS[4].weight_trf_row | WeightTransformRowConst__parameterized3_387 |        268 |        268 |       0 |    0 |     0 |      0 |      0 |    0 |          0 |
|     WEIGHT_TRANSFORM_ROWS[5].weight_trf_row | WeightTransformRowConst__parameterized4_388 |        545 |        545 |       0 |    0 |     0 |      0 |      0 |    0 |          0 |
|     WEIGHT_TRANSFORM_ROWS[6].weight_trf_row | WeightTransformRowConst__parameterized5_389 |         62 |         62 |       0 |    0 |     0 |      0 |      0 |    0 |          0 |
|     WEIGHT_TRANSFORM_ROWS[7].weight_trf_row | WeightTransformRowConst__parameterized6_390 |        120 |        120 |       0 |    0 |     0 |      0 |      0 |    0 |          0 |
|   CORES[16].core_inst                       |                                      Conv_6 |       6569 |       6569 |       0 |    0 |  2020 |      0 |      0 |    0 |          8 |
|     (CORES[16].core_inst)                   |                                      Conv_6 |       4051 |       4051 |       0 |    0 |  2020 |      0 |      0 |    0 |          0 |
|     MAC_LANES[0].multip                     |                                  Multip_363 |          3 |          3 |       0 |    0 |     0 |      0 |      0 |    0 |          1 |
|     MAC_LANES[1].multip                     |                                  Multip_364 |        125 |        125 |       0 |    0 |     0 |      0 |      0 |    0 |          1 |
|     MAC_LANES[2].multip                     |                                  Multip_365 |         28 |         28 |       0 |    0 |     0 |      0 |      0 |    0 |          1 |
|     MAC_LANES[3].multip                     |                                  Multip_366 |          0 |          0 |       0 |    0 |     0 |      0 |      0 |    0 |          1 |
|     MAC_LANES[4].multip                     |                                  Multip_367 |        172 |        172 |       0 |    0 |     0 |      0 |      0 |    0 |          1 |
|     MAC_LANES[5].multip                     |                                  Multip_368 |        170 |        170 |       0 |    0 |     0 |      0 |      0 |    0 |          1 |
|     MAC_LANES[6].multip                     |                                  Multip_369 |          2 |          2 |       0 |    0 |     0 |      0 |      0 |    0 |          1 |
|     MAC_LANES[7].multip                     |                                  Multip_370 |        148 |        148 |       0 |    0 |     0 |      0 |      0 |    0 |          1 |
|     WEIGHT_TRANSFORM_ROWS[1].weight_trf_row | WeightTransformRowConst__parameterized0_371 |        195 |        195 |       0 |    0 |     0 |      0 |      0 |    0 |          0 |
|     WEIGHT_TRANSFORM_ROWS[2].weight_trf_row | WeightTransformRowConst__parameterized1_372 |        777 |        777 |       0 |    0 |     0 |      0 |      0 |    0 |          0 |
|     WEIGHT_TRANSFORM_ROWS[4].weight_trf_row | WeightTransformRowConst__parameterized3_373 |        268 |        268 |       0 |    0 |     0 |      0 |      0 |    0 |          0 |
|     WEIGHT_TRANSFORM_ROWS[5].weight_trf_row | WeightTransformRowConst__parameterized4_374 |        553 |        553 |       0 |    0 |     0 |      0 |      0 |    0 |          0 |
|     WEIGHT_TRANSFORM_ROWS[6].weight_trf_row | WeightTransformRowConst__parameterized5_375 |         64 |         64 |       0 |    0 |     0 |      0 |      0 |    0 |          0 |
|     WEIGHT_TRANSFORM_ROWS[7].weight_trf_row | WeightTransformRowConst__parameterized6_376 |        120 |        120 |       0 |    0 |     0 |      0 |      0 |    0 |          0 |
|   CORES[17].core_inst                       |                                      Conv_7 |       6557 |       6557 |       0 |    0 |  2020 |      0 |      0 |    0 |          8 |
|     (CORES[17].core_inst)                   |                                      Conv_7 |       4040 |       4040 |       0 |    0 |  2020 |      0 |      0 |    0 |          0 |
|     MAC_LANES[0].multip                     |                                  Multip_349 |          3 |          3 |       0 |    0 |     0 |      0 |      0 |    0 |          1 |
|     MAC_LANES[1].multip                     |                                  Multip_350 |        125 |        125 |       0 |    0 |     0 |      0 |      0 |    0 |          1 |
|     MAC_LANES[2].multip                     |                                  Multip_351 |         28 |         28 |       0 |    0 |     0 |      0 |      0 |    0 |          1 |
|     MAC_LANES[3].multip                     |                                  Multip_352 |          0 |          0 |       0 |    0 |     0 |      0 |      0 |    0 |          1 |
|     MAC_LANES[4].multip                     |                                  Multip_353 |        170 |        170 |       0 |    0 |     0 |      0 |      0 |    0 |          1 |
|     MAC_LANES[5].multip                     |                                  Multip_354 |        170 |        170 |       0 |    0 |     0 |      0 |      0 |    0 |          1 |
|     MAC_LANES[6].multip                     |                                  Multip_355 |          2 |          2 |       0 |    0 |     0 |      0 |      0 |    0 |          1 |
|     MAC_LANES[7].multip                     |                                  Multip_356 |        148 |        148 |       0 |    0 |     0 |      0 |      0 |    0 |          1 |
|     WEIGHT_TRANSFORM_ROWS[1].weight_trf_row | WeightTransformRowConst__parameterized0_357 |        196 |        196 |       0 |    0 |     0 |      0 |      0 |    0 |          0 |
|     WEIGHT_TRANSFORM_ROWS[2].weight_trf_row | WeightTransformRowConst__parameterized1_358 |        779 |        779 |       0 |    0 |     0 |      0 |      0 |    0 |          0 |
|     WEIGHT_TRANSFORM_ROWS[4].weight_trf_row | WeightTransformRowConst__parameterized3_359 |        269 |        269 |       0 |    0 |     0 |      0 |      0 |    0 |          0 |
|     WEIGHT_TRANSFORM_ROWS[5].weight_trf_row | WeightTransformRowConst__parameterized4_360 |        552 |        552 |       0 |    0 |     0 |      0 |      0 |    0 |          0 |
|     WEIGHT_TRANSFORM_ROWS[6].weight_trf_row | WeightTransformRowConst__parameterized5_361 |         63 |         63 |       0 |    0 |     0 |      0 |      0 |    0 |          0 |
|     WEIGHT_TRANSFORM_ROWS[7].weight_trf_row | WeightTransformRowConst__parameterized6_362 |        120 |        120 |       0 |    0 |     0 |      0 |      0 |    0 |          0 |
|   CORES[18].core_inst                       |                                      Conv_8 |       6557 |       6557 |       0 |    0 |  2020 |      0 |      0 |    0 |          8 |
|     (CORES[18].core_inst)                   |                                      Conv_8 |       4040 |       4040 |       0 |    0 |  2020 |      0 |      0 |    0 |          0 |
|     MAC_LANES[0].multip                     |                                  Multip_335 |          3 |          3 |       0 |    0 |     0 |      0 |      0 |    0 |          1 |
|     MAC_LANES[1].multip                     |                                  Multip_336 |        125 |        125 |       0 |    0 |     0 |      0 |      0 |    0 |          1 |
|     MAC_LANES[2].multip                     |                                  Multip_337 |         28 |         28 |       0 |    0 |     0 |      0 |      0 |    0 |          1 |
|     MAC_LANES[3].multip                     |                                  Multip_338 |          0 |          0 |       0 |    0 |     0 |      0 |      0 |    0 |          1 |
|     MAC_LANES[4].multip                     |                                  Multip_339 |        177 |        177 |       0 |    0 |     0 |      0 |      0 |    0 |          1 |
|     MAC_LANES[5].multip                     |                                  Multip_340 |        170 |        170 |       0 |    0 |     0 |      0 |      0 |    0 |          1 |
|     MAC_LANES[6].multip                     |                                  Multip_341 |          2 |          2 |       0 |    0 |     0 |      0 |      0 |    0 |          1 |
|     MAC_LANES[7].multip                     |                                  Multip_342 |        148 |        148 |       0 |    0 |     0 |      0 |      0 |    0 |          1 |
|     WEIGHT_TRANSFORM_ROWS[1].weight_trf_row | WeightTransformRowConst__parameterized0_343 |        192 |        192 |       0 |    0 |     0 |      0 |      0 |    0 |          0 |
|     WEIGHT_TRANSFORM_ROWS[2].weight_trf_row | WeightTransformRowConst__parameterized1_344 |        773 |        773 |       0 |    0 |     0 |      0 |      0 |    0 |          0 |
|     WEIGHT_TRANSFORM_ROWS[4].weight_trf_row | WeightTransformRowConst__parameterized3_345 |        266 |        266 |       0 |    0 |     0 |      0 |      0 |    0 |          0 |
|     WEIGHT_TRANSFORM_ROWS[5].weight_trf_row | WeightTransformRowConst__parameterized4_346 |        546 |        546 |       0 |    0 |     0 |      0 |      0 |    0 |          0 |
|     WEIGHT_TRANSFORM_ROWS[6].weight_trf_row | WeightTransformRowConst__parameterized5_347 |         62 |         62 |       0 |    0 |     0 |      0 |      0 |    0 |          0 |
|     WEIGHT_TRANSFORM_ROWS[7].weight_trf_row | WeightTransformRowConst__parameterized6_348 |        120 |        120 |       0 |    0 |     0 |      0 |      0 |    0 |          0 |
|   CORES[19].core_inst                       |                                      Conv_9 |       6557 |       6557 |       0 |    0 |  2020 |      0 |      0 |    0 |          8 |
|     (CORES[19].core_inst)                   |                                      Conv_9 |       4042 |       4042 |       0 |    0 |  2020 |      0 |      0 |    0 |          0 |
|     MAC_LANES[0].multip                     |                                  Multip_321 |          3 |          3 |       0 |    0 |     0 |      0 |      0 |    0 |          1 |
|     MAC_LANES[1].multip                     |                                  Multip_322 |        125 |        125 |       0 |    0 |     0 |      0 |      0 |    0 |          1 |
|     MAC_LANES[2].multip                     |                                  Multip_323 |         28 |         28 |       0 |    0 |     0 |      0 |      0 |    0 |          1 |
|     MAC_LANES[3].multip                     |                                  Multip_324 |          0 |          0 |       0 |    0 |     0 |      0 |      0 |    0 |          1 |
|     MAC_LANES[4].multip                     |                                  Multip_325 |        175 |        175 |       0 |    0 |     0 |      0 |      0 |    0 |          1 |
|     MAC_LANES[5].multip                     |                                  Multip_326 |        170 |        170 |       0 |    0 |     0 |      0 |      0 |    0 |          1 |
|     MAC_LANES[6].multip                     |                                  Multip_327 |          2 |          2 |       0 |    0 |     0 |      0 |      0 |    0 |          1 |
|     MAC_LANES[7].multip                     |                                  Multip_328 |        147 |        147 |       0 |    0 |     0 |      0 |      0 |    0 |          1 |
|     WEIGHT_TRANSFORM_ROWS[1].weight_trf_row | WeightTransformRowConst__parameterized0_329 |        188 |        188 |       0 |    0 |     0 |      0 |      0 |    0 |          0 |
|     WEIGHT_TRANSFORM_ROWS[2].weight_trf_row | WeightTransformRowConst__parameterized1_330 |        767 |        767 |       0 |    0 |     0 |      0 |      0 |    0 |          0 |
|     WEIGHT_TRANSFORM_ROWS[4].weight_trf_row | WeightTransformRowConst__parameterized3_331 |        260 |        260 |       0 |    0 |     0 |      0 |      0 |    0 |          0 |
|     WEIGHT_TRANSFORM_ROWS[5].weight_trf_row | WeightTransformRowConst__parameterized4_332 |        544 |        544 |       0 |    0 |     0 |      0 |      0 |    0 |          0 |
|     WEIGHT_TRANSFORM_ROWS[6].weight_trf_row | WeightTransformRowConst__parameterized5_333 |         63 |         63 |       0 |    0 |     0 |      0 |      0 |    0 |          0 |
|     WEIGHT_TRANSFORM_ROWS[7].weight_trf_row | WeightTransformRowConst__parameterized6_334 |        120 |        120 |       0 |    0 |     0 |      0 |      0 |    0 |          0 |
|   CORES[1].core_inst                        |                                     Conv_10 |       6562 |       6562 |       0 |    0 |  2020 |      0 |      0 |    0 |          8 |
|     (CORES[1].core_inst)                    |                                     Conv_10 |       4043 |       4043 |       0 |    0 |  2020 |      0 |      0 |    0 |          0 |
|     MAC_LANES[0].multip                     |                                  Multip_307 |          3 |          3 |       0 |    0 |     0 |      0 |      0 |    0 |          1 |
|     MAC_LANES[1].multip                     |                                  Multip_308 |        125 |        125 |       0 |    0 |     0 |      0 |      0 |    0 |          1 |
|     MAC_LANES[2].multip                     |                                  Multip_309 |         28 |         28 |       0 |    0 |     0 |      0 |      0 |    0 |          1 |
|     MAC_LANES[3].multip                     |                                  Multip_310 |          0 |          0 |       0 |    0 |     0 |      0 |      0 |    0 |          1 |
|     MAC_LANES[4].multip                     |                                  Multip_311 |        172 |        172 |       0 |    0 |     0 |      0 |      0 |    0 |          1 |
|     MAC_LANES[5].multip                     |                                  Multip_312 |        170 |        170 |       0 |    0 |     0 |      0 |      0 |    0 |          1 |
|     MAC_LANES[6].multip                     |                                  Multip_313 |          2 |          2 |       0 |    0 |     0 |      0 |      0 |    0 |          1 |
|     MAC_LANES[7].multip                     |                                  Multip_314 |        148 |        148 |       0 |    0 |     0 |      0 |      0 |    0 |          1 |
|     WEIGHT_TRANSFORM_ROWS[1].weight_trf_row | WeightTransformRowConst__parameterized0_315 |        195 |        195 |       0 |    0 |     0 |      0 |      0 |    0 |          0 |
|     WEIGHT_TRANSFORM_ROWS[2].weight_trf_row | WeightTransformRowConst__parameterized1_316 |        772 |        772 |       0 |    0 |     0 |      0 |      0 |    0 |          0 |
|     WEIGHT_TRANSFORM_ROWS[4].weight_trf_row | WeightTransformRowConst__parameterized3_317 |        267 |        267 |       0 |    0 |     0 |      0 |      0 |    0 |          0 |
|     WEIGHT_TRANSFORM_ROWS[5].weight_trf_row | WeightTransformRowConst__parameterized4_318 |        548 |        548 |       0 |    0 |     0 |      0 |      0 |    0 |          0 |
|     WEIGHT_TRANSFORM_ROWS[6].weight_trf_row | WeightTransformRowConst__parameterized5_319 |         62 |         62 |       0 |    0 |     0 |      0 |      0 |    0 |          0 |
|     WEIGHT_TRANSFORM_ROWS[7].weight_trf_row | WeightTransformRowConst__parameterized6_320 |        120 |        120 |       0 |    0 |     0 |      0 |      0 |    0 |          0 |
|   CORES[20].core_inst                       |                                     Conv_11 |       6571 |       6571 |       0 |    0 |  2020 |      0 |      0 |    0 |          8 |
|     (CORES[20].core_inst)                   |                                     Conv_11 |       4041 |       4041 |       0 |    0 |  2020 |      0 |      0 |    0 |          0 |
|     MAC_LANES[0].multip                     |                                  Multip_293 |          3 |          3 |       0 |    0 |     0 |      0 |      0 |    0 |          1 |
|     MAC_LANES[1].multip                     |                                  Multip_294 |        125 |        125 |       0 |    0 |     0 |      0 |      0 |    0 |          1 |
|     MAC_LANES[2].multip                     |                                  Multip_295 |         28 |         28 |       0 |    0 |     0 |      0 |      0 |    0 |          1 |
|     MAC_LANES[3].multip                     |                                  Multip_296 |          0 |          0 |       0 |    0 |     0 |      0 |      0 |    0 |          1 |
|     MAC_LANES[4].multip                     |                                  Multip_297 |        174 |        174 |       0 |    0 |     0 |      0 |      0 |    0 |          1 |
|     MAC_LANES[5].multip                     |                                  Multip_298 |        170 |        170 |       0 |    0 |     0 |      0 |      0 |    0 |          1 |
|     MAC_LANES[6].multip                     |                                  Multip_299 |          2 |          2 |       0 |    0 |     0 |      0 |      0 |    0 |          1 |
|     MAC_LANES[7].multip                     |                                  Multip_300 |        148 |        148 |       0 |    0 |     0 |      0 |      0 |    0 |          1 |
|     WEIGHT_TRANSFORM_ROWS[1].weight_trf_row | WeightTransformRowConst__parameterized0_301 |        194 |        194 |       0 |    0 |     0 |      0 |      0 |    0 |          0 |
|     WEIGHT_TRANSFORM_ROWS[2].weight_trf_row | WeightTransformRowConst__parameterized1_302 |        780 |        780 |       0 |    0 |     0 |      0 |      0 |    0 |          0 |
|     WEIGHT_TRANSFORM_ROWS[4].weight_trf_row | WeightTransformRowConst__parameterized3_303 |        265 |        265 |       0 |    0 |     0 |      0 |      0 |    0 |          0 |
|     WEIGHT_TRANSFORM_ROWS[5].weight_trf_row | WeightTransformRowConst__parameterized4_304 |        555 |        555 |       0 |    0 |     0 |      0 |      0 |    0 |          0 |
|     WEIGHT_TRANSFORM_ROWS[6].weight_trf_row | WeightTransformRowConst__parameterized5_305 |         65 |         65 |       0 |    0 |     0 |      0 |      0 |    0 |          0 |
|     WEIGHT_TRANSFORM_ROWS[7].weight_trf_row | WeightTransformRowConst__parameterized6_306 |        120 |        120 |       0 |    0 |     0 |      0 |      0 |    0 |          0 |
|   CORES[21].core_inst                       |                                     Conv_12 |       6570 |       6570 |       0 |    0 |  2020 |      0 |      0 |    0 |          8 |
|     (CORES[21].core_inst)                   |                                     Conv_12 |       4047 |       4047 |       0 |    0 |  2020 |      0 |      0 |    0 |          0 |
|     MAC_LANES[0].multip                     |                                  Multip_279 |          3 |          3 |       0 |    0 |     0 |      0 |      0 |    0 |          1 |
|     MAC_LANES[1].multip                     |                                  Multip_280 |        125 |        125 |       0 |    0 |     0 |      0 |      0 |    0 |          1 |
|     MAC_LANES[2].multip                     |                                  Multip_281 |         28 |         28 |       0 |    0 |     0 |      0 |      0 |    0 |          1 |
|     MAC_LANES[3].multip                     |                                  Multip_282 |          0 |          0 |       0 |    0 |     0 |      0 |      0 |    0 |          1 |
|     MAC_LANES[4].multip                     |                                  Multip_283 |        172 |        172 |       0 |    0 |     0 |      0 |      0 |    0 |          1 |
|     MAC_LANES[5].multip                     |                                  Multip_284 |        170 |        170 |       0 |    0 |     0 |      0 |      0 |    0 |          1 |
|     MAC_LANES[6].multip                     |                                  Multip_285 |          2 |          2 |       0 |    0 |     0 |      0 |      0 |    0 |          1 |
|     MAC_LANES[7].multip                     |                                  Multip_286 |        148 |        148 |       0 |    0 |     0 |      0 |      0 |    0 |          1 |
|     WEIGHT_TRANSFORM_ROWS[1].weight_trf_row | WeightTransformRowConst__parameterized0_287 |        197 |        197 |       0 |    0 |     0 |      0 |      0 |    0 |          0 |
|     WEIGHT_TRANSFORM_ROWS[2].weight_trf_row | WeightTransformRowConst__parameterized1_288 |        780 |        780 |       0 |    0 |     0 |      0 |      0 |    0 |          0 |
|     WEIGHT_TRANSFORM_ROWS[4].weight_trf_row | WeightTransformRowConst__parameterized3_289 |        268 |        268 |       0 |    0 |     0 |      0 |      0 |    0 |          0 |
|     WEIGHT_TRANSFORM_ROWS[5].weight_trf_row | WeightTransformRowConst__parameterized4_290 |        553 |        553 |       0 |    0 |     0 |      0 |      0 |    0 |          0 |
|     WEIGHT_TRANSFORM_ROWS[6].weight_trf_row | WeightTransformRowConst__parameterized5_291 |         62 |         62 |       0 |    0 |     0 |      0 |      0 |    0 |          0 |
|     WEIGHT_TRANSFORM_ROWS[7].weight_trf_row | WeightTransformRowConst__parameterized6_292 |        120 |        120 |       0 |    0 |     0 |      0 |      0 |    0 |          0 |
|   CORES[22].core_inst                       |                                     Conv_13 |       6556 |       6556 |       0 |    0 |  2020 |      0 |      0 |    0 |          8 |
|     (CORES[22].core_inst)                   |                                     Conv_13 |       4041 |       4041 |       0 |    0 |  2020 |      0 |      0 |    0 |          0 |
|     MAC_LANES[0].multip                     |                                  Multip_265 |          3 |          3 |       0 |    0 |     0 |      0 |      0 |    0 |          1 |
|     MAC_LANES[1].multip                     |                                  Multip_266 |        125 |        125 |       0 |    0 |     0 |      0 |      0 |    0 |          1 |
|     MAC_LANES[2].multip                     |                                  Multip_267 |         28 |         28 |       0 |    0 |     0 |      0 |      0 |    0 |          1 |
|     MAC_LANES[3].multip                     |                                  Multip_268 |          0 |          0 |       0 |    0 |     0 |      0 |      0 |    0 |          1 |
|     MAC_LANES[4].multip                     |                                  Multip_269 |        173 |        173 |       0 |    0 |     0 |      0 |      0 |    0 |          1 |
|     MAC_LANES[5].multip                     |                                  Multip_270 |        170 |        170 |       0 |    0 |     0 |      0 |      0 |    0 |          1 |
|     MAC_LANES[6].multip                     |                                  Multip_271 |          2 |          2 |       0 |    0 |     0 |      0 |      0 |    0 |          1 |
|     MAC_LANES[7].multip                     |                                  Multip_272 |        148 |        148 |       0 |    0 |     0 |      0 |      0 |    0 |          1 |
|     WEIGHT_TRANSFORM_ROWS[1].weight_trf_row | WeightTransformRowConst__parameterized0_273 |        192 |        192 |       0 |    0 |     0 |      0 |      0 |    0 |          0 |
|     WEIGHT_TRANSFORM_ROWS[2].weight_trf_row | WeightTransformRowConst__parameterized1_274 |        774 |        774 |       0 |    0 |     0 |      0 |      0 |    0 |          0 |
|     WEIGHT_TRANSFORM_ROWS[4].weight_trf_row | WeightTransformRowConst__parameterized3_275 |        264 |        264 |       0 |    0 |     0 |      0 |      0 |    0 |          0 |
|     WEIGHT_TRANSFORM_ROWS[5].weight_trf_row | WeightTransformRowConst__parameterized4_276 |        551 |        551 |       0 |    0 |     0 |      0 |      0 |    0 |          0 |
|     WEIGHT_TRANSFORM_ROWS[6].weight_trf_row | WeightTransformRowConst__parameterized5_277 |         61 |         61 |       0 |    0 |     0 |      0 |      0 |    0 |          0 |
|     WEIGHT_TRANSFORM_ROWS[7].weight_trf_row | WeightTransformRowConst__parameterized6_278 |        120 |        120 |       0 |    0 |     0 |      0 |      0 |    0 |          0 |
|   CORES[23].core_inst                       |                                     Conv_14 |       6556 |       6556 |       0 |    0 |  2020 |      0 |      0 |    0 |          8 |
|     (CORES[23].core_inst)                   |                                     Conv_14 |       4042 |       4042 |       0 |    0 |  2020 |      0 |      0 |    0 |          0 |
|     MAC_LANES[0].multip                     |                                  Multip_251 |          3 |          3 |       0 |    0 |     0 |      0 |      0 |    0 |          1 |
|     MAC_LANES[1].multip                     |                                  Multip_252 |        125 |        125 |       0 |    0 |     0 |      0 |      0 |    0 |          1 |
|     MAC_LANES[2].multip                     |                                  Multip_253 |         28 |         28 |       0 |    0 |     0 |      0 |      0 |    0 |          1 |
|     MAC_LANES[3].multip                     |                                  Multip_254 |          0 |          0 |       0 |    0 |     0 |      0 |      0 |    0 |          1 |
|     MAC_LANES[4].multip                     |                                  Multip_255 |        172 |        172 |       0 |    0 |     0 |      0 |      0 |    0 |          1 |
|     MAC_LANES[5].multip                     |                                  Multip_256 |        170 |        170 |       0 |    0 |     0 |      0 |      0 |    0 |          1 |
|     MAC_LANES[6].multip                     |                                  Multip_257 |          2 |          2 |       0 |    0 |     0 |      0 |      0 |    0 |          1 |
|     MAC_LANES[7].multip                     |                                  Multip_258 |        148 |        148 |       0 |    0 |     0 |      0 |      0 |    0 |          1 |
|     WEIGHT_TRANSFORM_ROWS[1].weight_trf_row | WeightTransformRowConst__parameterized0_259 |        187 |        187 |       0 |    0 |     0 |      0 |      0 |    0 |          0 |
|     WEIGHT_TRANSFORM_ROWS[2].weight_trf_row | WeightTransformRowConst__parameterized1_260 |        777 |        777 |       0 |    0 |     0 |      0 |      0 |    0 |          0 |
|     WEIGHT_TRANSFORM_ROWS[4].weight_trf_row | WeightTransformRowConst__parameterized3_261 |        263 |        263 |       0 |    0 |     0 |      0 |      0 |    0 |          0 |
|     WEIGHT_TRANSFORM_ROWS[5].weight_trf_row | WeightTransformRowConst__parameterized4_262 |        553 |        553 |       0 |    0 |     0 |      0 |      0 |    0 |          0 |
|     WEIGHT_TRANSFORM_ROWS[6].weight_trf_row | WeightTransformRowConst__parameterized5_263 |         63 |         63 |       0 |    0 |     0 |      0 |      0 |    0 |          0 |
|     WEIGHT_TRANSFORM_ROWS[7].weight_trf_row | WeightTransformRowConst__parameterized6_264 |        120 |        120 |       0 |    0 |     0 |      0 |      0 |    0 |          0 |
|   CORES[24].core_inst                       |                                     Conv_15 |       6561 |       6561 |       0 |    0 |  2020 |      0 |      0 |    0 |          8 |
|     (CORES[24].core_inst)                   |                                     Conv_15 |       4043 |       4043 |       0 |    0 |  2020 |      0 |      0 |    0 |          0 |
|     MAC_LANES[0].multip                     |                                  Multip_237 |          3 |          3 |       0 |    0 |     0 |      0 |      0 |    0 |          1 |
|     MAC_LANES[1].multip                     |                                  Multip_238 |        125 |        125 |       0 |    0 |     0 |      0 |      0 |    0 |          1 |
|     MAC_LANES[2].multip                     |                                  Multip_239 |         28 |         28 |       0 |    0 |     0 |      0 |      0 |    0 |          1 |
|     MAC_LANES[3].multip                     |                                  Multip_240 |          0 |          0 |       0 |    0 |     0 |      0 |      0 |    0 |          1 |
|     MAC_LANES[4].multip                     |                                  Multip_241 |        172 |        172 |       0 |    0 |     0 |      0 |      0 |    0 |          1 |
|     MAC_LANES[5].multip                     |                                  Multip_242 |        170 |        170 |       0 |    0 |     0 |      0 |      0 |    0 |          1 |
|     MAC_LANES[6].multip                     |                                  Multip_243 |          2 |          2 |       0 |    0 |     0 |      0 |      0 |    0 |          1 |
|     MAC_LANES[7].multip                     |                                  Multip_244 |        148 |        148 |       0 |    0 |     0 |      0 |      0 |    0 |          1 |
|     WEIGHT_TRANSFORM_ROWS[1].weight_trf_row | WeightTransformRowConst__parameterized0_245 |        196 |        196 |       0 |    0 |     0 |      0 |      0 |    0 |          0 |
|     WEIGHT_TRANSFORM_ROWS[2].weight_trf_row | WeightTransformRowConst__parameterized1_246 |        768 |        768 |       0 |    0 |     0 |      0 |      0 |    0 |          0 |
|     WEIGHT_TRANSFORM_ROWS[4].weight_trf_row | WeightTransformRowConst__parameterized3_247 |        268 |        268 |       0 |    0 |     0 |      0 |      0 |    0 |          0 |
|     WEIGHT_TRANSFORM_ROWS[5].weight_trf_row | WeightTransformRowConst__parameterized4_248 |        545 |        545 |       0 |    0 |     0 |      0 |      0 |    0 |          0 |
|     WEIGHT_TRANSFORM_ROWS[6].weight_trf_row | WeightTransformRowConst__parameterized5_249 |         64 |         64 |       0 |    0 |     0 |      0 |      0 |    0 |          0 |
|     WEIGHT_TRANSFORM_ROWS[7].weight_trf_row | WeightTransformRowConst__parameterized6_250 |        120 |        120 |       0 |    0 |     0 |      0 |      0 |    0 |          0 |
|   CORES[25].core_inst                       |                                     Conv_16 |       6569 |       6569 |       0 |    0 |  2020 |      0 |      0 |    0 |          8 |
|     (CORES[25].core_inst)                   |                                     Conv_16 |       4041 |       4041 |       0 |    0 |  2020 |      0 |      0 |    0 |          0 |
|     MAC_LANES[0].multip                     |                                  Multip_223 |          3 |          3 |       0 |    0 |     0 |      0 |      0 |    0 |          1 |
|     MAC_LANES[1].multip                     |                                  Multip_224 |        125 |        125 |       0 |    0 |     0 |      0 |      0 |    0 |          1 |
|     MAC_LANES[2].multip                     |                                  Multip_225 |         28 |         28 |       0 |    0 |     0 |      0 |      0 |    0 |          1 |
|     MAC_LANES[3].multip                     |                                  Multip_226 |          0 |          0 |       0 |    0 |     0 |      0 |      0 |    0 |          1 |
|     MAC_LANES[4].multip                     |                                  Multip_227 |        171 |        171 |       0 |    0 |     0 |      0 |      0 |    0 |          1 |
|     MAC_LANES[5].multip                     |                                  Multip_228 |        170 |        170 |       0 |    0 |     0 |      0 |      0 |    0 |          1 |
|     MAC_LANES[6].multip                     |                                  Multip_229 |          2 |          2 |       0 |    0 |     0 |      0 |      0 |    0 |          1 |
|     MAC_LANES[7].multip                     |                                  Multip_230 |        148 |        148 |       0 |    0 |     0 |      0 |      0 |    0 |          1 |
|     WEIGHT_TRANSFORM_ROWS[1].weight_trf_row | WeightTransformRowConst__parameterized0_231 |        195 |        195 |       0 |    0 |     0 |      0 |      0 |    0 |          0 |
|     WEIGHT_TRANSFORM_ROWS[2].weight_trf_row | WeightTransformRowConst__parameterized1_232 |        773 |        773 |       0 |    0 |     0 |      0 |      0 |    0 |          0 |
|     WEIGHT_TRANSFORM_ROWS[4].weight_trf_row | WeightTransformRowConst__parameterized3_233 |        269 |        269 |       0 |    0 |     0 |      0 |      0 |    0 |          0 |
|     WEIGHT_TRANSFORM_ROWS[5].weight_trf_row | WeightTransformRowConst__parameterized4_234 |        551 |        551 |       0 |    0 |     0 |      0 |      0 |    0 |          0 |
|     WEIGHT_TRANSFORM_ROWS[6].weight_trf_row | WeightTransformRowConst__parameterized5_235 |         65 |         65 |       0 |    0 |     0 |      0 |      0 |    0 |          0 |
|     WEIGHT_TRANSFORM_ROWS[7].weight_trf_row | WeightTransformRowConst__parameterized6_236 |        120 |        120 |       0 |    0 |     0 |      0 |      0 |    0 |          0 |
|   CORES[26].core_inst                       |                                     Conv_17 |       6558 |       6558 |       0 |    0 |  2020 |      0 |      0 |    0 |          8 |
|     (CORES[26].core_inst)                   |                                     Conv_17 |       4042 |       4042 |       0 |    0 |  2020 |      0 |      0 |    0 |          0 |
|     MAC_LANES[0].multip                     |                                  Multip_209 |          3 |          3 |       0 |    0 |     0 |      0 |      0 |    0 |          1 |
|     MAC_LANES[1].multip                     |                                  Multip_210 |        125 |        125 |       0 |    0 |     0 |      0 |      0 |    0 |          1 |
|     MAC_LANES[2].multip                     |                                  Multip_211 |         28 |         28 |       0 |    0 |     0 |      0 |      0 |    0 |          1 |
|     MAC_LANES[3].multip                     |                                  Multip_212 |          0 |          0 |       0 |    0 |     0 |      0 |      0 |    0 |          1 |
|     MAC_LANES[4].multip                     |                                  Multip_213 |        175 |        175 |       0 |    0 |     0 |      0 |      0 |    0 |          1 |
|     MAC_LANES[5].multip                     |                                  Multip_214 |        170 |        170 |       0 |    0 |     0 |      0 |      0 |    0 |          1 |
|     MAC_LANES[6].multip                     |                                  Multip_215 |          2 |          2 |       0 |    0 |     0 |      0 |      0 |    0 |          1 |
|     MAC_LANES[7].multip                     |                                  Multip_216 |        147 |        147 |       0 |    0 |     0 |      0 |      0 |    0 |          1 |
|     WEIGHT_TRANSFORM_ROWS[1].weight_trf_row | WeightTransformRowConst__parameterized0_217 |        194 |        194 |       0 |    0 |     0 |      0 |      0 |    0 |          0 |
|     WEIGHT_TRANSFORM_ROWS[2].weight_trf_row | WeightTransformRowConst__parameterized1_218 |        773 |        773 |       0 |    0 |     0 |      0 |      0 |    0 |          0 |
|     WEIGHT_TRANSFORM_ROWS[4].weight_trf_row | WeightTransformRowConst__parameterized3_219 |        267 |        267 |       0 |    0 |     0 |      0 |      0 |    0 |          0 |
|     WEIGHT_TRANSFORM_ROWS[5].weight_trf_row | WeightTransformRowConst__parameterized4_220 |        547 |        547 |       0 |    0 |     0 |      0 |      0 |    0 |          0 |
|     WEIGHT_TRANSFORM_ROWS[6].weight_trf_row | WeightTransformRowConst__parameterized5_221 |         63 |         63 |       0 |    0 |     0 |      0 |      0 |    0 |          0 |
|     WEIGHT_TRANSFORM_ROWS[7].weight_trf_row | WeightTransformRowConst__parameterized6_222 |        120 |        120 |       0 |    0 |     0 |      0 |      0 |    0 |          0 |
|   CORES[27].core_inst                       |                                     Conv_18 |       6565 |       6565 |       0 |    0 |  2020 |      0 |      0 |    0 |          8 |
|     (CORES[27].core_inst)                   |                                     Conv_18 |       4040 |       4040 |       0 |    0 |  2020 |      0 |      0 |    0 |          0 |
|     MAC_LANES[0].multip                     |                                  Multip_195 |          3 |          3 |       0 |    0 |     0 |      0 |      0 |    0 |          1 |
|     MAC_LANES[1].multip                     |                                  Multip_196 |        125 |        125 |       0 |    0 |     0 |      0 |      0 |    0 |          1 |
|     MAC_LANES[2].multip                     |                                  Multip_197 |         28 |         28 |       0 |    0 |     0 |      0 |      0 |    0 |          1 |
|     MAC_LANES[3].multip                     |                                  Multip_198 |          0 |          0 |       0 |    0 |     0 |      0 |      0 |    0 |          1 |
|     MAC_LANES[4].multip                     |                                  Multip_199 |        173 |        173 |       0 |    0 |     0 |      0 |      0 |    0 |          1 |
|     MAC_LANES[5].multip                     |                                  Multip_200 |        170 |        170 |       0 |    0 |     0 |      0 |      0 |    0 |          1 |
|     MAC_LANES[6].multip                     |                                  Multip_201 |          2 |          2 |       0 |    0 |     0 |      0 |      0 |    0 |          1 |
|     MAC_LANES[7].multip                     |                                  Multip_202 |        148 |        148 |       0 |    0 |     0 |      0 |      0 |    0 |          1 |
|     WEIGHT_TRANSFORM_ROWS[1].weight_trf_row | WeightTransformRowConst__parameterized0_203 |        185 |        185 |       0 |    0 |     0 |      0 |      0 |    0 |          0 |
|     WEIGHT_TRANSFORM_ROWS[2].weight_trf_row | WeightTransformRowConst__parameterized1_204 |        771 |        771 |       0 |    0 |     0 |      0 |      0 |    0 |          0 |
|     WEIGHT_TRANSFORM_ROWS[4].weight_trf_row | WeightTransformRowConst__parameterized3_205 |        257 |        257 |       0 |    0 |     0 |      0 |      0 |    0 |          0 |
|     WEIGHT_TRANSFORM_ROWS[5].weight_trf_row | WeightTransformRowConst__parameterized4_206 |        549 |        549 |       0 |    0 |     0 |      0 |      0 |    0 |          0 |
|     WEIGHT_TRANSFORM_ROWS[6].weight_trf_row | WeightTransformRowConst__parameterized5_207 |         63 |         63 |       0 |    0 |     0 |      0 |      0 |    0 |          0 |
|     WEIGHT_TRANSFORM_ROWS[7].weight_trf_row | WeightTransformRowConst__parameterized6_208 |        120 |        120 |       0 |    0 |     0 |      0 |      0 |    0 |          0 |
|   CORES[28].core_inst                       |                                     Conv_19 |       6499 |       6499 |       0 |    0 |  2024 |      0 |      0 |    0 |          8 |
|     (CORES[28].core_inst)                   |                                     Conv_19 |       3955 |       3955 |       0 |    0 |  2024 |      0 |      0 |    0 |          0 |
|     MAC_LANES[0].multip                     |                                  Multip_178 |          4 |          4 |       0 |    0 |     0 |      0 |      0 |    0 |          1 |
|     MAC_LANES[1].multip                     |                                  Multip_179 |         70 |         70 |       0 |    0 |     0 |      0 |      0 |    0 |          1 |
|     MAC_LANES[2].multip                     |                                  Multip_180 |         26 |         26 |       0 |    0 |     0 |      0 |      0 |    0 |          1 |
|     MAC_LANES[3].multip                     |                                  Multip_181 |          0 |          0 |       0 |    0 |     0 |      0 |      0 |    0 |          1 |
|     MAC_LANES[4].multip                     |                                  Multip_182 |        104 |        104 |       0 |    0 |     0 |      0 |      0 |    0 |          1 |
|     MAC_LANES[5].multip                     |                                  Multip_183 |        115 |        115 |       0 |    0 |     0 |      0 |      0 |    0 |          1 |
|     MAC_LANES[6].multip                     |                                  Multip_184 |          2 |          2 |       0 |    0 |     0 |      0 |      0 |    0 |          1 |
|     MAC_LANES[7].multip                     |                                  Multip_185 |         92 |         92 |       0 |    0 |     0 |      0 |      0 |    0 |          1 |
|     WEIGHT_TRANSFORM_ROWS[0].weight_trf_row |                 WeightTransformRowConst_186 |         83 |         83 |       0 |    0 |     0 |      0 |      0 |    0 |          0 |
|     WEIGHT_TRANSFORM_ROWS[1].weight_trf_row | WeightTransformRowConst__parameterized0_187 |        182 |        182 |       0 |    0 |     0 |      0 |      0 |    0 |          0 |
|     WEIGHT_TRANSFORM_ROWS[2].weight_trf_row | WeightTransformRowConst__parameterized1_188 |        747 |        747 |       0 |    0 |     0 |      0 |      0 |    0 |          0 |
|     WEIGHT_TRANSFORM_ROWS[4].weight_trf_row | WeightTransformRowConst__parameterized3_189 |        263 |        263 |       0 |    0 |     0 |      0 |      0 |    0 |          0 |
|     WEIGHT_TRANSFORM_ROWS[5].weight_trf_row | WeightTransformRowConst__parameterized4_190 |        529 |        529 |       0 |    0 |     0 |      0 |      0 |    0 |          0 |
|     WEIGHT_TRANSFORM_ROWS[6].weight_trf_row | WeightTransformRowConst__parameterized5_191 |         66 |         66 |       0 |    0 |     0 |      0 |      0 |    0 |          0 |
|     WEIGHT_TRANSFORM_ROWS[7].weight_trf_row | WeightTransformRowConst__parameterized6_192 |        120 |        120 |       0 |    0 |     0 |      0 |      0 |    0 |          0 |
|     inverse_row_acc                         |                    InverseRowAccumulate_193 |        101 |        101 |       0 |    0 |     0 |      0 |      0 |    0 |          0 |
|     inverse_row_current                     |                              InverseRow_194 |        142 |        142 |       0 |    0 |     0 |      0 |      0 |    0 |          0 |
|   CORES[29].core_inst                       |                                     Conv_20 |       6566 |       6566 |       0 |    0 |  2020 |      0 |      0 |    0 |          8 |
|     (CORES[29].core_inst)                   |                                     Conv_20 |       4044 |       4044 |       0 |    0 |  2020 |      0 |      0 |    0 |          0 |
|     MAC_LANES[0].multip                     |                                  Multip_164 |          3 |          3 |       0 |    0 |     0 |      0 |      0 |    0 |          1 |
|     MAC_LANES[1].multip                     |                                  Multip_165 |        125 |        125 |       0 |    0 |     0 |      0 |      0 |    0 |          1 |
|     MAC_LANES[2].multip                     |                                  Multip_166 |         28 |         28 |       0 |    0 |     0 |      0 |      0 |    0 |          1 |
|     MAC_LANES[3].multip                     |                                  Multip_167 |          0 |          0 |       0 |    0 |     0 |      0 |      0 |    0 |          1 |
|     MAC_LANES[4].multip                     |                                  Multip_168 |        173 |        173 |       0 |    0 |     0 |      0 |      0 |    0 |          1 |
|     MAC_LANES[5].multip                     |                                  Multip_169 |        170 |        170 |       0 |    0 |     0 |      0 |      0 |    0 |          1 |
|     MAC_LANES[6].multip                     |                                  Multip_170 |          2 |          2 |       0 |    0 |     0 |      0 |      0 |    0 |          1 |
|     MAC_LANES[7].multip                     |                                  Multip_171 |        148 |        148 |       0 |    0 |     0 |      0 |      0 |    0 |          1 |
|     WEIGHT_TRANSFORM_ROWS[1].weight_trf_row | WeightTransformRowConst__parameterized0_172 |        195 |        195 |       0 |    0 |     0 |      0 |      0 |    0 |          0 |
|     WEIGHT_TRANSFORM_ROWS[2].weight_trf_row | WeightTransformRowConst__parameterized1_173 |        775 |        775 |       0 |    0 |     0 |      0 |      0 |    0 |          0 |
|     WEIGHT_TRANSFORM_ROWS[4].weight_trf_row | WeightTransformRowConst__parameterized3_174 |        266 |        266 |       0 |    0 |     0 |      0 |      0 |    0 |          0 |
|     WEIGHT_TRANSFORM_ROWS[5].weight_trf_row | WeightTransformRowConst__parameterized4_175 |        554 |        554 |       0 |    0 |     0 |      0 |      0 |    0 |          0 |
|     WEIGHT_TRANSFORM_ROWS[6].weight_trf_row | WeightTransformRowConst__parameterized5_176 |         65 |         65 |       0 |    0 |     0 |      0 |      0 |    0 |          0 |
|     WEIGHT_TRANSFORM_ROWS[7].weight_trf_row | WeightTransformRowConst__parameterized6_177 |        120 |        120 |       0 |    0 |     0 |      0 |      0 |    0 |          0 |
|   CORES[2].core_inst                        |                                     Conv_21 |       6561 |       6561 |       0 |    0 |  2020 |      0 |      0 |    0 |          8 |
|     (CORES[2].core_inst)                    |                                     Conv_21 |       4039 |       4039 |       0 |    0 |  2020 |      0 |      0 |    0 |          0 |
|     MAC_LANES[0].multip                     |                                  Multip_150 |          3 |          3 |       0 |    0 |     0 |      0 |      0 |    0 |          1 |
|     MAC_LANES[1].multip                     |                                  Multip_151 |        125 |        125 |       0 |    0 |     0 |      0 |      0 |    0 |          1 |
|     MAC_LANES[2].multip                     |                                  Multip_152 |         28 |         28 |       0 |    0 |     0 |      0 |      0 |    0 |          1 |
|     MAC_LANES[3].multip                     |                                  Multip_153 |          0 |          0 |       0 |    0 |     0 |      0 |      0 |    0 |          1 |
|     MAC_LANES[4].multip                     |                                  Multip_154 |        172 |        172 |       0 |    0 |     0 |      0 |      0 |    0 |          1 |
|     MAC_LANES[5].multip                     |                                  Multip_155 |        170 |        170 |       0 |    0 |     0 |      0 |      0 |    0 |          1 |
|     MAC_LANES[6].multip                     |                                  Multip_156 |          2 |          2 |       0 |    0 |     0 |      0 |      0 |    0 |          1 |
|     MAC_LANES[7].multip                     |                                  Multip_157 |        148 |        148 |       0 |    0 |     0 |      0 |      0 |    0 |          1 |
|     WEIGHT_TRANSFORM_ROWS[1].weight_trf_row | WeightTransformRowConst__parameterized0_158 |        192 |        192 |       0 |    0 |     0 |      0 |      0 |    0 |          0 |
|     WEIGHT_TRANSFORM_ROWS[2].weight_trf_row | WeightTransformRowConst__parameterized1_159 |        774 |        774 |       0 |    0 |     0 |      0 |      0 |    0 |          0 |
|     WEIGHT_TRANSFORM_ROWS[4].weight_trf_row | WeightTransformRowConst__parameterized3_160 |        265 |        265 |       0 |    0 |     0 |      0 |      0 |    0 |          0 |
|     WEIGHT_TRANSFORM_ROWS[5].weight_trf_row | WeightTransformRowConst__parameterized4_161 |        549 |        549 |       0 |    0 |     0 |      0 |      0 |    0 |          0 |
|     WEIGHT_TRANSFORM_ROWS[6].weight_trf_row | WeightTransformRowConst__parameterized5_162 |         63 |         63 |       0 |    0 |     0 |      0 |      0 |    0 |          0 |
|     WEIGHT_TRANSFORM_ROWS[7].weight_trf_row | WeightTransformRowConst__parameterized6_163 |        120 |        120 |       0 |    0 |     0 |      0 |      0 |    0 |          0 |
|   CORES[30].core_inst                       |                                     Conv_22 |       6504 |       6504 |       0 |    0 |  2024 |      0 |      0 |    0 |          8 |
|     (CORES[30].core_inst)                   |                                     Conv_22 |       3957 |       3957 |       0 |    0 |  2024 |      0 |      0 |    0 |          0 |
|     MAC_LANES[0].multip                     |                                  Multip_136 |          4 |          4 |       0 |    0 |     0 |      0 |      0 |    0 |          1 |
|     MAC_LANES[1].multip                     |                                  Multip_137 |         70 |         70 |       0 |    0 |     0 |      0 |      0 |    0 |          1 |
|     MAC_LANES[2].multip                     |                                  Multip_138 |         26 |         26 |       0 |    0 |     0 |      0 |      0 |    0 |          1 |
|     MAC_LANES[3].multip                     |                                  Multip_139 |          0 |          0 |       0 |    0 |     0 |      0 |      0 |    0 |          1 |
|     MAC_LANES[4].multip                     |                                  Multip_140 |        103 |        103 |       0 |    0 |     0 |      0 |      0 |    0 |          1 |
|     MAC_LANES[5].multip                     |                                  Multip_141 |        115 |        115 |       0 |    0 |     0 |      0 |      0 |    0 |          1 |
|     MAC_LANES[6].multip                     |                                  Multip_142 |          2 |          2 |       0 |    0 |     0 |      0 |      0 |    0 |          1 |
|     MAC_LANES[7].multip                     |                                  Multip_143 |         92 |         92 |       0 |    0 |     0 |      0 |      0 |    0 |          1 |
|     WEIGHT_TRANSFORM_ROWS[0].weight_trf_row |                     WeightTransformRowConst |         83 |         83 |       0 |    0 |     0 |      0 |      0 |    0 |          0 |
|     WEIGHT_TRANSFORM_ROWS[1].weight_trf_row | WeightTransformRowConst__parameterized0_144 |        184 |        184 |       0 |    0 |     0 |      0 |      0 |    0 |          0 |
|     WEIGHT_TRANSFORM_ROWS[2].weight_trf_row | WeightTransformRowConst__parameterized1_145 |        750 |        750 |       0 |    0 |     0 |      0 |      0 |    0 |          0 |
|     WEIGHT_TRANSFORM_ROWS[4].weight_trf_row | WeightTransformRowConst__parameterized3_146 |        265 |        265 |       0 |    0 |     0 |      0 |      0 |    0 |          0 |
|     WEIGHT_TRANSFORM_ROWS[5].weight_trf_row | WeightTransformRowConst__parameterized4_147 |        530 |        530 |       0 |    0 |     0 |      0 |      0 |    0 |          0 |
|     WEIGHT_TRANSFORM_ROWS[6].weight_trf_row | WeightTransformRowConst__parameterized5_148 |         65 |         65 |       0 |    0 |     0 |      0 |      0 |    0 |          0 |
|     WEIGHT_TRANSFORM_ROWS[7].weight_trf_row | WeightTransformRowConst__parameterized6_149 |        120 |        120 |       0 |    0 |     0 |      0 |      0 |    0 |          0 |
|     inverse_row_acc                         |                        InverseRowAccumulate |        101 |        101 |       0 |    0 |     0 |      0 |      0 |    0 |          0 |
|     inverse_row_current                     |                                  InverseRow |        142 |        142 |       0 |    0 |     0 |      0 |      0 |    0 |          0 |
|   CORES[31].core_inst                       |                                     Conv_23 |       6567 |       6567 |       0 |    0 |  2020 |      0 |      0 |    0 |          8 |
|     (CORES[31].core_inst)                   |                                     Conv_23 |       4043 |       4043 |       0 |    0 |  2020 |      0 |      0 |    0 |          0 |
|     MAC_LANES[0].multip                     |                                  Multip_122 |          3 |          3 |       0 |    0 |     0 |      0 |      0 |    0 |          1 |
|     MAC_LANES[1].multip                     |                                  Multip_123 |        125 |        125 |       0 |    0 |     0 |      0 |      0 |    0 |          1 |
|     MAC_LANES[2].multip                     |                                  Multip_124 |         28 |         28 |       0 |    0 |     0 |      0 |      0 |    0 |          1 |
|     MAC_LANES[3].multip                     |                                  Multip_125 |          0 |          0 |       0 |    0 |     0 |      0 |      0 |    0 |          1 |
|     MAC_LANES[4].multip                     |                                  Multip_126 |        173 |        173 |       0 |    0 |     0 |      0 |      0 |    0 |          1 |
|     MAC_LANES[5].multip                     |                                  Multip_127 |        170 |        170 |       0 |    0 |     0 |      0 |      0 |    0 |          1 |
|     MAC_LANES[6].multip                     |                                  Multip_128 |          2 |          2 |       0 |    0 |     0 |      0 |      0 |    0 |          1 |
|     MAC_LANES[7].multip                     |                                  Multip_129 |        148 |        148 |       0 |    0 |     0 |      0 |      0 |    0 |          1 |
|     WEIGHT_TRANSFORM_ROWS[1].weight_trf_row | WeightTransformRowConst__parameterized0_130 |        194 |        194 |       0 |    0 |     0 |      0 |      0 |    0 |          0 |
|     WEIGHT_TRANSFORM_ROWS[2].weight_trf_row | WeightTransformRowConst__parameterized1_131 |        779 |        779 |       0 |    0 |     0 |      0 |      0 |    0 |          0 |
|     WEIGHT_TRANSFORM_ROWS[4].weight_trf_row | WeightTransformRowConst__parameterized3_132 |        266 |        266 |       0 |    0 |     0 |      0 |      0 |    0 |          0 |
|     WEIGHT_TRANSFORM_ROWS[5].weight_trf_row | WeightTransformRowConst__parameterized4_133 |        554 |        554 |       0 |    0 |     0 |      0 |      0 |    0 |          0 |
|     WEIGHT_TRANSFORM_ROWS[6].weight_trf_row | WeightTransformRowConst__parameterized5_134 |         64 |         64 |       0 |    0 |     0 |      0 |      0 |    0 |          0 |
|     WEIGHT_TRANSFORM_ROWS[7].weight_trf_row | WeightTransformRowConst__parameterized6_135 |        120 |        120 |       0 |    0 |     0 |      0 |      0 |    0 |          0 |
|   CORES[3].core_inst                        |                                     Conv_24 |       6558 |       6558 |       0 |    0 |  2020 |      0 |      0 |    0 |          8 |
|     (CORES[3].core_inst)                    |                                     Conv_24 |       4044 |       4044 |       0 |    0 |  2020 |      0 |      0 |    0 |          0 |
|     MAC_LANES[0].multip                     |                                  Multip_108 |          3 |          3 |       0 |    0 |     0 |      0 |      0 |    0 |          1 |
|     MAC_LANES[1].multip                     |                                  Multip_109 |        125 |        125 |       0 |    0 |     0 |      0 |      0 |    0 |          1 |
|     MAC_LANES[2].multip                     |                                  Multip_110 |         28 |         28 |       0 |    0 |     0 |      0 |      0 |    0 |          1 |
|     MAC_LANES[3].multip                     |                                  Multip_111 |          0 |          0 |       0 |    0 |     0 |      0 |      0 |    0 |          1 |
|     MAC_LANES[4].multip                     |                                  Multip_112 |        173 |        173 |       0 |    0 |     0 |      0 |      0 |    0 |          1 |
|     MAC_LANES[5].multip                     |                                  Multip_113 |        170 |        170 |       0 |    0 |     0 |      0 |      0 |    0 |          1 |
|     MAC_LANES[6].multip                     |                                  Multip_114 |          2 |          2 |       0 |    0 |     0 |      0 |      0 |    0 |          1 |
|     MAC_LANES[7].multip                     |                                  Multip_115 |        148 |        148 |       0 |    0 |     0 |      0 |      0 |    0 |          1 |
|     WEIGHT_TRANSFORM_ROWS[1].weight_trf_row | WeightTransformRowConst__parameterized0_116 |        195 |        195 |       0 |    0 |     0 |      0 |      0 |    0 |          0 |
|     WEIGHT_TRANSFORM_ROWS[2].weight_trf_row | WeightTransformRowConst__parameterized1_117 |        770 |        770 |       0 |    0 |     0 |      0 |      0 |    0 |          0 |
|     WEIGHT_TRANSFORM_ROWS[4].weight_trf_row | WeightTransformRowConst__parameterized3_118 |        268 |        268 |       0 |    0 |     0 |      0 |      0 |    0 |          0 |
|     WEIGHT_TRANSFORM_ROWS[5].weight_trf_row | WeightTransformRowConst__parameterized4_119 |        543 |        543 |       0 |    0 |     0 |      0 |      0 |    0 |          0 |
|     WEIGHT_TRANSFORM_ROWS[6].weight_trf_row | WeightTransformRowConst__parameterized5_120 |         62 |         62 |       0 |    0 |     0 |      0 |      0 |    0 |          0 |
|     WEIGHT_TRANSFORM_ROWS[7].weight_trf_row | WeightTransformRowConst__parameterized6_121 |        120 |        120 |       0 |    0 |     0 |      0 |      0 |    0 |          0 |
|   CORES[4].core_inst                        |                                     Conv_25 |       6564 |       6564 |       0 |    0 |  2020 |      0 |      0 |    0 |          8 |
|     (CORES[4].core_inst)                    |                                     Conv_25 |       4042 |       4042 |       0 |    0 |  2020 |      0 |      0 |    0 |          0 |
|     MAC_LANES[0].multip                     |                                   Multip_94 |          3 |          3 |       0 |    0 |     0 |      0 |      0 |    0 |          1 |
|     MAC_LANES[1].multip                     |                                   Multip_95 |        125 |        125 |       0 |    0 |     0 |      0 |      0 |    0 |          1 |
|     MAC_LANES[2].multip                     |                                   Multip_96 |         28 |         28 |       0 |    0 |     0 |      0 |      0 |    0 |          1 |
|     MAC_LANES[3].multip                     |                                   Multip_97 |          0 |          0 |       0 |    0 |     0 |      0 |      0 |    0 |          1 |
|     MAC_LANES[4].multip                     |                                   Multip_98 |        172 |        172 |       0 |    0 |     0 |      0 |      0 |    0 |          1 |
|     MAC_LANES[5].multip                     |                                   Multip_99 |        170 |        170 |       0 |    0 |     0 |      0 |      0 |    0 |          1 |
|     MAC_LANES[6].multip                     |                                  Multip_100 |          2 |          2 |       0 |    0 |     0 |      0 |      0 |    0 |          1 |
|     MAC_LANES[7].multip                     |                                  Multip_101 |        148 |        148 |       0 |    0 |     0 |      0 |      0 |    0 |          1 |
|     WEIGHT_TRANSFORM_ROWS[1].weight_trf_row | WeightTransformRowConst__parameterized0_102 |        196 |        196 |       0 |    0 |     0 |      0 |      0 |    0 |          0 |
|     WEIGHT_TRANSFORM_ROWS[2].weight_trf_row | WeightTransformRowConst__parameterized1_103 |        774 |        774 |       0 |    0 |     0 |      0 |      0 |    0 |          0 |
|     WEIGHT_TRANSFORM_ROWS[4].weight_trf_row | WeightTransformRowConst__parameterized3_104 |        269 |        269 |       0 |    0 |     0 |      0 |      0 |    0 |          0 |
|     WEIGHT_TRANSFORM_ROWS[5].weight_trf_row | WeightTransformRowConst__parameterized4_105 |        546 |        546 |       0 |    0 |     0 |      0 |      0 |    0 |          0 |
|     WEIGHT_TRANSFORM_ROWS[6].weight_trf_row | WeightTransformRowConst__parameterized5_106 |         61 |         61 |       0 |    0 |     0 |      0 |      0 |    0 |          0 |
|     WEIGHT_TRANSFORM_ROWS[7].weight_trf_row | WeightTransformRowConst__parameterized6_107 |        120 |        120 |       0 |    0 |     0 |      0 |      0 |    0 |          0 |
|   CORES[5].core_inst                        |                                     Conv_26 |       6572 |       6572 |       0 |    0 |  2020 |      0 |      0 |    0 |          8 |
|     (CORES[5].core_inst)                    |                                     Conv_26 |       4047 |       4047 |       0 |    0 |  2020 |      0 |      0 |    0 |          0 |
|     MAC_LANES[0].multip                     |                                   Multip_80 |          3 |          3 |       0 |    0 |     0 |      0 |      0 |    0 |          1 |
|     MAC_LANES[1].multip                     |                                   Multip_81 |        125 |        125 |       0 |    0 |     0 |      0 |      0 |    0 |          1 |
|     MAC_LANES[2].multip                     |                                   Multip_82 |         28 |         28 |       0 |    0 |     0 |      0 |      0 |    0 |          1 |
|     MAC_LANES[3].multip                     |                                   Multip_83 |          0 |          0 |       0 |    0 |     0 |      0 |      0 |    0 |          1 |
|     MAC_LANES[4].multip                     |                                   Multip_84 |        174 |        174 |       0 |    0 |     0 |      0 |      0 |    0 |          1 |
|     MAC_LANES[5].multip                     |                                   Multip_85 |        170 |        170 |       0 |    0 |     0 |      0 |      0 |    0 |          1 |
|     MAC_LANES[6].multip                     |                                   Multip_86 |          2 |          2 |       0 |    0 |     0 |      0 |      0 |    0 |          1 |
|     MAC_LANES[7].multip                     |                                   Multip_87 |        148 |        148 |       0 |    0 |     0 |      0 |      0 |    0 |          1 |
|     WEIGHT_TRANSFORM_ROWS[1].weight_trf_row |  WeightTransformRowConst__parameterized0_88 |        197 |        197 |       0 |    0 |     0 |      0 |      0 |    0 |          0 |
|     WEIGHT_TRANSFORM_ROWS[2].weight_trf_row |  WeightTransformRowConst__parameterized1_89 |        778 |        778 |       0 |    0 |     0 |      0 |      0 |    0 |          0 |
|     WEIGHT_TRANSFORM_ROWS[4].weight_trf_row |  WeightTransformRowConst__parameterized3_90 |        265 |        265 |       0 |    0 |     0 |      0 |      0 |    0 |          0 |
|     WEIGHT_TRANSFORM_ROWS[5].weight_trf_row |  WeightTransformRowConst__parameterized4_91 |        551 |        551 |       0 |    0 |     0 |      0 |      0 |    0 |          0 |
|     WEIGHT_TRANSFORM_ROWS[6].weight_trf_row |  WeightTransformRowConst__parameterized5_92 |         63 |         63 |       0 |    0 |     0 |      0 |      0 |    0 |          0 |
|     WEIGHT_TRANSFORM_ROWS[7].weight_trf_row |  WeightTransformRowConst__parameterized6_93 |        120 |        120 |       0 |    0 |     0 |      0 |      0 |    0 |          0 |
|   CORES[6].core_inst                        |                                     Conv_27 |       6563 |       6563 |       0 |    0 |  2020 |      0 |      0 |    0 |          8 |
|     (CORES[6].core_inst)                    |                                     Conv_27 |       4045 |       4045 |       0 |    0 |  2020 |      0 |      0 |    0 |          0 |
|     MAC_LANES[0].multip                     |                                   Multip_66 |          3 |          3 |       0 |    0 |     0 |      0 |      0 |    0 |          1 |
|     MAC_LANES[1].multip                     |                                   Multip_67 |        125 |        125 |       0 |    0 |     0 |      0 |      0 |    0 |          1 |
|     MAC_LANES[2].multip                     |                                   Multip_68 |         28 |         28 |       0 |    0 |     0 |      0 |      0 |    0 |          1 |
|     MAC_LANES[3].multip                     |                                   Multip_69 |          0 |          0 |       0 |    0 |     0 |      0 |      0 |    0 |          1 |
|     MAC_LANES[4].multip                     |                                   Multip_70 |        170 |        170 |       0 |    0 |     0 |      0 |      0 |    0 |          1 |
|     MAC_LANES[5].multip                     |                                   Multip_71 |        170 |        170 |       0 |    0 |     0 |      0 |      0 |    0 |          1 |
|     MAC_LANES[6].multip                     |                                   Multip_72 |          2 |          2 |       0 |    0 |     0 |      0 |      0 |    0 |          1 |
|     MAC_LANES[7].multip                     |                                   Multip_73 |        148 |        148 |       0 |    0 |     0 |      0 |      0 |    0 |          1 |
|     WEIGHT_TRANSFORM_ROWS[1].weight_trf_row |  WeightTransformRowConst__parameterized0_74 |        185 |        185 |       0 |    0 |     0 |      0 |      0 |    0 |          0 |
|     WEIGHT_TRANSFORM_ROWS[2].weight_trf_row |  WeightTransformRowConst__parameterized1_75 |        774 |        774 |       0 |    0 |     0 |      0 |      0 |    0 |          0 |
|     WEIGHT_TRANSFORM_ROWS[4].weight_trf_row |  WeightTransformRowConst__parameterized3_76 |        257 |        257 |       0 |    0 |     0 |      0 |      0 |    0 |          0 |
|     WEIGHT_TRANSFORM_ROWS[5].weight_trf_row |  WeightTransformRowConst__parameterized4_77 |        551 |        551 |       0 |    0 |     0 |      0 |      0 |    0 |          0 |
|     WEIGHT_TRANSFORM_ROWS[6].weight_trf_row |  WeightTransformRowConst__parameterized5_78 |         64 |         64 |       0 |    0 |     0 |      0 |      0 |    0 |          0 |
|     WEIGHT_TRANSFORM_ROWS[7].weight_trf_row |  WeightTransformRowConst__parameterized6_79 |        120 |        120 |       0 |    0 |     0 |      0 |      0 |    0 |          0 |
|   CORES[7].core_inst                        |                                     Conv_28 |       6567 |       6567 |       0 |    0 |  2020 |      0 |      0 |    0 |          8 |
|     (CORES[7].core_inst)                    |                                     Conv_28 |       4045 |       4045 |       0 |    0 |  2020 |      0 |      0 |    0 |          0 |
|     MAC_LANES[0].multip                     |                                   Multip_52 |          3 |          3 |       0 |    0 |     0 |      0 |      0 |    0 |          1 |
|     MAC_LANES[1].multip                     |                                   Multip_53 |        125 |        125 |       0 |    0 |     0 |      0 |      0 |    0 |          1 |
|     MAC_LANES[2].multip                     |                                   Multip_54 |         28 |         28 |       0 |    0 |     0 |      0 |      0 |    0 |          1 |
|     MAC_LANES[3].multip                     |                                   Multip_55 |          0 |          0 |       0 |    0 |     0 |      0 |      0 |    0 |          1 |
|     MAC_LANES[4].multip                     |                                   Multip_56 |        173 |        173 |       0 |    0 |     0 |      0 |      0 |    0 |          1 |
|     MAC_LANES[5].multip                     |                                   Multip_57 |        170 |        170 |       0 |    0 |     0 |      0 |      0 |    0 |          1 |
|     MAC_LANES[6].multip                     |                                   Multip_58 |          2 |          2 |       0 |    0 |     0 |      0 |      0 |    0 |          1 |
|     MAC_LANES[7].multip                     |                                   Multip_59 |        148 |        148 |       0 |    0 |     0 |      0 |      0 |    0 |          1 |
|     WEIGHT_TRANSFORM_ROWS[1].weight_trf_row |  WeightTransformRowConst__parameterized0_60 |        194 |        194 |       0 |    0 |     0 |      0 |      0 |    0 |          0 |
|     WEIGHT_TRANSFORM_ROWS[2].weight_trf_row |  WeightTransformRowConst__parameterized1_61 |        772 |        772 |       0 |    0 |     0 |      0 |      0 |    0 |          0 |
|     WEIGHT_TRANSFORM_ROWS[4].weight_trf_row |  WeightTransformRowConst__parameterized3_62 |        266 |        266 |       0 |    0 |     0 |      0 |      0 |    0 |          0 |
|     WEIGHT_TRANSFORM_ROWS[5].weight_trf_row |  WeightTransformRowConst__parameterized4_63 |        553 |        553 |       0 |    0 |     0 |      0 |      0 |    0 |          0 |
|     WEIGHT_TRANSFORM_ROWS[6].weight_trf_row |  WeightTransformRowConst__parameterized5_64 |         68 |         68 |       0 |    0 |     0 |      0 |      0 |    0 |          0 |
|     WEIGHT_TRANSFORM_ROWS[7].weight_trf_row |  WeightTransformRowConst__parameterized6_65 |        120 |        120 |       0 |    0 |     0 |      0 |      0 |    0 |          0 |
|   CORES[8].core_inst                        |                                     Conv_29 |       6563 |       6563 |       0 |    0 |  2020 |      0 |      0 |    0 |          8 |
|     (CORES[8].core_inst)                    |                                     Conv_29 |       4041 |       4041 |       0 |    0 |  2020 |      0 |      0 |    0 |          0 |
|     MAC_LANES[0].multip                     |                                   Multip_38 |          3 |          3 |       0 |    0 |     0 |      0 |      0 |    0 |          1 |
|     MAC_LANES[1].multip                     |                                   Multip_39 |        125 |        125 |       0 |    0 |     0 |      0 |      0 |    0 |          1 |
|     MAC_LANES[2].multip                     |                                   Multip_40 |         28 |         28 |       0 |    0 |     0 |      0 |      0 |    0 |          1 |
|     MAC_LANES[3].multip                     |                                   Multip_41 |          0 |          0 |       0 |    0 |     0 |      0 |      0 |    0 |          1 |
|     MAC_LANES[4].multip                     |                                   Multip_42 |        172 |        172 |       0 |    0 |     0 |      0 |      0 |    0 |          1 |
|     MAC_LANES[5].multip                     |                                   Multip_43 |        170 |        170 |       0 |    0 |     0 |      0 |      0 |    0 |          1 |
|     MAC_LANES[6].multip                     |                                   Multip_44 |          2 |          2 |       0 |    0 |     0 |      0 |      0 |    0 |          1 |
|     MAC_LANES[7].multip                     |                                   Multip_45 |        148 |        148 |       0 |    0 |     0 |      0 |      0 |    0 |          1 |
|     WEIGHT_TRANSFORM_ROWS[1].weight_trf_row |  WeightTransformRowConst__parameterized0_46 |        193 |        193 |       0 |    0 |     0 |      0 |      0 |    0 |          0 |
|     WEIGHT_TRANSFORM_ROWS[2].weight_trf_row |  WeightTransformRowConst__parameterized1_47 |        771 |        771 |       0 |    0 |     0 |      0 |      0 |    0 |          0 |
|     WEIGHT_TRANSFORM_ROWS[4].weight_trf_row |  WeightTransformRowConst__parameterized3_48 |        265 |        265 |       0 |    0 |     0 |      0 |      0 |    0 |          0 |
|     WEIGHT_TRANSFORM_ROWS[5].weight_trf_row |  WeightTransformRowConst__parameterized4_49 |        544 |        544 |       0 |    0 |     0 |      0 |      0 |    0 |          0 |
|     WEIGHT_TRANSFORM_ROWS[6].weight_trf_row |  WeightTransformRowConst__parameterized5_50 |         62 |         62 |       0 |    0 |     0 |      0 |      0 |    0 |          0 |
|     WEIGHT_TRANSFORM_ROWS[7].weight_trf_row |  WeightTransformRowConst__parameterized6_51 |        120 |        120 |       0 |    0 |     0 |      0 |      0 |    0 |          0 |
|   CORES[9].core_inst                        |                                     Conv_30 |       6555 |       6555 |       0 |    0 |  2020 |      0 |      0 |    0 |          8 |
|     (CORES[9].core_inst)                    |                                     Conv_30 |       4041 |       4041 |       0 |    0 |  2020 |      0 |      0 |    0 |          0 |
|     MAC_LANES[0].multip                     |                                      Multip |          3 |          3 |       0 |    0 |     0 |      0 |      0 |    0 |          1 |
|     MAC_LANES[1].multip                     |                                   Multip_31 |        125 |        125 |       0 |    0 |     0 |      0 |      0 |    0 |          1 |
|     MAC_LANES[2].multip                     |                                   Multip_32 |         28 |         28 |       0 |    0 |     0 |      0 |      0 |    0 |          1 |
|     MAC_LANES[3].multip                     |                                   Multip_33 |          0 |          0 |       0 |    0 |     0 |      0 |      0 |    0 |          1 |
|     MAC_LANES[4].multip                     |                                   Multip_34 |        169 |        169 |       0 |    0 |     0 |      0 |      0 |    0 |          1 |
|     MAC_LANES[5].multip                     |                                   Multip_35 |        170 |        170 |       0 |    0 |     0 |      0 |      0 |    0 |          1 |
|     MAC_LANES[6].multip                     |                                   Multip_36 |          2 |          2 |       0 |    0 |     0 |      0 |      0 |    0 |          1 |
|     MAC_LANES[7].multip                     |                                   Multip_37 |        148 |        148 |       0 |    0 |     0 |      0 |      0 |    0 |          1 |
|     WEIGHT_TRANSFORM_ROWS[1].weight_trf_row |     WeightTransformRowConst__parameterized0 |        196 |        196 |       0 |    0 |     0 |      0 |      0 |    0 |          0 |
|     WEIGHT_TRANSFORM_ROWS[2].weight_trf_row |     WeightTransformRowConst__parameterized1 |        781 |        781 |       0 |    0 |     0 |      0 |      0 |    0 |          0 |
|     WEIGHT_TRANSFORM_ROWS[4].weight_trf_row |     WeightTransformRowConst__parameterized3 |        268 |        268 |       0 |    0 |     0 |      0 |      0 |    0 |          0 |
|     WEIGHT_TRANSFORM_ROWS[5].weight_trf_row |     WeightTransformRowConst__parameterized4 |        554 |        554 |       0 |    0 |     0 |      0 |      0 |    0 |          0 |
|     WEIGHT_TRANSFORM_ROWS[6].weight_trf_row |     WeightTransformRowConst__parameterized5 |         62 |         62 |       0 |    0 |     0 |      0 |      0 |    0 |          0 |
|     WEIGHT_TRANSFORM_ROWS[7].weight_trf_row |     WeightTransformRowConst__parameterized6 |        120 |        120 |       0 |    0 |     0 |      0 |      0 |    0 |          0 |
+---------------------------------------------+---------------------------------------------+------------+------------+---------+------+-------+--------+--------+------+------------+
* Note: The sum of lower-level cells may be larger than their parent cells total, due to cross-hierarchy LUT combining


