============================================================
  Generated by:           Genus(TM) Synthesis Solution 21.12-s068_1
  Generated on:           Oct 09 2026  12:19:23 am
  Module:                 Conv
  Library domain:         timing_cond_0p81v_125c
    Domain index:         0
    Technology library:   tcbn28hpcplusbwp30p140ssg0p81v125c 110
  Operating conditions:   ssg0p81v125c 
  Interconnect mode:      global
  Area mode:              physical library
============================================================

                 Instance                           Module           Cell Count  Cell Area  Net Area   Total Area 
------------------------------------------------------------------------------------------------------------------
Conv                                                                      24781  26675.082 11446.409    38121.491 
  INVERSE_ROW_BATCH[0].inverse_row        InverseRow                        140    261.828    52.087      313.915 
  MAC_LANES[0].multip                     Multip                            416    428.022   170.670      598.692 
  MAC_LANES[1].multip                     Multip_511                        416    428.022   170.670      598.692 
  MAC_LANES[2].multip                     Multip_510                        416    428.022   170.670      598.692 
  MAC_LANES[3].multip                     Multip_509                        416    428.022   170.670      598.692 
  MAC_LANES[4].multip                     Multip_508                        416    428.022   170.670      598.692 
  WEIGHT_TRANSFORM_ROWS[0].weight_trf_row WeightTransformRowConst          2266   1947.708   895.555     2843.263 
  WEIGHT_TRANSFORM_ROWS[1].weight_trf_row WeightTransformRowConst_0        3549   3782.394  1465.862     5248.256 
  WEIGHT_TRANSFORM_ROWS[2].weight_trf_row WeightTransformRowConst_1        2882   2996.658  1193.094     4189.752 
  WEIGHT_TRANSFORM_ROWS[3].weight_trf_row WeightTransformRowConst_2        3192   3092.040  1283.083     4375.123 
  WEIGHT_TRANSFORM_ROWS[4].weight_trf_row WeightTransformRowConst_3        2365   2053.044   936.161     2989.205 
  inverse_row_acc                         InverseRowAccumulate              637    611.856   236.456      848.312 
  trf                                     Transform                        2399   3890.250  1096.379     4986.629 
    matrix_c0                             MatrixC0                         1153   1925.280   445.869     2371.149 
    matrix_c1                             MatrixC1                         1246   1964.970   478.888     2443.858 
