============================================================
  Generated by:           Genus(TM) Synthesis Solution 21.12-s068_1
  Generated on:           Oct 03 2026  11:52:18 am
  Module:                 Conv
  Operating conditions:   ssg0p81v125c 
  Interconnect mode:      global
  Area mode:              physical library
============================================================


Path 1: MET (0 ps) Late External Delay Assertion at pin p_output_data_write[19]
           View: analysis_view_0p81v_125c_capwst_slowest
          Group: clk
     Startpoint: (R) r_output_write_count_reg[0]/CP
          Clock: (R) clk
       Endpoint: (R) p_output_data_write[19]
          Clock: (R) clk

                     Capture       Launch     
        Clock Edge:+    2000            0     
       Src Latency:+       0            0     
       Net Latency:+       0 (I)        0 (I) 
           Arrival:=    2000            0     
                                              
      Output Delay:-    1000                  
     Required Time:=    1000                  
      Launch Clock:-       0                  
         Data Path:-    1000                  
             Slack:=       0                  

Exceptions/Constraints:
  output_delay             1000            constraints.sdc_line_25_78_1 

#-----------------------------------------------------------------------------------------------------------------
#         Timing Point           Flags    Arc   Edge        Cell         Fanout Load Trans Delay Arrival Instance 
#                                                                               (fF)  (ps)  (ps)   (ps)  Location 
#-----------------------------------------------------------------------------------------------------------------
  r_output_write_count_reg[0]/CP -       -      R     (arrival)               4    -     0     0       0    (-,-) 
  r_output_write_count_reg[0]/QN -       CP->QN R     DFCND1BWP30P140         2  3.6    25    81      81    (-,-) 
  g75407/ZN                      -       A2->ZN F     NR2D3BWP30P140          9 11.7    27    23     104    (-,-) 
  g75370/ZN                      -       A1->ZN R     ND2D3BWP30P140          7  9.0    23    21     125    (-,-) 
  g75183/ZN                      -       I->ZN  F     CKND6BWP30P140         38 33.2    32    25     150    (-,-) 
  g73774/ZN                      -       B1->ZN R     AOI22D1BWP30P140        1  1.3    32    32     182    (-,-) 
  g73469/ZN                      -       A1->ZN F     ND2D1BWP30P140          1  1.2    23    19     201    (-,-) 
  g76263/ZN                      -       A1->ZN F     IND4D1BWP30P140         1  2.7    71    65     266    (-,-) 
  add_758_69_g480/CO             -       A->CO  F     FA1D1BWP30P140          1  2.5    24    68     334    (-,-) 
  add_758_69_g479/CO             -       CI->CO F     FA1OPTCD2BWP30P140      1  2.5    17    28     361    (-,-) 
  add_758_69_g478/CO             -       CI->CO F     FA1OPTCD1BWP30P140      1  2.5    23    31     392    (-,-) 
  add_758_69_g477/CO             -       CI->CO F     FA1OPTCD1BWP30P140      1  2.5    23    33     425    (-,-) 
  add_758_69_g476/CO             -       CI->CO F     FA1OPTCD1BWP30P140      1  2.5    23    33     458    (-,-) 
  add_758_69_g475/CO             -       CI->CO F     FA1OPTCD1BWP30P140      1  2.1    21    32     490    (-,-) 
  add_758_69_g474/CO             -       CI->CO F     FA1D1BWP30P140          1  2.5    23    44     534    (-,-) 
  add_758_69_g473/CO             -       CI->CO F     FA1OPTCD1BWP30P140      1  2.5    23    33     567    (-,-) 
  add_758_69_g472/CO             -       CI->CO F     FA1OPTCD1BWP30P140      1  2.5    23    33     600    (-,-) 
  add_758_69_g471/CO             -       CI->CO F     FA1OPTCD1BWP30P140      1  2.5    23    33     632    (-,-) 
  add_758_69_g470/CO             -       CI->CO F     FA1OPTCD1BWP30P140      1  2.5    23    33     665    (-,-) 
  add_758_69_g469/CO             -       CI->CO F     FA1OPTCD1BWP30P140      1  2.5    23    33     698    (-,-) 
  add_758_69_g468/CO             -       CI->CO F     FA1OPTCD2BWP30P140      1  2.5    17    27     725    (-,-) 
  add_758_69_g467/CO             -       CI->CO F     FA1OPTCD1BWP30P140      1  2.1    21    30     755    (-,-) 
  add_758_69_g466/CO             -       CI->CO F     FA1D1BWP30P140          1  2.1    21    43     798    (-,-) 
  add_758_69_g465/CO             -       CI->CO F     FA1D1BWP30P140          1  2.1    21    43     841    (-,-) 
  add_758_69_g464/CO             -       CI->CO F     FA1D1BWP30P140          1  2.1    21    43     885    (-,-) 
  add_758_69_g463/CO             -       CI->CO F     FA1D1BWP30P140          1  1.4    18    40     925    (-,-) 
  g76269/Z                       -       A1->Z  R     XOR3D1BWP30P140         1  4.8    31    75    1000    (-,-) 
  p_output_data_write[19]        <<<     -      R     (port)                  -    -     -     0    1000    (-,-) 
#-----------------------------------------------------------------------------------------------------------------


