============================================================
  Generated by:           Genus(TM) Synthesis Solution 21.12-s068_1
  Generated on:           Oct 03 2026  11:52:33 am
  Module:                 Conv
  Operating conditions:   ssg0p81v125c 
  Operating conditions:   tt0p9v25c 
  Operating conditions:   ffg0p99vm40c 
  Interconnect mode:      global
  Area mode:              physical library
============================================================


Path 1: MET (402 ps) Late External Delay Assertion at pin p_output_data_write[19]
           View: analysis_view_0p99v_m40c_capbst_fastest
          Group: clk
     Startpoint: (R) r_output_write_count_reg[0]/CP
          Clock: (R) clk
       Endpoint: (R) p_output_data_write[19]
          Clock: (R) clk

                     Capture       Launch     
        Clock Edge:+    2000            0     
       Src Latency:+       0            0     
       Net Latency:+       0 (I)        0 (I) 
           Arrival:=    2000            0     
                                              
      Output Delay:-    1000                  
     Required Time:=    1000                  
      Launch Clock:-       0                  
         Data Path:-     598                  
             Slack:=     402                  

Exceptions/Constraints:
  output_delay             1000            tmp_sdc_analysis_vie_1_line_431 

#-----------------------------------------------------------------------------------------------------------------
#         Timing Point           Flags    Arc   Edge        Cell         Fanout Load Trans Delay Arrival Instance 
#                                                                               (fF)  (ps)  (ps)   (ps)  Location 
#-----------------------------------------------------------------------------------------------------------------
  r_output_write_count_reg[0]/CP -       -      R     (arrival)               4    -     0     0       0    (-,-) 
  r_output_write_count_reg[0]/QN -       CP->QN R     DFCND1BWP30P140         2  4.4    17    49      49    (-,-) 
  g75406/ZN                      -       A2->ZN F     NR2D2BWP30P140          5  8.3    17    14      64    (-,-) 
  g75357/Z                       -       A1->Z  F     AN2D4BWP30P140         36 40.2    33    29      93    (-,-) 
  g75170/ZN                      -       I->ZN  R     CKND1BWP30P140          5  6.4    29    26     119    (-,-) 
  g73785/ZN                      -       B1->ZN F     OAI22D1BWP30P140        1  1.7    20    18     137    (-,-) 
  g73463/ZN                      -       A2->ZN R     NR2D1BWP30P140          1  2.1    16    16     153    (-,-) 
  g73221/ZN                      -       A2->ZN F     ND3D1P5BWP30P140        2  2.8    21    16     170    (-,-) 
  add_758_69_g483/Z              -       A2->Z  F     AN2D2BWP30P140          2  3.5     8    17     186    (-,-) 
  add_758_69_g480/CO             -       CI->CO F     FA1D1BWP30P140          1  3.0    15    24     210    (-,-) 
  add_758_69_g479/CO             -       CI->CO F     FA1OPTCD2BWP30P140      1  3.0    10    16     226    (-,-) 
  add_758_69_g478/CO             -       CI->CO F     FA1OPTCD1BWP30P140      1  3.0    14    18     245    (-,-) 
  add_758_69_g477/CO             -       CI->CO F     FA1OPTCD1BWP30P140      1  3.0    14    20     264    (-,-) 
  add_758_69_g476/CO             -       CI->CO F     FA1OPTCD1BWP30P140      1  3.0    14    20     284    (-,-) 
  add_758_69_g475/CO             -       CI->CO F     FA1OPTCD1BWP30P140      1  2.4    12    18     302    (-,-) 
  add_758_69_g474/CO             -       CI->CO F     FA1D1BWP30P140          1  3.0    14    25     327    (-,-) 
  add_758_69_g473/CO             -       CI->CO F     FA1OPTCD1BWP30P140      1  3.0    14    20     347    (-,-) 
  add_758_69_g472/CO             -       CI->CO F     FA1OPTCD1BWP30P140      1  3.0    14    20     366    (-,-) 
  add_758_69_g471/CO             -       CI->CO F     FA1OPTCD1BWP30P140      1  3.0    14    20     386    (-,-) 
  add_758_69_g470/CO             -       CI->CO F     FA1OPTCD1BWP30P140      1  3.0    14    20     405    (-,-) 
  add_758_69_g469/CO             -       CI->CO F     FA1OPTCD1BWP30P140      1  3.0    14    20     425    (-,-) 
  add_758_69_g468/CO             -       CI->CO F     FA1OPTCD2BWP30P140      1  3.0    10    16     441    (-,-) 
  add_758_69_g467/CO             -       CI->CO F     FA1OPTCD1BWP30P140      1  2.4    12    17     458    (-,-) 
  add_758_69_g466/CO             -       CI->CO F     FA1D1BWP30P140          1  2.4    12    24     482    (-,-) 
  add_758_69_g465/CO             -       CI->CO F     FA1D1BWP30P140          1  2.4    12    24     506    (-,-) 
  add_758_69_g464/CO             -       CI->CO F     FA1D1BWP30P140          1  2.4    12    24     531    (-,-) 
  add_758_69_g463/CO             -       CI->CO F     FA1D1BWP30P140          1  1.8    11    23     554    (-,-) 
  g76269/Z                       -       A1->Z  R     XOR3D1BWP30P140         1  5.2    20    44     597    (-,-) 
  p_output_data_write[19]        <<<     -      R     (port)                  -    -     -     0     598    (-,-) 
#-----------------------------------------------------------------------------------------------------------------


