============================================================
  Generated by:           Genus(TM) Synthesis Solution 21.12-s068_1
  Generated on:           Aug 30 2026  06:50:11 pm
  Module:                 Conv
  Operating conditions:   ssg0p81v125c 
  Operating conditions:   tt0p9v25c 
  Interconnect mode:      global
  Area mode:              physical library
============================================================


Path 1: MET (237 ps) Late External Delay Assertion at pin p_output_data_write[19]
           View: analysis_view_0p90v_25c_captyp_nominal
          Group: clk
     Startpoint: (R) r_output_write_count_reg[0]/CP
          Clock: (R) clk
       Endpoint: (F) p_output_data_write[19]
          Clock: (R) clk

                     Capture       Launch     
        Clock Edge:+    2000            0     
       Src Latency:+       0            0     
       Net Latency:+       0 (I)        0 (I) 
           Arrival:=    2000            0     
                                              
      Output Delay:-    1000                  
     Required Time:=    1000                  
      Launch Clock:-       0                  
         Data Path:-     763                  
             Slack:=     237                  

Exceptions/Constraints:
  output_delay             1000            tmp_sdc_analysis_vie_line_593 

#-----------------------------------------------------------------------------------------------------------------
#         Timing Point           Flags    Arc   Edge        Cell         Fanout Load Trans Delay Arrival Instance 
#                                                                               (fF)  (ps)  (ps)   (ps)  Location 
#-----------------------------------------------------------------------------------------------------------------
  r_output_write_count_reg[0]/CP -       -      R     (arrival)              64    -     0     0       0    (-,-) 
  r_output_write_count_reg[0]/Q  -       CP->Q  F     EDFCND1BWP30P140        9 11.7    48    63      63    (-,-) 
  g27773/Z                       -       A2->Z  F     AN2D4BWP30P140         47 48.3    50    49     112    (-,-) 
  g27263/ZN                      -       B1->ZN R     AOI22D1BWP30P140        1  1.5    28    31     143    (-,-) 
  g27143/ZN                      -       A2->ZN F     ND2D1BWP30P140          2  2.3    23    20     164    (-,-) 
  add_756_69_g482/Z              -       A1->Z  F     CKAN2D1BWP30P140        2  3.3    17    26     190    (-,-) 
  add_756_69_g480/CO             -       CI->CO F     FA1D1BWP30P140          1  2.2    16    32     222    (-,-) 
  add_756_69_g479/CO             -       CI->CO F     FA1D1BWP30P140          1  2.2    16    32     254    (-,-) 
  add_756_69_g478/CO             -       CI->CO F     FA1D1BWP30P140          1  2.2    16    32     286    (-,-) 
  add_756_69_g477/CO             -       CI->CO F     FA1D1BWP30P140          1  2.7    17    33     320    (-,-) 
  add_756_69_g476/CO             -       CI->CO F     FA1OPTCD1BWP30P140      1  2.7    18    25     345    (-,-) 
  add_756_69_g475/CO             -       CI->CO F     FA1OPTCD1BWP30P140      1  2.7    18    25     370    (-,-) 
  add_756_69_g474/CO             -       CI->CO F     FA1OPTCD1BWP30P140      1  2.7    18    25     396    (-,-) 
  add_756_69_g473/CO             -       CI->CO F     FA1OPTCD1BWP30P140      1  2.7    18    25     421    (-,-) 
  add_756_69_g472/CO             -       CI->CO F     FA1OPTCD1BWP30P140      1  2.7    18    25     447    (-,-) 
  add_756_69_g471/CO             -       CI->CO F     FA1OPTCD1BWP30P140      1  2.2    16    24     471    (-,-) 
  add_756_69_g470/CO             -       CI->CO F     FA1D1BWP30P140          1  2.2    16    32     503    (-,-) 
  add_756_69_g469/CO             -       CI->CO F     FA1D1BWP30P140          1  2.2    16    32     535    (-,-) 
  add_756_69_g468/CO             -       CI->CO F     FA1D1BWP30P140          1  2.2    16    32     567    (-,-) 
  add_756_69_g467/CO             -       CI->CO F     FA1D1BWP30P140          1  2.2    16    32     599    (-,-) 
  add_756_69_g466/CO             -       CI->CO F     FA1D1BWP30P140          1  2.2    16    32     631    (-,-) 
  add_756_69_g465/CO             -       CI->CO F     FA1D1BWP30P140          1  2.2    16    32     663    (-,-) 
  add_756_69_g464/CO             -       CI->CO F     FA1D1BWP30P140          1  2.2    16    32     695    (-,-) 
  add_756_69_g463/CO             -       CI->CO F     FA1D1BWP30P140          1  1.5    13    30     725    (-,-) 
  add_756_69_g462/Z              -       A3->Z  F     XOR3UD1BWP30P140        1  5.0    45    38     763    (-,-) 
  p_output_data_write[19]        <<<     -      F     (port)                  -    -     -     0     763    (-,-) 
#-----------------------------------------------------------------------------------------------------------------


