============================================================
  Generated by:           Genus(TM) Synthesis Solution 21.12-s068_1
  Generated on:           Sep 01 2026  08:30:11 am
  Module:                 Conv
  Operating conditions:   ssg0p81v125c 
  Operating conditions:   tt0p9v25c 
  Operating conditions:   ffg0p99vm40c 
  Interconnect mode:      global
  Area mode:              physical library
============================================================


Path 1: UNCONSTRAINED
           View: analysis_view_0p99v_m40c_capbst_fastest
     Startpoint: (R) clk
          Clock: (R) clk
       Endpoint: (R) st_input_current_reg[1]/CP

                     Capture    Launch     
        Clock Edge:+       -         0     
        Drv Adjust:+       0         0     
       Src Latency:+       -         0     
       Net Latency:+       -         0 (I) 
           Arrival:=       -         0     
                                           
      Launch Clock:-       0               
       Input Delay:-       0               
         Data Path:-       0               

Exceptions/Constraints:
  input_delay              0              create_clock_delay_domain_1_clk_R_0 

#---------------------------------------------------------------------------------------------------------
#       Timing Point         Flags   Arc   Edge      Cell        Fanout Load Trans Delay Arrival Instance 
#                                                                       (fF)  (ps)  (ps)   (ps)  Location 
#---------------------------------------------------------------------------------------------------------
  clk                        (i)     -     R     (arrival)           66  0.0     2     0       0    (-,-) 
  st_input_current_reg[1]/CP -       -     R     DFCND1BWP30P140     66    -     -     0       0    (-,-) 
#---------------------------------------------------------------------------------------------------------

(i) : Net is ideal.


