============================================================
  Generated by:           Genus(TM) Synthesis Solution 21.12-s068_1
  Generated on:           Sep 01 2026  08:29:56 am
  Module:                 Conv
  Library domain:         timing_cond_0p81v_125c
    Domain index:         0
    Technology library:   tcbn28hpcplusbwp30p140ssg0p81v125c 110
  Operating conditions:   ssg0p81v125c 
  Interconnect mode:      global
  Area mode:              physical library
============================================================

       Instance              Module         Cell Count  Cell Area  Net Area   Total Area 
-----------------------------------------------------------------------------------------
Conv                                              8473   8467.074  3660.696    12127.770 
  inverse_row_acc     InverseRowAccumulate         339    331.128   133.279      464.407 
  inverse_row_current InverseRow                    97    171.360    33.045      204.405 
  multip0             Multip                       624    641.214   255.517      896.731 
  multip1             Multip_232                   630    642.348   256.746      899.094 
  multip2             Multip_231                   630    642.096   256.746      898.842 
  multip3             Multip_230                   587    629.118   244.024      873.142 
  trf                 Transform                   2829   1875.258   934.706     2809.964 
    matrix_c0         MatrixC0                    1470    974.736   393.718     1368.454 
    matrix_c1         MatrixC1                    1359    900.522   365.764     1266.286 
