xrun(64): 23.03-s003: (c) Copyright 1995-2023 Cadence Design Systems, Inc.
TOOL:	xrun(64)	23.03-s003: Started on Jan 27, 2026 at 18:06:55 -03
xrun
	-f args.txt
		-smartorder
		-work work
		-top tb
		-access +rw
		-maxdelays
		-sdf_cmd_file sdf_cmd.cmd
		-timescale 1ns/1ps
		/pdk/tsmc/PDK28/PDK_TSMC28_bv/tcbn28hpcplusbwp30p140_190a/TSMCHOME/digital/Front_End/verilog/tcbn28hpcplusbwp30p140_110a/tcbn28hpcplusbwp30p140.v
	/sim/tarsio/FastConv_SystemVerilog/data/wpn16/sim/sim-032-1-1-normal/pack_data.sv
	/sim/tarsio/FastConv_SystemVerilog/rtl/pack-def/pack_def.sv
	/sim/tarsio/FastConv_SystemVerilog/rtl/pack-param/wpn16/pack_param.sv
	/sim/tarsio/FastConv_SystemVerilog/rtl/pack-typedef/pack_typedef.sv
	/sim/tarsio/FastConv_SystemVerilog/rtl/csa/csa_lib.sv
	/sim/tarsio/FastConv_SystemVerilog/rtl/mux-mult/wpn16/mux_mult_04.sv
	/sim/tarsio/FastConv_SystemVerilog/rtl/mult-matrices/wpn16/mult_matrices.sv
	/sim/tarsio/FastConv_SystemVerilog/rtl/mem/mem.sv
	/sim/tarsio/FastConv_SystemVerilog/rtl/conv-mux/testbench-synth-wp16.sv
	../logical/results/gate_level/conv_logic_mapped.v
	-f ../list-define.txt
		-define NADDR=16
		-define NBITS=20
		-define LATENCY=1
		-define ROM=1
		-define QUANT=8
		-define N_CHANNEL_IN=1
		-define N_CHANNEL_OUT=1
		-define LAST_WINDOW=0
	-define GATE_LEVEL
	-define XRUN
	-run
	-exit
xrun: *E,FILEMIS: Cannot find the provided file /sim/tarsio/FastConv_SystemVerilog/rtl/pack-param/wpn16/pack_param.sv.
xrun: *E,FILEMIS: Cannot find the provided file /sim/tarsio/FastConv_SystemVerilog/rtl/mux-mult/wpn16/mux_mult_04.sv.
xrun: *E,FILEMIS: Cannot find the provided file /sim/tarsio/FastConv_SystemVerilog/rtl/mult-matrices/wpn16/mult_matrices.sv.
TOOL:	xrun(64)	23.03-s003: Exiting on Jan 27, 2026 at 18:06:55 -03  (total: 00:00:00)
