============================================================
  Generated by:           Genus(TM) Synthesis Solution 21.12-s068_1
  Generated on:           Oct 07 2026  07:35:50 am
  Module:                 Conv
  Operating conditions:   ssg0p81v125c 
  Interconnect mode:      global
  Area mode:              physical library
============================================================


Path 1: MET (0 ps) Setup Check with Pin r_input_weight_reg[0][13]/CP->D
           View: analysis_view_0p81v_125c_capwst_slowest
          Group: clk
     Startpoint: (R) r_weight_spatial_reg[0][3]/CP
          Clock: (R) clk
       Endpoint: (R) r_input_weight_reg[0][13]/D
          Clock: (R) clk

                     Capture       Launch     
        Clock Edge:+    2000            0     
       Src Latency:+       0            0     
       Net Latency:+       0 (I)        0 (I) 
           Arrival:=    2000            0     
                                              
             Setup:-      25                  
     Required Time:=    1975                  
      Launch Clock:-       0                  
         Data Path:-    1975                  
             Slack:=       0                  

#-------------------------------------------------------------------------------------------------------------------------------------------------------------------------
#                                   Timing Point                                    Flags    Arc   Edge          Cell            Fanout Load Trans Delay Arrival Instance 
#                                                                                                                                       (fF)  (ps)  (ps)   (ps)  Location 
#-------------------------------------------------------------------------------------------------------------------------------------------------------------------------
  r_weight_spatial_reg[0][3]/CP                                                     -       -      R     (arrival)                   16    -     0     0       0    (-,-) 
  r_weight_spatial_reg[0][3]/Q                                                      -       CP->Q  F     DFCNQD2BWP30P140            24 34.3    89   108     108    (-,-) 
  WEIGHT_TRANSFORM_ROWS[2].weight_trf_row/csa_tree_SUB_TC_OP_groupi_g868/ZN         -       I->ZN  R     CKND1BWP30P140               2  4.2    46    46     154    (-,-) 
  WEIGHT_TRANSFORM_ROWS[2].weight_trf_row/csa_tree_SUB_TC_OP_groupi_cdnfadd_004_0/S -       CI->S  F     FA1D1BWP30P140               1  2.1    27    73     226    (-,-) 
  WEIGHT_TRANSFORM_ROWS[2].weight_trf_row/csa_tree_SUB_TC_OP_groupi_cdnfadd_004_2/S -       CI->S  F     FA1D1BWP30P140               1  3.1    30    71     297    (-,-) 
  WEIGHT_TRANSFORM_ROWS[2].weight_trf_row/csa_tree_SUB_TC_OP_groupi_cdnfadd_004_3/S -       B->S   R     FA1OPTCD1BWP30P140           1  1.3    23    79     376    (-,-) 
  WEIGHT_TRANSFORM_ROWS[2].weight_trf_row/csa_tree_SUB_TC_OP_groupi_g838/ZN         -       I->ZN  F     CKND1BWP30P140               2  2.1    19    16     392    (-,-) 
  WEIGHT_TRANSFORM_ROWS[2].weight_trf_row/csa_tree_SUB_TC_OP_groupi_g819/ZN         -       A1->ZN R     NR2D1BWP30P140               3  3.0    36    28     421    (-,-) 
  WEIGHT_TRANSFORM_ROWS[2].weight_trf_row/csa_tree_SUB_TC_OP_groupi_g775/ZN         -       A2->ZN F     AOI21D1BWP30P140             1  1.8    30    25     446    (-,-) 
  WEIGHT_TRANSFORM_ROWS[2].weight_trf_row/csa_tree_SUB_TC_OP_groupi_g762/ZN         -       B->ZN  R     OAI21OPTREPBD2BWP30P140      2  3.9    26    19     465    (-,-) 
  WEIGHT_TRANSFORM_ROWS[2].weight_trf_row/csa_tree_SUB_TC_OP_groupi_g758/ZN         -       A1->ZN F     AOI21D4BWP30P140             2  3.8    22    18     483    (-,-) 
  WEIGHT_TRANSFORM_ROWS[2].weight_trf_row/csa_tree_SUB_TC_OP_groupi_g755/ZN         -       A1->ZN R     OAI21D4BWP30P140             4  4.9    23    20     503    (-,-) 
  WEIGHT_TRANSFORM_ROWS[2].weight_trf_row/g4253/ZN                                  -       A1->ZN F     AOI31D2BWP30P140             2  3.1    38    27     530    (-,-) 
  WEIGHT_TRANSFORM_ROWS[2].weight_trf_row/csa_tree_SUB_TC_OP_groupi_g750/ZN         -       A1->ZN R     NR2D2BWP30P140               3  3.8    30    28     558    (-,-) 
  WEIGHT_TRANSFORM_ROWS[2].weight_trf_row/csa_tree_SUB_TC_OP_groupi_g744/ZN         -       A1->ZN F     AOI21D2BWP30P140             2  3.0    26    21     580    (-,-) 
  WEIGHT_TRANSFORM_ROWS[2].weight_trf_row/csa_tree_SUB_TC_OP_groupi_g738/ZN         -       A1->ZN R     NR2D3BWP30P140               2  2.4    18    17     596    (-,-) 
  WEIGHT_TRANSFORM_ROWS[2].weight_trf_row/csa_tree_SUB_TC_OP_groupi_g732/ZN         -       A1->ZN F     AOI21D2BWP30P140             1  2.2    24    16     613    (-,-) 
  WEIGHT_TRANSFORM_ROWS[2].weight_trf_row/csa_tree_SUB_TC_OP_groupi_g728/Z          -       A1->Z  F     OA21D8BWP30P140             19 24.8    23    38     651    (-,-) 
  WEIGHT_TRANSFORM_ROWS[2].weight_trf_row/f_floor_div_1089_22:div_1033_24_g3907/Z   -       A1->Z  F     XOR2UD1BWP30P140             3  4.2    62    41     693    (-,-) 
  WEIGHT_TRANSFORM_ROWS[2].weight_trf_row/f_floor_div_1089_22:div_1033_24_g3889/ZN  -       A1->ZN F     IND2D1BWP30P140              2  2.1    38    47     739    (-,-) 
  WEIGHT_TRANSFORM_ROWS[2].weight_trf_row/f_floor_div_1089_22:div_1033_24_g3882/ZN  -       B->ZN  R     OAI21D1BWP30P140             1  2.6    36    28     767    (-,-) 
  WEIGHT_TRANSFORM_ROWS[2].weight_trf_row/f_floor_div_1089_22:div_1033_24_g3875/CO  -       CI->CO R     FA1OPTCD2BWP30P140           1  2.3    19    30     797    (-,-) 
  WEIGHT_TRANSFORM_ROWS[2].weight_trf_row/f_floor_div_1089_22:div_1033_24_g3874/ZN  -       I->ZN  F     INVD3BWP30P140               2  3.6    12    10     808    (-,-) 
  WEIGHT_TRANSFORM_ROWS[2].weight_trf_row/f_floor_div_1089_22:div_1033_24_g3870/Z   -       A1->Z  F     XOR2OPTND2BWP30P140          2  3.1    34    23     830    (-,-) 
  WEIGHT_TRANSFORM_ROWS[2].weight_trf_row/f_floor_div_1089_22:div_1033_24_g3865/ZN  -       A1->ZN R     NR2D2BWP30P140               3  3.4    31    26     856    (-,-) 
  WEIGHT_TRANSFORM_ROWS[2].weight_trf_row/f_floor_div_1089_22:div_1033_24_g3924/Z   -       A1->Z  R     OA21D1BWP30P140              1  1.4    16    28     884    (-,-) 
  WEIGHT_TRANSFORM_ROWS[2].weight_trf_row/f_floor_div_1089_22:div_1033_24_g2/Z      -       B->Z   R     AO21D2BWP30P140              2  2.8    16    25     909    (-,-) 
  WEIGHT_TRANSFORM_ROWS[2].weight_trf_row/f_floor_div_1089_22:div_1033_24_g3835/Z   -       A1->Z  R     AO22D2BWP30P140              2  2.6    16    31     940    (-,-) 
  WEIGHT_TRANSFORM_ROWS[2].weight_trf_row/f_floor_div_1089_22:div_1033_24_g3830/ZN  -       B->ZN  F     OAI21OPTREPBD2BWP30P140      3  3.4    29    19     959    (-,-) 
  WEIGHT_TRANSFORM_ROWS[2].weight_trf_row/f_floor_div_1089_22:div_1033_24_g3824/ZN  -       A1->ZN R     XNR2D2BWP30P140              3  3.5    20    40     999    (-,-) 
  WEIGHT_TRANSFORM_ROWS[2].weight_trf_row/f_floor_div_1089_22:div_1033_24_g3815/ZN  -       A1->ZN F     ND2D1BWP30P140               2  2.0    34    22    1021    (-,-) 
  WEIGHT_TRANSFORM_ROWS[2].weight_trf_row/f_floor_div_1089_22:div_1033_24_g3801/ZN  -       A2->ZN R     OAI21D0P7BWP30P140           2  2.7    48    42    1062    (-,-) 
  WEIGHT_TRANSFORM_ROWS[2].weight_trf_row/f_floor_div_1089_22:div_1033_24_g3922/Z   -       A1->Z  R     XOR2UD1BWP30P140             2  2.1    42    31    1093    (-,-) 
  WEIGHT_TRANSFORM_ROWS[2].weight_trf_row/f_floor_div_1089_22:div_1033_24_g3792/ZN  -       A2->ZN F     ND2D1BWP30P140               1  1.7    27    24    1117    (-,-) 
  WEIGHT_TRANSFORM_ROWS[2].weight_trf_row/f_floor_div_1089_22:div_1033_24_g3785/ZN  -       A1->ZN R     AOI21D2BWP30P140             4  3.8    30    26    1143    (-,-) 
  WEIGHT_TRANSFORM_ROWS[2].weight_trf_row/f_floor_div_1089_22:div_1033_24_g3920/Z   -       A2->Z  R     OR2D0BWP30P140               2  2.6    32    36    1179    (-,-) 
  WEIGHT_TRANSFORM_ROWS[2].weight_trf_row/f_floor_div_1089_22:div_1033_24_g3777/ZN  -       B->ZN  F     IOA21D2BWP30P140             2  2.0    21    17    1195    (-,-) 
  WEIGHT_TRANSFORM_ROWS[2].weight_trf_row/f_floor_div_1089_22:div_1033_24_g3762/ZN  -       A1->ZN R     CKND2D1BWP30P140             1  1.3    29    19    1214    (-,-) 
  WEIGHT_TRANSFORM_ROWS[2].weight_trf_row/f_floor_div_1089_22:div_1033_24_g3756/ZN  -       A1->ZN F     AOI21D1BWP30P140             2  2.5    41    29    1243    (-,-) 
  WEIGHT_TRANSFORM_ROWS[2].weight_trf_row/f_floor_div_1089_22:div_1033_24_g3754/ZN  -       A1->ZN R     OAI21D1BWP30P140             1  1.7    32    30    1272    (-,-) 
  WEIGHT_TRANSFORM_ROWS[2].weight_trf_row/f_floor_div_1089_22:div_1033_24_g3752/ZN  -       A1->ZN F     ND3OPTPAD2BWP30P140          2  2.1    24    20    1292    (-,-) 
  WEIGHT_TRANSFORM_ROWS[2].weight_trf_row/f_floor_div_1089_22:div_1033_24_g3918/Z   -       A2->Z  F     CKAN2D2BWP30P140             2  3.7    16    33    1324    (-,-) 
  WEIGHT_TRANSFORM_ROWS[2].weight_trf_row/g4258/ZN                                  -       B->ZN  R     IAO21D2BWP30P140             1  1.9    16    14    1339    (-,-) 
  WEIGHT_TRANSFORM_ROWS[2].weight_trf_row/f_floor_div_1089_22:div_1033_24_g3745/ZN  -       A1->ZN F     XNR2D2BWP30P140              2  2.6    14    29    1368    (-,-) 
  WEIGHT_TRANSFORM_ROWS[2].weight_trf_row/f_floor_div_1089_22:div_1033_24_g3743/ZN  -       B1->ZN R     INR2D1BWP30P140              2  2.7    33    25    1393    (-,-) 
  WEIGHT_TRANSFORM_ROWS[2].weight_trf_row/f_floor_div_1089_22:div_1033_24_g3735/ZN  -       I->ZN  F     CKND1BWP30P140               1  1.3    17    15    1408    (-,-) 
  WEIGHT_TRANSFORM_ROWS[2].weight_trf_row/f_floor_div_1089_22:div_1033_24_g3734/ZN  -       A1->ZN R     NR2OPTPAD1BWP30P140          2  2.8    28    22    1430    (-,-) 
  WEIGHT_TRANSFORM_ROWS[2].weight_trf_row/g4245/ZN                                  -       A1->ZN R     INR2D2BWP30P140              2  2.7    25    31    1461    (-,-) 
  WEIGHT_TRANSFORM_ROWS[2].weight_trf_row/f_floor_div_1089_22:div_1033_24_g3727/ZN  -       A1->ZN R     INR2D1BWP30P140              2  2.6    36    37    1498    (-,-) 
  WEIGHT_TRANSFORM_ROWS[2].weight_trf_row/f_floor_div_1089_22:div_1033_24_g3725/Z   -       A1->Z  R     CKAN2D1BWP30P140             1  2.5    19    30    1528    (-,-) 
  WEIGHT_TRANSFORM_ROWS[2].weight_trf_row/f_floor_div_1089_22:div_1033_24_g3723/CO  -       B->CO  R     HA1D1BWP30P140               1  2.5    20    30    1558    (-,-) 
  WEIGHT_TRANSFORM_ROWS[2].weight_trf_row/f_floor_div_1089_22:div_1033_24_g3722/S   -       B->S   F     HA1D1BWP30P140               2  2.0    20    36    1594    (-,-) 
  WEIGHT_TRANSFORM_ROWS[2].weight_trf_row/g3401/ZN                                  -       A1->ZN F     IND2D1BWP30P140              2  2.1    34    35    1629    (-,-) 
  WEIGHT_TRANSFORM_ROWS[2].weight_trf_row/g3386/ZN                                  -       A1->ZN R     NR2D1BWP30P140               3  3.6    44    36    1665    (-,-) 
  WEIGHT_TRANSFORM_ROWS[2].weight_trf_row/g3372/ZN                                  -       B1->ZN F     IND2D1BWP30P140              2  2.1    34    28    1693    (-,-) 
  WEIGHT_TRANSFORM_ROWS[2].weight_trf_row/g3358/ZN                                  -       A1->ZN R     NR2OPTIBD1BWP30P140          3  3.6    44    36    1729    (-,-) 
  WEIGHT_TRANSFORM_ROWS[2].weight_trf_row/g3342/ZN                                  -       B1->ZN F     IND2D1BWP30P140              2  2.0    33    27    1756    (-,-) 
  WEIGHT_TRANSFORM_ROWS[2].weight_trf_row/g3323/Z                                   -       A1->Z  F     OR2D1BWP30P140               3  3.0    22    34    1790    (-,-) 
  WEIGHT_TRANSFORM_ROWS[2].weight_trf_row/g3309/ZN                                  -       A1->ZN R     NR2OPTIBD1BWP30P140          3  2.9    36    28    1818    (-,-) 
  WEIGHT_TRANSFORM_ROWS[2].weight_trf_row/g3291/Z                                   -       A1->Z  R     CKAN2D1BWP30P140             2  2.1    17    29    1847    (-,-) 
  WEIGHT_TRANSFORM_ROWS[2].weight_trf_row/g3285/ZN                                  -       A1->ZN F     CKND2D1BWP30P140             3  3.0    39    24    1871    (-,-) 
  WEIGHT_TRANSFORM_ROWS[2].weight_trf_row/g3283/ZN                                  -       B->ZN  R     OAI31D1BWP30P140             1  1.3    44    24    1895    (-,-) 
  g103331/ZN                                                                        -       A1->ZN F     AOI222D1BWP30P140            1  1.3    88    26    1921    (-,-) 
  g102617/ZN                                                                        -       B->ZN  R     IOA21D1BWP30P140             1  1.4    30    28    1949    (-,-) 
  g102192/Z                                                                         -       B->Z   R     AO21D1BWP30P140              1  1.3    20    26    1975    (-,-) 
  r_input_weight_reg[0][13]/D                                                       <<<     -      R     DFCNQD1BWP30P140             1    -     -     0    1975    (-,-) 
#-------------------------------------------------------------------------------------------------------------------------------------------------------------------------


