============================================================
  Generated by:           Genus(TM) Synthesis Solution 21.12-s068_1
  Generated on:           Oct 07 2026  07:35:49 am
  Module:                 Conv
  Library domain:         timing_cond_0p81v_125c
    Domain index:         0
    Technology library:   tcbn28hpcplusbwp30p140ssg0p81v125c 110
  Operating conditions:   ssg0p81v125c 
  Interconnect mode:      global
  Area mode:              physical library
============================================================

                                                                                     Library 
          Gate            Instances    Area                   Library                 Domain 
---------------------------------------------------------------------------------------------
AN2D0BWP30P140                    5      2.520    tcbn28hpcplusbwp30p140ssg0p81v125c       0 
AN2D1BWP30P140                  121     60.984    tcbn28hpcplusbwp30p140ssg0p81v125c       0 
AN2D2BWP30P140                   13      8.190    tcbn28hpcplusbwp30p140ssg0p81v125c       0 
AN2D4BWP30P140                    4      4.536    tcbn28hpcplusbwp30p140ssg0p81v125c       0 
AN3D0BWP30P140                    2      1.260    tcbn28hpcplusbwp30p140ssg0p81v125c       0 
AN3D1BWP30P140                   19     11.970    tcbn28hpcplusbwp30p140ssg0p81v125c       0 
AN3D2BWP30P140                    1      0.756    tcbn28hpcplusbwp30p140ssg0p81v125c       0 
AN4D1BWP30P140                    2      1.512    tcbn28hpcplusbwp30p140ssg0p81v125c       0 
AO211D1BWP30P140                 73     55.188    tcbn28hpcplusbwp30p140ssg0p81v125c       0 
AO211D2BWP30P140                  3      2.646    tcbn28hpcplusbwp30p140ssg0p81v125c       0 
AO211D4BWP30P140                  3      4.914    tcbn28hpcplusbwp30p140ssg0p81v125c       0 
AO21D1BWP30P140                 113     71.190    tcbn28hpcplusbwp30p140ssg0p81v125c       0 
AO21D2BWP30P140                  15     11.340    tcbn28hpcplusbwp30p140ssg0p81v125c       0 
AO21D4BWP30P140                   3      4.158    tcbn28hpcplusbwp30p140ssg0p81v125c       0 
AO22D0BWP30P140                 515    389.340    tcbn28hpcplusbwp30p140ssg0p81v125c       0 
AO22D1BWP30P140                   1      0.882    tcbn28hpcplusbwp30p140ssg0p81v125c       0 
AO22D2BWP30P140                   3      3.024    tcbn28hpcplusbwp30p140ssg0p81v125c       0 
AOI211D1BWP30P140                33     20.790    tcbn28hpcplusbwp30p140ssg0p81v125c       0 
AOI211D2BWP30P140                 2      2.268    tcbn28hpcplusbwp30p140ssg0p81v125c       0 
AOI211D4BWP30P140                 1      2.268    tcbn28hpcplusbwp30p140ssg0p81v125c       0 
AOI211OPTREPBD4BWP30P140          2      7.056    tcbn28hpcplusbwp30p140ssg0p81v125c       0 
AOI21D16BWP30P140                 1      6.300    tcbn28hpcplusbwp30p140ssg0p81v125c       0 
AOI21D1BWP30P140                564    284.256    tcbn28hpcplusbwp30p140ssg0p81v125c       0 
AOI21D2BWP30P140                 59     52.038    tcbn28hpcplusbwp30p140ssg0p81v125c       0 
AOI21D4BWP30P140                 50     88.200    tcbn28hpcplusbwp30p140ssg0p81v125c       0 
AOI21D6BWP30P140                 17     42.840    tcbn28hpcplusbwp30p140ssg0p81v125c       0 
AOI21OPTREPBD1BWP30P140          27     20.412    tcbn28hpcplusbwp30p140ssg0p81v125c       0 
AOI21OPTREPBD2BWP30P140           2      2.772    tcbn28hpcplusbwp30p140ssg0p81v125c       0 
AOI21OPTREPBD4BWP30P140           2      5.292    tcbn28hpcplusbwp30p140ssg0p81v125c       0 
AOI221D1BWP30P140               700    529.200    tcbn28hpcplusbwp30p140ssg0p81v125c       0 
AOI222D1BWP30P140                60     60.480    tcbn28hpcplusbwp30p140ssg0p81v125c       0 
AOI22D1BWP30P140                977    615.510    tcbn28hpcplusbwp30p140ssg0p81v125c       0 
AOI22D2BWP30P140                  2      2.268    tcbn28hpcplusbwp30p140ssg0p81v125c       0 
AOI22D4BWP30P140                  1      2.268    tcbn28hpcplusbwp30p140ssg0p81v125c       0 
AOI31D1BWP30P140                 32     20.160    tcbn28hpcplusbwp30p140ssg0p81v125c       0 
AOI31D2BWP30P140                  4      4.536    tcbn28hpcplusbwp30p140ssg0p81v125c       0 
AOI31D4BWP30P140                  2      4.536    tcbn28hpcplusbwp30p140ssg0p81v125c       0 
AOI32D1BWP30P140                  1      0.756    tcbn28hpcplusbwp30p140ssg0p81v125c       0 
BUFFD1P5BWP30P140                 1      0.504    tcbn28hpcplusbwp30p140ssg0p81v125c       0 
BUFFD2BWP30P140                   1      0.504    tcbn28hpcplusbwp30p140ssg0p81v125c       0 
BUFFD3BWP30P140                   1      0.630    tcbn28hpcplusbwp30p140ssg0p81v125c       0 
CKAN2D1BWP30P140                644    324.576    tcbn28hpcplusbwp30p140ssg0p81v125c       0 
CKAN2D2BWP30P140                 13      8.190    tcbn28hpcplusbwp30p140ssg0p81v125c       0 
CKLNQD1BWP30P140                 48     90.720    tcbn28hpcplusbwp30p140ssg0p81v125c       0 
CKMUX2D0BWP30P140               131    115.542    tcbn28hpcplusbwp30p140ssg0p81v125c       0 
CKND12BWP30P140                   1      1.638    tcbn28hpcplusbwp30p140ssg0p81v125c       0 
CKND1BWP30P140                 2311    582.372    tcbn28hpcplusbwp30p140ssg0p81v125c       0 
CKND2BWP30P140                   73     27.594    tcbn28hpcplusbwp30p140ssg0p81v125c       0 
CKND2D1BWP30P140                567    214.326    tcbn28hpcplusbwp30p140ssg0p81v125c       0 
CKND2D2BWP30P140                 12      7.560    tcbn28hpcplusbwp30p140ssg0p81v125c       0 
CKND2D3BWP30P140                 12     10.584    tcbn28hpcplusbwp30p140ssg0p81v125c       0 
CKND2D4BWP30P140                  3      3.402    tcbn28hpcplusbwp30p140ssg0p81v125c       0 
CKND2D8BWP30P140                  1      2.142    tcbn28hpcplusbwp30p140ssg0p81v125c       0 
CKND3BWP30P140                    3      1.512    tcbn28hpcplusbwp30p140ssg0p81v125c       0 
CKND4BWP30P140                    2      1.260    tcbn28hpcplusbwp30p140ssg0p81v125c       0 
CKND6BWP30P140                    1      0.882    tcbn28hpcplusbwp30p140ssg0p81v125c       0 
DFCND1BWP30P140                  28     70.560    tcbn28hpcplusbwp30p140ssg0p81v125c       0 
DFCND2BWP30P140                   4     11.592    tcbn28hpcplusbwp30p140ssg0p81v125c       0 
DFCNQD1BWP30P140               1278   2898.504    tcbn28hpcplusbwp30p140ssg0p81v125c       0 
DFCNQD2BWP30P140                103    272.538    tcbn28hpcplusbwp30p140ssg0p81v125c       0 
DFCNQD4BWP30P140                  4     11.592    tcbn28hpcplusbwp30p140ssg0p81v125c       0 
DFSNQD2BWP30P140                  2      4.536    tcbn28hpcplusbwp30p140ssg0p81v125c       0 
EDFCND1BWP30P140                  4     12.096    tcbn28hpcplusbwp30p140ssg0p81v125c       0 
EDFCNQD1BWP30P140                12     34.776    tcbn28hpcplusbwp30p140ssg0p81v125c       0 
FA1D1BWP30P140                 4591   9833.922    tcbn28hpcplusbwp30p140ssg0p81v125c       0 
FA1D2BWP30P140                    8     19.152    tcbn28hpcplusbwp30p140ssg0p81v125c       0 
FA1D4BWP30P140                  117    427.518    tcbn28hpcplusbwp30p140ssg0p81v125c       0 
FA1OPTCD1BWP30P140               47    118.440    tcbn28hpcplusbwp30p140ssg0p81v125c       0 
FA1OPTCD2BWP30P140               45    136.080    tcbn28hpcplusbwp30p140ssg0p81v125c       0 
HA1D0BWP30P140                    1      1.638    tcbn28hpcplusbwp30p140ssg0p81v125c       0 
HA1D1BWP30P140                  773   1266.174    tcbn28hpcplusbwp30p140ssg0p81v125c       0 
HA1D2BWP30P140                    3      5.670    tcbn28hpcplusbwp30p140ssg0p81v125c       0 
HA1D4BWP30P140                    6     17.388    tcbn28hpcplusbwp30p140ssg0p81v125c       0 
IAO21D0BWP30P140                 12      7.560    tcbn28hpcplusbwp30p140ssg0p81v125c       0 
IAO21D1BWP30P140                 37     23.310    tcbn28hpcplusbwp30p140ssg0p81v125c       0 
IAO21D2BWP30P140                 32     28.224    tcbn28hpcplusbwp30p140ssg0p81v125c       0 
IAO21D4BWP30P140                  1      1.512    tcbn28hpcplusbwp30p140ssg0p81v125c       0 
IAO22D2BWP30P140                  1      1.386    tcbn28hpcplusbwp30p140ssg0p81v125c       0 
IND2D1BWP30P140                 754    380.016    tcbn28hpcplusbwp30p140ssg0p81v125c       0 
IND2D2BWP30P140                  72     54.432    tcbn28hpcplusbwp30p140ssg0p81v125c       0 
IND2D4BWP30P140                  12     16.632    tcbn28hpcplusbwp30p140ssg0p81v125c       0 
IND3D1BWP30P140                  14      8.820    tcbn28hpcplusbwp30p140ssg0p81v125c       0 
IND3D4BWP30P140                   1      2.016    tcbn28hpcplusbwp30p140ssg0p81v125c       0 
IND4D1BWP30P140                   4      3.024    tcbn28hpcplusbwp30p140ssg0p81v125c       0 
INR2D1BWP30P140                 704    354.816    tcbn28hpcplusbwp30p140ssg0p81v125c       0 
INR2D2BWP30P140                  91     68.796    tcbn28hpcplusbwp30p140ssg0p81v125c       0 
INR2D4BWP30P140                  31     42.966    tcbn28hpcplusbwp30p140ssg0p81v125c       0 
INR2D6BWP30P140                   1      1.890    tcbn28hpcplusbwp30p140ssg0p81v125c       0 
INR3D0BWP30P140                  22     13.860    tcbn28hpcplusbwp30p140ssg0p81v125c       0 
INR3D1BWP30P140                  12     12.096    tcbn28hpcplusbwp30p140ssg0p81v125c       0 
INR3D2BWP30P140                   6      6.048    tcbn28hpcplusbwp30p140ssg0p81v125c       0 
INR3D6BWP30P140                   1      2.772    tcbn28hpcplusbwp30p140ssg0p81v125c       0 
INR4D0BWP30P140                  10      7.560    tcbn28hpcplusbwp30p140ssg0p81v125c       0 
INR4D1BWP30P140                   2      2.772    tcbn28hpcplusbwp30p140ssg0p81v125c       0 
INR4D2BWP30P140                   3      7.560    tcbn28hpcplusbwp30p140ssg0p81v125c       0 
INVD0P7BWP30P140                  6      1.512    tcbn28hpcplusbwp30p140ssg0p81v125c       0 
INVD12BWP30P140                   2      3.276    tcbn28hpcplusbwp30p140ssg0p81v125c       0 
INVD15BWP30P140                   4      8.064    tcbn28hpcplusbwp30p140ssg0p81v125c       0 
INVD1BWP30P140                   31      7.812    tcbn28hpcplusbwp30p140ssg0p81v125c       0 
INVD1P5BWP30P140                  7      2.646    tcbn28hpcplusbwp30p140ssg0p81v125c       0 
INVD2BWP30P140                   45     17.010    tcbn28hpcplusbwp30p140ssg0p81v125c       0 
INVD3BWP30P140                   17      8.568    tcbn28hpcplusbwp30p140ssg0p81v125c       0 
INVD6BWP30P140                    2      1.764    tcbn28hpcplusbwp30p140ssg0p81v125c       0 
INVD8BWP30P140                    1      1.134    tcbn28hpcplusbwp30p140ssg0p81v125c       0 
INVD9BWP30P140                    2      2.520    tcbn28hpcplusbwp30p140ssg0p81v125c       0 
IOA21D0BWP30P140                 20     12.600    tcbn28hpcplusbwp30p140ssg0p81v125c       0 
IOA21D1BWP30P140                274    172.620    tcbn28hpcplusbwp30p140ssg0p81v125c       0 
IOA21D2BWP30P140                 19     16.758    tcbn28hpcplusbwp30p140ssg0p81v125c       0 
MAOI222D1BWP30P140              136    102.816    tcbn28hpcplusbwp30p140ssg0p81v125c       0 
MAOI222D2BWP30P140                3      4.914    tcbn28hpcplusbwp30p140ssg0p81v125c       0 
MAOI22D1BWP30P140                 7      5.292    tcbn28hpcplusbwp30p140ssg0p81v125c       0 
MOAI22D0BWP30P140                 1      0.756    tcbn28hpcplusbwp30p140ssg0p81v125c       0 
MOAI22D1BWP30P140                12      9.072    tcbn28hpcplusbwp30p140ssg0p81v125c       0 
MOAI22D2BWP30P140                 1      1.260    tcbn28hpcplusbwp30p140ssg0p81v125c       0 
MUX2D0BWP30P140                  26     22.932    tcbn28hpcplusbwp30p140ssg0p81v125c       0 
MUX2D1BWP30P140                   1      1.008    tcbn28hpcplusbwp30p140ssg0p81v125c       0 
MUX2ND2BWP30P140                  4      5.040    tcbn28hpcplusbwp30p140ssg0p81v125c       0 
MUX2NOPTD2BWP30P140              15     20.790    tcbn28hpcplusbwp30p140ssg0p81v125c       0 
MUX2NOPTD4BWP30P140               1      2.520    tcbn28hpcplusbwp30p140ssg0p81v125c       0 
MUX2NUD1BWP30P140                21     15.876    tcbn28hpcplusbwp30p140ssg0p81v125c       0 
ND2D1BWP30P140                  584    220.752    tcbn28hpcplusbwp30p140ssg0p81v125c       0 
ND2D2BWP30P140                   60     37.800    tcbn28hpcplusbwp30p140ssg0p81v125c       0 
ND2D3BWP30P140                   22     19.404    tcbn28hpcplusbwp30p140ssg0p81v125c       0 
ND2D4BWP30P140                   11     12.474    tcbn28hpcplusbwp30p140ssg0p81v125c       0 
ND2D6BWP30P140                    1      1.638    tcbn28hpcplusbwp30p140ssg0p81v125c       0 
ND2OPTIBD1BWP30P140             130     49.140    tcbn28hpcplusbwp30p140ssg0p81v125c       0 
ND2OPTIBD2BWP30P140              46     28.980    tcbn28hpcplusbwp30p140ssg0p81v125c       0 
ND2OPTIBD4BWP30P140              17     19.278    tcbn28hpcplusbwp30p140ssg0p81v125c       0 
ND2OPTIBD6BWP30P140               3      4.914    tcbn28hpcplusbwp30p140ssg0p81v125c       0 
ND2OPTPAD2BWP30P140               2      2.268    tcbn28hpcplusbwp30p140ssg0p81v125c       0 
ND2OPTPAD4BWP30P140               3      6.048    tcbn28hpcplusbwp30p140ssg0p81v125c       0 
ND3D1BWP30P140                  139     70.056    tcbn28hpcplusbwp30p140ssg0p81v125c       0 
ND3D4BWP30P140                    1      1.764    tcbn28hpcplusbwp30p140ssg0p81v125c       0 
ND3OPTPAD2BWP30P140               7     10.584    tcbn28hpcplusbwp30p140ssg0p81v125c       0 
ND3OPTPAD6BWP30P140               1      3.528    tcbn28hpcplusbwp30p140ssg0p81v125c       0 
ND4D1BWP30P140                   90     56.700    tcbn28hpcplusbwp30p140ssg0p81v125c       0 
NR2D1BWP30P140                  747    282.366    tcbn28hpcplusbwp30p140ssg0p81v125c       0 
NR2D2BWP30P140                  121     76.230    tcbn28hpcplusbwp30p140ssg0p81v125c       0 
NR2D3BWP30P140                   37     32.634    tcbn28hpcplusbwp30p140ssg0p81v125c       0 
NR2D4BWP30P140                   32     36.288    tcbn28hpcplusbwp30p140ssg0p81v125c       0 
NR2D6BWP30P140                    1      1.638    tcbn28hpcplusbwp30p140ssg0p81v125c       0 
NR2OPTD12BWP30P140                1      3.150    tcbn28hpcplusbwp30p140ssg0p81v125c       0 
NR2OPTD6BWP30P140                 2      3.276    tcbn28hpcplusbwp30p140ssg0p81v125c       0 
NR2OPTIBD1BWP30P140             716    270.648    tcbn28hpcplusbwp30p140ssg0p81v125c       0 
NR2OPTIBD2BWP30P140              28     17.640    tcbn28hpcplusbwp30p140ssg0p81v125c       0 
NR2OPTIBD4BWP30P140               4      4.536    tcbn28hpcplusbwp30p140ssg0p81v125c       0 
NR2OPTIBD6BWP30P140               4      6.552    tcbn28hpcplusbwp30p140ssg0p81v125c       0 
NR2OPTIBD8BWP30P140               1      2.142    tcbn28hpcplusbwp30p140ssg0p81v125c       0 
NR2OPTPAD12BWP30P140              2      9.324    tcbn28hpcplusbwp30p140ssg0p81v125c       0 
NR2OPTPAD1BWP30P140              79     39.816    tcbn28hpcplusbwp30p140ssg0p81v125c       0 
NR2OPTPAD2BWP30P140              34     29.988    tcbn28hpcplusbwp30p140ssg0p81v125c       0 
NR2OPTPAD4BWP30P140               6      9.828    tcbn28hpcplusbwp30p140ssg0p81v125c       0 
NR3D0BWP30P140                   22     11.088    tcbn28hpcplusbwp30p140ssg0p81v125c       0 
NR3D0P7BWP30P140                 38     19.152    tcbn28hpcplusbwp30p140ssg0p81v125c       0 
NR3D1P5BWP30P140                  2      1.764    tcbn28hpcplusbwp30p140ssg0p81v125c       0 
NR3D2BWP30P140                    1      1.764    tcbn28hpcplusbwp30p140ssg0p81v125c       0 
NR3OPTPAD2BWP30P140               1      1.638    tcbn28hpcplusbwp30p140ssg0p81v125c       0 
NR3OPTPAD4BWP30P140               1      2.394    tcbn28hpcplusbwp30p140ssg0p81v125c       0 
NR3OPTPAD8BWP30P140               1      4.536    tcbn28hpcplusbwp30p140ssg0p81v125c       0 
NR4D0BWP30P140                    1      0.630    tcbn28hpcplusbwp30p140ssg0p81v125c       0 
NR4D1BWP30P140                    2      2.268    tcbn28hpcplusbwp30p140ssg0p81v125c       0 
NR4D3BWP30P140                    1      3.276    tcbn28hpcplusbwp30p140ssg0p81v125c       0 
OA211D1BWP30P140                 13      9.828    tcbn28hpcplusbwp30p140ssg0p81v125c       0 
OA21D16BWP30P140                  9     36.288    tcbn28hpcplusbwp30p140ssg0p81v125c       0 
OA21D1BWP30P140                 118     74.340    tcbn28hpcplusbwp30p140ssg0p81v125c       0 
OA21D2BWP30P140                   9      6.804    tcbn28hpcplusbwp30p140ssg0p81v125c       0 
OA21D4BWP30P140                  29     40.194    tcbn28hpcplusbwp30p140ssg0p81v125c       0 
OA21D8BWP30P140                   2      4.536    tcbn28hpcplusbwp30p140ssg0p81v125c       0 
OA22D1BWP30P140                   7      6.174    tcbn28hpcplusbwp30p140ssg0p81v125c       0 
OA22D2BWP30P140                   1      1.008    tcbn28hpcplusbwp30p140ssg0p81v125c       0 
OAI211D1BWP30P140               294    185.220    tcbn28hpcplusbwp30p140ssg0p81v125c       0 
OAI211D2BWP30P140                 5      5.670    tcbn28hpcplusbwp30p140ssg0p81v125c       0 
OAI211OPTREPBD2BWP30P140          1      1.764    tcbn28hpcplusbwp30p140ssg0p81v125c       0 
OAI211OPTREPBD4BWP30P140          2      7.056    tcbn28hpcplusbwp30p140ssg0p81v125c       0 
OAI21D0BWP30P140                  1      0.504    tcbn28hpcplusbwp30p140ssg0p81v125c       0 
OAI21D0P7BWP30P140               26     13.104    tcbn28hpcplusbwp30p140ssg0p81v125c       0 
OAI21D1BWP30P140                330    166.320    tcbn28hpcplusbwp30p140ssg0p81v125c       0 
OAI21D2BWP30P140                 79     69.678    tcbn28hpcplusbwp30p140ssg0p81v125c       0 
OAI21D4BWP30P140                 21     37.044    tcbn28hpcplusbwp30p140ssg0p81v125c       0 
OAI21D6BWP30P140                  7     17.640    tcbn28hpcplusbwp30p140ssg0p81v125c       0 
OAI21D8BWP30P140                  1      3.276    tcbn28hpcplusbwp30p140ssg0p81v125c       0 
OAI21OPTREPBD1BWP30P140          21     15.876    tcbn28hpcplusbwp30p140ssg0p81v125c       0 
OAI21OPTREPBD2BWP30P140          10     13.860    tcbn28hpcplusbwp30p140ssg0p81v125c       0 
OAI21OPTREPBD4BWP30P140           7     18.522    tcbn28hpcplusbwp30p140ssg0p81v125c       0 
OAI221D1BWP30P140                24     21.168    tcbn28hpcplusbwp30p140ssg0p81v125c       0 
OAI221D2BWP30P140                 2      3.024    tcbn28hpcplusbwp30p140ssg0p81v125c       0 
OAI222D1BWP30P140               146    147.168    tcbn28hpcplusbwp30p140ssg0p81v125c       0 
OAI22D1BWP30P140                 10      6.300    tcbn28hpcplusbwp30p140ssg0p81v125c       0 
OAI22OPTPBD1BWP30P140             1      1.008    tcbn28hpcplusbwp30p140ssg0p81v125c       0 
OAI31D1BWP30P140                 38     23.940    tcbn28hpcplusbwp30p140ssg0p81v125c       0 
OAI31D2BWP30P140                 11     12.474    tcbn28hpcplusbwp30p140ssg0p81v125c       0 
OAI31D4BWP30P140                  1      2.268    tcbn28hpcplusbwp30p140ssg0p81v125c       0 
OAI32D1BWP30P140                  1      0.756    tcbn28hpcplusbwp30p140ssg0p81v125c       0 
OAI33D1BWP30P140                  5      4.410    tcbn28hpcplusbwp30p140ssg0p81v125c       0 
OR2D0BWP30P140                   43     21.672    tcbn28hpcplusbwp30p140ssg0p81v125c       0 
OR2D1BWP30P140                  221    111.384    tcbn28hpcplusbwp30p140ssg0p81v125c       0 
OR2D2BWP30P140                   11      6.930    tcbn28hpcplusbwp30p140ssg0p81v125c       0 
OR2D4BWP30P140                    9     10.206    tcbn28hpcplusbwp30p140ssg0p81v125c       0 
OR2D6BWP30P140                    2      2.772    tcbn28hpcplusbwp30p140ssg0p81v125c       0 
OR3D1BWP30P140                   27     17.010    tcbn28hpcplusbwp30p140ssg0p81v125c       0 
OR3D4BWP30P140                    2      2.772    tcbn28hpcplusbwp30p140ssg0p81v125c       0 
OR4D1BWP30P140                    6      4.536    tcbn28hpcplusbwp30p140ssg0p81v125c       0 
SDFCNARD2BWP30P140                4     14.112    tcbn28hpcplusbwp30p140ssg0p81v125c       0 
SDFCNQARD1BWP30P140              27     78.246    tcbn28hpcplusbwp30p140ssg0p81v125c       0 
SDFCNQD0BWP30P140                 1      2.898    tcbn28hpcplusbwp30p140ssg0p81v125c       0 
SDFCNQOPTMAD4BWP30P140           18    108.864    tcbn28hpcplusbwp30p140ssg0p81v125c       0 
SDFSNQD2BWP30P140                 2      5.796    tcbn28hpcplusbwp30p140ssg0p81v125c       0 
SDFSYNCNQD4BWP30P140              6     24.948    tcbn28hpcplusbwp30p140ssg0p81v125c       0 
SEDFCNQARD0BWP30P140              1      3.780    tcbn28hpcplusbwp30p140ssg0p81v125c       0 
XNR2D1BWP30P140                  93     93.744    tcbn28hpcplusbwp30p140ssg0p81v125c       0 
XNR2D2BWP30P140                  34     38.556    tcbn28hpcplusbwp30p140ssg0p81v125c       0 
XNR2OPTND2BWP30P140              46     63.756    tcbn28hpcplusbwp30p140ssg0p81v125c       0 
XNR2OPTND4BWP30P140              27     68.040    tcbn28hpcplusbwp30p140ssg0p81v125c       0 
XNR2UD1BWP30P140               1549   1366.218    tcbn28hpcplusbwp30p140ssg0p81v125c       0 
XNR3D1BWP30P140                  11     20.790    tcbn28hpcplusbwp30p140ssg0p81v125c       0 
XNR3UD1BWP30P140                211    372.204    tcbn28hpcplusbwp30p140ssg0p81v125c       0 
XNR4D1BWP30P140                   6     15.876    tcbn28hpcplusbwp30p140ssg0p81v125c       0 
XOR2D1BWP30P140                  48     48.384    tcbn28hpcplusbwp30p140ssg0p81v125c       0 
XOR2D2BWP30P140                  23     26.082    tcbn28hpcplusbwp30p140ssg0p81v125c       0 
XOR2D4BWP30P140                   3      6.048    tcbn28hpcplusbwp30p140ssg0p81v125c       0 
XOR2OPTND2BWP30P140              56     77.616    tcbn28hpcplusbwp30p140ssg0p81v125c       0 
XOR2OPTND4BWP30P140              18     45.360    tcbn28hpcplusbwp30p140ssg0p81v125c       0 
XOR2UD0BWP30P140                  5      4.410    tcbn28hpcplusbwp30p140ssg0p81v125c       0 
XOR2UD1BWP30P140               1134   1000.188    tcbn28hpcplusbwp30p140ssg0p81v125c       0 
XOR3D1BWP30P140                  23     43.470    tcbn28hpcplusbwp30p140ssg0p81v125c       0 
XOR3D2BWP30P140                   6     12.096    tcbn28hpcplusbwp30p140ssg0p81v125c       0 
XOR3UD0BWP30P140                  1      1.764    tcbn28hpcplusbwp30p140ssg0p81v125c       0 
XOR3UD1BWP30P140                167    294.588    tcbn28hpcplusbwp30p140ssg0p81v125c       0 
XOR4D0BWP30P140                   3      7.938    tcbn28hpcplusbwp30p140ssg0p81v125c       0 
XOR4D1BWP30P140                  32     84.672    tcbn28hpcplusbwp30p140ssg0p81v125c       0 
---------------------------------------------------------------------------------------------
total                         24877  26926.200                                       


                                                        
            Type             Instances    Area   Area % 
--------------------------------------------------------
sequential                        1494  3554.838   13.2 
inverter                          2508   669.564    2.5 
buffer                               3     1.638    0.0 
clock_gating_integrated_cell        48    90.720    0.3 
logic                            20824 22609.440   84.0 
physical_cells                       0     0.000    0.0 
--------------------------------------------------------
total                            24877 26926.200  100.0 

