============================================================
  Generated by:           Genus(TM) Synthesis Solution 21.12-s068_1
  Generated on:           Jul 09 2025  10:05:49 pm
  Module:                 conv
  Operating conditions:   ssg0p81v125c 
  Interconnect mode:      global
  Area mode:              physical library
============================================================


Path 1: MET (0 ps) Setup Check with Pin registers_reg[4][19]/CP->D
           View: analysis_view_0p81v_125c_capwst_slowest
          Group: clk
     Startpoint: (R) weights[4][5]
          Clock: (R) clk
       Endpoint: (F) registers_reg[4][19]/D
          Clock: (R) clk

                     Capture       Launch     
        Clock Edge:+    2000            0     
        Drv Adjust:+       0            7     
       Src Latency:+       0            0     
       Net Latency:+       0 (I)        0 (I) 
           Arrival:=    2000            7     
                                              
             Setup:-      37                  
     Required Time:=    1963                  
      Launch Clock:-       7                  
       Input Delay:-    1000                  
         Data Path:-     956                  
             Slack:=       0                  

Exceptions/Constraints:
  input_delay             1000            constraints.sdc_line_24_416_1 

#-----------------------------------------------------------------------------------------------------------------------------------
#                Timing Point                 Flags    Arc   Edge          Cell            Fanout Load Trans Delay Arrival Instance 
#                                                                                                 (fF)  (ps)  (ps)   (ps)  Location 
#-----------------------------------------------------------------------------------------------------------------------------------
  weights[4][5]                               -       -      R     (arrival)                    1  2.3    15     0    1007    (-,-) 
  g16724/Z                                    -       B1->Z  R     AO22D8BWP30P140             23 37.8    35    52    1059    (-,-) 
  genblk1[4].multip/mul_16_61_g5027/ZN        -       I->ZN  F     INVD9BWP30P140               4  6.9    13    10    1069    (-,-) 
  genblk1[4].multip/mul_16_61_g4920/ZN        -       I0->ZN R     MUX2NOPTD4BWP30P140          7  8.1    34    21    1090    (-,-) 
  genblk1[4].multip/mul_16_61_g4827/ZN        -       I->ZN  F     INVD3BWP30P140              16 14.7    32    27    1117    (-,-) 
  genblk1[4].multip/mul_16_61_g4792/ZN        -       A1->ZN R     NR2D1BWP30P140               1  4.1    49    39    1155    (-,-) 
  genblk1[4].multip/mul_16_61_cdnfadd_006_0/S -       A->S   F     FA1D4BWP30P140               1  2.1    19    77    1233    (-,-) 
  genblk1[4].multip/mul_16_61_cdnfadd_006_1/S -       CI->S  F     FA1D1BWP30P140               2  2.1    26    65    1297    (-,-) 
  genblk1[4].multip/mul_16_61_g4576/ZN        -       A1->ZN R     ND2D1BWP30P140               1  1.9    18    18    1316    (-,-) 
  genblk1[4].multip/mul_16_61_g4574/ZN        -       B->ZN  F     MAOI222D1BWP30P140           1  1.3    38    29    1345    (-,-) 
  genblk1[4].multip/mul_16_61_g4573/ZN        -       B->ZN  R     AOI21OPTREPBD1BWP30P140      1  1.3    24    25    1370    (-,-) 
  genblk1[4].multip/mul_16_61_g4572/ZN        -       B->ZN  F     IOA21D1BWP30P140             1  2.5    33    26    1396    (-,-) 
  genblk1[4].multip/mul_16_61_g4571/CO        -       CI->CO F     FA1OPTCD2BWP30P140           1  2.5    17    30    1426    (-,-) 
  genblk1[4].multip/mul_16_61_g4570/CO        -       CI->CO F     FA1OPTCD2BWP30P140           1  2.5    17    25    1451    (-,-) 
  genblk1[4].multip/mul_16_61_g4563/CO        -       CI->CO F     FA1OPTCD2BWP30P140           1  2.5    17    25    1476    (-,-) 
  genblk1[4].multip/mul_16_61_g4551/CO        -       CI->CO F     FA1OPTCD2BWP30P140           1  2.1    16    24    1501    (-,-) 
  genblk1[4].multip/mul_16_61_g4548/CO        -       CI->CO F     FA1D1BWP30P140               1  2.1    21    41    1542    (-,-) 
  genblk1[4].multip/mul_16_61_g4519/CO        -       CI->CO F     FA1D1BWP30P140               1  2.1    21    43    1585    (-,-) 
  genblk1[4].multip/mul_16_61_g4513/CO        -       CI->CO F     FA1D1BWP30P140               1  2.1    21    43    1629    (-,-) 
  genblk1[4].multip/mul_16_61_g4512/CO        -       CI->CO F     FA1D1BWP30P140               3  3.5    28    48    1676    (-,-) 
  genblk1[4].multip/mul_16_61_g4511/ZN        -       A1->ZN R     ND3D1BWP30P140               2  2.4    25    21    1697    (-,-) 
  genblk1[4].multip/mul_16_61_g4509/ZN        -       B2->ZN F     INR3D1BWP30P140              2  2.5    27    20    1718    (-,-) 
  genblk1[4].multip/mul_16_61_g4503/ZN        -       A1->ZN R     AOI221D2BWP30P140            2  2.7    45    32    1750    (-,-) 
  genblk1[4].multip/mul_16_61_g4498/ZN        -       A1->ZN R     IND2D1BWP30P140              2  2.0    17    29    1779    (-,-) 
  genblk1[4].multip/mul_16_61_g4492/ZN        -       A1->ZN F     OAI221D1BWP30P140            1  2.1    62    39    1818    (-,-) 
  genblk1[4].multip/mul_16_61_g4488/CO        -       CI->CO F     FA1D1BWP30P140               1  1.3    19    53    1871    (-,-) 
  genblk1[4].multip/mul_16_61_g2/Z            -       A3->Z  F     XOR3UD1BWP30P140             2  2.3    36    37    1908    (-,-) 
  g22074/ZN                                   -       A1->ZN R     AOI222D2BWP30P140            1  1.3    53    32    1940    (-,-) 
  g21823/ZN                                   -       A1->ZN F     ND2D1BWP30P140               1  1.3    28    23    1963    (-,-) 
  registers_reg[4][19]/D                      <<<     -      F     EDFCNQD1BWP30P140            1    -     -     0    1963    (-,-) 
#-----------------------------------------------------------------------------------------------------------------------------------


