============================================================
  Generated by:           Genus(TM) Synthesis Solution 21.12-s068_1
  Generated on:           Jan 17 2026  11:13:30 pm
  Module:                 System
  Library domain:         timing_cond_0p81v_125c
    Domain index:         0
    Technology library:   tcbn28hpcplusbwp30p140ssg0p81v125c 110
  Operating conditions:   ssg0p81v125c 
  Interconnect mode:      global
  Area mode:              physical library
============================================================

       Instance          Module    Cell Count  Cell Area  Net Area   Total Area 
--------------------------------------------------------------------------------
System                                  16249  20252.484  8345.891    28598.375 
  control              Control           3069   4607.568  1050.301     5657.869 
  conv                 Conv             13180  15644.916  6801.922    22446.838 
    genblk1[0].multip  Multip             561    603.036   237.607      840.643 
    genblk1[1].multip  Multip_316         560    602.784   237.355      840.139 
    genblk1[2].multip  Multip_315         560    602.784   237.355      840.139 
    genblk1[3].multip  Multip_314         560    602.784   237.355      840.139 
    genblk1[4].multip  Multip_313         560    602.784   237.355      840.139 
    genblk1[5].multip  Multip_312         560    602.784   237.355      840.139 
    genblk1[6].multip  Multip_311         560    602.784   237.355      840.139 
    genblk1[7].multip  Multip_310         560    602.784   237.355      840.139 
    genblk1[8].multip  Multip_309         560    602.784   237.355      840.139 
    genblk1[9].multip  Multip_308         560    602.784   237.355      840.139 
    genblk1[10].multip Multip_307         560    602.784   237.355      840.139 
    genblk1[11].multip Multip_306         560    602.784   237.355      840.139 
    inv                Inverse           1053   2221.506   494.334     2715.840 
      matrix_a0        MatrixA0           351    740.502   127.134      867.636 
      matrix_a1        MatrixA1           702   1481.004   254.269     1735.273 
    mux_mult           MuxMult              3      1.386     0.000        1.386 
    trf                Transform         2291   2950.542   776.104     3726.646 
      matrix_c0        MatrixC0           905   1301.706   321.296     1623.002 
      matrix_c1        MatrixC1          1386   1648.836   424.538     2073.374 
