============================================================
  Generated by:           Genus(TM) Synthesis Solution 21.12-s068_1
  Generated on:           Jan 20 2026  11:56:52 pm
  Module:                 System
  Operating conditions:   ssg0p81v125c 
  Interconnect mode:      global
  Area mode:              physical library
============================================================


Path 1: MET (0 ps) Setup Check with Pin conv/r_feat_reg[9][18]/CP->D
           View: analysis_view_0p81v_125c_capwst_slowest
          Group: clk
     Startpoint: (R) conv/r_idx_in_reg[1]/CP
          Clock: (R) clk
       Endpoint: (F) conv/r_feat_reg[9][18]/D
          Clock: (R) clk

                     Capture       Launch     
        Clock Edge:+    2000            0     
       Src Latency:+       0            0     
       Net Latency:+       0 (I)        0 (I) 
           Arrival:=    2000            0     
                                              
             Setup:-      23                  
     Required Time:=    1977                  
      Launch Clock:-       0                  
         Data Path:-    1977                  
             Slack:=       0                  

#------------------------------------------------------------------------------------------------------------------------------
#               Timing Point                 Flags    Arc   Edge        Cell          Fanout Load Trans Delay Arrival Instance 
#                                                                                            (fF)  (ps)  (ps)   (ps)  Location 
#------------------------------------------------------------------------------------------------------------------------------
  conv/r_idx_in_reg[1]/CP                    -       -      R     (arrival)                4    -     0     0       0    (-,-) 
  conv/r_idx_in_reg[1]/Q                     -       CP->Q  F     DFKCNQD2BWP30P140       12 13.1    36    79      79    (-,-) 
  conv/mux_mult/fopt141/ZN                   -       I->ZN  R     INVD3BWP30P140           2  3.6    16    16      95    (-,-) 
  conv/mux_mult/g142/ZN                      -       A1->ZN R     IOA21D4BWP30P140        11 11.6    26    44     139    (-,-) 
  conv/g71937/ZN                             -       A1->ZN F     NR2D1BWP30P140           2  3.2    24    21     160    (-,-) 
  conv/g71924/ZN                             -       I->ZN  R     CKND1BWP30P140           2  3.1    25    23     182    (-,-) 
  conv/g71396/ZN                             -       A2->ZN F     NR2D1BWP30P140          13 10.7    61    43     225    (-,-) 
  conv/g70181/Z                              -       B1->Z  F     AO22D0BWP30P140          1  1.4    22    54     279    (-,-) 
  conv/g69156/ZN                             -       C->ZN  R     AOI221D1BWP30P140        1  1.3    45    41     320    (-,-) 
  conv/g68904/ZN                             -       A1->ZN F     ND2OPTIBD1BWP30P140      1  1.4    26    20     340    (-,-) 
  conv/g72004/Z                              -       B->Z   F     AO211D2BWP30P140        23 21.3    65    80     420    (-,-) 
  conv/genblk1[5].multip/mul_153_63_g7494/ZN -       I->ZN  R     CKND1BWP30P140           4  4.7    42    42     461    (-,-) 
  conv/genblk1[5].multip/mul_153_63_g7446/Z  -       S->Z   F     CKMUX2D0BWP30P140       20 16.2   153   120     582    (-,-) 
  conv/genblk1[5].multip/mul_153_63_g7323/ZN -       C1->ZN R     AOI222D1BWP30P140        1  1.9    68    84     665    (-,-) 
  conv/genblk1[5].multip/mul_153_63_g7274/Z  -       A1->Z  R     XOR2UD1BWP30P140         1  2.4    47    35     700    (-,-) 
  conv/genblk1[5].multip/mul_153_63_g7239/CO -       A->CO  R     HA1D1BWP30P140           2  2.7    20    35     736    (-,-) 
  conv/genblk1[5].multip/mul_153_63_g7228/ZN -       A1->ZN R     INR2D1BWP30P140          1  2.1    31    33     768    (-,-) 
  conv/genblk1[5].multip/mul_153_63_g7183/CO -       CI->CO R     FA1D1BWP30P140           1  2.1    21    41     809    (-,-) 
  conv/genblk1[5].multip/mul_153_63_g7164/S  -       CI->S  F     FA1D1BWP30P140           1  1.3    22    64     873    (-,-) 
  conv/genblk1[5].multip/mul_153_63_g7163/ZN -       I->ZN  R     CKND1BWP30P140           1  1.4    15    16     889    (-,-) 
  conv/genblk1[5].multip/mul_153_63_g7138/ZN -       C->ZN  F     MAOI222D1BWP30P140       1  2.1    50    33     922    (-,-) 
  conv/genblk1[5].multip/mul_153_63_g7096/CO -       CI->CO F     FA1D1BWP30P140           1  2.1    22    53     975    (-,-) 
  conv/genblk1[5].multip/mul_153_63_g7076/CO -       CI->CO F     FA1D1BWP30P140           1  2.1    22    44    1018    (-,-) 
  conv/genblk1[5].multip/mul_153_63_g7058/CO -       CI->CO F     FA1D1BWP30P140           1  2.1    22    43    1062    (-,-) 
  conv/genblk1[5].multip/mul_153_63_g7044/CO -       CI->CO F     FA1D1BWP30P140           1  2.1    22    43    1105    (-,-) 
  conv/genblk1[5].multip/mul_153_63_g7029/CO -       CI->CO F     FA1D1BWP30P140           1  2.1    22    43    1149    (-,-) 
  conv/genblk1[5].multip/mul_153_63_g7003/CO -       CI->CO F     FA1D1BWP30P140           1  2.1    21    44    1192    (-,-) 
  conv/genblk1[5].multip/mul_153_63_g6984/CO -       CI->CO F     FA1D1BWP30P140           1  2.1    21    43    1235    (-,-) 
  conv/genblk1[5].multip/mul_153_63_g6964/CO -       CI->CO F     FA1D1BWP30P140           1  2.1    21    43    1279    (-,-) 
  conv/genblk1[5].multip/mul_153_63_g6949/CO -       CI->CO F     FA1D1BWP30P140           1  2.1    21    43    1322    (-,-) 
  conv/genblk1[5].multip/mul_153_63_g6942/CO -       CI->CO F     FA1D1BWP30P140           1  2.1    21    43    1365    (-,-) 
  conv/genblk1[5].multip/mul_153_63_g6934/CO -       CI->CO F     FA1D1BWP30P140           1  2.1    21    43    1409    (-,-) 
  conv/genblk1[5].multip/mul_153_63_g6933/CO -       CI->CO F     FA1D1BWP30P140           1  2.1    21    43    1452    (-,-) 
  conv/genblk1[5].multip/mul_153_63_g6932/CO -       CI->CO F     FA1D1BWP30P140           1  2.1    21    43    1495    (-,-) 
  conv/genblk1[5].multip/mul_153_63_g6931/CO -       CI->CO F     FA1D1BWP30P140           1  2.1    21    43    1538    (-,-) 
  conv/genblk1[5].multip/mul_153_63_g6930/CO -       CI->CO F     FA1D1BWP30P140           1  2.1    21    43    1582    (-,-) 
  conv/genblk1[5].multip/mul_153_63_g6929/CO -       CI->CO F     FA1D1BWP30P140           1  2.1    21    43    1625    (-,-) 
  conv/genblk1[5].multip/mul_153_63_g6928/CO -       CI->CO F     FA1D1BWP30P140           1  2.1    21    43    1668    (-,-) 
  conv/genblk1[5].multip/mul_153_63_g6927/CO -       CI->CO F     FA1D1BWP30P140           1  2.1    21    43    1712    (-,-) 
  conv/genblk1[5].multip/mul_153_63_g6926/S  -       CI->S  F     FA1D1BWP30P140          12 10.8    64    94    1806    (-,-) 
  conv/g67171/ZN                             -       I->ZN  R     CKND1BWP30P140           4  4.3    40    40    1846    (-,-) 
  conv/g65788/ZN                             -       B1->ZN F     OAI22D1BWP30P140         1  1.4    35    30    1875    (-,-) 
  conv/g65326/ZN                             -       C->ZN  R     AOI221D1BWP30P140        1  1.4   103    45    1921    (-,-) 
  conv/g64879/ZN                             -       C->ZN  F     OAI221D1BWP30P140        1  1.3    98    56    1977    (-,-) 
  conv/r_feat_reg[9][18]/D                   <<<     -      F     DFQD2BWP30P140           1    -     -     0    1977    (-,-) 
#------------------------------------------------------------------------------------------------------------------------------


