============================================================
  Generated by:           Genus(TM) Synthesis Solution 21.12-s068_1
  Generated on:           Jan 19 2026  01:20:03 am
  Module:                 System
  Operating conditions:   ssg0p81v125c 
  Operating conditions:   tt0p9v25c 
  Interconnect mode:      global
  Area mode:              physical library
============================================================


Path 1: MET (225 ps) Late External Delay Assertion at pin p_output_data_write[19]
           View: analysis_view_0p90v_25c_captyp_nominal
          Group: clk
     Startpoint: (R) control/r_addr_count_write_out_reg[1]/CP
          Clock: (R) clk
       Endpoint: (F) p_output_data_write[19]
          Clock: (R) clk

                     Capture       Launch     
        Clock Edge:+    2000            0     
       Src Latency:+       0            0     
       Net Latency:+       0 (I)        0 (I) 
           Arrival:=    2000            0     
                                              
      Output Delay:-    1000                  
     Required Time:=    1000                  
      Launch Clock:-       0                  
         Data Path:-     775                  
             Slack:=     225                  

Exceptions/Constraints:
  output_delay             1000            tmp_sdc_analysis_vie_line_815 

#----------------------------------------------------------------------------------------------------------------------------
#              Timing Point                Flags    Arc   Edge        Cell          Fanout Load Trans Delay Arrival Instance 
#                                                                                          (fF)  (ps)  (ps)   (ps)  Location 
#----------------------------------------------------------------------------------------------------------------------------
  control/r_addr_count_write_out_reg[1]/CP -       -      R     (arrival)                4    -     0     0       0    (-,-) 
  control/r_addr_count_write_out_reg[1]/Q  -       CP->Q  F     DFKCNQD2BWP30P140        5  6.0    15    52      52    (-,-) 
  control/g35367__2883/ZN                  -       A1->ZN F     IND2D1BWP30P140          2  3.6    33    32      84    (-,-) 
  control/g35350__2802/ZN                  -       A1->ZN R     NR2D2BWP30P140          13 17.4    72    52     136    (-,-) 
  control/g35245/ZN                        -       I->ZN  F     INVD8BWP30P140          28 29.3    30    24     161    (-,-) 
  control/g35069__7098/ZN                  -       B1->ZN R     OAI22D1BWP30P140         1  1.5    26    24     184    (-,-) 
  control/g34982__7482/ZN                  -       A1->ZN F     NR2OPTIBD1BWP30P140      1  2.1    16    15     200    (-,-) 
  control/g34870__9315/ZN                  -       A3->ZN R     ND3D2BWP30P140           1  2.7    16    13     212    (-,-) 
  control/add_1022_65_g481/CO              -       B->CO  R     HA1D1BWP30P140           1  2.3    13    23     235    (-,-) 
  control/add_1022_65_g480/CO              -       CI->CO R     FA1D2BWP30P140           1  2.3    12    27     262    (-,-) 
  control/add_1022_65_g479/CO              -       CI->CO R     FA1D1BWP30P140           1  2.3    16    28     290    (-,-) 
  control/add_1022_65_g478/CO              -       CI->CO R     FA1D1BWP30P140           1  2.3    16    29     320    (-,-) 
  control/add_1022_65_g477/CO              -       CI->CO R     FA1D1BWP30P140           1  2.8    18    31     350    (-,-) 
  control/add_1022_65_g476/CO              -       CI->CO R     FA1OPTCD1BWP30P140       1  2.8    19    26     377    (-,-) 
  control/add_1022_65_g475/CO              -       CI->CO R     FA1OPTCD1BWP30P140       1  2.8    19    26     403    (-,-) 
  control/add_1022_65_g474/CO              -       CI->CO R     FA1OPTCD1BWP30P140       1  2.8    19    26     430    (-,-) 
  control/add_1022_65_g473/CO              -       CI->CO R     FA1OPTCD1BWP30P140       1  2.3    17    25     455    (-,-) 
  control/add_1022_65_g472/CO              -       CI->CO R     FA1D1BWP30P140           1  2.8    18    31     486    (-,-) 
  control/add_1022_65_g471/CO              -       CI->CO R     FA1OPTCD1BWP30P140       1  2.8    19    26     512    (-,-) 
  control/add_1022_65_g470/CO              -       CI->CO R     FA1OPTCD1BWP30P140       1  2.8    19    26     539    (-,-) 
  control/add_1022_65_g469/CO              -       CI->CO R     FA1OPTCD2BWP30P140       1  2.8    14    22     561    (-,-) 
  control/add_1022_65_g468/CO              -       CI->CO R     FA1OPTCD2BWP30P140       1  2.8    14    21     582    (-,-) 
  control/add_1022_65_g467/CO              -       CI->CO R     FA1OPTCD1BWP30P140       1  2.3    17    24     606    (-,-) 
  control/add_1022_65_g466/CO              -       CI->CO R     FA1D1BWP30P140           1  2.3    17    30     635    (-,-) 
  control/add_1022_65_g465/CO              -       CI->CO R     FA1D1BWP30P140           1  2.3    17    30     665    (-,-) 
  control/add_1022_65_g464/CO              -       CI->CO R     FA1D1BWP30P140           1  2.3    17    30     694    (-,-) 
  control/add_1022_65_g463/CO              -       CI->CO R     FA1D1BWP30P140           1  1.6    14    27     722    (-,-) 
  control/g35662/Z                         -       A1->Z  F     XOR3D2BWP30P140          1  5.0    16    53     774    (-,-) 
  p_output_data_write[19]                  <<<     -      F     (port)                   -    -     -     0     775    (-,-) 
#----------------------------------------------------------------------------------------------------------------------------


