============================================================
  Generated by:           Genus(TM) Synthesis Solution 21.12-s068_1
  Generated on:           Oct 07 2026  02:46:46 pm
  Module:                 Conv
  Operating conditions:   ssg0p81v125c 
  Interconnect mode:      global
  Area mode:              physical library
============================================================


Path 1: MET (10 ps) Late External Delay Assertion at pin p_output_data_write[15]
           View: analysis_view_0p81v_125c_capwst_slowest
          Group: clk
     Startpoint: (R) r_output_write_count_reg[2]/CP
          Clock: (R) clk
       Endpoint: (F) p_output_data_write[15]
          Clock: (R) clk

                     Capture       Launch     
        Clock Edge:+    2000            0     
       Src Latency:+       0            0     
       Net Latency:+       0 (I)        0 (I) 
           Arrival:=    2000            0     
                                              
      Output Delay:-    1000                  
     Required Time:=    1000                  
      Launch Clock:-       0                  
         Data Path:-     990                  
             Slack:=      10                  

Exceptions/Constraints:
  output_delay             1000            constraints.sdc_line_25_70_1 

#---------------------------------------------------------------------------------------------------------------
#         Timing Point           Flags    Arc   Edge       Cell        Fanout Load Trans Delay Arrival Instance 
#                                                                             (fF)  (ps)  (ps)   (ps)  Location 
#---------------------------------------------------------------------------------------------------------------
  r_output_write_count_reg[2]/CP -       -      R     (arrival)             4    -     0     0       0    (-,-) 
  r_output_write_count_reg[2]/Q  -       CP->Q  F     DFCNQD1BWP30P140      5  4.3    27    70      70    (-,-) 
  g46369/ZN                      -       A1->ZN F     INR2D1BWP30P140       2  2.0    19    30     100    (-,-) 
  g46297/Z                       -       A1->Z  F     CKAN2D1BWP30P140     30 26.0   143    97     197    (-,-) 
  g45872/ZN                      -       B1->ZN R     AOI22D1BWP30P140      1  1.3    42    55     252    (-,-) 
  g45555/ZN                      -       A1->ZN F     ND2D1BWP30P140        1  1.3    26    21     273    (-,-) 
  g45240/ZN                      -       A1->ZN R     NR2D1BWP30P140        1  1.3    22    21     294    (-,-) 
  g46879/ZN                      -       B3->ZN F     IND4D1BWP30P140       1  2.4    67    44     338    (-,-) 
  add_758_69_g988/CO             -       B->CO  F     HA1D1BWP30P140        1  2.1    16    36     374    (-,-) 
  add_758_69_g987/CO             -       CI->CO F     FA1D1BWP30P140        1  2.1    22    41     415    (-,-) 
  add_758_69_g986/CO             -       CI->CO F     FA1D1BWP30P140        1  2.1    21    44     458    (-,-) 
  add_758_69_g985/CO             -       CI->CO F     FA1D1BWP30P140        1  2.1    21    43     502    (-,-) 
  add_758_69_g984/CO             -       CI->CO F     FA1D1BWP30P140        1  2.1    21    43     545    (-,-) 
  add_758_69_g983/CO             -       CI->CO F     FA1D1BWP30P140        1  2.1    21    43     588    (-,-) 
  add_758_69_g982/CO             -       CI->CO F     FA1D1BWP30P140        1  2.1    21    43     632    (-,-) 
  add_758_69_g981/CO             -       CI->CO F     FA1D1BWP30P140        1  1.3    18    40     672    (-,-) 
  add_758_69_g980/ZN             -       I->ZN  R     CKND1BWP30P140        3  3.6    27    22     694    (-,-) 
  add_758_69_g977/ZN             -       A3->ZN F     OAI31D1BWP30P140      1  2.1    43    26     720    (-,-) 
  add_758_69_g975/CO             -       CI->CO F     FA1D1BWP30P140        1  2.1    22    51     771    (-,-) 
  add_758_69_g974/CO             -       CI->CO F     FA1D1BWP30P140        1  2.1    21    43     814    (-,-) 
  add_758_69_g973/CO             -       CI->CO F     FA1D1BWP30P140        1  2.1    21    43     857    (-,-) 
  add_758_69_g972/CO             -       CI->CO F     FA1D1BWP30P140        1  2.1    21    43     901    (-,-) 
  add_758_69_g971/CO             -       CI->CO F     FA1D1BWP30P140        1  1.3    18    40     940    (-,-) 
  add_758_69_g970/Z              -       A3->Z  F     XOR3UD1BWP30P140      1  4.8    58    50     990    (-,-) 
  p_output_data_write[15]        <<<     -      F     (port)                -    -     -     0     990    (-,-) 
#---------------------------------------------------------------------------------------------------------------


