============================================================
  Generated by:           Genus(TM) Synthesis Solution 21.12-s068_1
  Generated on:           Oct 06 2026  10:26:06 pm
  Module:                 Conv
  Operating conditions:   ssg0p81v125c 
  Interconnect mode:      global
  Area mode:              physical library
============================================================


Path 1: MET (10 ps) Late External Delay Assertion at pin p_output_data_write[31]
           View: analysis_view_0p81v_125c_capwst_slowest
          Group: clk
     Startpoint: (R) r_output_write_count_reg[1]/CP
          Clock: (R) clk
       Endpoint: (R) p_output_data_write[31]
          Clock: (R) clk

                     Capture       Launch     
        Clock Edge:+    2000            0     
       Src Latency:+       0            0     
       Net Latency:+       0 (I)        0 (I) 
           Arrival:=    2000            0     
                                              
      Output Delay:-    1000                  
     Required Time:=    1000                  
      Launch Clock:-       0                  
         Data Path:-     990                  
             Slack:=      10                  

Exceptions/Constraints:
  output_delay             1000            constraints.sdc_line_25_182_1 

#---------------------------------------------------------------------------------------------------------------
#         Timing Point           Flags    Arc   Edge       Cell        Fanout Load Trans Delay Arrival Instance 
#                                                                             (fF)  (ps)  (ps)   (ps)  Location 
#---------------------------------------------------------------------------------------------------------------
  r_output_write_count_reg[1]/CP -       -      R     (arrival)             4    -     0     0       0    (-,-) 
  r_output_write_count_reg[1]/Q  -       CP->Q  F     DFCND2BWP30P140      34 31.0    84   105     105    (-,-) 
  g84512/ZN                      -       A2->ZN R     NR2D3BWP30P140       96 81.5   269   182     287    (-,-) 
  g84123/ZN                      -       B1->ZN F     AOI22D1BWP30P140      1  1.3    79    44     331    (-,-) 
  g83853/ZN                      -       A2->ZN R     ND2D1BWP30P140        1  2.5    34    35     366    (-,-) 
  add_1011_76_I2_g381/CO         -       B->CO  R     HA1D1BWP30P140        1  2.1    17    32     397    (-,-) 
  add_1011_76_I2_g380/CO         -       CI->CO R     FA1D1BWP30P140        1  2.1    21    38     435    (-,-) 
  add_1011_76_I2_g379/CO         -       CI->CO R     FA1D1BWP30P140        1  2.1    21    39     473    (-,-) 
  add_1011_76_I2_g378/CO         -       CI->CO R     FA1D1BWP30P140        1  2.1    22    39     512    (-,-) 
  add_1011_76_I2_g377/CO         -       CI->CO R     FA1D1BWP30P140        1  2.1    22    39     550    (-,-) 
  add_1011_76_I2_g376/CO         -       CI->CO R     FA1D1BWP30P140        1  2.1    21    39     589    (-,-) 
  add_1011_76_I2_g375/CO         -       CI->CO R     FA1D1BWP30P140        1  2.1    21    38     628    (-,-) 
  add_1011_76_I2_g374/CO         -       CI->CO R     FA1D1BWP30P140        1  2.1    21    38     666    (-,-) 
  add_1011_76_I2_g373/CO         -       CI->CO R     FA1D1BWP30P140        1  2.1    21    38     704    (-,-) 
  add_1011_76_I2_g372/CO         -       CI->CO R     FA1D1BWP30P140        1  2.1    21    38     743    (-,-) 
  add_1011_76_I2_g371/CO         -       CI->CO R     FA1D1BWP30P140        1  2.1    21    38     782    (-,-) 
  add_1011_76_I2_g370/CO         -       CI->CO R     FA1D1BWP30P140        1  2.1    21    38     820    (-,-) 
  add_1011_76_I2_g369/CO         -       CI->CO R     FA1D1BWP30P140        1  2.1    21    38     858    (-,-) 
  add_1011_76_I2_g368/CO         -       CI->CO R     FA1D1BWP30P140        1  2.1    21    38     897    (-,-) 
  add_1011_76_I2_g367/CO         -       CI->CO R     FA1D1BWP30P140        1  1.3    17    35     932    (-,-) 
  add_1011_76_I2_g366/Z          -       A3->Z  R     XOR3UD1BWP30P140      1  4.8    68    57     989    (-,-) 
  p_output_data_write[31]        <<<     -      R     (port)                -    -     -     0     990    (-,-) 
#---------------------------------------------------------------------------------------------------------------


