============================================================
  Generated by:           Genus(TM) Synthesis Solution 21.12-s068_1
  Generated on:           Feb 03 2026  03:07:44 pm
  Module:                 System
  Library domain:         timing_cond_0p81v_125c
    Domain index:         0
    Technology library:   tcbn28hpcplusbwp30p140ssg0p81v125c 110
  Operating conditions:   ssg0p81v125c 
  Interconnect mode:      global
  Area mode:              physical library
============================================================

       Instance          Module    Cell Count  Cell Area  Net Area   Total Area 
--------------------------------------------------------------------------------
System                                  38159  46687.536 20041.284    66728.820 
  control              Control           7170   8792.280  3072.395    11864.675 
  conv                 Conv             30989  37895.256 16207.978    54103.234 
    genblk1[0].multip  Multip             564    597.870   239.347      837.217 
    genblk1[1].multip  Multip_852         556    602.532   236.100      838.632 
    genblk1[2].multip  Multip_851         556    602.532   236.100      838.632 
    genblk1[3].multip  Multip_850         556    602.532   236.100      838.632 
    genblk1[4].multip  Multip_849         556    602.532   236.100      838.632 
    genblk1[5].multip  Multip_848         556    602.532   236.100      838.632 
    genblk1[6].multip  Multip_847         556    602.532   236.100      838.632 
    genblk1[7].multip  Multip_846         556    602.532   236.100      838.632 
    genblk1[8].multip  Multip_845         556    602.532   236.100      838.632 
    genblk1[9].multip  Multip_844         556    602.532   236.100      838.632 
    genblk1[10].multip Multip_843         556    602.532   236.100      838.632 
    genblk1[11].multip Multip_842         556    602.532   236.100      838.632 
    genblk1[12].multip Multip_841         556    602.532   236.100      838.632 
    genblk1[13].multip Multip_840         556    602.532   236.100      838.632 
    genblk1[14].multip Multip_839         556    602.532   236.100      838.632 
    genblk1[15].multip Multip_838         556    602.532   236.100      838.632 
    genblk1[16].multip Multip_837         556    602.532   236.100      838.632 
    genblk1[17].multip Multip_836         556    602.532   236.100      838.632 
    genblk1[18].multip Multip_835         556    602.532   236.100      838.632 
    genblk1[19].multip Multip_834         556    602.532   236.100      838.632 
    genblk1[20].multip Multip_833         556    602.532   236.100      838.632 
    genblk1[21].multip Multip_832         556    602.532   236.100      838.632 
    genblk1[22].multip Multip_831         556    602.532   236.100      838.632 
    genblk1[23].multip Multip_830         556    602.532   236.100      838.632 
    genblk1[24].multip Multip_829         556    602.532   236.100      838.632 
    genblk1[25].multip Multip_828         556    602.532   236.100      838.632 
    genblk1[26].multip Multip_827         556    602.532   236.100      838.632 
    genblk1[27].multip Multip_826         556    602.532   236.100      838.632 
    genblk1[28].multip Multip_825         556    602.532   236.100      838.632 
    genblk1[29].multip Multip_824         556    602.532   236.100      838.632 
    genblk1[30].multip Multip_823         556    602.532   236.100      838.632 
    genblk1[31].multip Multip_822         556    602.532   236.100      838.632 
    inv                Inverse           3834   6662.124  1749.275     8411.399 
      matrix_a0        MatrixA0          1290   2222.892   507.483     2730.375 
      matrix_a1        MatrixA1          2544   4439.232  1006.985     5446.217 
    trf                Transform         4502   6763.932  1887.088     8651.020 
      matrix_c0        MatrixC0          2064   3122.280   681.426     3803.706 
      matrix_c1        MatrixC1          2438   3641.652   804.272     4445.924 
