============================================================
  Generated by:           Genus(TM) Synthesis Solution 21.12-s068_1
  Generated on:           Jul 08 2025  06:20:20 pm
  Module:                 conv
  Operating conditions:   ssg0p81v125c 
  Operating conditions:   tt0p9v25c 
  Operating conditions:   ffg0p99vm40c 
  Interconnect mode:      global
  Area mode:              physical library
============================================================


Path 1: MET (382 ps) Setup Check with Pin registers_reg[0][18]/CP->D
           View: analysis_view_0p99v_m40c_capbst_fastest
          Group: clk
     Startpoint: (F) weights[0][11]
          Clock: (R) clk
       Endpoint: (R) registers_reg[0][18]/D
          Clock: (R) clk

                     Capture       Launch     
        Clock Edge:+    2000            0     
        Drv Adjust:+       0           63     
       Src Latency:+       0            0     
       Net Latency:+       0 (I)        0 (I) 
           Arrival:=    2000           63     
                                              
             Setup:-      14                  
     Required Time:=    1986                  
      Launch Clock:-      63                  
       Input Delay:-    1000                  
         Data Path:-     541                  
             Slack:=     382                  

Exceptions/Constraints:
  input_delay             1000            tmp_sdc_analysis_vie_1_line_712 

#------------------------------------------------------------------------------------------------------------------------------------
#                   Timing Point                     Flags    Arc   Edge       Cell         Fanout Load Trans Delay Arrival Instance 
#                                                                                                  (fF)  (ps)  (ps)   (ps)  Location 
#------------------------------------------------------------------------------------------------------------------------------------
  weights[0][11]                                     -       -      F     (arrival)             22 35.1   114     0    1063    (-,-) 
  genblk1[0].multip/mul_24_61_g5009__8246/ZN         -       A2->ZN F     XNR2D1BWP30P140       17 19.7    62    71    1134    (-,-) 
  genblk1[0].multip/mul_24_61_g4915/ZN               -       I->ZN  R     CKND1BWP30P140         1  1.6    20    18    1152    (-,-) 
  genblk1[0].multip/mul_24_61_g4787__2802/Z          -       A1->Z  R     OR2D1BWP30P140        15 17.2    58    45    1197    (-,-) 
  genblk1[0].multip/mul_24_61_g4699__1617/ZN         -       A1->ZN F     OAI22D1BWP30P140       1  2.4    30    24    1221    (-,-) 
  genblk1[0].multip/mul_24_61_cdnfadd_016_2__5115/CO -       CI->CO F     FA1D1BWP30P140         1  3.0    14    30    1251    (-,-) 
  genblk1[0].multip/mul_24_61_cdnfadd_017_3__1666/S  -       B->S   R     FA1D1BWP30P140         1  3.1    18    49    1300    (-,-) 
  genblk1[0].multip/mul_24_61_cdnfadd_017_5__6417/S  -       B->S   R     FA1D1BWP30P140         1  2.5    16    37    1337    (-,-) 
  genblk1[0].multip/mul_24_61_cdnfadd_017_6__5477/S  -       CI->S  F     FA1D1BWP30P140         1  1.7    12    36    1373    (-,-) 
  genblk1[0].multip/mul_24_61_g4554/ZN               -       I->ZN  R     CKND1BWP30P140         2  2.7    13    12    1385    (-,-) 
  genblk1[0].multip/mul_24_61_g4553__9315/ZN         -       A1->ZN F     CKND2D1BWP30P140       3  3.9    24    18    1402    (-,-) 
  genblk1[0].multip/mul_24_61_g4548__5115/ZN         -       A1->ZN R     AOI21D1BWP30P140       2  2.8    23    20    1423    (-,-) 
  genblk1[0].multip/mul_24_61_g4547/ZN               -       I->ZN  F     CKND1BWP30P140         1  1.7    12    10    1433    (-,-) 
  genblk1[0].multip/mul_24_61_g4542__5122/ZN         -       A2->ZN R     AOI21D1BWP30P140       1  1.7    19    14    1446    (-,-) 
  genblk1[0].multip/mul_24_61_g4520__9945/ZN         -       A1->ZN F     OAI21D1BWP30P140       2  2.8    25    18    1464    (-,-) 
  genblk1[0].multip/mul_24_61_g4507__2802/Z          -       A2->Z  F     AO21D1BWP30P140        1  1.8    10    20    1485    (-,-) 
  genblk1[0].multip/mul_24_61_g4495__7410/ZN         -       C->ZN  R     AOI221D1BWP30P140      3  4.5    48    35    1520    (-,-) 
  genblk1[0].multip/mul_24_61_g4488__4733/ZN         -       A3->ZN F     OAI31D1BWP30P140       1  2.4    27    21    1541    (-,-) 
  genblk1[0].multip/mul_24_61_g4481__5122/S          -       CI->S  R     FA1D1BWP30P140         1  1.6    14    44    1585    (-,-) 
  g24832/ZN                                          -       A1->ZN R     IOA21D1BWP30P140       1  1.8    20    19    1604    (-,-) 
  registers_reg[0][18]/D                             <<<     -      R     DFCNQD2BWP30P140       1    -     -     0    1604    (-,-) 
#------------------------------------------------------------------------------------------------------------------------------------


