#-----------------------------------------------------------
# Vivado v2023.2 (64-bit)
# SW Build 4029153 on Fri Oct 13 20:13:54 MDT 2023
# IP Build 4028589 on Sat Oct 14 00:45:43 MDT 2023
# SharedData Build 4025554 on Tue Oct 10 17:18:54 MDT 2023
# Start of session at: Wed Sep 30 02:17:54 2026
# Process ID: 3262889
# Current directory: /tmp/fastconv-trunc-column-refresh-4184991/rtl/conv2x2/fpga_zcu104/stream08_pipeline_campaign/reports/refresh-4184991-m08-nbits16/top
# Command line: vivado -mode batch -source /tmp/fastconv-trunc-column-refresh-4184991/rtl/conv2x2/fpga_zcu104/column_power_comparison/scripts/synth_impl.tcl -log /tmp/fastconv-trunc-column-refresh-4184991/rtl/conv2x2/fpga_zcu104/stream08_pipeline_campaign/reports/refresh-4184991-m04-nbits16/implementation.vivado.log -journal /tmp/fastconv-trunc-column-refresh-4184991/rtl/conv2x2/fpga_zcu104/stream08_pipeline_campaign/reports/refresh-4184991-m04-nbits16/implementation.vivado.jou -tclargs /tmp/fastconv-trunc-column-refresh-4184991/rtl/conv2x2/fpga_zcu104/stream08_pipeline_campaign /tmp/fastconv-trunc-column-refresh-4184991 refresh-4184991-m04-nbits16 /tmp/fastconv-trunc-column-refresh-4184991/rtl/conv2x2/fpga_zcu104/stream08_pipeline_campaign/manifests/prefetch8-rowconst4-trunc-column-4mac-nbits16.txt NBITS=16
# Log file: /tmp/fastconv-trunc-column-refresh-4184991/rtl/conv2x2/fpga_zcu104/stream08_pipeline_campaign/reports/refresh-4184991-m04-nbits16/implementation.vivado.log
# Journal file: /tmp/fastconv-trunc-column-refresh-4184991/rtl/conv2x2/fpga_zcu104/stream08_pipeline_campaign/reports/refresh-4184991-m04-nbits16/implementation.vivado.jou
# Running On: paxos.inf.pucrs.br, OS: Linux, CPU Frequency: 3100.000 MHz, CPU Physical cores: 14, Host memory: 134319 MB
#-----------------------------------------------------------
source /tmp/fastconv-trunc-column-refresh-4184991/rtl/conv2x2/fpga_zcu104/column_power_comparison/scripts/synth_impl.tcl
# if {$argc < 4 || $argc > 5} { error "usage: synth_impl.tcl <bench-dir> <repo-root> <run> <manifest> ?<parameter=value>?" }
# set bench_dir [file normalize [lindex $argv 0]]
# set repo_root [file normalize [lindex $argv 1]]
# set run_name [lindex $argv 2]
# set manifest [file normalize [lindex $argv 3]]
# set generic_override ""
# if {$argc == 5} { set generic_override [lindex $argv 4] }
# set run_dir [file join $bench_dir reports $run_name]
# file mkdir $run_dir
# set fp [open [file join $run_dir metadata.txt] w]
# puts $fp "vivado_version=[version -short]"
# puts $fp "part=xczu7ev-ffvc1156-2-e"
# puts $fp "top=Conv"
# puts $fp "target_period_ns=3.154574"
# puts $fp "target_frequency_mhz=317"
# puts $fp "manifest=$manifest"
# if {$generic_override ne ""} { puts $fp "generic_override=$generic_override" }
# close $fp
# set sources [open $manifest r]
# while {[gets $sources line] >= 0} {
#   set line [string trim $line]
#   if {$line eq "" || [string match "#*" $line]} { continue }
#   set source [file normalize [file join $repo_root $line]]
#   if {![file exists $source]} { error "RTL source does not exist: $source" }
#   read_verilog -sv $source
# }
read_verilog: Time (s): cpu = 00:00:05 ; elapsed = 00:00:05 . Memory (MB): peak = 1360.691 ; gain = 2.016 ; free physical = 18619 ; free virtual = 118018
# close $sources
# read_xdc [file join $bench_dir constraints zcu104_317mhz.xdc]
# if {$generic_override eq ""} {
#   synth_design -top Conv -part xczu7ev-ffvc1156-2-e
# } else {
#   synth_design -top Conv -part xczu7ev-ffvc1156-2-e -generic $generic_override
# }
Command: synth_design -top Conv -part xczu7ev-ffvc1156-2-e -generic NBITS=16
Starting synth_design
Attempting to get a license for feature 'Synthesis' and/or device 'xczu7ev'
INFO: [Common 17-349] Got license for feature 'Synthesis' and/or device 'xczu7ev'
INFO: [Device 21-403] Loading part xczu7ev-ffvc1156-2-e
INFO: [Synth 8-7079] Multithreading enabled for synth_design using a maximum of 4 processes.
INFO: [Synth 8-7078] Launching helper process for spawning children vivado processes
INFO: [Synth 8-7075] Helper process launched with PID 3262928
---------------------------------------------------------------------------------
Starting RTL Elaboration : Time (s): cpu = 00:00:03 ; elapsed = 00:00:03 . Memory (MB): peak = 2706.078 ; gain = 290.699 ; free physical = 17022 ; free virtual = 116421
---------------------------------------------------------------------------------
INFO: [Synth 8-6157] synthesizing module 'Conv' [/tmp/fastconv-trunc-column-refresh-4184991/rtl/conv2x2/conv-i24-h13-t08-o4-m04-stream08-prefetch8-rowconst4-trunc-column.sv:6]
	Parameter NBITS bound to: 32'b00000000000000000000000000010000 
INFO: [Synth 8-293] found qualifier priority on case statement: implementing as full_case [/tmp/fastconv-trunc-column-refresh-4184991/rtl/conv2x2/conv-i24-h13-t08-o4-m04-stream08-prefetch8-rowconst4-trunc-column.sv:306]
INFO: [Synth 8-293] found qualifier priority on case statement: implementing as full_case [/tmp/fastconv-trunc-column-refresh-4184991/rtl/conv2x2/conv-i24-h13-t08-o4-m04-stream08-prefetch8-rowconst4-trunc-column.sv:622]
INFO: [Synth 8-294] found qualifier unique on case statement: implementing as parallel_case [/tmp/fastconv-trunc-column-refresh-4184991/rtl/conv2x2/conv-i24-h13-t08-o4-m04-stream08-prefetch8-rowconst4-trunc-column.sv:696]
INFO: [Synth 8-6157] synthesizing module 'Transform' [/tmp/fastconv-trunc-column-refresh-4184991/rtl/conv2x2/mult-matrices/stream/tcn4/mult_matrices.sv:1]
	Parameter NBITS bound to: 32'sb00000000000000000000000000010000 
	Parameter CONV_OUTPUT_SIZE bound to: 32'sb00000000000000000000000000000010 
	Parameter CONV_INPUT_SIZE bound to: 32'sb00000000000000000000000000000100 
	Parameter HADAMARD_SIZE bound to: 32'sb00000000000000000000000000000100 
INFO: [Synth 8-6157] synthesizing module 'MatrixC0' [/tmp/fastconv-trunc-column-refresh-4184991/rtl/conv2x2/mult-matrices/stream/tcn4/mult_matrices.sv:120]
	Parameter NBITS bound to: 32'sb00000000000000000000000000010000 
	Parameter CONV_INPUT_SIZE bound to: 32'sb00000000000000000000000000000100 
	Parameter HADAMARD_SIZE bound to: 32'sb00000000000000000000000000000100 
INFO: [Synth 8-6155] done synthesizing module 'MatrixC0' (0#1) [/tmp/fastconv-trunc-column-refresh-4184991/rtl/conv2x2/mult-matrices/stream/tcn4/mult_matrices.sv:120]
INFO: [Synth 8-6157] synthesizing module 'MatrixC1' [/tmp/fastconv-trunc-column-refresh-4184991/rtl/conv2x2/mult-matrices/stream/tcn4/mult_matrices.sv:150]
	Parameter NBITS bound to: 32'sb00000000000000000000000000010000 
	Parameter CONV_INPUT_SIZE bound to: 32'sb00000000000000000000000000000100 
	Parameter HADAMARD_SIZE bound to: 32'sb00000000000000000000000000000100 
INFO: [Synth 8-6155] done synthesizing module 'MatrixC1' (0#1) [/tmp/fastconv-trunc-column-refresh-4184991/rtl/conv2x2/mult-matrices/stream/tcn4/mult_matrices.sv:150]
INFO: [Synth 8-6155] done synthesizing module 'Transform' (0#1) [/tmp/fastconv-trunc-column-refresh-4184991/rtl/conv2x2/mult-matrices/stream/tcn4/mult_matrices.sv:1]
INFO: [Synth 8-6157] synthesizing module 'WeightTransformRowConst' [/tmp/fastconv-trunc-column-refresh-4184991/rtl/conv2x2/conv-i24-h13-t08-o4-m04-stream08-prefetch8-rowconst4-trunc-column.sv:1049]
	Parameter NBITS bound to: 32'sb00000000000000000000000000010000 
	Parameter ROW_INDEX bound to: 32'sb00000000000000000000000000000000 
INFO: [Synth 8-6155] done synthesizing module 'WeightTransformRowConst' (0#1) [/tmp/fastconv-trunc-column-refresh-4184991/rtl/conv2x2/conv-i24-h13-t08-o4-m04-stream08-prefetch8-rowconst4-trunc-column.sv:1049]
INFO: [Synth 8-6157] synthesizing module 'WeightTransformRowConst__parameterized0' [/tmp/fastconv-trunc-column-refresh-4184991/rtl/conv2x2/conv-i24-h13-t08-o4-m04-stream08-prefetch8-rowconst4-trunc-column.sv:1049]
	Parameter NBITS bound to: 32'sb00000000000000000000000000010000 
	Parameter ROW_INDEX bound to: 32'sb00000000000000000000000000000001 
INFO: [Synth 8-6155] done synthesizing module 'WeightTransformRowConst__parameterized0' (0#1) [/tmp/fastconv-trunc-column-refresh-4184991/rtl/conv2x2/conv-i24-h13-t08-o4-m04-stream08-prefetch8-rowconst4-trunc-column.sv:1049]
INFO: [Synth 8-6157] synthesizing module 'WeightTransformRowConst__parameterized1' [/tmp/fastconv-trunc-column-refresh-4184991/rtl/conv2x2/conv-i24-h13-t08-o4-m04-stream08-prefetch8-rowconst4-trunc-column.sv:1049]
	Parameter NBITS bound to: 32'sb00000000000000000000000000010000 
	Parameter ROW_INDEX bound to: 32'sb00000000000000000000000000000010 
INFO: [Synth 8-6155] done synthesizing module 'WeightTransformRowConst__parameterized1' (0#1) [/tmp/fastconv-trunc-column-refresh-4184991/rtl/conv2x2/conv-i24-h13-t08-o4-m04-stream08-prefetch8-rowconst4-trunc-column.sv:1049]
INFO: [Synth 8-6157] synthesizing module 'WeightTransformRowConst__parameterized2' [/tmp/fastconv-trunc-column-refresh-4184991/rtl/conv2x2/conv-i24-h13-t08-o4-m04-stream08-prefetch8-rowconst4-trunc-column.sv:1049]
	Parameter NBITS bound to: 32'sb00000000000000000000000000010000 
	Parameter ROW_INDEX bound to: 32'sb00000000000000000000000000000011 
INFO: [Synth 8-6155] done synthesizing module 'WeightTransformRowConst__parameterized2' (0#1) [/tmp/fastconv-trunc-column-refresh-4184991/rtl/conv2x2/conv-i24-h13-t08-o4-m04-stream08-prefetch8-rowconst4-trunc-column.sv:1049]
INFO: [Synth 8-6157] synthesizing module 'Multip' [/tmp/fastconv-trunc-column-refresh-4184991/rtl/multip/multip.sv:1]
	Parameter QUANT bound to: 32'sb00000000000000000000000000001000 
	Parameter NBITS bound to: 32'sb00000000000000000000000000010000 
INFO: [Synth 8-6155] done synthesizing module 'Multip' (0#1) [/tmp/fastconv-trunc-column-refresh-4184991/rtl/multip/multip.sv:1]
WARNING: [Synth 8-689] width (24) of port connection 'product' does not match port width (16) of module 'Multip' [/tmp/fastconv-trunc-column-refresh-4184991/rtl/conv2x2/conv-i24-h13-t08-o4-m04-stream08-prefetch8-rowconst4-trunc-column.sv:818]
WARNING: [Synth 8-689] width (24) of port connection 'product' does not match port width (16) of module 'Multip' [/tmp/fastconv-trunc-column-refresh-4184991/rtl/conv2x2/conv-i24-h13-t08-o4-m04-stream08-prefetch8-rowconst4-trunc-column.sv:820]
WARNING: [Synth 8-689] width (24) of port connection 'product' does not match port width (16) of module 'Multip' [/tmp/fastconv-trunc-column-refresh-4184991/rtl/conv2x2/conv-i24-h13-t08-o4-m04-stream08-prefetch8-rowconst4-trunc-column.sv:822]
WARNING: [Synth 8-689] width (24) of port connection 'product' does not match port width (16) of module 'Multip' [/tmp/fastconv-trunc-column-refresh-4184991/rtl/conv2x2/conv-i24-h13-t08-o4-m04-stream08-prefetch8-rowconst4-trunc-column.sv:824]
INFO: [Synth 8-6157] synthesizing module 'InverseRow' [/tmp/fastconv-trunc-column-refresh-4184991/rtl/conv2x2/mult-matrices/stream/tcn4/mult_matrices.sv:37]
	Parameter NBITS bound to: 32'sb00000000000000000000000000010000 
INFO: [Synth 8-6155] done synthesizing module 'InverseRow' (0#1) [/tmp/fastconv-trunc-column-refresh-4184991/rtl/conv2x2/mult-matrices/stream/tcn4/mult_matrices.sv:37]
INFO: [Synth 8-6157] synthesizing module 'InverseRowAccumulate' [/tmp/fastconv-trunc-column-refresh-4184991/rtl/conv2x2/mult-matrices/stream/tcn4/mult_matrices.sv:53]
	Parameter NBITS bound to: 32'sb00000000000000000000000000010000 
INFO: [Synth 8-294] found qualifier unique on case statement: implementing as parallel_case [/tmp/fastconv-trunc-column-refresh-4184991/rtl/conv2x2/mult-matrices/stream/tcn4/mult_matrices.sv:70]
INFO: [Synth 8-226] default block is never used [/tmp/fastconv-trunc-column-refresh-4184991/rtl/conv2x2/mult-matrices/stream/tcn4/mult_matrices.sv:70]
INFO: [Synth 8-6155] done synthesizing module 'InverseRowAccumulate' (0#1) [/tmp/fastconv-trunc-column-refresh-4184991/rtl/conv2x2/mult-matrices/stream/tcn4/mult_matrices.sv:53]
INFO: [Synth 8-293] found qualifier priority on case statement: implementing as full_case [/tmp/fastconv-trunc-column-refresh-4184991/rtl/conv2x2/conv-i24-h13-t08-o4-m04-stream08-prefetch8-rowconst4-trunc-column.sv:841]
INFO: [Synth 8-6155] done synthesizing module 'Conv' (0#1) [/tmp/fastconv-trunc-column-refresh-4184991/rtl/conv2x2/conv-i24-h13-t08-o4-m04-stream08-prefetch8-rowconst4-trunc-column.sv:6]
WARNING: [Synth 8-7129] Port pin[5][15] in module WeightTransformRowConst__parameterized2 is either unconnected or has no load
WARNING: [Synth 8-7129] Port pin[5][14] in module WeightTransformRowConst__parameterized2 is either unconnected or has no load
WARNING: [Synth 8-7129] Port pin[5][13] in module WeightTransformRowConst__parameterized2 is either unconnected or has no load
WARNING: [Synth 8-7129] Port pin[5][12] in module WeightTransformRowConst__parameterized2 is either unconnected or has no load
WARNING: [Synth 8-7129] Port pin[5][11] in module WeightTransformRowConst__parameterized2 is either unconnected or has no load
WARNING: [Synth 8-7129] Port pin[5][10] in module WeightTransformRowConst__parameterized2 is either unconnected or has no load
WARNING: [Synth 8-7129] Port pin[5][9] in module WeightTransformRowConst__parameterized2 is either unconnected or has no load
WARNING: [Synth 8-7129] Port pin[5][8] in module WeightTransformRowConst__parameterized2 is either unconnected or has no load
WARNING: [Synth 8-7129] Port pin[5][7] in module WeightTransformRowConst__parameterized2 is either unconnected or has no load
WARNING: [Synth 8-7129] Port pin[5][6] in module WeightTransformRowConst__parameterized2 is either unconnected or has no load
WARNING: [Synth 8-7129] Port pin[5][5] in module WeightTransformRowConst__parameterized2 is either unconnected or has no load
WARNING: [Synth 8-7129] Port pin[5][4] in module WeightTransformRowConst__parameterized2 is either unconnected or has no load
WARNING: [Synth 8-7129] Port pin[5][3] in module WeightTransformRowConst__parameterized2 is either unconnected or has no load
WARNING: [Synth 8-7129] Port pin[5][2] in module WeightTransformRowConst__parameterized2 is either unconnected or has no load
WARNING: [Synth 8-7129] Port pin[5][1] in module WeightTransformRowConst__parameterized2 is either unconnected or has no load
WARNING: [Synth 8-7129] Port pin[5][0] in module WeightTransformRowConst__parameterized2 is either unconnected or has no load
WARNING: [Synth 8-7129] Port pin[4][15] in module WeightTransformRowConst__parameterized2 is either unconnected or has no load
WARNING: [Synth 8-7129] Port pin[4][14] in module WeightTransformRowConst__parameterized2 is either unconnected or has no load
WARNING: [Synth 8-7129] Port pin[4][13] in module WeightTransformRowConst__parameterized2 is either unconnected or has no load
WARNING: [Synth 8-7129] Port pin[4][12] in module WeightTransformRowConst__parameterized2 is either unconnected or has no load
WARNING: [Synth 8-7129] Port pin[4][11] in module WeightTransformRowConst__parameterized2 is either unconnected or has no load
WARNING: [Synth 8-7129] Port pin[4][10] in module WeightTransformRowConst__parameterized2 is either unconnected or has no load
WARNING: [Synth 8-7129] Port pin[4][9] in module WeightTransformRowConst__parameterized2 is either unconnected or has no load
WARNING: [Synth 8-7129] Port pin[4][8] in module WeightTransformRowConst__parameterized2 is either unconnected or has no load
WARNING: [Synth 8-7129] Port pin[4][7] in module WeightTransformRowConst__parameterized2 is either unconnected or has no load
WARNING: [Synth 8-7129] Port pin[4][6] in module WeightTransformRowConst__parameterized2 is either unconnected or has no load
WARNING: [Synth 8-7129] Port pin[4][5] in module WeightTransformRowConst__parameterized2 is either unconnected or has no load
WARNING: [Synth 8-7129] Port pin[4][4] in module WeightTransformRowConst__parameterized2 is either unconnected or has no load
WARNING: [Synth 8-7129] Port pin[4][3] in module WeightTransformRowConst__parameterized2 is either unconnected or has no load
WARNING: [Synth 8-7129] Port pin[4][2] in module WeightTransformRowConst__parameterized2 is either unconnected or has no load
WARNING: [Synth 8-7129] Port pin[4][1] in module WeightTransformRowConst__parameterized2 is either unconnected or has no load
WARNING: [Synth 8-7129] Port pin[4][0] in module WeightTransformRowConst__parameterized2 is either unconnected or has no load
WARNING: [Synth 8-7129] Port pin[3][15] in module WeightTransformRowConst__parameterized2 is either unconnected or has no load
WARNING: [Synth 8-7129] Port pin[3][14] in module WeightTransformRowConst__parameterized2 is either unconnected or has no load
WARNING: [Synth 8-7129] Port pin[3][13] in module WeightTransformRowConst__parameterized2 is either unconnected or has no load
WARNING: [Synth 8-7129] Port pin[3][12] in module WeightTransformRowConst__parameterized2 is either unconnected or has no load
WARNING: [Synth 8-7129] Port pin[3][11] in module WeightTransformRowConst__parameterized2 is either unconnected or has no load
WARNING: [Synth 8-7129] Port pin[3][10] in module WeightTransformRowConst__parameterized2 is either unconnected or has no load
WARNING: [Synth 8-7129] Port pin[3][9] in module WeightTransformRowConst__parameterized2 is either unconnected or has no load
WARNING: [Synth 8-7129] Port pin[3][8] in module WeightTransformRowConst__parameterized2 is either unconnected or has no load
WARNING: [Synth 8-7129] Port pin[3][7] in module WeightTransformRowConst__parameterized2 is either unconnected or has no load
WARNING: [Synth 8-7129] Port pin[3][6] in module WeightTransformRowConst__parameterized2 is either unconnected or has no load
WARNING: [Synth 8-7129] Port pin[3][5] in module WeightTransformRowConst__parameterized2 is either unconnected or has no load
WARNING: [Synth 8-7129] Port pin[3][4] in module WeightTransformRowConst__parameterized2 is either unconnected or has no load
WARNING: [Synth 8-7129] Port pin[3][3] in module WeightTransformRowConst__parameterized2 is either unconnected or has no load
WARNING: [Synth 8-7129] Port pin[3][2] in module WeightTransformRowConst__parameterized2 is either unconnected or has no load
WARNING: [Synth 8-7129] Port pin[3][1] in module WeightTransformRowConst__parameterized2 is either unconnected or has no load
WARNING: [Synth 8-7129] Port pin[3][0] in module WeightTransformRowConst__parameterized2 is either unconnected or has no load
WARNING: [Synth 8-7129] Port pin[2][15] in module WeightTransformRowConst__parameterized2 is either unconnected or has no load
WARNING: [Synth 8-7129] Port pin[2][14] in module WeightTransformRowConst__parameterized2 is either unconnected or has no load
WARNING: [Synth 8-7129] Port pin[2][13] in module WeightTransformRowConst__parameterized2 is either unconnected or has no load
WARNING: [Synth 8-7129] Port pin[2][12] in module WeightTransformRowConst__parameterized2 is either unconnected or has no load
WARNING: [Synth 8-7129] Port pin[2][11] in module WeightTransformRowConst__parameterized2 is either unconnected or has no load
WARNING: [Synth 8-7129] Port pin[2][10] in module WeightTransformRowConst__parameterized2 is either unconnected or has no load
WARNING: [Synth 8-7129] Port pin[2][9] in module WeightTransformRowConst__parameterized2 is either unconnected or has no load
WARNING: [Synth 8-7129] Port pin[2][8] in module WeightTransformRowConst__parameterized2 is either unconnected or has no load
WARNING: [Synth 8-7129] Port pin[2][7] in module WeightTransformRowConst__parameterized2 is either unconnected or has no load
WARNING: [Synth 8-7129] Port pin[2][6] in module WeightTransformRowConst__parameterized2 is either unconnected or has no load
WARNING: [Synth 8-7129] Port pin[2][5] in module WeightTransformRowConst__parameterized2 is either unconnected or has no load
WARNING: [Synth 8-7129] Port pin[2][4] in module WeightTransformRowConst__parameterized2 is either unconnected or has no load
WARNING: [Synth 8-7129] Port pin[2][3] in module WeightTransformRowConst__parameterized2 is either unconnected or has no load
WARNING: [Synth 8-7129] Port pin[2][2] in module WeightTransformRowConst__parameterized2 is either unconnected or has no load
WARNING: [Synth 8-7129] Port pin[2][1] in module WeightTransformRowConst__parameterized2 is either unconnected or has no load
WARNING: [Synth 8-7129] Port pin[2][0] in module WeightTransformRowConst__parameterized2 is either unconnected or has no load
WARNING: [Synth 8-7129] Port pin[1][15] in module WeightTransformRowConst__parameterized2 is either unconnected or has no load
WARNING: [Synth 8-7129] Port pin[1][14] in module WeightTransformRowConst__parameterized2 is either unconnected or has no load
WARNING: [Synth 8-7129] Port pin[1][13] in module WeightTransformRowConst__parameterized2 is either unconnected or has no load
WARNING: [Synth 8-7129] Port pin[1][12] in module WeightTransformRowConst__parameterized2 is either unconnected or has no load
WARNING: [Synth 8-7129] Port pin[1][11] in module WeightTransformRowConst__parameterized2 is either unconnected or has no load
WARNING: [Synth 8-7129] Port pin[1][10] in module WeightTransformRowConst__parameterized2 is either unconnected or has no load
WARNING: [Synth 8-7129] Port pin[1][9] in module WeightTransformRowConst__parameterized2 is either unconnected or has no load
WARNING: [Synth 8-7129] Port pin[1][8] in module WeightTransformRowConst__parameterized2 is either unconnected or has no load
WARNING: [Synth 8-7129] Port pin[1][7] in module WeightTransformRowConst__parameterized2 is either unconnected or has no load
WARNING: [Synth 8-7129] Port pin[1][6] in module WeightTransformRowConst__parameterized2 is either unconnected or has no load
WARNING: [Synth 8-7129] Port pin[1][5] in module WeightTransformRowConst__parameterized2 is either unconnected or has no load
WARNING: [Synth 8-7129] Port pin[1][4] in module WeightTransformRowConst__parameterized2 is either unconnected or has no load
WARNING: [Synth 8-7129] Port pin[1][3] in module WeightTransformRowConst__parameterized2 is either unconnected or has no load
WARNING: [Synth 8-7129] Port pin[1][2] in module WeightTransformRowConst__parameterized2 is either unconnected or has no load
WARNING: [Synth 8-7129] Port pin[1][1] in module WeightTransformRowConst__parameterized2 is either unconnected or has no load
WARNING: [Synth 8-7129] Port pin[1][0] in module WeightTransformRowConst__parameterized2 is either unconnected or has no load
WARNING: [Synth 8-7129] Port pin[0][15] in module WeightTransformRowConst__parameterized2 is either unconnected or has no load
WARNING: [Synth 8-7129] Port pin[0][14] in module WeightTransformRowConst__parameterized2 is either unconnected or has no load
WARNING: [Synth 8-7129] Port pin[0][13] in module WeightTransformRowConst__parameterized2 is either unconnected or has no load
WARNING: [Synth 8-7129] Port pin[0][12] in module WeightTransformRowConst__parameterized2 is either unconnected or has no load
WARNING: [Synth 8-7129] Port pin[0][11] in module WeightTransformRowConst__parameterized2 is either unconnected or has no load
WARNING: [Synth 8-7129] Port pin[0][10] in module WeightTransformRowConst__parameterized2 is either unconnected or has no load
WARNING: [Synth 8-7129] Port pin[0][9] in module WeightTransformRowConst__parameterized2 is either unconnected or has no load
WARNING: [Synth 8-7129] Port pin[0][8] in module WeightTransformRowConst__parameterized2 is either unconnected or has no load
WARNING: [Synth 8-7129] Port pin[0][7] in module WeightTransformRowConst__parameterized2 is either unconnected or has no load
WARNING: [Synth 8-7129] Port pin[0][6] in module WeightTransformRowConst__parameterized2 is either unconnected or has no load
WARNING: [Synth 8-7129] Port pin[0][5] in module WeightTransformRowConst__parameterized2 is either unconnected or has no load
WARNING: [Synth 8-7129] Port pin[0][4] in module WeightTransformRowConst__parameterized2 is either unconnected or has no load
WARNING: [Synth 8-7129] Port pin[0][3] in module WeightTransformRowConst__parameterized2 is either unconnected or has no load
WARNING: [Synth 8-7129] Port pin[0][2] in module WeightTransformRowConst__parameterized2 is either unconnected or has no load
WARNING: [Synth 8-7129] Port pin[0][1] in module WeightTransformRowConst__parameterized2 is either unconnected or has no load
WARNING: [Synth 8-7129] Port pin[0][0] in module WeightTransformRowConst__parameterized2 is either unconnected or has no load
WARNING: [Synth 8-7129] Port pin[8][15] in module WeightTransformRowConst is either unconnected or has no load
WARNING: [Synth 8-7129] Port pin[8][14] in module WeightTransformRowConst is either unconnected or has no load
WARNING: [Synth 8-7129] Port pin[8][13] in module WeightTransformRowConst is either unconnected or has no load
WARNING: [Synth 8-7129] Port pin[8][12] in module WeightTransformRowConst is either unconnected or has no load
INFO: [Common 17-14] Message 'Synth 8-7129' appears 100 times and further instances of the messages will be disabled. Use the Tcl command set_msg_config to change the current settings.
---------------------------------------------------------------------------------
Finished RTL Elaboration : Time (s): cpu = 00:00:04 ; elapsed = 00:00:05 . Memory (MB): peak = 2798.016 ; gain = 382.637 ; free physical = 16907 ; free virtual = 116307
---------------------------------------------------------------------------------
---------------------------------------------------------------------------------
Start Handling Custom Attributes
---------------------------------------------------------------------------------
---------------------------------------------------------------------------------
Finished Handling Custom Attributes : Time (s): cpu = 00:00:05 ; elapsed = 00:00:05 . Memory (MB): peak = 2798.016 ; gain = 382.637 ; free physical = 16908 ; free virtual = 116308
---------------------------------------------------------------------------------
---------------------------------------------------------------------------------
Finished RTL Optimization Phase 1 : Time (s): cpu = 00:00:05 ; elapsed = 00:00:05 . Memory (MB): peak = 2798.016 ; gain = 382.637 ; free physical = 16908 ; free virtual = 116308
---------------------------------------------------------------------------------
Netlist sorting complete. Time (s): cpu = 00:00:00.02 ; elapsed = 00:00:00.03 . Memory (MB): peak = 2798.016 ; gain = 0.000 ; free physical = 16908 ; free virtual = 116308
INFO: [Project 1-570] Preparing netlist for logic optimization

Processing XDC Constraints
Initializing timing engine
Parsing XDC File [/tmp/fastconv-trunc-column-refresh-4184991/rtl/conv2x2/fpga_zcu104/stream08_pipeline_campaign/constraints/zcu104_317mhz.xdc]
WARNING: [Vivado 12-2489] -period contains time 3.154574 which will be rounded to 3.155 to ensure it is an integer multiple of 1 picosecond [/tmp/fastconv-trunc-column-refresh-4184991/rtl/conv2x2/fpga_zcu104/stream08_pipeline_campaign/constraints/zcu104_317mhz.xdc:1]
Finished Parsing XDC File [/tmp/fastconv-trunc-column-refresh-4184991/rtl/conv2x2/fpga_zcu104/stream08_pipeline_campaign/constraints/zcu104_317mhz.xdc]
Completed Processing XDC Constraints

Netlist sorting complete. Time (s): cpu = 00:00:00 ; elapsed = 00:00:00 . Memory (MB): peak = 2933.766 ; gain = 0.000 ; free physical = 16899 ; free virtual = 116299
INFO: [Project 1-111] Unisim Transformation Summary:
No Unisim elements were transformed.

Constraint Validation Runtime : Time (s): cpu = 00:00:00.04 ; elapsed = 00:00:00.01 . Memory (MB): peak = 2933.801 ; gain = 0.000 ; free physical = 16899 ; free virtual = 116299
---------------------------------------------------------------------------------
Finished Constraint Validation : Time (s): cpu = 00:00:13 ; elapsed = 00:00:13 . Memory (MB): peak = 2933.801 ; gain = 518.422 ; free physical = 16893 ; free virtual = 116293
---------------------------------------------------------------------------------
---------------------------------------------------------------------------------
Start Loading Part and Timing Information
---------------------------------------------------------------------------------
Loading part: xczu7ev-ffvc1156-2-e
INFO: [Synth 8-6742] Reading net delay rules and data
---------------------------------------------------------------------------------
Finished Loading Part and Timing Information : Time (s): cpu = 00:00:13 ; elapsed = 00:00:13 . Memory (MB): peak = 2933.801 ; gain = 518.422 ; free physical = 16893 ; free virtual = 116293
---------------------------------------------------------------------------------
---------------------------------------------------------------------------------
Start Applying 'set_property' XDC Constraints
---------------------------------------------------------------------------------
---------------------------------------------------------------------------------
Finished applying 'set_property' XDC Constraints : Time (s): cpu = 00:00:13 ; elapsed = 00:00:13 . Memory (MB): peak = 2933.801 ; gain = 518.422 ; free physical = 16893 ; free virtual = 116293
---------------------------------------------------------------------------------
---------------------------------------------------------------------------------
Finished RTL Optimization Phase 2 : Time (s): cpu = 00:00:14 ; elapsed = 00:00:14 . Memory (MB): peak = 2933.801 ; gain = 518.422 ; free physical = 16892 ; free virtual = 116293
---------------------------------------------------------------------------------
---------------------------------------------------------------------------------
Start RTL Component Statistics 
---------------------------------------------------------------------------------
Detailed RTL Component Info : 
+---Adders : 
	   4 Input   20 Bit       Adders := 4     
	   3 Input   20 Bit       Adders := 4     
	  10 Input   20 Bit       Adders := 3     
	   9 Input   20 Bit       Adders := 1     
	   3 Input   16 Bit       Adders := 27    
	   2 Input   16 Bit       Adders := 17    
	   4 Input   16 Bit       Adders := 1     
	   4 Input   15 Bit       Adders := 1     
	   2 Input   12 Bit       Adders := 1     
	   2 Input   10 Bit       Adders := 1     
	   2 Input    8 Bit       Adders := 3     
	   2 Input    6 Bit       Adders := 2     
	   2 Input    5 Bit       Adders := 1     
	   2 Input    4 Bit       Adders := 4     
	   2 Input    3 Bit       Adders := 1     
	   2 Input    2 Bit       Adders := 5     
	   2 Input    1 Bit       Adders := 3     
+---Registers : 
	               16 Bit    Registers := 58    
	               12 Bit    Registers := 1     
	               10 Bit    Registers := 1     
	                8 Bit    Registers := 3     
	                6 Bit    Registers := 2     
	                5 Bit    Registers := 1     
	                4 Bit    Registers := 5     
	                3 Bit    Registers := 3     
	                2 Bit    Registers := 6     
	                1 Bit    Registers := 10    
+---Muxes : 
	   2 Input   16 Bit        Muxes := 113   
	   4 Input   16 Bit        Muxes := 23    
	   3 Input   16 Bit        Muxes := 3     
	   2 Input   15 Bit        Muxes := 2     
	   2 Input   14 Bit        Muxes := 1     
	   2 Input   10 Bit        Muxes := 3     
	   2 Input    8 Bit        Muxes := 3     
	   2 Input    6 Bit        Muxes := 2     
	   2 Input    5 Bit        Muxes := 3     
	   2 Input    4 Bit        Muxes := 11    
	   3 Input    4 Bit        Muxes := 1     
	   7 Input    4 Bit        Muxes := 1     
	   4 Input    4 Bit        Muxes := 1     
	   2 Input    3 Bit        Muxes := 7     
	   3 Input    3 Bit        Muxes := 1     
	   5 Input    3 Bit        Muxes := 1     
	   2 Input    2 Bit        Muxes := 8     
	   4 Input    2 Bit        Muxes := 2     
	   5 Input    2 Bit        Muxes := 1     
	   2 Input    1 Bit        Muxes := 80    
	   4 Input    1 Bit        Muxes := 21    
	   3 Input    1 Bit        Muxes := 1     
---------------------------------------------------------------------------------
Finished RTL Component Statistics 
---------------------------------------------------------------------------------
---------------------------------------------------------------------------------
Start Part Resource Summary
---------------------------------------------------------------------------------
Part Resources:
DSPs: 1728 (col length:144)
BRAMs: 624 (col length: RAMB18 144 RAMB36 72)
---------------------------------------------------------------------------------
Finished Part Resource Summary
---------------------------------------------------------------------------------
---------------------------------------------------------------------------------
Start Cross Boundary and Area Optimization
---------------------------------------------------------------------------------
WARNING: [Synth 8-7080] Parallel synthesis criteria is not met
DSP Report: Generating DSP multip3/partial_product, operation Mode is: A*B.
DSP Report: operator multip3/partial_product is absorbed into DSP multip3/partial_product.
DSP Report: Generating DSP multip2/partial_product, operation Mode is: A*B.
DSP Report: operator multip2/partial_product is absorbed into DSP multip2/partial_product.
DSP Report: Generating DSP multip1/partial_product, operation Mode is: A*B.
DSP Report: operator multip1/partial_product is absorbed into DSP multip1/partial_product.
DSP Report: Generating DSP multip0/partial_product, operation Mode is: A*B.
DSP Report: operator multip0/partial_product is absorbed into DSP multip0/partial_product.
WARNING: [Synth 8-3917] design Conv has port p_output_addr[15] driven by constant 0
WARNING: [Synth 8-3917] design Conv has port p_output_addr[14] driven by constant 0
WARNING: [Synth 8-3332] Sequential element (r_hadamard_product_reg_reg[3]__15) is unused and will be removed from module Conv.
WARNING: [Synth 8-3332] Sequential element (r_hadamard_product_reg_reg[3]__16) is unused and will be removed from module Conv.
WARNING: [Synth 8-3332] Sequential element (r_hadamard_product_reg_reg[3]__17) is unused and will be removed from module Conv.
WARNING: [Synth 8-3332] Sequential element (r_hadamard_product_reg_reg[3]__18) is unused and will be removed from module Conv.
WARNING: [Synth 8-3332] Sequential element (r_hadamard_product_reg_reg[3]__19) is unused and will be removed from module Conv.
WARNING: [Synth 8-3332] Sequential element (r_hadamard_product_reg_reg[3]__20) is unused and will be removed from module Conv.
WARNING: [Synth 8-3332] Sequential element (r_hadamard_product_reg_reg[3]__21) is unused and will be removed from module Conv.
WARNING: [Synth 8-3332] Sequential element (r_hadamard_product_reg_reg[3]__22) is unused and will be removed from module Conv.
WARNING: [Synth 8-3332] Sequential element (r_hadamard_product_reg_reg[2]__15) is unused and will be removed from module Conv.
WARNING: [Synth 8-3332] Sequential element (r_hadamard_product_reg_reg[2]__16) is unused and will be removed from module Conv.
WARNING: [Synth 8-3332] Sequential element (r_hadamard_product_reg_reg[2]__17) is unused and will be removed from module Conv.
WARNING: [Synth 8-3332] Sequential element (r_hadamard_product_reg_reg[2]__18) is unused and will be removed from module Conv.
WARNING: [Synth 8-3332] Sequential element (r_hadamard_product_reg_reg[2]__19) is unused and will be removed from module Conv.
WARNING: [Synth 8-3332] Sequential element (r_hadamard_product_reg_reg[2]__20) is unused and will be removed from module Conv.
WARNING: [Synth 8-3332] Sequential element (r_hadamard_product_reg_reg[2]__21) is unused and will be removed from module Conv.
WARNING: [Synth 8-3332] Sequential element (r_hadamard_product_reg_reg[2]__22) is unused and will be removed from module Conv.
WARNING: [Synth 8-3332] Sequential element (r_hadamard_product_reg_reg[1]__15) is unused and will be removed from module Conv.
WARNING: [Synth 8-3332] Sequential element (r_hadamard_product_reg_reg[1]__16) is unused and will be removed from module Conv.
WARNING: [Synth 8-3332] Sequential element (r_hadamard_product_reg_reg[1]__17) is unused and will be removed from module Conv.
WARNING: [Synth 8-3332] Sequential element (r_hadamard_product_reg_reg[1]__18) is unused and will be removed from module Conv.
WARNING: [Synth 8-3332] Sequential element (r_hadamard_product_reg_reg[1]__19) is unused and will be removed from module Conv.
WARNING: [Synth 8-3332] Sequential element (r_hadamard_product_reg_reg[1]__20) is unused and will be removed from module Conv.
WARNING: [Synth 8-3332] Sequential element (r_hadamard_product_reg_reg[1]__21) is unused and will be removed from module Conv.
WARNING: [Synth 8-3332] Sequential element (r_hadamard_product_reg_reg[1]__22) is unused and will be removed from module Conv.
WARNING: [Synth 8-3332] Sequential element (r_hadamard_product_reg_reg[0]__15) is unused and will be removed from module Conv.
WARNING: [Synth 8-3332] Sequential element (r_hadamard_product_reg_reg[0]__16) is unused and will be removed from module Conv.
WARNING: [Synth 8-3332] Sequential element (r_hadamard_product_reg_reg[0]__17) is unused and will be removed from module Conv.
WARNING: [Synth 8-3332] Sequential element (r_hadamard_product_reg_reg[0]__18) is unused and will be removed from module Conv.
WARNING: [Synth 8-3332] Sequential element (r_hadamard_product_reg_reg[0]__19) is unused and will be removed from module Conv.
WARNING: [Synth 8-3332] Sequential element (r_hadamard_product_reg_reg[0]__20) is unused and will be removed from module Conv.
WARNING: [Synth 8-3332] Sequential element (r_hadamard_product_reg_reg[0]__21) is unused and will be removed from module Conv.
WARNING: [Synth 8-3332] Sequential element (r_hadamard_product_reg_reg[0]__22) is unused and will be removed from module Conv.
---------------------------------------------------------------------------------
Finished Cross Boundary and Area Optimization : Time (s): cpu = 00:00:22 ; elapsed = 00:00:22 . Memory (MB): peak = 2933.801 ; gain = 518.422 ; free physical = 16872 ; free virtual = 116280
---------------------------------------------------------------------------------
 Sort Area is  multip0/partial_product_4 : 0 0 : 1937 1937 : Used 1 time 0
 Sort Area is  multip1/partial_product_3 : 0 0 : 1937 1937 : Used 1 time 0
 Sort Area is  multip2/partial_product_2 : 0 0 : 1937 1937 : Used 1 time 0
 Sort Area is  multip3/partial_product_0 : 0 0 : 1937 1937 : Used 1 time 0
---------------------------------------------------------------------------------
Start ROM, RAM, DSP, Shift Register and Retiming Reporting
---------------------------------------------------------------------------------

DSP: Preliminary Mapping Report (see note below. The ' indicates corresponding REG is set)
+------------+-------------+--------+--------+--------+--------+--------+------+------+------+------+-------+------+------+
|Module Name | DSP Mapping | A Size | B Size | C Size | D Size | P Size | AREG | BREG | CREG | DREG | ADREG | MREG | PREG | 
+------------+-------------+--------+--------+--------+--------+--------+------+------+------+------+-------+------+------+
|Multip      | A*B         | 16     | 16     | -      | -      | 32     | 0    | 0    | -    | -    | -     | 0    | 0    | 
|Multip      | A*B         | 16     | 16     | -      | -      | 32     | 0    | 0    | -    | -    | -     | 0    | 0    | 
|Multip      | A*B         | 16     | 16     | -      | -      | 32     | 0    | 0    | -    | -    | -     | 0    | 0    | 
|Multip      | A*B         | 16     | 16     | -      | -      | 32     | 0    | 0    | -    | -    | -     | 0    | 0    | 
+------------+-------------+--------+--------+--------+--------+--------+------+------+------+------+-------+------+------+

Note: The table above is a preliminary report that shows the DSPs inferred at the current stage of the synthesis flow. Some DSP may be reimplemented as non DSP primitives later in the synthesis flow. Multiple instantiated DSPs are reported only once.
---------------------------------------------------------------------------------
Finished ROM, RAM, DSP, Shift Register and Retiming Reporting
---------------------------------------------------------------------------------
---------------------------------------------------------------------------------
Start Applying XDC Timing Constraints
---------------------------------------------------------------------------------
---------------------------------------------------------------------------------
Finished Applying XDC Timing Constraints : Time (s): cpu = 00:00:29 ; elapsed = 00:00:29 . Memory (MB): peak = 3400.008 ; gain = 984.629 ; free physical = 16435 ; free virtual = 115843
---------------------------------------------------------------------------------
---------------------------------------------------------------------------------
Start Timing Optimization
---------------------------------------------------------------------------------
---------------------------------------------------------------------------------
Finished Timing Optimization : Time (s): cpu = 00:00:34 ; elapsed = 00:00:35 . Memory (MB): peak = 3482.148 ; gain = 1066.770 ; free physical = 16333 ; free virtual = 115741
---------------------------------------------------------------------------------
---------------------------------------------------------------------------------
Start Technology Mapping
---------------------------------------------------------------------------------
---------------------------------------------------------------------------------
Finished Technology Mapping : Time (s): cpu = 00:00:35 ; elapsed = 00:00:36 . Memory (MB): peak = 3482.148 ; gain = 1066.770 ; free physical = 16333 ; free virtual = 115741
---------------------------------------------------------------------------------
---------------------------------------------------------------------------------
Start IO Insertion
---------------------------------------------------------------------------------
---------------------------------------------------------------------------------
Start Flattening Before IO Insertion
---------------------------------------------------------------------------------
---------------------------------------------------------------------------------
Finished Flattening Before IO Insertion
---------------------------------------------------------------------------------
---------------------------------------------------------------------------------
Start Final Netlist Cleanup
---------------------------------------------------------------------------------
---------------------------------------------------------------------------------
Finished Final Netlist Cleanup
---------------------------------------------------------------------------------
---------------------------------------------------------------------------------
Finished IO Insertion : Time (s): cpu = 00:00:38 ; elapsed = 00:00:39 . Memory (MB): peak = 3488.086 ; gain = 1072.707 ; free physical = 16332 ; free virtual = 115740
---------------------------------------------------------------------------------
---------------------------------------------------------------------------------
Start Renaming Generated Instances
---------------------------------------------------------------------------------
---------------------------------------------------------------------------------
Finished Renaming Generated Instances : Time (s): cpu = 00:00:39 ; elapsed = 00:00:39 . Memory (MB): peak = 3488.086 ; gain = 1072.707 ; free physical = 16332 ; free virtual = 115740
---------------------------------------------------------------------------------
---------------------------------------------------------------------------------
Start Rebuilding User Hierarchy
---------------------------------------------------------------------------------
---------------------------------------------------------------------------------
Finished Rebuilding User Hierarchy : Time (s): cpu = 00:00:39 ; elapsed = 00:00:40 . Memory (MB): peak = 3488.086 ; gain = 1072.707 ; free physical = 16332 ; free virtual = 115740
---------------------------------------------------------------------------------
---------------------------------------------------------------------------------
Start Renaming Generated Ports
---------------------------------------------------------------------------------
---------------------------------------------------------------------------------
Finished Renaming Generated Ports : Time (s): cpu = 00:00:39 ; elapsed = 00:00:40 . Memory (MB): peak = 3488.086 ; gain = 1072.707 ; free physical = 16332 ; free virtual = 115740
---------------------------------------------------------------------------------
---------------------------------------------------------------------------------
Start Handling Custom Attributes
---------------------------------------------------------------------------------
---------------------------------------------------------------------------------
Finished Handling Custom Attributes : Time (s): cpu = 00:00:39 ; elapsed = 00:00:40 . Memory (MB): peak = 3488.086 ; gain = 1072.707 ; free physical = 16332 ; free virtual = 115740
---------------------------------------------------------------------------------
---------------------------------------------------------------------------------
Start Renaming Generated Nets
---------------------------------------------------------------------------------
---------------------------------------------------------------------------------
Finished Renaming Generated Nets : Time (s): cpu = 00:00:39 ; elapsed = 00:00:40 . Memory (MB): peak = 3488.086 ; gain = 1072.707 ; free physical = 16332 ; free virtual = 115740
---------------------------------------------------------------------------------
---------------------------------------------------------------------------------
Start Writing Synthesis Report
---------------------------------------------------------------------------------

DSP Final Report (the ' indicates corresponding REG is set)
+------------+-------------+--------+--------+--------+--------+--------+------+------+------+------+-------+------+------+
|Module Name | DSP Mapping | A Size | B Size | C Size | D Size | P Size | AREG | BREG | CREG | DREG | ADREG | MREG | PREG | 
+------------+-------------+--------+--------+--------+--------+--------+------+------+------+------+-------+------+------+
|Multip      | (A*B)'      | 30     | 18     | -      | -      | 32     | 0    | 0    | -    | -    | -     | 0    | 1    | 
|Multip      | (A*B)'      | 30     | 18     | -      | -      | 32     | 0    | 0    | -    | -    | -     | 0    | 1    | 
|Multip      | (A*B)'      | 30     | 18     | -      | -      | 32     | 0    | 0    | -    | -    | -     | 0    | 1    | 
|Multip      | (A*B)'      | 30     | 18     | -      | -      | 32     | 0    | 0    | -    | -    | -     | 0    | 1    | 
+------------+-------------+--------+--------+--------+--------+--------+------+------+------+------+-------+------+------+


Report BlackBoxes: 
+-+--------------+----------+
| |BlackBox name |Instances |
+-+--------------+----------+
+-+--------------+----------+

Report Cell Usage: 
+------+----------------+------+
|      |Cell            |Count |
+------+----------------+------+
|1     |BUFG            |     1|
|2     |CARRY8          |   165|
|3     |DSP_ALU         |     4|
|4     |DSP_A_B_DATA    |     4|
|5     |DSP_C_DATA      |     4|
|6     |DSP_MULTIPLIER  |     4|
|7     |DSP_M_DATA      |     4|
|8     |DSP_OUTPUT      |     4|
|9     |DSP_PREADD      |     4|
|10    |DSP_PREADD_DATA |     4|
|11    |LUT1            |    44|
|12    |LUT2            |   608|
|13    |LUT3            |   576|
|14    |LUT4            |   242|
|15    |LUT5            |   396|
|16    |LUT6            |   860|
|17    |FDCE            |   965|
|18    |FDPE            |     3|
|19    |IBUF            |   101|
|20    |OBUF            |    68|
+------+----------------+------+
---------------------------------------------------------------------------------
Finished Writing Synthesis Report : Time (s): cpu = 00:00:39 ; elapsed = 00:00:40 . Memory (MB): peak = 3488.086 ; gain = 1072.707 ; free physical = 16332 ; free virtual = 115740
---------------------------------------------------------------------------------
Synthesis finished with 0 errors, 0 critical warnings and 35 warnings.
Synthesis Optimization Runtime : Time (s): cpu = 00:00:34 ; elapsed = 00:00:35 . Memory (MB): peak = 3488.086 ; gain = 936.922 ; free physical = 16332 ; free virtual = 115740
Synthesis Optimization Complete : Time (s): cpu = 00:00:39 ; elapsed = 00:00:40 . Memory (MB): peak = 3488.094 ; gain = 1072.707 ; free physical = 16332 ; free virtual = 115740
INFO: [Project 1-571] Translating synthesized netlist
Netlist sorting complete. Time (s): cpu = 00:00:00.03 ; elapsed = 00:00:00.02 . Memory (MB): peak = 3499.055 ; gain = 0.000 ; free physical = 16610 ; free virtual = 116018
INFO: [Netlist 29-17] Analyzing 271 Unisim elements for replacement
INFO: [Netlist 29-28] Unisim Transformation completed in 0 CPU seconds
INFO: [Project 1-570] Preparing netlist for logic optimization
Parsing XDC File [/tmp/fastconv-trunc-column-refresh-4184991/rtl/conv2x2/fpga_zcu104/stream08_pipeline_campaign/constraints/zcu104_317mhz.xdc]
WARNING: [Vivado 12-2489] -period contains time 3.154574 which will be rounded to 3.155 to ensure it is an integer multiple of 1 picosecond [/tmp/fastconv-trunc-column-refresh-4184991/rtl/conv2x2/fpga_zcu104/stream08_pipeline_campaign/constraints/zcu104_317mhz.xdc:1]
Finished Parsing XDC File [/tmp/fastconv-trunc-column-refresh-4184991/rtl/conv2x2/fpga_zcu104/stream08_pipeline_campaign/constraints/zcu104_317mhz.xdc]
INFO: [Opt 31-138] Pushed 0 inverter(s) to 0 load pin(s).
Netlist sorting complete. Time (s): cpu = 00:00:00 ; elapsed = 00:00:00 . Memory (MB): peak = 3568.695 ; gain = 0.000 ; free physical = 16579 ; free virtual = 115987
INFO: [Project 1-111] Unisim Transformation Summary:
  A total of 106 instances were transformed.
  BUFG => BUFGCE: 1 instance 
  DSP48E2 => DSP48E2 (DSP_ALU, DSP_A_B_DATA, DSP_C_DATA, DSP_MULTIPLIER, DSP_M_DATA, DSP_OUTPUT, DSP_PREADD, DSP_PREADD_DATA): 4 instances
  IBUF => IBUF (IBUFCTRL, INBUF): 101 instances

Synth Design complete | Checksum: d9527a66
INFO: [Common 17-83] Releasing license: Synthesis
44 Infos, 141 Warnings, 0 Critical Warnings and 0 Errors encountered.
synth_design completed successfully
synth_design: Time (s): cpu = 00:00:51 ; elapsed = 00:00:50 . Memory (MB): peak = 3568.730 ; gain = 2208.039 ; free physical = 16578 ; free virtual = 115986
INFO: [Common 17-2834] synth_design peak Physical Memory [PSS] (MB): overall = 3007.248; main = 2804.494; forked = 391.915
INFO: [Common 17-2834] synth_design peak Virtual Memory [VSS] (MB): overall = 4449.910; main = 3568.699; forked = 1011.891
# write_checkpoint -force [file join $run_dir design_synth.dcp]
Write ShapeDB Complete: Time (s): cpu = 00:00:00.02 ; elapsed = 00:00:00.01 . Memory (MB): peak = 3600.711 ; gain = 0.000 ; free physical = 16578 ; free virtual = 115986
INFO: [Timing 38-480] Writing timing data to binary archive.
INFO: [Common 17-1381] The checkpoint '/tmp/fastconv-trunc-column-refresh-4184991/rtl/conv2x2/fpga_zcu104/stream08_pipeline_campaign/reports/refresh-4184991-m04-nbits16/design_synth.dcp' has been generated.
# opt_design
Command: opt_design
Attempting to get a license for feature 'Implementation' and/or device 'xczu7ev'
INFO: [Common 17-349] Got license for feature 'Implementation' and/or device 'xczu7ev'
Running DRC as a precondition to command opt_design

Starting DRC Task
INFO: [DRC 23-27] Running DRC with 8 threads
INFO: [Project 1-461] DRC finished with 0 Errors
INFO: [Project 1-462] Please refer to the DRC report (report_drc) for more information.

Time (s): cpu = 00:00:01 ; elapsed = 00:00:00.84 . Memory (MB): peak = 3632.727 ; gain = 32.016 ; free physical = 16580 ; free virtual = 115989

Starting Cache Timing Information Task
INFO: [Timing 38-35] Done setting XDC timing constraints.
Ending Cache Timing Information Task | Checksum: fdb22856

Time (s): cpu = 00:00:00.57 ; elapsed = 00:00:00.26 . Memory (MB): peak = 3632.727 ; gain = 0.000 ; free physical = 16572 ; free virtual = 115981

Starting Logic Optimization Task

Phase 1 Initialization

Phase 1.1 Core Generation And Design Setup
Phase 1.1 Core Generation And Design Setup | Checksum: fdb22856

Time (s): cpu = 00:00:00 ; elapsed = 00:00:00 . Memory (MB): peak = 3735.648 ; gain = 0.000 ; free physical = 16486 ; free virtual = 115895

Phase 1.2 Setup Constraints And Sort Netlist
Phase 1.2 Setup Constraints And Sort Netlist | Checksum: fdb22856

Time (s): cpu = 00:00:00 ; elapsed = 00:00:00 . Memory (MB): peak = 3735.648 ; gain = 0.000 ; free physical = 16486 ; free virtual = 115895
Phase 1 Initialization | Checksum: fdb22856

Time (s): cpu = 00:00:00 ; elapsed = 00:00:00 . Memory (MB): peak = 3735.648 ; gain = 0.000 ; free physical = 16486 ; free virtual = 115895

Phase 2 Timer Update And Timing Data Collection

Phase 2.1 Timer Update
Phase 2.1 Timer Update | Checksum: fdb22856

Time (s): cpu = 00:00:00.21 ; elapsed = 00:00:00.05 . Memory (MB): peak = 3735.648 ; gain = 0.000 ; free physical = 16486 ; free virtual = 115895

Phase 2.2 Timing Data Collection
Phase 2.2 Timing Data Collection | Checksum: fdb22856

Time (s): cpu = 00:00:00.22 ; elapsed = 00:00:00.06 . Memory (MB): peak = 3735.648 ; gain = 0.000 ; free physical = 16486 ; free virtual = 115895
Phase 2 Timer Update And Timing Data Collection | Checksum: fdb22856

Time (s): cpu = 00:00:00.22 ; elapsed = 00:00:00.06 . Memory (MB): peak = 3735.648 ; gain = 0.000 ; free physical = 16486 ; free virtual = 115895

Phase 3 Retarget
INFO: [Opt 31-1566] Pulled 1 inverters resulting in an inversion of 3 pins
INFO: [Opt 31-138] Pushed 0 inverter(s) to 0 load pin(s).
INFO: [Opt 31-49] Retargeted 0 cell(s).
Phase 3 Retarget | Checksum: 17d5ce21f

Time (s): cpu = 00:00:00.36 ; elapsed = 00:00:00.13 . Memory (MB): peak = 3735.648 ; gain = 0.000 ; free physical = 16486 ; free virtual = 115895
Retarget | Checksum: 17d5ce21f
INFO: [Opt 31-389] Phase Retarget created 0 cells and removed 3 cells

Phase 4 Constant propagation
INFO: [Opt 31-138] Pushed 0 inverter(s) to 0 load pin(s).
Phase 4 Constant propagation | Checksum: e45f1d74

Time (s): cpu = 00:00:00.38 ; elapsed = 00:00:00.15 . Memory (MB): peak = 3735.648 ; gain = 0.000 ; free physical = 16486 ; free virtual = 115895
Constant propagation | Checksum: e45f1d74
INFO: [Opt 31-389] Phase Constant propagation created 0 cells and removed 0 cells

Phase 5 Sweep
Phase 5 Sweep | Checksum: 111190b52

Time (s): cpu = 00:00:00.42 ; elapsed = 00:00:00.19 . Memory (MB): peak = 3735.648 ; gain = 0.000 ; free physical = 16486 ; free virtual = 115895
Sweep | Checksum: 111190b52
INFO: [Opt 31-389] Phase Sweep created 0 cells and removed 0 cells

Phase 6 BUFG optimization
INFO: [Opt 31-1077] Phase BUFG optimization inserted 0 global clock buffer(s) for CLOCK_LOW_FANOUT.
Phase 6 BUFG optimization | Checksum: 111190b52

Time (s): cpu = 00:00:00.55 ; elapsed = 00:00:00.24 . Memory (MB): peak = 3767.664 ; gain = 32.016 ; free physical = 16486 ; free virtual = 115895
BUFG optimization | Checksum: 111190b52
INFO: [Opt 31-662] Phase BUFG optimization created 0 cells of which 0 are BUFGs and removed 0 cells.

Phase 7 Shift Register Optimization
INFO: [Opt 31-1064] SRL Remap converted 0 SRLs to 0 registers and converted 0 registers of register chains to 0 SRLs
Phase 7 Shift Register Optimization | Checksum: 111190b52

Time (s): cpu = 00:00:00.55 ; elapsed = 00:00:00.24 . Memory (MB): peak = 3767.664 ; gain = 32.016 ; free physical = 16486 ; free virtual = 115895
Shift Register Optimization | Checksum: 111190b52
INFO: [Opt 31-389] Phase Shift Register Optimization created 0 cells and removed 0 cells

Phase 8 Post Processing Netlist
Phase 8 Post Processing Netlist | Checksum: 111190b52

Time (s): cpu = 00:00:00.56 ; elapsed = 00:00:00.25 . Memory (MB): peak = 3767.664 ; gain = 32.016 ; free physical = 16486 ; free virtual = 115895
Post Processing Netlist | Checksum: 111190b52
INFO: [Opt 31-389] Phase Post Processing Netlist created 0 cells and removed 0 cells

Phase 9 Finalization

Phase 9.1 Finalizing Design Cores and Updating Shapes
Phase 9.1 Finalizing Design Cores and Updating Shapes | Checksum: fe476fb0

Time (s): cpu = 00:00:00.73 ; elapsed = 00:00:00.34 . Memory (MB): peak = 3767.664 ; gain = 32.016 ; free physical = 16486 ; free virtual = 115895

Phase 9.2 Verifying Netlist Connectivity

Starting Connectivity Check Task

Time (s): cpu = 00:00:00 ; elapsed = 00:00:00 . Memory (MB): peak = 3767.664 ; gain = 0.000 ; free physical = 16486 ; free virtual = 115895
Phase 9.2 Verifying Netlist Connectivity | Checksum: fe476fb0

Time (s): cpu = 00:00:00.73 ; elapsed = 00:00:00.34 . Memory (MB): peak = 3767.664 ; gain = 32.016 ; free physical = 16486 ; free virtual = 115895
Phase 9 Finalization | Checksum: fe476fb0

Time (s): cpu = 00:00:00.74 ; elapsed = 00:00:00.34 . Memory (MB): peak = 3767.664 ; gain = 32.016 ; free physical = 16486 ; free virtual = 115895
Opt_design Change Summary
=========================


-------------------------------------------------------------------------------------------------------------------------
|  Phase                        |  #Cells created  |  #Cells Removed  |  #Constrained objects preventing optimizations  |
-------------------------------------------------------------------------------------------------------------------------
|  Retarget                     |               0  |               3  |                                              0  |
|  Constant propagation         |               0  |               0  |                                              0  |
|  Sweep                        |               0  |               0  |                                              0  |
|  BUFG optimization            |               0  |               0  |                                              0  |
|  Shift Register Optimization  |               0  |               0  |                                              0  |
|  Post Processing Netlist      |               0  |               0  |                                              0  |
-------------------------------------------------------------------------------------------------------------------------


Ending Logic Optimization Task | Checksum: fe476fb0

Time (s): cpu = 00:00:00.74 ; elapsed = 00:00:00.34 . Memory (MB): peak = 3767.664 ; gain = 32.016 ; free physical = 16486 ; free virtual = 115895
INFO: [Constraints 18-11670] Building netlist checker database with flags, 0x8
Done building netlist checker database: Time (s): cpu = 00:00:00 ; elapsed = 00:00:00 . Memory (MB): peak = 3767.664 ; gain = 0.000 ; free physical = 16486 ; free virtual = 115895

Starting Power Optimization Task
INFO: [Pwropt 34-132] Skipping clock gating for clocks with a period < 2.00 ns.
Ending Power Optimization Task | Checksum: fe476fb0

Time (s): cpu = 00:00:00 ; elapsed = 00:00:00.01 . Memory (MB): peak = 3767.664 ; gain = 0.000 ; free physical = 16486 ; free virtual = 115895

Starting Final Cleanup Task
Ending Final Cleanup Task | Checksum: fe476fb0

Time (s): cpu = 00:00:00 ; elapsed = 00:00:00 . Memory (MB): peak = 3767.664 ; gain = 0.000 ; free physical = 16486 ; free virtual = 115895

Starting Netlist Obfuscation Task
Netlist sorting complete. Time (s): cpu = 00:00:00 ; elapsed = 00:00:00 . Memory (MB): peak = 3767.664 ; gain = 0.000 ; free physical = 16486 ; free virtual = 115895
Ending Netlist Obfuscation Task | Checksum: fe476fb0

Time (s): cpu = 00:00:00 ; elapsed = 00:00:00 . Memory (MB): peak = 3767.664 ; gain = 0.000 ; free physical = 16486 ; free virtual = 115895
INFO: [Common 17-83] Releasing license: Implementation
20 Infos, 0 Warnings, 0 Critical Warnings and 0 Errors encountered.
opt_design completed successfully
# place_design
Command: place_design
Attempting to get a license for feature 'Implementation' and/or device 'xczu7ev'
INFO: [Common 17-349] Got license for feature 'Implementation' and/or device 'xczu7ev'
INFO: [Common 17-83] Releasing license: Implementation
INFO: [DRC 23-27] Running DRC with 8 threads
INFO: [Vivado_Tcl 4-198] DRC finished with 0 Errors
INFO: [Vivado_Tcl 4-199] Please refer to the DRC report (report_drc) for more information.
Running DRC as a precondition to command place_design
INFO: [DRC 23-27] Running DRC with 8 threads
INFO: [Vivado_Tcl 4-198] DRC finished with 0 Errors
INFO: [Vivado_Tcl 4-199] Please refer to the DRC report (report_drc) for more information.
INFO: [Place 30-611] Multithreading enabled for place_design using a maximum of 8 CPUs

Starting Placer Task

Phase 1 Placer Initialization

Phase 1.1 Placer Initialization Netlist Sorting
Netlist sorting complete. Time (s): cpu = 00:00:00 ; elapsed = 00:00:00 . Memory (MB): peak = 3799.680 ; gain = 0.000 ; free physical = 16485 ; free virtual = 115894
Phase 1.1 Placer Initialization Netlist Sorting | Checksum: be075a9a

Time (s): cpu = 00:00:00 ; elapsed = 00:00:00.01 . Memory (MB): peak = 3799.680 ; gain = 0.000 ; free physical = 16485 ; free virtual = 115894
Netlist sorting complete. Time (s): cpu = 00:00:00 ; elapsed = 00:00:00 . Memory (MB): peak = 3799.680 ; gain = 0.000 ; free physical = 16485 ; free virtual = 115894

Phase 1.2 IO Placement/ Clock Placement/ Build Placer Device
INFO: [Timing 38-35] Done setting XDC timing constraints.
Phase 1.2 IO Placement/ Clock Placement/ Build Placer Device | Checksum: 13e1646ed

Time (s): cpu = 00:00:14 ; elapsed = 00:00:13 . Memory (MB): peak = 4283.805 ; gain = 484.125 ; free physical = 16029 ; free virtual = 115438

Phase 1.3 Build Placer Netlist Model
Phase 1.3 Build Placer Netlist Model | Checksum: 19d0f1650

Time (s): cpu = 00:00:17 ; elapsed = 00:00:15 . Memory (MB): peak = 4322.848 ; gain = 523.168 ; free physical = 16029 ; free virtual = 115438

Phase 1.4 Constrain Clocks/Macros
Phase 1.4 Constrain Clocks/Macros | Checksum: 19d0f1650

Time (s): cpu = 00:00:17 ; elapsed = 00:00:15 . Memory (MB): peak = 4322.848 ; gain = 523.168 ; free physical = 16029 ; free virtual = 115438
Phase 1 Placer Initialization | Checksum: 19d0f1650

Time (s): cpu = 00:00:17 ; elapsed = 00:00:15 . Memory (MB): peak = 4322.848 ; gain = 523.168 ; free physical = 16029 ; free virtual = 115438

Phase 2 Global Placement

Phase 2.1 Floorplanning

Phase 2.1.1 Partition Driven Placement

Phase 2.1.1.1 PBP: Partition Driven Placement
Phase 2.1.1.1 PBP: Partition Driven Placement | Checksum: 16a8cc6d1

Time (s): cpu = 00:00:18 ; elapsed = 00:00:15 . Memory (MB): peak = 4322.848 ; gain = 523.168 ; free physical = 16020 ; free virtual = 115429

Phase 2.1.1.2 PBP: Clock Region Placement
INFO: [Place 30-3162] Check ILP status : ILP-based clock placer completed successfully.
Phase 2.1.1.2 PBP: Clock Region Placement | Checksum: 16a8cc6d1

Time (s): cpu = 00:00:18 ; elapsed = 00:00:15 . Memory (MB): peak = 4322.848 ; gain = 523.168 ; free physical = 16013 ; free virtual = 115421

Phase 2.1.1.3 PBP: Compute Congestion
Phase 2.1.1.3 PBP: Compute Congestion | Checksum: 16a8cc6d1

Time (s): cpu = 00:00:30 ; elapsed = 00:00:19 . Memory (MB): peak = 4607.832 ; gain = 808.152 ; free physical = 15622 ; free virtual = 115031

Phase 2.1.1.4 PBP: UpdateTiming
Phase 2.1.1.4 PBP: UpdateTiming | Checksum: 16ad90c9a

Time (s): cpu = 00:00:30 ; elapsed = 00:00:19 . Memory (MB): peak = 4639.848 ; gain = 840.168 ; free physical = 15622 ; free virtual = 115031

Phase 2.1.1.5 PBP: Add part constraints
Phase 2.1.1.5 PBP: Add part constraints | Checksum: 16ad90c9a

Time (s): cpu = 00:00:30 ; elapsed = 00:00:19 . Memory (MB): peak = 4639.848 ; gain = 840.168 ; free physical = 15622 ; free virtual = 115031
Phase 2.1.1 Partition Driven Placement | Checksum: 16ad90c9a

Time (s): cpu = 00:00:30 ; elapsed = 00:00:19 . Memory (MB): peak = 4639.848 ; gain = 840.168 ; free physical = 15622 ; free virtual = 115031
Phase 2.1 Floorplanning | Checksum: 16ad90c9a

Time (s): cpu = 00:00:30 ; elapsed = 00:00:19 . Memory (MB): peak = 4639.848 ; gain = 840.168 ; free physical = 15622 ; free virtual = 115031

Phase 2.2 Update Timing before SLR Path Opt
Phase 2.2 Update Timing before SLR Path Opt | Checksum: 16ad90c9a

Time (s): cpu = 00:00:30 ; elapsed = 00:00:19 . Memory (MB): peak = 4639.848 ; gain = 840.168 ; free physical = 15622 ; free virtual = 115031

Phase 2.3 Post-Processing in Floorplanning
Phase 2.3 Post-Processing in Floorplanning | Checksum: 16ad90c9a

Time (s): cpu = 00:00:30 ; elapsed = 00:00:19 . Memory (MB): peak = 4639.848 ; gain = 840.168 ; free physical = 15622 ; free virtual = 115031

Phase 2.4 Global Placement Core

Phase 2.4.1 UpdateTiming Before Physical Synthesis
Phase 2.4.1 UpdateTiming Before Physical Synthesis | Checksum: 279f0e336

Time (s): cpu = 00:00:49 ; elapsed = 00:00:24 . Memory (MB): peak = 4707.848 ; gain = 908.168 ; free physical = 15569 ; free virtual = 114962

Phase 2.4.2 Physical Synthesis In Placer
INFO: [Physopt 32-1035] Found 0 LUTNM shape to break, 312 LUT instances to create LUTNM shape
INFO: [Physopt 32-1044] Break lutnm for timing: one critical 0, two critical 0, total 0, new lutff created 0
INFO: [Physopt 32-1138] End 1 Pass. Optimized 148 nets or LUTs. Breaked 0 LUT, combined 148 existing LUTs and moved 0 existing LUT
INFO: [Physopt 32-1030] Pass 1. Identified 1 candidate driver set for equivalent driver rewiring.
INFO: [Physopt 32-661] Optimized 0 net.  Re-placed 0 instance.
INFO: [Physopt 32-775] End 1 Pass. Optimized 0 net or cell. Created 0 new cell, deleted 0 existing cell and moved 0 existing cell
INFO: [Physopt 32-65] No nets found for high-fanout optimization.
INFO: [Physopt 32-232] Optimized 0 net. Created 0 new instance.
INFO: [Physopt 32-775] End 1 Pass. Optimized 0 net or cell. Created 0 new cell, deleted 0 existing cell and moved 0 existing cell
INFO: [Physopt 32-670] No setup violation found.  DSP Register Optimization was not performed.
INFO: [Physopt 32-670] No setup violation found.  Shift Register to Pipeline Optimization was not performed.
INFO: [Physopt 32-670] No setup violation found.  Shift Register Optimization was not performed.
INFO: [Physopt 32-670] No setup violation found.  BRAM Register Optimization was not performed.
INFO: [Physopt 32-670] No setup violation found.  URAM Register Optimization was not performed.
INFO: [Physopt 32-949] No candidate nets found for dynamic/static region interface net replication
INFO: [Physopt 32-775] End 1 Pass. Optimized 0 net or cell. Created 0 new cell, deleted 0 existing cell and moved 0 existing cell
Netlist sorting complete. Time (s): cpu = 00:00:00 ; elapsed = 00:00:00 . Memory (MB): peak = 4707.848 ; gain = 0.000 ; free physical = 15569 ; free virtual = 114962

Summary of Physical Synthesis Optimizations
============================================


-----------------------------------------------------------------------------------------------------------------------------------------------------------
|  Optimization                                     |  Added Cells  |  Removed Cells  |  Optimized Cells/Nets  |  Dont Touch  |  Iterations  |  Elapsed   |
-----------------------------------------------------------------------------------------------------------------------------------------------------------
|  LUT Combining                                    |            0  |            148  |                   148  |           0  |           1  |  00:00:00  |
|  Retime                                           |            0  |              0  |                     0  |           0  |           1  |  00:00:00  |
|  Equivalent Driver Rewiring                       |            0  |              0  |                     0  |           0  |           1  |  00:00:00  |
|  Very High Fanout                                 |            0  |              0  |                     0  |           0  |           1  |  00:00:00  |
|  DSP Register                                     |            0  |              0  |                     0  |           0  |           0  |  00:00:00  |
|  Shift Register to Pipeline                       |            0  |              0  |                     0  |           0  |           0  |  00:00:00  |
|  Shift Register                                   |            0  |              0  |                     0  |           0  |           0  |  00:00:00  |
|  BRAM Register                                    |            0  |              0  |                     0  |           0  |           0  |  00:00:00  |
|  URAM Register                                    |            0  |              0  |                     0  |           0  |           0  |  00:00:00  |
|  Dynamic/Static Region Interface Net Replication  |            0  |              0  |                     0  |           0  |           1  |  00:00:00  |
|  Total                                            |            0  |            148  |                   148  |           0  |           5  |  00:00:00  |
-----------------------------------------------------------------------------------------------------------------------------------------------------------


Phase 2.4.2 Physical Synthesis In Placer | Checksum: 1a8df57ad

Time (s): cpu = 00:00:50 ; elapsed = 00:00:24 . Memory (MB): peak = 4707.848 ; gain = 908.168 ; free physical = 15570 ; free virtual = 114963
Phase 2.4 Global Placement Core | Checksum: 1cb35e5ea

Time (s): cpu = 00:01:03 ; elapsed = 00:00:28 . Memory (MB): peak = 4707.848 ; gain = 908.168 ; free physical = 15572 ; free virtual = 114962
Phase 2 Global Placement | Checksum: 1cb35e5ea

Time (s): cpu = 00:01:03 ; elapsed = 00:00:28 . Memory (MB): peak = 4707.848 ; gain = 908.168 ; free physical = 15572 ; free virtual = 114962

Phase 3 Detail Placement

Phase 3.1 Commit Multi Column Macros
Phase 3.1 Commit Multi Column Macros | Checksum: 27b9f0be3

Time (s): cpu = 00:01:15 ; elapsed = 00:00:31 . Memory (MB): peak = 4707.848 ; gain = 908.168 ; free physical = 15572 ; free virtual = 114962

Phase 3.2 Commit Most Macros & LUTRAMs
Phase 3.2 Commit Most Macros & LUTRAMs | Checksum: 1ac533fac

Time (s): cpu = 00:01:15 ; elapsed = 00:00:31 . Memory (MB): peak = 4707.848 ; gain = 908.168 ; free physical = 15571 ; free virtual = 114961

Phase 3.3 Small Shape DP

Phase 3.3.1 Small Shape Clustering
Phase 3.3.1 Small Shape Clustering | Checksum: 1302c231b

Time (s): cpu = 00:01:28 ; elapsed = 00:00:35 . Memory (MB): peak = 4717.848 ; gain = 918.168 ; free physical = 15577 ; free virtual = 114953

Phase 3.3.2 Slice Area Swap

Phase 3.3.2.1 Slice Area Swap Initial
Phase 3.3.2.1 Slice Area Swap Initial | Checksum: e6b43fd7

Time (s): cpu = 00:01:28 ; elapsed = 00:00:35 . Memory (MB): peak = 4717.848 ; gain = 918.168 ; free physical = 15577 ; free virtual = 114953
Phase 3.3.2 Slice Area Swap | Checksum: e6b43fd7

Time (s): cpu = 00:01:28 ; elapsed = 00:00:35 . Memory (MB): peak = 4717.848 ; gain = 918.168 ; free physical = 15577 ; free virtual = 114953
Phase 3.3 Small Shape DP | Checksum: 14486b433

Time (s): cpu = 00:01:28 ; elapsed = 00:00:35 . Memory (MB): peak = 4717.848 ; gain = 918.168 ; free physical = 15577 ; free virtual = 114953

Phase 3.4 Re-assign LUT pins
Phase 3.4 Re-assign LUT pins | Checksum: 12a71e285

Time (s): cpu = 00:01:29 ; elapsed = 00:00:35 . Memory (MB): peak = 4717.848 ; gain = 918.168 ; free physical = 15577 ; free virtual = 114953

Phase 3.5 Pipeline Register Optimization
Phase 3.5 Pipeline Register Optimization | Checksum: 12df5af3d

Time (s): cpu = 00:01:29 ; elapsed = 00:00:35 . Memory (MB): peak = 4717.848 ; gain = 918.168 ; free physical = 15577 ; free virtual = 114953
Phase 3 Detail Placement | Checksum: 12df5af3d

Time (s): cpu = 00:01:29 ; elapsed = 00:00:35 . Memory (MB): peak = 4717.848 ; gain = 918.168 ; free physical = 15577 ; free virtual = 114953

Phase 4 Post Placement Optimization and Clean-Up

Phase 4.1 Post Commit Optimization
INFO: [Timing 38-35] Done setting XDC timing constraints.

Phase 4.1.1 Post Placement Optimization
Post Placement Optimization Initialization | Checksum: 16dd84a24

Phase 4.1.1.1 BUFG Insertion

Starting Physical Synthesis Task

Phase 1 Physical Synthesis Initialization
INFO: [Physopt 32-721] Multithreading enabled for phys_opt_design using a maximum of 8 CPUs
INFO: [Physopt 32-619] Estimated Timing Summary | WNS=0.448 | TNS=0.000 |
Phase 1 Physical Synthesis Initialization | Checksum: fb0732ab

Time (s): cpu = 00:00:00.19 ; elapsed = 00:00:00.07 . Memory (MB): peak = 4717.848 ; gain = 0.000 ; free physical = 15574 ; free virtual = 114950
INFO: [Place 46-56] BUFG insertion identified 0 candidate nets. Inserted BUFG: 0, Replicated BUFG Driver: 0, Skipped due to Placement/Routing Conflicts: 0, Skipped due to Timing Degradation: 0, Skipped due to netlist editing failed: 0.
Ending Physical Synthesis Task | Checksum: fb0732ab

Time (s): cpu = 00:00:00.24 ; elapsed = 00:00:00.11 . Memory (MB): peak = 4717.848 ; gain = 0.000 ; free physical = 15574 ; free virtual = 114950
Phase 4.1.1.1 BUFG Insertion | Checksum: 16dd84a24

Time (s): cpu = 00:01:45 ; elapsed = 00:00:42 . Memory (MB): peak = 4717.848 ; gain = 918.168 ; free physical = 15574 ; free virtual = 114950

Phase 4.1.1.2 Post Placement Timing Optimization
INFO: [Place 30-746] Post Placement Timing Summary WNS=0.518. For the most accurate timing information please run report_timing.
Phase 4.1.1.2 Post Placement Timing Optimization | Checksum: ceedd1bc

Time (s): cpu = 00:01:46 ; elapsed = 00:00:42 . Memory (MB): peak = 4717.848 ; gain = 918.168 ; free physical = 15574 ; free virtual = 114949

Time (s): cpu = 00:01:46 ; elapsed = 00:00:42 . Memory (MB): peak = 4717.848 ; gain = 918.168 ; free physical = 15574 ; free virtual = 114949
Phase 4.1 Post Commit Optimization | Checksum: ceedd1bc

Time (s): cpu = 00:01:46 ; elapsed = 00:00:42 . Memory (MB): peak = 4717.848 ; gain = 918.168 ; free physical = 15574 ; free virtual = 114949
Netlist sorting complete. Time (s): cpu = 00:00:00 ; elapsed = 00:00:00 . Memory (MB): peak = 4753.832 ; gain = 0.000 ; free physical = 15570 ; free virtual = 114890

Phase 4.2 Post Placement Cleanup
Phase 4.2 Post Placement Cleanup | Checksum: 1117078d2

Time (s): cpu = 00:02:02 ; elapsed = 00:00:50 . Memory (MB): peak = 4753.832 ; gain = 954.152 ; free physical = 15570 ; free virtual = 114890

Phase 4.3 Placer Reporting

Phase 4.3.1 Print Estimated Congestion
INFO: [Place 30-612] Post-Placement Estimated Congestion 
 ________________________________________________________________________
|           | Global Congestion | Long Congestion   | Short Congestion  |
| Direction | Region Size       | Region Size       | Region Size       |
|___________|___________________|___________________|___________________|
|      North|                1x1|                1x1|                1x1|
|___________|___________________|___________________|___________________|
|      South|                1x1|                1x1|                1x1|
|___________|___________________|___________________|___________________|
|       East|                1x1|                1x1|                4x4|
|___________|___________________|___________________|___________________|
|       West|                1x1|                1x1|                1x1|
|___________|___________________|___________________|___________________|

Phase 4.3.1 Print Estimated Congestion | Checksum: 1117078d2

Time (s): cpu = 00:02:02 ; elapsed = 00:00:50 . Memory (MB): peak = 4753.832 ; gain = 954.152 ; free physical = 15570 ; free virtual = 114890
Phase 4.3 Placer Reporting | Checksum: 1117078d2

Time (s): cpu = 00:02:02 ; elapsed = 00:00:50 . Memory (MB): peak = 4753.832 ; gain = 954.152 ; free physical = 15570 ; free virtual = 114890

Phase 4.4 Final Placement Cleanup
Netlist sorting complete. Time (s): cpu = 00:00:00.01 ; elapsed = 00:00:00 . Memory (MB): peak = 4753.832 ; gain = 0.000 ; free physical = 15570 ; free virtual = 114890

Time (s): cpu = 00:02:02 ; elapsed = 00:00:50 . Memory (MB): peak = 4753.832 ; gain = 954.152 ; free physical = 15570 ; free virtual = 114890
Phase 4 Post Placement Optimization and Clean-Up | Checksum: ef602fd5

Time (s): cpu = 00:02:02 ; elapsed = 00:00:50 . Memory (MB): peak = 4753.832 ; gain = 954.152 ; free physical = 15570 ; free virtual = 114890
Ending Placer Task | Checksum: cebfc371

Time (s): cpu = 00:02:02 ; elapsed = 00:00:50 . Memory (MB): peak = 4753.832 ; gain = 954.152 ; free physical = 15570 ; free virtual = 114890
33 Infos, 0 Warnings, 0 Critical Warnings and 0 Errors encountered.
place_design completed successfully
place_design: Time (s): cpu = 00:02:04 ; elapsed = 00:00:51 . Memory (MB): peak = 4753.832 ; gain = 986.168 ; free physical = 15570 ; free virtual = 114890
# phys_opt_design
Command: phys_opt_design
Attempting to get a license for feature 'Implementation' and/or device 'xczu7ev'
INFO: [Common 17-349] Got license for feature 'Implementation' and/or device 'xczu7ev'

Starting Initial Update Timing Task

Time (s): cpu = 00:00:02 ; elapsed = 00:00:00.59 . Memory (MB): peak = 4753.832 ; gain = 0.000 ; free physical = 15570 ; free virtual = 114890
INFO: [Vivado_Tcl 4-383] Design worst setup slack (WNS) is greater than or equal to 0.000 ns. Skipping all physical synthesis optimizations.
INFO: [Vivado_Tcl 4-232] No setup violation found. The netlist was not modified.
INFO: [Common 17-83] Releasing license: Implementation
4 Infos, 0 Warnings, 0 Critical Warnings and 0 Errors encountered.
phys_opt_design completed successfully
# route_design
Command: route_design
Attempting to get a license for feature 'Implementation' and/or device 'xczu7ev'
INFO: [Common 17-349] Got license for feature 'Implementation' and/or device 'xczu7ev'
Running DRC as a precondition to command route_design
INFO: [DRC 23-27] Running DRC with 8 threads
INFO: [Vivado_Tcl 4-198] DRC finished with 0 Errors
INFO: [Vivado_Tcl 4-199] Please refer to the DRC report (report_drc) for more information.


Starting Routing Task
INFO: [Route 35-254] Multithreading enabled for route_design using a maximum of 8 CPUs

Phase 1 Build RT Design
Checksum: PlaceDB: 31c5317c ConstDB: 0 ShapeSum: 5a77eadf RouteDB: 4282a716
Nodegraph reading from file.  Time (s): cpu = 00:00:00.74 ; elapsed = 00:00:00.75 . Memory (MB): peak = 4849.879 ; gain = 0.000 ; free physical = 15570 ; free virtual = 114890
Post Restoration Checksum: NetGraph: 9673b303 | NumContArr: 45c4bf68 | Constraints: d37ab544 | Timing: c2a8fa9d
Phase 1 Build RT Design | Checksum: 2725c224c

Time (s): cpu = 00:00:06 ; elapsed = 00:00:05 . Memory (MB): peak = 4849.879 ; gain = 0.000 ; free physical = 15574 ; free virtual = 114890

Phase 2 Router Initialization

Phase 2.1 Fix Topology Constraints
Phase 2.1 Fix Topology Constraints | Checksum: 2725c224c

Time (s): cpu = 00:00:06 ; elapsed = 00:00:05 . Memory (MB): peak = 4849.879 ; gain = 0.000 ; free physical = 15574 ; free virtual = 114890

Phase 2.2 Pre Route Cleanup
Phase 2.2 Pre Route Cleanup | Checksum: 2725c224c

Time (s): cpu = 00:00:06 ; elapsed = 00:00:05 . Memory (MB): peak = 4849.879 ; gain = 0.000 ; free physical = 15574 ; free virtual = 114890

Phase 2.3 Global Clock Net Routing
 Number of Nodes with overlaps = 0
Phase 2.3 Global Clock Net Routing | Checksum: 1cac0035d

Time (s): cpu = 00:00:08 ; elapsed = 00:00:05 . Memory (MB): peak = 4849.879 ; gain = 0.000 ; free physical = 15574 ; free virtual = 114890

Phase 2.4 Update Timing
Phase 2.4 Update Timing | Checksum: 20a8ad755

Time (s): cpu = 00:00:08 ; elapsed = 00:00:05 . Memory (MB): peak = 4849.879 ; gain = 0.000 ; free physical = 15574 ; free virtual = 114890
INFO: [Route 35-416] Intermediate Timing Summary | WNS=0.580  | TNS=0.000  | WHS=0.018  | THS=0.000  |


Router Utilization Summary
  Global Vertical Routing Utilization    = 0 %
  Global Horizontal Routing Utilization  = 0 %
  Routable Net Status*
  *Does not include unroutable nets such as driverless and loadless.
  Run report_route_status for detailed report.
  Number of Failed Nets               = 3190
    (Failed Nets is the sum of unrouted and partially routed nets)
  Number of Unrouted Nets             = 2813
  Number of Partially Routed Nets     = 377
  Number of Node Overlaps             = 0

Phase 2 Router Initialization | Checksum: 22455e838

Time (s): cpu = 00:00:11 ; elapsed = 00:00:06 . Memory (MB): peak = 4849.879 ; gain = 0.000 ; free physical = 15573 ; free virtual = 114890

Phase 3 Initial Routing

Phase 3.1 Global Routing
Phase 3.1 Global Routing | Checksum: 22455e838

Time (s): cpu = 00:00:11 ; elapsed = 00:00:06 . Memory (MB): peak = 4849.879 ; gain = 0.000 ; free physical = 15573 ; free virtual = 114890

Phase 3.2 Initial Net Routing
Phase 3.2 Initial Net Routing | Checksum: 1e084924b

Time (s): cpu = 00:00:13 ; elapsed = 00:00:07 . Memory (MB): peak = 4849.879 ; gain = 0.000 ; free physical = 15574 ; free virtual = 114890
Phase 3 Initial Routing | Checksum: 17a90f392

Time (s): cpu = 00:00:14 ; elapsed = 00:00:07 . Memory (MB): peak = 4849.879 ; gain = 0.000 ; free physical = 15574 ; free virtual = 114890

Phase 4 Rip-up And Reroute

Phase 4.1 Global Iteration 0
 Number of Nodes with overlaps = 1276
 Number of Nodes with overlaps = 280
 Number of Nodes with overlaps = 99
 Number of Nodes with overlaps = 38
 Number of Nodes with overlaps = 25
 Number of Nodes with overlaps = 13
 Number of Nodes with overlaps = 13
 Number of Nodes with overlaps = 7
 Number of Nodes with overlaps = 6
 Number of Nodes with overlaps = 3
 Number of Nodes with overlaps = 2
 Number of Nodes with overlaps = 1
 Number of Nodes with overlaps = 0
INFO: [Route 35-416] Intermediate Timing Summary | WNS=0.505  | TNS=0.000  | WHS=0.013  | THS=0.000  |

Phase 4.1 Global Iteration 0 | Checksum: 2a50fa122

Time (s): cpu = 00:00:27 ; elapsed = 00:00:13 . Memory (MB): peak = 4849.879 ; gain = 0.000 ; free physical = 15572 ; free virtual = 114889

Phase 4.2 Additional Iteration for Hold
Phase 4.2 Additional Iteration for Hold | Checksum: 20bb5f7d4

Time (s): cpu = 00:00:27 ; elapsed = 00:00:13 . Memory (MB): peak = 4849.879 ; gain = 0.000 ; free physical = 15572 ; free virtual = 114889
Phase 4 Rip-up And Reroute | Checksum: 20bb5f7d4

Time (s): cpu = 00:00:27 ; elapsed = 00:00:13 . Memory (MB): peak = 4849.879 ; gain = 0.000 ; free physical = 15572 ; free virtual = 114889

Phase 5 Delay and Skew Optimization

Phase 5.1 Delay CleanUp
Phase 5.1 Delay CleanUp | Checksum: 25d78713d

Time (s): cpu = 00:00:27 ; elapsed = 00:00:13 . Memory (MB): peak = 4849.879 ; gain = 0.000 ; free physical = 15572 ; free virtual = 114889

Phase 5.2 Clock Skew Optimization
Phase 5.2 Clock Skew Optimization | Checksum: 25d78713d

Time (s): cpu = 00:00:27 ; elapsed = 00:00:13 . Memory (MB): peak = 4849.879 ; gain = 0.000 ; free physical = 15572 ; free virtual = 114889
Phase 5 Delay and Skew Optimization | Checksum: 25d78713d

Time (s): cpu = 00:00:27 ; elapsed = 00:00:13 . Memory (MB): peak = 4849.879 ; gain = 0.000 ; free physical = 15572 ; free virtual = 114889

Phase 6 Post Hold Fix

Phase 6.1 Hold Fix Iter

Phase 6.1.1 Update Timing
Phase 6.1.1 Update Timing | Checksum: 26d2d1b47

Time (s): cpu = 00:00:27 ; elapsed = 00:00:14 . Memory (MB): peak = 4849.879 ; gain = 0.000 ; free physical = 15572 ; free virtual = 114889
INFO: [Route 35-416] Intermediate Timing Summary | WNS=0.505  | TNS=0.000  | WHS=0.013  | THS=0.000  |

Phase 6.1 Hold Fix Iter | Checksum: 26d2d1b47

Time (s): cpu = 00:00:27 ; elapsed = 00:00:14 . Memory (MB): peak = 4849.879 ; gain = 0.000 ; free physical = 15572 ; free virtual = 114889
Phase 6 Post Hold Fix | Checksum: 26d2d1b47

Time (s): cpu = 00:00:27 ; elapsed = 00:00:14 . Memory (MB): peak = 4849.879 ; gain = 0.000 ; free physical = 15572 ; free virtual = 114889

Phase 7 Route finalize

Router Utilization Summary
  Global Vertical Routing Utilization    = 0.319777 %
  Global Horizontal Routing Utilization  = 0.271834 %
  Routable Net Status*
  *Does not include unroutable nets such as driverless and loadless.
  Run report_route_status for detailed report.
  Number of Failed Nets               = 0
    (Failed Nets is the sum of unrouted and partially routed nets)
  Number of Unrouted Nets             = 0
  Number of Partially Routed Nets     = 0
  Number of Node Overlaps             = 0

Phase 7 Route finalize | Checksum: 26d2d1b47

Time (s): cpu = 00:00:28 ; elapsed = 00:00:14 . Memory (MB): peak = 4849.879 ; gain = 0.000 ; free physical = 15572 ; free virtual = 114889

Phase 8 Verifying routed nets

 Verification completed successfully
Phase 8 Verifying routed nets | Checksum: 26d2d1b47

Time (s): cpu = 00:00:28 ; elapsed = 00:00:14 . Memory (MB): peak = 4849.879 ; gain = 0.000 ; free physical = 15572 ; free virtual = 114889

Phase 9 Depositing Routes
Phase 9 Depositing Routes | Checksum: 26d2d1b47

Time (s): cpu = 00:00:28 ; elapsed = 00:00:14 . Memory (MB): peak = 4849.879 ; gain = 0.000 ; free physical = 15572 ; free virtual = 114889

Phase 10 Resolve XTalk
Phase 10 Resolve XTalk | Checksum: 26d2d1b47

Time (s): cpu = 00:00:29 ; elapsed = 00:00:14 . Memory (MB): peak = 4849.879 ; gain = 0.000 ; free physical = 15572 ; free virtual = 114889

Phase 11 Post Router Timing
INFO: [Route 35-57] Estimated Timing Summary | WNS=0.505  | TNS=0.000  | WHS=0.013  | THS=0.000  |

INFO: [Route 35-327] The final timing numbers are based on the router estimated timing analysis. For a complete and accurate timing signoff, please run report_timing_summary.
Phase 11 Post Router Timing | Checksum: 26d2d1b47

Time (s): cpu = 00:00:29 ; elapsed = 00:00:14 . Memory (MB): peak = 4849.879 ; gain = 0.000 ; free physical = 15572 ; free virtual = 114889
INFO: [Route 35-16] Router Completed Successfully

Phase 12 Post-Route Event Processing
Phase 12 Post-Route Event Processing | Checksum: 158d30e66

Time (s): cpu = 00:00:29 ; elapsed = 00:00:14 . Memory (MB): peak = 4849.879 ; gain = 0.000 ; free physical = 15572 ; free virtual = 114889
Ending Routing Task | Checksum: 158d30e66

Time (s): cpu = 00:00:29 ; elapsed = 00:00:14 . Memory (MB): peak = 4849.879 ; gain = 0.000 ; free physical = 15572 ; free virtual = 114889

Routing Is Done.
INFO: [Common 17-83] Releasing license: Implementation
12 Infos, 0 Warnings, 0 Critical Warnings and 0 Errors encountered.
route_design completed successfully
route_design: Time (s): cpu = 00:00:31 ; elapsed = 00:00:15 . Memory (MB): peak = 4849.879 ; gain = 96.047 ; free physical = 15572 ; free virtual = 114889
# write_checkpoint -force [file join $run_dir design_routed.dcp]
INFO: [Timing 38-480] Writing timing data to binary archive.
Write ShapeDB Complete: Time (s): cpu = 00:00:00.03 ; elapsed = 00:00:00.01 . Memory (MB): peak = 4849.879 ; gain = 0.000 ; free physical = 15572 ; free virtual = 114889
Wrote PlaceDB: Time (s): cpu = 00:00:00.42 ; elapsed = 00:00:00.13 . Memory (MB): peak = 4849.879 ; gain = 0.000 ; free physical = 15573 ; free virtual = 114890
Wrote PulsedLatchDB: Time (s): cpu = 00:00:00 ; elapsed = 00:00:00 . Memory (MB): peak = 4849.879 ; gain = 0.000 ; free physical = 15573 ; free virtual = 114890
Writing XDEF routing.
Writing XDEF routing logical nets.
Writing XDEF routing special nets.
Wrote RouteStorage: Time (s): cpu = 00:00:00.07 ; elapsed = 00:00:00.07 . Memory (MB): peak = 4849.879 ; gain = 0.000 ; free physical = 15572 ; free virtual = 114890
Wrote Netlist Cache: Time (s): cpu = 00:00:00.01 ; elapsed = 00:00:00 . Memory (MB): peak = 4849.879 ; gain = 0.000 ; free physical = 15572 ; free virtual = 114890
Wrote Device Cache: Time (s): cpu = 00:00:00.01 ; elapsed = 00:00:00.02 . Memory (MB): peak = 4849.879 ; gain = 0.000 ; free physical = 15573 ; free virtual = 114890
Write Physdb Complete: Time (s): cpu = 00:00:00.52 ; elapsed = 00:00:00.23 . Memory (MB): peak = 4849.879 ; gain = 0.000 ; free physical = 15579 ; free virtual = 114891
INFO: [Common 17-1381] The checkpoint '/tmp/fastconv-trunc-column-refresh-4184991/rtl/conv2x2/fpga_zcu104/stream08_pipeline_campaign/reports/refresh-4184991-m04-nbits16/design_routed.dcp' has been generated.
# write_verilog -force -mode funcsim [file join $run_dir design_routed_funcsim.v]
# report_utilization -hierarchical -file [file join $run_dir utilization.rpt]
# report_timing_summary -delay_type max -report_unconstrained -check_timing_verbose -max_paths 30 -file [file join $run_dir timing_summary.rpt]
INFO: [Timing 38-91] UpdateTimingParams: Speed grade: -2, Temperature grade: E, Delay Type: max.
INFO: [Timing 38-191] Multithreading enabled for timing update using a maximum of 8 CPUs
# report_clock_utilization -file [file join $run_dir clock_utilization.rpt]
# report_io -file [file join $run_dir io.rpt]
report_io: Time (s): cpu = 00:00:00.23 ; elapsed = 00:00:00.37 . Memory (MB): peak = 4849.879 ; gain = 0.000 ; free physical = 15578 ; free virtual = 114885
# report_drc -file [file join $run_dir drc.rpt]
Command: report_drc -file /tmp/fastconv-trunc-column-refresh-4184991/rtl/conv2x2/fpga_zcu104/stream08_pipeline_campaign/reports/refresh-4184991-m04-nbits16/drc.rpt
INFO: [IP_Flow 19-234] Refreshing IP repositories
INFO: [IP_Flow 19-1704] No user IP repositories specified
INFO: [IP_Flow 19-2313] Loaded Vivado IP repository '/soft64/xilinx/ferramentas/Vivado/2023.2/Vivado/2023.2/data/ip'.
INFO: [DRC 23-27] Running DRC with 8 threads
INFO: [Vivado_Tcl 2-168] The results of DRC are in file /tmp/fastconv-trunc-column-refresh-4184991/rtl/conv2x2/fpga_zcu104/stream08_pipeline_campaign/reports/refresh-4184991-m04-nbits16/drc.rpt.
report_drc completed successfully
# puts "IMPLEMENTATION_COMPLETE run=$run_name"
IMPLEMENTATION_COMPLETE run=refresh-4184991-m04-nbits16
# exit
INFO: [Common 17-206] Exiting Vivado at Wed Sep 30 02:20:08 2026...
