Copyright 1986-2022 Xilinx, Inc. All Rights Reserved. Copyright 2022-2023 Advanced Micro Devices, Inc. All Rights Reserved.
----------------------------------------------------------------------------------------------------------------------------------------------------------------------------------------------------------
| Tool Version : Vivado v.2023.2 (lin64) Build 4029153 Fri Oct 13 20:13:54 MDT 2023
| Date         : Wed Sep 30 02:20:02 2026
| Host         : paxos.inf.pucrs.br running 64-bit Rocky Linux release 8.10 (Green Obsidian)
| Command      : report_utilization -hierarchical -file /tmp/fastconv-trunc-column-refresh-4184991/rtl/conv2x2/fpga_zcu104/stream08_pipeline_campaign/reports/refresh-4184991-m04-nbits16/utilization.rpt
| Design       : Conv
| Device       : xczu7ev-ffvc1156-2-e
| Speed File   : -2
| Design State : Routed
----------------------------------------------------------------------------------------------------------------------------------------------------------------------------------------------------------

Utilization Design Information

Table of Contents
-----------------
1. Utilization by Hierarchy

1. Utilization by Hierarchy
---------------------------

+-------------------+-----------------------------------------+------------+------------+---------+------+-----+--------+--------+------+------------+
|      Instance     |                  Module                 | Total LUTs | Logic LUTs | LUTRAMs | SRLs | FFs | RAMB36 | RAMB18 | URAM | DSP Blocks |
+-------------------+-----------------------------------------+------------+------------+---------+------+-----+--------+--------+------+------------+
| Conv              |                                   (top) |       2338 |       2338 |       0 |    0 | 968 |      0 |      0 |    0 |          4 |
|   (Conv)          |                                   (top) |        742 |        742 |       0 |    0 | 968 |      0 |      0 |    0 |          0 |
|   multip0         |                                  Multip |          4 |          4 |       0 |    0 |   0 |      0 |      0 |    0 |          1 |
|   multip1         |                                Multip_0 |         95 |         95 |       0 |    0 |   0 |      0 |      0 |    0 |          1 |
|   multip2         |                                Multip_1 |         91 |         91 |       0 |    0 |   0 |      0 |      0 |    0 |          1 |
|   multip3         |                                Multip_2 |          2 |          2 |       0 |    0 |   0 |      0 |      0 |    0 |          1 |
|   trf             |                               Transform |        609 |        609 |       0 |    0 |   0 |      0 |      0 |    0 |          0 |
|     matrix_c0     |                                MatrixC0 |        336 |        336 |       0 |    0 |   0 |      0 |      0 |    0 |          0 |
|     matrix_c1     |                                MatrixC1 |        273 |        273 |       0 |    0 |   0 |      0 |      0 |    0 |          0 |
|   weight_trf_row0 |                 WeightTransformRowConst |         73 |         73 |       0 |    0 |   0 |      0 |      0 |    0 |          0 |
|   weight_trf_row1 | WeightTransformRowConst__parameterized0 |        368 |        368 |       0 |    0 |   0 |      0 |      0 |    0 |          0 |
|   weight_trf_row2 | WeightTransformRowConst__parameterized1 |        371 |        371 |       0 |    0 |   0 |      0 |      0 |    0 |          0 |
|   weight_trf_row3 | WeightTransformRowConst__parameterized2 |         84 |         84 |       0 |    0 |   0 |      0 |      0 |    0 |          0 |
+-------------------+-----------------------------------------+------------+------------+---------+------+-----+--------+--------+------+------------+
* Note: The sum of lower-level cells may be larger than their parent cells total, due to cross-hierarchy LUT combining


