============================================================
  Generated by:           Genus(TM) Synthesis Solution 21.12-s068_1
  Generated on:           Jan 28 2026  03:22:13 am
  Module:                 System
  Library domain:         timing_cond_0p81v_125c
    Domain index:         0
    Technology library:   tcbn28hpcplusbwp30p140ssg0p81v125c 110
  Operating conditions:   ssg0p81v125c 
  Interconnect mode:      global
  Area mode:              physical library
============================================================

       Instance         Module    Cell Count  Cell Area  Net Area   Total Area 
-------------------------------------------------------------------------------
System                                 22502  29933.442 11867.092    41800.534 
  control             Control           3857   5714.730  1331.043     7045.773 
  conv                Conv             18645  24218.712  9839.862    34058.574 
    genblk1[0].multip Multip             582    603.036   245.964      849.000 
    genblk1[1].multip Multip_338         646    616.392   266.590      882.982 
    genblk1[2].multip Multip_337         555    603.666   235.984      839.650 
    genblk1[3].multip Multip_336         644    616.644   266.338      882.982 
    genblk1[4].multip Multip_335         555    603.666   235.984      839.650 
    genblk1[5].multip Multip_334         582    603.036   245.964      849.000 
    genblk1[6].multip Multip_333         582    603.162   245.964      849.126 
    genblk1[7].multip Multip_332         632    614.124   262.095      876.219 
    genblk1[8].multip Multip_331         646    616.392   266.467      882.859 
    inv               Inverse           3023   5617.080  1439.278     7056.358 
      matrix_a0       MatrixA0          1214   2246.580   489.295     2735.875 
      matrix_a1       MatrixA1          1809   3370.500   728.746     4099.246 
    mux_mult          MuxMult             10     13.230     1.248       14.478 
    trf               Transform         4855   8535.492  2344.936    10880.428 
      matrix_c0       MatrixC0          2406   4207.140   993.674     5200.814 
      matrix_c1       MatrixC1          2449   4328.352  1027.611     5355.963 
