============================================================
  Generated by:           Genus(TM) Synthesis Solution 21.12-s068_1
  Generated on:           Oct 08 2026  10:24:06 pm
  Module:                 Conv
  Library domain:         timing_cond_0p81v_125c
    Domain index:         0
    Technology library:   tcbn28hpcplusbwp30p140ssg0p81v125c 110
  Operating conditions:   ssg0p81v125c 
  Interconnect mode:      global
  Area mode:              physical library
============================================================

                                                                                 Library 
        Gate          Instances    Area                   Library                 Domain 
-----------------------------------------------------------------------------------------
AN2D0BWP30P140                1      0.504    tcbn28hpcplusbwp30p140ssg0p81v125c       0 
AN2D1BWP30P140              281    141.624    tcbn28hpcplusbwp30p140ssg0p81v125c       0 
AN2D4BWP30P140                2      2.268    tcbn28hpcplusbwp30p140ssg0p81v125c       0 
AN3D1BWP30P140              104     65.520    tcbn28hpcplusbwp30p140ssg0p81v125c       0 
AN4D1BWP30P140                4      3.024    tcbn28hpcplusbwp30p140ssg0p81v125c       0 
AO211D1BWP30P140              3      2.268    tcbn28hpcplusbwp30p140ssg0p81v125c       0 
AO21D1BWP30P140              50     31.500    tcbn28hpcplusbwp30p140ssg0p81v125c       0 
AO22D0BWP30P140            2570   1942.920    tcbn28hpcplusbwp30p140ssg0p81v125c       0 
AOI211D1BWP30P140             3      1.890    tcbn28hpcplusbwp30p140ssg0p81v125c       0 
AOI21D1BWP30P140             56     28.224    tcbn28hpcplusbwp30p140ssg0p81v125c       0 
AOI221D1BWP30P140          1982   1498.392    tcbn28hpcplusbwp30p140ssg0p81v125c       0 
AOI222D1BWP30P140           235    236.880    tcbn28hpcplusbwp30p140ssg0p81v125c       0 
AOI22D1BWP30P140            817    514.710    tcbn28hpcplusbwp30p140ssg0p81v125c       0 
AOI31D1BWP30P140              1      0.630    tcbn28hpcplusbwp30p140ssg0p81v125c       0 
AOI32D1BWP30P140              1      0.756    tcbn28hpcplusbwp30p140ssg0p81v125c       0 
AOI33D1BWP30P140              1      0.882    tcbn28hpcplusbwp30p140ssg0p81v125c       0 
BUFFD3BWP30P140               1      0.630    tcbn28hpcplusbwp30p140ssg0p81v125c       0 
CKAN2D1BWP30P140           1136    572.544    tcbn28hpcplusbwp30p140ssg0p81v125c       0 
CKBD1BWP30P140                1      0.378    tcbn28hpcplusbwp30p140ssg0p81v125c       0 
CKBD2BWP30P140                1      0.504    tcbn28hpcplusbwp30p140ssg0p81v125c       0 
CKBD3BWP30P140                1      0.630    tcbn28hpcplusbwp30p140ssg0p81v125c       0 
CKLNQD1BWP30P140             51     96.390    tcbn28hpcplusbwp30p140ssg0p81v125c       0 
CKMUX2D0BWP30P140           429    378.378    tcbn28hpcplusbwp30p140ssg0p81v125c       0 
CKND1BWP30P140             2476    623.952    tcbn28hpcplusbwp30p140ssg0p81v125c       0 
CKND2BWP30P140                5      1.890    tcbn28hpcplusbwp30p140ssg0p81v125c       0 
CKND2D1BWP30P140            654    247.212    tcbn28hpcplusbwp30p140ssg0p81v125c       0 
CKND3BWP30P140                1      0.504    tcbn28hpcplusbwp30p140ssg0p81v125c       0 
CKND4BWP30P140                1      0.630    tcbn28hpcplusbwp30p140ssg0p81v125c       0 
DFCND1BWP30P140              27     68.040    tcbn28hpcplusbwp30p140ssg0p81v125c       0 
DFCNQD1BWP30P140           2759   6257.412    tcbn28hpcplusbwp30p140ssg0p81v125c       0 
DFSNQD2BWP30P140              1      2.268    tcbn28hpcplusbwp30p140ssg0p81v125c       0 
EDFCND1BWP30P140              6     18.144    tcbn28hpcplusbwp30p140ssg0p81v125c       0 
EDFCNQD1BWP30P140             9     26.082    tcbn28hpcplusbwp30p140ssg0p81v125c       0 
FA1D1BWP30P140             7481  16024.302    tcbn28hpcplusbwp30p140ssg0p81v125c       0 
HA1D1BWP30P140              624   1022.112    tcbn28hpcplusbwp30p140ssg0p81v125c       0 
IAO21D0BWP30P140              2      1.260    tcbn28hpcplusbwp30p140ssg0p81v125c       0 
IAO21D1BWP30P140              3      1.890    tcbn28hpcplusbwp30p140ssg0p81v125c       0 
IND2D1BWP30P140             321    161.784    tcbn28hpcplusbwp30p140ssg0p81v125c       0 
IND2D2BWP30P140               1      0.756    tcbn28hpcplusbwp30p140ssg0p81v125c       0 
IND3D1BWP30P140               9      5.670    tcbn28hpcplusbwp30p140ssg0p81v125c       0 
IND4D1BWP30P140               2      1.512    tcbn28hpcplusbwp30p140ssg0p81v125c       0 
INR2D1BWP30P140             412    207.648    tcbn28hpcplusbwp30p140ssg0p81v125c       0 
INR3D0BWP30P140               9      5.670    tcbn28hpcplusbwp30p140ssg0p81v125c       0 
INR4D0BWP30P140               4      3.024    tcbn28hpcplusbwp30p140ssg0p81v125c       0 
INVD0P7BWP30P140              2      0.504    tcbn28hpcplusbwp30p140ssg0p81v125c       0 
INVD1BWP30P140               15      3.780    tcbn28hpcplusbwp30p140ssg0p81v125c       0 
INVD2BWP30P140                5      1.890    tcbn28hpcplusbwp30p140ssg0p81v125c       0 
INVD3BWP30P140                2      1.008    tcbn28hpcplusbwp30p140ssg0p81v125c       0 
INVD6BWP30P140                2      1.764    tcbn28hpcplusbwp30p140ssg0p81v125c       0 
INVD8BWP30P140                1      1.134    tcbn28hpcplusbwp30p140ssg0p81v125c       0 
IOA21D1BWP30P140            377    237.510    tcbn28hpcplusbwp30p140ssg0p81v125c       0 
MAOI222D1BWP30P140          190    143.640    tcbn28hpcplusbwp30p140ssg0p81v125c       0 
MAOI22D1BWP30P140             7      5.292    tcbn28hpcplusbwp30p140ssg0p81v125c       0 
MOAI22D1BWP30P140             5      3.780    tcbn28hpcplusbwp30p140ssg0p81v125c       0 
MUX2D0BWP30P140              28     24.696    tcbn28hpcplusbwp30p140ssg0p81v125c       0 
MUX2NUD1BWP30P140            13      9.828    tcbn28hpcplusbwp30p140ssg0p81v125c       0 
ND2D1BWP30P140              405    153.090    tcbn28hpcplusbwp30p140ssg0p81v125c       0 
ND2OPTIBD1BWP30P140          26      9.828    tcbn28hpcplusbwp30p140ssg0p81v125c       0 
ND3D1BWP30P140              222    111.888    tcbn28hpcplusbwp30p140ssg0p81v125c       0 
ND4D1BWP30P140                3      1.890    tcbn28hpcplusbwp30p140ssg0p81v125c       0 
NR2D1BWP30P140              112     42.336    tcbn28hpcplusbwp30p140ssg0p81v125c       0 
NR2D2BWP30P140                1      0.630    tcbn28hpcplusbwp30p140ssg0p81v125c       0 
NR2OPTIBD1BWP30P140          99     37.422    tcbn28hpcplusbwp30p140ssg0p81v125c       0 
NR3D0BWP30P140                9      4.536    tcbn28hpcplusbwp30p140ssg0p81v125c       0 
NR3D0P7BWP30P140            189     95.256    tcbn28hpcplusbwp30p140ssg0p81v125c       0 
NR4D0BWP30P140                3      1.890    tcbn28hpcplusbwp30p140ssg0p81v125c       0 
OA211D1BWP30P140              1      0.756    tcbn28hpcplusbwp30p140ssg0p81v125c       0 
OA21D1BWP30P140               8      5.040    tcbn28hpcplusbwp30p140ssg0p81v125c       0 
OAI211D1BWP30P140           217    136.710    tcbn28hpcplusbwp30p140ssg0p81v125c       0 
OAI21D1BWP30P140            315    158.760    tcbn28hpcplusbwp30p140ssg0p81v125c       0 
OAI221D1BWP30P140             4      3.528    tcbn28hpcplusbwp30p140ssg0p81v125c       0 
OAI222D1BWP30P140           149    150.192    tcbn28hpcplusbwp30p140ssg0p81v125c       0 
OAI22D1BWP30P140              6      3.780    tcbn28hpcplusbwp30p140ssg0p81v125c       0 
OAI31D1BWP30P140              3      1.890    tcbn28hpcplusbwp30p140ssg0p81v125c       0 
OAI32D1BWP30P140              3      2.268    tcbn28hpcplusbwp30p140ssg0p81v125c       0 
OAI33D1BWP30P140             28     24.696    tcbn28hpcplusbwp30p140ssg0p81v125c       0 
OR2D0BWP30P140               12      6.048    tcbn28hpcplusbwp30p140ssg0p81v125c       0 
OR2D1BWP30P140               89     44.856    tcbn28hpcplusbwp30p140ssg0p81v125c       0 
OR3D1BWP30P140                6      3.780    tcbn28hpcplusbwp30p140ssg0p81v125c       0 
OR4D1BWP30P140                3      2.268    tcbn28hpcplusbwp30p140ssg0p81v125c       0 
SDFCNQARD1BWP30P140         361   1046.178    tcbn28hpcplusbwp30p140ssg0p81v125c       0 
SDFCNQD0BWP30P140            29     84.042    tcbn28hpcplusbwp30p140ssg0p81v125c       0 
SDFSNQD2BWP30P140             2      5.796    tcbn28hpcplusbwp30p140ssg0p81v125c       0 
SEDFCNQARD0BWP30P140          1      3.780    tcbn28hpcplusbwp30p140ssg0p81v125c       0 
XNR2UD1BWP30P140           2262   1995.084    tcbn28hpcplusbwp30p140ssg0p81v125c       0 
XNR3UD1BWP30P140            207    365.148    tcbn28hpcplusbwp30p140ssg0p81v125c       0 
XNR4D1BWP30P140              35     92.610    tcbn28hpcplusbwp30p140ssg0p81v125c       0 
XOR2UD1BWP30P140            860    758.520    tcbn28hpcplusbwp30p140ssg0p81v125c       0 
XOR3UD1BWP30P140            150    264.600    tcbn28hpcplusbwp30p140ssg0p81v125c       0 
XOR4D0BWP30P140               7     18.522    tcbn28hpcplusbwp30p140ssg0p81v125c       0 
XOR4D1BWP30P140              32     84.672    tcbn28hpcplusbwp30p140ssg0p81v125c       0 
-----------------------------------------------------------------------------------------
total                     29044  36360.324                                       


                                                        
            Type             Instances    Area   Area % 
--------------------------------------------------------
sequential                        3195  7511.742   20.7 
inverter                          2510   637.056    1.8 
buffer                               4     2.142    0.0 
clock_gating_integrated_cell        51    96.390    0.3 
logic                            23284 28112.994   77.3 
physical_cells                       0     0.000    0.0 
--------------------------------------------------------
total                            29044 36360.324  100.0 

