============================================================
  Generated by:           Genus(TM) Synthesis Solution 22.17-s071_1
  Generated on:           May 07 2025  09:17:45 pm
  Module:                 conv
  Library domain:         timing_cond_0p81v_125c
    Domain index:         0
    Technology library:   tcbn28hpcplusbwp30p140ssg0p81v125c 110
  Operating conditions:   ssg0p81v125c 
  Interconnect mode:      global
  Area mode:              physical library
============================================================

                                                                                Library 
        Gate         Instances    Area                   Library                 Domain 
----------------------------------------------------------------------------------------
AN2D1BWP30P140              54     27.216    tcbn28hpcplusbwp30p140ssg0p81v125c       0 
AN2D2BWP30P140               3      1.890    tcbn28hpcplusbwp30p140ssg0p81v125c       0 
AN2D4BWP30P140               1      1.134    tcbn28hpcplusbwp30p140ssg0p81v125c       0 
AN3D1BWP30P140               2      1.260    tcbn28hpcplusbwp30p140ssg0p81v125c       0 
AN4D1BWP30P140              15     11.340    tcbn28hpcplusbwp30p140ssg0p81v125c       0 
AN4D2BWP30P140               2      1.764    tcbn28hpcplusbwp30p140ssg0p81v125c       0 
AO211D1BWP30P140           153    115.668    tcbn28hpcplusbwp30p140ssg0p81v125c       0 
AO211D2BWP30P140             1      0.882    tcbn28hpcplusbwp30p140ssg0p81v125c       0 
AO21D1BWP30P140              3      1.890    tcbn28hpcplusbwp30p140ssg0p81v125c       0 
AO22D0BWP30P140            602    455.112    tcbn28hpcplusbwp30p140ssg0p81v125c       0 
AOI211D1BWP30P140            6      3.780    tcbn28hpcplusbwp30p140ssg0p81v125c       0 
AOI21D0P7BWP30P140          83     41.832    tcbn28hpcplusbwp30p140ssg0p81v125c       0 
AOI21D1BWP30P140           333    167.832    tcbn28hpcplusbwp30p140ssg0p81v125c       0 
AOI221D1BWP30P140          471    356.076    tcbn28hpcplusbwp30p140ssg0p81v125c       0 
AOI222D1BWP30P140           11     11.088    tcbn28hpcplusbwp30p140ssg0p81v125c       0 
AOI22D1BWP30P140           197    124.110    tcbn28hpcplusbwp30p140ssg0p81v125c       0 
AOI31D1BWP30P140             2      1.260    tcbn28hpcplusbwp30p140ssg0p81v125c       0 
BUFFD1P5BWP30P140            1      0.504    tcbn28hpcplusbwp30p140ssg0p81v125c       0 
BUFFD2BWP30P140              1      0.504    tcbn28hpcplusbwp30p140ssg0p81v125c       0 
CKAN2D1BWP30P140            48     24.192    tcbn28hpcplusbwp30p140ssg0p81v125c       0 
CKLNQD1BWP30P140            21     39.690    tcbn28hpcplusbwp30p140ssg0p81v125c       0 
CKMUX2D0BWP30P140           12     10.584    tcbn28hpcplusbwp30p140ssg0p81v125c       0 
CKND1BWP30P140             772    194.544    tcbn28hpcplusbwp30p140ssg0p81v125c       0 
CKND2BWP30P140               3      1.134    tcbn28hpcplusbwp30p140ssg0p81v125c       0 
CKND2D1BWP30P140           238     89.964    tcbn28hpcplusbwp30p140ssg0p81v125c       0 
DFCND1BWP30P140              6     15.120    tcbn28hpcplusbwp30p140ssg0p81v125c       0 
DFCNQD1BWP30P140           744   1687.392    tcbn28hpcplusbwp30p140ssg0p81v125c       0 
DFSND1BWP30P140              2      4.788    tcbn28hpcplusbwp30p140ssg0p81v125c       0 
FA1D1BWP30P140            2360   5055.120    tcbn28hpcplusbwp30p140ssg0p81v125c       0 
HA1D1BWP30P140             134    219.492    tcbn28hpcplusbwp30p140ssg0p81v125c       0 
IAO21D1BWP30P140             2      1.260    tcbn28hpcplusbwp30p140ssg0p81v125c       0 
IND2D1BWP30P140             39     19.656    tcbn28hpcplusbwp30p140ssg0p81v125c       0 
IND3D1BWP30P140              7      4.410    tcbn28hpcplusbwp30p140ssg0p81v125c       0 
IND4D1BWP30P140              1      0.756    tcbn28hpcplusbwp30p140ssg0p81v125c       0 
INR2D1BWP30P140             37     18.648    tcbn28hpcplusbwp30p140ssg0p81v125c       0 
INR2D2BWP30P140              2      1.512    tcbn28hpcplusbwp30p140ssg0p81v125c       0 
INR3D0BWP30P140              2      1.260    tcbn28hpcplusbwp30p140ssg0p81v125c       0 
INR3D2BWP30P140              1      1.008    tcbn28hpcplusbwp30p140ssg0p81v125c       0 
INR4D0BWP30P140              2      1.512    tcbn28hpcplusbwp30p140ssg0p81v125c       0 
INR4D1BWP30P140              1      1.386    tcbn28hpcplusbwp30p140ssg0p81v125c       0 
INVD0P7BWP30P140             1      0.252    tcbn28hpcplusbwp30p140ssg0p81v125c       0 
INVD1BWP30P140               4      1.008    tcbn28hpcplusbwp30p140ssg0p81v125c       0 
INVD4BWP30P140               1      0.630    tcbn28hpcplusbwp30p140ssg0p81v125c       0 
INVD6BWP30P140               2      1.764    tcbn28hpcplusbwp30p140ssg0p81v125c       0 
INVD8BWP30P140               3      3.402    tcbn28hpcplusbwp30p140ssg0p81v125c       0 
IOA21D1BWP30P140           103     64.890    tcbn28hpcplusbwp30p140ssg0p81v125c       0 
MAOI22D1BWP30P140          102     77.112    tcbn28hpcplusbwp30p140ssg0p81v125c       0 
MUX2NUD1BWP30P140           80     60.480    tcbn28hpcplusbwp30p140ssg0p81v125c       0 
ND2D1BWP30P140              47     17.766    tcbn28hpcplusbwp30p140ssg0p81v125c       0 
ND2D2BWP30P140               4      2.520    tcbn28hpcplusbwp30p140ssg0p81v125c       0 
ND2OPTIBD1BWP30P140          9      3.402    tcbn28hpcplusbwp30p140ssg0p81v125c       0 
ND3D1BWP30P140               3      1.512    tcbn28hpcplusbwp30p140ssg0p81v125c       0 
ND4D1BWP30P140              71     44.730    tcbn28hpcplusbwp30p140ssg0p81v125c       0 
NR2D1BWP30P140             430    162.540    tcbn28hpcplusbwp30p140ssg0p81v125c       0 
NR2D2BWP30P140              15      9.450    tcbn28hpcplusbwp30p140ssg0p81v125c       0 
NR2D3BWP30P140               4      3.528    tcbn28hpcplusbwp30p140ssg0p81v125c       0 
NR2D4BWP30P140               6      6.804    tcbn28hpcplusbwp30p140ssg0p81v125c       0 
NR2OPTIBD1BWP30P140         33     12.474    tcbn28hpcplusbwp30p140ssg0p81v125c       0 
NR2OPTPAD1BWP30P140          2      1.008    tcbn28hpcplusbwp30p140ssg0p81v125c       0 
NR3D0P7BWP30P140             2      1.008    tcbn28hpcplusbwp30p140ssg0p81v125c       0 
NR4D0BWP30P140               8      5.040    tcbn28hpcplusbwp30p140ssg0p81v125c       0 
OA21D1BWP30P140              4      2.520    tcbn28hpcplusbwp30p140ssg0p81v125c       0 
OAI211D1BWP30P140            6      3.780    tcbn28hpcplusbwp30p140ssg0p81v125c       0 
OAI21D1BWP30P140           407    205.128    tcbn28hpcplusbwp30p140ssg0p81v125c       0 
OAI222D1BWP30P140          164    165.312    tcbn28hpcplusbwp30p140ssg0p81v125c       0 
OAI31D1BWP30P140             2      1.260    tcbn28hpcplusbwp30p140ssg0p81v125c       0 
OAI32D1BWP30P140             2      1.512    tcbn28hpcplusbwp30p140ssg0p81v125c       0 
OR2D0BWP30P140              37     18.648    tcbn28hpcplusbwp30p140ssg0p81v125c       0 
OR2D1BWP30P140              23     11.592    tcbn28hpcplusbwp30p140ssg0p81v125c       0 
OR2D2BWP30P140               2      1.260    tcbn28hpcplusbwp30p140ssg0p81v125c       0 
OR3D1BWP30P140               8      5.040    tcbn28hpcplusbwp30p140ssg0p81v125c       0 
OR3D2BWP30P140               6      4.536    tcbn28hpcplusbwp30p140ssg0p81v125c       0 
OR3D4BWP30P140               2      2.772    tcbn28hpcplusbwp30p140ssg0p81v125c       0 
OR4D1BWP30P140               1      0.756    tcbn28hpcplusbwp30p140ssg0p81v125c       0 
SDFSNQD2BWP30P140            1      2.898    tcbn28hpcplusbwp30p140ssg0p81v125c       0 
XNR2UD1BWP30P140           244    215.208    tcbn28hpcplusbwp30p140ssg0p81v125c       0 
XNR3UD1BWP30P140            33     58.212    tcbn28hpcplusbwp30p140ssg0p81v125c       0 
XNR4D1BWP30P140              6     15.876    tcbn28hpcplusbwp30p140ssg0p81v125c       0 
XOR2UD1BWP30P140            31     27.342    tcbn28hpcplusbwp30p140ssg0p81v125c       0 
XOR3D1BWP30P140              2      3.780    tcbn28hpcplusbwp30p140ssg0p81v125c       0 
XOR3UD1BWP30P140            87    153.468    tcbn28hpcplusbwp30p140ssg0p81v125c       0 
XOR4D0BWP30P140              2      5.292    tcbn28hpcplusbwp30p140ssg0p81v125c       0 
----------------------------------------------------------------------------------------
total                     8375  10106.082                                       


                                                        
            Type             Instances    Area   Area % 
--------------------------------------------------------
sequential                         753  1710.198   16.9 
inverter                           786   202.734    2.0 
buffer                               2     1.008    0.0 
clock_gating_integrated_cell        21    39.690    0.4 
logic                             6813  8152.452   80.7 
physical_cells                       0     0.000    0.0 
--------------------------------------------------------
total                             8375 10106.082  100.0 

