============================================================
  Generated by:           Genus(TM) Synthesis Solution 21.12-s068_1
  Generated on:           Jul 09 2025  10:00:14 pm
  Module:                 conv
  Operating conditions:   ssg0p81v125c 
  Operating conditions:   tt0p9v25c 
  Operating conditions:   ffg0p99vm40c 
  Interconnect mode:      global
  Area mode:              physical library
============================================================


Path 1: MET (391 ps) Setup Check with Pin registers_reg[10][19]/CP->D
           View: analysis_view_0p99v_m40c_capbst_fastest
          Group: clk
     Startpoint: (F) weights[10][0]
          Clock: (R) clk
       Endpoint: (F) registers_reg[10][19]/D
          Clock: (R) clk

                     Capture       Launch     
        Clock Edge:+    2000            0     
        Drv Adjust:+       0            3     
       Src Latency:+       0            0     
       Net Latency:+       0 (I)        0 (I) 
           Arrival:=    2000            3     
                                              
             Setup:-      19                  
     Required Time:=    1981                  
      Launch Clock:-       3                  
       Input Delay:-    1000                  
         Data Path:-     588                  
             Slack:=     391                  

Exceptions/Constraints:
  input_delay             1000            tmp_sdc_analysis_vie_1_line_645 

#-------------------------------------------------------------------------------------------------------------------------------
#                Timing Point                 Flags    Arc   Edge        Cell          Fanout Load Trans Delay Arrival Instance 
#                                                                                             (fF)  (ps)  (ps)   (ps)  Location 
#-------------------------------------------------------------------------------------------------------------------------------
  weights[10][0]                              -       -      F     (arrival)                1  1.7     7     0    1003    (-,-) 
  g16776/ZN                                   -       B1->ZN R     AOI22D1BWP30P140         1  2.1    36    17    1020    (-,-) 
  g16551/ZN                                   -       A1->ZN F     ND2OPTIBD2BWP30P140      6  7.9    30    23    1043    (-,-) 
  genblk1[2].multip/mul_16_61_g5027/ZN        -       I->ZN  R     CKND1BWP30P140          15 18.7    70    51    1094    (-,-) 
  genblk1[2].multip/mul_16_61_g4692/ZN        -       B2->ZN F     OAI22D1BWP30P140         1  2.8    31    28    1122    (-,-) 
  genblk1[2].multip/mul_16_61_g4594/S         -       B->S   F     HA1D1BWP30P140           1  2.4    12    20    1143    (-,-) 
  genblk1[2].multip/mul_16_61_cdnfadd_005_0/S -       CI->S  R     FA1D1BWP30P140           1  1.7    14    40    1182    (-,-) 
  genblk1[2].multip/mul_16_61_g4582/ZN        -       I->ZN  F     CKND1BWP30P140           2  2.8    13    12    1194    (-,-) 
  genblk1[2].multip/mul_16_61_g4580/Z         -       A1->Z  F     CKAN2D1BWP30P140         2  2.9    12    18    1212    (-,-) 
  genblk1[2].multip/mul_16_61_g4579/ZN        -       B->ZN  R     AOI211D1BWP30P140        1  1.8    24    21    1233    (-,-) 
  genblk1[2].multip/mul_16_61_g4570/ZN        -       A2->ZN R     IOA21D2BWP30P140         1  3.0    10    20    1253    (-,-) 
  genblk1[2].multip/mul_16_61_g4569/CO        -       CI->CO R     FA1OPTCD1BWP30P140       1  3.1    15    19    1272    (-,-) 
  genblk1[2].multip/mul_16_61_g4568/CO        -       CI->CO R     FA1OPTCD2BWP30P140       1  3.1    11    16    1289    (-,-) 
  genblk1[2].multip/mul_16_61_g4561/CO        -       CI->CO R     FA1OPTCD2BWP30P140       1  2.5    10    15    1304    (-,-) 
  genblk1[2].multip/mul_16_61_g4550/CO        -       CI->CO R     FA1D1BWP30P140           1  2.5    13    22    1326    (-,-) 
  genblk1[2].multip/mul_16_61_g4547/CO        -       CI->CO R     FA1D1BWP30P140           1  2.5    13    22    1348    (-,-) 
  genblk1[2].multip/mul_16_61_g4518/CO        -       CI->CO R     FA1D1BWP30P140           1  2.5    13    22    1370    (-,-) 
  genblk1[2].multip/mul_16_61_g4511/CO        -       CI->CO R     FA1D1BWP30P140           1  2.5    13    22    1392    (-,-) 
  genblk1[2].multip/mul_16_61_g4510/CO        -       CI->CO R     FA1D1BWP30P140           3  4.5    19    26    1419    (-,-) 
  genblk1[2].multip/mul_16_61_g4509/ZN        -       A1->ZN F     ND3D1BWP30P140           2  3.2    32    23    1442    (-,-) 
  genblk1[2].multip/mul_16_61_g4507/ZN        -       B2->ZN R     INR3D2BWP30P140          2  3.2    20    18    1460    (-,-) 
  genblk1[2].multip/mul_16_61_g4501/ZN        -       A1->ZN F     AOI221D2BWP30P140        3  4.4    23    16    1476    (-,-) 
  genblk1[2].multip/mul_16_61_g4494/ZN        -       A3->ZN R     OAI31D1BWP30P140         1  2.5    26    22    1498    (-,-) 
  genblk1[2].multip/mul_16_61_g4487/CO        -       CI->CO R     FA1D1BWP30P140           1  1.9    12    24    1521    (-,-) 
  genblk1[2].multip/mul_16_61_g4486/Z         -       A3->Z  F     XOR3D1BWP30P140          4  5.1    19    30    1552    (-,-) 
  g20747/ZN                                   -       A1->ZN R     AOI222D1BWP30P140        1  1.7    48    23    1575    (-,-) 
  g20234/ZN                                   -       A1->ZN F     ND2D1BWP30P140           1  1.7    21    16    1591    (-,-) 
  registers_reg[10][19]/D                     <<<     -      F     EDFCNQD1BWP30P140        1    -     -     0    1591    (-,-) 
#-------------------------------------------------------------------------------------------------------------------------------


