============================================================
  Generated by:           Genus(TM) Synthesis Solution 21.12-s068_1
  Generated on:           Jul 09 2025  10:00:00 pm
  Module:                 conv
  Library domain:         timing_cond_0p81v_125c
    Domain index:         0
    Technology library:   tcbn28hpcplusbwp30p140ssg0p81v125c 110
  Operating conditions:   ssg0p81v125c 
  Interconnect mode:      global
  Area mode:              physical library
============================================================

                                                                                   Library 
          Gate           Instances    Area                  Library                 Domain 
-------------------------------------------------------------------------------------------
AN2D1BWP30P140                   5     2.520    tcbn28hpcplusbwp30p140ssg0p81v125c       0 
AN2D2BWP30P140                   1     0.630    tcbn28hpcplusbwp30p140ssg0p81v125c       0 
AN4D1BWP30P140                   1     0.756    tcbn28hpcplusbwp30p140ssg0p81v125c       0 
AO211D1BWP30P140                85    64.260    tcbn28hpcplusbwp30p140ssg0p81v125c       0 
AO21D1BWP30P140                 12     7.560    tcbn28hpcplusbwp30p140ssg0p81v125c       0 
AO22D0BWP30P140                122    92.232    tcbn28hpcplusbwp30p140ssg0p81v125c       0 
AO22D1BWP30P140                  7     6.174    tcbn28hpcplusbwp30p140ssg0p81v125c       0 
AO22D2BWP30P140                  4     4.032    tcbn28hpcplusbwp30p140ssg0p81v125c       0 
AO22D4BWP30P140                  7    12.348    tcbn28hpcplusbwp30p140ssg0p81v125c       0 
AOI211D1BWP30P140                4     2.520    tcbn28hpcplusbwp30p140ssg0p81v125c       0 
AOI21D1BWP30P140                24    12.096    tcbn28hpcplusbwp30p140ssg0p81v125c       0 
AOI21D2BWP30P140                 4     3.528    tcbn28hpcplusbwp30p140ssg0p81v125c       0 
AOI221D2BWP30P140                4     6.048    tcbn28hpcplusbwp30p140ssg0p81v125c       0 
AOI222D1BWP30P140              224   225.792    tcbn28hpcplusbwp30p140ssg0p81v125c       0 
AOI22D1BWP30P140               196   123.480    tcbn28hpcplusbwp30p140ssg0p81v125c       0 
AOI22D2BWP30P140                13    14.742    tcbn28hpcplusbwp30p140ssg0p81v125c       0 
AOI22D4BWP30P140                18    40.824    tcbn28hpcplusbwp30p140ssg0p81v125c       0 
AOI22D6BWP30P140                 1     3.276    tcbn28hpcplusbwp30p140ssg0p81v125c       0 
CKAN2D1BWP30P140                52    26.208    tcbn28hpcplusbwp30p140ssg0p81v125c       0 
CKAN2D2BWP30P140                 2     1.260    tcbn28hpcplusbwp30p140ssg0p81v125c       0 
CKAN2D4BWP30P140                 1     0.882    tcbn28hpcplusbwp30p140ssg0p81v125c       0 
CKAN2D8BWP30P140                 4     5.544    tcbn28hpcplusbwp30p140ssg0p81v125c       0 
CKLNQD1BWP30P140                 2     3.780    tcbn28hpcplusbwp30p140ssg0p81v125c       0 
CKND1BWP30P140                 600   151.200    tcbn28hpcplusbwp30p140ssg0p81v125c       0 
CKND2BWP30P140                  20     7.560    tcbn28hpcplusbwp30p140ssg0p81v125c       0 
CKND2D1BWP30P140               111    41.958    tcbn28hpcplusbwp30p140ssg0p81v125c       0 
CKND2D2BWP30P140                 4     2.520    tcbn28hpcplusbwp30p140ssg0p81v125c       0 
CKND2D3BWP30P140                 1     0.882    tcbn28hpcplusbwp30p140ssg0p81v125c       0 
CKND4BWP30P140                   8     5.040    tcbn28hpcplusbwp30p140ssg0p81v125c       0 
CKND6BWP30P140                   1     0.882    tcbn28hpcplusbwp30p140ssg0p81v125c       0 
DFCNQD1BWP30P140                31    70.308    tcbn28hpcplusbwp30p140ssg0p81v125c       0 
DFSNQD2BWP30P140                 1     2.268    tcbn28hpcplusbwp30p140ssg0p81v125c       0 
EDFCNQD1BWP30P140              316   915.768    tcbn28hpcplusbwp30p140ssg0p81v125c       0 
FA1D1BWP30P140                1508  3230.136    tcbn28hpcplusbwp30p140ssg0p81v125c       0 
FA1D4BWP30P140                   4    14.616    tcbn28hpcplusbwp30p140ssg0p81v125c       0 
FA1OPTCD1BWP30P140              12    30.240    tcbn28hpcplusbwp30p140ssg0p81v125c       0 
FA1OPTCD2BWP30P140               8    24.192    tcbn28hpcplusbwp30p140ssg0p81v125c       0 
HA1D1BWP30P140                  94   153.972    tcbn28hpcplusbwp30p140ssg0p81v125c       0 
IND2D1BWP30P140                 29    14.616    tcbn28hpcplusbwp30p140ssg0p81v125c       0 
IND4D1BWP30P140                  1     0.756    tcbn28hpcplusbwp30p140ssg0p81v125c       0 
INR2D1BWP30P140                112    56.448    tcbn28hpcplusbwp30p140ssg0p81v125c       0 
INR3D2BWP30P140                  4     4.032    tcbn28hpcplusbwp30p140ssg0p81v125c       0 
INR4D0BWP30P140                  1     0.756    tcbn28hpcplusbwp30p140ssg0p81v125c       0 
INVD0P7BWP30P140                 5     1.260    tcbn28hpcplusbwp30p140ssg0p81v125c       0 
INVD12BWP30P140                  1     1.638    tcbn28hpcplusbwp30p140ssg0p81v125c       0 
INVD3BWP30P140                  14     7.056    tcbn28hpcplusbwp30p140ssg0p81v125c       0 
INVD6BWP30P140                   6     5.292    tcbn28hpcplusbwp30p140ssg0p81v125c       0 
INVD8BWP30P140                   1     1.134    tcbn28hpcplusbwp30p140ssg0p81v125c       0 
IOA21D1BWP30P140                52    32.760    tcbn28hpcplusbwp30p140ssg0p81v125c       0 
IOA21D2BWP30P140                 4     3.528    tcbn28hpcplusbwp30p140ssg0p81v125c       0 
MAOI222D1BWP30P140              40    30.240    tcbn28hpcplusbwp30p140ssg0p81v125c       0 
MAOI222D2BWP30P140               4     6.552    tcbn28hpcplusbwp30p140ssg0p81v125c       0 
MOAI22D1BWP30P140               20    15.120    tcbn28hpcplusbwp30p140ssg0p81v125c       0 
MUX2D4BWP30P140                  4     7.056    tcbn28hpcplusbwp30p140ssg0p81v125c       0 
MUX2ND2BWP30P140                 1     1.260    tcbn28hpcplusbwp30p140ssg0p81v125c       0 
MUX2NOPTD2BWP30P140             11    15.246    tcbn28hpcplusbwp30p140ssg0p81v125c       0 
MUX2NOPTD4BWP30P140              4    10.080    tcbn28hpcplusbwp30p140ssg0p81v125c       0 
MUX2OPTD2BWP30P140               4     4.536    tcbn28hpcplusbwp30p140ssg0p81v125c       0 
MUX2OPTD4BWP30P140               3     6.804    tcbn28hpcplusbwp30p140ssg0p81v125c       0 
MUX2OPTD6BWP30P140               1     3.150    tcbn28hpcplusbwp30p140ssg0p81v125c       0 
ND2D1BWP30P140                 294   111.132    tcbn28hpcplusbwp30p140ssg0p81v125c       0 
ND2D2BWP30P140                  18    11.340    tcbn28hpcplusbwp30p140ssg0p81v125c       0 
ND2D3BWP30P140                   6     5.292    tcbn28hpcplusbwp30p140ssg0p81v125c       0 
ND2D4BWP30P140                   1     1.134    tcbn28hpcplusbwp30p140ssg0p81v125c       0 
ND2D6BWP30P140                   1     1.638    tcbn28hpcplusbwp30p140ssg0p81v125c       0 
ND2D8BWP30P140                   4     8.568    tcbn28hpcplusbwp30p140ssg0p81v125c       0 
ND2OPTD6BWP30P140                1     1.638    tcbn28hpcplusbwp30p140ssg0p81v125c       0 
ND2OPTIBD12BWP30P140             1     3.150    tcbn28hpcplusbwp30p140ssg0p81v125c       0 
ND2OPTIBD16BWP30P140             6    24.948    tcbn28hpcplusbwp30p140ssg0p81v125c       0 
ND2OPTIBD1BWP30P140             63    23.814    tcbn28hpcplusbwp30p140ssg0p81v125c       0 
ND2OPTIBD2BWP30P140              1     0.630    tcbn28hpcplusbwp30p140ssg0p81v125c       0 
ND2OPTIBD4BWP30P140              3     3.402    tcbn28hpcplusbwp30p140ssg0p81v125c       0 
ND2OPTIBD6BWP30P140              2     3.276    tcbn28hpcplusbwp30p140ssg0p81v125c       0 
ND2OPTPAD1BWP30P140              1     0.630    tcbn28hpcplusbwp30p140ssg0p81v125c       0 
ND2OPTPAD4BWP30P140              2     4.032    tcbn28hpcplusbwp30p140ssg0p81v125c       0 
ND2OPTPAD6BWP30P140              2     5.796    tcbn28hpcplusbwp30p140ssg0p81v125c       0 
ND2OPTPAD8BWP30P140              2     6.048    tcbn28hpcplusbwp30p140ssg0p81v125c       0 
ND3D1BWP30P140                  65    32.760    tcbn28hpcplusbwp30p140ssg0p81v125c       0 
NR2D1BWP30P140                  50    18.900    tcbn28hpcplusbwp30p140ssg0p81v125c       0 
NR2D2BWP30P140                   2     1.260    tcbn28hpcplusbwp30p140ssg0p81v125c       0 
NR2D3BWP30P140                   3     2.646    tcbn28hpcplusbwp30p140ssg0p81v125c       0 
NR2D4BWP30P140                   1     1.134    tcbn28hpcplusbwp30p140ssg0p81v125c       0 
NR2OPTIBD1BWP30P140             44    16.632    tcbn28hpcplusbwp30p140ssg0p81v125c       0 
NR2OPTPAD1BWP30P140              2     1.008    tcbn28hpcplusbwp30p140ssg0p81v125c       0 
NR3D0P7BWP30P140                 1     0.504    tcbn28hpcplusbwp30p140ssg0p81v125c       0 
NR4D0BWP30P140                   3     1.890    tcbn28hpcplusbwp30p140ssg0p81v125c       0 
OA21D1BWP30P140                  5     3.150    tcbn28hpcplusbwp30p140ssg0p81v125c       0 
OAI211D1BWP30P140                1     0.630    tcbn28hpcplusbwp30p140ssg0p81v125c       0 
OAI21D1BWP30P140                57    28.728    tcbn28hpcplusbwp30p140ssg0p81v125c       0 
OAI21OPTREPBD1BWP30P140          4     3.024    tcbn28hpcplusbwp30p140ssg0p81v125c       0 
OAI22D1BWP30P140               584   367.920    tcbn28hpcplusbwp30p140ssg0p81v125c       0 
OAI31D1BWP30P140                 4     2.520    tcbn28hpcplusbwp30p140ssg0p81v125c       0 
OAI32D1BWP30P140                 4     3.024    tcbn28hpcplusbwp30p140ssg0p81v125c       0 
OR2D16BWP30P140                  3    10.206    tcbn28hpcplusbwp30p140ssg0p81v125c       0 
OR2D1BWP30P140                   8     4.032    tcbn28hpcplusbwp30p140ssg0p81v125c       0 
OR2D2BWP30P140                  14     8.820    tcbn28hpcplusbwp30p140ssg0p81v125c       0 
OR2D4BWP30P140                  15    17.010    tcbn28hpcplusbwp30p140ssg0p81v125c       0 
OR2D6BWP30P140                   3     4.158    tcbn28hpcplusbwp30p140ssg0p81v125c       0 
OR2D8BWP30P140                   1     1.890    tcbn28hpcplusbwp30p140ssg0p81v125c       0 
OR3D1BWP30P140                   5     3.150    tcbn28hpcplusbwp30p140ssg0p81v125c       0 
OR4D1BWP30P140                   2     1.512    tcbn28hpcplusbwp30p140ssg0p81v125c       0 
SDFCNQARD1BWP30P140              4    11.592    tcbn28hpcplusbwp30p140ssg0p81v125c       0 
SDFSNQD2BWP30P140                1     2.898    tcbn28hpcplusbwp30p140ssg0p81v125c       0 
XNR2D1BWP30P140                  8     8.064    tcbn28hpcplusbwp30p140ssg0p81v125c       0 
XNR2D4BWP30P140                  1     2.016    tcbn28hpcplusbwp30p140ssg0p81v125c       0 
XNR2OPTND4BWP30P140              3     7.560    tcbn28hpcplusbwp30p140ssg0p81v125c       0 
XNR2OPTND6BWP30P140              4    14.616    tcbn28hpcplusbwp30p140ssg0p81v125c       0 
XNR2UD1BWP30P140               600   529.200    tcbn28hpcplusbwp30p140ssg0p81v125c       0 
XNR3UD1BWP30P140                30    52.920    tcbn28hpcplusbwp30p140ssg0p81v125c       0 
XOR2UD1BWP30P140               132   116.424    tcbn28hpcplusbwp30p140ssg0p81v125c       0 
XOR3D1BWP30P140                  3     5.670    tcbn28hpcplusbwp30p140ssg0p81v125c       0 
XOR3UD1BWP30P140                47    82.908    tcbn28hpcplusbwp30p140ssg0p81v125c       0 
-------------------------------------------------------------------------------------------
total                         5956  7128.198                                       


                                                       
            Type             Instances   Area   Area % 
-------------------------------------------------------
sequential                         353 1002.834   14.1 
inverter                           656  181.062    2.5 
clock_gating_integrated_cell         2    3.780    0.1 
logic                             4945 5940.522   83.3 
physical_cells                       0    0.000    0.0 
-------------------------------------------------------
total                             5956 7128.198  100.0 

