============================================================
  Generated by:           Genus(TM) Synthesis Solution 21.12-s068_1
  Generated on:           Jul 09 2025  10:00:00 pm
  Module:                 conv
  Library domain:         timing_cond_0p81v_125c
    Domain index:         0
    Technology library:   tcbn28hpcplusbwp30p140ssg0p81v125c 110
  Operating conditions:   ssg0p81v125c 
  Interconnect mode:      global
  Area mode:              physical library
============================================================

      Instance        Module   Cell Count  Cell Area  Net Area   Total Area 
----------------------------------------------------------------------------
conv                                 5956   7128.198  3065.972    10194.170 
  genblk1[0].multip Multip            663    675.486   273.104      948.590 
  genblk1[1].multip Multip_69         663    675.486   273.104      948.590 
  genblk1[2].multip Multip_68         663    673.974   273.104      947.078 
  genblk1[3].multip Multip_67         663    673.974   273.104      947.078 
  inv               Inverse           592   1021.860   252.458     1274.318 
    matrix_a0       MatrixA0          198    340.452    67.590      408.042 
      csa_p0        CSA_3_58           39     82.278    14.126       96.404 
        layer1      FA_63              20     42.462     0.000       42.462 
      csa_p1        CSA_2_45           20     41.958     4.793       46.751 
      csa_p2        CSA_3_57           39     82.278    14.126       96.404 
        layer1      FA_62              20     42.462     0.000       42.462 
      csa_p3        CSA_2_44           20     41.958     4.793       46.751 
    matrix_a1       MatrixA1          394    681.408   134.430      815.838 
      csa_p0        CSA_3              39     82.278    14.126       96.404 
        layer1      FA                 20     42.462     0.000       42.462 
      csa_p1        CSA_2_49           20     41.958     4.793       46.751 
      csa_p2        CSA_3_61           39     82.278    14.126       96.404 
        layer1      FA_66              20     42.462     0.000       42.462 
      csa_p3        CSA_2_48           20     41.958     4.793       46.751 
      csa_p4        CSA_3_60           39     82.278    14.126       96.404 
        layer1      FA_65              20     42.462     0.000       42.462 
      csa_p5        CSA_2_47           20     41.958     4.793       46.751 
      csa_p6        CSA_3_59           39     82.278    14.126       96.404 
        layer1      FA_64              20     42.462     0.000       42.462 
      csa_p7        CSA_2_46           20     41.958     4.793       46.751 
  trf               Transform         968   1402.128   366.443     1768.571 
    matrix_c0       MatrixC0          484    701.568   126.947      828.515 
      csa_p1        CSA_2              20     41.958     4.793       46.751 
      csa_p5        CSA_2_56           20     41.958     4.793       46.751 
      csa_p9        CSA_2_55           20     41.958     4.793       46.751 
      csa_p13       CSA_2_54           20     41.958     4.793       46.751 
    matrix_c1       MatrixC1          484    700.560   127.315      827.875 
      csa_p4        CSA_2_53           20     41.958     4.793       46.751 
      csa_p5        CSA_2_52           20     41.958     4.793       46.751 
      csa_p6        CSA_2_51           20     41.958     4.793       46.751 
      csa_p7        CSA_2_50           20     41.958     4.793       46.751 
