============================================================
  Generated by:           Genus(TM) Synthesis Solution 21.12-s068_1
  Generated on:           Jul 09 2025  10:00:00 pm
  Module:                 conv
  Operating conditions:   ssg0p81v125c 
  Interconnect mode:      global
  Area mode:              physical library
============================================================


Path 1: MET (0 ps) Setup Check with Pin registers_reg[10][19]/CP->D
           View: analysis_view_0p81v_125c_capwst_slowest
          Group: clk
     Startpoint: (F) weights[10][2]
          Clock: (R) clk
       Endpoint: (F) registers_reg[10][19]/D
          Clock: (R) clk

                     Capture       Launch     
        Clock Edge:+    2000            0     
        Drv Adjust:+       0            5     
       Src Latency:+       0            0     
       Net Latency:+       0 (I)        0 (I) 
           Arrival:=    2000            5     
                                              
             Setup:-      38                  
     Required Time:=    1962                  
      Launch Clock:-       5                  
       Input Delay:-    1000                  
         Data Path:-     956                  
             Slack:=       0                  

Exceptions/Constraints:
  input_delay             1000            constraints.sdc_line_24_539_1 

#------------------------------------------------------------------------------------------------------------------------------
#                Timing Point                 Flags    Arc   Edge        Cell         Fanout Load Trans Delay Arrival Instance 
#                                                                                            (fF)  (ps)  (ps)   (ps)  Location 
#------------------------------------------------------------------------------------------------------------------------------
  weights[10][2]                              -       -      F     (arrival)               1  1.8    12     0    1005    (-,-) 
  g16749/ZN                                   -       B1->ZN R     AOI22D2BWP30P140        1  3.6    55    27    1032    (-,-) 
  g16512/ZN                                   -       A1->ZN F     ND2D6BWP30P140          4  6.5    27    21    1053    (-,-) 
  genblk1[2].multip/mul_16_61_g5020/ZN        -       I->ZN  R     CKND2BWP30P140          2  3.8    17    18    1071    (-,-) 
  genblk1[2].multip/mul_16_61_g4915/Z         -       I1->Z  R     MUX2OPTD4BWP30P140     20 21.4    33    43    1114    (-,-) 
  genblk1[2].multip/mul_16_61_g4813/ZN        -       A1->ZN F     ND2D8BWP30P140         20 17.7    33    26    1140    (-,-) 
  genblk1[2].multip/mul_16_61_g4738/ZN        -       A1->ZN R     OAI22D1BWP30P140        1  2.9    49    33    1172    (-,-) 
  genblk1[2].multip/mul_16_61_cdnfadd_006_0/S -       CI->S  F     FA1D4BWP30P140          1  2.5    20    75    1248    (-,-) 
  genblk1[2].multip/mul_16_61_cdnfadd_006_1/S -       CI->S  R     FA1OPTCD1BWP30P140      2  2.1    27    62    1310    (-,-) 
  genblk1[2].multip/mul_16_61_g4574/ZN        -       B1->ZN F     IND2D1BWP30P140         1  1.9    28    23    1333    (-,-) 
  genblk1[2].multip/mul_16_61_g4572/ZN        -       C->ZN  R     MAOI222D2BWP30P140      1  1.8    35    34    1367    (-,-) 
  genblk1[2].multip/mul_16_61_g4571/ZN        -       B->ZN  F     AOI21D2BWP30P140        1  1.7    23    16    1383    (-,-) 
  genblk1[2].multip/mul_16_61_g4570/ZN        -       B->ZN  R     IOA21D2BWP30P140        1  2.6    16    14    1398    (-,-) 
  genblk1[2].multip/mul_16_61_g4569/CO        -       CI->CO R     FA1OPTCD1BWP30P140      1  2.6    24    32    1430    (-,-) 
  genblk1[2].multip/mul_16_61_g4568/CO        -       CI->CO R     FA1OPTCD2BWP30P140      1  2.6    18    28    1459    (-,-) 
  genblk1[2].multip/mul_16_61_g4561/CO        -       CI->CO R     FA1OPTCD2BWP30P140      1  2.1    17    26    1485    (-,-) 
  genblk1[2].multip/mul_16_61_g4550/CO        -       CI->CO R     FA1D1BWP30P140          1  2.1    21    38    1522    (-,-) 
  genblk1[2].multip/mul_16_61_g4547/CO        -       CI->CO R     FA1D1BWP30P140          1  2.1    21    38    1561    (-,-) 
  genblk1[2].multip/mul_16_61_g4518/CO        -       CI->CO R     FA1D1BWP30P140          1  2.1    21    38    1599    (-,-) 
  genblk1[2].multip/mul_16_61_g4511/CO        -       CI->CO R     FA1D1BWP30P140          1  2.1    21    38    1638    (-,-) 
  genblk1[2].multip/mul_16_61_g4510/CO        -       CI->CO R     FA1D1BWP30P140          3  3.6    28    44    1681    (-,-) 
  genblk1[2].multip/mul_16_61_g4509/ZN        -       A1->ZN F     ND3D1BWP30P140          2  2.5    50    36    1717    (-,-) 
  genblk1[2].multip/mul_16_61_g4507/ZN        -       B2->ZN R     INR3D2BWP30P140         2  2.4    33    30    1747    (-,-) 
  genblk1[2].multip/mul_16_61_g4501/ZN        -       A1->ZN F     AOI221D2BWP30P140       3  3.5    37    25    1772    (-,-) 
  genblk1[2].multip/mul_16_61_g4494/ZN        -       A3->ZN R     OAI31D1BWP30P140        1  2.1    46    37    1809    (-,-) 
  genblk1[2].multip/mul_16_61_g4487/CO        -       CI->CO R     FA1D1BWP30P140          1  1.4    18    41    1850    (-,-) 
  genblk1[2].multip/mul_16_61_g4486/Z         -       A3->Z  F     XOR3D1BWP30P140         4  3.9    27    49    1899    (-,-) 
  g20747/ZN                                   -       A1->ZN R     AOI222D1BWP30P140       1  1.3    72    38    1937    (-,-) 
  g20234/ZN                                   -       A1->ZN F     ND2D1BWP30P140          1  1.3    32    25    1961    (-,-) 
  registers_reg[10][19]/D                     <<<     -      F     EDFCNQD1BWP30P140       1    -     -     0    1962    (-,-) 
#------------------------------------------------------------------------------------------------------------------------------


