============================================================
  Generated by:           Genus(TM) Synthesis Solution 21.12-s068_1
  Generated on:           Sep 12 2026  09:36:06 am
  Module:                 Conv
  Operating conditions:   ssg0p81v125c 
  Interconnect mode:      global
  Area mode:              physical library
============================================================


Path 1: MET (0 ps) Setup Check with Pin r_output_write_reg[1][18]/CP->D
           View: analysis_view_0p81v_125c_capwst_slowest
          Group: clk
     Startpoint: (R) r_input_feat_reg[6][1]/CP
          Clock: (R) clk
       Endpoint: (R) r_output_write_reg[1][18]/D
          Clock: (R) clk

                     Capture       Launch     
        Clock Edge:+    2000            0     
       Src Latency:+       0            0     
       Net Latency:+       0 (I)        0 (I) 
           Arrival:=    2000            0     
                                              
             Setup:-      25                  
     Required Time:=    1975                  
      Launch Clock:-       0                  
         Data Path:-    1975                  
             Slack:=       0                  

#-----------------------------------------------------------------------------------------------------------------------------------------------------
#                         Timing Point                          Flags    Arc   Edge          Cell            Fanout Load Trans Delay Arrival Instance 
#                                                                                                                   (fF)  (ps)  (ps)   (ps)  Location 
#-----------------------------------------------------------------------------------------------------------------------------------------------------
  r_input_feat_reg[6][1]/CP                                     -       -      R     (arrival)                   20    -     0     0       0    (-,-) 
  r_input_feat_reg[6][1]/Q                                      -       CP->Q  F     DFCNQD1BWP30P140             7  6.7    39    77      77    (-,-) 
  trf/matrix_c0/sub_138_25_g1367/ZN                             -       B1->ZN R     INR2D1BWP30P140              2  2.1    31    29     106    (-,-) 
  trf/matrix_c0/sub_138_25_g1344/ZN                             -       I->ZN  F     CKND1BWP30P140               1  1.8    19    17     123    (-,-) 
  trf/matrix_c0/sub_138_25_g1305/ZN                             -       A2->ZN R     AOI21OPTREPBD1BWP30P140      2  2.7    32    28     151    (-,-) 
  trf/matrix_c0/sub_138_25_g1304/ZN                             -       I->ZN  F     CKND1BWP30P140               1  1.7    19    17     168    (-,-) 
  trf/matrix_c0/sub_138_25_g1302/ZN                             -       A1->ZN R     AOI21D2BWP30P140             2  2.7    27    20     188    (-,-) 
  trf/matrix_c0/sub_138_25_g1300/ZN                             -       A1->ZN F     OAI21D1BWP30P140             2  2.9    44    32     220    (-,-) 
  trf/matrix_c0/sub_138_25_g1297/ZN                             -       A1->ZN R     AOI21OPTREPBD1BWP30P140      2  2.6    31    30     250    (-,-) 
  trf/matrix_c0/g1411/ZN                                        -       A1->ZN R     IAO21D0BWP30P140             2  2.7    58    52     301    (-,-) 
  trf/matrix_c0/sub_138_25_g1293/ZN                             -       I->ZN  F     CKND1BWP30P140               1  1.7    25    20     321    (-,-) 
  trf/matrix_c0/sub_138_25_g1291/ZN                             -       A1->ZN R     AOI21D2BWP30P140             2  2.7    28    22     343    (-,-) 
  trf/matrix_c0/g1410/ZN                                        -       A1->ZN R     IAO21D2BWP30P140             2  2.7    21    32     375    (-,-) 
  trf/matrix_c0/g1409/ZN                                        -       A1->ZN R     IAO21D2BWP30P140             2  2.7    21    30     405    (-,-) 
  trf/matrix_c0/sub_138_25_g1284/ZN                             -       A1->ZN R     XNR2UD1BWP30P140             5  4.7    83    44     449    (-,-) 
  trf/matrix_c1/sub_176_27_g1420/ZN                             -       A1->ZN R     IND2D1BWP30P140              2  2.2    22    32     481    (-,-) 
  trf/matrix_c1/sub_176_27_g1372/ZN                             -       A1->ZN R     INR2D1BWP30P140              1  1.4    22    30     510    (-,-) 
  trf/matrix_c1/sub_176_27_g1351/ZN                             -       A2->ZN R     XNR2UD1BWP30P140             1  1.3    37    39     550    (-,-) 
  g26925/Z                                                      -       I0->Z  R     MUX2D2BWP30P140             10 15.1    46    57     607    (-,-) 
  multip6/mul_14_62_g7502/Z                                     -       A1->Z  R     XOR2UD1BWP30P140             2  2.1    45    30     637    (-,-) 
  multip6/mul_14_62_g7217/ZN                                    -       A1->ZN F     MAOI22D1BWP30P140            2  2.8    40    32     669    (-,-) 
  multip6/g7617/ZN                                              -       A1->ZN F     XNR3UD1BWP30P140             1  2.1    40    75     745    (-,-) 
  multip6/mul_14_62_g7082/S                                     -       CI->S  F     FA1D1BWP30P140               1  2.6    28    72     817    (-,-) 
  multip6/mul_14_62_g7041/CO                                    -       B->CO  F     FA1D1BWP30P140               1  2.1    21    53     870    (-,-) 
  multip6/mul_14_62_g7030/CO                                    -       CI->CO F     FA1D1BWP30P140               1  2.1    21    43     913    (-,-) 
  multip6/mul_14_62_g7021/CO                                    -       CI->CO F     FA1D1BWP30P140               1  2.1    21    43     956    (-,-) 
  multip6/mul_14_62_g7016/CO                                    -       CI->CO F     FA1D1BWP30P140               1  2.1    21    43     999    (-,-) 
  multip6/mul_14_62_g7011/S                                     -       CI->S  R     FA1D1BWP30P140               2  3.5    34    80    1079    (-,-) 
  inverse_row_lane1/csa_tree_SUB_TC_OP_groupi_g2273/ZN          -       I->ZN  F     CKND1BWP30P140               1  2.6    24    21    1100    (-,-) 
  inverse_row_lane1/csa_tree_SUB_TC_OP_groupi_g2266__5526/S     -       B->S   R     FA1D1BWP30P140               1  2.6    30    88    1188    (-,-) 
  inverse_row_lane1/csa_tree_SUB_TC_OP_groupi_g2248__1881/S     -       B->S   F     FA1D1BWP30P140               2  3.3    31    75    1263    (-,-) 
  inverse_row_acc_second/add_80_116_Y_add_73_109_g1156__4733/CO -       B->CO  F     FA1D1BWP30P140               1  2.1    22    54    1316    (-,-) 
  inverse_row_acc_second/add_80_116_Y_add_73_109_g1155__7482/CO -       CI->CO F     FA1D1BWP30P140               1  2.1    22    44    1360    (-,-) 
  inverse_row_acc_second/add_80_116_Y_add_73_109_g1154__5115/CO -       CI->CO F     FA1D1BWP30P140               1  2.1    22    44    1404    (-,-) 
  inverse_row_acc_second/add_80_116_Y_add_73_109_g1153__1881/CO -       CI->CO F     FA1D1BWP30P140               1  2.1    22    44    1447    (-,-) 
  inverse_row_acc_second/add_80_116_Y_add_73_109_g1152__6131/CO -       CI->CO F     FA1D1BWP30P140               1  2.1    22    44    1490    (-,-) 
  inverse_row_acc_second/add_80_116_Y_add_73_109_g1151__7098/CO -       CI->CO F     FA1D1BWP30P140               1  2.1    22    44    1534    (-,-) 
  inverse_row_acc_second/add_80_116_Y_add_73_109_g1150__8246/CO -       CI->CO F     FA1D1BWP30P140               1  2.1    22    44    1578    (-,-) 
  inverse_row_acc_second/add_80_116_Y_add_73_109_g1149__5122/CO -       CI->CO F     FA1D1BWP30P140               1  2.1    22    44    1621    (-,-) 
  inverse_row_acc_second/add_80_116_Y_add_73_109_g1148__1705/CO -       CI->CO F     FA1D1BWP30P140               1  2.1    22    44    1664    (-,-) 
  inverse_row_acc_second/add_80_116_Y_add_73_109_g1147__2802/CO -       CI->CO F     FA1D1BWP30P140               1  2.1    22    44    1708    (-,-) 
  inverse_row_acc_second/add_80_116_Y_add_73_109_g1146__1617/CO -       CI->CO F     FA1D1BWP30P140               1  2.1    22    44    1752    (-,-) 
  inverse_row_acc_second/add_80_116_Y_add_73_109_g1145__3680/CO -       CI->CO F     FA1D1BWP30P140               1  2.1    22    44    1795    (-,-) 
  inverse_row_acc_second/add_80_116_Y_add_73_109_g1144__6783/CO -       CI->CO F     FA1D1BWP30P140               1  2.1    22    44    1838    (-,-) 
  inverse_row_acc_second/add_80_116_Y_add_73_109_g1143__5526/S  -       CI->S  R     FA1D1BWP30P140               2  1.9    26    74    1912    (-,-) 
  inverse_row_acc_second/g1570__2883/Z                          -       I0->Z  R     CKMUX2D0BWP30P140            1  1.2    34    36    1949    (-,-) 
  g28086/Z                                                      -       A1->Z  R     CKAN2D1BWP30P140             1  1.3    20    26    1975    (-,-) 
  r_output_write_reg[1][18]/D                                   <<<     -      R     DFCNQD1BWP30P140             1    -     -     0    1975    (-,-) 
#-----------------------------------------------------------------------------------------------------------------------------------------------------


