Copyright 1986-2022 Xilinx, Inc. All Rights Reserved. Copyright 2022-2023 Advanced Micro Devices, Inc. All Rights Reserved.
------------------------------------------------------------------------------------------------------------------------------------------------
| Tool Version : Vivado v.2023.2 (lin64) Build 4029153 Fri Oct 13 20:13:54 MDT 2023
| Date         : Fri Oct  2 15:31:59 2026
| Host         : paxos.inf.pucrs.br running 64-bit Rocky Linux release 8.10 (Green Obsidian)
| Command      : report_utilization -hierarchical -file /sim/tarsio/reports-wpn16-enable-repl-ab-7bf9f21b/baseline/utilization_hierarchical.rpt
| Design       : WPN16PipeReplicaTop
| Device       : xczu7ev-ffvc1156-2-e
| Speed File   : -2
| Design State : Routed
------------------------------------------------------------------------------------------------------------------------------------------------

Utilization Design Information

Table of Contents
-----------------
1. Utilization by Hierarchy

1. Utilization by Hierarchy
---------------------------

+-----------------------------------------------------------------------+--------------------------------------------------+------------+------------+---------+------+-------+--------+--------+------+------------+
|                                Instance                               |                      Module                      | Total LUTs | Logic LUTs | LUTRAMs | SRLs |  FFs  | RAMB36 | RAMB18 | URAM | DSP Blocks |
+-----------------------------------------------------------------------+--------------------------------------------------+------------+------------+---------+------+-------+--------+--------+------+------------+
| WPN16PipeReplicaTop                                                   |                                            (top) |     180060 |     180060 |       0 |    0 | 99813 |      0 |      0 |    0 |        256 |
|   (WPN16PipeReplicaTop)                                               |                                            (top) |          0 |          0 |       0 |    0 |   128 |      0 |      0 |    0 |          0 |
|   CORES[0].core_inst                                                  |                                             Conv |       5624 |       5624 |       0 |    0 |  3085 |      0 |      0 |    0 |          8 |
|     (CORES[0].core_inst)                                              |                                             Conv |       4417 |       4417 |       0 |    0 |  3069 |      0 |      0 |    0 |          0 |
|     MAC_LANES[0].multip                                               |                                       Multip_398 |          3 |          3 |       0 |    0 |     0 |      0 |      0 |    0 |          1 |
|     MAC_LANES[1].multip                                               |                                       Multip_399 |          2 |          2 |       0 |    0 |     0 |      0 |      0 |    0 |          1 |
|     MAC_LANES[2].multip                                               |                                       Multip_400 |         26 |         26 |       0 |    0 |     2 |      0 |      0 |    0 |          1 |
|     MAC_LANES[3].multip                                               |                                       Multip_401 |          0 |          0 |       0 |    0 |     0 |      0 |      0 |    0 |          1 |
|     MAC_LANES[4].multip                                               |                                       Multip_402 |        196 |        196 |       0 |    0 |    14 |      0 |      0 |    0 |          1 |
|     MAC_LANES[5].multip                                               |                                       Multip_403 |        329 |        329 |       0 |    0 |     0 |      0 |      0 |    0 |          1 |
|     MAC_LANES[6].multip                                               |                                       Multip_404 |          2 |          2 |       0 |    0 |     0 |      0 |      0 |    0 |          1 |
|     MAC_LANES[7].multip                                               |                                       Multip_405 |        158 |        158 |       0 |    0 |     0 |      0 |      0 |    0 |          1 |
|     WEIGHT_TRANSFORM_PIPELINE.WEIGHT_TRANSFORM_ROWS[1].weight_trf_row | WeightTransformAxis1RowConst__parameterized0_406 |        166 |        166 |       0 |    0 |     0 |      0 |      0 |    0 |          0 |
|     WEIGHT_TRANSFORM_PIPELINE.WEIGHT_TRANSFORM_ROWS[2].weight_trf_row | WeightTransformAxis1RowConst__parameterized1_407 |        242 |        242 |       0 |    0 |     0 |      0 |      0 |    0 |          0 |
|     WEIGHT_TRANSFORM_PIPELINE.WEIGHT_TRANSFORM_ROWS[4].weight_trf_row | WeightTransformAxis1RowConst__parameterized3_408 |         32 |         32 |       0 |    0 |     0 |      0 |      0 |    0 |          0 |
|     WEIGHT_TRANSFORM_PIPELINE.WEIGHT_TRANSFORM_ROWS[5].weight_trf_row | WeightTransformAxis1RowConst__parameterized4_409 |         84 |         84 |       0 |    0 |     0 |      0 |      0 |    0 |          0 |
|   CORES[10].core_inst                                                 |                                           Conv_0 |       5646 |       5646 |       0 |    0 |  3159 |      0 |      0 |    0 |          8 |
|     (CORES[10].core_inst)                                             |                                           Conv_0 |       4430 |       4430 |       0 |    0 |  3079 |      0 |      0 |    0 |          0 |
|     MAC_LANES[0].multip                                               |                                       Multip_386 |          3 |          3 |       0 |    0 |     6 |      0 |      0 |    0 |          1 |
|     MAC_LANES[1].multip                                               |                                       Multip_387 |          2 |          2 |       0 |    0 |     0 |      0 |      0 |    0 |          1 |
|     MAC_LANES[2].multip                                               |                                       Multip_388 |         26 |         26 |       0 |    0 |    18 |      0 |      0 |    0 |          1 |
|     MAC_LANES[3].multip                                               |                                       Multip_389 |          0 |          0 |       0 |    0 |     0 |      0 |      0 |    0 |          1 |
|     MAC_LANES[4].multip                                               |                                       Multip_390 |        197 |        197 |       0 |    0 |    56 |      0 |      0 |    0 |          1 |
|     MAC_LANES[5].multip                                               |                                       Multip_391 |        330 |        330 |       0 |    0 |     0 |      0 |      0 |    0 |          1 |
|     MAC_LANES[6].multip                                               |                                       Multip_392 |          2 |          2 |       0 |    0 |     0 |      0 |      0 |    0 |          1 |
|     MAC_LANES[7].multip                                               |                                       Multip_393 |        158 |        158 |       0 |    0 |     0 |      0 |      0 |    0 |          1 |
|     WEIGHT_TRANSFORM_PIPELINE.WEIGHT_TRANSFORM_ROWS[1].weight_trf_row | WeightTransformAxis1RowConst__parameterized0_394 |        166 |        166 |       0 |    0 |     0 |      0 |      0 |    0 |          0 |
|     WEIGHT_TRANSFORM_PIPELINE.WEIGHT_TRANSFORM_ROWS[2].weight_trf_row | WeightTransformAxis1RowConst__parameterized1_395 |        242 |        242 |       0 |    0 |     0 |      0 |      0 |    0 |          0 |
|     WEIGHT_TRANSFORM_PIPELINE.WEIGHT_TRANSFORM_ROWS[4].weight_trf_row | WeightTransformAxis1RowConst__parameterized3_396 |         32 |         32 |       0 |    0 |     0 |      0 |      0 |    0 |          0 |
|     WEIGHT_TRANSFORM_PIPELINE.WEIGHT_TRANSFORM_ROWS[5].weight_trf_row | WeightTransformAxis1RowConst__parameterized4_397 |         84 |         84 |       0 |    0 |     0 |      0 |      0 |    0 |          0 |
|   CORES[11].core_inst                                                 |                                           Conv_1 |       5624 |       5624 |       0 |    0 |  3101 |      0 |      0 |    0 |          8 |
|     (CORES[11].core_inst)                                             |                                           Conv_1 |       4416 |       4416 |       0 |    0 |  3069 |      0 |      0 |    0 |          0 |
|     MAC_LANES[0].multip                                               |                                       Multip_374 |          3 |          3 |       0 |    0 |     0 |      0 |      0 |    0 |          1 |
|     MAC_LANES[1].multip                                               |                                       Multip_375 |          2 |          2 |       0 |    0 |     0 |      0 |      0 |    0 |          1 |
|     MAC_LANES[2].multip                                               |                                       Multip_376 |         26 |         26 |       0 |    0 |    18 |      0 |      0 |    0 |          1 |
|     MAC_LANES[3].multip                                               |                                       Multip_377 |          0 |          0 |       0 |    0 |     0 |      0 |      0 |    0 |          1 |
|     MAC_LANES[4].multip                                               |                                       Multip_378 |        197 |        197 |       0 |    0 |    14 |      0 |      0 |    0 |          1 |
|     MAC_LANES[5].multip                                               |                                       Multip_379 |        329 |        329 |       0 |    0 |     0 |      0 |      0 |    0 |          1 |
|     MAC_LANES[6].multip                                               |                                       Multip_380 |          2 |          2 |       0 |    0 |     0 |      0 |      0 |    0 |          1 |
|     MAC_LANES[7].multip                                               |                                       Multip_381 |        158 |        158 |       0 |    0 |     0 |      0 |      0 |    0 |          1 |
|     WEIGHT_TRANSFORM_PIPELINE.WEIGHT_TRANSFORM_ROWS[1].weight_trf_row | WeightTransformAxis1RowConst__parameterized0_382 |        166 |        166 |       0 |    0 |     0 |      0 |      0 |    0 |          0 |
|     WEIGHT_TRANSFORM_PIPELINE.WEIGHT_TRANSFORM_ROWS[2].weight_trf_row | WeightTransformAxis1RowConst__parameterized1_383 |        242 |        242 |       0 |    0 |     0 |      0 |      0 |    0 |          0 |
|     WEIGHT_TRANSFORM_PIPELINE.WEIGHT_TRANSFORM_ROWS[4].weight_trf_row | WeightTransformAxis1RowConst__parameterized3_384 |         32 |         32 |       0 |    0 |     0 |      0 |      0 |    0 |          0 |
|     WEIGHT_TRANSFORM_PIPELINE.WEIGHT_TRANSFORM_ROWS[5].weight_trf_row | WeightTransformAxis1RowConst__parameterized4_385 |         84 |         84 |       0 |    0 |     0 |      0 |      0 |    0 |          0 |
|   CORES[12].core_inst                                                 |                                           Conv_2 |       5637 |       5637 |       0 |    0 |  3133 |      0 |      0 |    0 |          8 |
|     (CORES[12].core_inst)                                             |                                           Conv_2 |       4418 |       4418 |       0 |    0 |  3069 |      0 |      0 |    0 |          0 |
|     MAC_LANES[0].multip                                               |                                       Multip_362 |          3 |          3 |       0 |    0 |     6 |      0 |      0 |    0 |          1 |
|     MAC_LANES[1].multip                                               |                                       Multip_363 |          2 |          2 |       0 |    0 |     0 |      0 |      0 |    0 |          1 |
|     MAC_LANES[2].multip                                               |                                       Multip_364 |         26 |         26 |       0 |    0 |     2 |      0 |      0 |    0 |          1 |
|     MAC_LANES[3].multip                                               |                                       Multip_365 |          0 |          0 |       0 |    0 |     0 |      0 |      0 |    0 |          1 |
|     MAC_LANES[4].multip                                               |                                       Multip_366 |        197 |        197 |       0 |    0 |    56 |      0 |      0 |    0 |          1 |
|     MAC_LANES[5].multip                                               |                                       Multip_367 |        330 |        330 |       0 |    0 |     0 |      0 |      0 |    0 |          1 |
|     MAC_LANES[6].multip                                               |                                       Multip_368 |          2 |          2 |       0 |    0 |     0 |      0 |      0 |    0 |          1 |
|     MAC_LANES[7].multip                                               |                                       Multip_369 |        158 |        158 |       0 |    0 |     0 |      0 |      0 |    0 |          1 |
|     WEIGHT_TRANSFORM_PIPELINE.WEIGHT_TRANSFORM_ROWS[1].weight_trf_row | WeightTransformAxis1RowConst__parameterized0_370 |        166 |        166 |       0 |    0 |     0 |      0 |      0 |    0 |          0 |
|     WEIGHT_TRANSFORM_PIPELINE.WEIGHT_TRANSFORM_ROWS[2].weight_trf_row | WeightTransformAxis1RowConst__parameterized1_371 |        242 |        242 |       0 |    0 |     0 |      0 |      0 |    0 |          0 |
|     WEIGHT_TRANSFORM_PIPELINE.WEIGHT_TRANSFORM_ROWS[4].weight_trf_row | WeightTransformAxis1RowConst__parameterized3_372 |         32 |         32 |       0 |    0 |     0 |      0 |      0 |    0 |          0 |
|     WEIGHT_TRANSFORM_PIPELINE.WEIGHT_TRANSFORM_ROWS[5].weight_trf_row | WeightTransformAxis1RowConst__parameterized4_373 |         84 |         84 |       0 |    0 |     0 |      0 |      0 |    0 |          0 |
|   CORES[13].core_inst                                                 |                                           Conv_3 |       5622 |       5622 |       0 |    0 |  3085 |      0 |      0 |    0 |          8 |
|     (CORES[13].core_inst)                                             |                                           Conv_3 |       4414 |       4414 |       0 |    0 |  3069 |      0 |      0 |    0 |          0 |
|     MAC_LANES[0].multip                                               |                                       Multip_350 |          3 |          3 |       0 |    0 |     0 |      0 |      0 |    0 |          1 |
|     MAC_LANES[1].multip                                               |                                       Multip_351 |          2 |          2 |       0 |    0 |     0 |      0 |      0 |    0 |          1 |
|     MAC_LANES[2].multip                                               |                                       Multip_352 |         26 |         26 |       0 |    0 |     2 |      0 |      0 |    0 |          1 |
|     MAC_LANES[3].multip                                               |                                       Multip_353 |          0 |          0 |       0 |    0 |     0 |      0 |      0 |    0 |          1 |
|     MAC_LANES[4].multip                                               |                                       Multip_354 |        195 |        195 |       0 |    0 |    14 |      0 |      0 |    0 |          1 |
|     MAC_LANES[5].multip                                               |                                       Multip_355 |        329 |        329 |       0 |    0 |     0 |      0 |      0 |    0 |          1 |
|     MAC_LANES[6].multip                                               |                                       Multip_356 |          2 |          2 |       0 |    0 |     0 |      0 |      0 |    0 |          1 |
|     MAC_LANES[7].multip                                               |                                       Multip_357 |        158 |        158 |       0 |    0 |     0 |      0 |      0 |    0 |          1 |
|     WEIGHT_TRANSFORM_PIPELINE.WEIGHT_TRANSFORM_ROWS[1].weight_trf_row | WeightTransformAxis1RowConst__parameterized0_358 |        166 |        166 |       0 |    0 |     0 |      0 |      0 |    0 |          0 |
|     WEIGHT_TRANSFORM_PIPELINE.WEIGHT_TRANSFORM_ROWS[2].weight_trf_row | WeightTransformAxis1RowConst__parameterized1_359 |        242 |        242 |       0 |    0 |     0 |      0 |      0 |    0 |          0 |
|     WEIGHT_TRANSFORM_PIPELINE.WEIGHT_TRANSFORM_ROWS[4].weight_trf_row | WeightTransformAxis1RowConst__parameterized3_360 |         32 |         32 |       0 |    0 |     0 |      0 |      0 |    0 |          0 |
|     WEIGHT_TRANSFORM_PIPELINE.WEIGHT_TRANSFORM_ROWS[5].weight_trf_row | WeightTransformAxis1RowConst__parameterized4_361 |         84 |         84 |       0 |    0 |     0 |      0 |      0 |    0 |          0 |
|   CORES[14].core_inst                                                 |                                           Conv_4 |       5624 |       5624 |       0 |    0 |  3086 |      0 |      0 |    0 |          8 |
|     (CORES[14].core_inst)                                             |                                           Conv_4 |       4415 |       4415 |       0 |    0 |  3070 |      0 |      0 |    0 |          0 |
|     MAC_LANES[0].multip                                               |                                       Multip_338 |          3 |          3 |       0 |    0 |     0 |      0 |      0 |    0 |          1 |
|     MAC_LANES[1].multip                                               |                                       Multip_339 |          2 |          2 |       0 |    0 |     0 |      0 |      0 |    0 |          1 |
|     MAC_LANES[2].multip                                               |                                       Multip_340 |         26 |         26 |       0 |    0 |     2 |      0 |      0 |    0 |          1 |
|     MAC_LANES[3].multip                                               |                                       Multip_341 |          0 |          0 |       0 |    0 |     0 |      0 |      0 |    0 |          1 |
|     MAC_LANES[4].multip                                               |                                       Multip_342 |        196 |        196 |       0 |    0 |    14 |      0 |      0 |    0 |          1 |
|     MAC_LANES[5].multip                                               |                                       Multip_343 |        329 |        329 |       0 |    0 |     0 |      0 |      0 |    0 |          1 |
|     MAC_LANES[6].multip                                               |                                       Multip_344 |          2 |          2 |       0 |    0 |     0 |      0 |      0 |    0 |          1 |
|     MAC_LANES[7].multip                                               |                                       Multip_345 |        158 |        158 |       0 |    0 |     0 |      0 |      0 |    0 |          1 |
|     WEIGHT_TRANSFORM_PIPELINE.WEIGHT_TRANSFORM_ROWS[1].weight_trf_row | WeightTransformAxis1RowConst__parameterized0_346 |        166 |        166 |       0 |    0 |     0 |      0 |      0 |    0 |          0 |
|     WEIGHT_TRANSFORM_PIPELINE.WEIGHT_TRANSFORM_ROWS[2].weight_trf_row | WeightTransformAxis1RowConst__parameterized1_347 |        242 |        242 |       0 |    0 |     0 |      0 |      0 |    0 |          0 |
|     WEIGHT_TRANSFORM_PIPELINE.WEIGHT_TRANSFORM_ROWS[4].weight_trf_row | WeightTransformAxis1RowConst__parameterized3_348 |         32 |         32 |       0 |    0 |     0 |      0 |      0 |    0 |          0 |
|     WEIGHT_TRANSFORM_PIPELINE.WEIGHT_TRANSFORM_ROWS[5].weight_trf_row | WeightTransformAxis1RowConst__parameterized4_349 |         84 |         84 |       0 |    0 |     0 |      0 |      0 |    0 |          0 |
|   CORES[15].core_inst                                                 |                                           Conv_5 |       5623 |       5623 |       0 |    0 |  3128 |      0 |      0 |    0 |          8 |
|     (CORES[15].core_inst)                                             |                                           Conv_5 |       4414 |       4414 |       0 |    0 |  3080 |      0 |      0 |    0 |          0 |
|     MAC_LANES[0].multip                                               |                                       Multip_326 |          3 |          3 |       0 |    0 |     2 |      0 |      0 |    0 |          1 |
|     MAC_LANES[1].multip                                               |                                       Multip_327 |          2 |          2 |       0 |    0 |     0 |      0 |      0 |    0 |          1 |
|     MAC_LANES[2].multip                                               |                                       Multip_328 |         26 |         26 |       0 |    0 |    18 |      0 |      0 |    0 |          1 |
|     MAC_LANES[3].multip                                               |                                       Multip_329 |          0 |          0 |       0 |    0 |     0 |      0 |      0 |    0 |          1 |
|     MAC_LANES[4].multip                                               |                                       Multip_330 |        196 |        196 |       0 |    0 |    28 |      0 |      0 |    0 |          1 |
|     MAC_LANES[5].multip                                               |                                       Multip_331 |        329 |        329 |       0 |    0 |     0 |      0 |      0 |    0 |          1 |
|     MAC_LANES[6].multip                                               |                                       Multip_332 |          2 |          2 |       0 |    0 |     0 |      0 |      0 |    0 |          1 |
|     MAC_LANES[7].multip                                               |                                       Multip_333 |        158 |        158 |       0 |    0 |     0 |      0 |      0 |    0 |          1 |
|     WEIGHT_TRANSFORM_PIPELINE.WEIGHT_TRANSFORM_ROWS[1].weight_trf_row | WeightTransformAxis1RowConst__parameterized0_334 |        166 |        166 |       0 |    0 |     0 |      0 |      0 |    0 |          0 |
|     WEIGHT_TRANSFORM_PIPELINE.WEIGHT_TRANSFORM_ROWS[2].weight_trf_row | WeightTransformAxis1RowConst__parameterized1_335 |        242 |        242 |       0 |    0 |     0 |      0 |      0 |    0 |          0 |
|     WEIGHT_TRANSFORM_PIPELINE.WEIGHT_TRANSFORM_ROWS[4].weight_trf_row | WeightTransformAxis1RowConst__parameterized3_336 |         32 |         32 |       0 |    0 |     0 |      0 |      0 |    0 |          0 |
|     WEIGHT_TRANSFORM_PIPELINE.WEIGHT_TRANSFORM_ROWS[5].weight_trf_row | WeightTransformAxis1RowConst__parameterized4_337 |         84 |         84 |       0 |    0 |     0 |      0 |      0 |    0 |          0 |
|   CORES[16].core_inst                                                 |                                           Conv_6 |       5626 |       5626 |       0 |    0 |  3086 |      0 |      0 |    0 |          8 |
|     (CORES[16].core_inst)                                             |                                           Conv_6 |       4418 |       4418 |       0 |    0 |  3070 |      0 |      0 |    0 |          0 |
|     MAC_LANES[0].multip                                               |                                       Multip_314 |          3 |          3 |       0 |    0 |     0 |      0 |      0 |    0 |          1 |
|     MAC_LANES[1].multip                                               |                                       Multip_315 |          2 |          2 |       0 |    0 |     0 |      0 |      0 |    0 |          1 |
|     MAC_LANES[2].multip                                               |                                       Multip_316 |         26 |         26 |       0 |    0 |     2 |      0 |      0 |    0 |          1 |
|     MAC_LANES[3].multip                                               |                                       Multip_317 |          0 |          0 |       0 |    0 |     0 |      0 |      0 |    0 |          1 |
|     MAC_LANES[4].multip                                               |                                       Multip_318 |        195 |        195 |       0 |    0 |    14 |      0 |      0 |    0 |          1 |
|     MAC_LANES[5].multip                                               |                                       Multip_319 |        329 |        329 |       0 |    0 |     0 |      0 |      0 |    0 |          1 |
|     MAC_LANES[6].multip                                               |                                       Multip_320 |          2 |          2 |       0 |    0 |     0 |      0 |      0 |    0 |          1 |
|     MAC_LANES[7].multip                                               |                                       Multip_321 |        158 |        158 |       0 |    0 |     0 |      0 |      0 |    0 |          1 |
|     WEIGHT_TRANSFORM_PIPELINE.WEIGHT_TRANSFORM_ROWS[1].weight_trf_row | WeightTransformAxis1RowConst__parameterized0_322 |        166 |        166 |       0 |    0 |     0 |      0 |      0 |    0 |          0 |
|     WEIGHT_TRANSFORM_PIPELINE.WEIGHT_TRANSFORM_ROWS[2].weight_trf_row | WeightTransformAxis1RowConst__parameterized1_323 |        242 |        242 |       0 |    0 |     0 |      0 |      0 |    0 |          0 |
|     WEIGHT_TRANSFORM_PIPELINE.WEIGHT_TRANSFORM_ROWS[4].weight_trf_row | WeightTransformAxis1RowConst__parameterized3_324 |         32 |         32 |       0 |    0 |     0 |      0 |      0 |    0 |          0 |
|     WEIGHT_TRANSFORM_PIPELINE.WEIGHT_TRANSFORM_ROWS[5].weight_trf_row | WeightTransformAxis1RowConst__parameterized4_325 |         84 |         84 |       0 |    0 |     0 |      0 |      0 |    0 |          0 |
|   CORES[17].core_inst                                                 |                                           Conv_7 |       5629 |       5629 |       0 |    0 |  3134 |      0 |      0 |    0 |          8 |
|     (CORES[17].core_inst)                                             |                                           Conv_7 |       4419 |       4419 |       0 |    0 |  3070 |      0 |      0 |    0 |          0 |
|     MAC_LANES[0].multip                                               |                                       Multip_302 |          3 |          3 |       0 |    0 |     6 |      0 |      0 |    0 |          1 |
|     MAC_LANES[1].multip                                               |                                       Multip_303 |          2 |          2 |       0 |    0 |     0 |      0 |      0 |    0 |          1 |
|     MAC_LANES[2].multip                                               |                                       Multip_304 |         26 |         26 |       0 |    0 |     2 |      0 |      0 |    0 |          1 |
|     MAC_LANES[3].multip                                               |                                       Multip_305 |          0 |          0 |       0 |    0 |     0 |      0 |      0 |    0 |          1 |
|     MAC_LANES[4].multip                                               |                                       Multip_306 |        196 |        196 |       0 |    0 |    56 |      0 |      0 |    0 |          1 |
|     MAC_LANES[5].multip                                               |                                       Multip_307 |        330 |        330 |       0 |    0 |     0 |      0 |      0 |    0 |          1 |
|     MAC_LANES[6].multip                                               |                                       Multip_308 |          2 |          2 |       0 |    0 |     0 |      0 |      0 |    0 |          1 |
|     MAC_LANES[7].multip                                               |                                       Multip_309 |        159 |        159 |       0 |    0 |     0 |      0 |      0 |    0 |          1 |
|     WEIGHT_TRANSFORM_PIPELINE.WEIGHT_TRANSFORM_ROWS[1].weight_trf_row | WeightTransformAxis1RowConst__parameterized0_310 |        166 |        166 |       0 |    0 |     0 |      0 |      0 |    0 |          0 |
|     WEIGHT_TRANSFORM_PIPELINE.WEIGHT_TRANSFORM_ROWS[2].weight_trf_row | WeightTransformAxis1RowConst__parameterized1_311 |        242 |        242 |       0 |    0 |     0 |      0 |      0 |    0 |          0 |
|     WEIGHT_TRANSFORM_PIPELINE.WEIGHT_TRANSFORM_ROWS[4].weight_trf_row | WeightTransformAxis1RowConst__parameterized3_312 |         32 |         32 |       0 |    0 |     0 |      0 |      0 |    0 |          0 |
|     WEIGHT_TRANSFORM_PIPELINE.WEIGHT_TRANSFORM_ROWS[5].weight_trf_row | WeightTransformAxis1RowConst__parameterized4_313 |         84 |         84 |       0 |    0 |     0 |      0 |      0 |    0 |          0 |
|   CORES[18].core_inst                                                 |                                           Conv_8 |       5627 |       5627 |       0 |    0 |  3079 |      0 |      0 |    0 |          8 |
|     (CORES[18].core_inst)                                             |                                           Conv_8 |       4419 |       4419 |       0 |    0 |  3079 |      0 |      0 |    0 |          0 |
|     MAC_LANES[0].multip                                               |                                       Multip_290 |          3 |          3 |       0 |    0 |     0 |      0 |      0 |    0 |          1 |
|     MAC_LANES[1].multip                                               |                                       Multip_291 |          2 |          2 |       0 |    0 |     0 |      0 |      0 |    0 |          1 |
|     MAC_LANES[2].multip                                               |                                       Multip_292 |         26 |         26 |       0 |    0 |     0 |      0 |      0 |    0 |          1 |
|     MAC_LANES[3].multip                                               |                                       Multip_293 |          0 |          0 |       0 |    0 |     0 |      0 |      0 |    0 |          1 |
|     MAC_LANES[4].multip                                               |                                       Multip_294 |        195 |        195 |       0 |    0 |     0 |      0 |      0 |    0 |          1 |
|     MAC_LANES[5].multip                                               |                                       Multip_295 |        329 |        329 |       0 |    0 |     0 |      0 |      0 |    0 |          1 |
|     MAC_LANES[6].multip                                               |                                       Multip_296 |          2 |          2 |       0 |    0 |     0 |      0 |      0 |    0 |          1 |
|     MAC_LANES[7].multip                                               |                                       Multip_297 |        158 |        158 |       0 |    0 |     0 |      0 |      0 |    0 |          1 |
|     WEIGHT_TRANSFORM_PIPELINE.WEIGHT_TRANSFORM_ROWS[1].weight_trf_row | WeightTransformAxis1RowConst__parameterized0_298 |        166 |        166 |       0 |    0 |     0 |      0 |      0 |    0 |          0 |
|     WEIGHT_TRANSFORM_PIPELINE.WEIGHT_TRANSFORM_ROWS[2].weight_trf_row | WeightTransformAxis1RowConst__parameterized1_299 |        242 |        242 |       0 |    0 |     0 |      0 |      0 |    0 |          0 |
|     WEIGHT_TRANSFORM_PIPELINE.WEIGHT_TRANSFORM_ROWS[4].weight_trf_row | WeightTransformAxis1RowConst__parameterized3_300 |         32 |         32 |       0 |    0 |     0 |      0 |      0 |    0 |          0 |
|     WEIGHT_TRANSFORM_PIPELINE.WEIGHT_TRANSFORM_ROWS[5].weight_trf_row | WeightTransformAxis1RowConst__parameterized4_301 |         84 |         84 |       0 |    0 |     0 |      0 |      0 |    0 |          0 |
|   CORES[19].core_inst                                                 |                                           Conv_9 |       5626 |       5626 |       0 |    0 |  3117 |      0 |      0 |    0 |          8 |
|     (CORES[19].core_inst)                                             |                                           Conv_9 |       4418 |       4418 |       0 |    0 |  3069 |      0 |      0 |    0 |          0 |
|     MAC_LANES[0].multip                                               |                                       Multip_278 |          3 |          3 |       0 |    0 |     2 |      0 |      0 |    0 |          1 |
|     MAC_LANES[1].multip                                               |                                       Multip_279 |          2 |          2 |       0 |    0 |     0 |      0 |      0 |    0 |          1 |
|     MAC_LANES[2].multip                                               |                                       Multip_280 |         26 |         26 |       0 |    0 |    18 |      0 |      0 |    0 |          1 |
|     MAC_LANES[3].multip                                               |                                       Multip_281 |          0 |          0 |       0 |    0 |     0 |      0 |      0 |    0 |          1 |
|     MAC_LANES[4].multip                                               |                                       Multip_282 |        195 |        195 |       0 |    0 |    28 |      0 |      0 |    0 |          1 |
|     MAC_LANES[5].multip                                               |                                       Multip_283 |        329 |        329 |       0 |    0 |     0 |      0 |      0 |    0 |          1 |
|     MAC_LANES[6].multip                                               |                                       Multip_284 |          2 |          2 |       0 |    0 |     0 |      0 |      0 |    0 |          1 |
|     MAC_LANES[7].multip                                               |                                       Multip_285 |        158 |        158 |       0 |    0 |     0 |      0 |      0 |    0 |          1 |
|     WEIGHT_TRANSFORM_PIPELINE.WEIGHT_TRANSFORM_ROWS[1].weight_trf_row | WeightTransformAxis1RowConst__parameterized0_286 |        166 |        166 |       0 |    0 |     0 |      0 |      0 |    0 |          0 |
|     WEIGHT_TRANSFORM_PIPELINE.WEIGHT_TRANSFORM_ROWS[2].weight_trf_row | WeightTransformAxis1RowConst__parameterized1_287 |        242 |        242 |       0 |    0 |     0 |      0 |      0 |    0 |          0 |
|     WEIGHT_TRANSFORM_PIPELINE.WEIGHT_TRANSFORM_ROWS[4].weight_trf_row | WeightTransformAxis1RowConst__parameterized3_288 |         32 |         32 |       0 |    0 |     0 |      0 |      0 |    0 |          0 |
|     WEIGHT_TRANSFORM_PIPELINE.WEIGHT_TRANSFORM_ROWS[5].weight_trf_row | WeightTransformAxis1RowConst__parameterized4_289 |         84 |         84 |       0 |    0 |     0 |      0 |      0 |    0 |          0 |
|   CORES[1].core_inst                                                  |                                          Conv_10 |       5634 |       5634 |       0 |    0 |  3117 |      0 |      0 |    0 |          8 |
|     (CORES[1].core_inst)                                              |                                          Conv_10 |       4419 |       4419 |       0 |    0 |  3069 |      0 |      0 |    0 |          0 |
|     MAC_LANES[0].multip                                               |                                       Multip_266 |          3 |          3 |       0 |    0 |     0 |      0 |      0 |    0 |          1 |
|     MAC_LANES[1].multip                                               |                                       Multip_267 |          2 |          2 |       0 |    0 |     0 |      0 |      0 |    0 |          1 |
|     MAC_LANES[2].multip                                               |                                       Multip_268 |         26 |         26 |       0 |    0 |    18 |      0 |      0 |    0 |          1 |
|     MAC_LANES[3].multip                                               |                                       Multip_269 |          0 |          0 |       0 |    0 |     0 |      0 |      0 |    0 |          1 |
|     MAC_LANES[4].multip                                               |                                       Multip_270 |        196 |        196 |       0 |    0 |    14 |      0 |      0 |    0 |          1 |
|     MAC_LANES[5].multip                                               |                                       Multip_271 |        330 |        330 |       0 |    0 |    15 |      0 |      0 |    0 |          1 |
|     MAC_LANES[6].multip                                               |                                       Multip_272 |          2 |          2 |       0 |    0 |     1 |      0 |      0 |    0 |          1 |
|     MAC_LANES[7].multip                                               |                                       Multip_273 |        159 |        159 |       0 |    0 |     0 |      0 |      0 |    0 |          1 |
|     WEIGHT_TRANSFORM_PIPELINE.WEIGHT_TRANSFORM_ROWS[1].weight_trf_row | WeightTransformAxis1RowConst__parameterized0_274 |        166 |        166 |       0 |    0 |     0 |      0 |      0 |    0 |          0 |
|     WEIGHT_TRANSFORM_PIPELINE.WEIGHT_TRANSFORM_ROWS[2].weight_trf_row | WeightTransformAxis1RowConst__parameterized1_275 |        242 |        242 |       0 |    0 |     0 |      0 |      0 |    0 |          0 |
|     WEIGHT_TRANSFORM_PIPELINE.WEIGHT_TRANSFORM_ROWS[4].weight_trf_row | WeightTransformAxis1RowConst__parameterized3_276 |         32 |         32 |       0 |    0 |     0 |      0 |      0 |    0 |          0 |
|     WEIGHT_TRANSFORM_PIPELINE.WEIGHT_TRANSFORM_ROWS[5].weight_trf_row | WeightTransformAxis1RowConst__parameterized4_277 |         84 |         84 |       0 |    0 |     0 |      0 |      0 |    0 |          0 |
|   CORES[20].core_inst                                                 |                                          Conv_11 |       5630 |       5630 |       0 |    0 |  3069 |      0 |      0 |    0 |          8 |
|     (CORES[20].core_inst)                                             |                                          Conv_11 |       4421 |       4421 |       0 |    0 |  3069 |      0 |      0 |    0 |          0 |
|     MAC_LANES[0].multip                                               |                                       Multip_254 |          3 |          3 |       0 |    0 |     0 |      0 |      0 |    0 |          1 |
|     MAC_LANES[1].multip                                               |                                       Multip_255 |          2 |          2 |       0 |    0 |     0 |      0 |      0 |    0 |          1 |
|     MAC_LANES[2].multip                                               |                                       Multip_256 |         26 |         26 |       0 |    0 |     0 |      0 |      0 |    0 |          1 |
|     MAC_LANES[3].multip                                               |                                       Multip_257 |          0 |          0 |       0 |    0 |     0 |      0 |      0 |    0 |          1 |
|     MAC_LANES[4].multip                                               |                                       Multip_258 |        196 |        196 |       0 |    0 |     0 |      0 |      0 |    0 |          1 |
|     MAC_LANES[5].multip                                               |                                       Multip_259 |        329 |        329 |       0 |    0 |     0 |      0 |      0 |    0 |          1 |
|     MAC_LANES[6].multip                                               |                                       Multip_260 |          2 |          2 |       0 |    0 |     0 |      0 |      0 |    0 |          1 |
|     MAC_LANES[7].multip                                               |                                       Multip_261 |        158 |        158 |       0 |    0 |     0 |      0 |      0 |    0 |          1 |
|     WEIGHT_TRANSFORM_PIPELINE.WEIGHT_TRANSFORM_ROWS[1].weight_trf_row | WeightTransformAxis1RowConst__parameterized0_262 |        166 |        166 |       0 |    0 |     0 |      0 |      0 |    0 |          0 |
|     WEIGHT_TRANSFORM_PIPELINE.WEIGHT_TRANSFORM_ROWS[2].weight_trf_row | WeightTransformAxis1RowConst__parameterized1_263 |        242 |        242 |       0 |    0 |     0 |      0 |      0 |    0 |          0 |
|     WEIGHT_TRANSFORM_PIPELINE.WEIGHT_TRANSFORM_ROWS[4].weight_trf_row | WeightTransformAxis1RowConst__parameterized3_264 |         32 |         32 |       0 |    0 |     0 |      0 |      0 |    0 |          0 |
|     WEIGHT_TRANSFORM_PIPELINE.WEIGHT_TRANSFORM_ROWS[5].weight_trf_row | WeightTransformAxis1RowConst__parameterized4_265 |         84 |         84 |       0 |    0 |     0 |      0 |      0 |    0 |          0 |
|   CORES[21].core_inst                                                 |                                          Conv_12 |       5625 |       5625 |       0 |    0 |  3133 |      0 |      0 |    0 |          8 |
|     (CORES[21].core_inst)                                             |                                          Conv_12 |       4417 |       4417 |       0 |    0 |  3069 |      0 |      0 |    0 |          0 |
|     MAC_LANES[0].multip                                               |                                       Multip_242 |          3 |          3 |       0 |    0 |     6 |      0 |      0 |    0 |          1 |
|     MAC_LANES[1].multip                                               |                                       Multip_243 |          2 |          2 |       0 |    0 |     0 |      0 |      0 |    0 |          1 |
|     MAC_LANES[2].multip                                               |                                       Multip_244 |         26 |         26 |       0 |    0 |     2 |      0 |      0 |    0 |          1 |
|     MAC_LANES[3].multip                                               |                                       Multip_245 |          0 |          0 |       0 |    0 |     0 |      0 |      0 |    0 |          1 |
|     MAC_LANES[4].multip                                               |                                       Multip_246 |        197 |        197 |       0 |    0 |    56 |      0 |      0 |    0 |          1 |
|     MAC_LANES[5].multip                                               |                                       Multip_247 |        329 |        329 |       0 |    0 |     0 |      0 |      0 |    0 |          1 |
|     MAC_LANES[6].multip                                               |                                       Multip_248 |          2 |          2 |       0 |    0 |     0 |      0 |      0 |    0 |          1 |
|     MAC_LANES[7].multip                                               |                                       Multip_249 |        158 |        158 |       0 |    0 |     0 |      0 |      0 |    0 |          1 |
|     WEIGHT_TRANSFORM_PIPELINE.WEIGHT_TRANSFORM_ROWS[1].weight_trf_row | WeightTransformAxis1RowConst__parameterized0_250 |        166 |        166 |       0 |    0 |     0 |      0 |      0 |    0 |          0 |
|     WEIGHT_TRANSFORM_PIPELINE.WEIGHT_TRANSFORM_ROWS[2].weight_trf_row | WeightTransformAxis1RowConst__parameterized1_251 |        242 |        242 |       0 |    0 |     0 |      0 |      0 |    0 |          0 |
|     WEIGHT_TRANSFORM_PIPELINE.WEIGHT_TRANSFORM_ROWS[4].weight_trf_row | WeightTransformAxis1RowConst__parameterized3_252 |         32 |         32 |       0 |    0 |     0 |      0 |      0 |    0 |          0 |
|     WEIGHT_TRANSFORM_PIPELINE.WEIGHT_TRANSFORM_ROWS[5].weight_trf_row | WeightTransformAxis1RowConst__parameterized4_253 |         84 |         84 |       0 |    0 |     0 |      0 |      0 |    0 |          0 |
|   CORES[22].core_inst                                                 |                                          Conv_13 |       5624 |       5624 |       0 |    0 |  3101 |      0 |      0 |    0 |          8 |
|     (CORES[22].core_inst)                                             |                                          Conv_13 |       4415 |       4415 |       0 |    0 |  3069 |      0 |      0 |    0 |          0 |
|     MAC_LANES[0].multip                                               |                                       Multip_230 |          3 |          3 |       0 |    0 |     0 |      0 |      0 |    0 |          1 |
|     MAC_LANES[1].multip                                               |                                       Multip_231 |          2 |          2 |       0 |    0 |     0 |      0 |      0 |    0 |          1 |
|     MAC_LANES[2].multip                                               |                                       Multip_232 |         26 |         26 |       0 |    0 |    18 |      0 |      0 |    0 |          1 |
|     MAC_LANES[3].multip                                               |                                       Multip_233 |          0 |          0 |       0 |    0 |     0 |      0 |      0 |    0 |          1 |
|     MAC_LANES[4].multip                                               |                                       Multip_234 |        196 |        196 |       0 |    0 |    14 |      0 |      0 |    0 |          1 |
|     MAC_LANES[5].multip                                               |                                       Multip_235 |        329 |        329 |       0 |    0 |     0 |      0 |      0 |    0 |          1 |
|     MAC_LANES[6].multip                                               |                                       Multip_236 |          2 |          2 |       0 |    0 |     0 |      0 |      0 |    0 |          1 |
|     MAC_LANES[7].multip                                               |                                       Multip_237 |        158 |        158 |       0 |    0 |     0 |      0 |      0 |    0 |          1 |
|     WEIGHT_TRANSFORM_PIPELINE.WEIGHT_TRANSFORM_ROWS[1].weight_trf_row | WeightTransformAxis1RowConst__parameterized0_238 |        166 |        166 |       0 |    0 |     0 |      0 |      0 |    0 |          0 |
|     WEIGHT_TRANSFORM_PIPELINE.WEIGHT_TRANSFORM_ROWS[2].weight_trf_row | WeightTransformAxis1RowConst__parameterized1_239 |        242 |        242 |       0 |    0 |     0 |      0 |      0 |    0 |          0 |
|     WEIGHT_TRANSFORM_PIPELINE.WEIGHT_TRANSFORM_ROWS[4].weight_trf_row | WeightTransformAxis1RowConst__parameterized3_240 |         32 |         32 |       0 |    0 |     0 |      0 |      0 |    0 |          0 |
|     WEIGHT_TRANSFORM_PIPELINE.WEIGHT_TRANSFORM_ROWS[5].weight_trf_row | WeightTransformAxis1RowConst__parameterized4_241 |         84 |         84 |       0 |    0 |     0 |      0 |      0 |    0 |          0 |
|   CORES[23].core_inst                                                 |                                          Conv_14 |       5627 |       5627 |       0 |    0 |  3127 |      0 |      0 |    0 |          8 |
|     (CORES[23].core_inst)                                             |                                          Conv_14 |       4419 |       4419 |       0 |    0 |  3079 |      0 |      0 |    0 |          0 |
|     MAC_LANES[0].multip                                               |                                       Multip_218 |          3 |          3 |       0 |    0 |     6 |      0 |      0 |    0 |          1 |
|     MAC_LANES[1].multip                                               |                                       Multip_219 |          2 |          2 |       0 |    0 |     0 |      0 |      0 |    0 |          1 |
|     MAC_LANES[2].multip                                               |                                       Multip_220 |         26 |         26 |       0 |    0 |     0 |      0 |      0 |    0 |          1 |
|     MAC_LANES[3].multip                                               |                                       Multip_221 |          0 |          0 |       0 |    0 |     0 |      0 |      0 |    0 |          1 |
|     MAC_LANES[4].multip                                               |                                       Multip_222 |        195 |        195 |       0 |    0 |    42 |      0 |      0 |    0 |          1 |
|     MAC_LANES[5].multip                                               |                                       Multip_223 |        329 |        329 |       0 |    0 |     0 |      0 |      0 |    0 |          1 |
|     MAC_LANES[6].multip                                               |                                       Multip_224 |          2 |          2 |       0 |    0 |     0 |      0 |      0 |    0 |          1 |
|     MAC_LANES[7].multip                                               |                                       Multip_225 |        158 |        158 |       0 |    0 |     0 |      0 |      0 |    0 |          1 |
|     WEIGHT_TRANSFORM_PIPELINE.WEIGHT_TRANSFORM_ROWS[1].weight_trf_row | WeightTransformAxis1RowConst__parameterized0_226 |        166 |        166 |       0 |    0 |     0 |      0 |      0 |    0 |          0 |
|     WEIGHT_TRANSFORM_PIPELINE.WEIGHT_TRANSFORM_ROWS[2].weight_trf_row | WeightTransformAxis1RowConst__parameterized1_227 |        242 |        242 |       0 |    0 |     0 |      0 |      0 |    0 |          0 |
|     WEIGHT_TRANSFORM_PIPELINE.WEIGHT_TRANSFORM_ROWS[4].weight_trf_row | WeightTransformAxis1RowConst__parameterized3_228 |         32 |         32 |       0 |    0 |     0 |      0 |      0 |    0 |          0 |
|     WEIGHT_TRANSFORM_PIPELINE.WEIGHT_TRANSFORM_ROWS[5].weight_trf_row | WeightTransformAxis1RowConst__parameterized4_229 |         84 |         84 |       0 |    0 |     0 |      0 |      0 |    0 |          0 |
|   CORES[24].core_inst                                                 |                                          Conv_15 |       5625 |       5625 |       0 |    0 |  3117 |      0 |      0 |    0 |          8 |
|     (CORES[24].core_inst)                                             |                                          Conv_15 |       4417 |       4417 |       0 |    0 |  3069 |      0 |      0 |    0 |          0 |
|     MAC_LANES[0].multip                                               |                                       Multip_206 |          3 |          3 |       0 |    0 |     6 |      0 |      0 |    0 |          1 |
|     MAC_LANES[1].multip                                               |                                       Multip_207 |          2 |          2 |       0 |    0 |     0 |      0 |      0 |    0 |          1 |
|     MAC_LANES[2].multip                                               |                                       Multip_208 |         26 |         26 |       0 |    0 |     0 |      0 |      0 |    0 |          1 |
|     MAC_LANES[3].multip                                               |                                       Multip_209 |          0 |          0 |       0 |    0 |     0 |      0 |      0 |    0 |          1 |
|     MAC_LANES[4].multip                                               |                                       Multip_210 |        195 |        195 |       0 |    0 |    42 |      0 |      0 |    0 |          1 |
|     MAC_LANES[5].multip                                               |                                       Multip_211 |        329 |        329 |       0 |    0 |     0 |      0 |      0 |    0 |          1 |
|     MAC_LANES[6].multip                                               |                                       Multip_212 |          2 |          2 |       0 |    0 |     0 |      0 |      0 |    0 |          1 |
|     MAC_LANES[7].multip                                               |                                       Multip_213 |        158 |        158 |       0 |    0 |     0 |      0 |      0 |    0 |          1 |
|     WEIGHT_TRANSFORM_PIPELINE.WEIGHT_TRANSFORM_ROWS[1].weight_trf_row | WeightTransformAxis1RowConst__parameterized0_214 |        166 |        166 |       0 |    0 |     0 |      0 |      0 |    0 |          0 |
|     WEIGHT_TRANSFORM_PIPELINE.WEIGHT_TRANSFORM_ROWS[2].weight_trf_row | WeightTransformAxis1RowConst__parameterized1_215 |        242 |        242 |       0 |    0 |     0 |      0 |      0 |    0 |          0 |
|     WEIGHT_TRANSFORM_PIPELINE.WEIGHT_TRANSFORM_ROWS[4].weight_trf_row | WeightTransformAxis1RowConst__parameterized3_216 |         32 |         32 |       0 |    0 |     0 |      0 |      0 |    0 |          0 |
|     WEIGHT_TRANSFORM_PIPELINE.WEIGHT_TRANSFORM_ROWS[5].weight_trf_row | WeightTransformAxis1RowConst__parameterized4_217 |         84 |         84 |       0 |    0 |     0 |      0 |      0 |    0 |          0 |
|   CORES[25].core_inst                                                 |                                          Conv_16 |       5625 |       5625 |       0 |    0 |  3117 |      0 |      0 |    0 |          8 |
|     (CORES[25].core_inst)                                             |                                          Conv_16 |       4418 |       4418 |       0 |    0 |  3069 |      0 |      0 |    0 |          0 |
|     MAC_LANES[0].multip                                               |                                       Multip_194 |          3 |          3 |       0 |    0 |     6 |      0 |      0 |    0 |          1 |
|     MAC_LANES[1].multip                                               |                                       Multip_195 |          2 |          2 |       0 |    0 |     0 |      0 |      0 |    0 |          1 |
|     MAC_LANES[2].multip                                               |                                       Multip_196 |         26 |         26 |       0 |    0 |     0 |      0 |      0 |    0 |          1 |
|     MAC_LANES[3].multip                                               |                                       Multip_197 |          0 |          0 |       0 |    0 |     0 |      0 |      0 |    0 |          1 |
|     MAC_LANES[4].multip                                               |                                       Multip_198 |        196 |        196 |       0 |    0 |    42 |      0 |      0 |    0 |          1 |
|     MAC_LANES[5].multip                                               |                                       Multip_199 |        329 |        329 |       0 |    0 |     0 |      0 |      0 |    0 |          1 |
|     MAC_LANES[6].multip                                               |                                       Multip_200 |          2 |          2 |       0 |    0 |     0 |      0 |      0 |    0 |          1 |
|     MAC_LANES[7].multip                                               |                                       Multip_201 |        158 |        158 |       0 |    0 |     0 |      0 |      0 |    0 |          1 |
|     WEIGHT_TRANSFORM_PIPELINE.WEIGHT_TRANSFORM_ROWS[1].weight_trf_row | WeightTransformAxis1RowConst__parameterized0_202 |        166 |        166 |       0 |    0 |     0 |      0 |      0 |    0 |          0 |
|     WEIGHT_TRANSFORM_PIPELINE.WEIGHT_TRANSFORM_ROWS[2].weight_trf_row | WeightTransformAxis1RowConst__parameterized1_203 |        242 |        242 |       0 |    0 |     0 |      0 |      0 |    0 |          0 |
|     WEIGHT_TRANSFORM_PIPELINE.WEIGHT_TRANSFORM_ROWS[4].weight_trf_row | WeightTransformAxis1RowConst__parameterized3_204 |         32 |         32 |       0 |    0 |     0 |      0 |      0 |    0 |          0 |
|     WEIGHT_TRANSFORM_PIPELINE.WEIGHT_TRANSFORM_ROWS[5].weight_trf_row | WeightTransformAxis1RowConst__parameterized4_205 |         84 |         84 |       0 |    0 |     0 |      0 |      0 |    0 |          0 |
|   CORES[26].core_inst                                                 |                                          Conv_17 |       5632 |       5632 |       0 |    0 |  3085 |      0 |      0 |    0 |          8 |
|     (CORES[26].core_inst)                                             |                                          Conv_17 |       4424 |       4424 |       0 |    0 |  3069 |      0 |      0 |    0 |          0 |
|     MAC_LANES[0].multip                                               |                                       Multip_182 |          3 |          3 |       0 |    0 |     0 |      0 |      0 |    0 |          1 |
|     MAC_LANES[1].multip                                               |                                       Multip_183 |          2 |          2 |       0 |    0 |     0 |      0 |      0 |    0 |          1 |
|     MAC_LANES[2].multip                                               |                                       Multip_184 |         26 |         26 |       0 |    0 |     2 |      0 |      0 |    0 |          1 |
|     MAC_LANES[3].multip                                               |                                       Multip_185 |          0 |          0 |       0 |    0 |     0 |      0 |      0 |    0 |          1 |
|     MAC_LANES[4].multip                                               |                                       Multip_186 |        195 |        195 |       0 |    0 |    14 |      0 |      0 |    0 |          1 |
|     MAC_LANES[5].multip                                               |                                       Multip_187 |        329 |        329 |       0 |    0 |     0 |      0 |      0 |    0 |          1 |
|     MAC_LANES[6].multip                                               |                                       Multip_188 |          2 |          2 |       0 |    0 |     0 |      0 |      0 |    0 |          1 |
|     MAC_LANES[7].multip                                               |                                       Multip_189 |        158 |        158 |       0 |    0 |     0 |      0 |      0 |    0 |          1 |
|     WEIGHT_TRANSFORM_PIPELINE.WEIGHT_TRANSFORM_ROWS[1].weight_trf_row | WeightTransformAxis1RowConst__parameterized0_190 |        166 |        166 |       0 |    0 |     0 |      0 |      0 |    0 |          0 |
|     WEIGHT_TRANSFORM_PIPELINE.WEIGHT_TRANSFORM_ROWS[2].weight_trf_row | WeightTransformAxis1RowConst__parameterized1_191 |        242 |        242 |       0 |    0 |     0 |      0 |      0 |    0 |          0 |
|     WEIGHT_TRANSFORM_PIPELINE.WEIGHT_TRANSFORM_ROWS[4].weight_trf_row | WeightTransformAxis1RowConst__parameterized3_192 |         32 |         32 |       0 |    0 |     0 |      0 |      0 |    0 |          0 |
|     WEIGHT_TRANSFORM_PIPELINE.WEIGHT_TRANSFORM_ROWS[5].weight_trf_row | WeightTransformAxis1RowConst__parameterized4_193 |         84 |         84 |       0 |    0 |     0 |      0 |      0 |    0 |          0 |
|   CORES[27].core_inst                                                 |                                          Conv_18 |       5627 |       5627 |       0 |    0 |  3143 |      0 |      0 |    0 |          8 |
|     (CORES[27].core_inst)                                             |                                          Conv_18 |       4419 |       4419 |       0 |    0 |  3079 |      0 |      0 |    0 |          0 |
|     MAC_LANES[0].multip                                               |                                       Multip_170 |          3 |          3 |       0 |    0 |     6 |      0 |      0 |    0 |          1 |
|     MAC_LANES[1].multip                                               |                                       Multip_171 |          2 |          2 |       0 |    0 |     0 |      0 |      0 |    0 |          1 |
|     MAC_LANES[2].multip                                               |                                       Multip_172 |         26 |         26 |       0 |    0 |     2 |      0 |      0 |    0 |          1 |
|     MAC_LANES[3].multip                                               |                                       Multip_173 |          0 |          0 |       0 |    0 |     0 |      0 |      0 |    0 |          1 |
|     MAC_LANES[4].multip                                               |                                       Multip_174 |        197 |        197 |       0 |    0 |    56 |      0 |      0 |    0 |          1 |
|     MAC_LANES[5].multip                                               |                                       Multip_175 |        329 |        329 |       0 |    0 |     0 |      0 |      0 |    0 |          1 |
|     MAC_LANES[6].multip                                               |                                       Multip_176 |          2 |          2 |       0 |    0 |     0 |      0 |      0 |    0 |          1 |
|     MAC_LANES[7].multip                                               |                                       Multip_177 |        158 |        158 |       0 |    0 |     0 |      0 |      0 |    0 |          1 |
|     WEIGHT_TRANSFORM_PIPELINE.WEIGHT_TRANSFORM_ROWS[1].weight_trf_row | WeightTransformAxis1RowConst__parameterized0_178 |        166 |        166 |       0 |    0 |     0 |      0 |      0 |    0 |          0 |
|     WEIGHT_TRANSFORM_PIPELINE.WEIGHT_TRANSFORM_ROWS[2].weight_trf_row | WeightTransformAxis1RowConst__parameterized1_179 |        242 |        242 |       0 |    0 |     0 |      0 |      0 |    0 |          0 |
|     WEIGHT_TRANSFORM_PIPELINE.WEIGHT_TRANSFORM_ROWS[4].weight_trf_row | WeightTransformAxis1RowConst__parameterized3_180 |         32 |         32 |       0 |    0 |     0 |      0 |      0 |    0 |          0 |
|     WEIGHT_TRANSFORM_PIPELINE.WEIGHT_TRANSFORM_ROWS[5].weight_trf_row | WeightTransformAxis1RowConst__parameterized4_181 |         84 |         84 |       0 |    0 |     0 |      0 |      0 |    0 |          0 |
|   CORES[28].core_inst                                                 |                                          Conv_19 |       5623 |       5623 |       0 |    0 |  3143 |      0 |      0 |    0 |          8 |
|     (CORES[28].core_inst)                                             |                                          Conv_19 |       4415 |       4415 |       0 |    0 |  3079 |      0 |      0 |    0 |          0 |
|     MAC_LANES[0].multip                                               |                                       Multip_158 |          3 |          3 |       0 |    0 |     6 |      0 |      0 |    0 |          1 |
|     MAC_LANES[1].multip                                               |                                       Multip_159 |          2 |          2 |       0 |    0 |     0 |      0 |      0 |    0 |          1 |
|     MAC_LANES[2].multip                                               |                                       Multip_160 |         26 |         26 |       0 |    0 |     2 |      0 |      0 |    0 |          1 |
|     MAC_LANES[3].multip                                               |                                       Multip_161 |          0 |          0 |       0 |    0 |     0 |      0 |      0 |    0 |          1 |
|     MAC_LANES[4].multip                                               |                                       Multip_162 |        195 |        195 |       0 |    0 |    56 |      0 |      0 |    0 |          1 |
|     MAC_LANES[5].multip                                               |                                       Multip_163 |        329 |        329 |       0 |    0 |     0 |      0 |      0 |    0 |          1 |
|     MAC_LANES[6].multip                                               |                                       Multip_164 |          2 |          2 |       0 |    0 |     0 |      0 |      0 |    0 |          1 |
|     MAC_LANES[7].multip                                               |                                       Multip_165 |        158 |        158 |       0 |    0 |     0 |      0 |      0 |    0 |          1 |
|     WEIGHT_TRANSFORM_PIPELINE.WEIGHT_TRANSFORM_ROWS[1].weight_trf_row | WeightTransformAxis1RowConst__parameterized0_166 |        166 |        166 |       0 |    0 |     0 |      0 |      0 |    0 |          0 |
|     WEIGHT_TRANSFORM_PIPELINE.WEIGHT_TRANSFORM_ROWS[2].weight_trf_row | WeightTransformAxis1RowConst__parameterized1_167 |        242 |        242 |       0 |    0 |     0 |      0 |      0 |    0 |          0 |
|     WEIGHT_TRANSFORM_PIPELINE.WEIGHT_TRANSFORM_ROWS[4].weight_trf_row | WeightTransformAxis1RowConst__parameterized3_168 |         32 |         32 |       0 |    0 |     0 |      0 |      0 |    0 |          0 |
|     WEIGHT_TRANSFORM_PIPELINE.WEIGHT_TRANSFORM_ROWS[5].weight_trf_row | WeightTransformAxis1RowConst__parameterized4_169 |         84 |         84 |       0 |    0 |     0 |      0 |      0 |    0 |          0 |
|   CORES[29].core_inst                                                 |                                          Conv_20 |       5627 |       5627 |       0 |    0 |  3133 |      0 |      0 |    0 |          8 |
|     (CORES[29].core_inst)                                             |                                          Conv_20 |       4419 |       4419 |       0 |    0 |  3069 |      0 |      0 |    0 |          0 |
|     MAC_LANES[0].multip                                               |                                       Multip_146 |          3 |          3 |       0 |    0 |     6 |      0 |      0 |    0 |          1 |
|     MAC_LANES[1].multip                                               |                                       Multip_147 |          2 |          2 |       0 |    0 |     0 |      0 |      0 |    0 |          1 |
|     MAC_LANES[2].multip                                               |                                       Multip_148 |         26 |         26 |       0 |    0 |     2 |      0 |      0 |    0 |          1 |
|     MAC_LANES[3].multip                                               |                                       Multip_149 |          0 |          0 |       0 |    0 |     0 |      0 |      0 |    0 |          1 |
|     MAC_LANES[4].multip                                               |                                       Multip_150 |        195 |        195 |       0 |    0 |    56 |      0 |      0 |    0 |          1 |
|     MAC_LANES[5].multip                                               |                                       Multip_151 |        329 |        329 |       0 |    0 |     0 |      0 |      0 |    0 |          1 |
|     MAC_LANES[6].multip                                               |                                       Multip_152 |          2 |          2 |       0 |    0 |     0 |      0 |      0 |    0 |          1 |
|     MAC_LANES[7].multip                                               |                                       Multip_153 |        158 |        158 |       0 |    0 |     0 |      0 |      0 |    0 |          1 |
|     WEIGHT_TRANSFORM_PIPELINE.WEIGHT_TRANSFORM_ROWS[1].weight_trf_row | WeightTransformAxis1RowConst__parameterized0_154 |        166 |        166 |       0 |    0 |     0 |      0 |      0 |    0 |          0 |
|     WEIGHT_TRANSFORM_PIPELINE.WEIGHT_TRANSFORM_ROWS[2].weight_trf_row | WeightTransformAxis1RowConst__parameterized1_155 |        242 |        242 |       0 |    0 |     0 |      0 |      0 |    0 |          0 |
|     WEIGHT_TRANSFORM_PIPELINE.WEIGHT_TRANSFORM_ROWS[4].weight_trf_row | WeightTransformAxis1RowConst__parameterized3_156 |         32 |         32 |       0 |    0 |     0 |      0 |      0 |    0 |          0 |
|     WEIGHT_TRANSFORM_PIPELINE.WEIGHT_TRANSFORM_ROWS[5].weight_trf_row | WeightTransformAxis1RowConst__parameterized4_157 |         84 |         84 |       0 |    0 |     0 |      0 |      0 |    0 |          0 |
|   CORES[2].core_inst                                                  |                                          Conv_21 |       5621 |       5621 |       0 |    0 |  3085 |      0 |      0 |    0 |          8 |
|     (CORES[2].core_inst)                                              |                                          Conv_21 |       4413 |       4413 |       0 |    0 |  3069 |      0 |      0 |    0 |          0 |
|     MAC_LANES[0].multip                                               |                                       Multip_134 |          3 |          3 |       0 |    0 |     0 |      0 |      0 |    0 |          1 |
|     MAC_LANES[1].multip                                               |                                       Multip_135 |          2 |          2 |       0 |    0 |     0 |      0 |      0 |    0 |          1 |
|     MAC_LANES[2].multip                                               |                                       Multip_136 |         26 |         26 |       0 |    0 |     2 |      0 |      0 |    0 |          1 |
|     MAC_LANES[3].multip                                               |                                       Multip_137 |          0 |          0 |       0 |    0 |     0 |      0 |      0 |    0 |          1 |
|     MAC_LANES[4].multip                                               |                                       Multip_138 |        197 |        197 |       0 |    0 |    14 |      0 |      0 |    0 |          1 |
|     MAC_LANES[5].multip                                               |                                       Multip_139 |        329 |        329 |       0 |    0 |     0 |      0 |      0 |    0 |          1 |
|     MAC_LANES[6].multip                                               |                                       Multip_140 |          2 |          2 |       0 |    0 |     0 |      0 |      0 |    0 |          1 |
|     MAC_LANES[7].multip                                               |                                       Multip_141 |        158 |        158 |       0 |    0 |     0 |      0 |      0 |    0 |          1 |
|     WEIGHT_TRANSFORM_PIPELINE.WEIGHT_TRANSFORM_ROWS[1].weight_trf_row | WeightTransformAxis1RowConst__parameterized0_142 |        166 |        166 |       0 |    0 |     0 |      0 |      0 |    0 |          0 |
|     WEIGHT_TRANSFORM_PIPELINE.WEIGHT_TRANSFORM_ROWS[2].weight_trf_row | WeightTransformAxis1RowConst__parameterized1_143 |        242 |        242 |       0 |    0 |     0 |      0 |      0 |    0 |          0 |
|     WEIGHT_TRANSFORM_PIPELINE.WEIGHT_TRANSFORM_ROWS[4].weight_trf_row | WeightTransformAxis1RowConst__parameterized3_144 |         32 |         32 |       0 |    0 |     0 |      0 |      0 |    0 |          0 |
|     WEIGHT_TRANSFORM_PIPELINE.WEIGHT_TRANSFORM_ROWS[5].weight_trf_row | WeightTransformAxis1RowConst__parameterized4_145 |         84 |         84 |       0 |    0 |     0 |      0 |      0 |    0 |          0 |
|   CORES[30].core_inst                                                 |                                          Conv_22 |       5627 |       5627 |       0 |    0 |  3165 |      0 |      0 |    0 |          8 |
|     (CORES[30].core_inst)                                             |                                          Conv_22 |       4419 |       4419 |       0 |    0 |  3069 |      0 |      0 |    0 |          0 |
|     MAC_LANES[0].multip                                               |                                       Multip_122 |          3 |          3 |       0 |    0 |     6 |      0 |      0 |    0 |          1 |
|     MAC_LANES[1].multip                                               |                                       Multip_123 |          2 |          2 |       0 |    0 |     0 |      0 |      0 |    0 |          1 |
|     MAC_LANES[2].multip                                               |                                       Multip_124 |         26 |         26 |       0 |    0 |    18 |      0 |      0 |    0 |          1 |
|     MAC_LANES[3].multip                                               |                                       Multip_125 |          0 |          0 |       0 |    0 |     0 |      0 |      0 |    0 |          1 |
|     MAC_LANES[4].multip                                               |                                       Multip_126 |        196 |        196 |       0 |    0 |    56 |      0 |      0 |    0 |          1 |
|     MAC_LANES[5].multip                                               |                                       Multip_127 |        329 |        329 |       0 |    0 |    15 |      0 |      0 |    0 |          1 |
|     MAC_LANES[6].multip                                               |                                       Multip_128 |          2 |          2 |       0 |    0 |     1 |      0 |      0 |    0 |          1 |
|     MAC_LANES[7].multip                                               |                                       Multip_129 |        158 |        158 |       0 |    0 |     0 |      0 |      0 |    0 |          1 |
|     WEIGHT_TRANSFORM_PIPELINE.WEIGHT_TRANSFORM_ROWS[1].weight_trf_row | WeightTransformAxis1RowConst__parameterized0_130 |        166 |        166 |       0 |    0 |     0 |      0 |      0 |    0 |          0 |
|     WEIGHT_TRANSFORM_PIPELINE.WEIGHT_TRANSFORM_ROWS[2].weight_trf_row | WeightTransformAxis1RowConst__parameterized1_131 |        242 |        242 |       0 |    0 |     0 |      0 |      0 |    0 |          0 |
|     WEIGHT_TRANSFORM_PIPELINE.WEIGHT_TRANSFORM_ROWS[4].weight_trf_row | WeightTransformAxis1RowConst__parameterized3_132 |         32 |         32 |       0 |    0 |     0 |      0 |      0 |    0 |          0 |
|     WEIGHT_TRANSFORM_PIPELINE.WEIGHT_TRANSFORM_ROWS[5].weight_trf_row | WeightTransformAxis1RowConst__parameterized4_133 |         84 |         84 |       0 |    0 |     0 |      0 |      0 |    0 |          0 |
|   CORES[31].core_inst                                                 |                                          Conv_23 |       5624 |       5624 |       0 |    0 |  3165 |      0 |      0 |    0 |          8 |
|     (CORES[31].core_inst)                                             |                                          Conv_23 |       4415 |       4415 |       0 |    0 |  3069 |      0 |      0 |    0 |          0 |
|     MAC_LANES[0].multip                                               |                                       Multip_110 |          3 |          3 |       0 |    0 |     6 |      0 |      0 |    0 |          1 |
|     MAC_LANES[1].multip                                               |                                       Multip_111 |          2 |          2 |       0 |    0 |     0 |      0 |      0 |    0 |          1 |
|     MAC_LANES[2].multip                                               |                                       Multip_112 |         26 |         26 |       0 |    0 |    18 |      0 |      0 |    0 |          1 |
|     MAC_LANES[3].multip                                               |                                       Multip_113 |          0 |          0 |       0 |    0 |     0 |      0 |      0 |    0 |          1 |
|     MAC_LANES[4].multip                                               |                                       Multip_114 |        196 |        196 |       0 |    0 |    56 |      0 |      0 |    0 |          1 |
|     MAC_LANES[5].multip                                               |                                       Multip_115 |        324 |        324 |       0 |    0 |     2 |      0 |      0 |    0 |          1 |
|     MAC_LANES[6].multip                                               |                                       Multip_116 |          2 |          2 |       0 |    0 |     1 |      0 |      0 |    0 |          1 |
|     MAC_LANES[7].multip                                               |                                       Multip_117 |        159 |        159 |       0 |    0 |    13 |      0 |      0 |    0 |          1 |
|     WEIGHT_TRANSFORM_PIPELINE.WEIGHT_TRANSFORM_ROWS[1].weight_trf_row | WeightTransformAxis1RowConst__parameterized0_118 |        166 |        166 |       0 |    0 |     0 |      0 |      0 |    0 |          0 |
|     WEIGHT_TRANSFORM_PIPELINE.WEIGHT_TRANSFORM_ROWS[2].weight_trf_row | WeightTransformAxis1RowConst__parameterized1_119 |        242 |        242 |       0 |    0 |     0 |      0 |      0 |    0 |          0 |
|     WEIGHT_TRANSFORM_PIPELINE.WEIGHT_TRANSFORM_ROWS[4].weight_trf_row | WeightTransformAxis1RowConst__parameterized3_120 |         32 |         32 |       0 |    0 |     0 |      0 |      0 |    0 |          0 |
|     WEIGHT_TRANSFORM_PIPELINE.WEIGHT_TRANSFORM_ROWS[5].weight_trf_row | WeightTransformAxis1RowConst__parameterized4_121 |         84 |         84 |       0 |    0 |     0 |      0 |      0 |    0 |          0 |
|   CORES[3].core_inst                                                  |                                          Conv_24 |       5623 |       5623 |       0 |    0 |  3102 |      0 |      0 |    0 |          8 |
|     (CORES[3].core_inst)                                              |                                          Conv_24 |       4416 |       4416 |       0 |    0 |  3070 |      0 |      0 |    0 |          0 |
|     MAC_LANES[0].multip                                               |                                        Multip_98 |          3 |          3 |       0 |    0 |     4 |      0 |      0 |    0 |          1 |
|     MAC_LANES[1].multip                                               |                                        Multip_99 |          2 |          2 |       0 |    0 |     0 |      0 |      0 |    0 |          1 |
|     MAC_LANES[2].multip                                               |                                       Multip_100 |         26 |         26 |       0 |    0 |     0 |      0 |      0 |    0 |          1 |
|     MAC_LANES[3].multip                                               |                                       Multip_101 |          0 |          0 |       0 |    0 |     0 |      0 |      0 |    0 |          1 |
|     MAC_LANES[4].multip                                               |                                       Multip_102 |        196 |        196 |       0 |    0 |    28 |      0 |      0 |    0 |          1 |
|     MAC_LANES[5].multip                                               |                                       Multip_103 |        329 |        329 |       0 |    0 |     0 |      0 |      0 |    0 |          1 |
|     MAC_LANES[6].multip                                               |                                       Multip_104 |          2 |          2 |       0 |    0 |     0 |      0 |      0 |    0 |          1 |
|     MAC_LANES[7].multip                                               |                                       Multip_105 |        158 |        158 |       0 |    0 |     0 |      0 |      0 |    0 |          1 |
|     WEIGHT_TRANSFORM_PIPELINE.WEIGHT_TRANSFORM_ROWS[1].weight_trf_row | WeightTransformAxis1RowConst__parameterized0_106 |        166 |        166 |       0 |    0 |     0 |      0 |      0 |    0 |          0 |
|     WEIGHT_TRANSFORM_PIPELINE.WEIGHT_TRANSFORM_ROWS[2].weight_trf_row | WeightTransformAxis1RowConst__parameterized1_107 |        242 |        242 |       0 |    0 |     0 |      0 |      0 |    0 |          0 |
|     WEIGHT_TRANSFORM_PIPELINE.WEIGHT_TRANSFORM_ROWS[4].weight_trf_row | WeightTransformAxis1RowConst__parameterized3_108 |         32 |         32 |       0 |    0 |     0 |      0 |      0 |    0 |          0 |
|     WEIGHT_TRANSFORM_PIPELINE.WEIGHT_TRANSFORM_ROWS[5].weight_trf_row | WeightTransformAxis1RowConst__parameterized4_109 |         84 |         84 |       0 |    0 |     0 |      0 |      0 |    0 |          0 |
|   CORES[4].core_inst                                                  |                                          Conv_25 |       5623 |       5623 |       0 |    0 |  3127 |      0 |      0 |    0 |          8 |
|     (CORES[4].core_inst)                                              |                                          Conv_25 |       4416 |       4416 |       0 |    0 |  3079 |      0 |      0 |    0 |          0 |
|     MAC_LANES[0].multip                                               |                                        Multip_86 |          3 |          3 |       0 |    0 |     4 |      0 |      0 |    0 |          1 |
|     MAC_LANES[1].multip                                               |                                        Multip_87 |          2 |          2 |       0 |    0 |     0 |      0 |      0 |    0 |          1 |
|     MAC_LANES[2].multip                                               |                                        Multip_88 |         26 |         26 |       0 |    0 |     2 |      0 |      0 |    0 |          1 |
|     MAC_LANES[3].multip                                               |                                        Multip_89 |          0 |          0 |       0 |    0 |     0 |      0 |      0 |    0 |          1 |
|     MAC_LANES[4].multip                                               |                                        Multip_90 |        196 |        196 |       0 |    0 |    42 |      0 |      0 |    0 |          1 |
|     MAC_LANES[5].multip                                               |                                        Multip_91 |        329 |        329 |       0 |    0 |     0 |      0 |      0 |    0 |          1 |
|     MAC_LANES[6].multip                                               |                                        Multip_92 |          2 |          2 |       0 |    0 |     0 |      0 |      0 |    0 |          1 |
|     MAC_LANES[7].multip                                               |                                        Multip_93 |        158 |        158 |       0 |    0 |     0 |      0 |      0 |    0 |          1 |
|     WEIGHT_TRANSFORM_PIPELINE.WEIGHT_TRANSFORM_ROWS[1].weight_trf_row |  WeightTransformAxis1RowConst__parameterized0_94 |        166 |        166 |       0 |    0 |     0 |      0 |      0 |    0 |          0 |
|     WEIGHT_TRANSFORM_PIPELINE.WEIGHT_TRANSFORM_ROWS[2].weight_trf_row |  WeightTransformAxis1RowConst__parameterized1_95 |        242 |        242 |       0 |    0 |     0 |      0 |      0 |    0 |          0 |
|     WEIGHT_TRANSFORM_PIPELINE.WEIGHT_TRANSFORM_ROWS[4].weight_trf_row |  WeightTransformAxis1RowConst__parameterized3_96 |         32 |         32 |       0 |    0 |     0 |      0 |      0 |    0 |          0 |
|     WEIGHT_TRANSFORM_PIPELINE.WEIGHT_TRANSFORM_ROWS[5].weight_trf_row |  WeightTransformAxis1RowConst__parameterized4_97 |         84 |         84 |       0 |    0 |     0 |      0 |      0 |    0 |          0 |
|   CORES[5].core_inst                                                  |                                          Conv_26 |       5620 |       5620 |       0 |    0 |  3085 |      0 |      0 |    0 |          8 |
|     (CORES[5].core_inst)                                              |                                          Conv_26 |       4412 |       4412 |       0 |    0 |  3069 |      0 |      0 |    0 |          0 |
|     MAC_LANES[0].multip                                               |                                        Multip_74 |          3 |          3 |       0 |    0 |     0 |      0 |      0 |    0 |          1 |
|     MAC_LANES[1].multip                                               |                                        Multip_75 |          2 |          2 |       0 |    0 |     0 |      0 |      0 |    0 |          1 |
|     MAC_LANES[2].multip                                               |                                        Multip_76 |         26 |         26 |       0 |    0 |     2 |      0 |      0 |    0 |          1 |
|     MAC_LANES[3].multip                                               |                                        Multip_77 |          0 |          0 |       0 |    0 |     0 |      0 |      0 |    0 |          1 |
|     MAC_LANES[4].multip                                               |                                        Multip_78 |        197 |        197 |       0 |    0 |    14 |      0 |      0 |    0 |          1 |
|     MAC_LANES[5].multip                                               |                                        Multip_79 |        329 |        329 |       0 |    0 |     0 |      0 |      0 |    0 |          1 |
|     MAC_LANES[6].multip                                               |                                        Multip_80 |          2 |          2 |       0 |    0 |     0 |      0 |      0 |    0 |          1 |
|     MAC_LANES[7].multip                                               |                                        Multip_81 |        158 |        158 |       0 |    0 |     0 |      0 |      0 |    0 |          1 |
|     WEIGHT_TRANSFORM_PIPELINE.WEIGHT_TRANSFORM_ROWS[1].weight_trf_row |  WeightTransformAxis1RowConst__parameterized0_82 |        166 |        166 |       0 |    0 |     0 |      0 |      0 |    0 |          0 |
|     WEIGHT_TRANSFORM_PIPELINE.WEIGHT_TRANSFORM_ROWS[2].weight_trf_row |  WeightTransformAxis1RowConst__parameterized1_83 |        242 |        242 |       0 |    0 |     0 |      0 |      0 |    0 |          0 |
|     WEIGHT_TRANSFORM_PIPELINE.WEIGHT_TRANSFORM_ROWS[4].weight_trf_row |  WeightTransformAxis1RowConst__parameterized3_84 |         32 |         32 |       0 |    0 |     0 |      0 |      0 |    0 |          0 |
|     WEIGHT_TRANSFORM_PIPELINE.WEIGHT_TRANSFORM_ROWS[5].weight_trf_row |  WeightTransformAxis1RowConst__parameterized4_85 |         84 |         84 |       0 |    0 |     0 |      0 |      0 |    0 |          0 |
|   CORES[6].core_inst                                                  |                                          Conv_27 |       5627 |       5627 |       0 |    0 |  3133 |      0 |      0 |    0 |          8 |
|     (CORES[6].core_inst)                                              |                                          Conv_27 |       4419 |       4419 |       0 |    0 |  3069 |      0 |      0 |    0 |          0 |
|     MAC_LANES[0].multip                                               |                                        Multip_62 |          3 |          3 |       0 |    0 |     6 |      0 |      0 |    0 |          1 |
|     MAC_LANES[1].multip                                               |                                        Multip_63 |          2 |          2 |       0 |    0 |     0 |      0 |      0 |    0 |          1 |
|     MAC_LANES[2].multip                                               |                                        Multip_64 |         26 |         26 |       0 |    0 |     2 |      0 |      0 |    0 |          1 |
|     MAC_LANES[3].multip                                               |                                        Multip_65 |          0 |          0 |       0 |    0 |     0 |      0 |      0 |    0 |          1 |
|     MAC_LANES[4].multip                                               |                                        Multip_66 |        197 |        197 |       0 |    0 |    56 |      0 |      0 |    0 |          1 |
|     MAC_LANES[5].multip                                               |                                        Multip_67 |        329 |        329 |       0 |    0 |     0 |      0 |      0 |    0 |          1 |
|     MAC_LANES[6].multip                                               |                                        Multip_68 |          2 |          2 |       0 |    0 |     0 |      0 |      0 |    0 |          1 |
|     MAC_LANES[7].multip                                               |                                        Multip_69 |        158 |        158 |       0 |    0 |     0 |      0 |      0 |    0 |          1 |
|     WEIGHT_TRANSFORM_PIPELINE.WEIGHT_TRANSFORM_ROWS[1].weight_trf_row |  WeightTransformAxis1RowConst__parameterized0_70 |        166 |        166 |       0 |    0 |     0 |      0 |      0 |    0 |          0 |
|     WEIGHT_TRANSFORM_PIPELINE.WEIGHT_TRANSFORM_ROWS[2].weight_trf_row |  WeightTransformAxis1RowConst__parameterized1_71 |        242 |        242 |       0 |    0 |     0 |      0 |      0 |    0 |          0 |
|     WEIGHT_TRANSFORM_PIPELINE.WEIGHT_TRANSFORM_ROWS[4].weight_trf_row |  WeightTransformAxis1RowConst__parameterized3_72 |         32 |         32 |       0 |    0 |     0 |      0 |      0 |    0 |          0 |
|     WEIGHT_TRANSFORM_PIPELINE.WEIGHT_TRANSFORM_ROWS[5].weight_trf_row |  WeightTransformAxis1RowConst__parameterized4_73 |         84 |         84 |       0 |    0 |     0 |      0 |      0 |    0 |          0 |
|   CORES[7].core_inst                                                  |                                          Conv_28 |       5625 |       5625 |       0 |    0 |  3101 |      0 |      0 |    0 |          8 |
|     (CORES[7].core_inst)                                              |                                          Conv_28 |       4416 |       4416 |       0 |    0 |  3069 |      0 |      0 |    0 |          0 |
|     MAC_LANES[0].multip                                               |                                        Multip_50 |          3 |          3 |       0 |    0 |     4 |      0 |      0 |    0 |          1 |
|     MAC_LANES[1].multip                                               |                                        Multip_51 |          2 |          2 |       0 |    0 |     0 |      0 |      0 |    0 |          1 |
|     MAC_LANES[2].multip                                               |                                        Multip_52 |         26 |         26 |       0 |    0 |     0 |      0 |      0 |    0 |          1 |
|     MAC_LANES[3].multip                                               |                                        Multip_53 |          0 |          0 |       0 |    0 |     0 |      0 |      0 |    0 |          1 |
|     MAC_LANES[4].multip                                               |                                        Multip_54 |        196 |        196 |       0 |    0 |    28 |      0 |      0 |    0 |          1 |
|     MAC_LANES[5].multip                                               |                                        Multip_55 |        329 |        329 |       0 |    0 |     0 |      0 |      0 |    0 |          1 |
|     MAC_LANES[6].multip                                               |                                        Multip_56 |          2 |          2 |       0 |    0 |     0 |      0 |      0 |    0 |          1 |
|     MAC_LANES[7].multip                                               |                                        Multip_57 |        158 |        158 |       0 |    0 |     0 |      0 |      0 |    0 |          1 |
|     WEIGHT_TRANSFORM_PIPELINE.WEIGHT_TRANSFORM_ROWS[1].weight_trf_row |  WeightTransformAxis1RowConst__parameterized0_58 |        166 |        166 |       0 |    0 |     0 |      0 |      0 |    0 |          0 |
|     WEIGHT_TRANSFORM_PIPELINE.WEIGHT_TRANSFORM_ROWS[2].weight_trf_row |  WeightTransformAxis1RowConst__parameterized1_59 |        242 |        242 |       0 |    0 |     0 |      0 |      0 |    0 |          0 |
|     WEIGHT_TRANSFORM_PIPELINE.WEIGHT_TRANSFORM_ROWS[4].weight_trf_row |  WeightTransformAxis1RowConst__parameterized3_60 |         32 |         32 |       0 |    0 |     0 |      0 |      0 |    0 |          0 |
|     WEIGHT_TRANSFORM_PIPELINE.WEIGHT_TRANSFORM_ROWS[5].weight_trf_row |  WeightTransformAxis1RowConst__parameterized4_61 |         84 |         84 |       0 |    0 |     0 |      0 |      0 |    0 |          0 |
|   CORES[8].core_inst                                                  |                                          Conv_29 |       5628 |       5628 |       0 |    0 |  3079 |      0 |      0 |    0 |          8 |
|     (CORES[8].core_inst)                                              |                                          Conv_29 |       4421 |       4421 |       0 |    0 |  3079 |      0 |      0 |    0 |          0 |
|     MAC_LANES[0].multip                                               |                                        Multip_38 |          3 |          3 |       0 |    0 |     0 |      0 |      0 |    0 |          1 |
|     MAC_LANES[1].multip                                               |                                        Multip_39 |          2 |          2 |       0 |    0 |     0 |      0 |      0 |    0 |          1 |
|     MAC_LANES[2].multip                                               |                                        Multip_40 |         26 |         26 |       0 |    0 |     0 |      0 |      0 |    0 |          1 |
|     MAC_LANES[3].multip                                               |                                        Multip_41 |          0 |          0 |       0 |    0 |     0 |      0 |      0 |    0 |          1 |
|     MAC_LANES[4].multip                                               |                                        Multip_42 |        196 |        196 |       0 |    0 |     0 |      0 |      0 |    0 |          1 |
|     MAC_LANES[5].multip                                               |                                        Multip_43 |        329 |        329 |       0 |    0 |     0 |      0 |      0 |    0 |          1 |
|     MAC_LANES[6].multip                                               |                                        Multip_44 |          2 |          2 |       0 |    0 |     0 |      0 |      0 |    0 |          1 |
|     MAC_LANES[7].multip                                               |                                        Multip_45 |        158 |        158 |       0 |    0 |     0 |      0 |      0 |    0 |          1 |
|     WEIGHT_TRANSFORM_PIPELINE.WEIGHT_TRANSFORM_ROWS[1].weight_trf_row |  WeightTransformAxis1RowConst__parameterized0_46 |        166 |        166 |       0 |    0 |     0 |      0 |      0 |    0 |          0 |
|     WEIGHT_TRANSFORM_PIPELINE.WEIGHT_TRANSFORM_ROWS[2].weight_trf_row |  WeightTransformAxis1RowConst__parameterized1_47 |        242 |        242 |       0 |    0 |     0 |      0 |      0 |    0 |          0 |
|     WEIGHT_TRANSFORM_PIPELINE.WEIGHT_TRANSFORM_ROWS[4].weight_trf_row |  WeightTransformAxis1RowConst__parameterized3_48 |         32 |         32 |       0 |    0 |     0 |      0 |      0 |    0 |          0 |
|     WEIGHT_TRANSFORM_PIPELINE.WEIGHT_TRANSFORM_ROWS[5].weight_trf_row |  WeightTransformAxis1RowConst__parameterized4_49 |         84 |         84 |       0 |    0 |     0 |      0 |      0 |    0 |          0 |
|   CORES[9].core_inst                                                  |                                          Conv_30 |       5635 |       5635 |       0 |    0 |  3165 |      0 |      0 |    0 |          8 |
|     (CORES[9].core_inst)                                              |                                          Conv_30 |       4422 |       4422 |       0 |    0 |  3069 |      0 |      0 |    0 |          0 |
|     MAC_LANES[0].multip                                               |                                           Multip |          3 |          3 |       0 |    0 |     4 |      0 |      0 |    0 |          1 |
|     MAC_LANES[1].multip                                               |                                        Multip_31 |          2 |          2 |       0 |    0 |     0 |      0 |      0 |    0 |          1 |
|     MAC_LANES[2].multip                                               |                                        Multip_32 |         26 |         26 |       0 |    0 |    18 |      0 |      0 |    0 |          1 |
|     MAC_LANES[3].multip                                               |                                        Multip_33 |          0 |          0 |       0 |    0 |     0 |      0 |      0 |    0 |          1 |
|     MAC_LANES[4].multip                                               |                                        Multip_34 |        196 |        196 |       0 |    0 |    42 |      0 |      0 |    0 |          1 |
|     MAC_LANES[5].multip                                               |                                        Multip_35 |        330 |        330 |       0 |    0 |    17 |      0 |      0 |    0 |          1 |
|     MAC_LANES[6].multip                                               |                                        Multip_36 |          2 |          2 |       0 |    0 |     2 |      0 |      0 |    0 |          1 |
|     MAC_LANES[7].multip                                               |                                        Multip_37 |        158 |        158 |       0 |    0 |    13 |      0 |      0 |    0 |          1 |
|     WEIGHT_TRANSFORM_PIPELINE.WEIGHT_TRANSFORM_ROWS[1].weight_trf_row |     WeightTransformAxis1RowConst__parameterized0 |        166 |        166 |       0 |    0 |     0 |      0 |      0 |    0 |          0 |
|     WEIGHT_TRANSFORM_PIPELINE.WEIGHT_TRANSFORM_ROWS[2].weight_trf_row |     WeightTransformAxis1RowConst__parameterized1 |        242 |        242 |       0 |    0 |     0 |      0 |      0 |    0 |          0 |
|     WEIGHT_TRANSFORM_PIPELINE.WEIGHT_TRANSFORM_ROWS[4].weight_trf_row |     WeightTransformAxis1RowConst__parameterized3 |         32 |         32 |       0 |    0 |     0 |      0 |      0 |    0 |          0 |
|     WEIGHT_TRANSFORM_PIPELINE.WEIGHT_TRANSFORM_ROWS[5].weight_trf_row |     WeightTransformAxis1RowConst__parameterized4 |         84 |         84 |       0 |    0 |     0 |      0 |      0 |    0 |          0 |
+-----------------------------------------------------------------------+--------------------------------------------------+------------+------------+---------+------+-------+--------+--------+------+------------+
* Note: The sum of lower-level cells may be larger than their parent cells total, due to cross-hierarchy LUT combining


