============================================================
  Generated by:           Genus(TM) Synthesis Solution 21.12-s068_1
  Generated on:           Oct 06 2026  10:34:38 pm
  Module:                 Conv
  Library domain:         timing_cond_0p81v_125c
    Domain index:         0
    Technology library:   tcbn28hpcplusbwp30p140ssg0p81v125c 110
  Operating conditions:   ssg0p81v125c 
  Interconnect mode:      global
  Area mode:              physical library
============================================================

                                                                                Library 
        Gate         Instances    Area                   Library                 Domain 
----------------------------------------------------------------------------------------
AN2D0BWP30P140               5      2.520    tcbn28hpcplusbwp30p140ssg0p81v125c       0 
AN2D1BWP30P140              40     20.160    tcbn28hpcplusbwp30p140ssg0p81v125c       0 
AN2D2BWP30P140               5      3.150    tcbn28hpcplusbwp30p140ssg0p81v125c       0 
AN3D1BWP30P140             146     91.980    tcbn28hpcplusbwp30p140ssg0p81v125c       0 
AN3D2BWP30P140               3      2.268    tcbn28hpcplusbwp30p140ssg0p81v125c       0 
AN3D4BWP30P140               1      1.386    tcbn28hpcplusbwp30p140ssg0p81v125c       0 
AN4D0BWP30P140               1      0.756    tcbn28hpcplusbwp30p140ssg0p81v125c       0 
AN4D1BWP30P140              15     11.340    tcbn28hpcplusbwp30p140ssg0p81v125c       0 
AO211D1BWP30P140            51     38.556    tcbn28hpcplusbwp30p140ssg0p81v125c       0 
AO21D1BWP30P140             39     24.570    tcbn28hpcplusbwp30p140ssg0p81v125c       0 
AO22D0BWP30P140           1470   1111.320    tcbn28hpcplusbwp30p140ssg0p81v125c       0 
AOI211D1BWP30P140           37     23.310    tcbn28hpcplusbwp30p140ssg0p81v125c       0 
AOI21D1BWP30P140            48     24.192    tcbn28hpcplusbwp30p140ssg0p81v125c       0 
AOI221D1BWP30P140         1587   1199.772    tcbn28hpcplusbwp30p140ssg0p81v125c       0 
AOI222D1BWP30P140          392    395.136    tcbn28hpcplusbwp30p140ssg0p81v125c       0 
AOI22D1BWP30P140          1703   1072.890    tcbn28hpcplusbwp30p140ssg0p81v125c       0 
AOI31D1BWP30P140             3      1.890    tcbn28hpcplusbwp30p140ssg0p81v125c       0 
AOI32D1BWP30P140             5      3.780    tcbn28hpcplusbwp30p140ssg0p81v125c       0 
BUFFD1P5BWP30P140            1      0.504    tcbn28hpcplusbwp30p140ssg0p81v125c       0 
BUFFD2BWP30P140              1      0.504    tcbn28hpcplusbwp30p140ssg0p81v125c       0 
BUFFD3BWP30P140              1      0.630    tcbn28hpcplusbwp30p140ssg0p81v125c       0 
CKAN2D1BWP30P140           916    461.664    tcbn28hpcplusbwp30p140ssg0p81v125c       0 
CKAN2D8BWP30P140             4      5.544    tcbn28hpcplusbwp30p140ssg0p81v125c       0 
CKBD2BWP30P140               1      0.504    tcbn28hpcplusbwp30p140ssg0p81v125c       0 
CKLNQD1BWP30P140            48     90.720    tcbn28hpcplusbwp30p140ssg0p81v125c       0 
CKMUX2D0BWP30P140          322    284.004    tcbn28hpcplusbwp30p140ssg0p81v125c       0 
CKND1BWP30P140            1422    358.344    tcbn28hpcplusbwp30p140ssg0p81v125c       0 
CKND2BWP30P140               2      0.756    tcbn28hpcplusbwp30p140ssg0p81v125c       0 
CKND2D1BWP30P140           282    106.596    tcbn28hpcplusbwp30p140ssg0p81v125c       0 
DFCND1BWP30P140            119    299.880    tcbn28hpcplusbwp30p140ssg0p81v125c       0 
DFCND2BWP30P140              1      2.898    tcbn28hpcplusbwp30p140ssg0p81v125c       0 
DFCNQD1BWP30P140          1765   4003.020    tcbn28hpcplusbwp30p140ssg0p81v125c       0 
DFSNQD2BWP30P140             2      4.536    tcbn28hpcplusbwp30p140ssg0p81v125c       0 
EDFCND1BWP30P140             4     12.096    tcbn28hpcplusbwp30p140ssg0p81v125c       0 
EDFCNQD1BWP30P140           11     31.878    tcbn28hpcplusbwp30p140ssg0p81v125c       0 
FA1D1BWP30P140            3478   7449.876    tcbn28hpcplusbwp30p140ssg0p81v125c       0 
HA1D1BWP30P140             381    624.078    tcbn28hpcplusbwp30p140ssg0p81v125c       0 
IAO21D1BWP30P140             5      3.150    tcbn28hpcplusbwp30p140ssg0p81v125c       0 
IND2D1BWP30P140            225    113.400    tcbn28hpcplusbwp30p140ssg0p81v125c       0 
IND3D1BWP30P140             13      8.190    tcbn28hpcplusbwp30p140ssg0p81v125c       0 
IND4D1BWP30P140             10      7.560    tcbn28hpcplusbwp30p140ssg0p81v125c       0 
INR2D1BWP30P140            260    131.040    tcbn28hpcplusbwp30p140ssg0p81v125c       0 
INR2D4BWP30P140              1      1.386    tcbn28hpcplusbwp30p140ssg0p81v125c       0 
INR2D6BWP30P140              1      1.890    tcbn28hpcplusbwp30p140ssg0p81v125c       0 
INR3D0BWP30P140             12      7.560    tcbn28hpcplusbwp30p140ssg0p81v125c       0 
INR4D0BWP30P140              5      3.780    tcbn28hpcplusbwp30p140ssg0p81v125c       0 
INVD0P7BWP30P140             2      0.504    tcbn28hpcplusbwp30p140ssg0p81v125c       0 
INVD1BWP30P140              10      2.520    tcbn28hpcplusbwp30p140ssg0p81v125c       0 
INVD3BWP30P140               2      1.008    tcbn28hpcplusbwp30p140ssg0p81v125c       0 
INVD6BWP30P140               2      1.764    tcbn28hpcplusbwp30p140ssg0p81v125c       0 
IOA21D1BWP30P140           160    100.800    tcbn28hpcplusbwp30p140ssg0p81v125c       0 
MAOI222D1BWP30P140         109     82.404    tcbn28hpcplusbwp30p140ssg0p81v125c       0 
MAOI22D1BWP30P140           42     31.752    tcbn28hpcplusbwp30p140ssg0p81v125c       0 
MOAI22D1BWP30P140           62     46.872    tcbn28hpcplusbwp30p140ssg0p81v125c       0 
MUX2D0BWP30P140              6      5.292    tcbn28hpcplusbwp30p140ssg0p81v125c       0 
MUX2NUD1BWP30P140           10      7.560    tcbn28hpcplusbwp30p140ssg0p81v125c       0 
MUX3NUD1BWP30P140            1      1.638    tcbn28hpcplusbwp30p140ssg0p81v125c       0 
ND2D1BWP30P140             633    239.274    tcbn28hpcplusbwp30p140ssg0p81v125c       0 
ND2D3BWP30P140               1      0.882    tcbn28hpcplusbwp30p140ssg0p81v125c       0 
ND2OPTIBD1BWP30P140         28     10.584    tcbn28hpcplusbwp30p140ssg0p81v125c       0 
ND3D1BWP30P140             216    108.864    tcbn28hpcplusbwp30p140ssg0p81v125c       0 
ND4D1BWP30P140             179    112.770    tcbn28hpcplusbwp30p140ssg0p81v125c       0 
NR2D1BWP30P140              89     33.642    tcbn28hpcplusbwp30p140ssg0p81v125c       0 
NR2OPTD6BWP30P140            2      3.276    tcbn28hpcplusbwp30p140ssg0p81v125c       0 
NR2OPTIBD1BWP30P140         82     30.996    tcbn28hpcplusbwp30p140ssg0p81v125c       0 
NR2OPTPAD1BWP30P140          2      1.008    tcbn28hpcplusbwp30p140ssg0p81v125c       0 
NR3D0BWP30P140              10      5.040    tcbn28hpcplusbwp30p140ssg0p81v125c       0 
NR3D0P7BWP30P140           110     55.440    tcbn28hpcplusbwp30p140ssg0p81v125c       0 
OA211D1BWP30P140            10      7.560    tcbn28hpcplusbwp30p140ssg0p81v125c       0 
OA21D1BWP30P140             26     16.380    tcbn28hpcplusbwp30p140ssg0p81v125c       0 
OA22D1BWP30P140              1      0.882    tcbn28hpcplusbwp30p140ssg0p81v125c       0 
OAI211D1BWP30P140          345    217.350    tcbn28hpcplusbwp30p140ssg0p81v125c       0 
OAI21D1BWP30P140           207    104.328    tcbn28hpcplusbwp30p140ssg0p81v125c       0 
OAI221D1BWP30P140          216    190.512    tcbn28hpcplusbwp30p140ssg0p81v125c       0 
OAI222D1BWP30P140          192    193.536    tcbn28hpcplusbwp30p140ssg0p81v125c       0 
OAI22D1BWP30P140            33     20.790    tcbn28hpcplusbwp30p140ssg0p81v125c       0 
OAI31D1BWP30P140             6      3.780    tcbn28hpcplusbwp30p140ssg0p81v125c       0 
OAI32D1BWP30P140             2      1.512    tcbn28hpcplusbwp30p140ssg0p81v125c       0 
OAI33D1BWP30P140            18     15.876    tcbn28hpcplusbwp30p140ssg0p81v125c       0 
OR2D0BWP30P140              13      6.552    tcbn28hpcplusbwp30p140ssg0p81v125c       0 
OR2D1BWP30P140              69     34.776    tcbn28hpcplusbwp30p140ssg0p81v125c       0 
OR2D2BWP30P140               3      1.890    tcbn28hpcplusbwp30p140ssg0p81v125c       0 
OR3D1BWP30P140               7      4.410    tcbn28hpcplusbwp30p140ssg0p81v125c       0 
OR4D1BWP30P140               5      3.780    tcbn28hpcplusbwp30p140ssg0p81v125c       0 
SDFCNQARD1BWP30P140        145    420.210    tcbn28hpcplusbwp30p140ssg0p81v125c       0 
SDFCNQD0BWP30P140           82    237.636    tcbn28hpcplusbwp30p140ssg0p81v125c       0 
SDFSNQD2BWP30P140            2      5.796    tcbn28hpcplusbwp30p140ssg0p81v125c       0 
XNR2UD1BWP30P140          1282   1130.724    tcbn28hpcplusbwp30p140ssg0p81v125c       0 
XNR3UD1BWP30P140           102    179.928    tcbn28hpcplusbwp30p140ssg0p81v125c       0 
XNR4D1BWP30P140              9     23.814    tcbn28hpcplusbwp30p140ssg0p81v125c       0 
XOR2UD1BWP30P140           477    420.714    tcbn28hpcplusbwp30p140ssg0p81v125c       0 
XOR3UD1BWP30P140           121    213.444    tcbn28hpcplusbwp30p140ssg0p81v125c       0 
XOR4D1BWP30P140             18     47.628    tcbn28hpcplusbwp30p140ssg0p81v125c       0 
----------------------------------------------------------------------------------------
total                    19993  22432.662                                       


                                                        
            Type             Instances    Area   Area % 
--------------------------------------------------------
sequential                        2131  5017.950   22.4 
inverter                          1440   364.896    1.6 
buffer                               4     2.142    0.0 
clock_gating_integrated_cell        48    90.720    0.4 
logic                            16370 16956.954   75.6 
physical_cells                       0     0.000    0.0 
--------------------------------------------------------
total                            19993 22432.662  100.0 

