============================================================
  Generated by:           Genus(TM) Synthesis Solution 21.12-s068_1
  Generated on:           Jan 19 2026  01:01:30 am
  Module:                 System
  Library domain:         timing_cond_0p81v_125c
    Domain index:         0
    Technology library:   tcbn28hpcplusbwp30p140ssg0p81v125c 110
  Operating conditions:   ssg0p81v125c 
  Interconnect mode:      global
  Area mode:              physical library
============================================================

       Instance         Module    Cell Count  Cell Area  Net Area   Total Area 
-------------------------------------------------------------------------------
System                                 16811  19885.824  8653.630    28539.454 
  control             Control           3071   4610.970  1051.304     5662.274 
  conv                Conv             13740  15274.854  6986.014    22260.868 
    genblk1[0].multip Multip             642    616.392   265.711      882.103 
    genblk1[1].multip Multip_286         644    616.896   266.092      882.988 
    genblk1[2].multip Multip_285         643    616.644   265.840      882.484 
    genblk1[3].multip Multip_284         583    603.540   246.339      849.879 
    genblk1[4].multip Multip_283         643    616.644   266.584      883.228 
    genblk1[5].multip Multip_282         599    629.748   246.779      876.527 
    inv               Inverse           1316   2784.348   621.041     3405.389 
    mux_mult          MuxMult             21     22.302     4.372       26.674 
    trf               Transform         2900   4138.092  1121.061     5259.153 
