============================================================
  Generated by:           Genus(TM) Synthesis Solution 21.12-s068_1
  Generated on:           Oct 03 2026  11:30:12 am
  Module:                 Conv
  Library domain:         timing_cond_0p81v_125c
    Domain index:         0
    Technology library:   tcbn28hpcplusbwp30p140ssg0p81v125c 110
  Operating conditions:   ssg0p81v125c 
  Interconnect mode:      global
  Area mode:              physical library
============================================================

                                                                                Library 
        Gate         Instances    Area                   Library                 Domain 
----------------------------------------------------------------------------------------
AN2D1BWP30P140               1      0.504    tcbn28hpcplusbwp30p140ssg0p81v125c       0 
AN2D4BWP30P140               3      3.402    tcbn28hpcplusbwp30p140ssg0p81v125c       0 
AN2D6BWP30P140               5      6.930    tcbn28hpcplusbwp30p140ssg0p81v125c       0 
AN2D8BWP30P140               7     13.230    tcbn28hpcplusbwp30p140ssg0p81v125c       0 
AN3D1BWP30P140              39     24.570    tcbn28hpcplusbwp30p140ssg0p81v125c       0 
AN4D1BWP30P140              25     18.900    tcbn28hpcplusbwp30p140ssg0p81v125c       0 
AO211D1BWP30P140             4      3.024    tcbn28hpcplusbwp30p140ssg0p81v125c       0 
AO21D1BWP30P140              9      5.670    tcbn28hpcplusbwp30p140ssg0p81v125c       0 
AO22D0BWP30P140           1844   1394.064    tcbn28hpcplusbwp30p140ssg0p81v125c       0 
AOI21D1BWP30P140             8      4.032    tcbn28hpcplusbwp30p140ssg0p81v125c       0 
AOI221D1BWP30P140         1130    854.280    tcbn28hpcplusbwp30p140ssg0p81v125c       0 
AOI222D1BWP30P140          108    108.864    tcbn28hpcplusbwp30p140ssg0p81v125c       0 
AOI22D1BWP30P140           420    264.600    tcbn28hpcplusbwp30p140ssg0p81v125c       0 
AOI31D1BWP30P140             4      2.520    tcbn28hpcplusbwp30p140ssg0p81v125c       0 
AOI32D1BWP30P140             3      2.268    tcbn28hpcplusbwp30p140ssg0p81v125c       0 
CKAN2D1BWP30P140           137     69.048    tcbn28hpcplusbwp30p140ssg0p81v125c       0 
CKLNQD1BWP30P140           109    206.010    tcbn28hpcplusbwp30p140ssg0p81v125c       0 
CKMUX2D0BWP30P140          119    104.958    tcbn28hpcplusbwp30p140ssg0p81v125c       0 
CKND12BWP30P140              1      1.638    tcbn28hpcplusbwp30p140ssg0p81v125c       0 
CKND1BWP30P140            1484    373.968    tcbn28hpcplusbwp30p140ssg0p81v125c       0 
CKND2BWP30P140               1      0.378    tcbn28hpcplusbwp30p140ssg0p81v125c       0 
CKND2D1BWP30P140           172     65.016    tcbn28hpcplusbwp30p140ssg0p81v125c       0 
DFCND1BWP30P140             18     45.360    tcbn28hpcplusbwp30p140ssg0p81v125c       0 
DFCNQD1BWP30P140          1475   3345.300    tcbn28hpcplusbwp30p140ssg0p81v125c       0 
DFKCND1BWP30P140            46     98.532    tcbn28hpcplusbwp30p140ssg0p81v125c       0 
DFKCNQD2BWP30P140         1314   2649.024    tcbn28hpcplusbwp30p140ssg0p81v125c       0 
DFSND1BWP30P140              1      2.394    tcbn28hpcplusbwp30p140ssg0p81v125c       0 
DFSNQD2BWP30P140             1      2.268    tcbn28hpcplusbwp30p140ssg0p81v125c       0 
EDFCND1BWP30P140             4     12.096    tcbn28hpcplusbwp30p140ssg0p81v125c       0 
EDFCNQD1BWP30P140            3      8.694    tcbn28hpcplusbwp30p140ssg0p81v125c       0 
FA1D1BWP30P140            7397  15844.374    tcbn28hpcplusbwp30p140ssg0p81v125c       0 
FA1OPTCD1BWP30P140          10     25.200    tcbn28hpcplusbwp30p140ssg0p81v125c       0 
FA1OPTCD2BWP30P140           2      6.048    tcbn28hpcplusbwp30p140ssg0p81v125c       0 
HA1D1BWP30P140             361    591.318    tcbn28hpcplusbwp30p140ssg0p81v125c       0 
IAO21D1BWP30P140             4      2.520    tcbn28hpcplusbwp30p140ssg0p81v125c       0 
IND2D1BWP30P140             55     27.720    tcbn28hpcplusbwp30p140ssg0p81v125c       0 
IND3D1BWP30P140              4      2.520    tcbn28hpcplusbwp30p140ssg0p81v125c       0 
IND4D1BWP30P140              7      5.292    tcbn28hpcplusbwp30p140ssg0p81v125c       0 
INR2D1BWP30P140            205    103.320    tcbn28hpcplusbwp30p140ssg0p81v125c       0 
INR2D2BWP30P140              2      1.512    tcbn28hpcplusbwp30p140ssg0p81v125c       0 
INR3D0BWP30P140              9      5.670    tcbn28hpcplusbwp30p140ssg0p81v125c       0 
INR4D0BWP30P140              1      0.756    tcbn28hpcplusbwp30p140ssg0p81v125c       0 
INVD0P7BWP30P140            24      6.048    tcbn28hpcplusbwp30p140ssg0p81v125c       0 
INVD16BWP30P140              1      2.142    tcbn28hpcplusbwp30p140ssg0p81v125c       0 
INVD1BWP30P140               3      0.756    tcbn28hpcplusbwp30p140ssg0p81v125c       0 
INVD3BWP30P140               3      1.512    tcbn28hpcplusbwp30p140ssg0p81v125c       0 
INVD8BWP30P140               3      3.402    tcbn28hpcplusbwp30p140ssg0p81v125c       0 
IOA21D1BWP30P140           936    589.680    tcbn28hpcplusbwp30p140ssg0p81v125c       0 
MAOI222D1BWP30P140          76     57.456    tcbn28hpcplusbwp30p140ssg0p81v125c       0 
MAOI22D1BWP30P140            4      3.024    tcbn28hpcplusbwp30p140ssg0p81v125c       0 
MOAI22D1BWP30P140            3      2.268    tcbn28hpcplusbwp30p140ssg0p81v125c       0 
MUX2D0BWP30P140              2      1.764    tcbn28hpcplusbwp30p140ssg0p81v125c       0 
MUX2NUD1BWP30P140            6      4.536    tcbn28hpcplusbwp30p140ssg0p81v125c       0 
ND2D1BWP30P140              96     36.288    tcbn28hpcplusbwp30p140ssg0p81v125c       0 
ND2D3BWP30P140               1      0.882    tcbn28hpcplusbwp30p140ssg0p81v125c       0 
ND2OPTIBD1BWP30P140         18      6.804    tcbn28hpcplusbwp30p140ssg0p81v125c       0 
ND3D1BWP30P140              80     40.320    tcbn28hpcplusbwp30p140ssg0p81v125c       0 
ND4D1BWP30P140              61     38.430    tcbn28hpcplusbwp30p140ssg0p81v125c       0 
NR2D1BWP30P140              35     13.230    tcbn28hpcplusbwp30p140ssg0p81v125c       0 
NR2D2BWP30P140               4      2.520    tcbn28hpcplusbwp30p140ssg0p81v125c       0 
NR2D3BWP30P140               1      0.882    tcbn28hpcplusbwp30p140ssg0p81v125c       0 
NR2OPTIBD1BWP30P140         77     29.106    tcbn28hpcplusbwp30p140ssg0p81v125c       0 
NR3D0BWP30P140              17      8.568    tcbn28hpcplusbwp30p140ssg0p81v125c       0 
NR3D0P7BWP30P140            49     24.696    tcbn28hpcplusbwp30p140ssg0p81v125c       0 
NR4D0BWP30P140              26     16.380    tcbn28hpcplusbwp30p140ssg0p81v125c       0 
NR4D1BWP30P140               1      1.134    tcbn28hpcplusbwp30p140ssg0p81v125c       0 
OA211D1BWP30P140             2      1.512    tcbn28hpcplusbwp30p140ssg0p81v125c       0 
OAI211D1BWP30P140            3      1.890    tcbn28hpcplusbwp30p140ssg0p81v125c       0 
OAI21D1BWP30P140           166     83.664    tcbn28hpcplusbwp30p140ssg0p81v125c       0 
OAI221D1BWP30P140            2      1.764    tcbn28hpcplusbwp30p140ssg0p81v125c       0 
OAI222D1BWP30P140            3      3.024    tcbn28hpcplusbwp30p140ssg0p81v125c       0 
OAI22D0P7BWP30P140           2      1.260    tcbn28hpcplusbwp30p140ssg0p81v125c       0 
OAI22D1BWP30P140            28     17.640    tcbn28hpcplusbwp30p140ssg0p81v125c       0 
OAI31D1BWP30P140            16     10.080    tcbn28hpcplusbwp30p140ssg0p81v125c       0 
OAI32D1BWP30P140             2      1.512    tcbn28hpcplusbwp30p140ssg0p81v125c       0 
OAI33D1BWP30P140            12     10.584    tcbn28hpcplusbwp30p140ssg0p81v125c       0 
OR2D0BWP30P140              26     13.104    tcbn28hpcplusbwp30p140ssg0p81v125c       0 
OR2D1BWP30P140              65     32.760    tcbn28hpcplusbwp30p140ssg0p81v125c       0 
OR2D2BWP30P140               2      1.260    tcbn28hpcplusbwp30p140ssg0p81v125c       0 
OR3D1BWP30P140              10      6.300    tcbn28hpcplusbwp30p140ssg0p81v125c       0 
OR4D1BWP30P140               6      4.536    tcbn28hpcplusbwp30p140ssg0p81v125c       0 
SDFCNQARD1BWP30P140         35    101.430    tcbn28hpcplusbwp30p140ssg0p81v125c       0 
SDFSNQD2BWP30P140            1      2.898    tcbn28hpcplusbwp30p140ssg0p81v125c       0 
XNR2UD1BWP30P140          1363   1202.166    tcbn28hpcplusbwp30p140ssg0p81v125c       0 
XNR3UD1BWP30P140           123    216.972    tcbn28hpcplusbwp30p140ssg0p81v125c       0 
XNR4D1BWP30P140             35     92.610    tcbn28hpcplusbwp30p140ssg0p81v125c       0 
XOR2D1BWP30P140              3      3.024    tcbn28hpcplusbwp30p140ssg0p81v125c       0 
XOR2UD1BWP30P140           321    283.122    tcbn28hpcplusbwp30p140ssg0p81v125c       0 
XOR3D2BWP30P140              1      2.016    tcbn28hpcplusbwp30p140ssg0p81v125c       0 
XOR3UD1BWP30P140           147    259.308    tcbn28hpcplusbwp30p140ssg0p81v125c       0 
XOR4D0BWP30P140             28     74.088    tcbn28hpcplusbwp30p140ssg0p81v125c       0 
XOR4D1BWP30P140             75    198.450    tcbn28hpcplusbwp30p140ssg0p81v125c       0 
----------------------------------------------------------------------------------------
total                    20556  29826.594                                       


                                                        
            Type             Instances    Area   Area % 
--------------------------------------------------------
sequential                        2898  6267.996   21.0 
inverter                          1520   389.844    1.3 
clock_gating_integrated_cell       109   206.010    0.7 
logic                            16029 22962.744   77.0 
physical_cells                       0     0.000    0.0 
--------------------------------------------------------
total                            20556 29826.594  100.0 

