============================================================
  Generated by:           Genus(TM) Synthesis Solution 21.12-s068_1
  Generated on:           Jan 18 2026  07:59:33 pm
  Module:                 System
  Operating conditions:   ssg0p81v125c 
  Operating conditions:   tt0p9v25c 
  Operating conditions:   ffg0p99vm40c 
  Interconnect mode:      global
  Area mode:              physical library
============================================================


Path 1: MET (400 ps) Late External Delay Assertion at pin p_output_data_write[19]
           View: analysis_view_0p99v_m40c_capbst_fastest
          Group: clk
     Startpoint: (R) control/r_addr_count_write_out_reg[0]/CP
          Clock: (R) clk
       Endpoint: (R) p_output_data_write[19]
          Clock: (R) clk

                     Capture       Launch     
        Clock Edge:+    2000            0     
       Src Latency:+       0            0     
       Net Latency:+       0 (I)        0 (I) 
           Arrival:=    2000            0     
                                              
      Output Delay:-    1000                  
     Required Time:=    1000                  
      Launch Clock:-       0                  
         Data Path:-     600                  
             Slack:=     400                  

Exceptions/Constraints:
  output_delay             1000            tmp_sdc_analysis_vie_1_line_375 

#----------------------------------------------------------------------------------------------------------------------------
#              Timing Point                Flags    Arc   Edge        Cell          Fanout Load Trans Delay Arrival Instance 
#                                                                                          (fF)  (ps)  (ps)   (ps)  Location 
#----------------------------------------------------------------------------------------------------------------------------
  control/r_addr_count_write_out_reg[0]/CP -       -      R     (arrival)                4    -     0     0       0    (-,-) 
  control/r_addr_count_write_out_reg[0]/Q  -       CP->Q  R     DFKCND1BWP30P140         3  4.4    18    37      37    (-,-) 
  control/g35472__6161/ZN                  -       A1->ZN F     ND2D2BWP30P140           4  8.1    28    21      58    (-,-) 
  control/g35431__8246/ZN                  -       A1->ZN R     NR2OPTIBD1BWP30P140     24 28.7   151    97     155    (-,-) 
  control/g34628__6161/ZN                  -       B1->ZN R     MOAI22D1BWP30P140        1  1.7    20    24     180    (-,-) 
  control/g34560__3680/ZN                  -       A1->ZN F     NR2OPTIBD1BWP30P140      1  1.7    14    10     190    (-,-) 
  control/g34515__4733/ZN                  -       A2->ZN R     ND2D1BWP30P140           1  3.9    17    14     204    (-,-) 
  control/add_1022_65_g480/CO              -       A->CO  R     FA1OPTCD1BWP30P140       1  3.1    15    32     236    (-,-) 
  control/add_1022_65_g479/CO              -       CI->CO R     FA1OPTCD2BWP30P140       1  2.5    10    16     251    (-,-) 
  control/add_1022_65_g478/CO              -       CI->CO R     FA1D1BWP30P140           1  2.5    13    22     273    (-,-) 
  control/add_1022_65_g477/CO              -       CI->CO R     FA1D1BWP30P140           1  3.0    15    23     296    (-,-) 
  control/add_1022_65_g476/CO              -       CI->CO R     FA1OPTCD1BWP30P140       1  3.0    15    20     316    (-,-) 
  control/add_1022_65_g475/CO              -       CI->CO R     FA1OPTCD1BWP30P140       1  3.0    15    20     336    (-,-) 
  control/add_1022_65_g474/CO              -       CI->CO R     FA1OPTCD1BWP30P140       1  3.0    15    20     356    (-,-) 
  control/add_1022_65_g473/CO              -       CI->CO R     FA1OPTCD1BWP30P140       1  2.5    13    19     375    (-,-) 
  control/add_1022_65_g472/CO              -       CI->CO R     FA1D1BWP30P140           1  3.1    15    24     399    (-,-) 
  control/add_1022_65_g471/CO              -       CI->CO R     FA1OPTCD2BWP30P140       1  3.0    11    16     415    (-,-) 
  control/add_1022_65_g470/CO              -       CI->CO R     FA1OPTCD1BWP30P140       1  3.1    15    20     435    (-,-) 
  control/add_1022_65_g469/CO              -       CI->CO R     FA1OPTCD2BWP30P140       1  3.0    11    16     451    (-,-) 
  control/add_1022_65_g468/CO              -       CI->CO R     FA1OPTCD1BWP30P140       1  3.0    15    19     471    (-,-) 
  control/add_1022_65_g467/CO              -       CI->CO R     FA1OPTCD1BWP30P140       1  2.5    13    19     490    (-,-) 
  control/add_1022_65_g466/CO              -       CI->CO R     FA1D1BWP30P140           1  2.5    13    22     512    (-,-) 
  control/add_1022_65_g465/CO              -       CI->CO R     FA1D1BWP30P140           1  2.5    13    22     534    (-,-) 
  control/add_1022_65_g464/CO              -       CI->CO R     FA1D1BWP30P140           1  2.5    13    22     557    (-,-) 
  control/add_1022_65_g463/CO              -       CI->CO R     FA1D1BWP30P140           1  2.3    13    22     579    (-,-) 
  control/add_1022_65_g462/Z               -       A1->Z  R     XOR2UD1BWP30P140         1  5.2    40    21     600    (-,-) 
  p_output_data_write[19]                  <<<     -      R     (port)                   -    -     -     0     600    (-,-) 
#----------------------------------------------------------------------------------------------------------------------------


