============================================================
  Generated by:           Genus(TM) Synthesis Solution 21.12-s068_1
  Generated on:           Sep 12 2026  09:08:28 am
  Module:                 Conv
  Operating conditions:   ssg0p81v125c 
  Operating conditions:   tt0p9v25c 
  Interconnect mode:      global
  Area mode:              physical library
============================================================


Path 1: MET (217 ps) Late External Delay Assertion at pin p_output_data_write[19]
           View: analysis_view_0p90v_25c_captyp_nominal
          Group: clk
     Startpoint: (R) r_output_write_count_reg[0]/CP
          Clock: (R) clk
       Endpoint: (F) p_output_data_write[19]
          Clock: (R) clk

                     Capture       Launch     
        Clock Edge:+    2000            0     
       Src Latency:+       0            0     
       Net Latency:+       0 (I)        0 (I) 
           Arrival:=    2000            0     
                                              
      Output Delay:-    1000                  
     Required Time:=    1000                  
      Launch Clock:-       0                  
         Data Path:-     783                  
             Slack:=     217                  

Exceptions/Constraints:
  output_delay             1000            tmp_sdc_analysis_vie_line_545 

#-----------------------------------------------------------------------------------------------------------------
#         Timing Point           Flags    Arc   Edge        Cell         Fanout Load Trans Delay Arrival Instance 
#                                                                               (fF)  (ps)  (ps)   (ps)  Location 
#-----------------------------------------------------------------------------------------------------------------
  r_output_write_count_reg[0]/CP -       -      R     (arrival)              62    -     0     0       0    (-,-) 
  r_output_write_count_reg[0]/Q  -       CP->Q  F     EDFCND1BWP30P140       11 14.6    60    69      69    (-,-) 
  g20334/Z                       -       A2->Z  F     AN2D2BWP30P140         37 37.0    75    66     135    (-,-) 
  g20274/ZN                      -       B1->ZN R     AOI22D1BWP30P140        1  1.5    26    36     172    (-,-) 
  g20232/ZN                      -       A1->ZN F     ND2D1BWP30P140          2  3.0    28    23     195    (-,-) 
  add_986_62_g1416/ZN            -       A1->ZN R     CKND2D1BWP30P140        2  2.7    26    24     219    (-,-) 
  add_986_62_g1402/ZN            -       A2->ZN F     OAI21D1BWP30P140        1  2.2    28    23     243    (-,-) 
  add_986_62_g1401/CO            -       CI->CO F     FA1D1BWP30P140          1  2.7    18    37     280    (-,-) 
  add_986_62_g1400/CO            -       CI->CO F     FA1OPTCD1BWP30P140      1  2.7    18    25     305    (-,-) 
  add_986_62_g1399/CO            -       CI->CO F     FA1OPTCD2BWP30P140      1  2.7    13    21     326    (-,-) 
  add_986_62_g1398/CO            -       CI->CO F     FA1OPTCD1BWP30P140      1  2.7    18    24     350    (-,-) 
  add_986_62_g1397/CO            -       CI->CO F     FA1OPTCD1BWP30P140      1  2.7    18    25     376    (-,-) 
  add_986_62_g1396/CO            -       CI->CO F     FA1OPTCD1BWP30P140      3  4.1    23    29     404    (-,-) 
  add_986_62_g1393/Z             -       A1->Z  F     AO21D1BWP30P140         1  2.7    16    25     430    (-,-) 
  add_986_62_g1391/CO            -       CI->CO F     FA1OPTCD1BWP30P140      1  2.2    16    24     453    (-,-) 
  add_986_62_g1390/CO            -       CI->CO F     FA1D1BWP30P140          1  2.7    17    33     486    (-,-) 
  add_986_62_g1389/CO            -       CI->CO F     FA1OPTCD1BWP30P140      1  2.7    18    25     512    (-,-) 
  add_986_62_g1388/CO            -       CI->CO F     FA1OPTCD1BWP30P140      1  2.7    18    25     537    (-,-) 
  add_986_62_g1387/CO            -       CI->CO F     FA1OPTCD2BWP30P140      1  2.7    13    21     558    (-,-) 
  add_986_62_g1386/CO            -       CI->CO F     FA1OPTCD1BWP30P140      1  2.7    18    24     582    (-,-) 
  add_986_62_g1385/CO            -       CI->CO F     FA1OPTCD2BWP30P140      1  2.7    13    21     603    (-,-) 
  add_986_62_g1384/CO            -       CI->CO F     FA1OPTCD2BWP30P140      1  2.2    12    19     622    (-,-) 
  add_986_62_g1383/CO            -       CI->CO F     FA1D1BWP30P140          1  2.2    16    31     652    (-,-) 
  add_986_62_g1382/CO            -       CI->CO F     FA1D1BWP30P140          1  2.2    16    32     684    (-,-) 
  add_986_62_g1381/CO            -       CI->CO F     FA1D1BWP30P140          1  1.5    14    30     714    (-,-) 
  add_986_62_g1380/Z             -       A3->Z  F     XOR3UD1BWP30P140        1  1.4    22    24     738    (-,-) 
  g21192/Z                       -       I0->Z  F     CKMUX2D0BWP30P140       1  5.0    42    44     783    (-,-) 
  p_output_data_write[19]        <<<     -      F     (port)                  -    -     -     0     783    (-,-) 
#-----------------------------------------------------------------------------------------------------------------


