============================================================
  Generated by:           Genus(TM) Synthesis Solution 21.12-s068_1
  Generated on:           Jan 28 2026  12:29:35 am
  Module:                 System
  Library domain:         timing_cond_0p81v_125c
    Domain index:         0
    Technology library:   tcbn28hpcplusbwp30p140ssg0p81v125c 110
  Operating conditions:   ssg0p81v125c 
  Interconnect mode:      global
  Area mode:              physical library
============================================================

                                                                                 Library 
        Gate          Instances    Area                   Library                 Domain 
-----------------------------------------------------------------------------------------
AN2D0BWP30P140               20     10.080    tcbn28hpcplusbwp30p140ssg0p81v125c       0 
AN2D1BWP30P140                5      2.520    tcbn28hpcplusbwp30p140ssg0p81v125c       0 
AN2D2BWP30P140                1      0.630    tcbn28hpcplusbwp30p140ssg0p81v125c       0 
AN2D8BWP30P140                1      1.890    tcbn28hpcplusbwp30p140ssg0p81v125c       0 
AN3D1BWP30P140                1      0.630    tcbn28hpcplusbwp30p140ssg0p81v125c       0 
AN4D1BWP30P140               53     40.068    tcbn28hpcplusbwp30p140ssg0p81v125c       0 
AO211D1BWP30P140              3      2.268    tcbn28hpcplusbwp30p140ssg0p81v125c       0 
AO21D1BWP30P140             259    163.170    tcbn28hpcplusbwp30p140ssg0p81v125c       0 
AO22D0BWP30P140            1715   1296.540    tcbn28hpcplusbwp30p140ssg0p81v125c       0 
AOI211D1BWP30P140             6      3.780    tcbn28hpcplusbwp30p140ssg0p81v125c       0 
AOI21D1BWP30P140             17      8.568    tcbn28hpcplusbwp30p140ssg0p81v125c       0 
AOI221D1BWP30P140          1725   1304.100    tcbn28hpcplusbwp30p140ssg0p81v125c       0 
AOI222D1BWP30P140           890    897.120    tcbn28hpcplusbwp30p140ssg0p81v125c       0 
AOI22D1BWP30P140            418    263.340    tcbn28hpcplusbwp30p140ssg0p81v125c       0 
AOI32D1BWP30P140              2      1.512    tcbn28hpcplusbwp30p140ssg0p81v125c       0 
CKAN2D1BWP30P140            190     95.760    tcbn28hpcplusbwp30p140ssg0p81v125c       0 
CKLNQD1BWP30P140            110    207.900    tcbn28hpcplusbwp30p140ssg0p81v125c       0 
CKMUX2D0BWP30P140           774    682.668    tcbn28hpcplusbwp30p140ssg0p81v125c       0 
CKND1BWP30P140             1602    403.704    tcbn28hpcplusbwp30p140ssg0p81v125c       0 
CKND2BWP30P140                2      0.756    tcbn28hpcplusbwp30p140ssg0p81v125c       0 
CKND2D1BWP30P140            193     72.954    tcbn28hpcplusbwp30p140ssg0p81v125c       0 
CKND4BWP30P140                1      0.630    tcbn28hpcplusbwp30p140ssg0p81v125c       0 
CKND8BWP30P140                1      1.134    tcbn28hpcplusbwp30p140ssg0p81v125c       0 
DFCND1BWP30P140               1      2.520    tcbn28hpcplusbwp30p140ssg0p81v125c       0 
DFCNQD1BWP30P140              7     15.876    tcbn28hpcplusbwp30p140ssg0p81v125c       0 
DFD1BWP30P140                 3      6.426    tcbn28hpcplusbwp30p140ssg0p81v125c       0 
DFD2BWP30P140                 1      2.268    tcbn28hpcplusbwp30p140ssg0p81v125c       0 
DFKCND1BWP30P140             85    182.070    tcbn28hpcplusbwp30p140ssg0p81v125c       0 
DFKCND4BWP30P140              1      2.898    tcbn28hpcplusbwp30p140ssg0p81v125c       0 
DFKCNQD2BWP30P140          2114   4261.824    tcbn28hpcplusbwp30p140ssg0p81v125c       0 
DFKCSND1BWP30P140             1      2.520    tcbn28hpcplusbwp30p140ssg0p81v125c       0 
DFKSND1BWP30P140            268    641.592    tcbn28hpcplusbwp30p140ssg0p81v125c       0 
DFMQD1BWP30P140               1      2.394    tcbn28hpcplusbwp30p140ssg0p81v125c       0 
DFQD2BWP30P140              463    875.070    tcbn28hpcplusbwp30p140ssg0p81v125c       0 
FA1D1BWP30P140             8113  17378.046    tcbn28hpcplusbwp30p140ssg0p81v125c       0 
FA1OPTCD1BWP30P140           10     25.200    tcbn28hpcplusbwp30p140ssg0p81v125c       0 
FA1OPTCD2BWP30P140            3      9.072    tcbn28hpcplusbwp30p140ssg0p81v125c       0 
HA1D1BWP30P140              517    846.846    tcbn28hpcplusbwp30p140ssg0p81v125c       0 
IAO21D0BWP30P140              1      0.630    tcbn28hpcplusbwp30p140ssg0p81v125c       0 
IAO21D1BWP30P140              3      1.890    tcbn28hpcplusbwp30p140ssg0p81v125c       0 
IND2D1BWP30P140              66     33.264    tcbn28hpcplusbwp30p140ssg0p81v125c       0 
IND3D1BWP30P140               7      4.410    tcbn28hpcplusbwp30p140ssg0p81v125c       0 
IND4D1BWP30P140               1      0.756    tcbn28hpcplusbwp30p140ssg0p81v125c       0 
INR2D1BWP30P140             230    115.920    tcbn28hpcplusbwp30p140ssg0p81v125c       0 
INR2D2BWP30P140               2      1.512    tcbn28hpcplusbwp30p140ssg0p81v125c       0 
INR3D0BWP30P140              11      6.930    tcbn28hpcplusbwp30p140ssg0p81v125c       0 
INR4D0BWP30P140               1      0.756    tcbn28hpcplusbwp30p140ssg0p81v125c       0 
INVD0P7BWP30P140             37      9.324    tcbn28hpcplusbwp30p140ssg0p81v125c       0 
INVD12BWP30P140               2      3.276    tcbn28hpcplusbwp30p140ssg0p81v125c       0 
INVD16BWP30P140               1      2.142    tcbn28hpcplusbwp30p140ssg0p81v125c       0 
INVD1BWP30P140                2      0.504    tcbn28hpcplusbwp30p140ssg0p81v125c       0 
INVD3BWP30P140                2      1.008    tcbn28hpcplusbwp30p140ssg0p81v125c       0 
INVD6BWP30P140                5      4.410    tcbn28hpcplusbwp30p140ssg0p81v125c       0 
INVD8BWP30P140                9     10.206    tcbn28hpcplusbwp30p140ssg0p81v125c       0 
INVD9BWP30P140                1      1.260    tcbn28hpcplusbwp30p140ssg0p81v125c       0 
IOA21D0BWP30P140              2      1.260    tcbn28hpcplusbwp30p140ssg0p81v125c       0 
IOA21D1BWP30P140             60     37.800    tcbn28hpcplusbwp30p140ssg0p81v125c       0 
MAOI222D1BWP30P140           66     49.896    tcbn28hpcplusbwp30p140ssg0p81v125c       0 
MAOI22D1BWP30P140             6      4.536    tcbn28hpcplusbwp30p140ssg0p81v125c       0 
MOAI22D1BWP30P140             7      5.292    tcbn28hpcplusbwp30p140ssg0p81v125c       0 
MUX2D0BWP30P140              40     35.280    tcbn28hpcplusbwp30p140ssg0p81v125c       0 
MUX2D1BWP30P140               3      3.024    tcbn28hpcplusbwp30p140ssg0p81v125c       0 
MUX2D2BWP30P140               1      1.134    tcbn28hpcplusbwp30p140ssg0p81v125c       0 
MUX2NUD1BWP30P140             7      5.292    tcbn28hpcplusbwp30p140ssg0p81v125c       0 
ND2D1BWP30P140              544    205.632    tcbn28hpcplusbwp30p140ssg0p81v125c       0 
ND2D2BWP30P140                7      4.410    tcbn28hpcplusbwp30p140ssg0p81v125c       0 
ND2OPTIBD1BWP30P140          28     10.584    tcbn28hpcplusbwp30p140ssg0p81v125c       0 
ND3D1BWP30P140              137     69.048    tcbn28hpcplusbwp30p140ssg0p81v125c       0 
ND4D1BWP30P140               38     23.940    tcbn28hpcplusbwp30p140ssg0p81v125c       0 
NR2D1BWP30P140              151     57.078    tcbn28hpcplusbwp30p140ssg0p81v125c       0 
NR2D2BWP30P140                1      0.630    tcbn28hpcplusbwp30p140ssg0p81v125c       0 
NR2D8BWP30P140                2      4.284    tcbn28hpcplusbwp30p140ssg0p81v125c       0 
NR2OPTD6BWP30P140             1      1.638    tcbn28hpcplusbwp30p140ssg0p81v125c       0 
NR2OPTIBD1BWP30P140         109     41.202    tcbn28hpcplusbwp30p140ssg0p81v125c       0 
NR2OPTPAD1BWP30P140           2      1.008    tcbn28hpcplusbwp30p140ssg0p81v125c       0 
NR3D0BWP30P140                5      2.520    tcbn28hpcplusbwp30p140ssg0p81v125c       0 
NR3D0P7BWP30P140             37     18.648    tcbn28hpcplusbwp30p140ssg0p81v125c       0 
NR4D0BWP30P140               53     33.390    tcbn28hpcplusbwp30p140ssg0p81v125c       0 
OA211D1BWP30P140              3      2.268    tcbn28hpcplusbwp30p140ssg0p81v125c       0 
OA21D1BWP30P140              10      6.300    tcbn28hpcplusbwp30p140ssg0p81v125c       0 
OA22D1BWP30P140               1      0.882    tcbn28hpcplusbwp30p140ssg0p81v125c       0 
OAI211D1BWP30P140             8      5.040    tcbn28hpcplusbwp30p140ssg0p81v125c       0 
OAI21D0P7BWP30P140            1      0.504    tcbn28hpcplusbwp30p140ssg0p81v125c       0 
OAI21D1BWP30P140            240    120.960    tcbn28hpcplusbwp30p140ssg0p81v125c       0 
OAI221D1BWP30P140             6      5.292    tcbn28hpcplusbwp30p140ssg0p81v125c       0 
OAI222D1BWP30P140             3      3.024    tcbn28hpcplusbwp30p140ssg0p81v125c       0 
OAI22D1BWP30P140             33     20.790    tcbn28hpcplusbwp30p140ssg0p81v125c       0 
OAI31D1BWP30P140              5      3.150    tcbn28hpcplusbwp30p140ssg0p81v125c       0 
OAI32D1BWP30P140              4      3.024    tcbn28hpcplusbwp30p140ssg0p81v125c       0 
OAI33D1BWP30P140             18     15.876    tcbn28hpcplusbwp30p140ssg0p81v125c       0 
OR2D0BWP30P140               39     19.656    tcbn28hpcplusbwp30p140ssg0p81v125c       0 
OR2D1BWP30P140               76     38.304    tcbn28hpcplusbwp30p140ssg0p81v125c       0 
OR3D1BWP30P140                4      2.520    tcbn28hpcplusbwp30p140ssg0p81v125c       0 
OR4D1BWP30P140                5      3.780    tcbn28hpcplusbwp30p140ssg0p81v125c       0 
SDFKCNQARD2BWP30P140          1      2.772    tcbn28hpcplusbwp30p140ssg0p81v125c       0 
XNR2UD1BWP30P140           1994   1758.708    tcbn28hpcplusbwp30p140ssg0p81v125c       0 
XNR3UD1BWP30P140            134    236.376    tcbn28hpcplusbwp30p140ssg0p81v125c       0 
XNR4D1BWP30P140              45    119.070    tcbn28hpcplusbwp30p140ssg0p81v125c       0 
XOR2UD1BWP30P140            410    361.620    tcbn28hpcplusbwp30p140ssg0p81v125c       0 
XOR3D1BWP30P140               1      1.890    tcbn28hpcplusbwp30p140ssg0p81v125c       0 
XOR3UD1BWP30P140            125    220.500    tcbn28hpcplusbwp30p140ssg0p81v125c       0 
XOR4D0BWP30P140              40    105.840    tcbn28hpcplusbwp30p140ssg0p81v125c       0 
XOR4D1BWP30P140              75    198.450    tcbn28hpcplusbwp30p140ssg0p81v125c       0 
-----------------------------------------------------------------------------------------
total                     24546  33788.664                                       


                                                        
            Type             Instances    Area   Area % 
--------------------------------------------------------
sequential                        2946  5998.230   17.8 
inverter                          1665   438.354    1.3 
clock_gating_integrated_cell       110   207.900    0.6 
logic                            19825 27144.180   80.3 
physical_cells                       0     0.000    0.0 
--------------------------------------------------------
total                            24546 33788.664  100.0 

