Cadence Genus(TM) Synthesis Solution.
Copyright 2024 Cadence Design Systems, Inc. All rights reserved worldwide.
Cadence and the Cadence logo are registered trademarks and Genus is a trademark
of Cadence Design Systems, Inc. in the United States and other countries.

[09:52:12.028569] Configured Lic search path (22.01-s003): 5280@paxos.inf.pucrs.br

Version: 22.17-s071_1, built Thu Sep 12 08:37:05 PDT 2024
Options: -files run_logical_synthesis.tcl 
Date:    Fri May 02 09:52:12 2025
Host:    hydra.inf.pucrs.br (x86_64 w/Linux 4.18.0-553.47.1.el8_10.x86_64) (28cores*112cpus*2physical cpus*AMD EPYC 7453 28-Core Processor 512KB) (263420324KB)
PID:     2680690
OS:      Rocky Linux release 8.10 (Green Obsidian)

Checking out license: Genus_Synthesis
[09:52:12.087896] Periodic Lic check successful
[09:52:12.087898] Feature usage summary:
[09:52:12.087898] Genus_Synthesis



***********************************************************************************************************
***********************************************************************************************************



Finished executable startup (0 seconds elapsed).

Loading tool scripts...
Finished loading tool scripts (9 seconds elapsed).

#@ Processing -files option
@genus 1> source run_logical_synthesis.tcl
File 'run_logical_synthesis.tcl' does not exist.
Encountered problems processing file: run_logical_synthesis.tcl
WARNING: This version of the tool is 231 days old.
@genus:root: 2> exit

Lic Summary:
[09:52:26.454923] Cdslmd servers: paxos
[09:52:26.454931] Feature usage summary:
[09:52:26.454931] Genus_Synthesis

Normal exit.