============================================================
  Generated by:           Genus(TM) Synthesis Solution 21.12-s068_1
  Generated on:           Sep 01 2026  04:27:20 pm
  Module:                 Conv
  Library domain:         timing_cond_0p81v_125c
    Domain index:         0
    Technology library:   tcbn28hpcplusbwp30p140ssg0p81v125c 110
  Operating conditions:   ssg0p81v125c 
  Interconnect mode:      global
  Area mode:              physical library
============================================================

       Instance              Module         Cell Count  Cell Area  Net Area   Total Area 
-----------------------------------------------------------------------------------------
Conv                                              6570   8118.936  3012.948    11131.884 
  inverse_row_acc     InverseRowAccumulate         357    325.080   137.819      462.899 
  inverse_row_current InverseRow                    97    169.848    33.045      202.893 
  multip0             Multip                       597    625.716   245.893      871.609 
  multip1             Multip_230                   597    625.716   245.770      871.486 
  multip2             Multip_229                   596    625.716   245.518      871.234 
  multip3             Multip_228                   596    625.716   245.518      871.234 
  trf                 Transform                    968   1401.876   366.811     1768.687 
    matrix_c0         MatrixC0                     484    701.316   127.315      828.631 
    matrix_c1         MatrixC1                     484    700.560   127.315      827.875 
