============================================================
  Generated by:           Genus(TM) Synthesis Solution 21.12-s068_1
  Generated on:           Aug 30 2026  07:34:00 pm
  Module:                 Conv
  Operating conditions:   ssg0p81v125c 
  Interconnect mode:      global
  Area mode:              physical library
============================================================


Path 1: MET (0 ps) Late External Delay Assertion at pin p_output_data_write[19]
           View: analysis_view_0p81v_125c_capwst_slowest
          Group: clk
     Startpoint: (R) r_output_write_count_reg[3]/CP
          Clock: (R) clk
       Endpoint: (R) p_output_data_write[19]
          Clock: (R) clk

                     Capture       Launch     
        Clock Edge:+    2000            0     
       Src Latency:+       0            0     
       Net Latency:+       0 (I)        0 (I) 
           Arrival:=    2000            0     
                                              
      Output Delay:-    1000                  
     Required Time:=    1000                  
      Launch Clock:-       0                  
         Data Path:-    1000                  
             Slack:=       0                  

Exceptions/Constraints:
  output_delay             1000            constraints.sdc_line_25_78_1 

#-----------------------------------------------------------------------------------------------------------------
#         Timing Point           Flags    Arc   Edge        Cell         Fanout Load Trans Delay Arrival Instance 
#                                                                               (fF)  (ps)  (ps)   (ps)  Location 
#-----------------------------------------------------------------------------------------------------------------
  r_output_write_count_reg[3]/CP -       -      R     (arrival)               4    -     0     0       0    (-,-) 
  r_output_write_count_reg[3]/QN -       CP->QN F     DFCND1BWP30P140         4  5.3    33    80      80    (-,-) 
  g43665/ZN                      -       A2->ZN R     ND2D3BWP30P140          5  7.0    22    22     102    (-,-) 
  g43552/Z                       -       A1->Z  R     OR2D2BWP30P140         10 11.5    34    42     144    (-,-) 
  g43429/ZN                      -       I->ZN  F     INVD6BWP30P140         32 27.6    31    25     169    (-,-) 
  g42542/ZN                      -       B1->ZN R     AOI22D1BWP30P140        1  1.3    29    31     200    (-,-) 
  g42149/ZN                      -       A3->ZN F     ND3D1BWP30P140          2  2.0    43    34     234    (-,-) 
  add_801_69_g483/Z              -       A2->Z  F     CKAN2D1BWP30P140        2  2.9    21    39     274    (-,-) 
  add_801_69_g480/CO             -       CI->CO F     FA1D1BWP30P140          1  2.5    23    44     318    (-,-) 
  add_801_69_g479/CO             -       CI->CO F     FA1OPTCD2BWP30P140      1  2.5    17    27     345    (-,-) 
  add_801_69_g478/CO             -       CI->CO F     FA1OPTCD1BWP30P140      1  2.5    23    31     376    (-,-) 
  add_801_69_g477/CO             -       CI->CO F     FA1OPTCD1BWP30P140      1  2.1    21    32     408    (-,-) 
  add_801_69_g476/CO             -       CI->CO F     FA1D1BWP30P140          1  2.5    24    44     452    (-,-) 
  add_801_69_g475/CO             -       CI->CO F     FA1OPTCD1BWP30P140      1  2.5    23    33     485    (-,-) 
  add_801_69_g474/CO             -       CI->CO F     FA1OPTCD1BWP30P140      1  2.5    24    33     518    (-,-) 
  add_801_69_g473/CO             -       CI->CO F     FA1OPTCD1BWP30P140      1  2.5    23    33     551    (-,-) 
  add_801_69_g472/CO             -       CI->CO F     FA1OPTCD1BWP30P140      1  2.5    23    33     584    (-,-) 
  add_801_69_g471/CO             -       CI->CO F     FA1OPTCD1BWP30P140      1  2.1    22    32     616    (-,-) 
  add_801_69_g470/CO             -       CI->CO F     FA1D1BWP30P140          1  2.1    22    43     659    (-,-) 
  add_801_69_g469/CO             -       CI->CO F     FA1D2BWP30P140          1  2.5    19    43     702    (-,-) 
  add_801_69_g468/CO             -       CI->CO F     FA1OPTCD2BWP30P140      1  2.5    18    26     728    (-,-) 
  add_801_69_g467/CO             -       CI->CO F     FA1OPTCD1BWP30P140      1  2.1    22    30     758    (-,-) 
  add_801_69_g466/CO             -       CI->CO F     FA1D1BWP30P140          1  2.1    22    43     802    (-,-) 
  add_801_69_g465/CO             -       CI->CO F     FA1D1BWP30P140          1  2.1    22    43     845    (-,-) 
  add_801_69_g464/CO             -       CI->CO F     FA1D1BWP30P140          1  2.1    22    43     888    (-,-) 
  add_801_69_g463/CO             -       CI->CO F     FA1D1BWP30P140          1  1.4    18    40     929    (-,-) 
  g44329/Z                       -       A1->Z  R     XOR3D2BWP30P140         1  4.8    21    71    1000    (-,-) 
  p_output_data_write[19]        <<<     -      R     (port)                  -    -     -     0    1000    (-,-) 
#-----------------------------------------------------------------------------------------------------------------


