============================================================
  Generated by:           Genus(TM) Synthesis Solution 23.14-s090_1
  Generated on:           Jun 07 2025  06:02:33 pm
  Module:                 conv
  Library domain:         timing_cond_0p81v_125c
    Domain index:         0
    Technology library:   tcbn28hpcplusbwp30p140ssg0p81v125c 110
  Operating conditions:   ssg0p81v125c 
  Interconnect mode:      global
  Area mode:              physical library
============================================================

  Instance      Module     Cell-Count  Cell-Area  Net-Area   Total-Area 
------------------------------------------------------------------------
conv         NA                 10305  13350.330  5504.732    18855.062 
  matrix_a0  MatrixA0             531    999.810   201.277     1201.087 
    csa_p0   CSA_4_558             59    124.236    23.964      148.200 
      layer1 FA_572                20     42.462     0.000       42.462 
      layer2 FA_31_594             20     41.958     0.000       41.958 
    csa_p1   CSA_4_557             59    124.236    23.964      148.200 
      layer1 FA_571                20     42.462     0.000       42.462 
      layer2 FA_31_595             20     41.958     0.000       41.958 
    csa_p2   CSA_4_556             59    124.236    23.964      148.200 
      layer1 FA_570                20     42.462     0.000       42.462 
      layer2 FA_31_596             20     41.958     0.000       41.958 
    csa_p3   CSA_2_77_554          19     39.816     4.541       44.357 
    csa_p4   CSA_2_77_555          19     39.816     4.541       44.357 
    csa_p5   CSA_2_77              19     39.816     4.541       44.357 
    csa_p6   CSA_4_15_568          59    123.228    23.964      147.192 
      layer1 FA_30_578             20     41.454     0.000       41.454 
      layer2 FA_31_597             20     41.958     0.000       41.958 
    csa_p7   CSA_4_15_569          59    123.228    23.964      147.192 
      layer1 FA_30_577             20     41.454     0.000       41.454 
      layer2 FA_31_598             20     41.958     0.000       41.958 
    csa_p8   CSA_4_15              59    123.228    23.964      147.192 
      layer1 FA_30                 20     41.454     0.000       41.454 
      layer2 FA_31                 20     41.958     0.000       41.958 
  matrix_a1  MatrixA1             885   1666.350   335.461     2001.811 
    csa_p0   CSA_4                 59    124.236    23.964      148.200 
      layer1 FA                    20     42.462     0.000       42.462 
      layer2 FA_31_584             20     41.958     0.000       41.958 
    csa_p1   CSA_2_77_549          19     39.816     4.541       44.357 
    csa_p10  CSA_2_77_552          19     39.816     4.541       44.357 
    csa_p11  CSA_4_15_566          59    123.228    23.964      147.192 
      layer1 FA_30_580             20     41.454     0.000       41.454 
      layer2 FA_31_591             20     41.958     0.000       41.958 
    csa_p12  CSA_4_559             59    124.236    23.964      148.200 
      layer1 FA_573                20     42.462     0.000       42.462 
      layer2 FA_31_592             20     41.958     0.000       41.958 
    csa_p13  CSA_2_77_553          19     39.816     4.541       44.357 
    csa_p14  CSA_4_15_567          59    123.228    23.964      147.192 
      layer1 FA_30_579             20     41.454     0.000       41.454 
      layer2 FA_31_593             20     41.958     0.000       41.958 
    csa_p2   CSA_4_15_563          59    123.228    23.964      147.192 
      layer1 FA_30_583             20     41.454     0.000       41.454 
      layer2 FA_31_585             20     41.958     0.000       41.958 
    csa_p3   CSA_4_562             59    124.236    23.964      148.200 
      layer1 FA_576                20     42.462     0.000       42.462 
      layer2 FA_31_586             20     41.958     0.000       41.958 
    csa_p4   CSA_2_77_550          19     39.816     4.541       44.357 
    csa_p5   CSA_4_15_564          59    123.228    23.964      147.192 
      layer1 FA_30_582             20     41.454     0.000       41.454 
      layer2 FA_31_587             20     41.958     0.000       41.958 
    csa_p6   CSA_4_561             59    124.236    23.964      148.200 
      layer1 FA_575                20     42.462     0.000       42.462 
      layer2 FA_31_588             20     41.958     0.000       41.958 
    csa_p7   CSA_2_77_551          19     39.816     4.541       44.357 
    csa_p8   CSA_4_15_565          59    123.228    23.964      147.192 
      layer1 FA_30_581             20     41.454     0.000       41.454 
      layer2 FA_31_589             20     41.958     0.000       41.958 
    csa_p9   CSA_4_560             59    124.236    23.964      148.200 
      layer1 FA_574                20     42.462     0.000       42.462 
      layer2 FA_31_590             20     41.958     0.000       41.958 
  matrix_c0  MatrixC0            1615   2508.030   557.118     3065.148 
    csa_n0   CSA_2_77_529          18     37.674     4.288       41.962 
    csa_n1   CSA_2_505             18     37.674     4.288       41.962 
    csa_n10  CSA_2_77_533          19     39.816     4.541       44.357 
    csa_n11  CSA_2_503             19     39.816     4.541       44.357 
    csa_n12  CSA_2_64_522          20     40.068     4.663       44.731 
    csa_n14  CSA_2_77_534          19     39.816     4.541       44.357 
    csa_n15  CSA_2_77_535          19     39.816     4.541       44.357 
    csa_n16  CSA_2_502             19     39.816     4.541       44.357 
    csa_n17  CSA_2_64_523          20     40.068     4.663       44.731 
    csa_n19  CSA_2_77_536          19     39.816     4.541       44.357 
    csa_n2   CSA_2_64_520          19     37.926     4.411       42.337 
    csa_n20  CSA_2_77_537          19     39.816     4.541       44.357 
    csa_n21  CSA_2_501             19     39.816     4.541       44.357 
    csa_n22  CSA_2_64_524          20     40.068     4.663       44.731 
    csa_n24  CSA_2_77_538          19     39.816     4.541       44.357 
    csa_n4   CSA_2_77_530          18     37.674     4.288       41.962 
    csa_n5   CSA_2_77_531          19     39.816     4.541       44.357 
    csa_n6   CSA_2_504             19     39.816     4.541       44.357 
    csa_n7   CSA_2_64_521          20     40.068     4.663       44.731 
    csa_n9   CSA_2_77_532          19     39.816     4.541       44.357 
    csa_p0   CSA_2                 18     37.674     4.288       41.962 
    csa_p10  CSA_2_514             19     39.816     4.541       44.357 
    csa_p12  CSA_2_513             19     39.816     4.541       44.357 
    csa_p14  CSA_2_512             19     39.816     4.541       44.357 
    csa_p15  CSA_2_511             19     39.816     4.541       44.357 
    csa_p17  CSA_2_510             19     39.816     4.541       44.357 
    csa_p19  CSA_2_509             19     39.816     4.541       44.357 
    csa_p2   CSA_2_519             18     37.674     4.288       41.962 
    csa_p20  CSA_2_508             19     39.816     4.541       44.357 
    csa_p22  CSA_2_507             19     39.816     4.541       44.357 
    csa_p24  CSA_2_506             19     39.816     4.541       44.357 
    csa_p4   CSA_2_518             18     37.674     4.288       41.962 
    csa_p5   CSA_2_517             19     39.816     4.541       44.357 
    csa_p7   CSA_2_516             19     39.816     4.541       44.357 
    csa_p9   CSA_2_515             19     39.816     4.541       44.357 
  matrix_c1  MatrixC1            1635   2531.970   566.141     3098.111 
    csa_n0   CSA_2_77_539          19     39.816     4.541       44.357 
    csa_n1   CSA_2_77_540          19     39.816     4.541       44.357 
    csa_n10  CSA_2_64_525          20     40.068     4.663       44.731 
    csa_n11  CSA_2_64_526          20     40.068     4.663       44.731 
    csa_n12  CSA_2_64_527          20     40.068     4.663       44.731 
    csa_n13  CSA_2_64_528          20     40.068     4.663       44.731 
    csa_n14  CSA_2_64              20     40.068     4.663       44.731 
    csa_n2   CSA_2_77_541          19     39.816     4.541       44.357 
    csa_n20  CSA_2_77_544          19     39.816     4.541       44.357 
    csa_n21  CSA_2_77_545          19     39.816     4.541       44.357 
    csa_n22  CSA_2_77_546          19     39.816     4.541       44.357 
    csa_n23  CSA_2_77_547          19     39.816     4.541       44.357 
    csa_n24  CSA_2_77_548          19     39.816     4.541       44.357 
    csa_n3   CSA_2_77_542          19     39.816     4.541       44.357 
    csa_n4   CSA_2_77_543          19     39.816     4.541       44.357 
    csa_n5   CSA_2_485             19     39.816     4.541       44.357 
    csa_n6   CSA_2_484             19     39.816     4.541       44.357 
    csa_n7   CSA_2_483             19     39.816     4.541       44.357 
    csa_n8   CSA_2_482             19     39.816     4.541       44.357 
    csa_n9   CSA_2_481             19     39.816     4.541       44.357 
    csa_p0   CSA_2_500             19     39.816     4.541       44.357 
    csa_p1   CSA_2_499             19     39.816     4.541       44.357 
    csa_p10  CSA_2_495             19     39.816     4.541       44.357 
    csa_p11  CSA_2_494             19     39.816     4.541       44.357 
    csa_p12  CSA_2_493             19     39.816     4.541       44.357 
    csa_p13  CSA_2_492             19     39.816     4.541       44.357 
    csa_p14  CSA_2_491             19     39.816     4.541       44.357 
    csa_p2   CSA_2_498             19     39.816     4.541       44.357 
    csa_p20  CSA_2_490             19     39.816     4.541       44.357 
    csa_p21  CSA_2_489             19     39.816     4.541       44.357 
    csa_p22  CSA_2_488             19     39.816     4.541       44.357 
    csa_p23  CSA_2_487             19     39.816     4.541       44.357 
    csa_p24  CSA_2_486             19     39.816     4.541       44.357 
    csa_p3   CSA_2_497             19     39.816     4.541       44.357 
    csa_p4   CSA_2_496             19     39.816     4.541       44.357 
