============================================================
  Generated by:           Genus(TM) Synthesis Solution 23.14-s090_1
  Generated on:           Jun 07 2025  06:02:31 pm
  Module:                 conv
  Library domain:         timing_cond_0p81v_125c
    Domain index:         0
    Technology library:   tcbn28hpcplusbwp30p140ssg0p81v125c 110
  Operating conditions:   ssg0p81v125c 
  Interconnect mode:      global
  Area mode:              physical library
============================================================


Summary
-------
--------------------------------------------------------------------------
            Category            Number     %    Average Toggle Saving %   
--------------------------------------------------------------------------
 Total Clock Gating Instances        5  100.00                         -  
--------------------------------------------------------------------------
 RC Clock Gating Instances           5  100.00                     68.15  
 Non-RC Clock Gating Instances       0    0.00                      0.00  
--------------------------------------------------------------------------
 RC Gated Flip-flops               500   99.01                     68.15  
 Non-RC Gated Flip-flops             0    0.00                      0.00  
--------------------------------------------------------------------------
 Total Gated Flip-flops            500   99.01                         -  
 Total Ungated Flip-flops            5    0.99                         -  
 Enable signal is constant           4   80.00                         -  
 Register bank width too small       1   20.00                         -  
--------------------------------------------------------------------------
 Total Flip-flops                  505  100.00                         -  
--------------------------------------------------------------------------
Multibit Flip-flop Summary
--------------------------
-------------------------------------------------------
Width     Number     Bits     RC Gated     Ungated     
-------------------------------------------------------
1-bit     505        505      500 (99.01%) 5 (0.99%)   
-------------------------------------------------------


