============================================================
  Generated by:           Genus(TM) Synthesis Solution 22.17-s071_1
  Generated on:           May 01 2025  02:59:19 pm
  Module:                 conv
  Library domain:         timing_cond_0p81v_125c
    Domain index:         0
    Technology library:   tcbn28hpcplusbwp30p140ssg0p81v125c 110
  Operating conditions:   ssg0p81v125c 
  Interconnect mode:      global
  Area mode:              physical library
============================================================

                                                                                Library 
        Gate         Instances    Area                   Library                 Domain 
----------------------------------------------------------------------------------------
AN2D1BWP30P140              15      7.560    tcbn28hpcplusbwp30p140ssg0p81v125c       0 
AN2D2BWP30P140               2      1.260    tcbn28hpcplusbwp30p140ssg0p81v125c       0 
AN2D6BWP30P140               1      1.386    tcbn28hpcplusbwp30p140ssg0p81v125c       0 
AN3D0BWP30P140               1      0.630    tcbn28hpcplusbwp30p140ssg0p81v125c       0 
AN3D1BWP30P140               5      3.150    tcbn28hpcplusbwp30p140ssg0p81v125c       0 
AN3D6BWP30P140               1      1.638    tcbn28hpcplusbwp30p140ssg0p81v125c       0 
AN4D1BWP30P140              10      7.560    tcbn28hpcplusbwp30p140ssg0p81v125c       0 
AO211D1BWP30P140           180    136.080    tcbn28hpcplusbwp30p140ssg0p81v125c       0 
AO21D1BWP30P140             15      9.450    tcbn28hpcplusbwp30p140ssg0p81v125c       0 
AO22D0BWP30P140            855    646.380    tcbn28hpcplusbwp30p140ssg0p81v125c       0 
AOI211D1BWP30P140           10      6.300    tcbn28hpcplusbwp30p140ssg0p81v125c       0 
AOI21D1BWP30P140            35     17.640    tcbn28hpcplusbwp30p140ssg0p81v125c       0 
AOI221D1BWP30P140          495    374.220    tcbn28hpcplusbwp30p140ssg0p81v125c       0 
AOI222D1BWP30P140          430    433.440    tcbn28hpcplusbwp30p140ssg0p81v125c       0 
AOI22D1BWP30P140           150     94.500    tcbn28hpcplusbwp30p140ssg0p81v125c       0 
AOI31D1BWP30P140             5      3.150    tcbn28hpcplusbwp30p140ssg0p81v125c       0 
BUFFD3BWP30P140              2      1.260    tcbn28hpcplusbwp30p140ssg0p81v125c       0 
CKAN2D1BWP30P140            57     28.728    tcbn28hpcplusbwp30p140ssg0p81v125c       0 
CKLNQD1BWP30P140             6     11.340    tcbn28hpcplusbwp30p140ssg0p81v125c       0 
CKMUX2D0BWP30P140           25     22.050    tcbn28hpcplusbwp30p140ssg0p81v125c       0 
CKND1BWP30P140            1251    315.252    tcbn28hpcplusbwp30p140ssg0p81v125c       0 
CKND2D1BWP30P140           163     61.614    tcbn28hpcplusbwp30p140ssg0p81v125c       0 
DFCND1BWP30P140              2      5.040    tcbn28hpcplusbwp30p140ssg0p81v125c       0 
DFCNQD1BWP30P140           501   1136.268    tcbn28hpcplusbwp30p140ssg0p81v125c       0 
EDFCNQD1BWP30P140            1      2.898    tcbn28hpcplusbwp30p140ssg0p81v125c       0 
FA1D0BWP30P140            1077   2306.934    tcbn28hpcplusbwp30p140ssg0p81v125c       0 
FA1D1BWP30P140            2619   5609.898    tcbn28hpcplusbwp30p140ssg0p81v125c       0 
HA1D0BWP30P140              56     91.728    tcbn28hpcplusbwp30p140ssg0p81v125c       0 
HA1D1BWP30P140             175    286.650    tcbn28hpcplusbwp30p140ssg0p81v125c       0 
IAO21D1BWP30P140             5      3.150    tcbn28hpcplusbwp30p140ssg0p81v125c       0 
IND2D0BWP30P140              2      1.008    tcbn28hpcplusbwp30p140ssg0p81v125c       0 
IND2D1BWP30P140             29     14.616    tcbn28hpcplusbwp30p140ssg0p81v125c       0 
IND3D1BWP30P140             10      6.300    tcbn28hpcplusbwp30p140ssg0p81v125c       0 
INR2D1BWP30P140             84     42.336    tcbn28hpcplusbwp30p140ssg0p81v125c       0 
INR3D0BWP30P140              6      3.780    tcbn28hpcplusbwp30p140ssg0p81v125c       0 
INVD0P7BWP30P140            11      2.772    tcbn28hpcplusbwp30p140ssg0p81v125c       0 
INVD6BWP30P140               3      2.646    tcbn28hpcplusbwp30p140ssg0p81v125c       0 
IOA21D0BWP30P140             1      0.630    tcbn28hpcplusbwp30p140ssg0p81v125c       0 
IOA21D1BWP30P140            37     23.310    tcbn28hpcplusbwp30p140ssg0p81v125c       0 
LHQD1BWP30P140              87    109.620    tcbn28hpcplusbwp30p140ssg0p81v125c       0 
LNQD1BWP30P140              93    117.180    tcbn28hpcplusbwp30p140ssg0p81v125c       0 
MAOI22D1BWP30P140            5      3.780    tcbn28hpcplusbwp30p140ssg0p81v125c       0 
ND2D1BWP30P140             595    224.910    tcbn28hpcplusbwp30p140ssg0p81v125c       0 
ND2D3BWP30P140               1      0.882    tcbn28hpcplusbwp30p140ssg0p81v125c       0 
ND2OPTIBD1BWP30P140          7      2.646    tcbn28hpcplusbwp30p140ssg0p81v125c       0 
ND3D1BWP30P140               6      3.024    tcbn28hpcplusbwp30p140ssg0p81v125c       0 
NR2D1BWP30P140              62     23.436    tcbn28hpcplusbwp30p140ssg0p81v125c       0 
NR2OPTIBD1BWP30P140         47     17.766    tcbn28hpcplusbwp30p140ssg0p81v125c       0 
NR3D0P7BWP30P140            10      5.040    tcbn28hpcplusbwp30p140ssg0p81v125c       0 
NR4D0BWP30P140              10      6.300    tcbn28hpcplusbwp30p140ssg0p81v125c       0 
OA21D1BWP30P140             15      9.450    tcbn28hpcplusbwp30p140ssg0p81v125c       0 
OAI211D1BWP30P140           15      9.450    tcbn28hpcplusbwp30p140ssg0p81v125c       0 
OAI21D0BWP30P140             5      2.520    tcbn28hpcplusbwp30p140ssg0p81v125c       0 
OAI21D1BWP30P140            91     45.864    tcbn28hpcplusbwp30p140ssg0p81v125c       0 
OAI31D1BWP30P140             5      3.150    tcbn28hpcplusbwp30p140ssg0p81v125c       0 
OAI32D1BWP30P140             5      3.780    tcbn28hpcplusbwp30p140ssg0p81v125c       0 
OAI33D1BWP30P140             5      4.410    tcbn28hpcplusbwp30p140ssg0p81v125c       0 
OR2D0BWP30P140               5      2.520    tcbn28hpcplusbwp30p140ssg0p81v125c       0 
OR2D1BWP30P140              29     14.616    tcbn28hpcplusbwp30p140ssg0p81v125c       0 
OR3D1BWP30P140               5      3.150    tcbn28hpcplusbwp30p140ssg0p81v125c       0 
OR4D1BWP30P140               5      3.780    tcbn28hpcplusbwp30p140ssg0p81v125c       0 
SDFCNQARD1BWP30P140          1      2.898    tcbn28hpcplusbwp30p140ssg0p81v125c       0 
XNR2UD1BWP30P140           610    538.020    tcbn28hpcplusbwp30p140ssg0p81v125c       0 
XNR3UD0BWP30P140             8     14.112    tcbn28hpcplusbwp30p140ssg0p81v125c       0 
XNR3UD1BWP30P140            50     88.200    tcbn28hpcplusbwp30p140ssg0p81v125c       0 
XNR4D1BWP30P140             15     39.690    tcbn28hpcplusbwp30p140ssg0p81v125c       0 
XOR2UD1BWP30P140            68     59.976    tcbn28hpcplusbwp30p140ssg0p81v125c       0 
XOR3UD0BWP30P140            56     98.784    tcbn28hpcplusbwp30p140ssg0p81v125c       0 
XOR3UD1BWP30P140            85    149.940    tcbn28hpcplusbwp30p140ssg0p81v125c       0 
XOR4D0BWP30P140              5     13.230    tcbn28hpcplusbwp30p140ssg0p81v125c       0 
----------------------------------------------------------------------------------------
total                    10339  13346.676                                       


                                                        
            Type             Instances    Area   Area % 
--------------------------------------------------------
sequential                         685  1373.904   10.3 
inverter                          1265   320.670    2.4 
buffer                               2     1.260    0.0 
clock_gating_integrated_cell         6    11.340    0.1 
logic                             8381 11639.502   87.2 
physical_cells                       0     0.000    0.0 
--------------------------------------------------------
total                            10339 13346.676  100.0 

