============================================================
  Generated by:           Genus(TM) Synthesis Solution 23.14-s090_1
  Generated on:           Jun 07 2025  06:02:33 pm
  Module:                 conv
  Operating conditions:   ssg0p81v125c 
  Interconnect mode:      global
  Area mode:              physical library
============================================================


Path 1: MET (1 ps) Setup Check with Pin registers_reg[0][19]/CP->D
           View: analysis_view_0p81v_125c_capwst_slowest
          Group: clk
     Startpoint: (R) EA_reg[1]/CP
          Clock: (R) clk
       Endpoint: (R) registers_reg[0][19]/D
          Clock: (R) clk

                     Capture       Launch     
        Clock Edge:+    2000            0     
       Src Latency:+       0            0     
       Net Latency:+       0 (I)        0 (I) 
           Arrival:=    2000            0     
                                              
             Setup:-      26                  
     Required Time:=    1974                  
      Launch Clock:-       0                  
         Data Path:-    1973                  
             Slack:=       1                  

#------------------------------------------------------------------------------------------------------------
#       Timing Point        Flags    Arc   Edge       Cell         Fanout  Load Trans Delay Arrival Instance 
#                                                                          (fF)  (ps)  (ps)   (ps)  Location 
#------------------------------------------------------------------------------------------------------------
  EA_reg[1]/CP              -       -      R     (arrival)             10     -     0     0       0    (-,-) 
  EA_reg[1]/Q               -       CP->Q  R     DFCNQD1BWP30P140       9   8.1    48    76      76    (-,-) 
  g21150/Z                  -       A2->Z  R     OR2D1BWP30P140         3   3.0    22    37     113    (-,-) 
  g21143/ZN                 -       B1->ZN F     INR2D1BWP30P140        2   2.0    17    16     129    (-,-) 
  g21094/ZN                 -       I->ZN  R     CKND1BWP30P140         6   7.1    46    34     163    (-,-) 
  g21093/ZN                 -       I->ZN  F     CKND4BWP30P140       194 156.0   199   126     289    (-,-) 
  g20804/Z                  -       B1->Z  F     AO22D0BWP30P140        1   1.3    25    84     373    (-,-) 
  g20404/Z                  -       A1->Z  F     OR3D2BWP30P140        21  19.9    57    67     440    (-,-) 
  mul_91_64_g6028/ZN        -       I->ZN  R     CKND1BWP30P140         3   3.0    31    33     472    (-,-) 
  mul_91_64_g6009/ZN        -       A1->ZN F     NR2D1BWP30P140         2   2.9    27    21     493    (-,-) 
  mul_91_64_g5892/CO        -       CI->CO F     FA1D1BWP30P140         1   2.1    22    45     539    (-,-) 
  mul_91_64_g5785/CO        -       CI->CO F     FA1D1BWP30P140         1   2.1    22    44     582    (-,-) 
  mul_91_64_g5756/CO        -       CI->CO F     FA1D1BWP30P140         1   2.1    24    44     626    (-,-) 
  mul_91_64_g5737/CO        -       CI->CO F     FA1D1BWP30P140         1   2.1    24    44     670    (-,-) 
  mul_91_64_g5715/CO        -       CI->CO F     FA1D1BWP30P140         1   2.1    24    44     715    (-,-) 
  mul_91_64_g5701/CO        -       CI->CO F     FA1D1BWP30P140         1   2.1    24    44     759    (-,-) 
  mul_91_64_g5687/CO        -       CI->CO F     FA1D1BWP30P140         1   2.1    24    44     803    (-,-) 
  mul_91_64_g5674/CO        -       CI->CO F     FA1D1BWP30P140         1   2.1    24    44     848    (-,-) 
  mul_91_64_g5661/CO        -       CI->CO F     FA1D1BWP30P140         1   2.1    24    44     892    (-,-) 
  mul_91_64_g5646/CO        -       CI->CO F     FA1D1BWP30P140         1   2.1    24    44     937    (-,-) 
  mul_91_64_g5630/CO        -       CI->CO F     FA1D1BWP30P140         1   2.1    24    44     981    (-,-) 
  mul_91_64_g5617/CO        -       CI->CO F     FA1D1BWP30P140         1   2.1    24    44    1025    (-,-) 
  mul_91_64_g5605/CO        -       CI->CO F     FA1D1BWP30P140         1   2.1    23    44    1069    (-,-) 
  mul_91_64_g5593/CO        -       CI->CO F     FA1D1BWP30P140         1   2.1    23    44    1113    (-,-) 
  mul_91_64_g5582/CO        -       CI->CO F     FA1D1BWP30P140         1   2.1    23    44    1157    (-,-) 
  mul_91_64_g5571/CO        -       CI->CO F     FA1D1BWP30P140         1   2.1    23    44    1201    (-,-) 
  mul_91_64_g5562/S         -       CI->S  R     FA1D1BWP30P140         4   3.9    37    82    1283    (-,-) 
  mul_91_64_g5554/ZN        -       A1->ZN F     AOI221D1BWP30P140      1   1.8    75    27    1310    (-,-) 
  mul_91_64_g5548/ZN        -       A1->ZN F     XNR2UD1BWP30P140       1   2.1    47    44    1354    (-,-) 
  mul_91_64_cdnfadd_021_4/S -       CI->S  F     FA1D1BWP30P140         1   2.6    28    74    1428    (-,-) 
  mul_91_64_cdnfadd_021_5/S -       B->S   R     FA1D1BWP30P140         1   1.3    23    84    1512    (-,-) 
  mul_91_64_g5485/ZN        -       I->ZN  F     CKND1BWP30P140         2   2.1    19    16    1528    (-,-) 
  mul_91_64_g5480/ZN        -       A1->ZN R     ND2D1BWP30P140         3   2.9    22    19    1547    (-,-) 
  mul_91_64_g5473/ZN        -       A1->ZN F     CKND2D1BWP30P140       2   2.0    26    20    1567    (-,-) 
  mul_91_64_g5472/ZN        -       B2->ZN R     INR3D0BWP30P140        2   2.1    71    52    1619    (-,-) 
  mul_91_64_g5464/ZN        -       B1->ZN F     AOI221D1BWP30P140      1   1.3    46    39    1658    (-,-) 
  mul_91_64_g5462/ZN        -       B->ZN  R     OAI21D1BWP30P140       3   3.5    45    34    1692    (-,-) 
  mul_91_64_g5461/Z         -       A1->Z  R     AN3D1BWP30P140         1   1.4    19    45    1736    (-,-) 
  mul_91_64_g5459/Z         -       B->Z   R     AO211D1BWP30P140       1   2.1    18    29    1765    (-,-) 
  mul_91_64_g5456/CO        -       CI->CO R     FA1D1BWP30P140         1   1.3    17    34    1799    (-,-) 
  mul_91_64_g5455/Z         -       A3->Z  R     XOR3UD1BWP30P140       6   5.3    73    60    1860    (-,-) 
  g24954/ZN                 -       A1->ZN F     CKND2D1BWP30P140       3   3.0    58    35    1895    (-,-) 
  g24767/ZN                 -       I->ZN  R     CKND1BWP30P140         3   3.0    32    33    1928    (-,-) 
  g24716/ZN                 -       B->ZN  F     AOI21D1BWP30P140       1   1.3    84    19    1946    (-,-) 
  g24286/ZN                 -       B->ZN  R     IOA21D1BWP30P140       1   1.3    28    26    1973    (-,-) 
  registers_reg[0][19]/D    <<<     -      R     DFCNQD1BWP30P140       1     -     -     0    1973    (-,-) 
#------------------------------------------------------------------------------------------------------------


