============================================================
  Generated by:           Genus(TM) Synthesis Solution 23.14-s090_1
  Generated on:           Jun 07 2025  06:02:45 pm
  Module:                 conv
  Operating conditions:   ssg0p81v125c 
  Operating conditions:   tt0p9v25c 
  Interconnect mode:      global
  Area mode:              physical library
============================================================


Path 1: MET (391 ps) Setup Check with Pin registers_reg[0][19]/CP->D
           View: analysis_view_0p90v_25c_captyp_nominal
          Group: clk
     Startpoint: (R) EA_reg[0]/CP
          Clock: (R) clk
       Endpoint: (F) registers_reg[0][19]/D
          Clock: (R) clk

                     Capture       Launch     
        Clock Edge:+    2000            0     
       Src Latency:+       0            0     
       Net Latency:+       0 (I)        0 (I) 
           Arrival:=    2000            0     
                                              
             Setup:-       7                  
     Required Time:=    1993                  
      Launch Clock:-       0                  
         Data Path:-    1602                  
             Slack:=     391                  

#-------------------------------------------------------------------------------------------------------------
#       Timing Point         Flags    Arc   Edge       Cell         Fanout  Load Trans Delay Arrival Instance 
#                                                                           (fF)  (ps)  (ps)   (ps)  Location 
#-------------------------------------------------------------------------------------------------------------
  EA_reg[0]/CP               -       -      R     (arrival)             10     -     0     0       0    (-,-) 
  EA_reg[0]/Q                -       CP->Q  F     DFCND1BWP30P140       11  11.3    50    73      73    (-,-) 
  g21152/ZN                  -       A1->ZN R     ND2D1BWP30P140         4   4.5    29    29     102    (-,-) 
  g21042/ZN                  -       A1->ZN F     NR2D1BWP30P140         7   7.0    34    28     130    (-,-) 
  g21039/Z                   -       I->Z   F     BUFFD3BWP30P140       71  66.0    90    70     200    (-,-) 
  g21028/ZN                  -       I->ZN  R     CKND1BWP30P140         1   2.0    30    28     228    (-,-) 
  g21024/ZN                  -       I->ZN  F     CKND2BWP30P140       124 117.8   251   151     380    (-,-) 
  g20716/Z                   -       B1->Z  F     AO22D0BWP30P140        1   1.6    24    79     459    (-,-) 
  g20360/Z                   -       C->Z   F     AO211D1BWP30P140      27  30.8   131   105     564    (-,-) 
  mul_91_64_g5989/Z          -       A1->Z  F     XOR2UD1BWP30P140       2   2.5    49    49     613    (-,-) 
  mul_91_64_g5978/ZN         -       B1->ZN R     INR2D1BWP30P140       20  20.8   147   102     714    (-,-) 
  mul_91_64_g5932/ZN         -       A1->ZN F     OAI21D1BWP30P140       1   2.0    51    35     750    (-,-) 
  mul_91_64_g5891/ZN         -       A1->ZN F     XNR2UD1BWP30P140       1   2.6    55    33     782    (-,-) 
  mul_91_64_g5775/S          -       B->S   F     HA1D1BWP30P140         1   2.9    18    33     815    (-,-) 
  mul_91_64_cdnfadd_006_0/CO -       A->CO  F     FA1D1BWP30P140         1   2.2    16    38     853    (-,-) 
  mul_91_64_cdnfadd_007_0/S  -       CI->S  F     FA1D1BWP30P140         2   2.6    20    48     902    (-,-) 
  mul_91_64_g5648/Z          -       A1->Z  F     OR2D1BWP30P140         2   2.6    15    23     925    (-,-) 
  mul_91_64_g5647/ZN         -       B->ZN  R     OAI21D1BWP30P140       2   2.8    31    17     942    (-,-) 
  mul_91_64_g5638/Z          -       B->Z   R     AO211D1BWP30P140       1   1.5    12    24     966    (-,-) 
  mul_91_64_g5631/ZN         -       A1->ZN F     OAI221D1BWP30P140      1   2.2    46    29     995    (-,-) 
  mul_91_64_g5599/CO         -       CI->CO F     FA1D1BWP30P140         1   2.2    16    42    1037    (-,-) 
  mul_91_64_g5572/CO         -       CI->CO F     FA1D1BWP30P140         1   2.2    16    32    1069    (-,-) 
  mul_91_64_g5552/CO         -       CI->CO F     FA1D1BWP30P140         1   2.2    16    32    1102    (-,-) 
  mul_91_64_g5535/CO         -       CI->CO F     FA1D1BWP30P140         1   2.2    16    32    1134    (-,-) 
  mul_91_64_g5531/CO         -       CI->CO F     FA1D1BWP30P140         1   2.2    16    32    1166    (-,-) 
  mul_91_64_g5527/CO         -       CI->CO F     FA1D1BWP30P140         1   2.2    16    32    1198    (-,-) 
  mul_91_64_g5524/CO         -       CI->CO F     FA1D1BWP30P140         1   2.2    16    32    1230    (-,-) 
  mul_91_64_g5522/CO         -       CI->CO F     FA1D1BWP30P140         2   2.6    17    33    1263    (-,-) 
  mul_91_64_g5513/ZN         -       A1->ZN R     CKND2D1BWP30P140       2   2.6    24    20    1283    (-,-) 
  mul_91_64_g5508/Z          -       A2->Z  R     OR2D1BWP30P140         2   2.6    15    25    1308    (-,-) 
  mul_91_64_g5501/Z          -       A1->Z  R     OR3D1BWP30P140         2   2.6    15    26    1334    (-,-) 
  mul_91_64_g5462/ZN         -       A2->ZN F     OAI21D1BWP30P140       3   3.9    40    28    1361    (-,-) 
  mul_91_64_g5461/Z          -       A1->Z  F     AN3D1BWP30P140         1   1.6    11    27    1388    (-,-) 
  mul_91_64_g5459/Z          -       B->Z   F     AO211D1BWP30P140       1   2.2    16    34    1422    (-,-) 
  mul_91_64_g5456/CO         -       CI->CO F     FA1D1BWP30P140         1   1.5    13    30    1452    (-,-) 
  mul_91_64_g5455/Z          -       A3->Z  F     XOR3UD1BWP30P140       6   6.3    53    43    1495    (-,-) 
  g24954/ZN                  -       A1->ZN R     CKND2D1BWP30P140       3   3.6    58    35    1530    (-,-) 
  g24767/ZN                  -       I->ZN  F     CKND1BWP30P140         3   3.6    29    25    1556    (-,-) 
  g24716/ZN                  -       B->ZN  R     AOI21D1BWP30P140       1   1.5    76    24    1579    (-,-) 
  g24286/ZN                  -       B->ZN  F     IOA21D1BWP30P140       1   1.5    30    22    1602    (-,-) 
  registers_reg[0][19]/D     <<<     -      F     DFCNQD1BWP30P140       1     -     -     0    1602    (-,-) 
#-------------------------------------------------------------------------------------------------------------


