============================================================
  Generated by:           Genus(TM) Synthesis Solution 21.12-s068_1
  Generated on:           Jan 27 2026  06:18:47 pm
  Module:                 Conv
  Library domain:         timing_cond_0p81v_125c
    Domain index:         0
    Technology library:   tcbn28hpcplusbwp30p140ssg0p81v125c 110
  Operating conditions:   ssg0p81v125c 
  Interconnect mode:      global
  Area mode:              physical library
============================================================

      Instance        Module   Cell Count  Cell Area  Net Area   Total Area 
----------------------------------------------------------------------------
Conv                                22371  23713.830 10544.283    34258.113 
  genblk1[0].multip Multip            668    684.306   274.003      958.309 
  genblk1[1].multip Multip_88         695    685.440   279.766      965.206 
  genblk1[2].multip Multip_87         696    685.188   280.018      965.206 
  genblk1[3].multip Multip_86         694    685.944   279.513      965.457 
  inv               Inverse          8631   8480.304  3192.305    11672.609 
    matrix_a0       MatrixA0         2402   2631.510   834.109     3465.619 
    matrix_a1       MatrixA1         6229   5848.794  2082.220     7931.014 
  mux_mult          MuxMult             4      2.016     0.000        2.016 
  trf               Transform        4497   6763.806  1888.466     8652.272 
    matrix_c0       MatrixC0         2065   3125.052   683.884     3808.936 
    matrix_c1       MatrixC1         2432   3638.754   805.281     4444.035 
