============================================================
  Generated by:           Genus(TM) Synthesis Solution 21.12-s068_1
  Generated on:           Sep 13 2026  04:50:04 am
  Module:                 Conv
  Operating conditions:   ssg0p81v125c 
  Operating conditions:   tt0p9v25c 
  Operating conditions:   ffg0p99vm40c 
  Interconnect mode:      global
  Area mode:              physical library
============================================================

-------------------------------------------------------------------------------
Sequential clock pins without clock waveform

The following sequential clock pins have no clock waveform driving them in mode 
'analysis_view_0p99v_m40c_capbst_fastest'.  No timing constraints will be       
derived for paths leading to or from these pins. (Pin | Source | Reason)        

{pin:Conv/r_input_feat_reg[0][0]/EN} {pin:Conv/st_input_current_reg[2]/Q} {Disabled timing*}
{pin:Conv/r_input_feat_reg[0][10]/EN} {pin:Conv/st_input_current_reg[2]/Q} {Disabled timing*}
{pin:Conv/r_input_feat_reg[0][11]/EN} {pin:Conv/st_input_current_reg[2]/Q} {Disabled timing*}
{pin:Conv/r_input_feat_reg[0][12]/EN} {pin:Conv/st_input_current_reg[2]/Q} {Disabled timing*}
{pin:Conv/r_input_feat_reg[0][13]/EN} {pin:Conv/st_input_current_reg[2]/Q} {Disabled timing*}
{pin:Conv/r_input_feat_reg[0][14]/EN} {pin:Conv/st_input_current_reg[2]/Q} {Disabled timing*}
{pin:Conv/r_input_feat_reg[0][15]/EN} {pin:Conv/st_input_current_reg[2]/Q} {Disabled timing*}
{pin:Conv/r_input_feat_reg[0][16]/EN} {pin:Conv/st_input_current_reg[2]/Q} {Disabled timing*}
{pin:Conv/r_input_feat_reg[0][17]/EN} {pin:Conv/st_input_current_reg[2]/Q} {Disabled timing*}
{pin:Conv/r_input_feat_reg[0][18]/EN} {pin:Conv/st_input_current_reg[2]/Q} {Disabled timing*}
{pin:Conv/r_input_feat_reg[0][19]/EN} {pin:Conv/st_input_current_reg[2]/Q} {Disabled timing*}
{pin:Conv/r_input_feat_reg[0][1]/EN} {pin:Conv/st_input_current_reg[2]/Q} {Disabled timing*}
{pin:Conv/r_input_feat_reg[0][2]/EN} {pin:Conv/st_input_current_reg[2]/Q} {Disabled timing*}
{pin:Conv/r_input_feat_reg[0][3]/EN} {pin:Conv/st_input_current_reg[2]/Q} {Disabled timing*}
{pin:Conv/r_input_feat_reg[0][4]/EN} {pin:Conv/st_input_current_reg[2]/Q} {Disabled timing*}
{pin:Conv/r_input_feat_reg[0][5]/EN} {pin:Conv/st_input_current_reg[2]/Q} {Disabled timing*}
{pin:Conv/r_input_feat_reg[0][6]/EN} {pin:Conv/st_input_current_reg[2]/Q} {Disabled timing*}
{pin:Conv/r_input_feat_reg[0][7]/EN} {pin:Conv/st_input_current_reg[2]/Q} {Disabled timing*}
{pin:Conv/r_input_feat_reg[0][8]/EN} {pin:Conv/st_input_current_reg[2]/Q} {Disabled timing*}
{pin:Conv/r_input_feat_reg[0][9]/EN} {pin:Conv/st_input_current_reg[2]/Q} {Disabled timing*}
{pin:Conv/r_input_feat_reg[10][0]/EN} {pin:Conv/st_input_current_reg[2]/Q} {Disabled timing*}
{pin:Conv/r_input_feat_reg[10][10]/EN} {pin:Conv/st_input_current_reg[2]/Q} {Disabled timing*}
{pin:Conv/r_input_feat_reg[10][11]/EN} {pin:Conv/st_input_current_reg[2]/Q} {Disabled timing*}
{pin:Conv/r_input_feat_reg[10][12]/EN} {pin:Conv/st_input_current_reg[2]/Q} {Disabled timing*}
{pin:Conv/r_input_feat_reg[10][13]/EN} {pin:Conv/st_input_current_reg[2]/Q} {Disabled timing*}
{pin:Conv/r_input_feat_reg[10][14]/EN} {pin:Conv/st_input_current_reg[2]/Q} {Disabled timing*}
{pin:Conv/r_input_feat_reg[10][15]/EN} {pin:Conv/st_input_current_reg[2]/Q} {Disabled timing*}
{pin:Conv/r_input_feat_reg[10][16]/EN} {pin:Conv/st_input_current_reg[2]/Q} {Disabled timing*}
{pin:Conv/r_input_feat_reg[10][17]/EN} {pin:Conv/st_input_current_reg[2]/Q} {Disabled timing*}
{pin:Conv/r_input_feat_reg[10][18]/EN} {pin:Conv/st_input_current_reg[2]/Q} {Disabled timing*}
{pin:Conv/r_input_feat_reg[10][19]/EN} {pin:Conv/st_input_current_reg[2]/Q} {Disabled timing*}
{pin:Conv/r_input_feat_reg[10][1]/EN} {pin:Conv/st_input_current_reg[2]/Q} {Disabled timing*}
{pin:Conv/r_input_feat_reg[10][2]/EN} {pin:Conv/st_input_current_reg[2]/Q} {Disabled timing*}
{pin:Conv/r_input_feat_reg[10][3]/EN} {pin:Conv/st_input_current_reg[2]/Q} {Disabled timing*}
{pin:Conv/r_input_feat_reg[10][4]/EN} {pin:Conv/st_input_current_reg[2]/Q} {Disabled timing*}
{pin:Conv/r_input_feat_reg[10][5]/EN} {pin:Conv/st_input_current_reg[2]/Q} {Disabled timing*}
{pin:Conv/r_input_feat_reg[10][6]/EN} {pin:Conv/st_input_current_reg[2]/Q} {Disabled timing*}
{pin:Conv/r_input_feat_reg[10][7]/EN} {pin:Conv/st_input_current_reg[2]/Q} {Disabled timing*}
{pin:Conv/r_input_feat_reg[10][8]/EN} {pin:Conv/st_input_current_reg[2]/Q} {Disabled timing*}
{pin:Conv/r_input_feat_reg[10][9]/EN} {pin:Conv/st_input_current_reg[2]/Q} {Disabled timing*}
{pin:Conv/r_input_feat_reg[11][0]/EN} {pin:Conv/st_input_current_reg[2]/Q} {Disabled timing*}
{pin:Conv/r_input_feat_reg[11][10]/EN} {pin:Conv/st_input_current_reg[2]/Q} {Disabled timing*}
{pin:Conv/r_input_feat_reg[11][11]/EN} {pin:Conv/st_input_current_reg[2]/Q} {Disabled timing*}
{pin:Conv/r_input_feat_reg[11][12]/EN} {pin:Conv/st_input_current_reg[2]/Q} {Disabled timing*}
{pin:Conv/r_input_feat_reg[11][13]/EN} {pin:Conv/st_input_current_reg[2]/Q} {Disabled timing*}
{pin:Conv/r_input_feat_reg[11][14]/EN} {pin:Conv/st_input_current_reg[2]/Q} {Disabled timing*}
{pin:Conv/r_input_feat_reg[11][15]/EN} {pin:Conv/st_input_current_reg[2]/Q} {Disabled timing*}
{pin:Conv/r_input_feat_reg[11][16]/EN} {pin:Conv/st_input_current_reg[2]/Q} {Disabled timing*}
{pin:Conv/r_input_feat_reg[11][17]/EN} {pin:Conv/st_input_current_reg[2]/Q} {Disabled timing*}
{pin:Conv/r_input_feat_reg[11][18]/EN} {pin:Conv/st_input_current_reg[2]/Q} {Disabled timing*}
{pin:Conv/r_input_feat_reg[11][19]/EN} {pin:Conv/st_input_current_reg[2]/Q} {Disabled timing*}
{pin:Conv/r_input_feat_reg[11][1]/EN} {pin:Conv/st_input_current_reg[2]/Q} {Disabled timing*}
{pin:Conv/r_input_feat_reg[11][2]/EN} {pin:Conv/st_input_current_reg[2]/Q} {Disabled timing*}
{pin:Conv/r_input_feat_reg[11][3]/EN} {pin:Conv/st_input_current_reg[2]/Q} {Disabled timing*}
{pin:Conv/r_input_feat_reg[11][4]/EN} {pin:Conv/st_input_current_reg[2]/Q} {Disabled timing*}
{pin:Conv/r_input_feat_reg[11][5]/EN} {pin:Conv/st_input_current_reg[2]/Q} {Disabled timing*}
{pin:Conv/r_input_feat_reg[11][6]/EN} {pin:Conv/st_input_current_reg[2]/Q} {Disabled timing*}
{pin:Conv/r_input_feat_reg[11][7]/EN} {pin:Conv/st_input_current_reg[2]/Q} {Disabled timing*}
{pin:Conv/r_input_feat_reg[11][8]/EN} {pin:Conv/st_input_current_reg[2]/Q} {Disabled timing*}
{pin:Conv/r_input_feat_reg[11][9]/EN} {pin:Conv/st_input_current_reg[2]/Q} {Disabled timing*}
{pin:Conv/r_input_feat_reg[12][0]/EN} {pin:Conv/st_input_current_reg[2]/Q} {Disabled timing*}
{pin:Conv/r_input_feat_reg[12][10]/EN} {pin:Conv/st_input_current_reg[2]/Q} {Disabled timing*}
{pin:Conv/r_input_feat_reg[12][11]/EN} {pin:Conv/st_input_current_reg[2]/Q} {Disabled timing*}
{pin:Conv/r_input_feat_reg[12][12]/EN} {pin:Conv/st_input_current_reg[2]/Q} {Disabled timing*}
{pin:Conv/r_input_feat_reg[12][13]/EN} {pin:Conv/st_input_current_reg[2]/Q} {Disabled timing*}
{pin:Conv/r_input_feat_reg[12][14]/EN} {pin:Conv/st_input_current_reg[2]/Q} {Disabled timing*}
{pin:Conv/r_input_feat_reg[12][15]/EN} {pin:Conv/st_input_current_reg[2]/Q} {Disabled timing*}
{pin:Conv/r_input_feat_reg[12][16]/EN} {pin:Conv/st_input_current_reg[2]/Q} {Disabled timing*}
{pin:Conv/r_input_feat_reg[12][17]/EN} {pin:Conv/st_input_current_reg[2]/Q} {Disabled timing*}
{pin:Conv/r_input_feat_reg[12][18]/EN} {pin:Conv/st_input_current_reg[2]/Q} {Disabled timing*}
{pin:Conv/r_input_feat_reg[12][19]/EN} {pin:Conv/st_input_current_reg[2]/Q} {Disabled timing*}
{pin:Conv/r_input_feat_reg[12][1]/EN} {pin:Conv/st_input_current_reg[2]/Q} {Disabled timing*}
{pin:Conv/r_input_feat_reg[12][2]/EN} {pin:Conv/st_input_current_reg[2]/Q} {Disabled timing*}
{pin:Conv/r_input_feat_reg[12][3]/EN} {pin:Conv/st_input_current_reg[2]/Q} {Disabled timing*}
{pin:Conv/r_input_feat_reg[12][4]/EN} {pin:Conv/st_input_current_reg[2]/Q} {Disabled timing*}
{pin:Conv/r_input_feat_reg[12][5]/EN} {pin:Conv/st_input_current_reg[2]/Q} {Disabled timing*}
{pin:Conv/r_input_feat_reg[12][6]/EN} {pin:Conv/st_input_current_reg[2]/Q} {Disabled timing*}
{pin:Conv/r_input_feat_reg[12][7]/EN} {pin:Conv/st_input_current_reg[2]/Q} {Disabled timing*}
{pin:Conv/r_input_feat_reg[12][8]/EN} {pin:Conv/st_input_current_reg[2]/Q} {Disabled timing*}
{pin:Conv/r_input_feat_reg[12][9]/EN} {pin:Conv/st_input_current_reg[2]/Q} {Disabled timing*}
{pin:Conv/r_input_feat_reg[13][0]/EN} {pin:Conv/st_input_current_reg[2]/Q} {Disabled timing*}
{pin:Conv/r_input_feat_reg[13][10]/EN} {pin:Conv/st_input_current_reg[2]/Q} {Disabled timing*}
{pin:Conv/r_input_feat_reg[13][11]/EN} {pin:Conv/st_input_current_reg[2]/Q} {Disabled timing*}
{pin:Conv/r_input_feat_reg[13][12]/EN} {pin:Conv/st_input_current_reg[2]/Q} {Disabled timing*}
{pin:Conv/r_input_feat_reg[13][13]/EN} {pin:Conv/st_input_current_reg[2]/Q} {Disabled timing*}
{pin:Conv/r_input_feat_reg[13][14]/EN} {pin:Conv/st_input_current_reg[2]/Q} {Disabled timing*}
{pin:Conv/r_input_feat_reg[13][15]/EN} {pin:Conv/st_input_current_reg[2]/Q} {Disabled timing*}
{pin:Conv/r_input_feat_reg[13][16]/EN} {pin:Conv/st_input_current_reg[2]/Q} {Disabled timing*}
{pin:Conv/r_input_feat_reg[13][17]/EN} {pin:Conv/st_input_current_reg[2]/Q} {Disabled timing*}
{pin:Conv/r_input_feat_reg[13][18]/EN} {pin:Conv/st_input_current_reg[2]/Q} {Disabled timing*}
{pin:Conv/r_input_feat_reg[13][19]/EN} {pin:Conv/st_input_current_reg[2]/Q} {Disabled timing*}
{pin:Conv/r_input_feat_reg[13][1]/EN} {pin:Conv/st_input_current_reg[2]/Q} {Disabled timing*}
{pin:Conv/r_input_feat_reg[13][2]/EN} {pin:Conv/st_input_current_reg[2]/Q} {Disabled timing*}
{pin:Conv/r_input_feat_reg[13][3]/EN} {pin:Conv/st_input_current_reg[2]/Q} {Disabled timing*}
{pin:Conv/r_input_feat_reg[13][4]/EN} {pin:Conv/st_input_current_reg[2]/Q} {Disabled timing*}
{pin:Conv/r_input_feat_reg[13][5]/EN} {pin:Conv/st_input_current_reg[2]/Q} {Disabled timing*}
{pin:Conv/r_input_feat_reg[13][6]/EN} {pin:Conv/st_input_current_reg[2]/Q} {Disabled timing*}
{pin:Conv/r_input_feat_reg[13][7]/EN} {pin:Conv/st_input_current_reg[2]/Q} {Disabled timing*}
{pin:Conv/r_input_feat_reg[13][8]/EN} {pin:Conv/st_input_current_reg[2]/Q} {Disabled timing*}
{pin:Conv/r_input_feat_reg[13][9]/EN} {pin:Conv/st_input_current_reg[2]/Q} {Disabled timing*}
{pin:Conv/r_input_feat_reg[14][0]/EN} {pin:Conv/st_input_current_reg[2]/Q} {Disabled timing*}
{pin:Conv/r_input_feat_reg[14][10]/EN} {pin:Conv/st_input_current_reg[2]/Q} {Disabled timing*}
{pin:Conv/r_input_feat_reg[14][11]/EN} {pin:Conv/st_input_current_reg[2]/Q} {Disabled timing*}
{pin:Conv/r_input_feat_reg[14][12]/EN} {pin:Conv/st_input_current_reg[2]/Q} {Disabled timing*}
{pin:Conv/r_input_feat_reg[14][13]/EN} {pin:Conv/st_input_current_reg[2]/Q} {Disabled timing*}
{pin:Conv/r_input_feat_reg[14][14]/EN} {pin:Conv/st_input_current_reg[2]/Q} {Disabled timing*}
{pin:Conv/r_input_feat_reg[14][15]/EN} {pin:Conv/st_input_current_reg[2]/Q} {Disabled timing*}
{pin:Conv/r_input_feat_reg[14][16]/EN} {pin:Conv/st_input_current_reg[2]/Q} {Disabled timing*}
{pin:Conv/r_input_feat_reg[14][17]/EN} {pin:Conv/st_input_current_reg[2]/Q} {Disabled timing*}
{pin:Conv/r_input_feat_reg[14][18]/EN} {pin:Conv/st_input_current_reg[2]/Q} {Disabled timing*}
{pin:Conv/r_input_feat_reg[14][19]/EN} {pin:Conv/st_input_current_reg[2]/Q} {Disabled timing*}
{pin:Conv/r_input_feat_reg[14][1]/EN} {pin:Conv/st_input_current_reg[2]/Q} {Disabled timing*}
{pin:Conv/r_input_feat_reg[14][2]/EN} {pin:Conv/st_input_current_reg[2]/Q} {Disabled timing*}
{pin:Conv/r_input_feat_reg[14][3]/EN} {pin:Conv/st_input_current_reg[2]/Q} {Disabled timing*}
{pin:Conv/r_input_feat_reg[14][4]/EN} {pin:Conv/st_input_current_reg[2]/Q} {Disabled timing*}
{pin:Conv/r_input_feat_reg[14][5]/EN} {pin:Conv/st_input_current_reg[2]/Q} {Disabled timing*}
{pin:Conv/r_input_feat_reg[14][6]/EN} {pin:Conv/st_input_current_reg[2]/Q} {Disabled timing*}
{pin:Conv/r_input_feat_reg[14][7]/EN} {pin:Conv/st_input_current_reg[2]/Q} {Disabled timing*}
{pin:Conv/r_input_feat_reg[14][8]/EN} {pin:Conv/st_input_current_reg[2]/Q} {Disabled timing*}
{pin:Conv/r_input_feat_reg[14][9]/EN} {pin:Conv/st_input_current_reg[2]/Q} {Disabled timing*}
{pin:Conv/r_input_feat_reg[15][0]/EN} {pin:Conv/st_input_current_reg[2]/Q} {Disabled timing*}
{pin:Conv/r_input_feat_reg[15][10]/EN} {pin:Conv/st_input_current_reg[2]/Q} {Disabled timing*}
{pin:Conv/r_input_feat_reg[15][11]/EN} {pin:Conv/st_input_current_reg[2]/Q} {Disabled timing*}
{pin:Conv/r_input_feat_reg[15][12]/EN} {pin:Conv/st_input_current_reg[2]/Q} {Disabled timing*}
{pin:Conv/r_input_feat_reg[15][13]/EN} {pin:Conv/st_input_current_reg[2]/Q} {Disabled timing*}
{pin:Conv/r_input_feat_reg[15][14]/EN} {pin:Conv/st_input_current_reg[2]/Q} {Disabled timing*}
{pin:Conv/r_input_feat_reg[15][15]/EN} {pin:Conv/st_input_current_reg[2]/Q} {Disabled timing*}
{pin:Conv/r_input_feat_reg[15][16]/EN} {pin:Conv/st_input_current_reg[2]/Q} {Disabled timing*}
{pin:Conv/r_input_feat_reg[15][17]/EN} {pin:Conv/st_input_current_reg[2]/Q} {Disabled timing*}
{pin:Conv/r_input_feat_reg[15][18]/EN} {pin:Conv/st_input_current_reg[2]/Q} {Disabled timing*}
{pin:Conv/r_input_feat_reg[15][19]/EN} {pin:Conv/st_input_current_reg[2]/Q} {Disabled timing*}
{pin:Conv/r_input_feat_reg[15][1]/EN} {pin:Conv/st_input_current_reg[2]/Q} {Disabled timing*}
{pin:Conv/r_input_feat_reg[15][2]/EN} {pin:Conv/st_input_current_reg[2]/Q} {Disabled timing*}
{pin:Conv/r_input_feat_reg[15][3]/EN} {pin:Conv/st_input_current_reg[2]/Q} {Disabled timing*}
{pin:Conv/r_input_feat_reg[15][4]/EN} {pin:Conv/st_input_current_reg[2]/Q} {Disabled timing*}
{pin:Conv/r_input_feat_reg[15][5]/EN} {pin:Conv/st_input_current_reg[2]/Q} {Disabled timing*}
{pin:Conv/r_input_feat_reg[15][6]/EN} {pin:Conv/st_input_current_reg[2]/Q} {Disabled timing*}
{pin:Conv/r_input_feat_reg[15][7]/EN} {pin:Conv/st_input_current_reg[2]/Q} {Disabled timing*}
{pin:Conv/r_input_feat_reg[15][8]/EN} {pin:Conv/st_input_current_reg[2]/Q} {Disabled timing*}
{pin:Conv/r_input_feat_reg[15][9]/EN} {pin:Conv/st_input_current_reg[2]/Q} {Disabled timing*}
{pin:Conv/r_input_feat_reg[1][0]/EN} {pin:Conv/st_input_current_reg[2]/Q} {Disabled timing*}
{pin:Conv/r_input_feat_reg[1][10]/EN} {pin:Conv/st_input_current_reg[2]/Q} {Disabled timing*}
{pin:Conv/r_input_feat_reg[1][11]/EN} {pin:Conv/st_input_current_reg[2]/Q} {Disabled timing*}
{pin:Conv/r_input_feat_reg[1][12]/EN} {pin:Conv/st_input_current_reg[2]/Q} {Disabled timing*}
{pin:Conv/r_input_feat_reg[1][13]/EN} {pin:Conv/st_input_current_reg[2]/Q} {Disabled timing*}
{pin:Conv/r_input_feat_reg[1][14]/EN} {pin:Conv/st_input_current_reg[2]/Q} {Disabled timing*}
{pin:Conv/r_input_feat_reg[1][15]/EN} {pin:Conv/st_input_current_reg[2]/Q} {Disabled timing*}
{pin:Conv/r_input_feat_reg[1][16]/EN} {pin:Conv/st_input_current_reg[2]/Q} {Disabled timing*}
{pin:Conv/r_input_feat_reg[1][17]/EN} {pin:Conv/st_input_current_reg[2]/Q} {Disabled timing*}
{pin:Conv/r_input_feat_reg[1][18]/EN} {pin:Conv/st_input_current_reg[2]/Q} {Disabled timing*}
{pin:Conv/r_input_feat_reg[1][19]/EN} {pin:Conv/st_input_current_reg[2]/Q} {Disabled timing*}
{pin:Conv/r_input_feat_reg[1][1]/EN} {pin:Conv/st_input_current_reg[2]/Q} {Disabled timing*}
{pin:Conv/r_input_feat_reg[1][2]/EN} {pin:Conv/st_input_current_reg[2]/Q} {Disabled timing*}
{pin:Conv/r_input_feat_reg[1][3]/EN} {pin:Conv/st_input_current_reg[2]/Q} {Disabled timing*}
{pin:Conv/r_input_feat_reg[1][4]/EN} {pin:Conv/st_input_current_reg[2]/Q} {Disabled timing*}
{pin:Conv/r_input_feat_reg[1][5]/EN} {pin:Conv/st_input_current_reg[2]/Q} {Disabled timing*}
{pin:Conv/r_input_feat_reg[1][6]/EN} {pin:Conv/st_input_current_reg[2]/Q} {Disabled timing*}
{pin:Conv/r_input_feat_reg[1][7]/EN} {pin:Conv/st_input_current_reg[2]/Q} {Disabled timing*}
{pin:Conv/r_input_feat_reg[1][8]/EN} {pin:Conv/st_input_current_reg[2]/Q} {Disabled timing*}
{pin:Conv/r_input_feat_reg[1][9]/EN} {pin:Conv/st_input_current_reg[2]/Q} {Disabled timing*}
{pin:Conv/r_input_feat_reg[2][0]/EN} {pin:Conv/st_input_current_reg[2]/Q} {Disabled timing*}
{pin:Conv/r_input_feat_reg[2][10]/EN} {pin:Conv/st_input_current_reg[2]/Q} {Disabled timing*}
{pin:Conv/r_input_feat_reg[2][11]/EN} {pin:Conv/st_input_current_reg[2]/Q} {Disabled timing*}
{pin:Conv/r_input_feat_reg[2][12]/EN} {pin:Conv/st_input_current_reg[2]/Q} {Disabled timing*}
{pin:Conv/r_input_feat_reg[2][13]/EN} {pin:Conv/st_input_current_reg[2]/Q} {Disabled timing*}
{pin:Conv/r_input_feat_reg[2][14]/EN} {pin:Conv/st_input_current_reg[2]/Q} {Disabled timing*}
{pin:Conv/r_input_feat_reg[2][15]/EN} {pin:Conv/st_input_current_reg[2]/Q} {Disabled timing*}
{pin:Conv/r_input_feat_reg[2][16]/EN} {pin:Conv/st_input_current_reg[2]/Q} {Disabled timing*}
{pin:Conv/r_input_feat_reg[2][17]/EN} {pin:Conv/st_input_current_reg[2]/Q} {Disabled timing*}
{pin:Conv/r_input_feat_reg[2][18]/EN} {pin:Conv/st_input_current_reg[2]/Q} {Disabled timing*}
{pin:Conv/r_input_feat_reg[2][19]/EN} {pin:Conv/st_input_current_reg[2]/Q} {Disabled timing*}
{pin:Conv/r_input_feat_reg[2][1]/EN} {pin:Conv/st_input_current_reg[2]/Q} {Disabled timing*}
{pin:Conv/r_input_feat_reg[2][2]/EN} {pin:Conv/st_input_current_reg[2]/Q} {Disabled timing*}
{pin:Conv/r_input_feat_reg[2][3]/EN} {pin:Conv/st_input_current_reg[2]/Q} {Disabled timing*}
{pin:Conv/r_input_feat_reg[2][4]/EN} {pin:Conv/st_input_current_reg[2]/Q} {Disabled timing*}
{pin:Conv/r_input_feat_reg[2][5]/EN} {pin:Conv/st_input_current_reg[2]/Q} {Disabled timing*}
{pin:Conv/r_input_feat_reg[2][6]/EN} {pin:Conv/st_input_current_reg[2]/Q} {Disabled timing*}
{pin:Conv/r_input_feat_reg[2][7]/EN} {pin:Conv/st_input_current_reg[2]/Q} {Disabled timing*}
{pin:Conv/r_input_feat_reg[2][8]/EN} {pin:Conv/st_input_current_reg[2]/Q} {Disabled timing*}
{pin:Conv/r_input_feat_reg[2][9]/EN} {pin:Conv/st_input_current_reg[2]/Q} {Disabled timing*}
{pin:Conv/r_input_feat_reg[3][0]/EN} {pin:Conv/st_input_current_reg[2]/Q} {Disabled timing*}
{pin:Conv/r_input_feat_reg[3][10]/EN} {pin:Conv/st_input_current_reg[2]/Q} {Disabled timing*}
{pin:Conv/r_input_feat_reg[3][11]/EN} {pin:Conv/st_input_current_reg[2]/Q} {Disabled timing*}
{pin:Conv/r_input_feat_reg[3][12]/EN} {pin:Conv/st_input_current_reg[2]/Q} {Disabled timing*}
{pin:Conv/r_input_feat_reg[3][13]/EN} {pin:Conv/st_input_current_reg[2]/Q} {Disabled timing*}
{pin:Conv/r_input_feat_reg[3][14]/EN} {pin:Conv/st_input_current_reg[2]/Q} {Disabled timing*}
{pin:Conv/r_input_feat_reg[3][15]/EN} {pin:Conv/st_input_current_reg[2]/Q} {Disabled timing*}
{pin:Conv/r_input_feat_reg[3][16]/EN} {pin:Conv/st_input_current_reg[2]/Q} {Disabled timing*}
{pin:Conv/r_input_feat_reg[3][17]/EN} {pin:Conv/st_input_current_reg[2]/Q} {Disabled timing*}
{pin:Conv/r_input_feat_reg[3][18]/EN} {pin:Conv/st_input_current_reg[2]/Q} {Disabled timing*}
{pin:Conv/r_input_feat_reg[3][19]/EN} {pin:Conv/st_input_current_reg[2]/Q} {Disabled timing*}
{pin:Conv/r_input_feat_reg[3][1]/EN} {pin:Conv/st_input_current_reg[2]/Q} {Disabled timing*}
{pin:Conv/r_input_feat_reg[3][2]/EN} {pin:Conv/st_input_current_reg[2]/Q} {Disabled timing*}
{pin:Conv/r_input_feat_reg[3][3]/EN} {pin:Conv/st_input_current_reg[2]/Q} {Disabled timing*}
{pin:Conv/r_input_feat_reg[3][4]/EN} {pin:Conv/st_input_current_reg[2]/Q} {Disabled timing*}
{pin:Conv/r_input_feat_reg[3][5]/EN} {pin:Conv/st_input_current_reg[2]/Q} {Disabled timing*}
{pin:Conv/r_input_feat_reg[3][6]/EN} {pin:Conv/st_input_current_reg[2]/Q} {Disabled timing*}
{pin:Conv/r_input_feat_reg[3][7]/EN} {pin:Conv/st_input_current_reg[2]/Q} {Disabled timing*}
{pin:Conv/r_input_feat_reg[3][8]/EN} {pin:Conv/st_input_current_reg[2]/Q} {Disabled timing*}
{pin:Conv/r_input_feat_reg[3][9]/EN} {pin:Conv/st_input_current_reg[2]/Q} {Disabled timing*}
{pin:Conv/r_input_feat_reg[4][0]/EN} {pin:Conv/st_input_current_reg[2]/Q} {Disabled timing*}
{pin:Conv/r_input_feat_reg[4][10]/EN} {pin:Conv/st_input_current_reg[2]/Q} {Disabled timing*}
{pin:Conv/r_input_feat_reg[4][11]/EN} {pin:Conv/st_input_current_reg[2]/Q} {Disabled timing*}
{pin:Conv/r_input_feat_reg[4][12]/EN} {pin:Conv/st_input_current_reg[2]/Q} {Disabled timing*}
{pin:Conv/r_input_feat_reg[4][13]/EN} {pin:Conv/st_input_current_reg[2]/Q} {Disabled timing*}
{pin:Conv/r_input_feat_reg[4][14]/EN} {pin:Conv/st_input_current_reg[2]/Q} {Disabled timing*}
{pin:Conv/r_input_feat_reg[4][15]/EN} {pin:Conv/st_input_current_reg[2]/Q} {Disabled timing*}
{pin:Conv/r_input_feat_reg[4][16]/EN} {pin:Conv/st_input_current_reg[2]/Q} {Disabled timing*}
{pin:Conv/r_input_feat_reg[4][17]/EN} {pin:Conv/st_input_current_reg[2]/Q} {Disabled timing*}
{pin:Conv/r_input_feat_reg[4][18]/EN} {pin:Conv/st_input_current_reg[2]/Q} {Disabled timing*}
{pin:Conv/r_input_feat_reg[4][19]/EN} {pin:Conv/st_input_current_reg[2]/Q} {Disabled timing*}
{pin:Conv/r_input_feat_reg[4][1]/EN} {pin:Conv/st_input_current_reg[2]/Q} {Disabled timing*}
{pin:Conv/r_input_feat_reg[4][2]/EN} {pin:Conv/st_input_current_reg[2]/Q} {Disabled timing*}
{pin:Conv/r_input_feat_reg[4][3]/EN} {pin:Conv/st_input_current_reg[2]/Q} {Disabled timing*}
{pin:Conv/r_input_feat_reg[4][4]/EN} {pin:Conv/st_input_current_reg[2]/Q} {Disabled timing*}
{pin:Conv/r_input_feat_reg[4][5]/EN} {pin:Conv/st_input_current_reg[2]/Q} {Disabled timing*}
{pin:Conv/r_input_feat_reg[4][6]/EN} {pin:Conv/st_input_current_reg[2]/Q} {Disabled timing*}
{pin:Conv/r_input_feat_reg[4][7]/EN} {pin:Conv/st_input_current_reg[2]/Q} {Disabled timing*}
{pin:Conv/r_input_feat_reg[4][8]/EN} {pin:Conv/st_input_current_reg[2]/Q} {Disabled timing*}
{pin:Conv/r_input_feat_reg[4][9]/EN} {pin:Conv/st_input_current_reg[2]/Q} {Disabled timing*}
{pin:Conv/r_input_feat_reg[5][0]/EN} {pin:Conv/st_input_current_reg[2]/Q} {Disabled timing*}
{pin:Conv/r_input_feat_reg[5][10]/EN} {pin:Conv/st_input_current_reg[2]/Q} {Disabled timing*}
{pin:Conv/r_input_feat_reg[5][11]/EN} {pin:Conv/st_input_current_reg[2]/Q} {Disabled timing*}
{pin:Conv/r_input_feat_reg[5][12]/EN} {pin:Conv/st_input_current_reg[2]/Q} {Disabled timing*}
{pin:Conv/r_input_feat_reg[5][13]/EN} {pin:Conv/st_input_current_reg[2]/Q} {Disabled timing*}
{pin:Conv/r_input_feat_reg[5][14]/EN} {pin:Conv/st_input_current_reg[2]/Q} {Disabled timing*}
{pin:Conv/r_input_feat_reg[5][15]/EN} {pin:Conv/st_input_current_reg[2]/Q} {Disabled timing*}
{pin:Conv/r_input_feat_reg[5][16]/EN} {pin:Conv/st_input_current_reg[2]/Q} {Disabled timing*}
{pin:Conv/r_input_feat_reg[5][17]/EN} {pin:Conv/st_input_current_reg[2]/Q} {Disabled timing*}
{pin:Conv/r_input_feat_reg[5][18]/EN} {pin:Conv/st_input_current_reg[2]/Q} {Disabled timing*}
{pin:Conv/r_input_feat_reg[5][19]/EN} {pin:Conv/st_input_current_reg[2]/Q} {Disabled timing*}
{pin:Conv/r_input_feat_reg[5][1]/EN} {pin:Conv/st_input_current_reg[2]/Q} {Disabled timing*}
{pin:Conv/r_input_feat_reg[5][2]/EN} {pin:Conv/st_input_current_reg[2]/Q} {Disabled timing*}
{pin:Conv/r_input_feat_reg[5][3]/EN} {pin:Conv/st_input_current_reg[2]/Q} {Disabled timing*}
{pin:Conv/r_input_feat_reg[5][4]/EN} {pin:Conv/st_input_current_reg[2]/Q} {Disabled timing*}
{pin:Conv/r_input_feat_reg[5][5]/EN} {pin:Conv/st_input_current_reg[2]/Q} {Disabled timing*}
{pin:Conv/r_input_feat_reg[5][6]/EN} {pin:Conv/st_input_current_reg[2]/Q} {Disabled timing*}
{pin:Conv/r_input_feat_reg[5][7]/EN} {pin:Conv/st_input_current_reg[2]/Q} {Disabled timing*}
{pin:Conv/r_input_feat_reg[5][8]/EN} {pin:Conv/st_input_current_reg[2]/Q} {Disabled timing*}
{pin:Conv/r_input_feat_reg[5][9]/EN} {pin:Conv/st_input_current_reg[2]/Q} {Disabled timing*}
{pin:Conv/r_input_feat_reg[6][0]/EN} {pin:Conv/st_input_current_reg[2]/Q} {Disabled timing*}
{pin:Conv/r_input_feat_reg[6][10]/EN} {pin:Conv/st_input_current_reg[2]/Q} {Disabled timing*}
{pin:Conv/r_input_feat_reg[6][11]/EN} {pin:Conv/st_input_current_reg[2]/Q} {Disabled timing*}
{pin:Conv/r_input_feat_reg[6][12]/EN} {pin:Conv/st_input_current_reg[2]/Q} {Disabled timing*}
{pin:Conv/r_input_feat_reg[6][13]/EN} {pin:Conv/st_input_current_reg[2]/Q} {Disabled timing*}
{pin:Conv/r_input_feat_reg[6][14]/EN} {pin:Conv/st_input_current_reg[2]/Q} {Disabled timing*}
{pin:Conv/r_input_feat_reg[6][15]/EN} {pin:Conv/st_input_current_reg[2]/Q} {Disabled timing*}
{pin:Conv/r_input_feat_reg[6][16]/EN} {pin:Conv/st_input_current_reg[2]/Q} {Disabled timing*}
{pin:Conv/r_input_feat_reg[6][17]/EN} {pin:Conv/st_input_current_reg[2]/Q} {Disabled timing*}
{pin:Conv/r_input_feat_reg[6][18]/EN} {pin:Conv/st_input_current_reg[2]/Q} {Disabled timing*}
{pin:Conv/r_input_feat_reg[6][19]/EN} {pin:Conv/st_input_current_reg[2]/Q} {Disabled timing*}
{pin:Conv/r_input_feat_reg[6][1]/EN} {pin:Conv/st_input_current_reg[2]/Q} {Disabled timing*}
{pin:Conv/r_input_feat_reg[6][2]/EN} {pin:Conv/st_input_current_reg[2]/Q} {Disabled timing*}
{pin:Conv/r_input_feat_reg[6][3]/EN} {pin:Conv/st_input_current_reg[2]/Q} {Disabled timing*}
{pin:Conv/r_input_feat_reg[6][4]/EN} {pin:Conv/st_input_current_reg[2]/Q} {Disabled timing*}
{pin:Conv/r_input_feat_reg[6][5]/EN} {pin:Conv/st_input_current_reg[2]/Q} {Disabled timing*}
{pin:Conv/r_input_feat_reg[6][6]/EN} {pin:Conv/st_input_current_reg[2]/Q} {Disabled timing*}
{pin:Conv/r_input_feat_reg[6][7]/EN} {pin:Conv/st_input_current_reg[2]/Q} {Disabled timing*}
{pin:Conv/r_input_feat_reg[6][8]/EN} {pin:Conv/st_input_current_reg[2]/Q} {Disabled timing*}
{pin:Conv/r_input_feat_reg[6][9]/EN} {pin:Conv/st_input_current_reg[2]/Q} {Disabled timing*}
{pin:Conv/r_input_feat_reg[7][0]/EN} {pin:Conv/st_input_current_reg[2]/Q} {Disabled timing*}
{pin:Conv/r_input_feat_reg[7][10]/EN} {pin:Conv/st_input_current_reg[2]/Q} {Disabled timing*}
{pin:Conv/r_input_feat_reg[7][11]/EN} {pin:Conv/st_input_current_reg[2]/Q} {Disabled timing*}
{pin:Conv/r_input_feat_reg[7][12]/EN} {pin:Conv/st_input_current_reg[2]/Q} {Disabled timing*}
{pin:Conv/r_input_feat_reg[7][13]/EN} {pin:Conv/st_input_current_reg[2]/Q} {Disabled timing*}
{pin:Conv/r_input_feat_reg[7][14]/EN} {pin:Conv/st_input_current_reg[2]/Q} {Disabled timing*}
{pin:Conv/r_input_feat_reg[7][15]/EN} {pin:Conv/st_input_current_reg[2]/Q} {Disabled timing*}
{pin:Conv/r_input_feat_reg[7][16]/EN} {pin:Conv/st_input_current_reg[2]/Q} {Disabled timing*}
{pin:Conv/r_input_feat_reg[7][17]/EN} {pin:Conv/st_input_current_reg[2]/Q} {Disabled timing*}
{pin:Conv/r_input_feat_reg[7][18]/EN} {pin:Conv/st_input_current_reg[2]/Q} {Disabled timing*}
{pin:Conv/r_input_feat_reg[7][19]/EN} {pin:Conv/st_input_current_reg[2]/Q} {Disabled timing*}
{pin:Conv/r_input_feat_reg[7][1]/EN} {pin:Conv/st_input_current_reg[2]/Q} {Disabled timing*}
{pin:Conv/r_input_feat_reg[7][2]/EN} {pin:Conv/st_input_current_reg[2]/Q} {Disabled timing*}
{pin:Conv/r_input_feat_reg[7][3]/EN} {pin:Conv/st_input_current_reg[2]/Q} {Disabled timing*}
{pin:Conv/r_input_feat_reg[7][4]/EN} {pin:Conv/st_input_current_reg[2]/Q} {Disabled timing*}
{pin:Conv/r_input_feat_reg[7][5]/EN} {pin:Conv/st_input_current_reg[2]/Q} {Disabled timing*}
{pin:Conv/r_input_feat_reg[7][6]/EN} {pin:Conv/st_input_current_reg[2]/Q} {Disabled timing*}
{pin:Conv/r_input_feat_reg[7][7]/EN} {pin:Conv/st_input_current_reg[2]/Q} {Disabled timing*}
{pin:Conv/r_input_feat_reg[7][8]/EN} {pin:Conv/st_input_current_reg[2]/Q} {Disabled timing*}
{pin:Conv/r_input_feat_reg[7][9]/EN} {pin:Conv/st_input_current_reg[2]/Q} {Disabled timing*}
{pin:Conv/r_input_feat_reg[8][0]/EN} {pin:Conv/st_input_current_reg[2]/Q} {Disabled timing*}
{pin:Conv/r_input_feat_reg[8][10]/EN} {pin:Conv/st_input_current_reg[2]/Q} {Disabled timing*}
{pin:Conv/r_input_feat_reg[8][11]/EN} {pin:Conv/st_input_current_reg[2]/Q} {Disabled timing*}
{pin:Conv/r_input_feat_reg[8][12]/EN} {pin:Conv/st_input_current_reg[2]/Q} {Disabled timing*}
{pin:Conv/r_input_feat_reg[8][13]/EN} {pin:Conv/st_input_current_reg[2]/Q} {Disabled timing*}
{pin:Conv/r_input_feat_reg[8][14]/EN} {pin:Conv/st_input_current_reg[2]/Q} {Disabled timing*}
{pin:Conv/r_input_feat_reg[8][15]/EN} {pin:Conv/st_input_current_reg[2]/Q} {Disabled timing*}
{pin:Conv/r_input_feat_reg[8][16]/EN} {pin:Conv/st_input_current_reg[2]/Q} {Disabled timing*}
{pin:Conv/r_input_feat_reg[8][17]/EN} {pin:Conv/st_input_current_reg[2]/Q} {Disabled timing*}
{pin:Conv/r_input_feat_reg[8][18]/EN} {pin:Conv/st_input_current_reg[2]/Q} {Disabled timing*}
{pin:Conv/r_input_feat_reg[8][19]/EN} {pin:Conv/st_input_current_reg[2]/Q} {Disabled timing*}
{pin:Conv/r_input_feat_reg[8][1]/EN} {pin:Conv/st_input_current_reg[2]/Q} {Disabled timing*}
{pin:Conv/r_input_feat_reg[8][2]/EN} {pin:Conv/st_input_current_reg[2]/Q} {Disabled timing*}
{pin:Conv/r_input_feat_reg[8][3]/EN} {pin:Conv/st_input_current_reg[2]/Q} {Disabled timing*}
{pin:Conv/r_input_feat_reg[8][4]/EN} {pin:Conv/st_input_current_reg[2]/Q} {Disabled timing*}
{pin:Conv/r_input_feat_reg[8][5]/EN} {pin:Conv/st_input_current_reg[2]/Q} {Disabled timing*}
{pin:Conv/r_input_feat_reg[8][6]/EN} {pin:Conv/st_input_current_reg[2]/Q} {Disabled timing*}
{pin:Conv/r_input_feat_reg[8][7]/EN} {pin:Conv/st_input_current_reg[2]/Q} {Disabled timing*}
{pin:Conv/r_input_feat_reg[8][8]/EN} {pin:Conv/st_input_current_reg[2]/Q} {Disabled timing*}
{pin:Conv/r_input_feat_reg[8][9]/EN} {pin:Conv/st_input_current_reg[2]/Q} {Disabled timing*}
{pin:Conv/r_input_feat_reg[9][0]/EN} {pin:Conv/st_input_current_reg[2]/Q} {Disabled timing*}
{pin:Conv/r_input_feat_reg[9][10]/EN} {pin:Conv/st_input_current_reg[2]/Q} {Disabled timing*}
{pin:Conv/r_input_feat_reg[9][11]/EN} {pin:Conv/st_input_current_reg[2]/Q} {Disabled timing*}
{pin:Conv/r_input_feat_reg[9][12]/EN} {pin:Conv/st_input_current_reg[2]/Q} {Disabled timing*}
{pin:Conv/r_input_feat_reg[9][13]/EN} {pin:Conv/st_input_current_reg[2]/Q} {Disabled timing*}
{pin:Conv/r_input_feat_reg[9][14]/EN} {pin:Conv/st_input_current_reg[2]/Q} {Disabled timing*}
{pin:Conv/r_input_feat_reg[9][15]/EN} {pin:Conv/st_input_current_reg[2]/Q} {Disabled timing*}
{pin:Conv/r_input_feat_reg[9][16]/EN} {pin:Conv/st_input_current_reg[2]/Q} {Disabled timing*}
{pin:Conv/r_input_feat_reg[9][17]/EN} {pin:Conv/st_input_current_reg[2]/Q} {Disabled timing*}
{pin:Conv/r_input_feat_reg[9][18]/EN} {pin:Conv/st_input_current_reg[2]/Q} {Disabled timing*}
{pin:Conv/r_input_feat_reg[9][19]/EN} {pin:Conv/st_input_current_reg[2]/Q} {Disabled timing*}
{pin:Conv/r_input_feat_reg[9][1]/EN} {pin:Conv/st_input_current_reg[2]/Q} {Disabled timing*}
{pin:Conv/r_input_feat_reg[9][2]/EN} {pin:Conv/st_input_current_reg[2]/Q} {Disabled timing*}
{pin:Conv/r_input_feat_reg[9][3]/EN} {pin:Conv/st_input_current_reg[2]/Q} {Disabled timing*}
{pin:Conv/r_input_feat_reg[9][4]/EN} {pin:Conv/st_input_current_reg[2]/Q} {Disabled timing*}
{pin:Conv/r_input_feat_reg[9][5]/EN} {pin:Conv/st_input_current_reg[2]/Q} {Disabled timing*}
{pin:Conv/r_input_feat_reg[9][6]/EN} {pin:Conv/st_input_current_reg[2]/Q} {Disabled timing*}
{pin:Conv/r_input_feat_reg[9][7]/EN} {pin:Conv/st_input_current_reg[2]/Q} {Disabled timing*}
{pin:Conv/r_input_feat_reg[9][8]/EN} {pin:Conv/st_input_current_reg[2]/Q} {Disabled timing*}
{pin:Conv/r_input_feat_reg[9][9]/EN} {pin:Conv/st_input_current_reg[2]/Q} {Disabled timing*}
{pin:Conv/r_input_prefetch_reg[0][0]/E} pin:Conv/r_input_prefetch_active_reg/Q {Disabled timing*}
{pin:Conv/r_input_prefetch_reg[0][10]/E} pin:Conv/r_input_prefetch_active_reg/Q {Disabled timing*}
{pin:Conv/r_input_prefetch_reg[0][11]/E} pin:Conv/r_input_prefetch_active_reg/Q {Disabled timing*}
{pin:Conv/r_input_prefetch_reg[0][12]/E} pin:Conv/r_input_prefetch_active_reg/Q {Disabled timing*}
{pin:Conv/r_input_prefetch_reg[0][13]/E} pin:Conv/r_input_prefetch_active_reg/Q {Disabled timing*}
{pin:Conv/r_input_prefetch_reg[0][14]/E} pin:Conv/r_input_prefetch_active_reg/Q {Disabled timing*}
{pin:Conv/r_input_prefetch_reg[0][15]/E} pin:Conv/r_input_prefetch_active_reg/Q {Disabled timing*}
{pin:Conv/r_input_prefetch_reg[0][16]/E} pin:Conv/r_input_prefetch_active_reg/Q {Disabled timing*}
{pin:Conv/r_input_prefetch_reg[0][17]/E} pin:Conv/r_input_prefetch_active_reg/Q {Disabled timing*}
{pin:Conv/r_input_prefetch_reg[0][18]/E} pin:Conv/r_input_prefetch_active_reg/Q {Disabled timing*}
{pin:Conv/r_input_prefetch_reg[0][19]/E} pin:Conv/r_input_prefetch_active_reg/Q {Disabled timing*}
{pin:Conv/r_input_prefetch_reg[0][1]/E} pin:Conv/r_input_prefetch_active_reg/Q {Disabled timing*}
{pin:Conv/r_input_prefetch_reg[0][2]/E} pin:Conv/r_input_prefetch_active_reg/Q {Disabled timing*}
{pin:Conv/r_input_prefetch_reg[0][3]/E} pin:Conv/r_input_prefetch_active_reg/Q {Disabled timing*}
{pin:Conv/r_input_prefetch_reg[0][4]/E} pin:Conv/r_input_prefetch_active_reg/Q {Disabled timing*}
{pin:Conv/r_input_prefetch_reg[0][5]/E} pin:Conv/r_input_prefetch_active_reg/Q {Disabled timing*}
{pin:Conv/r_input_prefetch_reg[0][6]/E} pin:Conv/r_input_prefetch_active_reg/Q {Disabled timing*}
{pin:Conv/r_input_prefetch_reg[0][7]/E} pin:Conv/r_input_prefetch_active_reg/Q {Disabled timing*}
{pin:Conv/r_input_prefetch_reg[0][8]/E} pin:Conv/r_input_prefetch_active_reg/Q {Disabled timing*}
{pin:Conv/r_input_prefetch_reg[0][9]/E} pin:Conv/r_input_prefetch_active_reg/Q {Disabled timing*}
{pin:Conv/r_input_prefetch_reg[1][0]/EN} {pin:Conv/r_input_prefetch_phase_reg[0]/Q} {Disabled timing*}
{pin:Conv/r_input_prefetch_reg[1][10]/EN} {pin:Conv/r_input_prefetch_phase_reg[0]/Q} {Disabled timing*}
{pin:Conv/r_input_prefetch_reg[1][11]/EN} {pin:Conv/r_input_prefetch_phase_reg[0]/Q} {Disabled timing*}
{pin:Conv/r_input_prefetch_reg[1][12]/EN} {pin:Conv/r_input_prefetch_phase_reg[0]/Q} {Disabled timing*}
{pin:Conv/r_input_prefetch_reg[1][13]/EN} {pin:Conv/r_input_prefetch_phase_reg[0]/Q} {Disabled timing*}
{pin:Conv/r_input_prefetch_reg[1][14]/EN} {pin:Conv/r_input_prefetch_phase_reg[0]/Q} {Disabled timing*}
{pin:Conv/r_input_prefetch_reg[1][15]/EN} {pin:Conv/r_input_prefetch_phase_reg[0]/Q} {Disabled timing*}
{pin:Conv/r_input_prefetch_reg[1][16]/EN} {pin:Conv/r_input_prefetch_phase_reg[0]/Q} {Disabled timing*}
{pin:Conv/r_input_prefetch_reg[1][17]/EN} {pin:Conv/r_input_prefetch_phase_reg[0]/Q} {Disabled timing*}
{pin:Conv/r_input_prefetch_reg[1][18]/EN} {pin:Conv/r_input_prefetch_phase_reg[0]/Q} {Disabled timing*}
{pin:Conv/r_input_prefetch_reg[1][19]/EN} {pin:Conv/r_input_prefetch_phase_reg[0]/Q} {Disabled timing*}
{pin:Conv/r_input_prefetch_reg[1][1]/EN} {pin:Conv/r_input_prefetch_phase_reg[0]/Q} {Disabled timing*}
{pin:Conv/r_input_prefetch_reg[1][2]/EN} {pin:Conv/r_input_prefetch_phase_reg[0]/Q} {Disabled timing*}
{pin:Conv/r_input_prefetch_reg[1][3]/EN} {pin:Conv/r_input_prefetch_phase_reg[0]/Q} {Disabled timing*}
{pin:Conv/r_input_prefetch_reg[1][4]/EN} {pin:Conv/r_input_prefetch_phase_reg[0]/Q} {Disabled timing*}
{pin:Conv/r_input_prefetch_reg[1][5]/EN} {pin:Conv/r_input_prefetch_phase_reg[0]/Q} {Disabled timing*}
{pin:Conv/r_input_prefetch_reg[1][6]/EN} {pin:Conv/r_input_prefetch_phase_reg[0]/Q} {Disabled timing*}
{pin:Conv/r_input_prefetch_reg[1][7]/EN} {pin:Conv/r_input_prefetch_phase_reg[0]/Q} {Disabled timing*}
{pin:Conv/r_input_prefetch_reg[1][8]/EN} {pin:Conv/r_input_prefetch_phase_reg[0]/Q} {Disabled timing*}
{pin:Conv/r_input_prefetch_reg[1][9]/EN} {pin:Conv/r_input_prefetch_phase_reg[0]/Q} {Disabled timing*}
{pin:Conv/r_input_prefetch_reg[2][0]/EN} pin:Conv/r_input_prefetch_active_reg/Q {Disabled timing*}
{pin:Conv/r_input_prefetch_reg[2][10]/EN} pin:Conv/r_input_prefetch_active_reg/Q {Disabled timing*}
{pin:Conv/r_input_prefetch_reg[2][11]/EN} pin:Conv/r_input_prefetch_active_reg/Q {Disabled timing*}
{pin:Conv/r_input_prefetch_reg[2][12]/EN} pin:Conv/r_input_prefetch_active_reg/Q {Disabled timing*}
{pin:Conv/r_input_prefetch_reg[2][13]/EN} pin:Conv/r_input_prefetch_active_reg/Q {Disabled timing*}
{pin:Conv/r_input_prefetch_reg[2][14]/EN} pin:Conv/r_input_prefetch_active_reg/Q {Disabled timing*}
{pin:Conv/r_input_prefetch_reg[2][15]/EN} pin:Conv/r_input_prefetch_active_reg/Q {Disabled timing*}
{pin:Conv/r_input_prefetch_reg[2][16]/EN} pin:Conv/r_input_prefetch_active_reg/Q {Disabled timing*}
{pin:Conv/r_input_prefetch_reg[2][17]/EN} pin:Conv/r_input_prefetch_active_reg/Q {Disabled timing*}
{pin:Conv/r_input_prefetch_reg[2][18]/EN} pin:Conv/r_input_prefetch_active_reg/Q {Disabled timing*}
{pin:Conv/r_input_prefetch_reg[2][19]/EN} pin:Conv/r_input_prefetch_active_reg/Q {Disabled timing*}
{pin:Conv/r_input_prefetch_reg[2][1]/EN} pin:Conv/r_input_prefetch_active_reg/Q {Disabled timing*}
{pin:Conv/r_input_prefetch_reg[2][2]/EN} pin:Conv/r_input_prefetch_active_reg/Q {Disabled timing*}
{pin:Conv/r_input_prefetch_reg[2][3]/EN} pin:Conv/r_input_prefetch_active_reg/Q {Disabled timing*}
{pin:Conv/r_input_prefetch_reg[2][4]/EN} pin:Conv/r_input_prefetch_active_reg/Q {Disabled timing*}
{pin:Conv/r_input_prefetch_reg[2][5]/EN} pin:Conv/r_input_prefetch_active_reg/Q {Disabled timing*}
{pin:Conv/r_input_prefetch_reg[2][6]/EN} pin:Conv/r_input_prefetch_active_reg/Q {Disabled timing*}
{pin:Conv/r_input_prefetch_reg[2][7]/EN} pin:Conv/r_input_prefetch_active_reg/Q {Disabled timing*}
{pin:Conv/r_input_prefetch_reg[2][8]/EN} pin:Conv/r_input_prefetch_active_reg/Q {Disabled timing*}
{pin:Conv/r_input_prefetch_reg[2][9]/EN} pin:Conv/r_input_prefetch_active_reg/Q {Disabled timing*}
{pin:Conv/r_input_prefetch_reg[3][0]/EN} pin:Conv/r_input_prefetch_active_reg/Q {Disabled timing*}
{pin:Conv/r_input_prefetch_reg[3][10]/EN} pin:Conv/r_input_prefetch_active_reg/Q {Disabled timing*}
{pin:Conv/r_input_prefetch_reg[3][11]/EN} pin:Conv/r_input_prefetch_active_reg/Q {Disabled timing*}
{pin:Conv/r_input_prefetch_reg[3][12]/EN} pin:Conv/r_input_prefetch_active_reg/Q {Disabled timing*}
{pin:Conv/r_input_prefetch_reg[3][13]/EN} pin:Conv/r_input_prefetch_active_reg/Q {Disabled timing*}
{pin:Conv/r_input_prefetch_reg[3][14]/EN} pin:Conv/r_input_prefetch_active_reg/Q {Disabled timing*}
{pin:Conv/r_input_prefetch_reg[3][15]/EN} pin:Conv/r_input_prefetch_active_reg/Q {Disabled timing*}
{pin:Conv/r_input_prefetch_reg[3][16]/EN} pin:Conv/r_input_prefetch_active_reg/Q {Disabled timing*}
{pin:Conv/r_input_prefetch_reg[3][17]/EN} pin:Conv/r_input_prefetch_active_reg/Q {Disabled timing*}
{pin:Conv/r_input_prefetch_reg[3][18]/EN} pin:Conv/r_input_prefetch_active_reg/Q {Disabled timing*}
{pin:Conv/r_input_prefetch_reg[3][19]/EN} pin:Conv/r_input_prefetch_active_reg/Q {Disabled timing*}
{pin:Conv/r_input_prefetch_reg[3][1]/EN} pin:Conv/r_input_prefetch_active_reg/Q {Disabled timing*}
{pin:Conv/r_input_prefetch_reg[3][2]/EN} pin:Conv/r_input_prefetch_active_reg/Q {Disabled timing*}
{pin:Conv/r_input_prefetch_reg[3][3]/EN} pin:Conv/r_input_prefetch_active_reg/Q {Disabled timing*}
{pin:Conv/r_input_prefetch_reg[3][4]/EN} pin:Conv/r_input_prefetch_active_reg/Q {Disabled timing*}
{pin:Conv/r_input_prefetch_reg[3][5]/EN} pin:Conv/r_input_prefetch_active_reg/Q {Disabled timing*}
{pin:Conv/r_input_prefetch_reg[3][6]/EN} pin:Conv/r_input_prefetch_active_reg/Q {Disabled timing*}
{pin:Conv/r_input_prefetch_reg[3][7]/EN} pin:Conv/r_input_prefetch_active_reg/Q {Disabled timing*}
{pin:Conv/r_input_prefetch_reg[3][8]/EN} pin:Conv/r_input_prefetch_active_reg/Q {Disabled timing*}
{pin:Conv/r_input_prefetch_reg[3][9]/EN} pin:Conv/r_input_prefetch_active_reg/Q {Disabled timing*}
{pin:Conv/r_output_read_reg[0][0]/E} {pin:Conv/r_output_read_count_reg[0]/Q} {Disabled timing*}
{pin:Conv/r_output_read_reg[0][10]/E} {pin:Conv/r_output_read_count_reg[0]/Q} {Disabled timing*}
{pin:Conv/r_output_read_reg[0][11]/E} {pin:Conv/r_output_read_count_reg[0]/Q} {Disabled timing*}
{pin:Conv/r_output_read_reg[0][12]/E} {pin:Conv/r_output_read_count_reg[0]/Q} {Disabled timing*}
{pin:Conv/r_output_read_reg[0][13]/E} {pin:Conv/r_output_read_count_reg[0]/Q} {Disabled timing*}
{pin:Conv/r_output_read_reg[0][14]/E} {pin:Conv/r_output_read_count_reg[0]/Q} {Disabled timing*}
{pin:Conv/r_output_read_reg[0][15]/E} {pin:Conv/r_output_read_count_reg[0]/Q} {Disabled timing*}
{pin:Conv/r_output_read_reg[0][16]/E} {pin:Conv/r_output_read_count_reg[0]/Q} {Disabled timing*}
{pin:Conv/r_output_read_reg[0][17]/E} {pin:Conv/r_output_read_count_reg[0]/Q} {Disabled timing*}
{pin:Conv/r_output_read_reg[0][18]/E} {pin:Conv/r_output_read_count_reg[0]/Q} {Disabled timing*}
{pin:Conv/r_output_read_reg[0][19]/E} {pin:Conv/r_output_read_count_reg[0]/Q} {Disabled timing*}
{pin:Conv/r_output_read_reg[0][1]/E} {pin:Conv/r_output_read_count_reg[0]/Q} {Disabled timing*}
{pin:Conv/r_output_read_reg[0][2]/E} {pin:Conv/r_output_read_count_reg[0]/Q} {Disabled timing*}
{pin:Conv/r_output_read_reg[0][3]/E} {pin:Conv/r_output_read_count_reg[0]/Q} {Disabled timing*}
{pin:Conv/r_output_read_reg[0][4]/E} {pin:Conv/r_output_read_count_reg[0]/Q} {Disabled timing*}
{pin:Conv/r_output_read_reg[0][5]/E} {pin:Conv/r_output_read_count_reg[0]/Q} {Disabled timing*}
{pin:Conv/r_output_read_reg[0][6]/E} {pin:Conv/r_output_read_count_reg[0]/Q} {Disabled timing*}
{pin:Conv/r_output_read_reg[0][7]/E} {pin:Conv/r_output_read_count_reg[0]/Q} {Disabled timing*}
{pin:Conv/r_output_read_reg[0][8]/E} {pin:Conv/r_output_read_count_reg[0]/Q} {Disabled timing*}
{pin:Conv/r_output_read_reg[0][9]/E} {pin:Conv/r_output_read_count_reg[0]/Q} {Disabled timing*}
{pin:Conv/r_output_read_reg[1][0]/E} {pin:Conv/st_output_current_reg[1]/Q} {Disabled timing*}
{pin:Conv/r_output_read_reg[1][10]/E} {pin:Conv/st_output_current_reg[1]/Q} {Disabled timing*}
{pin:Conv/r_output_read_reg[1][11]/E} {pin:Conv/st_output_current_reg[1]/Q} {Disabled timing*}
{pin:Conv/r_output_read_reg[1][12]/E} {pin:Conv/st_output_current_reg[1]/Q} {Disabled timing*}
{pin:Conv/r_output_read_reg[1][13]/E} {pin:Conv/st_output_current_reg[1]/Q} {Disabled timing*}
{pin:Conv/r_output_read_reg[1][14]/E} {pin:Conv/st_output_current_reg[1]/Q} {Disabled timing*}
{pin:Conv/r_output_read_reg[1][15]/E} {pin:Conv/st_output_current_reg[1]/Q} {Disabled timing*}
{pin:Conv/r_output_read_reg[1][16]/E} {pin:Conv/st_output_current_reg[1]/Q} {Disabled timing*}
{pin:Conv/r_output_read_reg[1][17]/E} {pin:Conv/st_output_current_reg[1]/Q} {Disabled timing*}
{pin:Conv/r_output_read_reg[1][18]/E} {pin:Conv/st_output_current_reg[1]/Q} {Disabled timing*}
{pin:Conv/r_output_read_reg[1][19]/E} {pin:Conv/st_output_current_reg[1]/Q} {Disabled timing*}
{pin:Conv/r_output_read_reg[1][1]/E} {pin:Conv/st_output_current_reg[1]/Q} {Disabled timing*}
{pin:Conv/r_output_read_reg[1][2]/E} {pin:Conv/st_output_current_reg[1]/Q} {Disabled timing*}
{pin:Conv/r_output_read_reg[1][3]/E} {pin:Conv/st_output_current_reg[1]/Q} {Disabled timing*}
{pin:Conv/r_output_read_reg[1][4]/E} {pin:Conv/st_output_current_reg[1]/Q} {Disabled timing*}
{pin:Conv/r_output_read_reg[1][5]/E} {pin:Conv/st_output_current_reg[1]/Q} {Disabled timing*}
{pin:Conv/r_output_read_reg[1][6]/E} {pin:Conv/st_output_current_reg[1]/Q} {Disabled timing*}
{pin:Conv/r_output_read_reg[1][7]/E} {pin:Conv/st_output_current_reg[1]/Q} {Disabled timing*}
{pin:Conv/r_output_read_reg[1][8]/E} {pin:Conv/st_output_current_reg[1]/Q} {Disabled timing*}
{pin:Conv/r_output_read_reg[1][9]/E} {pin:Conv/st_output_current_reg[1]/Q} {Disabled timing*}
{pin:Conv/r_output_read_reg[2][0]/E} {pin:Conv/st_output_current_reg[1]/Q} {Disabled timing*}
{pin:Conv/r_output_read_reg[2][10]/E} {pin:Conv/st_output_current_reg[1]/Q} {Disabled timing*}
{pin:Conv/r_output_read_reg[2][11]/E} {pin:Conv/st_output_current_reg[1]/Q} {Disabled timing*}
{pin:Conv/r_output_read_reg[2][12]/E} {pin:Conv/st_output_current_reg[1]/Q} {Disabled timing*}
{pin:Conv/r_output_read_reg[2][13]/E} {pin:Conv/st_output_current_reg[1]/Q} {Disabled timing*}
{pin:Conv/r_output_read_reg[2][14]/E} {pin:Conv/st_output_current_reg[1]/Q} {Disabled timing*}
{pin:Conv/r_output_read_reg[2][15]/E} {pin:Conv/st_output_current_reg[1]/Q} {Disabled timing*}
{pin:Conv/r_output_read_reg[2][16]/E} {pin:Conv/st_output_current_reg[1]/Q} {Disabled timing*}
{pin:Conv/r_output_read_reg[2][17]/E} {pin:Conv/st_output_current_reg[1]/Q} {Disabled timing*}
{pin:Conv/r_output_read_reg[2][18]/E} {pin:Conv/st_output_current_reg[1]/Q} {Disabled timing*}
{pin:Conv/r_output_read_reg[2][19]/E} {pin:Conv/st_output_current_reg[1]/Q} {Disabled timing*}
{pin:Conv/r_output_read_reg[2][1]/E} {pin:Conv/st_output_current_reg[1]/Q} {Disabled timing*}
{pin:Conv/r_output_read_reg[2][2]/E} {pin:Conv/st_output_current_reg[1]/Q} {Disabled timing*}
{pin:Conv/r_output_read_reg[2][3]/E} {pin:Conv/st_output_current_reg[1]/Q} {Disabled timing*}
{pin:Conv/r_output_read_reg[2][4]/E} {pin:Conv/st_output_current_reg[1]/Q} {Disabled timing*}
{pin:Conv/r_output_read_reg[2][5]/E} {pin:Conv/st_output_current_reg[1]/Q} {Disabled timing*}
{pin:Conv/r_output_read_reg[2][6]/E} {pin:Conv/st_output_current_reg[1]/Q} {Disabled timing*}
{pin:Conv/r_output_read_reg[2][7]/E} {pin:Conv/st_output_current_reg[1]/Q} {Disabled timing*}
{pin:Conv/r_output_read_reg[2][8]/E} {pin:Conv/st_output_current_reg[1]/Q} {Disabled timing*}
{pin:Conv/r_output_read_reg[2][9]/E} {pin:Conv/st_output_current_reg[1]/Q} {Disabled timing*}
{pin:Conv/r_output_read_reg[3][0]/E} {pin:Conv/st_output_current_reg[1]/Q} {Disabled timing*}
{pin:Conv/r_output_read_reg[3][10]/E} {pin:Conv/st_output_current_reg[1]/Q} {Disabled timing*}
{pin:Conv/r_output_read_reg[3][11]/E} {pin:Conv/st_output_current_reg[1]/Q} {Disabled timing*}
{pin:Conv/r_output_read_reg[3][12]/E} {pin:Conv/st_output_current_reg[1]/Q} {Disabled timing*}
{pin:Conv/r_output_read_reg[3][13]/E} {pin:Conv/st_output_current_reg[1]/Q} {Disabled timing*}
{pin:Conv/r_output_read_reg[3][14]/E} {pin:Conv/st_output_current_reg[1]/Q} {Disabled timing*}
{pin:Conv/r_output_read_reg[3][15]/E} {pin:Conv/st_output_current_reg[1]/Q} {Disabled timing*}
{pin:Conv/r_output_read_reg[3][16]/E} {pin:Conv/st_output_current_reg[1]/Q} {Disabled timing*}
{pin:Conv/r_output_read_reg[3][17]/E} {pin:Conv/st_output_current_reg[1]/Q} {Disabled timing*}
{pin:Conv/r_output_read_reg[3][18]/E} {pin:Conv/st_output_current_reg[1]/Q} {Disabled timing*}
{pin:Conv/r_output_read_reg[3][19]/E} {pin:Conv/st_output_current_reg[1]/Q} {Disabled timing*}
{pin:Conv/r_output_read_reg[3][1]/E} {pin:Conv/st_output_current_reg[1]/Q} {Disabled timing*}
{pin:Conv/r_output_read_reg[3][2]/E} {pin:Conv/st_output_current_reg[1]/Q} {Disabled timing*}
{pin:Conv/r_output_read_reg[3][3]/E} {pin:Conv/st_output_current_reg[1]/Q} {Disabled timing*}
{pin:Conv/r_output_read_reg[3][4]/E} {pin:Conv/st_output_current_reg[1]/Q} {Disabled timing*}
{pin:Conv/r_output_read_reg[3][5]/E} {pin:Conv/st_output_current_reg[1]/Q} {Disabled timing*}
{pin:Conv/r_output_read_reg[3][6]/E} {pin:Conv/st_output_current_reg[1]/Q} {Disabled timing*}
{pin:Conv/r_output_read_reg[3][7]/E} {pin:Conv/st_output_current_reg[1]/Q} {Disabled timing*}
{pin:Conv/r_output_read_reg[3][8]/E} {pin:Conv/st_output_current_reg[1]/Q} {Disabled timing*}
{pin:Conv/r_output_read_reg[3][9]/E} {pin:Conv/st_output_current_reg[1]/Q} {Disabled timing*}
{pin:Conv/r_weight_spatial_reg[0][0]/EN} {pin:Conv/st_input_current_reg[1]/Q} {Disabled timing*}
{pin:Conv/r_weight_spatial_reg[0][10]/EN} {pin:Conv/st_input_current_reg[1]/Q} {Disabled timing*}
{pin:Conv/r_weight_spatial_reg[0][11]/EN} {pin:Conv/st_input_current_reg[1]/Q} {Disabled timing*}
{pin:Conv/r_weight_spatial_reg[0][12]/EN} {pin:Conv/st_input_current_reg[1]/Q} {Disabled timing*}
{pin:Conv/r_weight_spatial_reg[0][13]/EN} {pin:Conv/st_input_current_reg[1]/Q} {Disabled timing*}
{pin:Conv/r_weight_spatial_reg[0][14]/EN} {pin:Conv/st_input_current_reg[1]/Q} {Disabled timing*}
{pin:Conv/r_weight_spatial_reg[0][15]/EN} {pin:Conv/st_input_current_reg[1]/Q} {Disabled timing*}
{pin:Conv/r_weight_spatial_reg[0][16]/EN} {pin:Conv/st_input_current_reg[1]/Q} {Disabled timing*}
{pin:Conv/r_weight_spatial_reg[0][17]/EN} {pin:Conv/st_input_current_reg[1]/Q} {Disabled timing*}
{pin:Conv/r_weight_spatial_reg[0][18]/EN} {pin:Conv/st_input_current_reg[1]/Q} {Disabled timing*}
{pin:Conv/r_weight_spatial_reg[0][19]/EN} {pin:Conv/st_input_current_reg[1]/Q} {Disabled timing*}
{pin:Conv/r_weight_spatial_reg[0][1]/EN} {pin:Conv/st_input_current_reg[1]/Q} {Disabled timing*}
{pin:Conv/r_weight_spatial_reg[0][2]/EN} {pin:Conv/st_input_current_reg[1]/Q} {Disabled timing*}
{pin:Conv/r_weight_spatial_reg[0][3]/EN} {pin:Conv/st_input_current_reg[1]/Q} {Disabled timing*}
{pin:Conv/r_weight_spatial_reg[0][4]/EN} {pin:Conv/st_input_current_reg[1]/Q} {Disabled timing*}
{pin:Conv/r_weight_spatial_reg[0][5]/EN} {pin:Conv/st_input_current_reg[1]/Q} {Disabled timing*}
{pin:Conv/r_weight_spatial_reg[0][6]/EN} {pin:Conv/st_input_current_reg[1]/Q} {Disabled timing*}
{pin:Conv/r_weight_spatial_reg[0][7]/EN} {pin:Conv/st_input_current_reg[1]/Q} {Disabled timing*}
{pin:Conv/r_weight_spatial_reg[0][8]/EN} {pin:Conv/st_input_current_reg[1]/Q} {Disabled timing*}
{pin:Conv/r_weight_spatial_reg[0][9]/EN} {pin:Conv/st_input_current_reg[1]/Q} {Disabled timing*}
{pin:Conv/r_weight_spatial_reg[1][0]/E} {pin:Conv/r_weight_row_count_reg[1]/Q} {Disabled timing*}
{pin:Conv/r_weight_spatial_reg[1][10]/E} {pin:Conv/r_weight_row_count_reg[1]/Q} {Disabled timing*}
{pin:Conv/r_weight_spatial_reg[1][11]/E} {pin:Conv/r_weight_row_count_reg[1]/Q} {Disabled timing*}
{pin:Conv/r_weight_spatial_reg[1][12]/E} {pin:Conv/r_weight_row_count_reg[1]/Q} {Disabled timing*}
{pin:Conv/r_weight_spatial_reg[1][13]/E} {pin:Conv/r_weight_row_count_reg[1]/Q} {Disabled timing*}
{pin:Conv/r_weight_spatial_reg[1][14]/E} {pin:Conv/r_weight_row_count_reg[1]/Q} {Disabled timing*}
{pin:Conv/r_weight_spatial_reg[1][15]/E} {pin:Conv/r_weight_row_count_reg[1]/Q} {Disabled timing*}
{pin:Conv/r_weight_spatial_reg[1][16]/E} {pin:Conv/r_weight_row_count_reg[1]/Q} {Disabled timing*}
{pin:Conv/r_weight_spatial_reg[1][17]/E} {pin:Conv/r_weight_row_count_reg[1]/Q} {Disabled timing*}
{pin:Conv/r_weight_spatial_reg[1][18]/E} {pin:Conv/r_weight_row_count_reg[1]/Q} {Disabled timing*}
{pin:Conv/r_weight_spatial_reg[1][19]/E} {pin:Conv/r_weight_row_count_reg[1]/Q} {Disabled timing*}
{pin:Conv/r_weight_spatial_reg[1][1]/E} {pin:Conv/r_weight_row_count_reg[1]/Q} {Disabled timing*}
{pin:Conv/r_weight_spatial_reg[1][2]/E} {pin:Conv/r_weight_row_count_reg[1]/Q} {Disabled timing*}
{pin:Conv/r_weight_spatial_reg[1][3]/E} {pin:Conv/r_weight_row_count_reg[1]/Q} {Disabled timing*}
{pin:Conv/r_weight_spatial_reg[1][4]/E} {pin:Conv/r_weight_row_count_reg[1]/Q} {Disabled timing*}
{pin:Conv/r_weight_spatial_reg[1][5]/E} {pin:Conv/r_weight_row_count_reg[1]/Q} {Disabled timing*}
{pin:Conv/r_weight_spatial_reg[1][6]/E} {pin:Conv/r_weight_row_count_reg[1]/Q} {Disabled timing*}
{pin:Conv/r_weight_spatial_reg[1][7]/E} {pin:Conv/r_weight_row_count_reg[1]/Q} {Disabled timing*}
{pin:Conv/r_weight_spatial_reg[1][8]/E} {pin:Conv/r_weight_row_count_reg[1]/Q} {Disabled timing*}
{pin:Conv/r_weight_spatial_reg[1][9]/E} {pin:Conv/r_weight_row_count_reg[1]/Q} {Disabled timing*}
{pin:Conv/r_weight_spatial_reg[2][0]/E} {pin:Conv/r_weight_row_count_reg[0]/Q} {Disabled timing*}
{pin:Conv/r_weight_spatial_reg[2][10]/E} {pin:Conv/r_weight_row_count_reg[0]/Q} {Disabled timing*}
{pin:Conv/r_weight_spatial_reg[2][11]/E} {pin:Conv/r_weight_row_count_reg[0]/Q} {Disabled timing*}
{pin:Conv/r_weight_spatial_reg[2][12]/E} {pin:Conv/r_weight_row_count_reg[0]/Q} {Disabled timing*}
{pin:Conv/r_weight_spatial_reg[2][13]/E} {pin:Conv/r_weight_row_count_reg[0]/Q} {Disabled timing*}
{pin:Conv/r_weight_spatial_reg[2][14]/E} {pin:Conv/r_weight_row_count_reg[0]/Q} {Disabled timing*}
{pin:Conv/r_weight_spatial_reg[2][15]/E} {pin:Conv/r_weight_row_count_reg[0]/Q} {Disabled timing*}
{pin:Conv/r_weight_spatial_reg[2][16]/E} {pin:Conv/r_weight_row_count_reg[0]/Q} {Disabled timing*}
{pin:Conv/r_weight_spatial_reg[2][17]/E} {pin:Conv/r_weight_row_count_reg[0]/Q} {Disabled timing*}
{pin:Conv/r_weight_spatial_reg[2][18]/E} {pin:Conv/r_weight_row_count_reg[0]/Q} {Disabled timing*}
{pin:Conv/r_weight_spatial_reg[2][19]/E} {pin:Conv/r_weight_row_count_reg[0]/Q} {Disabled timing*}
{pin:Conv/r_weight_spatial_reg[2][1]/E} {pin:Conv/r_weight_row_count_reg[0]/Q} {Disabled timing*}
{pin:Conv/r_weight_spatial_reg[2][2]/E} {pin:Conv/r_weight_row_count_reg[0]/Q} {Disabled timing*}
{pin:Conv/r_weight_spatial_reg[2][3]/E} {pin:Conv/r_weight_row_count_reg[0]/Q} {Disabled timing*}
{pin:Conv/r_weight_spatial_reg[2][4]/E} {pin:Conv/r_weight_row_count_reg[0]/Q} {Disabled timing*}
{pin:Conv/r_weight_spatial_reg[2][5]/E} {pin:Conv/r_weight_row_count_reg[0]/Q} {Disabled timing*}
{pin:Conv/r_weight_spatial_reg[2][6]/E} {pin:Conv/r_weight_row_count_reg[0]/Q} {Disabled timing*}
{pin:Conv/r_weight_spatial_reg[2][7]/E} {pin:Conv/r_weight_row_count_reg[0]/Q} {Disabled timing*}
{pin:Conv/r_weight_spatial_reg[2][8]/E} {pin:Conv/r_weight_row_count_reg[0]/Q} {Disabled timing*}
{pin:Conv/r_weight_spatial_reg[2][9]/E} {pin:Conv/r_weight_row_count_reg[0]/Q} {Disabled timing*}
{pin:Conv/r_weight_spatial_reg[3][0]/E} {pin:Conv/r_weight_row_count_reg[3]/Q} {Disabled timing*}
{pin:Conv/r_weight_spatial_reg[3][10]/E} {pin:Conv/r_weight_row_count_reg[3]/Q} {Disabled timing*}
{pin:Conv/r_weight_spatial_reg[3][11]/E} {pin:Conv/r_weight_row_count_reg[3]/Q} {Disabled timing*}
{pin:Conv/r_weight_spatial_reg[3][12]/E} {pin:Conv/r_weight_row_count_reg[3]/Q} {Disabled timing*}
{pin:Conv/r_weight_spatial_reg[3][13]/E} {pin:Conv/r_weight_row_count_reg[3]/Q} {Disabled timing*}
{pin:Conv/r_weight_spatial_reg[3][14]/E} {pin:Conv/r_weight_row_count_reg[3]/Q} {Disabled timing*}
{pin:Conv/r_weight_spatial_reg[3][15]/E} {pin:Conv/r_weight_row_count_reg[3]/Q} {Disabled timing*}
{pin:Conv/r_weight_spatial_reg[3][16]/E} {pin:Conv/r_weight_row_count_reg[3]/Q} {Disabled timing*}
{pin:Conv/r_weight_spatial_reg[3][17]/E} {pin:Conv/r_weight_row_count_reg[3]/Q} {Disabled timing*}
{pin:Conv/r_weight_spatial_reg[3][18]/E} {pin:Conv/r_weight_row_count_reg[3]/Q} {Disabled timing*}
{pin:Conv/r_weight_spatial_reg[3][19]/E} {pin:Conv/r_weight_row_count_reg[3]/Q} {Disabled timing*}
{pin:Conv/r_weight_spatial_reg[3][1]/E} {pin:Conv/r_weight_row_count_reg[3]/Q} {Disabled timing*}
{pin:Conv/r_weight_spatial_reg[3][2]/E} {pin:Conv/r_weight_row_count_reg[3]/Q} {Disabled timing*}
{pin:Conv/r_weight_spatial_reg[3][3]/E} {pin:Conv/r_weight_row_count_reg[3]/Q} {Disabled timing*}
{pin:Conv/r_weight_spatial_reg[3][4]/E} {pin:Conv/r_weight_row_count_reg[3]/Q} {Disabled timing*}
{pin:Conv/r_weight_spatial_reg[3][5]/E} {pin:Conv/r_weight_row_count_reg[3]/Q} {Disabled timing*}
{pin:Conv/r_weight_spatial_reg[3][6]/E} {pin:Conv/r_weight_row_count_reg[3]/Q} {Disabled timing*}
{pin:Conv/r_weight_spatial_reg[3][7]/E} {pin:Conv/r_weight_row_count_reg[3]/Q} {Disabled timing*}
{pin:Conv/r_weight_spatial_reg[3][8]/E} {pin:Conv/r_weight_row_count_reg[3]/Q} {Disabled timing*}
{pin:Conv/r_weight_spatial_reg[3][9]/E} {pin:Conv/r_weight_row_count_reg[3]/Q} {Disabled timing*}
{pin:Conv/r_weight_spatial_reg[4][0]/E} {pin:Conv/r_weight_row_count_reg[1]/Q} {Disabled timing*}
{pin:Conv/r_weight_spatial_reg[4][10]/E} {pin:Conv/r_weight_row_count_reg[1]/Q} {Disabled timing*}
{pin:Conv/r_weight_spatial_reg[4][11]/E} {pin:Conv/r_weight_row_count_reg[1]/Q} {Disabled timing*}
{pin:Conv/r_weight_spatial_reg[4][12]/E} {pin:Conv/r_weight_row_count_reg[1]/Q} {Disabled timing*}
{pin:Conv/r_weight_spatial_reg[4][13]/E} {pin:Conv/r_weight_row_count_reg[1]/Q} {Disabled timing*}
{pin:Conv/r_weight_spatial_reg[4][14]/E} {pin:Conv/r_weight_row_count_reg[1]/Q} {Disabled timing*}
{pin:Conv/r_weight_spatial_reg[4][15]/E} {pin:Conv/r_weight_row_count_reg[1]/Q} {Disabled timing*}
{pin:Conv/r_weight_spatial_reg[4][16]/E} {pin:Conv/r_weight_row_count_reg[1]/Q} {Disabled timing*}
{pin:Conv/r_weight_spatial_reg[4][17]/E} {pin:Conv/r_weight_row_count_reg[1]/Q} {Disabled timing*}
{pin:Conv/r_weight_spatial_reg[4][18]/E} {pin:Conv/r_weight_row_count_reg[1]/Q} {Disabled timing*}
{pin:Conv/r_weight_spatial_reg[4][19]/E} {pin:Conv/r_weight_row_count_reg[1]/Q} {Disabled timing*}
{pin:Conv/r_weight_spatial_reg[4][1]/E} {pin:Conv/r_weight_row_count_reg[1]/Q} {Disabled timing*}
{pin:Conv/r_weight_spatial_reg[4][2]/E} {pin:Conv/r_weight_row_count_reg[1]/Q} {Disabled timing*}
{pin:Conv/r_weight_spatial_reg[4][3]/E} {pin:Conv/r_weight_row_count_reg[1]/Q} {Disabled timing*}
{pin:Conv/r_weight_spatial_reg[4][4]/E} {pin:Conv/r_weight_row_count_reg[1]/Q} {Disabled timing*}
{pin:Conv/r_weight_spatial_reg[4][5]/E} {pin:Conv/r_weight_row_count_reg[1]/Q} {Disabled timing*}
{pin:Conv/r_weight_spatial_reg[4][6]/E} {pin:Conv/r_weight_row_count_reg[1]/Q} {Disabled timing*}
{pin:Conv/r_weight_spatial_reg[4][7]/E} {pin:Conv/r_weight_row_count_reg[1]/Q} {Disabled timing*}
{pin:Conv/r_weight_spatial_reg[4][8]/E} {pin:Conv/r_weight_row_count_reg[1]/Q} {Disabled timing*}
{pin:Conv/r_weight_spatial_reg[4][9]/E} {pin:Conv/r_weight_row_count_reg[1]/Q} {Disabled timing*}
{pin:Conv/r_weight_spatial_reg[5][0]/E} {pin:Conv/r_weight_row_count_reg[1]/Q} {Disabled timing*}
{pin:Conv/r_weight_spatial_reg[5][10]/E} {pin:Conv/r_weight_row_count_reg[1]/Q} {Disabled timing*}
{pin:Conv/r_weight_spatial_reg[5][11]/E} {pin:Conv/r_weight_row_count_reg[1]/Q} {Disabled timing*}
{pin:Conv/r_weight_spatial_reg[5][12]/E} {pin:Conv/r_weight_row_count_reg[1]/Q} {Disabled timing*}
{pin:Conv/r_weight_spatial_reg[5][13]/E} {pin:Conv/r_weight_row_count_reg[1]/Q} {Disabled timing*}
{pin:Conv/r_weight_spatial_reg[5][14]/E} {pin:Conv/r_weight_row_count_reg[1]/Q} {Disabled timing*}
{pin:Conv/r_weight_spatial_reg[5][15]/E} {pin:Conv/r_weight_row_count_reg[1]/Q} {Disabled timing*}
{pin:Conv/r_weight_spatial_reg[5][16]/E} {pin:Conv/r_weight_row_count_reg[1]/Q} {Disabled timing*}
{pin:Conv/r_weight_spatial_reg[5][17]/E} {pin:Conv/r_weight_row_count_reg[1]/Q} {Disabled timing*}
{pin:Conv/r_weight_spatial_reg[5][18]/E} {pin:Conv/r_weight_row_count_reg[1]/Q} {Disabled timing*}
{pin:Conv/r_weight_spatial_reg[5][19]/E} {pin:Conv/r_weight_row_count_reg[1]/Q} {Disabled timing*}
{pin:Conv/r_weight_spatial_reg[5][1]/E} {pin:Conv/r_weight_row_count_reg[1]/Q} {Disabled timing*}
{pin:Conv/r_weight_spatial_reg[5][2]/E} {pin:Conv/r_weight_row_count_reg[1]/Q} {Disabled timing*}
{pin:Conv/r_weight_spatial_reg[5][3]/E} {pin:Conv/r_weight_row_count_reg[1]/Q} {Disabled timing*}
{pin:Conv/r_weight_spatial_reg[5][4]/E} {pin:Conv/r_weight_row_count_reg[1]/Q} {Disabled timing*}
{pin:Conv/r_weight_spatial_reg[5][5]/E} {pin:Conv/r_weight_row_count_reg[1]/Q} {Disabled timing*}
{pin:Conv/r_weight_spatial_reg[5][6]/E} {pin:Conv/r_weight_row_count_reg[1]/Q} {Disabled timing*}
{pin:Conv/r_weight_spatial_reg[5][7]/E} {pin:Conv/r_weight_row_count_reg[1]/Q} {Disabled timing*}
{pin:Conv/r_weight_spatial_reg[5][8]/E} {pin:Conv/r_weight_row_count_reg[1]/Q} {Disabled timing*}
{pin:Conv/r_weight_spatial_reg[5][9]/E} {pin:Conv/r_weight_row_count_reg[1]/Q} {Disabled timing*}
{pin:Conv/r_weight_spatial_reg[6][0]/E} {pin:Conv/r_weight_row_count_reg[3]/Q} {Disabled timing*}
{pin:Conv/r_weight_spatial_reg[6][10]/E} {pin:Conv/r_weight_row_count_reg[3]/Q} {Disabled timing*}
{pin:Conv/r_weight_spatial_reg[6][11]/E} {pin:Conv/r_weight_row_count_reg[3]/Q} {Disabled timing*}
{pin:Conv/r_weight_spatial_reg[6][12]/E} {pin:Conv/r_weight_row_count_reg[3]/Q} {Disabled timing*}
{pin:Conv/r_weight_spatial_reg[6][13]/E} {pin:Conv/r_weight_row_count_reg[3]/Q} {Disabled timing*}
{pin:Conv/r_weight_spatial_reg[6][14]/E} {pin:Conv/r_weight_row_count_reg[3]/Q} {Disabled timing*}
{pin:Conv/r_weight_spatial_reg[6][15]/E} {pin:Conv/r_weight_row_count_reg[3]/Q} {Disabled timing*}
{pin:Conv/r_weight_spatial_reg[6][16]/E} {pin:Conv/r_weight_row_count_reg[3]/Q} {Disabled timing*}
{pin:Conv/r_weight_spatial_reg[6][17]/E} {pin:Conv/r_weight_row_count_reg[3]/Q} {Disabled timing*}
{pin:Conv/r_weight_spatial_reg[6][18]/E} {pin:Conv/r_weight_row_count_reg[3]/Q} {Disabled timing*}
{pin:Conv/r_weight_spatial_reg[6][19]/E} {pin:Conv/r_weight_row_count_reg[3]/Q} {Disabled timing*}
{pin:Conv/r_weight_spatial_reg[6][1]/E} {pin:Conv/r_weight_row_count_reg[3]/Q} {Disabled timing*}
{pin:Conv/r_weight_spatial_reg[6][2]/E} {pin:Conv/r_weight_row_count_reg[3]/Q} {Disabled timing*}
{pin:Conv/r_weight_spatial_reg[6][3]/E} {pin:Conv/r_weight_row_count_reg[3]/Q} {Disabled timing*}
{pin:Conv/r_weight_spatial_reg[6][4]/E} {pin:Conv/r_weight_row_count_reg[3]/Q} {Disabled timing*}
{pin:Conv/r_weight_spatial_reg[6][5]/E} {pin:Conv/r_weight_row_count_reg[3]/Q} {Disabled timing*}
{pin:Conv/r_weight_spatial_reg[6][6]/E} {pin:Conv/r_weight_row_count_reg[3]/Q} {Disabled timing*}
{pin:Conv/r_weight_spatial_reg[6][7]/E} {pin:Conv/r_weight_row_count_reg[3]/Q} {Disabled timing*}
{pin:Conv/r_weight_spatial_reg[6][8]/E} {pin:Conv/r_weight_row_count_reg[3]/Q} {Disabled timing*}
{pin:Conv/r_weight_spatial_reg[6][9]/E} {pin:Conv/r_weight_row_count_reg[3]/Q} {Disabled timing*}
{pin:Conv/r_weight_spatial_reg[7][0]/E} {pin:Conv/r_weight_row_count_reg[0]/Q} {Disabled timing*}
{pin:Conv/r_weight_spatial_reg[7][10]/E} {pin:Conv/r_weight_row_count_reg[0]/Q} {Disabled timing*}
{pin:Conv/r_weight_spatial_reg[7][11]/E} {pin:Conv/r_weight_row_count_reg[0]/Q} {Disabled timing*}
{pin:Conv/r_weight_spatial_reg[7][12]/E} {pin:Conv/r_weight_row_count_reg[0]/Q} {Disabled timing*}
{pin:Conv/r_weight_spatial_reg[7][13]/E} {pin:Conv/r_weight_row_count_reg[0]/Q} {Disabled timing*}
{pin:Conv/r_weight_spatial_reg[7][14]/E} {pin:Conv/r_weight_row_count_reg[0]/Q} {Disabled timing*}
{pin:Conv/r_weight_spatial_reg[7][15]/E} {pin:Conv/r_weight_row_count_reg[0]/Q} {Disabled timing*}
{pin:Conv/r_weight_spatial_reg[7][16]/E} {pin:Conv/r_weight_row_count_reg[0]/Q} {Disabled timing*}
{pin:Conv/r_weight_spatial_reg[7][17]/E} {pin:Conv/r_weight_row_count_reg[0]/Q} {Disabled timing*}
{pin:Conv/r_weight_spatial_reg[7][18]/E} {pin:Conv/r_weight_row_count_reg[0]/Q} {Disabled timing*}
{pin:Conv/r_weight_spatial_reg[7][19]/E} {pin:Conv/r_weight_row_count_reg[0]/Q} {Disabled timing*}
{pin:Conv/r_weight_spatial_reg[7][1]/E} {pin:Conv/r_weight_row_count_reg[0]/Q} {Disabled timing*}
{pin:Conv/r_weight_spatial_reg[7][2]/E} {pin:Conv/r_weight_row_count_reg[0]/Q} {Disabled timing*}
{pin:Conv/r_weight_spatial_reg[7][3]/E} {pin:Conv/r_weight_row_count_reg[0]/Q} {Disabled timing*}
{pin:Conv/r_weight_spatial_reg[7][4]/E} {pin:Conv/r_weight_row_count_reg[0]/Q} {Disabled timing*}
{pin:Conv/r_weight_spatial_reg[7][5]/E} {pin:Conv/r_weight_row_count_reg[0]/Q} {Disabled timing*}
{pin:Conv/r_weight_spatial_reg[7][6]/E} {pin:Conv/r_weight_row_count_reg[0]/Q} {Disabled timing*}
{pin:Conv/r_weight_spatial_reg[7][7]/E} {pin:Conv/r_weight_row_count_reg[0]/Q} {Disabled timing*}
{pin:Conv/r_weight_spatial_reg[7][8]/E} {pin:Conv/r_weight_row_count_reg[0]/Q} {Disabled timing*}
{pin:Conv/r_weight_spatial_reg[7][9]/E} {pin:Conv/r_weight_row_count_reg[0]/Q} {Disabled timing*}
{pin:Conv/r_weight_spatial_reg[8][0]/EN} {pin:Conv/r_weight_row_count_reg[3]/Q} {Disabled timing*}
{pin:Conv/r_weight_spatial_reg[8][10]/EN} {pin:Conv/r_weight_row_count_reg[3]/Q} {Disabled timing*}
{pin:Conv/r_weight_spatial_reg[8][11]/EN} {pin:Conv/r_weight_row_count_reg[3]/Q} {Disabled timing*}
{pin:Conv/r_weight_spatial_reg[8][12]/EN} {pin:Conv/r_weight_row_count_reg[3]/Q} {Disabled timing*}
{pin:Conv/r_weight_spatial_reg[8][13]/EN} {pin:Conv/r_weight_row_count_reg[3]/Q} {Disabled timing*}
{pin:Conv/r_weight_spatial_reg[8][14]/EN} {pin:Conv/r_weight_row_count_reg[3]/Q} {Disabled timing*}
{pin:Conv/r_weight_spatial_reg[8][15]/EN} {pin:Conv/r_weight_row_count_reg[3]/Q} {Disabled timing*}
{pin:Conv/r_weight_spatial_reg[8][16]/EN} {pin:Conv/r_weight_row_count_reg[3]/Q} {Disabled timing*}
{pin:Conv/r_weight_spatial_reg[8][17]/EN} {pin:Conv/r_weight_row_count_reg[3]/Q} {Disabled timing*}
{pin:Conv/r_weight_spatial_reg[8][18]/EN} {pin:Conv/r_weight_row_count_reg[3]/Q} {Disabled timing*}
{pin:Conv/r_weight_spatial_reg[8][19]/EN} {pin:Conv/r_weight_row_count_reg[3]/Q} {Disabled timing*}
{pin:Conv/r_weight_spatial_reg[8][1]/EN} {pin:Conv/r_weight_row_count_reg[3]/Q} {Disabled timing*}
{pin:Conv/r_weight_spatial_reg[8][2]/EN} {pin:Conv/r_weight_row_count_reg[3]/Q} {Disabled timing*}
{pin:Conv/r_weight_spatial_reg[8][3]/EN} {pin:Conv/r_weight_row_count_reg[3]/Q} {Disabled timing*}
{pin:Conv/r_weight_spatial_reg[8][4]/EN} {pin:Conv/r_weight_row_count_reg[3]/Q} {Disabled timing*}
{pin:Conv/r_weight_spatial_reg[8][5]/EN} {pin:Conv/r_weight_row_count_reg[3]/Q} {Disabled timing*}
{pin:Conv/r_weight_spatial_reg[8][6]/EN} {pin:Conv/r_weight_row_count_reg[3]/Q} {Disabled timing*}
{pin:Conv/r_weight_spatial_reg[8][7]/EN} {pin:Conv/r_weight_row_count_reg[3]/Q} {Disabled timing*}
{pin:Conv/r_weight_spatial_reg[8][8]/EN} {pin:Conv/r_weight_row_count_reg[3]/Q} {Disabled timing*}
{pin:Conv/r_weight_spatial_reg[8][9]/EN} {pin:Conv/r_weight_row_count_reg[3]/Q} {Disabled timing*}
-------------------------------------------------------------------------------

-------------------------------------------------------------------------------
Timing exceptions with no effect

The following timing exceptions are not currently affecting timing in the       
design in mode 'analysis_view_0p99v_m40c_capbst_fastest'.  Either no paths in   
the design satisfy the exception's path specification, or all paths that        
satisfy the path specification also satisfy an exception with a higher          
priority.  You can improve runtime and memory usage by removing these           
exceptions if they are not truly needed.  To see if there is a path in the      
design that satisfies the path specification for an exception, or to see what   
other exception is overriding an exception because of priority, use the command:
  report timing -paths [eval [::legacy::get_attribute paths <exception>]]

exception:Conv/analysis_view_0p99v_m40c_capbst_fastest/tmp_sdc_analysis_vie_1_line_72
-------------------------------------------------------------------------------


Lint summary
 Unconnected/logic driven clocks                                  0
 Sequential data pins driven by a clock signal                    0
 Sequential clock pins without clock waveform                   660
 Sequential clock pins with multiple clock waveforms              0
 Generated clocks without clock waveform                          0
 Generated clocks with incompatible options                       0
 Generated clocks with multi-master clock                         0
 Paths constrained with different clocks                          0
 Loop-breaking cells for combinational feedback                   0
 Nets with multiple drivers                                       0
 Timing exceptions with no effect                                 1
 Suspicious multi_cycle exceptions                                0
 Pins/ports with conflicting case constants                       0
 Inputs without clocked external delays                           0
 Outputs without clocked external delays                          0
 Inputs without external driver/transition                        0
 Outputs without external load                                    0
 Exceptions with invalid timing start-/endpoints                  0

                                                  Total:        661

