============================================================
  Generated by:           Genus(TM) Synthesis Solution 21.12-s068_1
  Generated on:           Sep 13 2026  03:12:45 am
  Module:                 Conv
  Library domain:         timing_cond_0p81v_125c
    Domain index:         0
    Technology library:   tcbn28hpcplusbwp30p140ssg0p81v125c 110
  Operating conditions:   ssg0p81v125c 
  Interconnect mode:      global
  Area mode:              physical library
============================================================

                                                                                    Library 
          Gate           Instances    Area                   Library                 Domain 
--------------------------------------------------------------------------------------------
AN2D1BWP30P140                  42     21.168    tcbn28hpcplusbwp30p140ssg0p81v125c       0 
AN2D2BWP30P140                   1      0.630    tcbn28hpcplusbwp30p140ssg0p81v125c       0 
AN3D1BWP30P140                   1      0.630    tcbn28hpcplusbwp30p140ssg0p81v125c       0 
AO211D1BWP30P140                 3      2.268    tcbn28hpcplusbwp30p140ssg0p81v125c       0 
AO21D0BWP30P140                  2      1.260    tcbn28hpcplusbwp30p140ssg0p81v125c       0 
AO21D1BWP30P140                 81     51.030    tcbn28hpcplusbwp30p140ssg0p81v125c       0 
AO22D0BWP30P140                540    408.240    tcbn28hpcplusbwp30p140ssg0p81v125c       0 
AOI211D1BWP30P140                4      2.520    tcbn28hpcplusbwp30p140ssg0p81v125c       0 
AOI21D0P7BWP30P140              40     20.160    tcbn28hpcplusbwp30p140ssg0p81v125c       0 
AOI21D1BWP30P140                92     46.368    tcbn28hpcplusbwp30p140ssg0p81v125c       0 
AOI21D2BWP30P140                11      9.702    tcbn28hpcplusbwp30p140ssg0p81v125c       0 
AOI21OPTREPBD1BWP30P140         33     24.948    tcbn28hpcplusbwp30p140ssg0p81v125c       0 
AOI221D1BWP30P140                4      3.024    tcbn28hpcplusbwp30p140ssg0p81v125c       0 
AOI222D1BWP30P140                3      3.024    tcbn28hpcplusbwp30p140ssg0p81v125c       0 
AOI22D1BWP30P140               189    119.070    tcbn28hpcplusbwp30p140ssg0p81v125c       0 
AOI31D1BWP30P140                 2      1.260    tcbn28hpcplusbwp30p140ssg0p81v125c       0 
AOI32D1BWP30P140                 4      3.024    tcbn28hpcplusbwp30p140ssg0p81v125c       0 
BUFFD3BWP30P140                  1      0.630    tcbn28hpcplusbwp30p140ssg0p81v125c       0 
CKAN2D1BWP30P140               178     89.712    tcbn28hpcplusbwp30p140ssg0p81v125c       0 
CKLNQD1BWP30P140                39     73.710    tcbn28hpcplusbwp30p140ssg0p81v125c       0 
CKMUX2D0BWP30P140              155    136.710    tcbn28hpcplusbwp30p140ssg0p81v125c       0 
CKND1BWP30P140                1017    256.284    tcbn28hpcplusbwp30p140ssg0p81v125c       0 
CKND2BWP30P140                   6      2.268    tcbn28hpcplusbwp30p140ssg0p81v125c       0 
CKND2D1BWP30P140               182     68.796    tcbn28hpcplusbwp30p140ssg0p81v125c       0 
CKND4BWP30P140                   3      1.890    tcbn28hpcplusbwp30p140ssg0p81v125c       0 
DFCND1BWP30P140                 17     42.840    tcbn28hpcplusbwp30p140ssg0p81v125c       0 
DFCND2BWP30P140                  1      2.898    tcbn28hpcplusbwp30p140ssg0p81v125c       0 
DFCNQD1BWP30P140               699   1585.332    tcbn28hpcplusbwp30p140ssg0p81v125c       0 
DFCNQD2BWP30P140                10     26.460    tcbn28hpcplusbwp30p140ssg0p81v125c       0 
DFSND1BWP30P140                  2      4.788    tcbn28hpcplusbwp30p140ssg0p81v125c       0 
DFSNQD2BWP30P140                 1      2.268    tcbn28hpcplusbwp30p140ssg0p81v125c       0 
EDFCND1BWP30P140                 4     12.096    tcbn28hpcplusbwp30p140ssg0p81v125c       0 
EDFCNQD1BWP30P140                7     20.286    tcbn28hpcplusbwp30p140ssg0p81v125c       0 
FA1D0BWP30P140                 675   1445.850    tcbn28hpcplusbwp30p140ssg0p81v125c       0 
FA1D1BWP30P140                1631   3493.602    tcbn28hpcplusbwp30p140ssg0p81v125c       0 
HA1D0BWP30P140                 232    380.016    tcbn28hpcplusbwp30p140ssg0p81v125c       0 
HA1D1BWP30P140                 142    232.596    tcbn28hpcplusbwp30p140ssg0p81v125c       0 
IAO21D0BWP30P140                32     20.160    tcbn28hpcplusbwp30p140ssg0p81v125c       0 
IAO21D1BWP30P140                18     11.340    tcbn28hpcplusbwp30p140ssg0p81v125c       0 
IAO21D2BWP30P140                31     27.342    tcbn28hpcplusbwp30p140ssg0p81v125c       0 
IAO22D1BWP30P140                 6      5.292    tcbn28hpcplusbwp30p140ssg0p81v125c       0 
IND2D0BWP30P140                 23     11.592    tcbn28hpcplusbwp30p140ssg0p81v125c       0 
IND2D1BWP30P140                315    158.760    tcbn28hpcplusbwp30p140ssg0p81v125c       0 
IND2D2BWP30P140                  2      1.512    tcbn28hpcplusbwp30p140ssg0p81v125c       0 
IND2D6BWP30P140                  1      1.890    tcbn28hpcplusbwp30p140ssg0p81v125c       0 
IND3D0BWP30P140                  4      2.520    tcbn28hpcplusbwp30p140ssg0p81v125c       0 
IND3D1BWP30P140                  5      3.150    tcbn28hpcplusbwp30p140ssg0p81v125c       0 
IND4D1BWP30P140                  3      2.268    tcbn28hpcplusbwp30p140ssg0p81v125c       0 
INR2D0BWP30P140                  1      0.504    tcbn28hpcplusbwp30p140ssg0p81v125c       0 
INR2D1BWP30P140                635    320.040    tcbn28hpcplusbwp30p140ssg0p81v125c       0 
INR2D2BWP30P140                  2      1.512    tcbn28hpcplusbwp30p140ssg0p81v125c       0 
INR3D0BWP30P140                 18     11.340    tcbn28hpcplusbwp30p140ssg0p81v125c       0 
INR4D0BWP30P140                  3      2.268    tcbn28hpcplusbwp30p140ssg0p81v125c       0 
INVD0P7BWP30P140                 4      1.008    tcbn28hpcplusbwp30p140ssg0p81v125c       0 
INVD1BWP30P140                   7      1.764    tcbn28hpcplusbwp30p140ssg0p81v125c       0 
INVD2BWP30P140                   1      0.378    tcbn28hpcplusbwp30p140ssg0p81v125c       0 
INVD3BWP30P140                   3      1.512    tcbn28hpcplusbwp30p140ssg0p81v125c       0 
INVD6BWP30P140                   1      0.882    tcbn28hpcplusbwp30p140ssg0p81v125c       0 
IOA21D1BWP30P140               183    115.290    tcbn28hpcplusbwp30p140ssg0p81v125c       0 
IOA22D1BWP30P140                 2      1.764    tcbn28hpcplusbwp30p140ssg0p81v125c       0 
LHQD1BWP30P140                 240    302.400    tcbn28hpcplusbwp30p140ssg0p81v125c       0 
LNQD1BWP30P140                 100    126.000    tcbn28hpcplusbwp30p140ssg0p81v125c       0 
MAOI222D0BWP30P140               3      2.268    tcbn28hpcplusbwp30p140ssg0p81v125c       0 
MAOI222D1BWP30P140              95     71.820    tcbn28hpcplusbwp30p140ssg0p81v125c       0 
MAOI22D1BWP30P140               35     26.460    tcbn28hpcplusbwp30p140ssg0p81v125c       0 
MOAI22D1BWP30P140              120     90.720    tcbn28hpcplusbwp30p140ssg0p81v125c       0 
MUX2D0BWP30P140                 80     70.560    tcbn28hpcplusbwp30p140ssg0p81v125c       0 
MUX2D1BWP30P140                 52     52.416    tcbn28hpcplusbwp30p140ssg0p81v125c       0 
MUX2D2BWP30P140                  7      7.938    tcbn28hpcplusbwp30p140ssg0p81v125c       0 
MUX2ND2BWP30P140                 2      2.520    tcbn28hpcplusbwp30p140ssg0p81v125c       0 
MUX2NUD1BWP30P140               10      7.560    tcbn28hpcplusbwp30p140ssg0p81v125c       0 
MUX2OPTD2BWP30P140               7      7.938    tcbn28hpcplusbwp30p140ssg0p81v125c       0 
ND2D1BWP30P140                  97     36.666    tcbn28hpcplusbwp30p140ssg0p81v125c       0 
ND2D2BWP30P140                   4      2.520    tcbn28hpcplusbwp30p140ssg0p81v125c       0 
ND2D3BWP30P140                   2      1.764    tcbn28hpcplusbwp30p140ssg0p81v125c       0 
ND2OPTIBD1BWP30P140             44     16.632    tcbn28hpcplusbwp30p140ssg0p81v125c       0 
ND2OPTIBD2BWP30P140              1      0.630    tcbn28hpcplusbwp30p140ssg0p81v125c       0 
ND3D1BWP30P140                   9      4.536    tcbn28hpcplusbwp30p140ssg0p81v125c       0 
ND4D1BWP30P140                   2      1.260    tcbn28hpcplusbwp30p140ssg0p81v125c       0 
NR2D0P7BWP30P140                83     31.374    tcbn28hpcplusbwp30p140ssg0p81v125c       0 
NR2D1BWP30P140                 131     49.518    tcbn28hpcplusbwp30p140ssg0p81v125c       0 
NR2D2BWP30P140                   2      1.260    tcbn28hpcplusbwp30p140ssg0p81v125c       0 
NR2OPTIBD1BWP30P140            225     85.050    tcbn28hpcplusbwp30p140ssg0p81v125c       0 
NR2OPTPAD1BWP30P140              4      2.016    tcbn28hpcplusbwp30p140ssg0p81v125c       0 
NR3D0BWP30P140                  11      5.544    tcbn28hpcplusbwp30p140ssg0p81v125c       0 
NR3D0P7BWP30P140                 6      3.024    tcbn28hpcplusbwp30p140ssg0p81v125c       0 
NR4D0BWP30P140                   2      1.260    tcbn28hpcplusbwp30p140ssg0p81v125c       0 
OA211D1BWP30P140                 1      0.756    tcbn28hpcplusbwp30p140ssg0p81v125c       0 
OA21D0BWP30P140                  2      1.260    tcbn28hpcplusbwp30p140ssg0p81v125c       0 
OA21D1BWP30P140                 48     30.240    tcbn28hpcplusbwp30p140ssg0p81v125c       0 
OA21D4BWP30P140                  1      1.386    tcbn28hpcplusbwp30p140ssg0p81v125c       0 
OA22D1BWP30P140                  4      3.528    tcbn28hpcplusbwp30p140ssg0p81v125c       0 
OAI211D1BWP30P140                9      5.670    tcbn28hpcplusbwp30p140ssg0p81v125c       0 
OAI21D0BWP30P140                11      5.544    tcbn28hpcplusbwp30p140ssg0p81v125c       0 
OAI21D0P7BWP30P140              17      8.568    tcbn28hpcplusbwp30p140ssg0p81v125c       0 
OAI21D1BWP30P140               126     63.504    tcbn28hpcplusbwp30p140ssg0p81v125c       0 
OAI21D2BWP30P140                 6      5.292    tcbn28hpcplusbwp30p140ssg0p81v125c       0 
OAI21D4BWP30P140                 1      1.764    tcbn28hpcplusbwp30p140ssg0p81v125c       0 
OAI21OPTREPBD1BWP30P140         10      7.560    tcbn28hpcplusbwp30p140ssg0p81v125c       0 
OAI221D1BWP30P140                1      0.882    tcbn28hpcplusbwp30p140ssg0p81v125c       0 
OAI222D1BWP30P140                2      2.016    tcbn28hpcplusbwp30p140ssg0p81v125c       0 
OAI22D1BWP30P140              1004    632.520    tcbn28hpcplusbwp30p140ssg0p81v125c       0 
OAI31D0BWP30P140                 8      5.040    tcbn28hpcplusbwp30p140ssg0p81v125c       0 
OAI31D1BWP30P140                19     11.970    tcbn28hpcplusbwp30p140ssg0p81v125c       0 
OAI32D1BWP30P140                 3      2.268    tcbn28hpcplusbwp30p140ssg0p81v125c       0 
OR2D0BWP30P140                  39     19.656    tcbn28hpcplusbwp30p140ssg0p81v125c       0 
OR2D1BWP30P140                 101     50.904    tcbn28hpcplusbwp30p140ssg0p81v125c       0 
OR2D2BWP30P140                   1      0.630    tcbn28hpcplusbwp30p140ssg0p81v125c       0 
OR3D1BWP30P140                   6      3.780    tcbn28hpcplusbwp30p140ssg0p81v125c       0 
OR4D1BWP30P140                   3      2.268    tcbn28hpcplusbwp30p140ssg0p81v125c       0 
SDFCNQARD1BWP30P140             80    231.840    tcbn28hpcplusbwp30p140ssg0p81v125c       0 
XNR2D1BWP30P140                 11     11.088    tcbn28hpcplusbwp30p140ssg0p81v125c       0 
XNR2D2BWP30P140                  2      2.268    tcbn28hpcplusbwp30p140ssg0p81v125c       0 
XNR2UD0BWP30P140                20     17.640    tcbn28hpcplusbwp30p140ssg0p81v125c       0 
XNR2UD1BWP30P140              1169   1031.058    tcbn28hpcplusbwp30p140ssg0p81v125c       0 
XNR3UD0BWP30P140                 3      5.292    tcbn28hpcplusbwp30p140ssg0p81v125c       0 
XNR3UD1BWP30P140                72    127.008    tcbn28hpcplusbwp30p140ssg0p81v125c       0 
XOR2D1BWP30P140                 12     12.096    tcbn28hpcplusbwp30p140ssg0p81v125c       0 
XOR2D4BWP30P140                  1      2.016    tcbn28hpcplusbwp30p140ssg0p81v125c       0 
XOR2OPTND4BWP30P140              1      2.520    tcbn28hpcplusbwp30p140ssg0p81v125c       0 
XOR2UD0BWP30P140                52     45.864    tcbn28hpcplusbwp30p140ssg0p81v125c       0 
XOR2UD1BWP30P140               671    591.822    tcbn28hpcplusbwp30p140ssg0p81v125c       0 
XOR3UD0BWP30P140                 7     12.348    tcbn28hpcplusbwp30p140ssg0p81v125c       0 
XOR3UD1BWP30P140                28     49.392    tcbn28hpcplusbwp30p140ssg0p81v125c       0 
XOR4D0BWP30P140                  1      2.646    tcbn28hpcplusbwp30p140ssg0p81v125c       0 
XOR4D1BWP30P140                  7     18.522    tcbn28hpcplusbwp30p140ssg0p81v125c       0 
--------------------------------------------------------------------------------------------
total                        12288  13343.526                                       


                                                        
            Type             Instances    Area   Area % 
--------------------------------------------------------
sequential                        1161  2357.208   17.7 
inverter                          1042   265.986    2.0 
buffer                               1     0.630    0.0 
clock_gating_integrated_cell        39    73.710    0.6 
logic                            10045 10645.992   79.8 
physical_cells                       0     0.000    0.0 
--------------------------------------------------------
total                            12288 13343.526  100.0 

