============================================================
  Generated by:           Genus(TM) Synthesis Solution 21.12-s068_1
  Generated on:           Jan 18 2026  09:28:41 pm
  Module:                 System
  Operating conditions:   ssg0p81v125c 
  Operating conditions:   tt0p9v25c 
  Interconnect mode:      global
  Area mode:              physical library
============================================================


Path 1: MET (220 ps) Late External Delay Assertion at pin p_output_data_write[19]
           View: analysis_view_0p90v_25c_captyp_nominal
          Group: clk
     Startpoint: (R) control/r_addr_count_write_out_reg[0]/CP
          Clock: (R) clk
       Endpoint: (F) p_output_data_write[19]
          Clock: (R) clk

                     Capture       Launch     
        Clock Edge:+    2000            0     
       Src Latency:+       0            0     
       Net Latency:+       0 (I)        0 (I) 
           Arrival:=    2000            0     
                                              
      Output Delay:-    1000                  
     Required Time:=    1000                  
      Launch Clock:-       0                  
         Data Path:-     780                  
             Slack:=     220                  

Exceptions/Constraints:
  output_delay             1000            tmp_sdc_analysis_vie_line_815 

#---------------------------------------------------------------------------------------------------------------------------
#              Timing Point                Flags    Arc   Edge        Cell         Fanout Load Trans Delay Arrival Instance 
#                                                                                         (fF)  (ps)  (ps)   (ps)  Location 
#---------------------------------------------------------------------------------------------------------------------------
  control/r_addr_count_write_out_reg[0]/CP -       -      R     (arrival)               4    -     0     0       0    (-,-) 
  control/r_addr_count_write_out_reg[0]/Q  -       CP->Q  F     DFKCND1BWP30P140        4  4.5    22    56      56    (-,-) 
  control/g38542__7098/ZN                  -       A2->ZN R     NR2D1BWP30P140          2  2.7    24    23      79    (-,-) 
  control/g38603__6161/ZN                  -       A1->ZN R     INR2D2BWP30P140        17 18.4    64    53     132    (-,-) 
  control/g38411/ZN                        -       I->ZN  F     INVD3BWP30P140         24 24.8    44    38     170    (-,-) 
  control/g38204__5115/ZN                  -       A1->ZN R     OAI22D1BWP30P140        1  1.4    27    22     192    (-,-) 
  control/g38068__5107/ZN                  -       A2->ZN F     NR3D0P7BWP30P140        1  1.5    16    15     208    (-,-) 
  control/g38018__3680/ZN                  -       A1->ZN R     ND2D1BWP30P140          1  3.4    23    16     224    (-,-) 
  control/add_1022_65_g480/CO              -       B->CO  R     FA1OPTCD1BWP30P140      1  2.8    18    40     264    (-,-) 
  control/add_1022_65_g479/CO              -       CI->CO R     FA1OPTCD1BWP30P140      1  2.3    17    25     289    (-,-) 
  control/add_1022_65_g478/CO              -       CI->CO R     FA1D1BWP30P140          1  2.3    16    30     319    (-,-) 
  control/add_1022_65_g477/CO              -       CI->CO R     FA1D1BWP30P140          1  2.8    18    31     350    (-,-) 
  control/add_1022_65_g476/CO              -       CI->CO R     FA1OPTCD1BWP30P140      1  2.8    19    26     376    (-,-) 
  control/add_1022_65_g475/CO              -       CI->CO R     FA1OPTCD1BWP30P140      1  2.8    18    26     402    (-,-) 
  control/add_1022_65_g474/CO              -       CI->CO R     FA1OPTCD1BWP30P140      1  2.8    19    26     429    (-,-) 
  control/add_1022_65_g473/CO              -       CI->CO R     FA1OPTCD1BWP30P140      1  2.3    17    25     454    (-,-) 
  control/add_1022_65_g472/CO              -       CI->CO R     FA1D1BWP30P140          1  2.8    18    31     485    (-,-) 
  control/add_1022_65_g471/CO              -       CI->CO R     FA1OPTCD1BWP30P140      1  2.8    19    26     511    (-,-) 
  control/add_1022_65_g470/CO              -       CI->CO R     FA1OPTCD1BWP30P140      1  2.8    19    26     538    (-,-) 
  control/add_1022_65_g469/CO              -       CI->CO R     FA1OPTCD1BWP30P140      1  2.8    19    26     564    (-,-) 
  control/add_1022_65_g468/CO              -       CI->CO R     FA1OPTCD2BWP30P140      1  2.8    14    22     586    (-,-) 
  control/add_1022_65_g467/CO              -       CI->CO R     FA1OPTCD1BWP30P140      1  2.3    17    24     610    (-,-) 
  control/add_1022_65_g466/CO              -       CI->CO R     FA1D1BWP30P140          1  2.3    17    30     640    (-,-) 
  control/add_1022_65_g465/CO              -       CI->CO R     FA1D1BWP30P140          1  2.3    17    30     669    (-,-) 
  control/add_1022_65_g464/CO              -       CI->CO R     FA1D1BWP30P140          1  2.3    17    30     699    (-,-) 
  control/add_1022_65_g463/CO              -       CI->CO R     FA1D1BWP30P140          1  1.6    14    27     726    (-,-) 
  control/g38702/Z                         -       A1->Z  F     XOR3D2BWP30P140         1  5.0    16    53     779    (-,-) 
  p_output_data_write[19]                  <<<     -      F     (port)                  -    -     -     0     780    (-,-) 
#---------------------------------------------------------------------------------------------------------------------------


