#-----------------------------------------------------------
# Vivado v2023.2 (64-bit)
# SW Build 4029153 on Fri Oct 13 20:13:54 MDT 2023
# IP Build 4028589 on Sat Oct 14 00:45:43 MDT 2023
# SharedData Build 4025554 on Tue Oct 10 17:18:54 MDT 2023
# Start of session at: Tue Sep 29 12:53:45 2026
# Process ID: 2830763
# Current directory: /tmp/fastconv-trunc-pipe-0ff2cf1/repo/rtl/conv2x2/fpga_zcu104/stream08_pipeline_campaign/reports/prefetch8-rowconst4-trunc-pipe/top
# Command line: vivado -mode batch -source /tmp/fastconv-trunc-pipe-0ff2cf1/repo/rtl/conv2x2/fpga_zcu104/column_power_comparison/scripts/power_p3f.tcl -log /tmp/fastconv-trunc-pipe-0ff2cf1/repo/rtl/conv2x2/fpga_zcu104/stream08_pipeline_campaign/reports/prefetch8-rowconst4-trunc-pipe/p3f.vivado.log -journal /tmp/fastconv-trunc-pipe-0ff2cf1/repo/rtl/conv2x2/fpga_zcu104/stream08_pipeline_campaign/reports/prefetch8-rowconst4-trunc-pipe/p3f.vivado.jou -tclargs /tmp/fastconv-trunc-pipe-0ff2cf1/repo/rtl/conv2x2/fpga_zcu104/stream08_pipeline_campaign prefetch8-rowconst4-trunc-pipe /tmp/fastconv-trunc-pipe-0ff2cf1/repo/rtl/conv2x2/fpga_zcu104/stream08_pipeline_campaign/reports/prefetch8-rowconst4-trunc-pipe/dut/activity_dut.saif /tmp/fastconv-trunc-pipe-0ff2cf1/repo/rtl/conv2x2/fpga_zcu104/stream08_pipeline_campaign/reports/prefetch8-rowconst4-trunc-pipe/top/activity_top.saif
# Log file: /tmp/fastconv-trunc-pipe-0ff2cf1/repo/rtl/conv2x2/fpga_zcu104/stream08_pipeline_campaign/reports/prefetch8-rowconst4-trunc-pipe/p3f.vivado.log
# Journal file: /tmp/fastconv-trunc-pipe-0ff2cf1/repo/rtl/conv2x2/fpga_zcu104/stream08_pipeline_campaign/reports/prefetch8-rowconst4-trunc-pipe/p3f.vivado.jou
# Running On: paxos.inf.pucrs.br, OS: Linux, CPU Frequency: 3100.000 MHz, CPU Physical cores: 14, Host memory: 134319 MB
#-----------------------------------------------------------
source /tmp/fastconv-trunc-pipe-0ff2cf1/repo/rtl/conv2x2/fpga_zcu104/column_power_comparison/scripts/power_p3f.tcl
# if {$argc != 4} { error "usage: power_p3f.tcl <bench-dir> <run> <dut-saif> <top-saif>" }
# set bench_dir [file normalize [lindex $argv 0]]
# set run_name [lindex $argv 1]
# set dut_saif [file normalize [lindex $argv 2]]
# set top_saif [file normalize [lindex $argv 3]]
# set run_dir [file join $bench_dir reports $run_name]
# foreach corner {typical maximum} {
#   open_checkpoint [file join $run_dir design_routed.dcp]
#   reset_switching_activity -all
#   read_saif -strip_path tb_power/dut -out_file [file join $run_dir p3f_mapping_internal_${corner}.rpt] $dut_saif
#   read_saif -strip_path tb_power -out_file [file join $run_dir p3f_mapping_ports_${corner}.rpt] $top_saif
#   reset_operating_conditions
#   set_operating_conditions -process $corner -ambient_temp 25
#   report_operating_conditions -file [file join $run_dir operating_conditions_p3f_${corner}.rpt]
#   report_power -hier all -file [file join $run_dir power_p3f_${corner}.rpt]
#   close_design
# }
Command: open_checkpoint /tmp/fastconv-trunc-pipe-0ff2cf1/repo/rtl/conv2x2/fpga_zcu104/stream08_pipeline_campaign/reports/prefetch8-rowconst4-trunc-pipe/design_routed.dcp

Starting open_checkpoint Task

Time (s): cpu = 00:00:00.02 ; elapsed = 00:00:00.02 . Memory (MB): peak = 1358.680 ; gain = 0.000 ; free physical = 29999 ; free virtual = 121028
INFO: [Device 21-403] Loading part xczu7ev-ffvc1156-2-e
Netlist sorting complete. Time (s): cpu = 00:00:00.02 ; elapsed = 00:00:00.02 . Memory (MB): peak = 2416.758 ; gain = 0.000 ; free physical = 28891 ; free virtual = 119920
INFO: [Netlist 29-17] Analyzing 313 Unisim elements for replacement
INFO: [Netlist 29-28] Unisim Transformation completed in 0 CPU seconds
INFO: [Project 1-479] Netlist was created with Vivado 2023.2
INFO: [Project 1-570] Preparing netlist for logic optimization
Read ShapeDB Complete: Time (s): cpu = 00:00:00.02 ; elapsed = 00:00:00.01 . Memory (MB): peak = 2416.758 ; gain = 0.000 ; free physical = 28881 ; free virtual = 119910
INFO: [Timing 38-478] Restoring timing data from binary archive.
INFO: [Timing 38-479] Binary timing data restore complete.
INFO: [Project 1-856] Restoring constraints from binary archive.
INFO: [Project 1-853] Binary constraint restore complete.
INFO: [Designutils 20-5722] Start Reading Physical Databases.
Reading placement.
Read Netlist Cache: Time (s): cpu = 00:00:00.01 ; elapsed = 00:00:00 . Memory (MB): peak = 2863.742 ; gain = 0.000 ; free physical = 28584 ; free virtual = 119613
Reading placer database...
Read Device Cache: Time (s): cpu = 00:00:00.02 ; elapsed = 00:00:00.03 . Memory (MB): peak = 2863.742 ; gain = 0.000 ; free physical = 28580 ; free virtual = 119609
Read PlaceDB: Time (s): cpu = 00:00:00.14 ; elapsed = 00:00:00.14 . Memory (MB): peak = 2863.742 ; gain = 0.000 ; free physical = 28578 ; free virtual = 119607
Read PulsedLatchDB: Time (s): cpu = 00:00:00 ; elapsed = 00:00:00 . Memory (MB): peak = 2863.742 ; gain = 0.000 ; free physical = 28578 ; free virtual = 119607
Reading routing.
Read RouteStorage: Time (s): cpu = 00:00:00.09 ; elapsed = 00:00:00.09 . Memory (MB): peak = 2881.555 ; gain = 17.812 ; free physical = 28567 ; free virtual = 119596
Read Physdb Files: Time (s): cpu = 00:00:00.27 ; elapsed = 00:00:00.27 . Memory (MB): peak = 2881.555 ; gain = 17.812 ; free physical = 28567 ; free virtual = 119596
Restored from archive | CPU: 0.310000 secs | Memory: 7.373611 MB |
Finished XDEF File Restore: Time (s): cpu = 00:00:00.3 ; elapsed = 00:00:00.3 . Memory (MB): peak = 2881.555 ; gain = 17.812 ; free physical = 28567 ; free virtual = 119596
Netlist sorting complete. Time (s): cpu = 00:00:00 ; elapsed = 00:00:00 . Memory (MB): peak = 3257.164 ; gain = 0.000 ; free physical = 28188 ; free virtual = 119217
INFO: [Project 1-111] Unisim Transformation Summary:
  A total of 53 instances were transformed.
  DSP48E2 => DSP48E2 (DSP_ALU, DSP_A_B_DATA, DSP_C_DATA, DSP_MULTIPLIER, DSP_M_DATA, DSP_OUTPUT, DSP_PREADD, DSP_PREADD_DATA): 8 instances
  IBUF => IBUF (IBUFCTRL, INBUF): 45 instances

INFO: [Project 1-604] Checkpoint was created with Vivado v2023.2 (64-bit) build 4029153
open_checkpoint: Time (s): cpu = 00:00:20 ; elapsed = 00:00:20 . Memory (MB): peak = 3257.199 ; gain = 1898.520 ; free physical = 28187 ; free virtual = 119216
INFO: [Power 33-167] Parsing SAIF file /tmp/fastconv-trunc-pipe-0ff2cf1/repo/rtl/conv2x2/fpga_zcu104/stream08_pipeline_campaign/reports/prefetch8-rowconst4-trunc-pipe/dut/activity_dut.saif
WARNING: [Power 33-330] Read_saif is trying to annotate activities on clock net and this will be ignored. Users shall manually specify clock net frequency using sdc timing constraints(e.g. create_clock)
INFO: [Power 33-177] SAIF annotation done from file /tmp/fastconv-trunc-pipe-0ff2cf1/repo/rtl/conv2x2/fpga_zcu104/stream08_pipeline_campaign/reports/prefetch8-rowconst4-trunc-pipe/dut/activity_dut.saif
INFO: [Power 33-26] Design nets matched = 7239 of 7339
INFO: [Power 33-167] Parsing SAIF file /tmp/fastconv-trunc-pipe-0ff2cf1/repo/rtl/conv2x2/fpga_zcu104/stream08_pipeline_campaign/reports/prefetch8-rowconst4-trunc-pipe/top/activity_top.saif
WARNING: [Power 33-330] Read_saif is trying to annotate activities on clock net and this will be ignored. Users shall manually specify clock net frequency using sdc timing constraints(e.g. create_clock)
INFO: [Power 33-177] SAIF annotation done from file /tmp/fastconv-trunc-pipe-0ff2cf1/repo/rtl/conv2x2/fpga_zcu104/stream08_pipeline_campaign/reports/prefetch8-rowconst4-trunc-pipe/top/activity_top.saif
INFO: [Power 33-26] Design nets matched = 7339 of 7339
Command: report_power -hier all -file /tmp/fastconv-trunc-pipe-0ff2cf1/repo/rtl/conv2x2/fpga_zcu104/stream08_pipeline_campaign/reports/prefetch8-rowconst4-trunc-pipe/power_p3f_typical.rpt
18 Infos, 2 Warnings, 0 Critical Warnings and 0 Errors encountered.
report_power completed successfully
Command: open_checkpoint /tmp/fastconv-trunc-pipe-0ff2cf1/repo/rtl/conv2x2/fpga_zcu104/stream08_pipeline_campaign/reports/prefetch8-rowconst4-trunc-pipe/design_routed.dcp

Starting open_checkpoint Task

Time (s): cpu = 00:00:00 ; elapsed = 00:00:00 . Memory (MB): peak = 3545.461 ; gain = 0.000 ; free physical = 28094 ; free virtual = 119139
Netlist sorting complete. Time (s): cpu = 00:00:00.02 ; elapsed = 00:00:00.02 . Memory (MB): peak = 3545.461 ; gain = 0.000 ; free physical = 28094 ; free virtual = 119139
INFO: [Netlist 29-17] Analyzing 313 Unisim elements for replacement
INFO: [Netlist 29-28] Unisim Transformation completed in 0 CPU seconds
INFO: [Project 1-479] Netlist was created with Vivado 2023.2
INFO: [Project 1-570] Preparing netlist for logic optimization
Read ShapeDB Complete: Time (s): cpu = 00:00:00.01 ; elapsed = 00:00:00.01 . Memory (MB): peak = 3545.461 ; gain = 0.000 ; free physical = 28094 ; free virtual = 119139
INFO: [Timing 38-478] Restoring timing data from binary archive.
INFO: [Timing 38-479] Binary timing data restore complete.
INFO: [Project 1-856] Restoring constraints from binary archive.
INFO: [Project 1-853] Binary constraint restore complete.
INFO: [Designutils 20-5722] Start Reading Physical Databases.
Reading placement.
Read Netlist Cache: Time (s): cpu = 00:00:00.01 ; elapsed = 00:00:00.01 . Memory (MB): peak = 3545.461 ; gain = 0.000 ; free physical = 28084 ; free virtual = 119129
Reading placer database...
Read Device Cache: Time (s): cpu = 00:00:00.02 ; elapsed = 00:00:00.02 . Memory (MB): peak = 3545.461 ; gain = 0.000 ; free physical = 28084 ; free virtual = 119128
Read PlaceDB: Time (s): cpu = 00:00:00.15 ; elapsed = 00:00:00.15 . Memory (MB): peak = 3545.461 ; gain = 0.000 ; free physical = 28084 ; free virtual = 119128
Read PulsedLatchDB: Time (s): cpu = 00:00:00 ; elapsed = 00:00:00 . Memory (MB): peak = 3545.461 ; gain = 0.000 ; free physical = 28084 ; free virtual = 119128
Reading routing.
Read RouteStorage: Time (s): cpu = 00:00:00.08 ; elapsed = 00:00:00.08 . Memory (MB): peak = 3545.461 ; gain = 0.000 ; free physical = 28084 ; free virtual = 119128
Read Physdb Files: Time (s): cpu = 00:00:00.27 ; elapsed = 00:00:00.27 . Memory (MB): peak = 3545.461 ; gain = 0.000 ; free physical = 28084 ; free virtual = 119128
Restored from archive | CPU: 0.280000 secs | Memory: 6.313507 MB |
Finished XDEF File Restore: Time (s): cpu = 00:00:00.27 ; elapsed = 00:00:00.27 . Memory (MB): peak = 3545.461 ; gain = 0.000 ; free physical = 28084 ; free virtual = 119128
Netlist sorting complete. Time (s): cpu = 00:00:00 ; elapsed = 00:00:00 . Memory (MB): peak = 3545.461 ; gain = 0.000 ; free physical = 28084 ; free virtual = 119128
INFO: [Project 1-111] Unisim Transformation Summary:
  A total of 53 instances were transformed.
  DSP48E2 => DSP48E2 (DSP_ALU, DSP_A_B_DATA, DSP_C_DATA, DSP_MULTIPLIER, DSP_M_DATA, DSP_OUTPUT, DSP_PREADD, DSP_PREADD_DATA): 8 instances
  IBUF => IBUF (IBUFCTRL, INBUF): 45 instances

INFO: [Project 1-604] Checkpoint was created with Vivado v2023.2 (64-bit) build 4029153
INFO: [Power 33-167] Parsing SAIF file /tmp/fastconv-trunc-pipe-0ff2cf1/repo/rtl/conv2x2/fpga_zcu104/stream08_pipeline_campaign/reports/prefetch8-rowconst4-trunc-pipe/dut/activity_dut.saif
WARNING: [Power 33-330] Read_saif is trying to annotate activities on clock net and this will be ignored. Users shall manually specify clock net frequency using sdc timing constraints(e.g. create_clock)
INFO: [Power 33-177] SAIF annotation done from file /tmp/fastconv-trunc-pipe-0ff2cf1/repo/rtl/conv2x2/fpga_zcu104/stream08_pipeline_campaign/reports/prefetch8-rowconst4-trunc-pipe/dut/activity_dut.saif
INFO: [Power 33-26] Design nets matched = 7239 of 7339
INFO: [Power 33-167] Parsing SAIF file /tmp/fastconv-trunc-pipe-0ff2cf1/repo/rtl/conv2x2/fpga_zcu104/stream08_pipeline_campaign/reports/prefetch8-rowconst4-trunc-pipe/top/activity_top.saif
WARNING: [Power 33-330] Read_saif is trying to annotate activities on clock net and this will be ignored. Users shall manually specify clock net frequency using sdc timing constraints(e.g. create_clock)
INFO: [Power 33-177] SAIF annotation done from file /tmp/fastconv-trunc-pipe-0ff2cf1/repo/rtl/conv2x2/fpga_zcu104/stream08_pipeline_campaign/reports/prefetch8-rowconst4-trunc-pipe/top/activity_top.saif
INFO: [Power 33-26] Design nets matched = 7339 of 7339
Command: report_power -hier all -file /tmp/fastconv-trunc-pipe-0ff2cf1/repo/rtl/conv2x2/fpga_zcu104/stream08_pipeline_campaign/reports/prefetch8-rowconst4-trunc-pipe/power_p3f_maximum.rpt
17 Infos, 2 Warnings, 0 Critical Warnings and 0 Errors encountered.
report_power completed successfully
# exit
INFO: [Common 17-206] Exiting Vivado at Tue Sep 29 12:54:25 2026...
