Copyright 1986-2022 Xilinx, Inc. All Rights Reserved. Copyright 2022-2023 Advanced Micro Devices, Inc. All Rights Reserved.
--------------------------------------------------------------------------------------------------------------------------------------------------------------------------------------------------------
| Tool Version : Vivado v.2023.2 (lin64) Build 4029153 Fri Oct 13 20:13:54 MDT 2023
| Date         : Tue Sep 29 12:51:33 2026
| Host         : paxos.inf.pucrs.br running 64-bit Rocky Linux release 8.10 (Green Obsidian)
| Command      : report_utilization -hierarchical -file /tmp/fastconv-trunc-pipe-0ff2cf1/repo/rtl/conv2x2/fpga_zcu104/stream08_pipeline_campaign/reports/prefetch8-rowconst4-trunc-pipe/utilization.rpt
| Design       : Conv
| Device       : xczu7ev-ffvc1156-2-e
| Speed File   : -2
| Design State : Routed
--------------------------------------------------------------------------------------------------------------------------------------------------------------------------------------------------------

Utilization Design Information

Table of Contents
-----------------
1. Utilization by Hierarchy

1. Utilization by Hierarchy
---------------------------

+-------------------+-----------------------------------------+------------+------------+---------+------+------+--------+--------+------+------------+
|      Instance     |                  Module                 | Total LUTs | Logic LUTs | LUTRAMs | SRLs |  FFs | RAMB36 | RAMB18 | URAM | DSP Blocks |
+-------------------+-----------------------------------------+------------+------------+---------+------+------+--------+--------+------+------------+
| Conv              |                                   (top) |       2913 |       2913 |       0 |    0 | 1489 |      0 |      0 |    0 |          8 |
|   (Conv)          |                                   (top) |        901 |        901 |       0 |    0 | 1489 |      0 |      0 |    0 |          0 |
|   multip0         |                                  Multip |         38 |         38 |       0 |    0 |    0 |      0 |      0 |    0 |          1 |
|   multip1         |                                Multip_0 |         38 |         38 |       0 |    0 |    0 |      0 |      0 |    0 |          1 |
|   multip2         |                                Multip_1 |         38 |         38 |       0 |    0 |    0 |      0 |      0 |    0 |          1 |
|   multip3         |                                Multip_2 |         38 |         38 |       0 |    0 |    0 |      0 |      0 |    0 |          1 |
|   multip4         |                                Multip_3 |         34 |         34 |       0 |    0 |    0 |      0 |      0 |    0 |          1 |
|   multip5         |                                Multip_4 |         34 |         34 |       0 |    0 |    0 |      0 |      0 |    0 |          1 |
|   multip6         |                                Multip_5 |         34 |         34 |       0 |    0 |    0 |      0 |      0 |    0 |          1 |
|   multip7         |                                Multip_6 |         34 |         34 |       0 |    0 |    0 |      0 |      0 |    0 |          1 |
|   trf             |                               Transform |        721 |        721 |       0 |    0 |    0 |      0 |      0 |    0 |          0 |
|     matrix_c0     |                                MatrixC0 |        440 |        440 |       0 |    0 |    0 |      0 |      0 |    0 |          0 |
|     matrix_c1     |                                MatrixC1 |        281 |        281 |       0 |    0 |    0 |      0 |      0 |    0 |          0 |
|   weight_trf_row0 |                 WeightTransformRowConst |         63 |         63 |       0 |    0 |    0 |      0 |      0 |    0 |          0 |
|   weight_trf_row1 | WeightTransformRowConst__parameterized0 |        438 |        438 |       0 |    0 |    0 |      0 |      0 |    0 |          0 |
|   weight_trf_row2 | WeightTransformRowConst__parameterized1 |        463 |        463 |       0 |    0 |    0 |      0 |      0 |    0 |          0 |
|   weight_trf_row3 | WeightTransformRowConst__parameterized2 |        102 |        102 |       0 |    0 |    0 |      0 |      0 |    0 |          0 |
+-------------------+-----------------------------------------+------------+------------+---------+------+------+--------+--------+------+------------+
* Note: The sum of lower-level cells may be larger than their parent cells total, due to cross-hierarchy LUT combining


