Copyright 1986-2022 Xilinx, Inc. All Rights Reserved. Copyright 2022-2023 Advanced Micro Devices, Inc. All Rights Reserved.
---------------------------------------------------------------------------------------------------------------------------------------------
| Tool Version : Vivado v.2023.2 (lin64) Build 4029153 Fri Oct 13 20:13:54 MDT 2023
| Date         : Thu Oct  1 16:45:47 2026
| Host         : paxos.inf.pucrs.br running 64-bit Rocky Linux release 8.10 (Green Obsidian)
| Command      : report_drc -file /sim/tarsio/reports-multicore-23da4e19/ifn9_1/drc.rpt
| Design       : IFN9ReplicaTop
| Device       : xczu7ev-ffvc1156-2-e
| Speed File   : -2
| Design State : Fully Routed
---------------------------------------------------------------------------------------------------------------------------------------------

Report DRC

Table of Contents
-----------------
1. REPORT SUMMARY
2. REPORT DETAILS

1. REPORT SUMMARY
-----------------
            Netlist: IFN9ReplicaTop
          Floorplan: design_1
      Design limits: <entire design considered>
           Ruledeck: default
             Max violations: <unlimited>
             Violations found: 79
+-----------+----------+-------------------------+------------+
| Rule      | Severity | Description             | Violations |
+-----------+----------+-------------------------+------------+
| DPIP-2    | Warning  | Input pipelining        | 12         |
| DPOP-3    | Warning  | PREG Output pipelining  | 6          |
| DPOP-4    | Warning  | MREG Output pipelining  | 6          |
| DPOR-2    | Warning  | Asynchronous load check | 54         |
| RTSTAT-10 | Warning  | No routable loads       | 1          |
+-----------+----------+-------------------------+------------+

2. REPORT DETAILS
-----------------
DPIP-2#1 Warning
Input pipelining  
DSP CORES[0].core_inst/MAC_LANES[0].multip/partial_product input CORES[0].core_inst/MAC_LANES[0].multip/partial_product/A[29:0] is not pipelined. Pipelining DSP48 input will improve performance.
Related violations: <none>

DPIP-2#2 Warning
Input pipelining  
DSP CORES[0].core_inst/MAC_LANES[0].multip/partial_product input CORES[0].core_inst/MAC_LANES[0].multip/partial_product/B[17:0] is not pipelined. Pipelining DSP48 input will improve performance.
Related violations: <none>

DPIP-2#3 Warning
Input pipelining  
DSP CORES[0].core_inst/MAC_LANES[1].multip/partial_product input CORES[0].core_inst/MAC_LANES[1].multip/partial_product/A[29:0] is not pipelined. Pipelining DSP48 input will improve performance.
Related violations: <none>

DPIP-2#4 Warning
Input pipelining  
DSP CORES[0].core_inst/MAC_LANES[1].multip/partial_product input CORES[0].core_inst/MAC_LANES[1].multip/partial_product/B[17:0] is not pipelined. Pipelining DSP48 input will improve performance.
Related violations: <none>

DPIP-2#5 Warning
Input pipelining  
DSP CORES[0].core_inst/MAC_LANES[2].multip/partial_product input CORES[0].core_inst/MAC_LANES[2].multip/partial_product/A[29:0] is not pipelined. Pipelining DSP48 input will improve performance.
Related violations: <none>

DPIP-2#6 Warning
Input pipelining  
DSP CORES[0].core_inst/MAC_LANES[2].multip/partial_product input CORES[0].core_inst/MAC_LANES[2].multip/partial_product/B[17:0] is not pipelined. Pipelining DSP48 input will improve performance.
Related violations: <none>

DPIP-2#7 Warning
Input pipelining  
DSP CORES[0].core_inst/MAC_LANES[3].multip/partial_product input CORES[0].core_inst/MAC_LANES[3].multip/partial_product/A[29:0] is not pipelined. Pipelining DSP48 input will improve performance.
Related violations: <none>

DPIP-2#8 Warning
Input pipelining  
DSP CORES[0].core_inst/MAC_LANES[3].multip/partial_product input CORES[0].core_inst/MAC_LANES[3].multip/partial_product/B[17:0] is not pipelined. Pipelining DSP48 input will improve performance.
Related violations: <none>

DPIP-2#9 Warning
Input pipelining  
DSP CORES[0].core_inst/MAC_LANES[4].multip/partial_product input CORES[0].core_inst/MAC_LANES[4].multip/partial_product/A[29:0] is not pipelined. Pipelining DSP48 input will improve performance.
Related violations: <none>

DPIP-2#10 Warning
Input pipelining  
DSP CORES[0].core_inst/MAC_LANES[4].multip/partial_product input CORES[0].core_inst/MAC_LANES[4].multip/partial_product/B[17:0] is not pipelined. Pipelining DSP48 input will improve performance.
Related violations: <none>

DPIP-2#11 Warning
Input pipelining  
DSP CORES[0].core_inst/MAC_LANES[5].multip/partial_product input CORES[0].core_inst/MAC_LANES[5].multip/partial_product/A[29:0] is not pipelined. Pipelining DSP48 input will improve performance.
Related violations: <none>

DPIP-2#12 Warning
Input pipelining  
DSP CORES[0].core_inst/MAC_LANES[5].multip/partial_product input CORES[0].core_inst/MAC_LANES[5].multip/partial_product/B[17:0] is not pipelined. Pipelining DSP48 input will improve performance.
Related violations: <none>

DPOP-3#1 Warning
PREG Output pipelining  
DSP CORES[0].core_inst/MAC_LANES[0].multip/partial_product output CORES[0].core_inst/MAC_LANES[0].multip/partial_product/P[47:0] is not pipelined (PREG=0). Pipelining the DSP48 output will improve performance and often saves power so it is suggested whenever possible to fully pipeline this function.  If this DSP48 function was inferred, it is suggested to describe an additional register stage after this function.  If the DSP48 was instantiated in the design, it is suggested to set the PREG attribute to 1.
Related violations: <none>

DPOP-3#2 Warning
PREG Output pipelining  
DSP CORES[0].core_inst/MAC_LANES[1].multip/partial_product output CORES[0].core_inst/MAC_LANES[1].multip/partial_product/P[47:0] is not pipelined (PREG=0). Pipelining the DSP48 output will improve performance and often saves power so it is suggested whenever possible to fully pipeline this function.  If this DSP48 function was inferred, it is suggested to describe an additional register stage after this function.  If the DSP48 was instantiated in the design, it is suggested to set the PREG attribute to 1.
Related violations: <none>

DPOP-3#3 Warning
PREG Output pipelining  
DSP CORES[0].core_inst/MAC_LANES[2].multip/partial_product output CORES[0].core_inst/MAC_LANES[2].multip/partial_product/P[47:0] is not pipelined (PREG=0). Pipelining the DSP48 output will improve performance and often saves power so it is suggested whenever possible to fully pipeline this function.  If this DSP48 function was inferred, it is suggested to describe an additional register stage after this function.  If the DSP48 was instantiated in the design, it is suggested to set the PREG attribute to 1.
Related violations: <none>

DPOP-3#4 Warning
PREG Output pipelining  
DSP CORES[0].core_inst/MAC_LANES[3].multip/partial_product output CORES[0].core_inst/MAC_LANES[3].multip/partial_product/P[47:0] is not pipelined (PREG=0). Pipelining the DSP48 output will improve performance and often saves power so it is suggested whenever possible to fully pipeline this function.  If this DSP48 function was inferred, it is suggested to describe an additional register stage after this function.  If the DSP48 was instantiated in the design, it is suggested to set the PREG attribute to 1.
Related violations: <none>

DPOP-3#5 Warning
PREG Output pipelining  
DSP CORES[0].core_inst/MAC_LANES[4].multip/partial_product output CORES[0].core_inst/MAC_LANES[4].multip/partial_product/P[47:0] is not pipelined (PREG=0). Pipelining the DSP48 output will improve performance and often saves power so it is suggested whenever possible to fully pipeline this function.  If this DSP48 function was inferred, it is suggested to describe an additional register stage after this function.  If the DSP48 was instantiated in the design, it is suggested to set the PREG attribute to 1.
Related violations: <none>

DPOP-3#6 Warning
PREG Output pipelining  
DSP CORES[0].core_inst/MAC_LANES[5].multip/partial_product output CORES[0].core_inst/MAC_LANES[5].multip/partial_product/P[47:0] is not pipelined (PREG=0). Pipelining the DSP48 output will improve performance and often saves power so it is suggested whenever possible to fully pipeline this function.  If this DSP48 function was inferred, it is suggested to describe an additional register stage after this function.  If the DSP48 was instantiated in the design, it is suggested to set the PREG attribute to 1.
Related violations: <none>

DPOP-4#1 Warning
MREG Output pipelining  
DSP CORES[0].core_inst/MAC_LANES[0].multip/partial_product multiplier stage CORES[0].core_inst/MAC_LANES[0].multip/partial_product/P[47:0] is not pipelined (MREG=0). Pipelining the multiplier function will improve performance and will save significant power so it is suggested whenever possible to fully pipeline this function.  If this multiplier was inferred, it is suggested to describe an additional register stage after this function.  If there is no registered adder/accumulator following the multiply function, two pipeline stages are suggested to allow both the MREG and PREG registers to be used.  If the DSP48 was instantiated in the design, it is suggested to set both the MREG and PREG attributes to 1 when performing multiply functions.
Related violations: <none>

DPOP-4#2 Warning
MREG Output pipelining  
DSP CORES[0].core_inst/MAC_LANES[1].multip/partial_product multiplier stage CORES[0].core_inst/MAC_LANES[1].multip/partial_product/P[47:0] is not pipelined (MREG=0). Pipelining the multiplier function will improve performance and will save significant power so it is suggested whenever possible to fully pipeline this function.  If this multiplier was inferred, it is suggested to describe an additional register stage after this function.  If there is no registered adder/accumulator following the multiply function, two pipeline stages are suggested to allow both the MREG and PREG registers to be used.  If the DSP48 was instantiated in the design, it is suggested to set both the MREG and PREG attributes to 1 when performing multiply functions.
Related violations: <none>

DPOP-4#3 Warning
MREG Output pipelining  
DSP CORES[0].core_inst/MAC_LANES[2].multip/partial_product multiplier stage CORES[0].core_inst/MAC_LANES[2].multip/partial_product/P[47:0] is not pipelined (MREG=0). Pipelining the multiplier function will improve performance and will save significant power so it is suggested whenever possible to fully pipeline this function.  If this multiplier was inferred, it is suggested to describe an additional register stage after this function.  If there is no registered adder/accumulator following the multiply function, two pipeline stages are suggested to allow both the MREG and PREG registers to be used.  If the DSP48 was instantiated in the design, it is suggested to set both the MREG and PREG attributes to 1 when performing multiply functions.
Related violations: <none>

DPOP-4#4 Warning
MREG Output pipelining  
DSP CORES[0].core_inst/MAC_LANES[3].multip/partial_product multiplier stage CORES[0].core_inst/MAC_LANES[3].multip/partial_product/P[47:0] is not pipelined (MREG=0). Pipelining the multiplier function will improve performance and will save significant power so it is suggested whenever possible to fully pipeline this function.  If this multiplier was inferred, it is suggested to describe an additional register stage after this function.  If there is no registered adder/accumulator following the multiply function, two pipeline stages are suggested to allow both the MREG and PREG registers to be used.  If the DSP48 was instantiated in the design, it is suggested to set both the MREG and PREG attributes to 1 when performing multiply functions.
Related violations: <none>

DPOP-4#5 Warning
MREG Output pipelining  
DSP CORES[0].core_inst/MAC_LANES[4].multip/partial_product multiplier stage CORES[0].core_inst/MAC_LANES[4].multip/partial_product/P[47:0] is not pipelined (MREG=0). Pipelining the multiplier function will improve performance and will save significant power so it is suggested whenever possible to fully pipeline this function.  If this multiplier was inferred, it is suggested to describe an additional register stage after this function.  If there is no registered adder/accumulator following the multiply function, two pipeline stages are suggested to allow both the MREG and PREG registers to be used.  If the DSP48 was instantiated in the design, it is suggested to set both the MREG and PREG attributes to 1 when performing multiply functions.
Related violations: <none>

DPOP-4#6 Warning
MREG Output pipelining  
DSP CORES[0].core_inst/MAC_LANES[5].multip/partial_product multiplier stage CORES[0].core_inst/MAC_LANES[5].multip/partial_product/P[47:0] is not pipelined (MREG=0). Pipelining the multiplier function will improve performance and will save significant power so it is suggested whenever possible to fully pipeline this function.  If this multiplier was inferred, it is suggested to describe an additional register stage after this function.  If there is no registered adder/accumulator following the multiply function, two pipeline stages are suggested to allow both the MREG and PREG registers to be used.  If the DSP48 was instantiated in the design, it is suggested to set both the MREG and PREG attributes to 1 when performing multiply functions.
Related violations: <none>

DPOR-2#1 Warning
Asynchronous load check  
DSP CORES[0].core_inst/MAC_LANES[0].multip/partial_product output is connected to registers with an asynchronous reset (CORES[0].core_inst/r_hadamard_product_reg_reg[0][0]). This is preventing the possibility of merging these registers in to the DSP Block since the DSP block registers only possess synchronous reset capability.  It is suggested to recode or change these registers to remove the reset or use a synchronous reset to get the best optimization for performance, power and area.
Related violations: <none>

DPOR-2#2 Warning
Asynchronous load check  
DSP CORES[0].core_inst/MAC_LANES[0].multip/partial_product output is connected to registers with an asynchronous reset (CORES[0].core_inst/r_hadamard_product_reg_reg[0][1]). This is preventing the possibility of merging these registers in to the DSP Block since the DSP block registers only possess synchronous reset capability.  It is suggested to recode or change these registers to remove the reset or use a synchronous reset to get the best optimization for performance, power and area.
Related violations: <none>

DPOR-2#3 Warning
Asynchronous load check  
DSP CORES[0].core_inst/MAC_LANES[0].multip/partial_product output is connected to registers with an asynchronous reset (CORES[0].core_inst/r_hadamard_product_reg_reg[0][2]). This is preventing the possibility of merging these registers in to the DSP Block since the DSP block registers only possess synchronous reset capability.  It is suggested to recode or change these registers to remove the reset or use a synchronous reset to get the best optimization for performance, power and area.
Related violations: <none>

DPOR-2#4 Warning
Asynchronous load check  
DSP CORES[0].core_inst/MAC_LANES[0].multip/partial_product output is connected to registers with an asynchronous reset (CORES[0].core_inst/r_hadamard_product_reg_reg[0][3]). This is preventing the possibility of merging these registers in to the DSP Block since the DSP block registers only possess synchronous reset capability.  It is suggested to recode or change these registers to remove the reset or use a synchronous reset to get the best optimization for performance, power and area.
Related violations: <none>

DPOR-2#5 Warning
Asynchronous load check  
DSP CORES[0].core_inst/MAC_LANES[0].multip/partial_product output is connected to registers with an asynchronous reset (CORES[0].core_inst/r_hadamard_product_reg_reg[0][4]). This is preventing the possibility of merging these registers in to the DSP Block since the DSP block registers only possess synchronous reset capability.  It is suggested to recode or change these registers to remove the reset or use a synchronous reset to get the best optimization for performance, power and area.
Related violations: <none>

DPOR-2#6 Warning
Asynchronous load check  
DSP CORES[0].core_inst/MAC_LANES[0].multip/partial_product output is connected to registers with an asynchronous reset (CORES[0].core_inst/r_hadamard_product_reg_reg[0][5]). This is preventing the possibility of merging these registers in to the DSP Block since the DSP block registers only possess synchronous reset capability.  It is suggested to recode or change these registers to remove the reset or use a synchronous reset to get the best optimization for performance, power and area.
Related violations: <none>

DPOR-2#7 Warning
Asynchronous load check  
DSP CORES[0].core_inst/MAC_LANES[0].multip/partial_product output is connected to registers with an asynchronous reset (CORES[0].core_inst/r_hadamard_product_reg_reg[0][6]). This is preventing the possibility of merging these registers in to the DSP Block since the DSP block registers only possess synchronous reset capability.  It is suggested to recode or change these registers to remove the reset or use a synchronous reset to get the best optimization for performance, power and area.
Related violations: <none>

DPOR-2#8 Warning
Asynchronous load check  
DSP CORES[0].core_inst/MAC_LANES[0].multip/partial_product output is connected to registers with an asynchronous reset (CORES[0].core_inst/r_hadamard_product_reg_reg[0][7]). This is preventing the possibility of merging these registers in to the DSP Block since the DSP block registers only possess synchronous reset capability.  It is suggested to recode or change these registers to remove the reset or use a synchronous reset to get the best optimization for performance, power and area.
Related violations: <none>

DPOR-2#9 Warning
Asynchronous load check  
DSP CORES[0].core_inst/MAC_LANES[0].multip/partial_product output is connected to registers with an asynchronous reset (CORES[0].core_inst/r_hadamard_product_reg_reg[0][8]). This is preventing the possibility of merging these registers in to the DSP Block since the DSP block registers only possess synchronous reset capability.  It is suggested to recode or change these registers to remove the reset or use a synchronous reset to get the best optimization for performance, power and area.
Related violations: <none>

DPOR-2#10 Warning
Asynchronous load check  
DSP CORES[0].core_inst/MAC_LANES[1].multip/partial_product output is connected to registers with an asynchronous reset (CORES[0].core_inst/r_hadamard_product_reg_reg[1][0]). This is preventing the possibility of merging these registers in to the DSP Block since the DSP block registers only possess synchronous reset capability.  It is suggested to recode or change these registers to remove the reset or use a synchronous reset to get the best optimization for performance, power and area.
Related violations: <none>

DPOR-2#11 Warning
Asynchronous load check  
DSP CORES[0].core_inst/MAC_LANES[1].multip/partial_product output is connected to registers with an asynchronous reset (CORES[0].core_inst/r_hadamard_product_reg_reg[1][1]). This is preventing the possibility of merging these registers in to the DSP Block since the DSP block registers only possess synchronous reset capability.  It is suggested to recode or change these registers to remove the reset or use a synchronous reset to get the best optimization for performance, power and area.
Related violations: <none>

DPOR-2#12 Warning
Asynchronous load check  
DSP CORES[0].core_inst/MAC_LANES[1].multip/partial_product output is connected to registers with an asynchronous reset (CORES[0].core_inst/r_hadamard_product_reg_reg[1][2]). This is preventing the possibility of merging these registers in to the DSP Block since the DSP block registers only possess synchronous reset capability.  It is suggested to recode or change these registers to remove the reset or use a synchronous reset to get the best optimization for performance, power and area.
Related violations: <none>

DPOR-2#13 Warning
Asynchronous load check  
DSP CORES[0].core_inst/MAC_LANES[1].multip/partial_product output is connected to registers with an asynchronous reset (CORES[0].core_inst/r_hadamard_product_reg_reg[1][3]). This is preventing the possibility of merging these registers in to the DSP Block since the DSP block registers only possess synchronous reset capability.  It is suggested to recode or change these registers to remove the reset or use a synchronous reset to get the best optimization for performance, power and area.
Related violations: <none>

DPOR-2#14 Warning
Asynchronous load check  
DSP CORES[0].core_inst/MAC_LANES[1].multip/partial_product output is connected to registers with an asynchronous reset (CORES[0].core_inst/r_hadamard_product_reg_reg[1][4]). This is preventing the possibility of merging these registers in to the DSP Block since the DSP block registers only possess synchronous reset capability.  It is suggested to recode or change these registers to remove the reset or use a synchronous reset to get the best optimization for performance, power and area.
Related violations: <none>

DPOR-2#15 Warning
Asynchronous load check  
DSP CORES[0].core_inst/MAC_LANES[1].multip/partial_product output is connected to registers with an asynchronous reset (CORES[0].core_inst/r_hadamard_product_reg_reg[1][5]). This is preventing the possibility of merging these registers in to the DSP Block since the DSP block registers only possess synchronous reset capability.  It is suggested to recode or change these registers to remove the reset or use a synchronous reset to get the best optimization for performance, power and area.
Related violations: <none>

DPOR-2#16 Warning
Asynchronous load check  
DSP CORES[0].core_inst/MAC_LANES[1].multip/partial_product output is connected to registers with an asynchronous reset (CORES[0].core_inst/r_hadamard_product_reg_reg[1][6]). This is preventing the possibility of merging these registers in to the DSP Block since the DSP block registers only possess synchronous reset capability.  It is suggested to recode or change these registers to remove the reset or use a synchronous reset to get the best optimization for performance, power and area.
Related violations: <none>

DPOR-2#17 Warning
Asynchronous load check  
DSP CORES[0].core_inst/MAC_LANES[1].multip/partial_product output is connected to registers with an asynchronous reset (CORES[0].core_inst/r_hadamard_product_reg_reg[1][7]). This is preventing the possibility of merging these registers in to the DSP Block since the DSP block registers only possess synchronous reset capability.  It is suggested to recode or change these registers to remove the reset or use a synchronous reset to get the best optimization for performance, power and area.
Related violations: <none>

DPOR-2#18 Warning
Asynchronous load check  
DSP CORES[0].core_inst/MAC_LANES[1].multip/partial_product output is connected to registers with an asynchronous reset (CORES[0].core_inst/r_hadamard_product_reg_reg[1][8]). This is preventing the possibility of merging these registers in to the DSP Block since the DSP block registers only possess synchronous reset capability.  It is suggested to recode or change these registers to remove the reset or use a synchronous reset to get the best optimization for performance, power and area.
Related violations: <none>

DPOR-2#19 Warning
Asynchronous load check  
DSP CORES[0].core_inst/MAC_LANES[2].multip/partial_product output is connected to registers with an asynchronous reset (CORES[0].core_inst/r_hadamard_product_reg_reg[2][0]). This is preventing the possibility of merging these registers in to the DSP Block since the DSP block registers only possess synchronous reset capability.  It is suggested to recode or change these registers to remove the reset or use a synchronous reset to get the best optimization for performance, power and area.
Related violations: <none>

DPOR-2#20 Warning
Asynchronous load check  
DSP CORES[0].core_inst/MAC_LANES[2].multip/partial_product output is connected to registers with an asynchronous reset (CORES[0].core_inst/r_hadamard_product_reg_reg[2][1]). This is preventing the possibility of merging these registers in to the DSP Block since the DSP block registers only possess synchronous reset capability.  It is suggested to recode or change these registers to remove the reset or use a synchronous reset to get the best optimization for performance, power and area.
Related violations: <none>

DPOR-2#21 Warning
Asynchronous load check  
DSP CORES[0].core_inst/MAC_LANES[2].multip/partial_product output is connected to registers with an asynchronous reset (CORES[0].core_inst/r_hadamard_product_reg_reg[2][2]). This is preventing the possibility of merging these registers in to the DSP Block since the DSP block registers only possess synchronous reset capability.  It is suggested to recode or change these registers to remove the reset or use a synchronous reset to get the best optimization for performance, power and area.
Related violations: <none>

DPOR-2#22 Warning
Asynchronous load check  
DSP CORES[0].core_inst/MAC_LANES[2].multip/partial_product output is connected to registers with an asynchronous reset (CORES[0].core_inst/r_hadamard_product_reg_reg[2][3]). This is preventing the possibility of merging these registers in to the DSP Block since the DSP block registers only possess synchronous reset capability.  It is suggested to recode or change these registers to remove the reset or use a synchronous reset to get the best optimization for performance, power and area.
Related violations: <none>

DPOR-2#23 Warning
Asynchronous load check  
DSP CORES[0].core_inst/MAC_LANES[2].multip/partial_product output is connected to registers with an asynchronous reset (CORES[0].core_inst/r_hadamard_product_reg_reg[2][4]). This is preventing the possibility of merging these registers in to the DSP Block since the DSP block registers only possess synchronous reset capability.  It is suggested to recode or change these registers to remove the reset or use a synchronous reset to get the best optimization for performance, power and area.
Related violations: <none>

DPOR-2#24 Warning
Asynchronous load check  
DSP CORES[0].core_inst/MAC_LANES[2].multip/partial_product output is connected to registers with an asynchronous reset (CORES[0].core_inst/r_hadamard_product_reg_reg[2][5]). This is preventing the possibility of merging these registers in to the DSP Block since the DSP block registers only possess synchronous reset capability.  It is suggested to recode or change these registers to remove the reset or use a synchronous reset to get the best optimization for performance, power and area.
Related violations: <none>

DPOR-2#25 Warning
Asynchronous load check  
DSP CORES[0].core_inst/MAC_LANES[2].multip/partial_product output is connected to registers with an asynchronous reset (CORES[0].core_inst/r_hadamard_product_reg_reg[2][6]). This is preventing the possibility of merging these registers in to the DSP Block since the DSP block registers only possess synchronous reset capability.  It is suggested to recode or change these registers to remove the reset or use a synchronous reset to get the best optimization for performance, power and area.
Related violations: <none>

DPOR-2#26 Warning
Asynchronous load check  
DSP CORES[0].core_inst/MAC_LANES[2].multip/partial_product output is connected to registers with an asynchronous reset (CORES[0].core_inst/r_hadamard_product_reg_reg[2][7]). This is preventing the possibility of merging these registers in to the DSP Block since the DSP block registers only possess synchronous reset capability.  It is suggested to recode or change these registers to remove the reset or use a synchronous reset to get the best optimization for performance, power and area.
Related violations: <none>

DPOR-2#27 Warning
Asynchronous load check  
DSP CORES[0].core_inst/MAC_LANES[2].multip/partial_product output is connected to registers with an asynchronous reset (CORES[0].core_inst/r_hadamard_product_reg_reg[2][8]). This is preventing the possibility of merging these registers in to the DSP Block since the DSP block registers only possess synchronous reset capability.  It is suggested to recode or change these registers to remove the reset or use a synchronous reset to get the best optimization for performance, power and area.
Related violations: <none>

DPOR-2#28 Warning
Asynchronous load check  
DSP CORES[0].core_inst/MAC_LANES[3].multip/partial_product output is connected to registers with an asynchronous reset (CORES[0].core_inst/r_hadamard_product_reg_reg[3][0]). This is preventing the possibility of merging these registers in to the DSP Block since the DSP block registers only possess synchronous reset capability.  It is suggested to recode or change these registers to remove the reset or use a synchronous reset to get the best optimization for performance, power and area.
Related violations: <none>

DPOR-2#29 Warning
Asynchronous load check  
DSP CORES[0].core_inst/MAC_LANES[3].multip/partial_product output is connected to registers with an asynchronous reset (CORES[0].core_inst/r_hadamard_product_reg_reg[3][1]). This is preventing the possibility of merging these registers in to the DSP Block since the DSP block registers only possess synchronous reset capability.  It is suggested to recode or change these registers to remove the reset or use a synchronous reset to get the best optimization for performance, power and area.
Related violations: <none>

DPOR-2#30 Warning
Asynchronous load check  
DSP CORES[0].core_inst/MAC_LANES[3].multip/partial_product output is connected to registers with an asynchronous reset (CORES[0].core_inst/r_hadamard_product_reg_reg[3][2]). This is preventing the possibility of merging these registers in to the DSP Block since the DSP block registers only possess synchronous reset capability.  It is suggested to recode or change these registers to remove the reset or use a synchronous reset to get the best optimization for performance, power and area.
Related violations: <none>

DPOR-2#31 Warning
Asynchronous load check  
DSP CORES[0].core_inst/MAC_LANES[3].multip/partial_product output is connected to registers with an asynchronous reset (CORES[0].core_inst/r_hadamard_product_reg_reg[3][3]). This is preventing the possibility of merging these registers in to the DSP Block since the DSP block registers only possess synchronous reset capability.  It is suggested to recode or change these registers to remove the reset or use a synchronous reset to get the best optimization for performance, power and area.
Related violations: <none>

DPOR-2#32 Warning
Asynchronous load check  
DSP CORES[0].core_inst/MAC_LANES[3].multip/partial_product output is connected to registers with an asynchronous reset (CORES[0].core_inst/r_hadamard_product_reg_reg[3][4]). This is preventing the possibility of merging these registers in to the DSP Block since the DSP block registers only possess synchronous reset capability.  It is suggested to recode or change these registers to remove the reset or use a synchronous reset to get the best optimization for performance, power and area.
Related violations: <none>

DPOR-2#33 Warning
Asynchronous load check  
DSP CORES[0].core_inst/MAC_LANES[3].multip/partial_product output is connected to registers with an asynchronous reset (CORES[0].core_inst/r_hadamard_product_reg_reg[3][5]). This is preventing the possibility of merging these registers in to the DSP Block since the DSP block registers only possess synchronous reset capability.  It is suggested to recode or change these registers to remove the reset or use a synchronous reset to get the best optimization for performance, power and area.
Related violations: <none>

DPOR-2#34 Warning
Asynchronous load check  
DSP CORES[0].core_inst/MAC_LANES[3].multip/partial_product output is connected to registers with an asynchronous reset (CORES[0].core_inst/r_hadamard_product_reg_reg[3][6]). This is preventing the possibility of merging these registers in to the DSP Block since the DSP block registers only possess synchronous reset capability.  It is suggested to recode or change these registers to remove the reset or use a synchronous reset to get the best optimization for performance, power and area.
Related violations: <none>

DPOR-2#35 Warning
Asynchronous load check  
DSP CORES[0].core_inst/MAC_LANES[3].multip/partial_product output is connected to registers with an asynchronous reset (CORES[0].core_inst/r_hadamard_product_reg_reg[3][7]). This is preventing the possibility of merging these registers in to the DSP Block since the DSP block registers only possess synchronous reset capability.  It is suggested to recode or change these registers to remove the reset or use a synchronous reset to get the best optimization for performance, power and area.
Related violations: <none>

DPOR-2#36 Warning
Asynchronous load check  
DSP CORES[0].core_inst/MAC_LANES[3].multip/partial_product output is connected to registers with an asynchronous reset (CORES[0].core_inst/r_hadamard_product_reg_reg[3][8]). This is preventing the possibility of merging these registers in to the DSP Block since the DSP block registers only possess synchronous reset capability.  It is suggested to recode or change these registers to remove the reset or use a synchronous reset to get the best optimization for performance, power and area.
Related violations: <none>

DPOR-2#37 Warning
Asynchronous load check  
DSP CORES[0].core_inst/MAC_LANES[4].multip/partial_product output is connected to registers with an asynchronous reset (CORES[0].core_inst/r_hadamard_product_reg_reg[4][0]). This is preventing the possibility of merging these registers in to the DSP Block since the DSP block registers only possess synchronous reset capability.  It is suggested to recode or change these registers to remove the reset or use a synchronous reset to get the best optimization for performance, power and area.
Related violations: <none>

DPOR-2#38 Warning
Asynchronous load check  
DSP CORES[0].core_inst/MAC_LANES[4].multip/partial_product output is connected to registers with an asynchronous reset (CORES[0].core_inst/r_hadamard_product_reg_reg[4][1]). This is preventing the possibility of merging these registers in to the DSP Block since the DSP block registers only possess synchronous reset capability.  It is suggested to recode or change these registers to remove the reset or use a synchronous reset to get the best optimization for performance, power and area.
Related violations: <none>

DPOR-2#39 Warning
Asynchronous load check  
DSP CORES[0].core_inst/MAC_LANES[4].multip/partial_product output is connected to registers with an asynchronous reset (CORES[0].core_inst/r_hadamard_product_reg_reg[4][2]). This is preventing the possibility of merging these registers in to the DSP Block since the DSP block registers only possess synchronous reset capability.  It is suggested to recode or change these registers to remove the reset or use a synchronous reset to get the best optimization for performance, power and area.
Related violations: <none>

DPOR-2#40 Warning
Asynchronous load check  
DSP CORES[0].core_inst/MAC_LANES[4].multip/partial_product output is connected to registers with an asynchronous reset (CORES[0].core_inst/r_hadamard_product_reg_reg[4][3]). This is preventing the possibility of merging these registers in to the DSP Block since the DSP block registers only possess synchronous reset capability.  It is suggested to recode or change these registers to remove the reset or use a synchronous reset to get the best optimization for performance, power and area.
Related violations: <none>

DPOR-2#41 Warning
Asynchronous load check  
DSP CORES[0].core_inst/MAC_LANES[4].multip/partial_product output is connected to registers with an asynchronous reset (CORES[0].core_inst/r_hadamard_product_reg_reg[4][4]). This is preventing the possibility of merging these registers in to the DSP Block since the DSP block registers only possess synchronous reset capability.  It is suggested to recode or change these registers to remove the reset or use a synchronous reset to get the best optimization for performance, power and area.
Related violations: <none>

DPOR-2#42 Warning
Asynchronous load check  
DSP CORES[0].core_inst/MAC_LANES[4].multip/partial_product output is connected to registers with an asynchronous reset (CORES[0].core_inst/r_hadamard_product_reg_reg[4][5]). This is preventing the possibility of merging these registers in to the DSP Block since the DSP block registers only possess synchronous reset capability.  It is suggested to recode or change these registers to remove the reset or use a synchronous reset to get the best optimization for performance, power and area.
Related violations: <none>

DPOR-2#43 Warning
Asynchronous load check  
DSP CORES[0].core_inst/MAC_LANES[4].multip/partial_product output is connected to registers with an asynchronous reset (CORES[0].core_inst/r_hadamard_product_reg_reg[4][6]). This is preventing the possibility of merging these registers in to the DSP Block since the DSP block registers only possess synchronous reset capability.  It is suggested to recode or change these registers to remove the reset or use a synchronous reset to get the best optimization for performance, power and area.
Related violations: <none>

DPOR-2#44 Warning
Asynchronous load check  
DSP CORES[0].core_inst/MAC_LANES[4].multip/partial_product output is connected to registers with an asynchronous reset (CORES[0].core_inst/r_hadamard_product_reg_reg[4][7]). This is preventing the possibility of merging these registers in to the DSP Block since the DSP block registers only possess synchronous reset capability.  It is suggested to recode or change these registers to remove the reset or use a synchronous reset to get the best optimization for performance, power and area.
Related violations: <none>

DPOR-2#45 Warning
Asynchronous load check  
DSP CORES[0].core_inst/MAC_LANES[4].multip/partial_product output is connected to registers with an asynchronous reset (CORES[0].core_inst/r_hadamard_product_reg_reg[4][8]). This is preventing the possibility of merging these registers in to the DSP Block since the DSP block registers only possess synchronous reset capability.  It is suggested to recode or change these registers to remove the reset or use a synchronous reset to get the best optimization for performance, power and area.
Related violations: <none>

DPOR-2#46 Warning
Asynchronous load check  
DSP CORES[0].core_inst/MAC_LANES[5].multip/partial_product output is connected to registers with an asynchronous reset (CORES[0].core_inst/r_hadamard_product_reg_reg[5][0]). This is preventing the possibility of merging these registers in to the DSP Block since the DSP block registers only possess synchronous reset capability.  It is suggested to recode or change these registers to remove the reset or use a synchronous reset to get the best optimization for performance, power and area.
Related violations: <none>

DPOR-2#47 Warning
Asynchronous load check  
DSP CORES[0].core_inst/MAC_LANES[5].multip/partial_product output is connected to registers with an asynchronous reset (CORES[0].core_inst/r_hadamard_product_reg_reg[5][1]). This is preventing the possibility of merging these registers in to the DSP Block since the DSP block registers only possess synchronous reset capability.  It is suggested to recode or change these registers to remove the reset or use a synchronous reset to get the best optimization for performance, power and area.
Related violations: <none>

DPOR-2#48 Warning
Asynchronous load check  
DSP CORES[0].core_inst/MAC_LANES[5].multip/partial_product output is connected to registers with an asynchronous reset (CORES[0].core_inst/r_hadamard_product_reg_reg[5][2]). This is preventing the possibility of merging these registers in to the DSP Block since the DSP block registers only possess synchronous reset capability.  It is suggested to recode or change these registers to remove the reset or use a synchronous reset to get the best optimization for performance, power and area.
Related violations: <none>

DPOR-2#49 Warning
Asynchronous load check  
DSP CORES[0].core_inst/MAC_LANES[5].multip/partial_product output is connected to registers with an asynchronous reset (CORES[0].core_inst/r_hadamard_product_reg_reg[5][3]). This is preventing the possibility of merging these registers in to the DSP Block since the DSP block registers only possess synchronous reset capability.  It is suggested to recode or change these registers to remove the reset or use a synchronous reset to get the best optimization for performance, power and area.
Related violations: <none>

DPOR-2#50 Warning
Asynchronous load check  
DSP CORES[0].core_inst/MAC_LANES[5].multip/partial_product output is connected to registers with an asynchronous reset (CORES[0].core_inst/r_hadamard_product_reg_reg[5][4]). This is preventing the possibility of merging these registers in to the DSP Block since the DSP block registers only possess synchronous reset capability.  It is suggested to recode or change these registers to remove the reset or use a synchronous reset to get the best optimization for performance, power and area.
Related violations: <none>

DPOR-2#51 Warning
Asynchronous load check  
DSP CORES[0].core_inst/MAC_LANES[5].multip/partial_product output is connected to registers with an asynchronous reset (CORES[0].core_inst/r_hadamard_product_reg_reg[5][5]). This is preventing the possibility of merging these registers in to the DSP Block since the DSP block registers only possess synchronous reset capability.  It is suggested to recode or change these registers to remove the reset or use a synchronous reset to get the best optimization for performance, power and area.
Related violations: <none>

DPOR-2#52 Warning
Asynchronous load check  
DSP CORES[0].core_inst/MAC_LANES[5].multip/partial_product output is connected to registers with an asynchronous reset (CORES[0].core_inst/r_hadamard_product_reg_reg[5][6]). This is preventing the possibility of merging these registers in to the DSP Block since the DSP block registers only possess synchronous reset capability.  It is suggested to recode or change these registers to remove the reset or use a synchronous reset to get the best optimization for performance, power and area.
Related violations: <none>

DPOR-2#53 Warning
Asynchronous load check  
DSP CORES[0].core_inst/MAC_LANES[5].multip/partial_product output is connected to registers with an asynchronous reset (CORES[0].core_inst/r_hadamard_product_reg_reg[5][7]). This is preventing the possibility of merging these registers in to the DSP Block since the DSP block registers only possess synchronous reset capability.  It is suggested to recode or change these registers to remove the reset or use a synchronous reset to get the best optimization for performance, power and area.
Related violations: <none>

DPOR-2#54 Warning
Asynchronous load check  
DSP CORES[0].core_inst/MAC_LANES[5].multip/partial_product output is connected to registers with an asynchronous reset (CORES[0].core_inst/r_hadamard_product_reg_reg[5][8]). This is preventing the possibility of merging these registers in to the DSP Block since the DSP block registers only possess synchronous reset capability.  It is suggested to recode or change these registers to remove the reset or use a synchronous reset to get the best optimization for performance, power and area.
Related violations: <none>

RTSTAT-10#1 Warning
No routable loads  
87 net(s) have no routable loads. The problem bus(es) and/or net(s) are CORES[0].core_inst/p_end[0], CORES[0].core_inst/p_input_addr[0][11:0],
CORES[0].core_inst/p_input_en[0],
CORES[0].core_inst/p_output_addr[0][11:0],
CORES[0].core_inst/p_output_data_write[0][59:0]
CORES[0].core_inst/p_output_en[0].
Related violations: <none>


