============================================================
  Generated by:           Genus(TM) Synthesis Solution 21.12-s068_1
  Generated on:           Oct 05 2026  10:24:13 pm
  Module:                 Conv
  Library domain:         timing_cond_0p81v_125c
    Domain index:         0
    Technology library:   tcbn28hpcplusbwp30p140ssg0p81v125c 110
  Operating conditions:   ssg0p81v125c 
  Interconnect mode:      global
  Area mode:              physical library
============================================================

                                                                                Library 
        Gate         Instances    Area                   Library                 Domain 
----------------------------------------------------------------------------------------
AN2D1BWP30P140             371    186.984    tcbn28hpcplusbwp30p140ssg0p81v125c       0 
AN2D4BWP30P140               1      1.134    tcbn28hpcplusbwp30p140ssg0p81v125c       0 
AN3D0BWP30P140               3      1.890    tcbn28hpcplusbwp30p140ssg0p81v125c       0 
AN3D1BWP30P140              26     16.380    tcbn28hpcplusbwp30p140ssg0p81v125c       0 
AN4D1BWP30P140               8      6.048    tcbn28hpcplusbwp30p140ssg0p81v125c       0 
AO211D1BWP30P140           116     87.696    tcbn28hpcplusbwp30p140ssg0p81v125c       0 
AO21D1BWP30P140             16     10.080    tcbn28hpcplusbwp30p140ssg0p81v125c       0 
AO21D2BWP30P140              2      1.512    tcbn28hpcplusbwp30p140ssg0p81v125c       0 
AO22D0BWP30P140            739    558.684    tcbn28hpcplusbwp30p140ssg0p81v125c       0 
AOI211D1BWP30P140            4      2.520    tcbn28hpcplusbwp30p140ssg0p81v125c       0 
AOI21D1BWP30P140            33     16.632    tcbn28hpcplusbwp30p140ssg0p81v125c       0 
AOI221D1BWP30P140          798    603.288    tcbn28hpcplusbwp30p140ssg0p81v125c       0 
AOI222D1BWP30P140          184    185.472    tcbn28hpcplusbwp30p140ssg0p81v125c       0 
AOI22D1BWP30P140          1301    819.630    tcbn28hpcplusbwp30p140ssg0p81v125c       0 
AOI31D1BWP30P140             1      0.630    tcbn28hpcplusbwp30p140ssg0p81v125c       0 
CKAN2D1BWP30P140           659    332.136    tcbn28hpcplusbwp30p140ssg0p81v125c       0 
CKAN2D8BWP30P140            11     15.246    tcbn28hpcplusbwp30p140ssg0p81v125c       0 
CKLNQD1BWP30P140            47     88.830    tcbn28hpcplusbwp30p140ssg0p81v125c       0 
CKMUX2D0BWP30P140          258    227.556    tcbn28hpcplusbwp30p140ssg0p81v125c       0 
CKND1BWP30P140            1293    325.836    tcbn28hpcplusbwp30p140ssg0p81v125c       0 
CKND2D1BWP30P140           270    102.060    tcbn28hpcplusbwp30p140ssg0p81v125c       0 
DFCND1BWP30P140             58    146.160    tcbn28hpcplusbwp30p140ssg0p81v125c       0 
DFCND2BWP30P140              1      2.898    tcbn28hpcplusbwp30p140ssg0p81v125c       0 
DFCNQD1BWP30P140          1643   3726.324    tcbn28hpcplusbwp30p140ssg0p81v125c       0 
DFSNQD2BWP30P140             2      4.536    tcbn28hpcplusbwp30p140ssg0p81v125c       0 
EDFCND1BWP30P140             3      9.072    tcbn28hpcplusbwp30p140ssg0p81v125c       0 
EDFCNQD1BWP30P140           13     37.674    tcbn28hpcplusbwp30p140ssg0p81v125c       0 
FA1D1BWP30P140            3000   6426.000    tcbn28hpcplusbwp30p140ssg0p81v125c       0 
FA1D2BWP30P140               1      2.394    tcbn28hpcplusbwp30p140ssg0p81v125c       0 
FA1OPTCD1BWP30P140           9     22.680    tcbn28hpcplusbwp30p140ssg0p81v125c       0 
HA1D1BWP30P140             284    465.192    tcbn28hpcplusbwp30p140ssg0p81v125c       0 
IAO21D1BWP30P140             4      2.520    tcbn28hpcplusbwp30p140ssg0p81v125c       0 
IND2D1BWP30P140             36     18.144    tcbn28hpcplusbwp30p140ssg0p81v125c       0 
IND2D2BWP30P140              1      0.756    tcbn28hpcplusbwp30p140ssg0p81v125c       0 
IND3D1BWP30P140              9      5.670    tcbn28hpcplusbwp30p140ssg0p81v125c       0 
IND4D1BWP30P140              4      3.024    tcbn28hpcplusbwp30p140ssg0p81v125c       0 
INR2D1BWP30P140            194     97.776    tcbn28hpcplusbwp30p140ssg0p81v125c       0 
INR2D2BWP30P140              1      0.756    tcbn28hpcplusbwp30p140ssg0p81v125c       0 
INR2D4BWP30P140              2      2.772    tcbn28hpcplusbwp30p140ssg0p81v125c       0 
INR3D0BWP30P140             11      6.930    tcbn28hpcplusbwp30p140ssg0p81v125c       0 
INR3D4BWP30P140              1      2.016    tcbn28hpcplusbwp30p140ssg0p81v125c       0 
INR4D0BWP30P140              4      3.024    tcbn28hpcplusbwp30p140ssg0p81v125c       0 
INVD0P7BWP30P140            14      3.528    tcbn28hpcplusbwp30p140ssg0p81v125c       0 
INVD1BWP30P140              11      2.772    tcbn28hpcplusbwp30p140ssg0p81v125c       0 
INVD2BWP30P140               2      0.756    tcbn28hpcplusbwp30p140ssg0p81v125c       0 
INVD6BWP30P140               1      0.882    tcbn28hpcplusbwp30p140ssg0p81v125c       0 
IOA21D0BWP30P140             1      0.630    tcbn28hpcplusbwp30p140ssg0p81v125c       0 
IOA21D1BWP30P140            68     42.840    tcbn28hpcplusbwp30p140ssg0p81v125c       0 
MAOI222D1BWP30P140          15     11.340    tcbn28hpcplusbwp30p140ssg0p81v125c       0 
MAOI22D1BWP30P140            7      5.292    tcbn28hpcplusbwp30p140ssg0p81v125c       0 
MOAI22D1BWP30P140            3      2.268    tcbn28hpcplusbwp30p140ssg0p81v125c       0 
MUX2D0BWP30P140              3      2.646    tcbn28hpcplusbwp30p140ssg0p81v125c       0 
MUX2NUD1BWP30P140            4      3.024    tcbn28hpcplusbwp30p140ssg0p81v125c       0 
ND2D1BWP30P140             168     63.504    tcbn28hpcplusbwp30p140ssg0p81v125c       0 
ND2D2BWP30P140               1      0.630    tcbn28hpcplusbwp30p140ssg0p81v125c       0 
ND2D3BWP30P140               1      0.882    tcbn28hpcplusbwp30p140ssg0p81v125c       0 
ND2OPTIBD1BWP30P140         40     15.120    tcbn28hpcplusbwp30p140ssg0p81v125c       0 
ND2OPTIBD4BWP30P140          1      1.134    tcbn28hpcplusbwp30p140ssg0p81v125c       0 
ND3D1BWP30P140             219    110.376    tcbn28hpcplusbwp30p140ssg0p81v125c       0 
ND4D1BWP30P140             121     76.230    tcbn28hpcplusbwp30p140ssg0p81v125c       0 
NR2D1BWP30P140              37     13.986    tcbn28hpcplusbwp30p140ssg0p81v125c       0 
NR2D3BWP30P140               7      6.174    tcbn28hpcplusbwp30p140ssg0p81v125c       0 
NR2D8BWP30P140               2      4.284    tcbn28hpcplusbwp30p140ssg0p81v125c       0 
NR2OPTIBD1BWP30P140         40     15.120    tcbn28hpcplusbwp30p140ssg0p81v125c       0 
NR2OPTPAD1BWP30P140          2      1.008    tcbn28hpcplusbwp30p140ssg0p81v125c       0 
NR3D0BWP30P140              16      8.064    tcbn28hpcplusbwp30p140ssg0p81v125c       0 
NR3D0P7BWP30P140            30     15.120    tcbn28hpcplusbwp30p140ssg0p81v125c       0 
NR4D0BWP30P140               6      3.780    tcbn28hpcplusbwp30p140ssg0p81v125c       0 
OA211D1BWP30P140             4      3.024    tcbn28hpcplusbwp30p140ssg0p81v125c       0 
OA21D1BWP30P140              6      3.780    tcbn28hpcplusbwp30p140ssg0p81v125c       0 
OA21D2BWP30P140              1      0.756    tcbn28hpcplusbwp30p140ssg0p81v125c       0 
OAI211D1BWP30P140          261    164.430    tcbn28hpcplusbwp30p140ssg0p81v125c       0 
OAI21D0P7BWP30P140           1      0.504    tcbn28hpcplusbwp30p140ssg0p81v125c       0 
OAI21D1BWP30P140           206    103.824    tcbn28hpcplusbwp30p140ssg0p81v125c       0 
OAI221D1BWP30P140            3      2.646    tcbn28hpcplusbwp30p140ssg0p81v125c       0 
OAI222D1BWP30P140          201    202.608    tcbn28hpcplusbwp30p140ssg0p81v125c       0 
OAI22D1BWP30P140             1      0.630    tcbn28hpcplusbwp30p140ssg0p81v125c       0 
OAI31D1BWP30P140             5      3.150    tcbn28hpcplusbwp30p140ssg0p81v125c       0 
OAI33D1BWP30P140             6      5.292    tcbn28hpcplusbwp30p140ssg0p81v125c       0 
OR2D0BWP30P140              14      7.056    tcbn28hpcplusbwp30p140ssg0p81v125c       0 
OR2D1BWP30P140              46     23.184    tcbn28hpcplusbwp30p140ssg0p81v125c       0 
OR3D1BWP30P140               7      4.410    tcbn28hpcplusbwp30p140ssg0p81v125c       0 
OR4D1BWP30P140               1      0.756    tcbn28hpcplusbwp30p140ssg0p81v125c       0 
SDFCNQARD1BWP30P140         73    211.554    tcbn28hpcplusbwp30p140ssg0p81v125c       0 
SDFSNQD2BWP30P140            2      5.796    tcbn28hpcplusbwp30p140ssg0p81v125c       0 
XNR2UD1BWP30P140           685    604.170    tcbn28hpcplusbwp30p140ssg0p81v125c       0 
XNR3UD1BWP30P140            55     97.020    tcbn28hpcplusbwp30p140ssg0p81v125c       0 
XNR4D1BWP30P140             12     31.752    tcbn28hpcplusbwp30p140ssg0p81v125c       0 
XOR2UD1BWP30P140           142    125.244    tcbn28hpcplusbwp30p140ssg0p81v125c       0 
XOR3UD1BWP30P140            77    135.828    tcbn28hpcplusbwp30p140ssg0p81v125c       0 
XOR4D0BWP30P140             12     31.752    tcbn28hpcplusbwp30p140ssg0p81v125c       0 
XOR4D1BWP30P140              9     23.814    tcbn28hpcplusbwp30p140ssg0p81v125c       0 
----------------------------------------------------------------------------------------
total                    14072  16780.932                                       


                                                        
            Type             Instances    Area   Area % 
--------------------------------------------------------
sequential                        1795  4144.014   24.7 
inverter                          1321   333.774    2.0 
clock_gating_integrated_cell        47    88.830    0.5 
logic                            10909 12214.314   72.8 
physical_cells                       0     0.000    0.0 
--------------------------------------------------------
total                            14072 16780.932  100.0 

