============================================================
  Generated by:           Genus(TM) Synthesis Solution 22.15-s086_1
  Generated on:           Apr 10 2025  01:00:43 am
  Module:                 conv_rapida
  Operating conditions:   ssg0p81v125c 
  Operating conditions:   tt0p9v25c 
  Operating conditions:   ffg0p99vm40c 
  Interconnect mode:      global
  Area mode:              physical library
============================================================


Path 1: MET (742 ps) Setup Check with Pin genblk1[4].mult_result_reg[13]/CP->D
           View: analysis_view_0p99v_m40c_capbst_fastest
          Group: clk
     Startpoint: (R) EA_reg[1]/CP
          Clock: (R) clk
       Endpoint: (R) genblk1[4].mult_result_reg[13]/D
          Clock: (R) clk

                     Capture       Launch     
        Clock Edge:+    2000            0     
       Src Latency:+       0            0     
       Net Latency:+       0 (I)        0 (I) 
           Arrival:=    2000            0     
                                              
             Setup:-      14                  
     Required Time:=    1986                  
      Launch Clock:-       0                  
         Data Path:-    1245                  
             Slack:=     742                  

#---------------------------------------------------------------------------------------------------------------------
#           Timing Point             Flags    Arc   Edge       Cell         Fanout  Load Trans Delay Arrival Instance 
#                                                                                   (fF)  (ps)  (ps)   (ps)  Location 
#---------------------------------------------------------------------------------------------------------------------
  EA_reg[1]/CP                       -       -      R     (arrival)            458     -     0     0       0    (-,-) 
  EA_reg[1]/Q                        -       CP->Q  F     DFCND1BWP30P140       83 103.7   340   226     226    (-,-) 
  g519090/ZN                         -       A1->ZN R     ND2D1BWP30P140         4   5.1    80    60     286    (-,-) 
  g518344/Z                          -       B->Z   R     OA21D1BWP30P140        2   2.9    21    26     312    (-,-) 
  g517328/ZN                         -       I->ZN  F     CKND1BWP30P140         1   1.6    11    10     321    (-,-) 
  g513791/Z                          -       A1->Z  F     OR2D2BWP30P140       110 145.4   225   140     461    (-,-) 
  g513553/ZN                         -       I->ZN  R     CKND4BWP30P140        25  28.4    68    58     518    (-,-) 
  g513552/ZN                         -       I->ZN  F     INVD6BWP30P140       142 180.6   100    75     593    (-,-) 
  g512222/Z                          -       S->Z   F     CKMUX2D0BWP30P140      6   9.7    60    61     654    (-,-) 
  genblk1[4].mult_mul_49_31_g2970/Z  -       A1->Z  F     XOR2UD1BWP30P140       2   2.7    39    29     683    (-,-) 
  genblk1[4].mult_mul_49_31_g2872/ZN -       B1->ZN R     AOI22D1BWP30P140       2   2.8    32    27     711    (-,-) 
  genblk1[4].mult_mul_49_31_g2869/ZN -       A1->ZN F     NR2D1BWP30P140         2   3.5    19    15     726    (-,-) 
  genblk1[4].mult_mul_49_31_g2848/CO -       CI->CO F     FA1D1BWP30P140         1   2.4    13    26     752    (-,-) 
  genblk1[4].mult_mul_49_31_g2837/CO -       CI->CO F     FA1D1BWP30P140         1   2.4    13    24     776    (-,-) 
  genblk1[4].mult_mul_49_31_g2827/CO -       CI->CO F     FA1D1BWP30P140         1   2.4    12    24     801    (-,-) 
  genblk1[4].mult_mul_49_31_g2821/CO -       CI->CO F     FA1D1BWP30P140         1   2.4    12    24     825    (-,-) 
  genblk1[4].mult_mul_49_31_g2817/CO -       CI->CO F     FA1D1BWP30P140         1   2.4    12    24     849    (-,-) 
  genblk1[4].mult_mul_49_31_g2815/CO -       CI->CO F     FA1D1BWP30P140         1   2.4    12    24     873    (-,-) 
  genblk1[4].mult_mul_49_31_g2814/CO -       CI->CO F     FA1D1BWP30P140         1   2.4    12    24     898    (-,-) 
  genblk1[4].mult_mul_49_31_g2813/CO -       CI->CO F     FA1D1BWP30P140         1   2.4    12    24     922    (-,-) 
  genblk1[4].mult_mul_49_31_g2812/CO -       CI->CO F     FA1D1BWP30P140         1   2.4    12    24     946    (-,-) 
  genblk1[4].mult_mul_49_31_g2811/CO -       CI->CO F     FA1D1BWP30P140         1   2.4    12    24     970    (-,-) 
  genblk1[4].mult_mul_49_31_g2810/CO -       CI->CO F     FA1D1BWP30P140         1   2.4    12    24     994    (-,-) 
  genblk1[4].mult_mul_49_31_g2809/CO -       CI->CO F     FA1D1BWP30P140         1   2.4    12    24    1018    (-,-) 
  genblk1[4].mult_mul_49_31_g2808/CO -       CI->CO F     FA1D1BWP30P140         1   2.4    12    24    1043    (-,-) 
  genblk1[4].mult_mul_49_31_g2807/CO -       CI->CO F     FA1D1BWP30P140         1   2.4    12    24    1067    (-,-) 
  genblk1[4].mult_mul_49_31_g2806/CO -       CI->CO F     FA1D1BWP30P140         1   2.4    12    24    1091    (-,-) 
  genblk1[4].mult_mul_49_31_g2805/CO -       CI->CO F     FA1D1BWP30P140         1   2.4    12    24    1115    (-,-) 
  genblk1[4].mult_mul_49_31_g2804/CO -       CI->CO F     FA1D1BWP30P140         1   2.4    12    24    1140    (-,-) 
  genblk1[4].mult_mul_49_31_g2803/CO -       CI->CO F     FA1D1BWP30P140         1   2.4    12    24    1164    (-,-) 
  genblk1[4].mult_mul_49_31_g2802/CO -       CI->CO F     FA1D1BWP30P140         1   1.7    11    23    1186    (-,-) 
  genblk1[4].mult_mul_49_31_g2801/ZN -       I->ZN  R     CKND1BWP30P140         1   1.6     9     9    1195    (-,-) 
  g317473/ZN                         -       A1->ZN F     CKND2D1BWP30P140       7   8.4    84    30    1225    (-,-) 
  g317028/ZN                         -       B->ZN  R     IOA21D1BWP30P140       1   1.8    24    20    1244    (-,-) 
  genblk1[4].mult_result_reg[13]/D   <<<     -      R     DFCNQD1BWP30P140       1     -     -     0    1245    (-,-) 
#---------------------------------------------------------------------------------------------------------------------


