============================================================
  Generated by:           Genus(TM) Synthesis Solution 21.12-s068_1
  Generated on:           Oct 07 2026  02:57:08 pm
  Module:                 Conv
  Operating conditions:   ssg0p81v125c 
  Interconnect mode:      global
  Area mode:              physical library
============================================================


Path 1: MET (0 ps) Late External Delay Assertion at pin p_output_data_write[15]
           View: analysis_view_0p81v_125c_capwst_slowest
          Group: clk
     Startpoint: (R) r_output_write_count_reg[3]/CP
          Clock: (R) clk
       Endpoint: (F) p_output_data_write[15]
          Clock: (R) clk

                     Capture       Launch     
        Clock Edge:+    2000            0     
       Src Latency:+       0            0     
       Net Latency:+       0 (I)        0 (I) 
           Arrival:=    2000            0     
                                              
      Output Delay:-    1000                  
     Required Time:=    1000                  
      Launch Clock:-       0                  
         Data Path:-    1000                  
             Slack:=       0                  

Exceptions/Constraints:
  output_delay             1000            constraints.sdc_line_25_70_1 

#---------------------------------------------------------------------------------------------------------------
#         Timing Point           Flags    Arc   Edge       Cell        Fanout Load Trans Delay Arrival Instance 
#                                                                             (fF)  (ps)  (ps)   (ps)  Location 
#---------------------------------------------------------------------------------------------------------------
  r_output_write_count_reg[3]/CP -       -      R     (arrival)             4    -     0     0       0    (-,-) 
  r_output_write_count_reg[3]/Q  -       CP->Q  F     DFCNQD1BWP30P140      5  4.5    28    71      71    (-,-) 
  g45325/Z                       -       A2->Z  F     CKAN2D1BWP30P140      3  2.7    19    34     105    (-,-) 
  g45286/Z                       -       A1->Z  F     AN2D1BWP30P140       32 27.6   144    98     202    (-,-) 
  g44917/ZN                      -       B1->ZN R     AOI22D1BWP30P140      1  1.3    54    55     258    (-,-) 
  g44749/ZN                      -       A2->ZN F     ND2D1BWP30P140        1  1.3    26    23     281    (-,-) 
  g44430/ZN                      -       A2->ZN R     NR2D1BWP30P140        1  1.3    22    23     303    (-,-) 
  g47530/ZN                      -       B3->ZN F     IND4D1BWP30P140       1  2.4    67    44     347    (-,-) 
  add_758_69_g988/CO             -       B->CO  F     HA1D1BWP30P140        1  2.1    16    36     383    (-,-) 
  add_758_69_g987/CO             -       CI->CO F     FA1D1BWP30P140        1  2.1    22    41     424    (-,-) 
  add_758_69_g986/CO             -       CI->CO F     FA1D1BWP30P140        1  2.1    21    44     468    (-,-) 
  add_758_69_g985/CO             -       CI->CO F     FA1D1BWP30P140        1  2.1    21    43     511    (-,-) 
  add_758_69_g984/CO             -       CI->CO F     FA1D1BWP30P140        1  2.1    22    43     554    (-,-) 
  add_758_69_g983/CO             -       CI->CO F     FA1D1BWP30P140        1  2.1    21    44     598    (-,-) 
  add_758_69_g982/CO             -       CI->CO F     FA1D1BWP30P140        1  2.1    21    43     641    (-,-) 
  add_758_69_g981/CO             -       CI->CO F     FA1D1BWP30P140        1  1.3    18    40     681    (-,-) 
  add_758_69_g980/ZN             -       I->ZN  R     CKND1BWP30P140        3  3.6    27    22     703    (-,-) 
  add_758_69_g977/ZN             -       A3->ZN F     OAI31D1BWP30P140      1  2.1    43    26     729    (-,-) 
  add_758_69_g975/CO             -       CI->CO F     FA1D1BWP30P140        1  2.1    22    51     780    (-,-) 
  add_758_69_g974/CO             -       CI->CO F     FA1D1BWP30P140        1  2.1    21    43     824    (-,-) 
  add_758_69_g973/CO             -       CI->CO F     FA1D1BWP30P140        1  2.1    21    43     867    (-,-) 
  add_758_69_g972/CO             -       CI->CO F     FA1D1BWP30P140        1  2.1    21    43     910    (-,-) 
  add_758_69_g971/CO             -       CI->CO F     FA1D1BWP30P140        1  1.3    18    40     950    (-,-) 
  add_758_69_g970/Z              -       A3->Z  F     XOR3UD1BWP30P140      1  4.8    58    50    1000    (-,-) 
  p_output_data_write[15]        <<<     -      F     (port)                -    -     -     0    1000    (-,-) 
#---------------------------------------------------------------------------------------------------------------


