============================================================
  Generated by:           Genus(TM) Synthesis Solution 21.12-s068_1
  Generated on:           Oct 05 2026  10:33:52 pm
  Module:                 Conv
  Library domain:         timing_cond_0p81v_125c
    Domain index:         0
    Technology library:   tcbn28hpcplusbwp30p140ssg0p81v125c 110
  Operating conditions:   ssg0p81v125c 
  Interconnect mode:      global
  Area mode:              physical library
============================================================

                                                                                Library 
        Gate         Instances    Area                   Library                 Domain 
----------------------------------------------------------------------------------------
AN2D0BWP30P140               5      2.520    tcbn28hpcplusbwp30p140ssg0p81v125c       0 
AN2D1BWP30P140              20     10.080    tcbn28hpcplusbwp30p140ssg0p81v125c       0 
AN2D2BWP30P140               1      0.630    tcbn28hpcplusbwp30p140ssg0p81v125c       0 
AN2D8BWP30P140               1      1.890    tcbn28hpcplusbwp30p140ssg0p81v125c       0 
AN3D1BWP30P140              48     30.240    tcbn28hpcplusbwp30p140ssg0p81v125c       0 
AN3D4BWP30P140               1      1.386    tcbn28hpcplusbwp30p140ssg0p81v125c       0 
AN4D1BWP30P140              12      9.072    tcbn28hpcplusbwp30p140ssg0p81v125c       0 
AO211D1BWP30P140            58     43.848    tcbn28hpcplusbwp30p140ssg0p81v125c       0 
AO21D1BWP30P140             18     11.340    tcbn28hpcplusbwp30p140ssg0p81v125c       0 
AO21D4BWP30P140              1      1.386    tcbn28hpcplusbwp30p140ssg0p81v125c       0 
AO22D0BWP30P140           1351   1021.356    tcbn28hpcplusbwp30p140ssg0p81v125c       0 
AOI211D1BWP30P140            7      4.410    tcbn28hpcplusbwp30p140ssg0p81v125c       0 
AOI21D1BWP30P140            37     18.648    tcbn28hpcplusbwp30p140ssg0p81v125c       0 
AOI221D1BWP30P140         1359   1027.404    tcbn28hpcplusbwp30p140ssg0p81v125c       0 
AOI222D1BWP30P140          353    355.824    tcbn28hpcplusbwp30p140ssg0p81v125c       0 
AOI22D1BWP30P140          1155    727.650    tcbn28hpcplusbwp30p140ssg0p81v125c       0 
AOI31D1BWP30P140             2      1.260    tcbn28hpcplusbwp30p140ssg0p81v125c       0 
AOI32D1BWP30P140             2      1.512    tcbn28hpcplusbwp30p140ssg0p81v125c       0 
BUFFD12BWP30P140             1      2.142    tcbn28hpcplusbwp30p140ssg0p81v125c       0 
BUFFD2BWP30P140              1      0.504    tcbn28hpcplusbwp30p140ssg0p81v125c       0 
BUFFD4BWP30P140              1      0.882    tcbn28hpcplusbwp30p140ssg0p81v125c       0 
CKAN2D1BWP30P140          1073    540.792    tcbn28hpcplusbwp30p140ssg0p81v125c       0 
CKAN2D8BWP30P140             1      1.386    tcbn28hpcplusbwp30p140ssg0p81v125c       0 
CKLNQD1BWP30P140            46     86.940    tcbn28hpcplusbwp30p140ssg0p81v125c       0 
CKMUX2D0BWP30P140          353    311.346    tcbn28hpcplusbwp30p140ssg0p81v125c       0 
CKND1BWP30P140            1327    334.404    tcbn28hpcplusbwp30p140ssg0p81v125c       0 
CKND2BWP30P140               2      0.756    tcbn28hpcplusbwp30p140ssg0p81v125c       0 
CKND2D1BWP30P140           536    202.608    tcbn28hpcplusbwp30p140ssg0p81v125c       0 
DFCND1BWP30P140             69    173.880    tcbn28hpcplusbwp30p140ssg0p81v125c       0 
DFCND2BWP30P140              1      2.898    tcbn28hpcplusbwp30p140ssg0p81v125c       0 
DFCNQD1BWP30P140          1915   4343.220    tcbn28hpcplusbwp30p140ssg0p81v125c       0 
DFSNQD2BWP30P140             2      4.536    tcbn28hpcplusbwp30p140ssg0p81v125c       0 
EDFCND1BWP30P140             5     15.120    tcbn28hpcplusbwp30p140ssg0p81v125c       0 
EDFCNQD1BWP30P140           11     31.878    tcbn28hpcplusbwp30p140ssg0p81v125c       0 
FA1D1BWP30P140            3854   8255.268    tcbn28hpcplusbwp30p140ssg0p81v125c       0 
FA1OPTCD1BWP30P140           7     17.640    tcbn28hpcplusbwp30p140ssg0p81v125c       0 
HA1D1BWP30P140             380    622.440    tcbn28hpcplusbwp30p140ssg0p81v125c       0 
IAO21D1BWP30P140             3      1.890    tcbn28hpcplusbwp30p140ssg0p81v125c       0 
IND2D1BWP30P140             56     28.224    tcbn28hpcplusbwp30p140ssg0p81v125c       0 
IND3D1BWP30P140             10      6.300    tcbn28hpcplusbwp30p140ssg0p81v125c       0 
IND4D1BWP30P140              4      3.024    tcbn28hpcplusbwp30p140ssg0p81v125c       0 
INR2D1BWP30P140            251    126.504    tcbn28hpcplusbwp30p140ssg0p81v125c       0 
INR2D2BWP30P140              1      0.756    tcbn28hpcplusbwp30p140ssg0p81v125c       0 
INR2D4BWP30P140              3      4.158    tcbn28hpcplusbwp30p140ssg0p81v125c       0 
INR3D0BWP30P140              7      4.410    tcbn28hpcplusbwp30p140ssg0p81v125c       0 
INR4D0BWP30P140              7      5.292    tcbn28hpcplusbwp30p140ssg0p81v125c       0 
INVD0P7BWP30P140            25      6.300    tcbn28hpcplusbwp30p140ssg0p81v125c       0 
INVD1BWP30P140               9      2.268    tcbn28hpcplusbwp30p140ssg0p81v125c       0 
INVD3BWP30P140               2      1.008    tcbn28hpcplusbwp30p140ssg0p81v125c       0 
INVD6BWP30P140               1      0.882    tcbn28hpcplusbwp30p140ssg0p81v125c       0 
INVD8BWP30P140               1      1.134    tcbn28hpcplusbwp30p140ssg0p81v125c       0 
IOA21D1BWP30P140           314    197.820    tcbn28hpcplusbwp30p140ssg0p81v125c       0 
MAOI222D1BWP30P140          15     11.340    tcbn28hpcplusbwp30p140ssg0p81v125c       0 
MAOI22D1BWP30P140            7      5.292    tcbn28hpcplusbwp30p140ssg0p81v125c       0 
MOAI22D1BWP30P140           22     16.632    tcbn28hpcplusbwp30p140ssg0p81v125c       0 
MUX2D0BWP30P140              2      1.764    tcbn28hpcplusbwp30p140ssg0p81v125c       0 
MUX2NUD1BWP30P140            8      6.048    tcbn28hpcplusbwp30p140ssg0p81v125c       0 
ND2D1BWP30P140             184     69.552    tcbn28hpcplusbwp30p140ssg0p81v125c       0 
ND2D4BWP30P140               1      1.134    tcbn28hpcplusbwp30p140ssg0p81v125c       0 
ND2OPTIBD1BWP30P140         32     12.096    tcbn28hpcplusbwp30p140ssg0p81v125c       0 
ND3D1BWP30P140             276    139.104    tcbn28hpcplusbwp30p140ssg0p81v125c       0 
ND4D1BWP30P140               1      0.630    tcbn28hpcplusbwp30p140ssg0p81v125c       0 
NR2D1BWP30P140              49     18.522    tcbn28hpcplusbwp30p140ssg0p81v125c       0 
NR2D3BWP30P140               4      3.528    tcbn28hpcplusbwp30p140ssg0p81v125c       0 
NR2D4BWP30P140               4      4.536    tcbn28hpcplusbwp30p140ssg0p81v125c       0 
NR2D6BWP30P140               1      1.638    tcbn28hpcplusbwp30p140ssg0p81v125c       0 
NR2OPTIBD1BWP30P140         54     20.412    tcbn28hpcplusbwp30p140ssg0p81v125c       0 
NR2OPTPAD1BWP30P140          1      0.504    tcbn28hpcplusbwp30p140ssg0p81v125c       0 
NR3D0BWP30P140              20     10.080    tcbn28hpcplusbwp30p140ssg0p81v125c       0 
NR3D0P7BWP30P140            63     31.752    tcbn28hpcplusbwp30p140ssg0p81v125c       0 
NR4D0BWP30P140              13      8.190    tcbn28hpcplusbwp30p140ssg0p81v125c       0 
OA211D1BWP30P140             7      5.292    tcbn28hpcplusbwp30p140ssg0p81v125c       0 
OA21D1BWP30P140             13      8.190    tcbn28hpcplusbwp30p140ssg0p81v125c       0 
OA22D1BWP30P140              1      0.882    tcbn28hpcplusbwp30p140ssg0p81v125c       0 
OAI211D1BWP30P140          279    175.770    tcbn28hpcplusbwp30p140ssg0p81v125c       0 
OAI21D1BWP30P140           270    136.080    tcbn28hpcplusbwp30p140ssg0p81v125c       0 
OAI221D1BWP30P140            4      3.528    tcbn28hpcplusbwp30p140ssg0p81v125c       0 
OAI222D1BWP30P140          204    205.632    tcbn28hpcplusbwp30p140ssg0p81v125c       0 
OAI22D1BWP30P140             5      3.150    tcbn28hpcplusbwp30p140ssg0p81v125c       0 
OAI31D1BWP30P140             6      3.780    tcbn28hpcplusbwp30p140ssg0p81v125c       0 
OAI32D1BWP30P140             4      3.024    tcbn28hpcplusbwp30p140ssg0p81v125c       0 
OAI33D1BWP30P140            13     11.466    tcbn28hpcplusbwp30p140ssg0p81v125c       0 
OR2D0BWP30P140              25     12.600    tcbn28hpcplusbwp30p140ssg0p81v125c       0 
OR2D1BWP30P140              53     26.712    tcbn28hpcplusbwp30p140ssg0p81v125c       0 
OR3D1BWP30P140               6      3.780    tcbn28hpcplusbwp30p140ssg0p81v125c       0 
OR3D2BWP30P140               1      0.756    tcbn28hpcplusbwp30p140ssg0p81v125c       0 
OR4D1BWP30P140               5      3.780    tcbn28hpcplusbwp30p140ssg0p81v125c       0 
SDFCNQARD1BWP30P140        125    362.250    tcbn28hpcplusbwp30p140ssg0p81v125c       0 
SDFCNQD0BWP30P140           21     60.858    tcbn28hpcplusbwp30p140ssg0p81v125c       0 
SDFSNQD2BWP30P140            2      5.796    tcbn28hpcplusbwp30p140ssg0p81v125c       0 
XNR2UD1BWP30P140          1341   1182.762    tcbn28hpcplusbwp30p140ssg0p81v125c       0 
XNR3UD1BWP30P140            64    112.896    tcbn28hpcplusbwp30p140ssg0p81v125c       0 
XNR4D1BWP30P140             24     63.504    tcbn28hpcplusbwp30p140ssg0p81v125c       0 
XOR2UD1BWP30P140           269    237.258    tcbn28hpcplusbwp30p140ssg0p81v125c       0 
XOR3UD1BWP30P140            84    148.176    tcbn28hpcplusbwp30p140ssg0p81v125c       0 
XOR4D0BWP30P140             24     63.504    tcbn28hpcplusbwp30p140ssg0p81v125c       0 
XOR4D1BWP30P140              9     23.814    tcbn28hpcplusbwp30p140ssg0p81v125c       0 
----------------------------------------------------------------------------------------
total                    18326  21837.060                                       


                                                        
            Type             Instances    Area   Area % 
--------------------------------------------------------
sequential                        2151  5000.436   22.9 
inverter                          1367   346.752    1.6 
buffer                               3     3.528    0.0 
clock_gating_integrated_cell        46    86.940    0.4 
logic                            14759 16399.404   75.1 
physical_cells                       0     0.000    0.0 
--------------------------------------------------------
total                            18326 21837.060  100.0 

