============================================================
  Generated by:           Genus(TM) Synthesis Solution 21.12-s068_1
  Generated on:           Oct 06 2025  08:19:08 pm
  Module:                 System
  Operating conditions:   ssg0p81v125c 
  Interconnect mode:      global
  Area mode:              physical library
============================================================


Path 1: MET (0 ps) Setup Check with Pin conv/r_feat_reg[19][19]/CP->D
           View: analysis_view_0p81v_125c_capwst_slowest
          Group: clk
     Startpoint: (R) conv/r_idx_in_reg[1]/CP
          Clock: (R) clk
       Endpoint: (F) conv/r_feat_reg[19][19]/D
          Clock: (R) clk

                     Capture       Launch     
        Clock Edge:+    2000            0     
       Src Latency:+       0            0     
       Net Latency:+       0 (I)        0 (I) 
           Arrival:=    2000            0     
                                              
             Setup:-      21                  
     Required Time:=    1979                  
      Launch Clock:-       0                  
         Data Path:-    1979                  
             Slack:=       0                  

#------------------------------------------------------------------------------------------------------------------------------
#               Timing Point                 Flags    Arc   Edge        Cell          Fanout Load Trans Delay Arrival Instance 
#                                                                                            (fF)  (ps)  (ps)   (ps)  Location 
#------------------------------------------------------------------------------------------------------------------------------
  conv/r_idx_in_reg[1]/CP                    -       -      R     (arrival)                4    -     0     0       0    (-,-) 
  conv/r_idx_in_reg[1]/Q                     -       CP->Q  F     DFD2BWP30P140            5  7.3    23    71      71    (-,-) 
  conv/mux_mult/g200/ZN                      -       A2->ZN R     NR2D3BWP30P140           3  3.6    21    21      92    (-,-) 
  conv/mux_mult/g206/ZN                      -       A1->ZN R     INR2D4BWP30P140          2  4.5    17    26     118    (-,-) 
  conv/mux_mult/g190/ZN                      -       I->ZN  F     INVD3BWP30P140           3 10.2    22    18     136    (-,-) 
  conv/mux_mult/g182/ZN                      -       A2->ZN R     NR2OPTPAD6BWP30P140      7  9.3    19    18     154    (-,-) 
  conv/g69212/ZN                             -       A2->ZN F     NR2D4BWP30P140           7  9.7    19    17     171    (-,-) 
  conv/g68866/ZN                             -       A1->ZN R     ND2D2BWP30P140           4  3.9    20    15     186    (-,-) 
  conv/g68655/ZN                             -       A1->ZN F     NR2D1BWP30P140           8  6.9    41    30     217    (-,-) 
  conv/g68413/Z                              -       I->Z   F     BUFFD3BWP30P140         74 63.0   111    86     303    (-,-) 
  conv/g67287/Z                              -       B1->Z  F     AO22D0BWP30P140          1  1.3    23    66     369    (-,-) 
  conv/g65560/Z                              -       A1->Z  F     OR3D2BWP30P140          22 22.8    64    70     439    (-,-) 
  conv/genblk1[5].multip/mul_165_63_g7254/CO -       A->CO  F     FA1OPTCD1BWP30P140       1  2.1    22    60     499    (-,-) 
  conv/genblk1[5].multip/mul_165_63_g7234/CO -       CI->CO F     FA1D1BWP30P140           1  2.5    24    45     544    (-,-) 
  conv/genblk1[5].multip/mul_165_63_g7211/CO -       CI->CO F     FA1OPTCD2BWP30P140       1  2.1    19    27     570    (-,-) 
  conv/genblk1[5].multip/mul_165_63_g7192/CO -       CI->CO F     FA1D1BWP30P140           1  2.1    24    42     613    (-,-) 
  conv/genblk1[5].multip/mul_165_63_g7174/CO -       CI->CO F     FA1D1BWP30P140           1  2.1    24    44     657    (-,-) 
  conv/genblk1[5].multip/mul_165_63_g7153/CO -       CI->CO F     FA1D1BWP30P140           1  2.1    24    44     701    (-,-) 
  conv/genblk1[5].multip/mul_165_63_g7136/CO -       CI->CO F     FA1D1BWP30P140           1  2.1    24    44     746    (-,-) 
  conv/genblk1[5].multip/mul_165_63_g7114/CO -       CI->CO F     FA1D1BWP30P140           1  2.1    24    44     790    (-,-) 
  conv/genblk1[5].multip/mul_165_63_g7096/CO -       CI->CO F     FA1D1BWP30P140           1  2.1    24    44     834    (-,-) 
  conv/genblk1[5].multip/mul_165_63_g7079/CO -       CI->CO F     FA1D1BWP30P140           1  2.1    27    44     879    (-,-) 
  conv/genblk1[5].multip/mul_165_63_g7061/CO -       CI->CO F     FA1D1BWP30P140           1  2.1    25    45     924    (-,-) 
  conv/genblk1[5].multip/mul_165_63_g7044/CO -       CI->CO F     FA1D1BWP30P140           1  2.1    23    45     969    (-,-) 
  conv/genblk1[5].multip/mul_165_63_g7029/CO -       CI->CO F     FA1D1BWP30P140           1  2.1    23    44    1013    (-,-) 
  conv/genblk1[5].multip/mul_165_63_g7014/CO -       CI->CO F     FA1D1BWP30P140           1  2.1    23    44    1057    (-,-) 
  conv/genblk1[5].multip/mul_165_63_g6998/CO -       CI->CO F     FA1D1BWP30P140           1  2.1    23    44    1101    (-,-) 
  conv/genblk1[5].multip/mul_165_63_g6983/CO -       CI->CO F     FA1D1BWP30P140           1  2.1    23    44    1144    (-,-) 
  conv/genblk1[5].multip/mul_165_63_g6971/S  -       CI->S  R     FA1D1BWP30P140           3  3.0    33    78    1223    (-,-) 
  conv/genblk1[5].multip/mul_165_63_g6962/ZN -       A1->ZN F     AOI222D1BWP30P140        1  1.2    87    23    1246    (-,-) 
  conv/genblk1[5].multip/mul_165_63_g6954/ZN -       A1->ZN R     CKND2D1BWP30P140         1  1.9    39    41    1287    (-,-) 
  conv/genblk1[5].multip/mul_165_63_g6947/Z  -       A1->Z  R     XOR2UD1BWP30P140         1  2.1    44    29    1316    (-,-) 
  conv/genblk1[5].multip/mul_165_63_g6936/S  -       CI->S  F     FA1D1BWP30P140           1  2.6    28    74    1390    (-,-) 
  conv/genblk1[5].multip/mul_165_63_g6926/CO -       B->CO  F     FA1D1BWP30P140           1  2.1    21    53    1443    (-,-) 
  conv/genblk1[5].multip/mul_165_63_g6925/CO -       CI->CO F     FA1D1BWP30P140           1  2.1    21    43    1486    (-,-) 
  conv/genblk1[5].multip/mul_165_63_g6924/CO -       CI->CO F     FA1D1BWP30P140           1  2.1    21    43    1529    (-,-) 
  conv/genblk1[5].multip/mul_165_63_g6923/CO -       CI->CO F     FA1D1BWP30P140           1  2.1    21    43    1573    (-,-) 
  conv/genblk1[5].multip/mul_165_63_g6922/CO -       CI->CO F     FA1D1BWP30P140           1  2.1    21    43    1616    (-,-) 
  conv/genblk1[5].multip/mul_165_63_g6921/CO -       CI->CO F     FA1D1BWP30P140           1  2.1    21    43    1659    (-,-) 
  conv/genblk1[5].multip/mul_165_63_g6920/CO -       CI->CO F     FA1D1BWP30P140           1  2.1    21    43    1703    (-,-) 
  conv/genblk1[5].multip/mul_165_63_g6919/CO -       CI->CO F     FA1D1BWP30P140           1  1.4    18    40    1743    (-,-) 
  conv/genblk1[5].multip/mul_165_63_g6918/ZN -       A3->ZN F     XNR3D1BWP30P140         12 10.9    63    62    1805    (-,-) 
  conv/g70420/ZN                             -       I->ZN  R     CKND1BWP30P140           4  4.3    40    40    1845    (-,-) 
  conv/g68699/ZN                             -       B1->ZN F     OAI22D1BWP30P140         1  1.4    60    30    1874    (-,-) 
  conv/g69580/ZN                             -       C->ZN  R     AOI221D1BWP30P140        1  1.4    73    52    1927    (-,-) 
  conv/g69334/ZN                             -       C->ZN  F     OAI221D1BWP30P140        1  1.3    86    52    1979    (-,-) 
  conv/r_feat_reg[19][19]/D                  <<<     -      F     DFQD2BWP30P140           1    -     -     0    1979    (-,-) 
#------------------------------------------------------------------------------------------------------------------------------


