============================================================
  Generated by:           Genus(TM) Synthesis Solution 21.12-s068_1
  Generated on:           Jan 25 2026  11:42:30 pm
  Module:                 Conv
  Operating conditions:   ssg0p81v125c 
  Operating conditions:   tt0p9v25c 
  Operating conditions:   ffg0p99vm40c 
  Interconnect mode:      global
  Area mode:              physical library
============================================================


Path 1: MET (374 ps) Setup Check with Pin r_feat_reg[10][18]/CP->D
           View: analysis_view_0p99v_m40c_capbst_fastest
          Group: clk
     Startpoint: (F) p_weight[6][0]
          Clock: (R) clk
       Endpoint: (F) r_feat_reg[10][18]/D
          Clock: (R) clk

                     Capture       Launch     
        Clock Edge:+    2000            0     
        Drv Adjust:+       0            3     
       Src Latency:+       0            0     
       Net Latency:+       0 (I)        0 (I) 
           Arrival:=    2000            3     
                                              
             Setup:-       2                  
     Required Time:=    1998                  
      Launch Clock:-       3                  
       Input Delay:-    1000                  
         Data Path:-     621                  
             Slack:=     374                  

Exceptions/Constraints:
  input_delay             1000            tmp_sdc_analysis_vie_1_line_580 

#------------------------------------------------------------------------------------------------------------------------------------------
#                   Timing Point                     Flags    Arc   Edge          Cell            Fanout Load Trans Delay Arrival Instance 
#                                                                                                        (fF)  (ps)  (ps)   (ps)  Location 
#------------------------------------------------------------------------------------------------------------------------------------------
  p_weight[6][0]                                     -       -      F     (arrival)                    1  1.8     8     0    1003    (-,-) 
  g15985/Z                                           -       B1->Z  F     AO22D1BWP30P140              1  2.0    11    20    1023    (-,-) 
  g13225/ZN                                          -       A2->ZN R     NR2OPTPAD1BWP30P140          1  4.3    21    17    1040    (-,-) 
  g13155/ZN                                          -       A1->ZN F     ND2OPTD6BWP30P140            7 10.1    16    13    1053    (-,-) 
  genblk1[0].multip/mul_153_63_g4566__7098/ZN        -       A2->ZN R     NR2D3BWP30P140               5  7.6    17    16    1069    (-,-) 
  genblk1[0].multip/mul_153_63_g4552/ZN              -       I->ZN  F     INVD3BWP30P140              15 17.5    21    17    1086    (-,-) 
  genblk1[0].multip/mul_153_63_g4447__2802/ZN        -       A1->ZN R     OAI22D1BWP30P140             1  2.9    26    18    1104    (-,-) 
  genblk1[0].multip/mul_153_63_g4362__7098/S         -       B->S   F     HA1D1BWP30P140               1  2.4    12    23    1128    (-,-) 
  genblk1[0].multip/mul_153_63_cdnfadd_005_0__5107/S -       CI->S  R     FA1D1BWP30P140               1  1.7    14    40    1167    (-,-) 
  genblk1[0].multip/mul_153_63_g4353/ZN              -       I->ZN  F     CKND1BWP30P140               2  2.9    14    12    1179    (-,-) 
  genblk1[0].multip/mul_153_63_g4352__1617/Z         -       A1->Z  F     AN2D2BWP30P140               2  2.9     7    14    1192    (-,-) 
  genblk1[0].multip/mul_153_63_g4351__3680/ZN        -       B->ZN  R     AOI211D1BWP30P140            1  1.7    23    19    1212    (-,-) 
  genblk1[0].multip/mul_153_63_g4345__6260/ZN        -       A2->ZN F     ND2OPTIBD1BWP30P140          1  2.8    19    16    1228    (-,-) 
  genblk1[0].multip/mul_153_63_g4339__1666/ZN        -       A3->ZN R     ND3OPTPAD2BWP30P140          2  2.8    13    13    1240    (-,-) 
  genblk1[0].multip/mul_153_63_g4333__2346/ZN        -       A1->ZN F     ND2OPTIBD1BWP30P140          2  2.7    18    14    1254    (-,-) 
  genblk1[0].multip/mul_153_63_g4317__1705/Z         -       A1->Z  F     OA21D2BWP30P140              3  4.4    10    20    1274    (-,-) 
  genblk1[0].multip/mul_153_63_g4311__8428/ZN        -       A1->ZN R     OAI21OPTREPBD1BWP30P140      1  2.1    16    14    1288    (-,-) 
  genblk1[0].multip/mul_153_63_g4302__6260/ZN        -       A1->ZN F     AOI21D2BWP30P140             2  3.3    15    12    1300    (-,-) 
  genblk1[0].multip/mul_153_63_g4286__1881/ZN        -       A1->ZN R     NR2OPTPAD1BWP30P140          2  2.8    16    14    1314    (-,-) 
  genblk1[0].multip/mul_153_63_g4282__5122/ZN        -       A1->ZN F     ND2OPTIBD1BWP30P140          2  2.6    18    14    1329    (-,-) 
  genblk1[0].multip/mul_153_63_g4278__3680/ZN        -       A1->ZN R     ND2OPTIBD1BWP30P140          1  2.0    16    13    1342    (-,-) 
  genblk1[0].multip/mul_153_63_g4272__5107/ZN        -       A1->ZN F     AOI21D1P5BWP30P140           1  2.1    14    11    1353    (-,-) 
  genblk1[0].multip/mul_153_63_g4256__9315/ZN        -       A1->ZN R     OAI21D2BWP30P140             2  3.8    15    13    1366    (-,-) 
  genblk1[0].multip/mul_153_63_g4244__2802/ZN        -       A1->ZN F     ND2OPTIBD2BWP30P140          2  2.7    13    10    1376    (-,-) 
  genblk1[0].multip/mul_153_63_g4241__6783/ZN        -       A1->ZN R     NR2OPTIBD1BWP30P140          2  2.8    19    15    1391    (-,-) 
  genblk1[0].multip/mul_153_63_g4239__8428/ZN        -       A1->ZN F     NR2OPTIBD1BWP30P140          1  1.7    12    10    1401    (-,-) 
  genblk1[0].multip/mul_153_63_g4234__5477/Z         -       A1->Z  F     OA21D1BWP30P140              1  2.1    10    16    1417    (-,-) 
  genblk1[0].multip/mul_153_63_g4232__7410/ZN        -       A1->ZN R     OAI21D2BWP30P140             3  4.6    16    13    1430    (-,-) 
  genblk1[0].multip/mul_153_63_g4231__1666/Z         -       A1->Z  R     AN2D2BWP30P140               2  2.8     8    17    1447    (-,-) 
  genblk1[0].multip/mul_153_63_g4227__9315/ZN        -       A1->ZN F     AOI21D1BWP30P140             1  1.7    16    11    1459    (-,-) 
  genblk1[0].multip/mul_153_63_g4223__5115/ZN        -       A1->ZN R     OAI21D1BWP30P140             1  1.7    16    14    1473    (-,-) 
  genblk1[0].multip/mul_153_63_g4221__6131/Z         -       A1->Z  R     AO21D1BWP30P140              1  2.5    11    18    1490    (-,-) 
  genblk1[0].multip/mul_153_63_g4220__7098/CO        -       CI->CO R     FA1D2BWP30P140               1  3.1    10    21    1512    (-,-) 
  genblk1[0].multip/mul_153_63_g4219__8246/CO        -       CI->CO R     FA1OPTCD2BWP30P140           2  3.4    11    16    1528    (-,-) 
  genblk1[0].multip/mul_153_63_g4218__5122/ZN        -       A1->ZN F     XNR2D2BWP30P140              9  9.5    18    24    1552    (-,-) 
  g15837/Z                                           -       A1->Z  F     CKAN2D1BWP30P140             8  9.9    35    32    1583    (-,-) 
  g15480/ZN                                          -       C->ZN  R     AOI221D1BWP30P140            1  1.7    36    29    1613    (-,-) 
  g15403/ZN                                          -       I->ZN  F     CKND1BWP30P140               1  1.7    14    11    1624    (-,-) 
  r_feat_reg[10][18]/D                               <<<     -      F     DFQD2BWP30P140               1    -     -     0    1624    (-,-) 
#------------------------------------------------------------------------------------------------------------------------------------------


