============================================================
  Generated by:           Genus(TM) Synthesis Solution 21.12-s068_1
  Generated on:           Jan 25 2026  11:42:16 pm
  Module:                 Conv
  Operating conditions:   ssg0p81v125c 
  Interconnect mode:      global
  Area mode:              physical library
============================================================


Path 1: MET (0 ps) Setup Check with Pin r_feat_reg[1][19]/CP->D
           View: analysis_view_0p81v_125c_capwst_slowest
          Group: clk
     Startpoint: (F) p_weight[7][1]
          Clock: (R) clk
       Endpoint: (F) r_feat_reg[1][19]/D
          Clock: (R) clk

                     Capture       Launch     
        Clock Edge:+    2000            0     
        Drv Adjust:+       0            5     
       Src Latency:+       0            0     
       Net Latency:+       0 (I)        0 (I) 
           Arrival:=    2000            5     
                                              
             Setup:-       6                  
     Required Time:=    1994                  
      Launch Clock:-       5                  
       Input Delay:-    1000                  
         Data Path:-     989                  
             Slack:=       0                  

Exceptions/Constraints:
  input_delay             1000            constraints.sdc_line_24_480_1 

#--------------------------------------------------------------------------------------------------------------------------------------
#                   Timing Point                     Flags    Arc   Edge        Cell          Fanout Load Trans Delay Arrival Instance 
#                                                                                                    (fF)  (ps)  (ps)   (ps)  Location 
#--------------------------------------------------------------------------------------------------------------------------------------
  p_weight[7][1]                                     -       -      F     (arrival)                1  1.7    12     0    1005    (-,-) 
  g15968/Z                                           -       B1->Z  F     AO22D4BWP30P140          1  2.3    12    29    1034    (-,-) 
  g13237/ZN                                          -       A2->ZN R     NR2D3BWP30P140           1  3.2    18    17    1051    (-,-) 
  g13119/ZN                                          -       A1->ZN F     ND2OPTIBD6BWP30P140      2  4.0    15    12    1063    (-,-) 
  genblk1[1].multip/mul_153_63_g5041/ZN              -       I->ZN  R     CKND4BWP30P140           7 12.3    20    17    1080    (-,-) 
  genblk1[1].multip/mul_153_63_g4911/Z               -       S->Z   F     MUX2OPTD8BWP30P140      22 23.6    22    38    1118    (-,-) 
  genblk1[1].multip/mul_153_63_g4809/ZN              -       A1->ZN R     ND2D8BWP30P140          19 17.3    22    17    1134    (-,-) 
  genblk1[1].multip/mul_153_63_g4736__5115/ZN        -       A1->ZN F     OAI22D1BWP30P140         1  2.1    42    27    1161    (-,-) 
  genblk1[1].multip/mul_153_63_cdnfadd_006_0__4319/S -       CI->S  R     FA1D1BWP30P140           1  2.6    30    84    1245    (-,-) 
  genblk1[1].multip/mul_153_63_cdnfadd_006_1__8428/S -       CI->S  R     FA1OPTCD1BWP30P140       2  2.1    27    65    1310    (-,-) 
  genblk1[1].multip/mul_153_63_g4576__8428/ZN        -       A1->ZN F     ND2D1BWP30P140           1  1.9    28    23    1333    (-,-) 
  genblk1[1].multip/mul_153_63_g4571__2398/ZN        -       A->ZN  R     MAOI222D1BWP30P140       1  1.8    43    35    1368    (-,-) 
  genblk1[1].multip/g5061/ZN                         -       B->ZN  F     IAO21D2BWP30P140         1  1.7    16    12    1380    (-,-) 
  genblk1[1].multip/mul_153_63_g4569__6417/ZN        -       B->ZN  R     IOA21D2BWP30P140         1  2.6    16    12    1392    (-,-) 
  genblk1[1].multip/mul_153_63_g4568__7410/CO        -       CI->CO R     FA1OPTCD1BWP30P140       1  2.6    24    32    1424    (-,-) 
  genblk1[1].multip/mul_153_63_g4567__1666/CO        -       CI->CO R     FA1OPTCD2BWP30P140       1  2.6    18    28    1453    (-,-) 
  genblk1[1].multip/mul_153_63_g4561__9945/CO        -       CI->CO R     FA1OPTCD2BWP30P140       1  2.1    17    26    1479    (-,-) 
  genblk1[1].multip/mul_153_63_g4551__7098/CO        -       CI->CO R     FA1D2BWP30P140           1  2.1    16    35    1514    (-,-) 
  genblk1[1].multip/mul_153_63_g4548__1705/CO        -       CI->CO R     FA1D1BWP30P140           1  2.1    21    37    1551    (-,-) 
  genblk1[1].multip/mul_153_63_g4520__1881/CO        -       CI->CO R     FA1D1BWP30P140           1  2.1    21    38    1590    (-,-) 
  genblk1[1].multip/mul_153_63_g4514__1705/CO        -       CI->CO R     FA1D1BWP30P140           1  2.1    21    38    1628    (-,-) 
  genblk1[1].multip/mul_153_63_g4512__1617/CO        -       CI->CO R     FA1D1BWP30P140           3  3.6    28    44    1672    (-,-) 
  genblk1[1].multip/mul_153_63_g4511__3680/ZN        -       A1->ZN F     ND3D1BWP30P140           2  2.5    50    36    1708    (-,-) 
  genblk1[1].multip/mul_153_63_g4509__5526/ZN        -       B2->ZN R     INR3D2BWP30P140          2  2.1    31    28    1736    (-,-) 
  genblk1[1].multip/mul_153_63_g4503__5477/ZN        -       A1->ZN F     AOI21D1BWP30P140         2  2.5    37    29    1765    (-,-) 
  genblk1[1].multip/mul_153_63_g4498__2883/ZN        -       A1->ZN F     IND2D1BWP30P140          2  2.4    31    41    1807    (-,-) 
  genblk1[1].multip/mul_153_63_g4492__5115/ZN        -       A1->ZN R     OAI221D2BWP30P140        1  2.1    34    24    1830    (-,-) 
  genblk1[1].multip/mul_153_63_g4488__8246/CO        -       CI->CO R     FA1D1BWP30P140           1  1.4    18    38    1869    (-,-) 
  genblk1[1].multip/mul_153_63_g4487__5122/Z         -       A3->Z  F     XOR3D1BWP30P140          8  7.7    46    61    1929    (-,-) 
  g15657/ZN                                          -       A1->ZN R     AOI222D1BWP30P140        1  1.8    70    48    1977    (-,-) 
  g15272/ZN                                          -       B->ZN  F     IOA21D2BWP30P140         1  1.3    25    17    1994    (-,-) 
  r_feat_reg[1][19]/D                                <<<     -      F     DFQD2BWP30P140           1    -     -     0    1994    (-,-) 
#--------------------------------------------------------------------------------------------------------------------------------------


