============================================================
  Generated by:           Genus(TM) Synthesis Solution 21.12-s068_1
  Generated on:           Jan 27 2026  06:59:46 pm
  Module:                 Conv
  Operating conditions:   ssg0p81v125c 
  Operating conditions:   tt0p9v25c 
  Operating conditions:   ffg0p99vm40c 
  Interconnect mode:      global
  Area mode:              physical library
============================================================


Path 1: MET (378 ps) Setup Check with Pin r_feat_reg[1][17]/CP->D
           View: analysis_view_0p99v_m40c_capbst_fastest
          Group: clk
     Startpoint: (F) p_weight[16][11]
          Clock: (R) clk
       Endpoint: (F) r_feat_reg[1][17]/D
          Clock: (R) clk

                     Capture       Launch     
        Clock Edge:+    2000            0     
        Drv Adjust:+       0            3     
       Src Latency:+       0            0     
       Net Latency:+       0 (I)        0 (I) 
           Arrival:=    2000            3     
                                              
             Setup:-       2                  
     Required Time:=    1998                  
      Launch Clock:-       3                  
       Input Delay:-    1000                  
         Data Path:-     617                  
             Slack:=     378                  

Exceptions/Constraints:
  input_delay             1000            tmp_sdc_analysis_vie_1_line_1403 

#---------------------------------------------------------------------------------------------------------------------------------------
#                    Timing Point                     Flags    Arc   Edge        Cell          Fanout Load Trans Delay Arrival Instance 
#                                                                                                     (fF)  (ps)  (ps)   (ps)  Location 
#---------------------------------------------------------------------------------------------------------------------------------------
  p_weight[16][11]                                    -       -      F     (arrival)                1  1.6     7     0    1003    (-,-) 
  g73088/ZN                                           -       A1->ZN R     ND2OPTIBD1BWP30P140      1  2.2    20    10    1013    (-,-) 
  g72584/ZN                                           -       B->ZN  F     IOA21D2BWP30P140         1  2.0    12     9    1023    (-,-) 
  g71687/Z                                            -       A1->Z  F     OR2D4BWP30P140          20 32.2    27    27    1050    (-,-) 
  genblk1[0].multip/mul_153_63_g4976__5107/ZN         -       A1->ZN R     XNR2D2BWP30P140         15 18.5    31    39    1089    (-,-) 
  genblk1[0].multip/mul_153_63_g4885/ZN               -       I->ZN  F     CKND1BWP30P140           3  3.8    20    17    1106    (-,-) 
  genblk1[0].multip/mul_153_63_g4730__4733/ZN         -       A2->ZN R     NR2D1BWP30P140           3  4.4    27    23    1129    (-,-) 
  genblk1[0].multip/mul_153_63_g4722/ZN               -       I->ZN  F     CKND2BWP30P140          13 15.0    30    24    1152    (-,-) 
  genblk1[0].multip/mul_153_63_g4592__5477/ZN         -       A1->ZN R     OAI22D1BWP30P140         1  2.5    26    19    1172    (-,-) 
  genblk1[0].multip/mul_153_63_cdnfadd_016_2__5115/CO -       CI->CO R     FA1D1BWP30P140           1  3.1    15    26    1198    (-,-) 
  genblk1[0].multip/mul_153_63_cdnfadd_017_3__1666/S  -       B->S   F     FA1D1BWP30P140           1  3.0    16    40    1238    (-,-) 
  genblk1[0].multip/mul_153_63_cdnfadd_017_5__6417/S  -       B->S   R     FA1D1BWP30P140           1  2.5    16    48    1286    (-,-) 
  genblk1[0].multip/mul_153_63_cdnfadd_017_6__5477/S  -       CI->S  F     FA1D1BWP30P140           2  2.8    16    39    1324    (-,-) 
  genblk1[0].multip/mul_153_63_g4512__1705/ZN         -       A1->ZN R     NR2OPTPAD1BWP30P140      3  4.3    22    18    1342    (-,-) 
  genblk1[0].multip/mul_153_63_g4502__4319/ZN         -       A2->ZN F     OAI21D1BWP30P140         2  2.7    24    19    1362    (-,-) 
  genblk1[0].multip/mul_153_63_g4497__6417/Z          -       A2->Z  F     AO21D1BWP30P140          1  2.3    11    21    1383    (-,-) 
  genblk1[0].multip/mul_153_63_g4461__6417/ZN         -       B2->ZN R     AOI221D2BWP30P140        3  4.9    32    26    1409    (-,-) 
  genblk1[0].multip/mul_153_63_g4455__9315/ZN         -       A3->ZN F     OAI31D2BWP30P140         1  3.0    20    15    1424    (-,-) 
  genblk1[0].multip/mul_153_63_g4452__7482/CO         -       CI->CO F     FA1OPTCD2BWP30P140       1  3.0    10    17    1441    (-,-) 
  genblk1[0].multip/mul_153_63_g4451__5115/CO         -       CI->CO F     FA1OPTCD2BWP30P140       3  4.7    12    17    1458    (-,-) 
  genblk1[0].multip/mul_153_63_g4447__8246/ZN         -       A1->ZN R     AOI21D1BWP30P140         1  1.9    20    14    1472    (-,-) 
  genblk1[0].multip/mul_153_63_g2__1617/ZN            -       A2->ZN F     XNR2D1BWP30P140          5  5.6    20    32    1503    (-,-) 
  g76213/ZN                                           -       A1->ZN R     CKND2D1BWP30P140        11 13.8    86    52    1555    (-,-) 
  g75885/ZN                                           -       I->ZN  F     CKND1BWP30P140           4  5.1    36    27    1582    (-,-) 
  g75806/ZN                                           -       B->ZN  R     AOI21D1BWP30P140         2  2.8    23    25    1607    (-,-) 
  g74591/ZN                                           -       A1->ZN F     ND2D1BWP30P140           1  1.7    16    13    1620    (-,-) 
  r_feat_reg[1][17]/D                                 <<<     -      F     DFQD2BWP30P140           1    -     -     0    1620    (-,-) 
#---------------------------------------------------------------------------------------------------------------------------------------


