============================================================
  Generated by:           Genus(TM) Synthesis Solution 21.12-s068_1
  Generated on:           Jan 27 2026  06:59:23 pm
  Module:                 Conv
  Operating conditions:   ssg0p81v125c 
  Interconnect mode:      global
  Area mode:              physical library
============================================================


Path 1: MET (0 ps) Late External Delay Assertion at pin p_output[0][18]
           View: analysis_view_0p81v_125c_capwst_slowest
          Group: clk
     Startpoint: (R) r_feat_reg[2][3]/CP
          Clock: (R) clk
       Endpoint: (F) p_output[0][18]
          Clock: (R) clk

                     Capture       Launch     
        Clock Edge:+    2000            0     
       Src Latency:+       0            0     
       Net Latency:+       0 (I)        0 (I) 
           Arrival:=    2000            0     
                                              
      Output Delay:-    1000                  
     Required Time:=    1000                  
      Launch Clock:-       0                  
         Data Path:-    1000                  
             Slack:=       0                  

Exceptions/Constraints:
  output_delay             1000            constraints.sdc_line_25_2003_1 

#------------------------------------------------------------------------------------------------------------------------------------------------
#                         Timing Point                          Flags    Arc   Edge        Cell         Fanout Load Trans Delay Arrival Instance 
#                                                                                                              (fF)  (ps)  (ps)   (ps)  Location 
#------------------------------------------------------------------------------------------------------------------------------------------------
  r_feat_reg[2][3]/CP                                           -       -      R     (arrival)             320    -     0     0       0    (-,-) 
  r_feat_reg[2][3]/Q                                            -       CP->Q  F     DFQD2BWP30P140         11 14.0    39    79      79    (-,-) 
  inv/matrix_a1/g4554/Z                                         -       A2->Z  F     XOR3UD1BWP30P140        2  2.3    36    81     161    (-,-) 
  inv/matrix_a1/g4543/Z                                         -       A1->Z  R     XOR3D2BWP30P140         1  3.6    19    74     235    (-,-) 
  inv/matrix_a1/WALLACE_CSA_DUMMY_OP_groupi574_g3977/CO         -       B->CO  R     FA1OPTCD2BWP30P140      2  3.1    20    52     286    (-,-) 
  inv/matrix_a1/WALLACE_CSA_DUMMY_OP_groupi574_g3975/ZN         -       A1->ZN F     AOI21D2BWP30P140        2  2.6    22    18     304    (-,-) 
  inv/matrix_a1/g4539/ZN                                        -       A1->ZN F     IAO21D2BWP30P140        2  3.0    16    32     337    (-,-) 
  inv/matrix_a1/WALLACE_CSA_DUMMY_OP_groupi574_g3969/ZN         -       A1->ZN R     OAI21D2BWP30P140        1  2.6    21    18     354    (-,-) 
  inv/matrix_a1/WALLACE_CSA_DUMMY_OP_groupi574_g3968/CO         -       CI->CO R     FA1OPTCD1BWP30P140      1  2.6    24    34     388    (-,-) 
  inv/matrix_a1/WALLACE_CSA_DUMMY_OP_groupi574_g3967/CO         -       CI->CO R     FA1OPTCD2BWP30P140      1  2.6    18    28     416    (-,-) 
  inv/matrix_a1/WALLACE_CSA_DUMMY_OP_groupi574_g3966/CO         -       CI->CO R     FA1OPTCD2BWP30P140      1  2.6    18    27     443    (-,-) 
  inv/matrix_a1/WALLACE_CSA_DUMMY_OP_groupi574_g3965/CO         -       CI->CO R     FA1OPTCD2BWP30P140      1  2.6    18    27     470    (-,-) 
  inv/matrix_a1/WALLACE_CSA_DUMMY_OP_groupi574_g3964/CO         -       CI->CO R     FA1OPTCD1BWP30P140      1  2.6    24    33     503    (-,-) 
  inv/matrix_a1/WALLACE_CSA_DUMMY_OP_groupi574_g3963/CO         -       CI->CO R     FA1OPTCD1BWP30P140      1  2.6    24    34     537    (-,-) 
  inv/matrix_a1/WALLACE_CSA_DUMMY_OP_groupi574_g3962/CO         -       CI->CO R     FA1OPTCD1BWP30P140      1  2.6    24    34     571    (-,-) 
  inv/matrix_a1/WALLACE_CSA_DUMMY_OP_groupi574_g3961/CO         -       CI->CO R     FA1OPTCD1BWP30P140      1  2.6    24    34     606    (-,-) 
  inv/matrix_a1/WALLACE_CSA_DUMMY_OP_groupi574_g3960/CO         -       CI->CO R     FA1OPTCD1BWP30P140      2  2.7    25    35     640    (-,-) 
  inv/matrix_a1/WALLACE_CSA_DUMMY_OP_groupi574_g3957/ZN         -       A1->ZN F     AOI21D1BWP30P140        2  2.6    36    28     668    (-,-) 
  inv/matrix_a1/WALLACE_CSA_DUMMY_OP_groupi574_g3955/Z          -       A1->Z  F     XOR2UD1BWP30P140        1  2.1    38    35     703    (-,-) 
  inv/matrix_a0/WALLACE_CSA_DUMMY_OP_groupi135_cdnfadd_017_0/CO -       CI->CO F     FA1D1BWP30P140          1  2.1    22    49     752    (-,-) 
  inv/matrix_a0/WALLACE_CSA_DUMMY_OP_groupi135_cdnfadd_018_1/S  -       CI->S  F     FA1D1BWP30P140          1  2.1    26    66     818    (-,-) 
  inv/matrix_a0/WALLACE_CSA_DUMMY_OP_groupi135_cdnfadd_018_2/S  -       CI->S  R     FA1D1BWP30P140          2  2.1    27    76     894    (-,-) 
  inv/matrix_a0/WALLACE_CSA_DUMMY_OP_groupi135_g886/ZN          -       A1->ZN F     NR2D1BWP30P140          2  2.5    21    19     913    (-,-) 
  inv/matrix_a0/WALLACE_CSA_DUMMY_OP_groupi135_g854/ZN          -       A1->ZN F     IND2D1BWP30P140         1  1.4    23    31     944    (-,-) 
  inv/matrix_a0/WALLACE_CSA_DUMMY_OP_groupi135_g2/Z             -       A2->Z  F     XOR2UD1BWP30P140        1  4.8    69    55    1000    (-,-) 
  p_output[0][18]                                               <<<     -      F     (port)                  -    -     -     0    1000    (-,-) 
#------------------------------------------------------------------------------------------------------------------------------------------------


