============================================================
  Generated by:           Genus(TM) Synthesis Solution 21.12-s068_1
  Generated on:           Oct 07 2026  02:25:10 am
  Module:                 Conv
  Library domain:         timing_cond_0p81v_125c
    Domain index:         0
    Technology library:   tcbn28hpcplusbwp30p140ssg0p81v125c 110
  Operating conditions:   ssg0p81v125c 
  Interconnect mode:      global
  Area mode:              physical library
============================================================

                 Instance                           Module           Cell Count  Cell Area  Net Area   Total Area 
------------------------------------------------------------------------------------------------------------------
Conv                                                                      29466  36876.924 14762.122    51639.046 
  INVERSE_ROW_BATCH[0].inverse_row        InverseRow                        251    439.740    98.662      538.402 
  INVERSE_ROW_BATCH[1].inverse_row        InverseRow_825                    251    439.740    98.662      538.402 
  INVERSE_ROW_BATCH[2].inverse_row        InverseRow_824                    251    439.740    98.662      538.402 
  INVERSE_ROW_BATCH[3].inverse_row        InverseRow_823                    251    439.740    98.662      538.402 
  MAC_LANES[0].multip                     Multip                            416    428.022   170.670      598.692 
  MAC_LANES[1].multip                     Multip_856                        416    428.022   170.670      598.692 
  MAC_LANES[2].multip                     Multip_855                        416    428.022   170.670      598.692 
  MAC_LANES[3].multip                     Multip_854                        387    412.524   160.632      573.156 
  MAC_LANES[4].multip                     Multip_853                        416    428.022   170.670      598.692 
  MAC_LANES[5].multip                     Multip_852                        416    428.022   170.670      598.692 
  MAC_LANES[6].multip                     Multip_851                        387    412.524   160.632      573.156 
  MAC_LANES[7].multip                     Multip_850                        416    428.022   170.670      598.692 
  MAC_LANES[8].multip                     Multip_849                        416    428.022   170.670      598.692 
  MAC_LANES[9].multip                     Multip_848                        416    428.022   170.670      598.692 
  MAC_LANES[10].multip                    Multip_847                        416    428.022   170.670      598.692 
  MAC_LANES[11].multip                    Multip_846                        416    428.022   170.670      598.692 
  MAC_LANES[12].multip                    Multip_845                        416    428.022   170.670      598.692 
  MAC_LANES[13].multip                    Multip_844                        416    428.022   170.670      598.692 
  MAC_LANES[14].multip                    Multip_843                        416    428.022   170.670      598.692 
  MAC_LANES[15].multip                    Multip_842                        416    428.022   170.670      598.692 
  MAC_LANES[16].multip                    Multip_841                        416    428.022   170.670      598.692 
  MAC_LANES[17].multip                    Multip_840                        416    428.022   170.670      598.692 
  MAC_LANES[18].multip                    Multip_839                        416    428.022   170.670      598.692 
  MAC_LANES[19].multip                    Multip_838                        416    428.022   170.670      598.692 
  MAC_LANES[20].multip                    Multip_837                        416    428.022   170.670      598.692 
  MAC_LANES[21].multip                    Multip_836                        416    428.022   170.670      598.692 
  MAC_LANES[22].multip                    Multip_835                        416    428.022   170.670      598.692 
  MAC_LANES[23].multip                    Multip_834                        416    428.022   170.670      598.692 
  MAC_LANES[24].multip                    Multip_833                        416    428.022   170.670      598.692 
  MAC_LANES[25].multip                    Multip_832                        416    428.022   170.670      598.692 
  MAC_LANES[26].multip                    Multip_831                        416    428.022   170.670      598.692 
  MAC_LANES[27].multip                    Multip_830                        387    412.524   160.632      573.156 
  MAC_LANES[28].multip                    Multip_829                        416    428.022   170.670      598.692 
  MAC_LANES[29].multip                    Multip_828                        416    428.022   170.670      598.692 
  MAC_LANES[30].multip                    Multip_827                        387    412.524   160.632      573.156 
  MAC_LANES[31].multip                    Multip_826                        416    428.022   170.670      598.692 
  WEIGHT_TRANSFORM_ROWS[0].weight_trf_row WeightTransformRowConst           213    228.942    48.704      277.646 
  WEIGHT_TRANSFORM_ROWS[1].weight_trf_row WeightTransformRowConst_0         406    568.008   140.756      708.764 
  WEIGHT_TRANSFORM_ROWS[2].weight_trf_row WeightTransformRowConst_1         536    770.742   224.497      995.239 
  WEIGHT_TRANSFORM_ROWS[3].weight_trf_row WeightTransformRowConst_2         211    222.390    48.956      271.346 
  WEIGHT_TRANSFORM_ROWS[4].weight_trf_row WeightTransformRowConst_3         432    573.048   156.395      729.443 
  WEIGHT_TRANSFORM_ROWS[5].weight_trf_row WeightTransformRowConst_4         597    788.130   241.844     1029.974 
  WEIGHT_TRANSFORM_ROWS[6].weight_trf_row WeightTransformRowConst_5         211    222.390    49.079      271.469 
  WEIGHT_TRANSFORM_ROWS[7].weight_trf_row WeightTransformRowConst_6         213    228.942    48.581      277.523 
  inverse_row_acc                         InverseRowAccumulate             1532   2145.654   624.372     2770.026 
  trf                                     Transform                        3619   5360.922  1503.906     6864.828 
    matrix_c0                             MatrixC0                         1657   2474.892   540.256     3015.148 
    matrix_c1                             MatrixC1                         1962   2886.030   638.925     3524.955 
