============================================================
  Generated by:           Genus(TM) Synthesis Solution 21.12-s068_1
  Generated on:           Oct 10 2026  11:54:03 am
  Module:                 Conv
  Operating conditions:   ssg0p81v125c 
  Interconnect mode:      global
  Area mode:              physical library
============================================================


Path 1: MET (3 ps) Late External Delay Assertion at pin p_output_data_write[79]
           View: analysis_view_0p81v_125c_capwst_slowest
          Group: clk
     Startpoint: (R) r_output_write_count_reg[1]/CP
          Clock: (R) clk
       Endpoint: (F) p_output_data_write[79]
          Clock: (R) clk

                     Capture       Launch     
        Clock Edge:+    2000            0     
       Src Latency:+       0            0     
       Net Latency:+       0 (I)        0 (I) 
           Arrival:=    2000            0     
                                              
      Output Delay:-    1000                  
     Required Time:=    1000                  
      Launch Clock:-       0                  
         Data Path:-     997                  
             Slack:=       3                  

Exceptions/Constraints:
  output_delay             1000            constraints.sdc_line_25_238_1 

#------------------------------------------------------------------------------------------------------------------
#         Timing Point           Flags    Arc   Edge        Cell         Fanout  Load Trans Delay Arrival Instance 
#                                                                                (fF)  (ps)  (ps)   (ps)  Location 
#------------------------------------------------------------------------------------------------------------------
  r_output_write_count_reg[1]/CP -       -      R     (arrival)               4     -     0     0       0    (-,-) 
  r_output_write_count_reg[1]/QN -       CP->QN F     DFCND2BWP30P140         3   6.8    22    76      76    (-,-) 
  g148993/ZN                     -       A1->ZN R     ND2D2BWP30P140          5   8.6    28    24     100    (-,-) 
  g148670/ZN                     -       I->ZN  F     INVD9BWP30P140        156 135.7    81    55     155    (-,-) 
  g148206/ZN                     -       A1->ZN R     AOI22D1BWP30P140        1   1.3    39    38     193    (-,-) 
  g147710/ZN                     -       A2->ZN F     ND2D1BWP30P140          1   2.4    35    28     220    (-,-) 
  add_979_76_I4_g1258/CO         -       B->CO  F     HA1D1BWP30P140          1   2.1    15    29     249    (-,-) 
  add_979_76_I4_g1257/CO         -       CI->CO F     FA1D1BWP30P140          1   2.1    22    41     290    (-,-) 
  add_979_76_I4_g1256/CO         -       CI->CO F     FA1D2BWP30P140          1   2.5    19    43     333    (-,-) 
  add_979_76_I4_g1255/CO         -       CI->CO F     FA1OPTCD1BWP30P140      1   2.5    23    32     365    (-,-) 
  add_979_76_I4_g1254/CO         -       CI->CO F     FA1OPTCD1BWP30P140      1   2.1    21    32     396    (-,-) 
  add_979_76_I4_g1253/CO         -       CI->CO F     FA1D1BWP30P140          1   2.1    22    43     440    (-,-) 
  add_979_76_I4_g1252/CO         -       CI->CO F     FA1D1BWP30P140          1   2.1    22    43     483    (-,-) 
  add_979_76_I4_g1251/CO         -       CI->CO F     FA1D1BWP30P140          3   3.5    28    48     531    (-,-) 
  add_979_76_I4_g1249/Z          -       A1->Z  F     AO21D1BWP30P140         1   2.1    18    31     562    (-,-) 
  add_979_76_I4_g1246/CO         -       CI->CO F     FA1D1BWP30P140          1   2.1    22    42     603    (-,-) 
  add_979_76_I4_g1245/CO         -       CI->CO F     FA1D1BWP30P140          1   2.1    22    43     647    (-,-) 
  add_979_76_I4_g1244/CO         -       CI->CO F     FA1D1BWP30P140          1   2.1    22    43     690    (-,-) 
  add_979_76_I4_g1243/CO         -       CI->CO F     FA1D1BWP30P140          1   2.1    22    43     734    (-,-) 
  add_979_76_I4_g1242/CO         -       CI->CO F     FA1D1BWP30P140          1   2.1    22    43     777    (-,-) 
  add_979_76_I4_g1241/CO         -       CI->CO F     FA1D1BWP30P140          1   2.1    22    43     820    (-,-) 
  add_979_76_I4_g1240/CO         -       CI->CO F     FA1D1BWP30P140          1   2.1    22    43     864    (-,-) 
  add_979_76_I4_g1239/CO         -       CI->CO F     FA1D1BWP30P140          1   2.1    22    43     907    (-,-) 
  add_979_76_I4_g1238/CO         -       CI->CO F     FA1D1BWP30P140          1   1.3    18    40     947    (-,-) 
  add_979_76_I4_g1237/Z          -       A3->Z  F     XOR3UD1BWP30P140        1   4.8    58    50     997    (-,-) 
  p_output_data_write[79]        <<<     -      F     (port)                  -     -     -     0     997    (-,-) 
#------------------------------------------------------------------------------------------------------------------


