============================================================
  Generated by:           Genus(TM) Synthesis Solution 21.12-s068_1
  Generated on:           Oct 10 2026  11:54:21 am
  Module:                 Conv
  Operating conditions:   ssg0p81v125c 
  Operating conditions:   tt0p9v25c 
  Operating conditions:   ffg0p99vm40c 
  Interconnect mode:      global
  Area mode:              physical library
============================================================


Path 1: MET (411 ps) Late External Delay Assertion at pin p_output_data_write[39]
           View: analysis_view_0p99v_m40c_capbst_fastest
          Group: clk
     Startpoint: (R) r_output_write_count_reg[0]/CP
          Clock: (R) clk
       Endpoint: (R) p_output_data_write[39]
          Clock: (R) clk

                     Capture       Launch     
        Clock Edge:+    2000            0     
       Src Latency:+       0            0     
       Net Latency:+       0 (I)        0 (I) 
           Arrival:=    2000            0     
                                              
      Output Delay:-    1000                  
     Required Time:=    1000                  
      Launch Clock:-       0                  
         Data Path:-     589                  
             Slack:=     411                  

Exceptions/Constraints:
  output_delay             1000            tmp_sdc_analysis_vie_1_line_539 

#----------------------------------------------------------------------------------------------------------------
#         Timing Point           Flags    Arc   Edge       Cell        Fanout  Load Trans Delay Arrival Instance 
#                                                                              (fF)  (ps)  (ps)   (ps)  Location 
#----------------------------------------------------------------------------------------------------------------
  r_output_write_count_reg[0]/CP -       -      R     (arrival)             4     -     0     0       0    (-,-) 
  r_output_write_count_reg[0]/QN -       CP->QN F     DFCND2BWP30P140       3   5.9    12    44      44    (-,-) 
  g148994/ZN                     -       A2->ZN R     NR2D4BWP30P140       76  91.6   124    76     120    (-,-) 
  g148688/ZN                     -       I->ZN  F     CKND1BWP30P140        2   3.3    36    22     142    (-,-) 
  g148684/ZN                     -       I->ZN  R     CKND2BWP30P140       85 103.0   172   112     254    (-,-) 
  g148063/ZN                     -       B1->ZN F     AOI22D1BWP30P140      1   1.7    46    26     280    (-,-) 
  g147721/ZN                     -       A2->ZN R     CKND2D1BWP30P140      1   3.2    28    28     307    (-,-) 
  add_979_76_I2_g1251/CO         -       A->CO  R     FA1D1BWP30P140        3   4.5    20    31     338    (-,-) 
  add_979_76_I2_g1249/Z          -       A1->Z  R     AO21D1BWP30P140       1   2.5    11    18     356    (-,-) 
  add_979_76_I2_g1246/CO         -       CI->CO R     FA1D1BWP30P140        1   2.5    14    22     378    (-,-) 
  add_979_76_I2_g1245/CO         -       CI->CO R     FA1D1BWP30P140        1   2.5    14    22     401    (-,-) 
  add_979_76_I2_g1244/CO         -       CI->CO R     FA1D1BWP30P140        1   2.5    14    22     423    (-,-) 
  add_979_76_I2_g1243/CO         -       CI->CO R     FA1D1BWP30P140        1   2.5    14    22     445    (-,-) 
  add_979_76_I2_g1242/CO         -       CI->CO R     FA1D1BWP30P140        1   2.5    14    22     468    (-,-) 
  add_979_76_I2_g1241/CO         -       CI->CO R     FA1D1BWP30P140        1   2.5    14    22     490    (-,-) 
  add_979_76_I2_g1240/CO         -       CI->CO R     FA1D1BWP30P140        1   2.5    14    22     513    (-,-) 
  add_979_76_I2_g1239/CO         -       CI->CO R     FA1D1BWP30P140        1   2.5    14    22     535    (-,-) 
  add_979_76_I2_g1238/CO         -       CI->CO R     FA1D1BWP30P140        1   1.8    11    21     556    (-,-) 
  add_979_76_I2_g1237/Z          -       A3->Z  R     XOR3UD1BWP30P140      1   5.2    39    33     589    (-,-) 
  p_output_data_write[39]        <<<     -      R     (port)                -     -     -     0     589    (-,-) 
#----------------------------------------------------------------------------------------------------------------


