============================================================
  Generated by:           Genus(TM) Synthesis Solution 21.12-s068_1
  Generated on:           Oct 10 2026  11:54:03 am
  Module:                 Conv
  Library domain:         timing_cond_0p81v_125c
    Domain index:         0
    Technology library:   tcbn28hpcplusbwp30p140ssg0p81v125c 110
  Operating conditions:   ssg0p81v125c 
  Interconnect mode:      global
  Area mode:              physical library
============================================================

             Instance                     Module         Cell Count  Cell Area  Net Area   Total Area 
------------------------------------------------------------------------------------------------------
Conv                                                          20411  26394.732 10401.909    36796.641 
  INVERSE_ROW_BATCH[0].inverse_row InverseRow                   283    523.656   113.649      637.305 
  MAC_LANES[0].multip              MultipWideWeight             674    737.478   285.606     1023.084 
  MAC_LANES[1].multip              MultipWideWeight_594         674    737.478   285.606     1023.084 
  MAC_LANES[2].multip              MultipWideWeight_593         674    737.478   285.606     1023.084 
  MAC_LANES[3].multip              MultipWideWeight_592         674    737.478   285.606     1023.084 
  MAC_LANES[4].multip              MultipWideWeight_591         674    737.478   285.606     1023.084 
  MAC_LANES[5].multip              MultipWideWeight_590         674    737.478   285.606     1023.084 
  inverse_row_acc                  InverseRowAccumulate        1733   1689.282   697.325     2386.607 
  trf                              Transform                   4878   8540.028  2351.650    10891.678 
    matrix_c0                      MatrixC0                    2406   4207.140   993.674     5200.814 
    matrix_c1                      MatrixC1                    2472   4332.888  1031.376     5364.264 
