============================================================
  Generated by:           Genus(TM) Synthesis Solution 21.12-s068_1
  Generated on:           Oct 03 2026  11:19:37 am
  Module:                 Conv
  Operating conditions:   ssg0p81v125c 
  Operating conditions:   tt0p9v25c 
  Operating conditions:   ffg0p99vm40c 
  Interconnect mode:      global
  Area mode:              physical library
============================================================


Path 1: MET (401 ps) Late External Delay Assertion at pin p_output_data_write[19]
           View: analysis_view_0p99v_m40c_capbst_fastest
          Group: clk
     Startpoint: (R) r_output_write_count_reg[2]/CP
          Clock: (R) clk
       Endpoint: (F) p_output_data_write[19]
          Clock: (R) clk

                     Capture       Launch     
        Clock Edge:+    2000            0     
       Src Latency:+       0            0     
       Net Latency:+       0 (I)        0 (I) 
           Arrival:=    2000            0     
                                              
      Output Delay:-    1000                  
     Required Time:=    1000                  
      Launch Clock:-       0                  
         Data Path:-     599                  
             Slack:=     401                  

Exceptions/Constraints:
  output_delay             1000            tmp_sdc_analysis_vie_1_line_375 

#-----------------------------------------------------------------------------------------------------------------
#         Timing Point           Flags    Arc   Edge        Cell         Fanout Load Trans Delay Arrival Instance 
#                                                                               (fF)  (ps)  (ps)   (ps)  Location 
#-----------------------------------------------------------------------------------------------------------------
  r_output_write_count_reg[2]/CP -       -      R     (arrival)               4    -     0     0       0    (-,-) 
  r_output_write_count_reg[2]/QN -       CP->QN R     DFCND1BWP30P140         2  3.0    13    47      47    (-,-) 
  g54555/ZN                      -       A2->ZN F     NR2D1BWP30P140          4  7.7    27    20      67    (-,-) 
  g54508/Z                       -       A2->Z  F     AN2D4BWP30P140         37 41.4    34    33      99    (-,-) 
  g54324/ZN                      -       I->ZN  R     CKND1BWP30P140          4  5.3    26    23     123    (-,-) 
  g53033/ZN                      -       B1->ZN F     OAI22D1BWP30P140        1  1.7    19    18     140    (-,-) 
  g52792/ZN                      -       A1->ZN R     NR2D1BWP30P140          1  1.7    15    14     154    (-,-) 
  g52611/ZN                      -       A2->ZN F     ND3D1BWP30P140          2  2.7    27    20     174    (-,-) 
  add_758_69_g483/Z              -       A2->Z  F     CKAN2D1BWP30P140        2  3.5    14    24     198    (-,-) 
  add_758_69_g480/CO             -       CI->CO F     FA1D1BWP30P140          1  3.0    15    26     224    (-,-) 
  add_758_69_g479/CO             -       CI->CO F     FA1OPTCD2BWP30P140      1  3.0    10    16     240    (-,-) 
  add_758_69_g478/CO             -       CI->CO F     FA1OPTCD1BWP30P140      1  3.0    14    18     258    (-,-) 
  add_758_69_g477/CO             -       CI->CO F     FA1OPTCD1BWP30P140      1  3.0    14    20     278    (-,-) 
  add_758_69_g476/CO             -       CI->CO F     FA1OPTCD1BWP30P140      1  3.0    14    20     297    (-,-) 
  add_758_69_g475/CO             -       CI->CO F     FA1OPTCD1BWP30P140      1  2.4    12    18     316    (-,-) 
  add_758_69_g474/CO             -       CI->CO F     FA1D1BWP30P140          1  3.0    14    25     341    (-,-) 
  add_758_69_g473/CO             -       CI->CO F     FA1OPTCD1BWP30P140      1  3.0    14    20     360    (-,-) 
  add_758_69_g472/CO             -       CI->CO F     FA1OPTCD1BWP30P140      1  3.0    14    20     380    (-,-) 
  add_758_69_g471/CO             -       CI->CO F     FA1OPTCD1BWP30P140      1  3.0    14    20     399    (-,-) 
  add_758_69_g470/CO             -       CI->CO F     FA1OPTCD1BWP30P140      1  3.0    14    20     419    (-,-) 
  add_758_69_g469/CO             -       CI->CO F     FA1OPTCD1BWP30P140      1  3.0    14    20     438    (-,-) 
  add_758_69_g468/CO             -       CI->CO F     FA1OPTCD1BWP30P140      1  3.0    14    20     458    (-,-) 
  add_758_69_g467/CO             -       CI->CO F     FA1OPTCD1BWP30P140      1  2.4    12    18     476    (-,-) 
  add_758_69_g466/CO             -       CI->CO F     FA1D1BWP30P140          1  2.4    12    24     500    (-,-) 
  add_758_69_g465/CO             -       CI->CO F     FA1D1BWP30P140          1  2.4    12    24     525    (-,-) 
  add_758_69_g464/CO             -       CI->CO F     FA1D1BWP30P140          1  2.4    12    24     549    (-,-) 
  add_758_69_g463/CO             -       CI->CO F     FA1D1BWP30P140          1  2.2    12    24     573    (-,-) 
  add_758_69_g462/Z              -       A1->Z  F     XOR2UD1BWP30P140        1  5.2    43    26     599    (-,-) 
  p_output_data_write[19]        <<<     -      F     (port)                  -    -     -     0     599    (-,-) 
#-----------------------------------------------------------------------------------------------------------------


