============================================================
  Generated by:           Genus(TM) Synthesis Solution 21.12-s068_1
  Generated on:           Jan 28 2026  02:54:42 am
  Module:                 System
  Operating conditions:   ssg0p81v125c 
  Operating conditions:   tt0p9v25c 
  Operating conditions:   ffg0p99vm40c 
  Interconnect mode:      global
  Area mode:              physical library
============================================================


Path 1: MET (396 ps) Late External Delay Assertion at pin p_output_data_write[19]
           View: analysis_view_0p99v_m40c_capbst_fastest
          Group: clk
     Startpoint: (R) control/r_addr_count_write_out_reg[2]/CP
          Clock: (R) clk
       Endpoint: (F) p_output_data_write[19]
          Clock: (R) clk

                     Capture       Launch     
        Clock Edge:+    2000            0     
       Src Latency:+       0            0     
       Net Latency:+       0 (I)        0 (I) 
           Arrival:=    2000            0     
                                              
      Output Delay:-    1000                  
     Required Time:=    1000                  
      Launch Clock:-       0                  
         Data Path:-     604                  
             Slack:=     396                  

Exceptions/Constraints:
  output_delay             1000            tmp_sdc_analysis_vie_1_line_409 

#----------------------------------------------------------------------------------------------------------------------------
#              Timing Point                Flags    Arc   Edge        Cell          Fanout Load Trans Delay Arrival Instance 
#                                                                                          (fF)  (ps)  (ps)   (ps)  Location 
#----------------------------------------------------------------------------------------------------------------------------
  control/r_addr_count_write_out_reg[2]/CP -       -      R     (arrival)                4    -     0     0       0    (-,-) 
  control/r_addr_count_write_out_reg[2]/Q  -       CP->Q  F     DFKCND1BWP30P140         4  5.2    19    45      45    (-,-) 
  control/g44903__7410/ZN                  -       A1->ZN R     NR2D1BWP30P140           4  6.0    36    27      72    (-,-) 
  control/g44844__1617/ZN                  -       A2->ZN F     ND2D1BWP30P140           5  8.9    51    36     108    (-,-) 
  control/g44661/ZN                        -       I->ZN  R     INVD6BWP30P140          36 43.0    32    29     137    (-,-) 
  control/g44370__9945/ZN                  -       B1->ZN F     AOI22D1BWP30P140         1  1.7    22    18     156    (-,-) 
  control/g44203__6260/ZN                  -       A1->ZN R     ND2D1BWP30P140           1  1.7    12    11     167    (-,-) 
  control/g44118__6260/ZN                  -       A2->ZN F     NR2OPTIBD1BWP30P140      1  1.7    10     9     176    (-,-) 
  control/g43612__1881/ZN                  -       A1->ZN R     ND3D1BWP30P140           2  2.6    17    11     187    (-,-) 
  control/add_1022_65_g483/Z               -       A1->Z  R     CKAN2D1BWP30P140         2  3.6    14    19     206    (-,-) 
  control/add_1022_65_g480/CO              -       CI->CO R     FA1D1BWP30P140           1  3.1    15    24     230    (-,-) 
  control/add_1022_65_g479/CO              -       CI->CO R     FA1OPTCD2BWP30P140       1  3.1    11    16     247    (-,-) 
  control/add_1022_65_g478/CO              -       CI->CO R     FA1OPTCD2BWP30P140       1  3.0    11    16     262    (-,-) 
  control/add_1022_65_g477/CO              -       CI->CO R     FA1OPTCD1BWP30P140       1  3.0    15    19     282    (-,-) 
  control/add_1022_65_g476/CO              -       CI->CO R     FA1OPTCD1BWP30P140       1  3.0    15    20     302    (-,-) 
  control/add_1022_65_g475/CO              -       CI->CO R     FA1OPTCD1BWP30P140       1  3.0    15    20     322    (-,-) 
  control/add_1022_65_g474/CO              -       CI->CO R     FA1OPTCD1BWP30P140       1  3.0    15    20     342    (-,-) 
  control/add_1022_65_g473/CO              -       CI->CO R     FA1OPTCD1BWP30P140       1  3.0    15    20     362    (-,-) 
  control/add_1022_65_g472/CO              -       CI->CO R     FA1OPTCD1BWP30P140       1  3.0    15    20     382    (-,-) 
  control/add_1022_65_g471/CO              -       CI->CO R     FA1OPTCD1BWP30P140       1  3.0    15    20     402    (-,-) 
  control/add_1022_65_g470/CO              -       CI->CO R     FA1OPTCD1BWP30P140       1  2.5    13    19     421    (-,-) 
  control/add_1022_65_g469/CO              -       CI->CO R     FA1D1BWP30P140           1  3.1    15    24     444    (-,-) 
  control/add_1022_65_g468/CO              -       CI->CO R     FA1OPTCD2BWP30P140       1  3.0    11    16     461    (-,-) 
  control/add_1022_65_g467/CO              -       CI->CO R     FA1OPTCD1BWP30P140       1  3.0    15    19     480    (-,-) 
  control/add_1022_65_g466/CO              -       CI->CO R     FA1OPTCD1BWP30P140       1  2.5    13    19     499    (-,-) 
  control/add_1022_65_g465/CO              -       CI->CO R     FA1D1BWP30P140           1  2.5    13    22     521    (-,-) 
  control/add_1022_65_g464/CO              -       CI->CO R     FA1D1BWP30P140           1  2.5    13    22     544    (-,-) 
  control/add_1022_65_g463/CO              -       CI->CO R     FA1D1BWP30P140           1  1.9    12    21     565    (-,-) 
  control/g45032/Z                         -       A1->Z  F     XOR3D2BWP30P140          1  5.2    12    40     604    (-,-) 
  p_output_data_write[19]                  <<<     -      F     (port)                   -    -     -     0     604    (-,-) 
#----------------------------------------------------------------------------------------------------------------------------


