============================================================
  Generated by:           Genus(TM) Synthesis Solution 21.12-s068_1
  Generated on:           Jan 28 2026  02:54:24 am
  Module:                 System
  Library domain:         timing_cond_0p81v_125c
    Domain index:         0
    Technology library:   tcbn28hpcplusbwp30p140ssg0p81v125c 110
  Operating conditions:   ssg0p81v125c 
  Interconnect mode:      global
  Area mode:              physical library
============================================================

       Instance         Module    Cell Count  Cell Area  Net Area   Total Area 
-------------------------------------------------------------------------------
System                                 21402  28501.956 11383.281    39885.237 
  control             Control           3857   5714.478  1331.043     7045.521 
  conv                Conv             17545  22787.478  9376.943    32164.421 
    genblk1[0].multip Multip             591    606.942   250.944      857.886 
    genblk1[1].multip Multip_323         563    595.476   235.984      831.460 
    genblk1[2].multip Multip_322         595    605.052   251.578      856.630 
    genblk1[3].multip Multip_321         580    602.910   245.214      848.124 
    genblk1[4].multip Multip_320         580    603.036   245.214      848.250 
    genblk1[5].multip Multip_319         595    605.178   251.332      856.510 
    inv               Inverse           3023   5617.080  1439.278     7056.358 
      matrix_a0       MatrixA0          1214   2246.580   489.295     2735.875 
      matrix_a1       MatrixA1          1809   3370.500   728.746     4099.246 
    mux_mult          MuxMult             24     24.192     5.006       29.198 
    trf               Transform         4830   8529.192  2337.472    10866.664 
      matrix_c0       MatrixC0          2406   4207.140   993.674     5200.814 
      matrix_c1       MatrixC1          2424   4322.052  1022.974     5345.026 
