============================================================
  Generated by:           Genus(TM) Synthesis Solution 21.12-s068_1
  Generated on:           Aug 30 2026  06:58:52 pm
  Module:                 Conv
  Operating conditions:   ssg0p81v125c 
  Operating conditions:   tt0p9v25c 
  Operating conditions:   ffg0p99vm40c 
  Interconnect mode:      global
  Area mode:              physical library
============================================================


Path 1: MET (424 ps) Late External Delay Assertion at pin p_output_data_write[19]
           View: analysis_view_0p99v_m40c_capbst_fastest
          Group: clk
     Startpoint: (R) r_output_write_count_reg[0]/CP
          Clock: (R) clk
       Endpoint: (F) p_output_data_write[19]
          Clock: (R) clk

                     Capture       Launch     
        Clock Edge:+    2000            0     
       Src Latency:+       0            0     
       Net Latency:+       0 (I)        0 (I) 
           Arrival:=    2000            0     
                                              
      Output Delay:-    1000                  
     Required Time:=    1000                  
      Launch Clock:-       0                  
         Data Path:-     576                  
             Slack:=     424                  

Exceptions/Constraints:
  output_delay             1000            tmp_sdc_analysis_vie_1_line_265 

#------------------------------------------------------------------------------------------------------------------
#         Timing Point           Flags    Arc   Edge        Cell          Fanout Load Trans Delay Arrival Instance 
#                                                                                (fF)  (ps)  (ps)   (ps)  Location 
#------------------------------------------------------------------------------------------------------------------
  r_output_write_count_reg[0]/CP -       -      R     (arrival)               67    -     0     0       0    (-,-) 
  r_output_write_count_reg[0]/Q  -       CP->Q  F     EDFCND2BWP30P140         7 10.1    17    38      38    (-,-) 
  g23960/ZN                      -       A2->ZN R     ND2D2BWP30P140           5  9.8    20    17      55    (-,-) 
  g23947/ZN                      -       I->ZN  F     INVD8BWP30P140          39 43.6    20    17      72    (-,-) 
  g23528/ZN                      -       B1->ZN R     AOI22D1BWP30P140         1  1.7    19    19      91    (-,-) 
  g23468/ZN                      -       A1->ZN F     ND2OPTIBD1BWP30P140      2  2.5    18    15     105    (-,-) 
  add_889_69_g482/Z              -       A1->Z  F     CKAN2D1BWP30P140         2  3.5    14    20     126    (-,-) 
  add_889_69_g480/CO             -       CI->CO F     FA1D1BWP30P140           1  2.4    12    25     150    (-,-) 
  add_889_69_g479/CO             -       CI->CO F     FA1D1BWP30P140           1  2.4    12    24     174    (-,-) 
  add_889_69_g478/CO             -       CI->CO F     FA1D1BWP30P140           1  2.4    12    24     199    (-,-) 
  add_889_69_g477/CO             -       CI->CO F     FA1D1BWP30P140           1  2.4    12    24     223    (-,-) 
  add_889_69_g476/CO             -       CI->CO F     FA1D1BWP30P140           1  2.4    12    24     247    (-,-) 
  add_889_69_g475/CO             -       CI->CO F     FA1D1BWP30P140           1  3.0    14    25     272    (-,-) 
  add_889_69_g474/CO             -       CI->CO F     FA1OPTCD1BWP30P140       1  3.0    14    20     292    (-,-) 
  add_889_69_g473/CO             -       CI->CO F     FA1OPTCD1BWP30P140       1  3.0    14    20     312    (-,-) 
  add_889_69_g472/CO             -       CI->CO F     FA1OPTCD1BWP30P140       1  2.4    13    18     330    (-,-) 
  add_889_69_g471/CO             -       CI->CO F     FA1D1BWP30P140           1  2.4    12    24     354    (-,-) 
  add_889_69_g470/CO             -       CI->CO F     FA1D1BWP30P140           1  2.4    12    24     378    (-,-) 
  add_889_69_g469/CO             -       CI->CO F     FA1D1BWP30P140           1  2.4    12    24     402    (-,-) 
  add_889_69_g468/CO             -       CI->CO F     FA1D1BWP30P140           1  2.4    12    24     427    (-,-) 
  add_889_69_g467/CO             -       CI->CO F     FA1D1BWP30P140           1  2.4    12    24     451    (-,-) 
  add_889_69_g466/CO             -       CI->CO F     FA1D1BWP30P140           1  2.4    12    24     475    (-,-) 
  add_889_69_g465/CO             -       CI->CO F     FA1D1BWP30P140           1  2.4    12    24     499    (-,-) 
  add_889_69_g464/CO             -       CI->CO F     FA1D1BWP30P140           1  2.4    12    24     524    (-,-) 
  add_889_69_g463/CO             -       CI->CO F     FA1D1BWP30P140           1  1.8    11    23     546    (-,-) 
  add_889_69_g462/Z              -       A3->Z  F     XOR3UD1BWP30P140         1  5.2    34    30     576    (-,-) 
  p_output_data_write[19]        <<<     -      F     (port)                   -    -     -     0     576    (-,-) 
#------------------------------------------------------------------------------------------------------------------


