============================================================
  Generated by:           Genus(TM) Synthesis Solution 21.12-s068_1
  Generated on:           Oct 04 2026  12:01:47 am
  Module:                 Conv
  Operating conditions:   ssg0p81v125c 
  Operating conditions:   tt0p9v25c 
  Operating conditions:   ffg0p99vm40c 
  Interconnect mode:      global
  Area mode:              physical library
============================================================


Path 1: MET (402 ps) Late External Delay Assertion at pin p_output_data_write[79]
           View: analysis_view_0p99v_m40c_capbst_fastest
          Group: clk
     Startpoint: (R) r_output_write_count_reg[0]/CP
          Clock: (R) clk
       Endpoint: (R) p_output_data_write[79]
          Clock: (R) clk

                     Capture       Launch     
        Clock Edge:+    2000            0     
       Src Latency:+       0            0     
       Net Latency:+       0 (I)        0 (I) 
           Arrival:=    2000            0     
                                              
      Output Delay:-    1000                  
     Required Time:=    1000                  
      Launch Clock:-       0                  
         Data Path:-     598                  
             Slack:=     402                  

Exceptions/Constraints:
  output_delay             1000            tmp_sdc_analysis_vie_1_line_477 

#-------------------------------------------------------------------------------------------------------------------
#         Timing Point           Flags    Arc   Edge        Cell          Fanout  Load Trans Delay Arrival Instance 
#                                                                                 (fF)  (ps)  (ps)   (ps)  Location 
#-------------------------------------------------------------------------------------------------------------------
  r_output_write_count_reg[0]/CP -       -      R     (arrival)                4     -     0     0       0    (-,-) 
  r_output_write_count_reg[0]/QN -       CP->QN R     DFCND1BWP30P140          6  18.2    63    75      75    (-,-) 
  g14071/ZN                      -       A1->ZN R     INR2D16BWP30P140       160 193.1    76    59     134    (-,-) 
  g13226/ZN                      -       B1->ZN F     AOI22D1BWP30P140         1   1.7    31    23     157    (-,-) 
  g12712/ZN                      -       A2->ZN R     ND2OPTIBD1BWP30P140      1   2.9    21    20     177    (-,-) 
  add_1000_76_I4_g1427/CO        -       B->CO  R     HA1D1BWP30P140           1   2.5    11    18     195    (-,-) 
  add_1000_76_I4_g1426/CO        -       CI->CO R     FA1D1BWP30P140           1   2.5    13    22     217    (-,-) 
  add_1000_76_I4_g1425/CO        -       CI->CO R     FA1D1BWP30P140           1   3.0    15    23     241    (-,-) 
  add_1000_76_I4_g1424/CO        -       CI->CO R     FA1OPTCD1BWP30P140       1   3.0    15    20     261    (-,-) 
  add_1000_76_I4_g1423/CO        -       CI->CO R     FA1OPTCD1BWP30P140       1   3.0    15    20     281    (-,-) 
  add_1000_76_I4_g1422/CO        -       CI->CO R     FA1OPTCD1BWP30P140       1   3.0    15    20     301    (-,-) 
  add_1000_76_I4_g1421/CO        -       CI->CO R     FA1OPTCD1BWP30P140       1   2.5    14    19     320    (-,-) 
  add_1000_76_I4_g1420/CO        -       CI->CO R     FA1D1BWP30P140           3   4.5    20    26     346    (-,-) 
  add_1000_76_I4_g1418/Z         -       A1->Z  R     AO21D1BWP30P140          1   2.5    11    18     364    (-,-) 
  add_1000_76_I4_g1415/CO        -       CI->CO R     FA1D1BWP30P140           1   2.5    13    22     386    (-,-) 
  add_1000_76_I4_g1414/CO        -       CI->CO R     FA1D1BWP30P140           1   2.5    13    22     409    (-,-) 
  add_1000_76_I4_g1413/CO        -       CI->CO R     FA1D1BWP30P140           1   2.5    13    22     431    (-,-) 
  add_1000_76_I4_g1412/CO        -       CI->CO R     FA1D1BWP30P140           1   2.5    13    22     454    (-,-) 
  add_1000_76_I4_g1411/CO        -       CI->CO R     FA1D1BWP30P140           1   2.5    13    22     476    (-,-) 
  add_1000_76_I4_g1410/CO        -       CI->CO R     FA1D1BWP30P140           1   2.5    13    22     498    (-,-) 
  add_1000_76_I4_g1409/CO        -       CI->CO R     FA1D1BWP30P140           1   2.5    13    22     521    (-,-) 
  add_1000_76_I4_g1408/CO        -       CI->CO R     FA1D1BWP30P140           1   2.5    13    22     543    (-,-) 
  add_1000_76_I4_g1407/CO        -       CI->CO R     FA1D1BWP30P140           1   1.8    11    21     564    (-,-) 
  add_1000_76_I4_g1406/Z         -       A3->Z  R     XOR3UD1BWP30P140         1   5.2    39    33     597    (-,-) 
  p_output_data_write[79]        <<<     -      R     (port)                   -     -     -     0     598    (-,-) 
#-------------------------------------------------------------------------------------------------------------------


