============================================================
  Generated by:           Genus(TM) Synthesis Solution 22.17-s071_1
  Generated on:           May 01 2025  10:39:55 pm
  Module:                 conv
  Operating conditions:   ssg0p81v125c 
  Operating conditions:   tt0p9v25c 
  Interconnect mode:      global
  Area mode:              physical library
============================================================


Path 1: MET (453 ps) Setup Check with Pin registers_reg[3][19]/CP->D
           View: analysis_view_0p90v_25c_captyp_nominal
          Group: clk
     Startpoint: (R) EA_reg[2]/CP
          Clock: (R) clk
       Endpoint: (F) registers_reg[3][19]/D
          Clock: (R) clk

                     Capture       Launch     
        Clock Edge:+    2000            0     
       Src Latency:+       0            0     
       Net Latency:+       0 (I)        0 (I) 
           Arrival:=    2000            0     
                                              
             Setup:-      10                  
     Required Time:=    1990                  
      Launch Clock:-       0                  
         Data Path:-    1537                  
             Slack:=     453                  

#-------------------------------------------------------------------------------------------------------------------
#           Timing Point            Flags    Arc   Edge       Cell         Fanout Load Trans Delay Arrival Instance 
#                                                                                 (fF)  (ps)  (ps)   (ps)  Location 
#-------------------------------------------------------------------------------------------------------------------
  EA_reg[2]/CP                      -       -      R     (arrival)              3    -     0     0       0    (-,-) 
  EA_reg[2]/QN                      -       CP->QN R     DFCND1BWP30P140        8  8.5    39    73      73    (-,-) 
  g12633/ZN                         -       A1->ZN F     NR2D1BWP30P140         2  4.0    25    22      95    (-,-) 
  g12618/ZN                         -       B->ZN  R     IAO21D4BWP30P140      26 26.8    54    40     135    (-,-) 
  g12437/ZN                         -       A1->ZN R     IND2D1BWP30P140        4  4.5    27    30     164    (-,-) 
  g12276/ZN                         -       A1->ZN F     CKND2D1BWP30P140      10  9.8    70    48     212    (-,-) 
  g12264/ZN                         -       I->ZN  R     CKND1BWP30P140         2  3.6    33    32     245    (-,-) 
  g12263/ZN                         -       I->ZN  F     INVD3BWP30P140        71 66.6    90    62     307    (-,-) 
  g12159/Z                          -       A1->Z  F     AO22D0BWP30P140        1  1.4    18    46     353    (-,-) 
  g12082/Z                          -       A4->Z  F     OR4D1BWP30P140        27 31.2   126    93     446    (-,-) 
  multip1/mul_16_61_g4848/ZN        -       A1->ZN F     XNR2UD1BWP30P140       2  2.6    50    47     494    (-,-) 
  multip1/mul_16_61_g4840/ZN        -       B1->ZN R     INR2D1BWP30P140       22 22.7   159   110     603    (-,-) 
  multip1/mul_16_61_g4786/ZN        -       A2->ZN F     OAI21D1BWP30P140       1  2.0    53    37     640    (-,-) 
  multip1/mul_16_61_g4737/ZN        -       A1->ZN F     XNR2UD1BWP30P140       1  2.6    56    33     673    (-,-) 
  multip1/mul_16_61_g4639/S         -       B->S   R     HA1D1BWP30P140         1  2.9    19    36     708    (-,-) 
  multip1/mul_16_61_cdnfadd_006_0/S -       A->S   F     FA1D1BWP30P140         1  2.9    21    56     764    (-,-) 
  multip1/mul_16_61_cdnfadd6/CO     -       A->CO  F     FA1D1BWP30P140         1  2.2    16    39     803    (-,-) 
  multip1/mul_16_61_cdnfadd7/CO     -       CI->CO F     FA1D1BWP30P140         1  2.2    16    32     835    (-,-) 
  multip1/mul_16_61_cdnfadd8/CO     -       CI->CO F     FA1D1BWP30P140         1  2.2    16    32     867    (-,-) 
  multip1/mul_16_61_cdnfadd9/CO     -       CI->CO F     FA1D1BWP30P140         1  2.2    16    32     899    (-,-) 
  multip1/mul_16_61_cdnfadd10/CO    -       CI->CO F     FA1D1BWP30P140         1  2.2    16    32     932    (-,-) 
  multip1/mul_16_61_cdnfadd11/CO    -       CI->CO F     FA1D1BWP30P140         1  2.2    16    32     964    (-,-) 
  multip1/mul_16_61_cdnfadd12/CO    -       CI->CO F     FA1D1BWP30P140         1  2.2    16    32     996    (-,-) 
  multip1/mul_16_61_cdnfadd13/CO    -       CI->CO F     FA1D1BWP30P140         1  2.2    16    32    1028    (-,-) 
  multip1/mul_16_61_cdnfadd14/CO    -       CI->CO F     FA1D1BWP30P140         1  2.2    16    32    1060    (-,-) 
  multip1/mul_16_61_cdnfadd15/CO    -       CI->CO F     FA1D1BWP30P140         1  2.2    16    32    1092    (-,-) 
  multip1/mul_16_61_cdnfadd16/CO    -       CI->CO F     FA1D1BWP30P140         1  2.2    16    32    1124    (-,-) 
  multip1/mul_16_61_cdnfadd17/CO    -       CI->CO F     FA1D1BWP30P140         1  2.2    16    32    1156    (-,-) 
  multip1/mul_16_61_cdnfadd18/CO    -       CI->CO F     FA1D1BWP30P140         1  2.2    16    32    1188    (-,-) 
  multip1/mul_16_61_cdnfadd19/CO    -       CI->CO F     FA1D1BWP30P140         1  2.2    16    32    1220    (-,-) 
  multip1/mul_16_61_cdnfadd20/CO    -       CI->CO F     FA1D1BWP30P140         1  2.2    16    32    1252    (-,-) 
  multip1/mul_16_61_cdnfadd21/CO    -       CI->CO F     FA1D1BWP30P140         1  2.2    16    32    1284    (-,-) 
  multip1/mul_16_61_cdnfadd22/CO    -       CI->CO F     FA1D1BWP30P140         1  2.2    16    32    1316    (-,-) 
  multip1/mul_16_61_cdnfadd23/CO    -       CI->CO F     FA1D1BWP30P140         1  2.2    16    32    1348    (-,-) 
  multip1/mul_16_61_cdnfadd24/CO    -       CI->CO F     FA1D1BWP30P140         1  2.2    16    32    1380    (-,-) 
  multip1/mul_16_61_cdnfadd25/CO    -       CI->CO F     FA1D1BWP30P140         1  2.2    16    32    1412    (-,-) 
  multip1/mul_16_61_cdnfadd26/CO    -       CI->CO F     FA1D1BWP30P140         1  1.5    13    30    1442    (-,-) 
  multip1/mul_16_61_g4882/ZN        -       A3->ZN F     XNR3UD1BWP30P140       1  1.5    22    24    1466    (-,-) 
  g15414/ZN                         -       I->ZN  R     CKND1BWP30P140         8  9.2    45    34    1501    (-,-) 
  g14349/ZN                         -       B2->ZN F     OAI221D1BWP30P140      1  1.5    40    36    1537    (-,-) 
  registers_reg[3][19]/D            <<<     -      F     DFCNQD1BWP30P140       1    -     -     0    1537    (-,-) 
#-------------------------------------------------------------------------------------------------------------------


