============================================================
  Generated by:           Genus(TM) Synthesis Solution 22.17-s071_1
  Generated on:           May 01 2025  02:13:56 pm
  Module:                 conv
  Library domain:         timing_cond_0p81v_125c
    Domain index:         0
    Technology library:   tcbn28hpcplusbwp30p140ssg0p81v125c 110
  Operating conditions:   ssg0p81v125c 
  Interconnect mode:      global
  Area mode:              physical library
============================================================

  Instance     Module    Cell Count  Cell Area  Net Area   Total Area 
----------------------------------------------------------------------
conv                           2797   3867.696  1420.029     5287.725 
  matrix_a0  MatrixA0           198    340.452    67.590      408.042 
    csa_p0   CSA_3_126           39     82.278    14.126       96.404 
      layer1 FA_131              20     42.462     0.000       42.462 
    csa_p1   CSA_2_113           20     41.958     4.793       46.751 
    csa_p2   CSA_3_125           39     82.278    14.126       96.404 
      layer1 FA_130              20     42.462     0.000       42.462 
    csa_p3   CSA_2_112           20     41.958     4.793       46.751 
  matrix_a1  MatrixA1           396    680.904   135.181      816.085 
    csa_p0   CSA_3               39     82.278    14.126       96.404 
      layer1 FA                  20     42.462     0.000       42.462 
    csa_p1   CSA_2_117           20     41.958     4.793       46.751 
    csa_p2   CSA_3_129           39     82.278    14.126       96.404 
      layer1 FA_134              20     42.462     0.000       42.462 
    csa_p3   CSA_2_116           20     41.958     4.793       46.751 
    csa_p4   CSA_3_128           39     82.278    14.126       96.404 
      layer1 FA_133              20     42.462     0.000       42.462 
    csa_p5   CSA_2_115           20     41.958     4.793       46.751 
    csa_p6   CSA_3_127           39     82.278    14.126       96.404 
      layer1 FA_132              20     42.462     0.000       42.462 
    csa_p7   CSA_2_114           20     41.958     4.793       46.751 
  matrix_c0  MatrixC0           484    701.568   126.947      828.515 
    csa_p1   CSA_2               20     41.958     4.793       46.751 
    csa_p5   CSA_2_124           20     41.958     4.793       46.751 
    csa_p9   CSA_2_123           20     41.958     4.793       46.751 
    csa_p13  CSA_2_122           20     41.958     4.793       46.751 
  matrix_c1  MatrixC1           484    700.560   127.315      827.875 
    csa_p4   CSA_2_121           20     41.958     4.793       46.751 
    csa_p5   CSA_2_120           20     41.958     4.793       46.751 
    csa_p6   CSA_2_119           20     41.958     4.793       46.751 
    csa_p7   CSA_2_118           20     41.958     4.793       46.751 
  multip0    Multip              90     76.104    28.304      104.408 
  multip1    Multip_135          90     76.104    28.304      104.408 
