============================================================
  Generated by:           Genus(TM) Synthesis Solution 22.17-s071_1
  Generated on:           May 01 2025  10:39:48 pm
  Module:                 conv
  Library domain:         timing_cond_0p81v_125c
    Domain index:         0
    Technology library:   tcbn28hpcplusbwp30p140ssg0p81v125c 110
  Operating conditions:   ssg0p81v125c 
  Interconnect mode:      global
  Area mode:              physical library
============================================================

                                                                               Library 
        Gate         Instances    Area                  Library                 Domain 
---------------------------------------------------------------------------------------
AN2D1BWP30P140               7     3.528    tcbn28hpcplusbwp30p140ssg0p81v125c       0 
AN3D1BWP30P140               2     1.260    tcbn28hpcplusbwp30p140ssg0p81v125c       0 
AN4D1BWP30P140               3     2.268    tcbn28hpcplusbwp30p140ssg0p81v125c       0 
AN4D2BWP30P140               1     0.882    tcbn28hpcplusbwp30p140ssg0p81v125c       0 
AO211D1BWP30P140             2     1.512    tcbn28hpcplusbwp30p140ssg0p81v125c       0 
AO21D1BWP30P140              7     4.410    tcbn28hpcplusbwp30p140ssg0p81v125c       0 
AO22D0BWP30P140            439   331.884    tcbn28hpcplusbwp30p140ssg0p81v125c       0 
AOI211D1BWP30P140            3     1.890    tcbn28hpcplusbwp30p140ssg0p81v125c       0 
AOI21D1BWP30P140            10     5.040    tcbn28hpcplusbwp30p140ssg0p81v125c       0 
AOI221D1BWP30P140          201   151.956    tcbn28hpcplusbwp30p140ssg0p81v125c       0 
AOI222D1BWP30P140           13    13.104    tcbn28hpcplusbwp30p140ssg0p81v125c       0 
AOI22D1BWP30P140           532   335.160    tcbn28hpcplusbwp30p140ssg0p81v125c       0 
AOI31D1BWP30P140             1     0.630    tcbn28hpcplusbwp30p140ssg0p81v125c       0 
CKAN2D1BWP30P140            22    11.088    tcbn28hpcplusbwp30p140ssg0p81v125c       0 
CKLNQD1BWP30P140             9    17.010    tcbn28hpcplusbwp30p140ssg0p81v125c       0 
CKMUX2D0BWP30P140           14    12.348    tcbn28hpcplusbwp30p140ssg0p81v125c       0 
CKND1BWP30P140             504   127.008    tcbn28hpcplusbwp30p140ssg0p81v125c       0 
CKND2D1BWP30P140            57    21.546    tcbn28hpcplusbwp30p140ssg0p81v125c       0 
CKND4BWP30P140               2     1.260    tcbn28hpcplusbwp30p140ssg0p81v125c       0 
DFCND1BWP30P140              4    10.080    tcbn28hpcplusbwp30p140ssg0p81v125c       0 
DFCNQD1BWP30P140           321   728.028    tcbn28hpcplusbwp30p140ssg0p81v125c       0 
FA1D0BWP30P140             432   925.344    tcbn28hpcplusbwp30p140ssg0p81v125c       0 
FA1D1BWP30P140             791  1694.322    tcbn28hpcplusbwp30p140ssg0p81v125c       0 
HA1D0BWP30P140              12    19.656    tcbn28hpcplusbwp30p140ssg0p81v125c       0 
HA1D1BWP30P140              55    90.090    tcbn28hpcplusbwp30p140ssg0p81v125c       0 
IAO21D1BWP30P140             1     0.630    tcbn28hpcplusbwp30p140ssg0p81v125c       0 
IAO21D4BWP30P140             1     1.512    tcbn28hpcplusbwp30p140ssg0p81v125c       0 
IND2D1BWP30P140             15     7.560    tcbn28hpcplusbwp30p140ssg0p81v125c       0 
IND3D1BWP30P140              5     3.150    tcbn28hpcplusbwp30p140ssg0p81v125c       0 
INR2D1BWP30P140             24    12.096    tcbn28hpcplusbwp30p140ssg0p81v125c       0 
INR3D0BWP30P140              1     0.630    tcbn28hpcplusbwp30p140ssg0p81v125c       0 
INVD0P7BWP30P140             3     0.756    tcbn28hpcplusbwp30p140ssg0p81v125c       0 
INVD3BWP30P140               1     0.504    tcbn28hpcplusbwp30p140ssg0p81v125c       0 
IOA21D1BWP30P140             5     3.150    tcbn28hpcplusbwp30p140ssg0p81v125c       0 
LHQD1BWP30P140              80   100.800    tcbn28hpcplusbwp30p140ssg0p81v125c       0 
MAOI22D1BWP30P140            1     0.756    tcbn28hpcplusbwp30p140ssg0p81v125c       0 
MOAI22D1BWP30P140           11     8.316    tcbn28hpcplusbwp30p140ssg0p81v125c       0 
ND2D1BWP30P140             336   127.008    tcbn28hpcplusbwp30p140ssg0p81v125c       0 
ND2OPTIBD1BWP30P140         10     3.780    tcbn28hpcplusbwp30p140ssg0p81v125c       0 
ND3D1BWP30P140              19     9.576    tcbn28hpcplusbwp30p140ssg0p81v125c       0 
ND3D2BWP30P140               1     0.882    tcbn28hpcplusbwp30p140ssg0p81v125c       0 
ND4D1BWP30P140               1     0.630    tcbn28hpcplusbwp30p140ssg0p81v125c       0 
NR2D1BWP30P140              23     8.694    tcbn28hpcplusbwp30p140ssg0p81v125c       0 
NR2D3BWP30P140               3     2.646    tcbn28hpcplusbwp30p140ssg0p81v125c       0 
NR2D4BWP30P140               3     3.402    tcbn28hpcplusbwp30p140ssg0p81v125c       0 
NR2OPTIBD1BWP30P140         11     4.158    tcbn28hpcplusbwp30p140ssg0p81v125c       0 
NR3D0P7BWP30P140             4     2.016    tcbn28hpcplusbwp30p140ssg0p81v125c       0 
NR4D0BWP30P140               3     1.890    tcbn28hpcplusbwp30p140ssg0p81v125c       0 
OA21D1BWP30P140              3     1.890    tcbn28hpcplusbwp30p140ssg0p81v125c       0 
OAI211D1BWP30P140            4     2.520    tcbn28hpcplusbwp30p140ssg0p81v125c       0 
OAI21D0BWP30P140             4     2.016    tcbn28hpcplusbwp30p140ssg0p81v125c       0 
OAI21D0P7BWP30P140           1     0.504    tcbn28hpcplusbwp30p140ssg0p81v125c       0 
OAI21D1BWP30P140            43    21.672    tcbn28hpcplusbwp30p140ssg0p81v125c       0 
OAI221D1BWP30P140            9     7.938    tcbn28hpcplusbwp30p140ssg0p81v125c       0 
OAI22D1BWP30P140            10     6.300    tcbn28hpcplusbwp30p140ssg0p81v125c       0 
OAI31D1BWP30P140             1     0.630    tcbn28hpcplusbwp30p140ssg0p81v125c       0 
OAI32D1BWP30P140             1     0.756    tcbn28hpcplusbwp30p140ssg0p81v125c       0 
OR2D0BWP30P140               4     2.016    tcbn28hpcplusbwp30p140ssg0p81v125c       0 
OR2D1BWP30P140              12     6.048    tcbn28hpcplusbwp30p140ssg0p81v125c       0 
OR3D1BWP30P140               3     1.890    tcbn28hpcplusbwp30p140ssg0p81v125c       0 
OR4D1BWP30P140              63    47.628    tcbn28hpcplusbwp30p140ssg0p81v125c       0 
XNR2UD1BWP30P140           234   206.388    tcbn28hpcplusbwp30p140ssg0p81v125c       0 
XNR3UD0BWP30P140             6    10.584    tcbn28hpcplusbwp30p140ssg0p81v125c       0 
XNR3UD1BWP30P140            25    44.100    tcbn28hpcplusbwp30p140ssg0p81v125c       0 
XNR4D1BWP30P140              5    13.230    tcbn28hpcplusbwp30p140ssg0p81v125c       0 
XOR2UD1BWP30P140            25    22.050    tcbn28hpcplusbwp30p140ssg0p81v125c       0 
XOR3UD0BWP30P140            18    31.752    tcbn28hpcplusbwp30p140ssg0p81v125c       0 
XOR3UD1BWP30P140             9    15.876    tcbn28hpcplusbwp30p140ssg0p81v125c       0 
XOR4D0BWP30P140              3     7.938    tcbn28hpcplusbwp30p140ssg0p81v125c       0 
---------------------------------------------------------------------------------------
total                     4489  5269.572                                       


                                                       
            Type             Instances   Area   Area % 
-------------------------------------------------------
sequential                         405  838.908   15.9 
inverter                           510  129.528    2.5 
clock_gating_integrated_cell         9   17.010    0.3 
logic                             3565 4284.126   81.3 
physical_cells                       0    0.000    0.0 
-------------------------------------------------------
total                             4489 5269.572  100.0 

