============================================================
  Generated by:           Genus(TM) Synthesis Solution 21.12-s068_1
  Generated on:           Jul 09 2025  10:11:48 pm
  Module:                 conv
  Library domain:         timing_cond_0p81v_125c
    Domain index:         0
    Technology library:   tcbn28hpcplusbwp30p140ssg0p81v125c 110
  Operating conditions:   ssg0p81v125c 
  Interconnect mode:      global
  Area mode:              physical library
============================================================

                                                                                    Library 
          Gate           Instances    Area                   Library                 Domain 
--------------------------------------------------------------------------------------------
AN2D1BWP30P140                   4      2.016    tcbn28hpcplusbwp30p140ssg0p81v125c       0 
AO21D1BWP30P140                 44     27.720    tcbn28hpcplusbwp30p140ssg0p81v125c       0 
AO22D0BWP30P140                 20     15.120    tcbn28hpcplusbwp30p140ssg0p81v125c       0 
AO22D1BWP30P140                 12     10.584    tcbn28hpcplusbwp30p140ssg0p81v125c       0 
AOI211D1BWP30P140               16     10.080    tcbn28hpcplusbwp30p140ssg0p81v125c       0 
AOI21D1BWP30P140                97     48.888    tcbn28hpcplusbwp30p140ssg0p81v125c       0 
AOI21OPTREPBD1BWP30P140         12      9.072    tcbn28hpcplusbwp30p140ssg0p81v125c       0 
AOI221D1BWP30P140                4      3.024    tcbn28hpcplusbwp30p140ssg0p81v125c       0 
AOI221D2BWP30P140               12     18.144    tcbn28hpcplusbwp30p140ssg0p81v125c       0 
AOI222D1BWP30P140               80     80.640    tcbn28hpcplusbwp30p140ssg0p81v125c       0 
AOI22D1BWP30P140               348    219.240    tcbn28hpcplusbwp30p140ssg0p81v125c       0 
BUFFD3BWP30P140                  4      2.520    tcbn28hpcplusbwp30p140ssg0p81v125c       0 
BUFFD4BWP30P140                 28     24.696    tcbn28hpcplusbwp30p140ssg0p81v125c       0 
CKAN2D1BWP30P140               128     64.512    tcbn28hpcplusbwp30p140ssg0p81v125c       0 
CKBD12BWP30P140                 16     34.272    tcbn28hpcplusbwp30p140ssg0p81v125c       0 
CKBD1BWP30P140                   2      0.756    tcbn28hpcplusbwp30p140ssg0p81v125c       0 
CKBD4BWP30P140                  12     10.584    tcbn28hpcplusbwp30p140ssg0p81v125c       0 
CKLNQD1BWP30P140                 1      1.890    tcbn28hpcplusbwp30p140ssg0p81v125c       0 
CKND12BWP30P140                  4      6.552    tcbn28hpcplusbwp30p140ssg0p81v125c       0 
CKND1BWP30P140                1150    289.800    tcbn28hpcplusbwp30p140ssg0p81v125c       0 
CKND2BWP30P140                  29     10.962    tcbn28hpcplusbwp30p140ssg0p81v125c       0 
CKND2D1BWP30P140               117     44.226    tcbn28hpcplusbwp30p140ssg0p81v125c       0 
CKND3BWP30P140                   2      1.008    tcbn28hpcplusbwp30p140ssg0p81v125c       0 
CKND4BWP30P140                  19     11.970    tcbn28hpcplusbwp30p140ssg0p81v125c       0 
DFCNQD1BWP30P140                68    154.224    tcbn28hpcplusbwp30p140ssg0p81v125c       0 
DFCNQD2BWP30P140                16     42.336    tcbn28hpcplusbwp30p140ssg0p81v125c       0 
EDFCNQD1BWP30P140              240    695.520    tcbn28hpcplusbwp30p140ssg0p81v125c       0 
FA1D1BWP30P140                3056   6545.952    tcbn28hpcplusbwp30p140ssg0p81v125c       0 
FA1D4BWP30P140                  24     87.696    tcbn28hpcplusbwp30p140ssg0p81v125c       0 
FA1OPTCD1BWP30P140              24     60.480    tcbn28hpcplusbwp30p140ssg0p81v125c       0 
HA1D1BWP30P140                 196    321.048    tcbn28hpcplusbwp30p140ssg0p81v125c       0 
IND2D1BWP30P140                 87     43.848    tcbn28hpcplusbwp30p140ssg0p81v125c       0 
IND2D2BWP30P140                 12      9.072    tcbn28hpcplusbwp30p140ssg0p81v125c       0 
INR2D1BWP30P140                 81     40.824    tcbn28hpcplusbwp30p140ssg0p81v125c       0 
INR2D6BWP30P140                  1      1.890    tcbn28hpcplusbwp30p140ssg0p81v125c       0 
INR3D0BWP30P140                 16     10.080    tcbn28hpcplusbwp30p140ssg0p81v125c       0 
INVD0P7BWP30P140                 1      0.252    tcbn28hpcplusbwp30p140ssg0p81v125c       0 
INVD12BWP30P140                  3      4.914    tcbn28hpcplusbwp30p140ssg0p81v125c       0 
INVD1BWP30P140                   1      0.252    tcbn28hpcplusbwp30p140ssg0p81v125c       0 
INVD1P5BWP30P140                12      4.536    tcbn28hpcplusbwp30p140ssg0p81v125c       0 
INVD2BWP30P140                  23      8.694    tcbn28hpcplusbwp30p140ssg0p81v125c       0 
INVD3BWP30P140                  33     16.632    tcbn28hpcplusbwp30p140ssg0p81v125c       0 
INVD4BWP30P140                   1      0.630    tcbn28hpcplusbwp30p140ssg0p81v125c       0 
INVD6BWP30P140                   2      1.764    tcbn28hpcplusbwp30p140ssg0p81v125c       0 
INVD8BWP30P140                  41     46.494    tcbn28hpcplusbwp30p140ssg0p81v125c       0 
INVD9BWP30P140                   3      3.780    tcbn28hpcplusbwp30p140ssg0p81v125c       0 
IOA21D1BWP30P140               344    216.720    tcbn28hpcplusbwp30p140ssg0p81v125c       0 
IOA21D2BWP30P140                 6      5.292    tcbn28hpcplusbwp30p140ssg0p81v125c       0 
MAOI222D1BWP30P140             176    133.056    tcbn28hpcplusbwp30p140ssg0p81v125c       0 
MOAI22D1BWP30P140               80     60.480    tcbn28hpcplusbwp30p140ssg0p81v125c       0 
MUX2D2BWP30P140                 12     13.608    tcbn28hpcplusbwp30p140ssg0p81v125c       0 
MUX2ND2BWP30P140                12     15.120    tcbn28hpcplusbwp30p140ssg0p81v125c       0 
MUX2NOPTD2BWP30P140              4      5.544    tcbn28hpcplusbwp30p140ssg0p81v125c       0 
MUX2NOPTD4BWP30P140              8     20.160    tcbn28hpcplusbwp30p140ssg0p81v125c       0 
MUX2NUD1BWP30P140                4      3.024    tcbn28hpcplusbwp30p140ssg0p81v125c       0 
MUX2OPTD4BWP30P140               2      4.536    tcbn28hpcplusbwp30p140ssg0p81v125c       0 
MUX2OPTD6BWP30P140              30     94.500    tcbn28hpcplusbwp30p140ssg0p81v125c       0 
ND2D1BWP30P140                 160     60.480    tcbn28hpcplusbwp30p140ssg0p81v125c       0 
ND2D8BWP30P140                  15     32.130    tcbn28hpcplusbwp30p140ssg0p81v125c       0 
ND2OPTD6BWP30P140                2      3.276    tcbn28hpcplusbwp30p140ssg0p81v125c       0 
ND2OPTIBD12BWP30P140             9     28.350    tcbn28hpcplusbwp30p140ssg0p81v125c       0 
ND2OPTIBD1BWP30P140              6      2.268    tcbn28hpcplusbwp30p140ssg0p81v125c       0 
ND2OPTIBD2BWP30P140              4      2.520    tcbn28hpcplusbwp30p140ssg0p81v125c       0 
ND2OPTIBD6BWP30P140              6      9.828    tcbn28hpcplusbwp30p140ssg0p81v125c       0 
ND3D1BWP30P140                  16      8.064    tcbn28hpcplusbwp30p140ssg0p81v125c       0 
NR2D1BWP30P140                 198     74.844    tcbn28hpcplusbwp30p140ssg0p81v125c       0 
NR2D3BWP30P140                  12     10.584    tcbn28hpcplusbwp30p140ssg0p81v125c       0 
NR2D8BWP30P140                   2      4.284    tcbn28hpcplusbwp30p140ssg0p81v125c       0 
NR2OPTIBD1BWP30P140            149     56.322    tcbn28hpcplusbwp30p140ssg0p81v125c       0 
NR2OPTPAD1BWP30P140              2      1.008    tcbn28hpcplusbwp30p140ssg0p81v125c       0 
OA21D1BWP30P140                 20     12.600    tcbn28hpcplusbwp30p140ssg0p81v125c       0 
OA22D2BWP30P140                  4      4.032    tcbn28hpcplusbwp30p140ssg0p81v125c       0 
OAI21D1BWP30P140               170     85.680    tcbn28hpcplusbwp30p140ssg0p81v125c       0 
OAI22D1BWP30P140              2332   1469.160    tcbn28hpcplusbwp30p140ssg0p81v125c       0 
OAI22OPTPBD1BWP30P140           12     12.096    tcbn28hpcplusbwp30p140ssg0p81v125c       0 
OAI31D1BWP30P140                16     10.080    tcbn28hpcplusbwp30p140ssg0p81v125c       0 
OAI32D1BWP30P140                16     12.096    tcbn28hpcplusbwp30p140ssg0p81v125c       0 
OR2D1BWP30P140                  56     28.224    tcbn28hpcplusbwp30p140ssg0p81v125c       0 
OR2D2BWP30P140                  28     17.640    tcbn28hpcplusbwp30p140ssg0p81v125c       0 
OR2D6BWP30P140                   4      5.544    tcbn28hpcplusbwp30p140ssg0p81v125c       0 
OR3D1BWP30P140                  16     10.080    tcbn28hpcplusbwp30p140ssg0p81v125c       0 
XNR2D1BWP30P140                 72     72.576    tcbn28hpcplusbwp30p140ssg0p81v125c       0 
XNR2OPTND4BWP30P140             12     30.240    tcbn28hpcplusbwp30p140ssg0p81v125c       0 
XNR2UD1BWP30P140              2184   1926.288    tcbn28hpcplusbwp30p140ssg0p81v125c       0 
XNR3UD1BWP30P140                30     52.920    tcbn28hpcplusbwp30p140ssg0p81v125c       0 
XOR2UD1BWP30P140               763    672.966    tcbn28hpcplusbwp30p140ssg0p81v125c       0 
XOR3UD1BWP30P140               122    215.208    tcbn28hpcplusbwp30p140ssg0p81v125c       0 
--------------------------------------------------------------------------------------------
total                        13218  14552.622                                       


                                                        
            Type             Instances    Area   Area % 
--------------------------------------------------------
sequential                         324   892.080    6.1 
inverter                          1324   408.240    2.8 
buffer                              62    72.828    0.5 
clock_gating_integrated_cell         1     1.890    0.0 
logic                            11507 13177.584   90.6 
physical_cells                       0     0.000    0.0 
--------------------------------------------------------
total                            13218 14552.622  100.0 

