============================================================
  Generated by:           Genus(TM) Synthesis Solution 21.12-s068_1
  Generated on:           Aug 31 2026  10:28:15 am
  Module:                 Conv
  Library domain:         timing_cond_0p81v_125c
    Domain index:         0
    Technology library:   tcbn28hpcplusbwp30p140ssg0p81v125c 110
  Operating conditions:   ssg0p81v125c 
  Interconnect mode:      global
  Area mode:              physical library
============================================================

        Instance                 Module          Cell Count  Cell Area  Net Area   Total Area 
----------------------------------------------------------------------------------------------
Conv                                                  16581  25233.894  8005.831    33239.725 
  MULTIP_BLOCK[0].multip Multip                         596    625.842   245.641      871.483 
  MULTIP_BLOCK[1].multip Multip_472                     600    627.606   247.387      874.993 
  MULTIP_BLOCK[2].multip Multip_471                     598    626.724   246.145      872.869 
  MULTIP_BLOCK[3].multip Multip_470                     596    625.968   245.763      871.731 
  MULTIP_BLOCK[4].multip Multip_469                     596    625.842   245.641      871.483 
  MULTIP_BLOCK[5].multip Multip_468                     597    626.598   245.770      872.368 
  inverse_row            InverseRow                     300    561.456   121.352      682.808 
  inverse_row_acc        InverseRowAccumulate          1666   1642.662   648.226     2290.888 
  inverse_row_capture    InverseRowAccumulate_2          80    167.832    19.171      187.003 
  inverse_row_current    InverseRow_467                 315    564.732   124.385      689.117 
  trf                    Transform                     4855   8535.492  2344.936    10880.428 
    matrix_c0            MatrixC0                      2406   4207.140   993.674     5200.814 
    matrix_c1            MatrixC1                      2449   4328.352  1027.734     5356.086 
