============================================================
  Generated by:           Genus(TM) Synthesis Solution 21.12-s068_1
  Generated on:           Aug 31 2026  10:28:32 am
  Module:                 Conv
  Operating conditions:   ssg0p81v125c 
  Operating conditions:   tt0p9v25c 
  Operating conditions:   ffg0p99vm40c 
  Interconnect mode:      global
  Area mode:              physical library
============================================================

-------------------------------------------------------------------------------
Nets with multiple drivers

The following nets have multiple drivers and at least one of the drivers is     
non-tristate:                                                                   

hnet:Conv/r_input_weight[0][0]
hnet:Conv/r_input_weight[0][10]
hnet:Conv/r_input_weight[0][11]
hnet:Conv/r_input_weight[0][12]
hnet:Conv/r_input_weight[0][13]
hnet:Conv/r_input_weight[0][14]
hnet:Conv/r_input_weight[0][15]
hnet:Conv/r_input_weight[0][16]
hnet:Conv/r_input_weight[0][17]
hnet:Conv/r_input_weight[0][18]
hnet:Conv/r_input_weight[0][19]
hnet:Conv/r_input_weight[0][1]
hnet:Conv/r_input_weight[0][2]
hnet:Conv/r_input_weight[0][3]
hnet:Conv/r_input_weight[0][4]
hnet:Conv/r_input_weight[0][5]
hnet:Conv/r_input_weight[0][6]
hnet:Conv/r_input_weight[0][7]
hnet:Conv/r_input_weight[0][8]
hnet:Conv/r_input_weight[0][9]
hnet:Conv/r_input_weight[10][0]
hnet:Conv/r_input_weight[10][10]
hnet:Conv/r_input_weight[10][11]
hnet:Conv/r_input_weight[10][12]
hnet:Conv/r_input_weight[10][13]
hnet:Conv/r_input_weight[10][14]
hnet:Conv/r_input_weight[10][15]
hnet:Conv/r_input_weight[10][16]
hnet:Conv/r_input_weight[10][17]
hnet:Conv/r_input_weight[10][18]
hnet:Conv/r_input_weight[10][19]
hnet:Conv/r_input_weight[10][1]
hnet:Conv/r_input_weight[10][2]
hnet:Conv/r_input_weight[10][3]
hnet:Conv/r_input_weight[10][4]
hnet:Conv/r_input_weight[10][5]
hnet:Conv/r_input_weight[10][6]
hnet:Conv/r_input_weight[10][7]
hnet:Conv/r_input_weight[10][8]
hnet:Conv/r_input_weight[10][9]
hnet:Conv/r_input_weight[11][0]
hnet:Conv/r_input_weight[11][10]
hnet:Conv/r_input_weight[11][11]
hnet:Conv/r_input_weight[11][12]
hnet:Conv/r_input_weight[11][13]
hnet:Conv/r_input_weight[11][14]
hnet:Conv/r_input_weight[11][15]
hnet:Conv/r_input_weight[11][16]
hnet:Conv/r_input_weight[11][17]
hnet:Conv/r_input_weight[11][18]
hnet:Conv/r_input_weight[11][19]
hnet:Conv/r_input_weight[11][1]
hnet:Conv/r_input_weight[11][2]
hnet:Conv/r_input_weight[11][3]
hnet:Conv/r_input_weight[11][4]
hnet:Conv/r_input_weight[11][5]
hnet:Conv/r_input_weight[11][6]
hnet:Conv/r_input_weight[11][7]
hnet:Conv/r_input_weight[11][8]
hnet:Conv/r_input_weight[11][9]
hnet:Conv/r_input_weight[12][0]
hnet:Conv/r_input_weight[12][10]
hnet:Conv/r_input_weight[12][11]
hnet:Conv/r_input_weight[12][12]
hnet:Conv/r_input_weight[12][13]
hnet:Conv/r_input_weight[12][14]
hnet:Conv/r_input_weight[12][15]
hnet:Conv/r_input_weight[12][16]
hnet:Conv/r_input_weight[12][17]
hnet:Conv/r_input_weight[12][18]
hnet:Conv/r_input_weight[12][19]
hnet:Conv/r_input_weight[12][1]
hnet:Conv/r_input_weight[12][2]
hnet:Conv/r_input_weight[12][3]
hnet:Conv/r_input_weight[12][4]
hnet:Conv/r_input_weight[12][5]
hnet:Conv/r_input_weight[12][6]
hnet:Conv/r_input_weight[12][7]
hnet:Conv/r_input_weight[12][8]
hnet:Conv/r_input_weight[12][9]
hnet:Conv/r_input_weight[13][0]
hnet:Conv/r_input_weight[13][10]
hnet:Conv/r_input_weight[13][11]
hnet:Conv/r_input_weight[13][12]
hnet:Conv/r_input_weight[13][13]
hnet:Conv/r_input_weight[13][14]
hnet:Conv/r_input_weight[13][15]
hnet:Conv/r_input_weight[13][16]
hnet:Conv/r_input_weight[13][17]
hnet:Conv/r_input_weight[13][18]
hnet:Conv/r_input_weight[13][19]
hnet:Conv/r_input_weight[13][1]
hnet:Conv/r_input_weight[13][2]
hnet:Conv/r_input_weight[13][3]
hnet:Conv/r_input_weight[13][4]
hnet:Conv/r_input_weight[13][5]
hnet:Conv/r_input_weight[13][6]
hnet:Conv/r_input_weight[13][7]
hnet:Conv/r_input_weight[13][8]
hnet:Conv/r_input_weight[13][9]
hnet:Conv/r_input_weight[14][0]
hnet:Conv/r_input_weight[14][10]
hnet:Conv/r_input_weight[14][11]
hnet:Conv/r_input_weight[14][12]
hnet:Conv/r_input_weight[14][13]
hnet:Conv/r_input_weight[14][14]
hnet:Conv/r_input_weight[14][15]
hnet:Conv/r_input_weight[14][16]
hnet:Conv/r_input_weight[14][17]
hnet:Conv/r_input_weight[14][18]
hnet:Conv/r_input_weight[14][19]
hnet:Conv/r_input_weight[14][1]
hnet:Conv/r_input_weight[14][2]
hnet:Conv/r_input_weight[14][3]
hnet:Conv/r_input_weight[14][4]
hnet:Conv/r_input_weight[14][5]
hnet:Conv/r_input_weight[14][6]
hnet:Conv/r_input_weight[14][7]
hnet:Conv/r_input_weight[14][8]
hnet:Conv/r_input_weight[14][9]
hnet:Conv/r_input_weight[15][0]
hnet:Conv/r_input_weight[15][10]
hnet:Conv/r_input_weight[15][11]
hnet:Conv/r_input_weight[15][12]
hnet:Conv/r_input_weight[15][13]
hnet:Conv/r_input_weight[15][14]
hnet:Conv/r_input_weight[15][15]
hnet:Conv/r_input_weight[15][16]
hnet:Conv/r_input_weight[15][17]
hnet:Conv/r_input_weight[15][18]
hnet:Conv/r_input_weight[15][19]
hnet:Conv/r_input_weight[15][1]
hnet:Conv/r_input_weight[15][2]
hnet:Conv/r_input_weight[15][3]
hnet:Conv/r_input_weight[15][4]
hnet:Conv/r_input_weight[15][5]
hnet:Conv/r_input_weight[15][6]
hnet:Conv/r_input_weight[15][7]
hnet:Conv/r_input_weight[15][8]
hnet:Conv/r_input_weight[15][9]
hnet:Conv/r_input_weight[16][0]
hnet:Conv/r_input_weight[16][10]
hnet:Conv/r_input_weight[16][11]
hnet:Conv/r_input_weight[16][12]
hnet:Conv/r_input_weight[16][13]
hnet:Conv/r_input_weight[16][14]
hnet:Conv/r_input_weight[16][15]
hnet:Conv/r_input_weight[16][16]
hnet:Conv/r_input_weight[16][17]
hnet:Conv/r_input_weight[16][18]
hnet:Conv/r_input_weight[16][19]
hnet:Conv/r_input_weight[16][1]
hnet:Conv/r_input_weight[16][2]
hnet:Conv/r_input_weight[16][3]
hnet:Conv/r_input_weight[16][4]
hnet:Conv/r_input_weight[16][5]
hnet:Conv/r_input_weight[16][6]
hnet:Conv/r_input_weight[16][7]
hnet:Conv/r_input_weight[16][8]
hnet:Conv/r_input_weight[16][9]
hnet:Conv/r_input_weight[17][0]
hnet:Conv/r_input_weight[17][10]
hnet:Conv/r_input_weight[17][11]
hnet:Conv/r_input_weight[17][12]
hnet:Conv/r_input_weight[17][13]
hnet:Conv/r_input_weight[17][14]
hnet:Conv/r_input_weight[17][15]
hnet:Conv/r_input_weight[17][16]
hnet:Conv/r_input_weight[17][17]
hnet:Conv/r_input_weight[17][18]
hnet:Conv/r_input_weight[17][19]
hnet:Conv/r_input_weight[17][1]
hnet:Conv/r_input_weight[17][2]
hnet:Conv/r_input_weight[17][3]
hnet:Conv/r_input_weight[17][4]
hnet:Conv/r_input_weight[17][5]
hnet:Conv/r_input_weight[17][6]
hnet:Conv/r_input_weight[17][7]
hnet:Conv/r_input_weight[17][8]
hnet:Conv/r_input_weight[17][9]
hnet:Conv/r_input_weight[18][0]
hnet:Conv/r_input_weight[18][10]
hnet:Conv/r_input_weight[18][11]
hnet:Conv/r_input_weight[18][12]
hnet:Conv/r_input_weight[18][13]
hnet:Conv/r_input_weight[18][14]
hnet:Conv/r_input_weight[18][15]
hnet:Conv/r_input_weight[18][16]
hnet:Conv/r_input_weight[18][17]
hnet:Conv/r_input_weight[18][18]
hnet:Conv/r_input_weight[18][19]
hnet:Conv/r_input_weight[18][1]
hnet:Conv/r_input_weight[18][2]
hnet:Conv/r_input_weight[18][3]
hnet:Conv/r_input_weight[18][4]
hnet:Conv/r_input_weight[18][5]
hnet:Conv/r_input_weight[18][6]
hnet:Conv/r_input_weight[18][7]
hnet:Conv/r_input_weight[18][8]
hnet:Conv/r_input_weight[18][9]
hnet:Conv/r_input_weight[19][0]
hnet:Conv/r_input_weight[19][10]
hnet:Conv/r_input_weight[19][11]
hnet:Conv/r_input_weight[19][12]
hnet:Conv/r_input_weight[19][13]
hnet:Conv/r_input_weight[19][14]
hnet:Conv/r_input_weight[19][15]
hnet:Conv/r_input_weight[19][16]
hnet:Conv/r_input_weight[19][17]
hnet:Conv/r_input_weight[19][18]
hnet:Conv/r_input_weight[19][19]
hnet:Conv/r_input_weight[19][1]
hnet:Conv/r_input_weight[19][2]
hnet:Conv/r_input_weight[19][3]
hnet:Conv/r_input_weight[19][4]
hnet:Conv/r_input_weight[19][5]
hnet:Conv/r_input_weight[19][6]
hnet:Conv/r_input_weight[19][7]
hnet:Conv/r_input_weight[19][8]
hnet:Conv/r_input_weight[19][9]
hnet:Conv/r_input_weight[1][0]
hnet:Conv/r_input_weight[1][10]
hnet:Conv/r_input_weight[1][11]
hnet:Conv/r_input_weight[1][12]
hnet:Conv/r_input_weight[1][13]
hnet:Conv/r_input_weight[1][14]
hnet:Conv/r_input_weight[1][15]
hnet:Conv/r_input_weight[1][16]
hnet:Conv/r_input_weight[1][17]
hnet:Conv/r_input_weight[1][18]
hnet:Conv/r_input_weight[1][19]
hnet:Conv/r_input_weight[1][1]
hnet:Conv/r_input_weight[1][2]
hnet:Conv/r_input_weight[1][3]
hnet:Conv/r_input_weight[1][4]
hnet:Conv/r_input_weight[1][5]
hnet:Conv/r_input_weight[1][6]
hnet:Conv/r_input_weight[1][7]
hnet:Conv/r_input_weight[1][8]
hnet:Conv/r_input_weight[1][9]
hnet:Conv/r_input_weight[20][0]
hnet:Conv/r_input_weight[20][10]
hnet:Conv/r_input_weight[20][11]
hnet:Conv/r_input_weight[20][12]
hnet:Conv/r_input_weight[20][13]
hnet:Conv/r_input_weight[20][14]
hnet:Conv/r_input_weight[20][15]
hnet:Conv/r_input_weight[20][16]
hnet:Conv/r_input_weight[20][17]
hnet:Conv/r_input_weight[20][18]
hnet:Conv/r_input_weight[20][19]
hnet:Conv/r_input_weight[20][1]
hnet:Conv/r_input_weight[20][2]
hnet:Conv/r_input_weight[20][3]
hnet:Conv/r_input_weight[20][4]
hnet:Conv/r_input_weight[20][5]
hnet:Conv/r_input_weight[20][6]
hnet:Conv/r_input_weight[20][7]
hnet:Conv/r_input_weight[20][8]
hnet:Conv/r_input_weight[20][9]
hnet:Conv/r_input_weight[21][0]
hnet:Conv/r_input_weight[21][10]
hnet:Conv/r_input_weight[21][11]
hnet:Conv/r_input_weight[21][12]
hnet:Conv/r_input_weight[21][13]
hnet:Conv/r_input_weight[21][14]
hnet:Conv/r_input_weight[21][15]
hnet:Conv/r_input_weight[21][16]
hnet:Conv/r_input_weight[21][17]
hnet:Conv/r_input_weight[21][18]
hnet:Conv/r_input_weight[21][19]
hnet:Conv/r_input_weight[21][1]
hnet:Conv/r_input_weight[21][2]
hnet:Conv/r_input_weight[21][3]
hnet:Conv/r_input_weight[21][4]
hnet:Conv/r_input_weight[21][5]
hnet:Conv/r_input_weight[21][6]
hnet:Conv/r_input_weight[21][7]
hnet:Conv/r_input_weight[21][8]
hnet:Conv/r_input_weight[21][9]
hnet:Conv/r_input_weight[22][0]
hnet:Conv/r_input_weight[22][10]
hnet:Conv/r_input_weight[22][11]
hnet:Conv/r_input_weight[22][12]
hnet:Conv/r_input_weight[22][13]
hnet:Conv/r_input_weight[22][14]
hnet:Conv/r_input_weight[22][15]
hnet:Conv/r_input_weight[22][16]
hnet:Conv/r_input_weight[22][17]
hnet:Conv/r_input_weight[22][18]
hnet:Conv/r_input_weight[22][19]
hnet:Conv/r_input_weight[22][1]
hnet:Conv/r_input_weight[22][2]
hnet:Conv/r_input_weight[22][3]
hnet:Conv/r_input_weight[22][4]
hnet:Conv/r_input_weight[22][5]
hnet:Conv/r_input_weight[22][6]
hnet:Conv/r_input_weight[22][7]
hnet:Conv/r_input_weight[22][8]
hnet:Conv/r_input_weight[22][9]
hnet:Conv/r_input_weight[23][0]
hnet:Conv/r_input_weight[23][10]
hnet:Conv/r_input_weight[23][11]
hnet:Conv/r_input_weight[23][12]
hnet:Conv/r_input_weight[23][13]
hnet:Conv/r_input_weight[23][14]
hnet:Conv/r_input_weight[23][15]
hnet:Conv/r_input_weight[23][16]
hnet:Conv/r_input_weight[23][17]
hnet:Conv/r_input_weight[23][18]
hnet:Conv/r_input_weight[23][19]
hnet:Conv/r_input_weight[23][1]
hnet:Conv/r_input_weight[23][2]
hnet:Conv/r_input_weight[23][3]
hnet:Conv/r_input_weight[23][4]
hnet:Conv/r_input_weight[23][5]
hnet:Conv/r_input_weight[23][6]
hnet:Conv/r_input_weight[23][7]
hnet:Conv/r_input_weight[23][8]
hnet:Conv/r_input_weight[23][9]
hnet:Conv/r_input_weight[24][0]
hnet:Conv/r_input_weight[24][10]
hnet:Conv/r_input_weight[24][11]
hnet:Conv/r_input_weight[24][12]
hnet:Conv/r_input_weight[24][13]
hnet:Conv/r_input_weight[24][14]
hnet:Conv/r_input_weight[24][15]
hnet:Conv/r_input_weight[24][16]
hnet:Conv/r_input_weight[24][17]
hnet:Conv/r_input_weight[24][18]
hnet:Conv/r_input_weight[24][19]
hnet:Conv/r_input_weight[24][1]
hnet:Conv/r_input_weight[24][2]
hnet:Conv/r_input_weight[24][3]
hnet:Conv/r_input_weight[24][4]
hnet:Conv/r_input_weight[24][5]
hnet:Conv/r_input_weight[24][6]
hnet:Conv/r_input_weight[24][7]
hnet:Conv/r_input_weight[24][8]
hnet:Conv/r_input_weight[24][9]
hnet:Conv/r_input_weight[25][0]
hnet:Conv/r_input_weight[25][10]
hnet:Conv/r_input_weight[25][11]
hnet:Conv/r_input_weight[25][12]
hnet:Conv/r_input_weight[25][13]
hnet:Conv/r_input_weight[25][14]
hnet:Conv/r_input_weight[25][15]
hnet:Conv/r_input_weight[25][16]
hnet:Conv/r_input_weight[25][17]
hnet:Conv/r_input_weight[25][18]
hnet:Conv/r_input_weight[25][19]
hnet:Conv/r_input_weight[25][1]
hnet:Conv/r_input_weight[25][2]
hnet:Conv/r_input_weight[25][3]
hnet:Conv/r_input_weight[25][4]
hnet:Conv/r_input_weight[25][5]
hnet:Conv/r_input_weight[25][6]
hnet:Conv/r_input_weight[25][7]
hnet:Conv/r_input_weight[25][8]
hnet:Conv/r_input_weight[25][9]
hnet:Conv/r_input_weight[26][0]
hnet:Conv/r_input_weight[26][10]
hnet:Conv/r_input_weight[26][11]
hnet:Conv/r_input_weight[26][12]
hnet:Conv/r_input_weight[26][13]
hnet:Conv/r_input_weight[26][14]
hnet:Conv/r_input_weight[26][15]
hnet:Conv/r_input_weight[26][16]
hnet:Conv/r_input_weight[26][17]
hnet:Conv/r_input_weight[26][18]
hnet:Conv/r_input_weight[26][19]
hnet:Conv/r_input_weight[26][1]
hnet:Conv/r_input_weight[26][2]
hnet:Conv/r_input_weight[26][3]
hnet:Conv/r_input_weight[26][4]
hnet:Conv/r_input_weight[26][5]
hnet:Conv/r_input_weight[26][6]
hnet:Conv/r_input_weight[26][7]
hnet:Conv/r_input_weight[26][8]
hnet:Conv/r_input_weight[26][9]
hnet:Conv/r_input_weight[27][0]
hnet:Conv/r_input_weight[27][10]
hnet:Conv/r_input_weight[27][11]
hnet:Conv/r_input_weight[27][12]
hnet:Conv/r_input_weight[27][13]
hnet:Conv/r_input_weight[27][14]
hnet:Conv/r_input_weight[27][15]
hnet:Conv/r_input_weight[27][16]
hnet:Conv/r_input_weight[27][17]
hnet:Conv/r_input_weight[27][18]
hnet:Conv/r_input_weight[27][19]
hnet:Conv/r_input_weight[27][1]
hnet:Conv/r_input_weight[27][2]
hnet:Conv/r_input_weight[27][3]
hnet:Conv/r_input_weight[27][4]
hnet:Conv/r_input_weight[27][5]
hnet:Conv/r_input_weight[27][6]
hnet:Conv/r_input_weight[27][7]
hnet:Conv/r_input_weight[27][8]
hnet:Conv/r_input_weight[27][9]
hnet:Conv/r_input_weight[28][0]
hnet:Conv/r_input_weight[28][10]
hnet:Conv/r_input_weight[28][11]
hnet:Conv/r_input_weight[28][12]
hnet:Conv/r_input_weight[28][13]
hnet:Conv/r_input_weight[28][14]
hnet:Conv/r_input_weight[28][15]
hnet:Conv/r_input_weight[28][16]
hnet:Conv/r_input_weight[28][17]
hnet:Conv/r_input_weight[28][18]
hnet:Conv/r_input_weight[28][19]
hnet:Conv/r_input_weight[28][1]
hnet:Conv/r_input_weight[28][2]
hnet:Conv/r_input_weight[28][3]
hnet:Conv/r_input_weight[28][4]
hnet:Conv/r_input_weight[28][5]
hnet:Conv/r_input_weight[28][6]
hnet:Conv/r_input_weight[28][7]
hnet:Conv/r_input_weight[28][8]
hnet:Conv/r_input_weight[28][9]
hnet:Conv/r_input_weight[29][0]
hnet:Conv/r_input_weight[29][10]
hnet:Conv/r_input_weight[29][11]
hnet:Conv/r_input_weight[29][12]
hnet:Conv/r_input_weight[29][13]
hnet:Conv/r_input_weight[29][14]
hnet:Conv/r_input_weight[29][15]
hnet:Conv/r_input_weight[29][16]
hnet:Conv/r_input_weight[29][17]
hnet:Conv/r_input_weight[29][18]
hnet:Conv/r_input_weight[29][19]
hnet:Conv/r_input_weight[29][1]
hnet:Conv/r_input_weight[29][2]
hnet:Conv/r_input_weight[29][3]
hnet:Conv/r_input_weight[29][4]
hnet:Conv/r_input_weight[29][5]
hnet:Conv/r_input_weight[29][6]
hnet:Conv/r_input_weight[29][7]
hnet:Conv/r_input_weight[29][8]
hnet:Conv/r_input_weight[29][9]
hnet:Conv/r_input_weight[2][0]
hnet:Conv/r_input_weight[2][10]
hnet:Conv/r_input_weight[2][11]
hnet:Conv/r_input_weight[2][12]
hnet:Conv/r_input_weight[2][13]
hnet:Conv/r_input_weight[2][14]
hnet:Conv/r_input_weight[2][15]
hnet:Conv/r_input_weight[2][16]
hnet:Conv/r_input_weight[2][17]
hnet:Conv/r_input_weight[2][18]
hnet:Conv/r_input_weight[2][19]
hnet:Conv/r_input_weight[2][1]
hnet:Conv/r_input_weight[2][2]
hnet:Conv/r_input_weight[2][3]
hnet:Conv/r_input_weight[2][4]
hnet:Conv/r_input_weight[2][5]
hnet:Conv/r_input_weight[2][6]
hnet:Conv/r_input_weight[2][7]
hnet:Conv/r_input_weight[2][8]
hnet:Conv/r_input_weight[2][9]
hnet:Conv/r_input_weight[30][0]
hnet:Conv/r_input_weight[30][10]
hnet:Conv/r_input_weight[30][11]
hnet:Conv/r_input_weight[30][12]
hnet:Conv/r_input_weight[30][13]
hnet:Conv/r_input_weight[30][14]
hnet:Conv/r_input_weight[30][15]
hnet:Conv/r_input_weight[30][16]
hnet:Conv/r_input_weight[30][17]
hnet:Conv/r_input_weight[30][18]
hnet:Conv/r_input_weight[30][19]
hnet:Conv/r_input_weight[30][1]
hnet:Conv/r_input_weight[30][2]
hnet:Conv/r_input_weight[30][3]
hnet:Conv/r_input_weight[30][4]
hnet:Conv/r_input_weight[30][5]
hnet:Conv/r_input_weight[30][6]
hnet:Conv/r_input_weight[30][7]
hnet:Conv/r_input_weight[30][8]
hnet:Conv/r_input_weight[30][9]
hnet:Conv/r_input_weight[31][0]
hnet:Conv/r_input_weight[31][10]
hnet:Conv/r_input_weight[31][11]
hnet:Conv/r_input_weight[31][12]
hnet:Conv/r_input_weight[31][13]
hnet:Conv/r_input_weight[31][14]
hnet:Conv/r_input_weight[31][15]
hnet:Conv/r_input_weight[31][16]
hnet:Conv/r_input_weight[31][17]
hnet:Conv/r_input_weight[31][18]
hnet:Conv/r_input_weight[31][19]
hnet:Conv/r_input_weight[31][1]
hnet:Conv/r_input_weight[31][2]
hnet:Conv/r_input_weight[31][3]
hnet:Conv/r_input_weight[31][4]
hnet:Conv/r_input_weight[31][5]
hnet:Conv/r_input_weight[31][6]
hnet:Conv/r_input_weight[31][7]
hnet:Conv/r_input_weight[31][8]
hnet:Conv/r_input_weight[31][9]
hnet:Conv/r_input_weight[32][0]
hnet:Conv/r_input_weight[32][10]
hnet:Conv/r_input_weight[32][11]
hnet:Conv/r_input_weight[32][12]
hnet:Conv/r_input_weight[32][13]
hnet:Conv/r_input_weight[32][14]
hnet:Conv/r_input_weight[32][15]
hnet:Conv/r_input_weight[32][16]
hnet:Conv/r_input_weight[32][17]
hnet:Conv/r_input_weight[32][18]
hnet:Conv/r_input_weight[32][19]
hnet:Conv/r_input_weight[32][1]
hnet:Conv/r_input_weight[32][2]
hnet:Conv/r_input_weight[32][3]
hnet:Conv/r_input_weight[32][4]
hnet:Conv/r_input_weight[32][5]
hnet:Conv/r_input_weight[32][6]
hnet:Conv/r_input_weight[32][7]
hnet:Conv/r_input_weight[32][8]
hnet:Conv/r_input_weight[32][9]
hnet:Conv/r_input_weight[33][0]
hnet:Conv/r_input_weight[33][10]
hnet:Conv/r_input_weight[33][11]
hnet:Conv/r_input_weight[33][12]
hnet:Conv/r_input_weight[33][13]
hnet:Conv/r_input_weight[33][14]
hnet:Conv/r_input_weight[33][15]
hnet:Conv/r_input_weight[33][16]
hnet:Conv/r_input_weight[33][17]
hnet:Conv/r_input_weight[33][18]
hnet:Conv/r_input_weight[33][19]
hnet:Conv/r_input_weight[33][1]
hnet:Conv/r_input_weight[33][2]
hnet:Conv/r_input_weight[33][3]
hnet:Conv/r_input_weight[33][4]
hnet:Conv/r_input_weight[33][5]
hnet:Conv/r_input_weight[33][6]
hnet:Conv/r_input_weight[33][7]
hnet:Conv/r_input_weight[33][8]
hnet:Conv/r_input_weight[33][9]
hnet:Conv/r_input_weight[34][0]
hnet:Conv/r_input_weight[34][10]
hnet:Conv/r_input_weight[34][11]
hnet:Conv/r_input_weight[34][12]
hnet:Conv/r_input_weight[34][13]
hnet:Conv/r_input_weight[34][14]
hnet:Conv/r_input_weight[34][15]
hnet:Conv/r_input_weight[34][16]
hnet:Conv/r_input_weight[34][17]
hnet:Conv/r_input_weight[34][18]
hnet:Conv/r_input_weight[34][19]
hnet:Conv/r_input_weight[34][1]
hnet:Conv/r_input_weight[34][2]
hnet:Conv/r_input_weight[34][3]
hnet:Conv/r_input_weight[34][4]
hnet:Conv/r_input_weight[34][5]
hnet:Conv/r_input_weight[34][6]
hnet:Conv/r_input_weight[34][7]
hnet:Conv/r_input_weight[34][8]
hnet:Conv/r_input_weight[34][9]
hnet:Conv/r_input_weight[35][0]
hnet:Conv/r_input_weight[35][10]
hnet:Conv/r_input_weight[35][11]
hnet:Conv/r_input_weight[35][12]
hnet:Conv/r_input_weight[35][13]
hnet:Conv/r_input_weight[35][14]
hnet:Conv/r_input_weight[35][15]
hnet:Conv/r_input_weight[35][16]
hnet:Conv/r_input_weight[35][17]
hnet:Conv/r_input_weight[35][18]
hnet:Conv/r_input_weight[35][19]
hnet:Conv/r_input_weight[35][1]
hnet:Conv/r_input_weight[35][2]
hnet:Conv/r_input_weight[35][3]
hnet:Conv/r_input_weight[35][4]
hnet:Conv/r_input_weight[35][5]
hnet:Conv/r_input_weight[35][6]
hnet:Conv/r_input_weight[35][7]
hnet:Conv/r_input_weight[35][8]
hnet:Conv/r_input_weight[35][9]
hnet:Conv/r_input_weight[3][0]
hnet:Conv/r_input_weight[3][10]
hnet:Conv/r_input_weight[3][11]
hnet:Conv/r_input_weight[3][12]
hnet:Conv/r_input_weight[3][13]
hnet:Conv/r_input_weight[3][14]
hnet:Conv/r_input_weight[3][15]
hnet:Conv/r_input_weight[3][16]
hnet:Conv/r_input_weight[3][17]
hnet:Conv/r_input_weight[3][18]
hnet:Conv/r_input_weight[3][19]
hnet:Conv/r_input_weight[3][1]
hnet:Conv/r_input_weight[3][2]
hnet:Conv/r_input_weight[3][3]
hnet:Conv/r_input_weight[3][4]
hnet:Conv/r_input_weight[3][5]
hnet:Conv/r_input_weight[3][6]
hnet:Conv/r_input_weight[3][7]
hnet:Conv/r_input_weight[3][8]
hnet:Conv/r_input_weight[3][9]
hnet:Conv/r_input_weight[4][0]
hnet:Conv/r_input_weight[4][10]
hnet:Conv/r_input_weight[4][11]
hnet:Conv/r_input_weight[4][12]
hnet:Conv/r_input_weight[4][13]
hnet:Conv/r_input_weight[4][14]
hnet:Conv/r_input_weight[4][15]
hnet:Conv/r_input_weight[4][16]
hnet:Conv/r_input_weight[4][17]
hnet:Conv/r_input_weight[4][18]
hnet:Conv/r_input_weight[4][19]
hnet:Conv/r_input_weight[4][1]
hnet:Conv/r_input_weight[4][2]
hnet:Conv/r_input_weight[4][3]
hnet:Conv/r_input_weight[4][4]
hnet:Conv/r_input_weight[4][5]
hnet:Conv/r_input_weight[4][6]
hnet:Conv/r_input_weight[4][7]
hnet:Conv/r_input_weight[4][8]
hnet:Conv/r_input_weight[4][9]
hnet:Conv/r_input_weight[5][0]
hnet:Conv/r_input_weight[5][10]
hnet:Conv/r_input_weight[5][11]
hnet:Conv/r_input_weight[5][12]
hnet:Conv/r_input_weight[5][13]
hnet:Conv/r_input_weight[5][14]
hnet:Conv/r_input_weight[5][15]
hnet:Conv/r_input_weight[5][16]
hnet:Conv/r_input_weight[5][17]
hnet:Conv/r_input_weight[5][18]
hnet:Conv/r_input_weight[5][19]
hnet:Conv/r_input_weight[5][1]
hnet:Conv/r_input_weight[5][2]
hnet:Conv/r_input_weight[5][3]
hnet:Conv/r_input_weight[5][4]
hnet:Conv/r_input_weight[5][5]
hnet:Conv/r_input_weight[5][6]
hnet:Conv/r_input_weight[5][7]
hnet:Conv/r_input_weight[5][8]
hnet:Conv/r_input_weight[5][9]
hnet:Conv/r_input_weight[6][0]
hnet:Conv/r_input_weight[6][10]
hnet:Conv/r_input_weight[6][11]
hnet:Conv/r_input_weight[6][12]
hnet:Conv/r_input_weight[6][13]
hnet:Conv/r_input_weight[6][14]
hnet:Conv/r_input_weight[6][15]
hnet:Conv/r_input_weight[6][16]
hnet:Conv/r_input_weight[6][17]
hnet:Conv/r_input_weight[6][18]
hnet:Conv/r_input_weight[6][19]
hnet:Conv/r_input_weight[6][1]
hnet:Conv/r_input_weight[6][2]
hnet:Conv/r_input_weight[6][3]
hnet:Conv/r_input_weight[6][4]
hnet:Conv/r_input_weight[6][5]
hnet:Conv/r_input_weight[6][6]
hnet:Conv/r_input_weight[6][7]
hnet:Conv/r_input_weight[6][8]
hnet:Conv/r_input_weight[6][9]
hnet:Conv/r_input_weight[7][0]
hnet:Conv/r_input_weight[7][10]
hnet:Conv/r_input_weight[7][11]
hnet:Conv/r_input_weight[7][12]
hnet:Conv/r_input_weight[7][13]
hnet:Conv/r_input_weight[7][14]
hnet:Conv/r_input_weight[7][15]
hnet:Conv/r_input_weight[7][16]
hnet:Conv/r_input_weight[7][17]
hnet:Conv/r_input_weight[7][18]
hnet:Conv/r_input_weight[7][19]
hnet:Conv/r_input_weight[7][1]
hnet:Conv/r_input_weight[7][2]
hnet:Conv/r_input_weight[7][3]
hnet:Conv/r_input_weight[7][4]
hnet:Conv/r_input_weight[7][5]
hnet:Conv/r_input_weight[7][6]
hnet:Conv/r_input_weight[7][7]
hnet:Conv/r_input_weight[7][8]
hnet:Conv/r_input_weight[7][9]
hnet:Conv/r_input_weight[8][0]
hnet:Conv/r_input_weight[8][10]
hnet:Conv/r_input_weight[8][11]
hnet:Conv/r_input_weight[8][12]
hnet:Conv/r_input_weight[8][13]
hnet:Conv/r_input_weight[8][14]
hnet:Conv/r_input_weight[8][15]
hnet:Conv/r_input_weight[8][16]
hnet:Conv/r_input_weight[8][17]
hnet:Conv/r_input_weight[8][18]
hnet:Conv/r_input_weight[8][19]
hnet:Conv/r_input_weight[8][1]
hnet:Conv/r_input_weight[8][2]
hnet:Conv/r_input_weight[8][3]
hnet:Conv/r_input_weight[8][4]
hnet:Conv/r_input_weight[8][5]
hnet:Conv/r_input_weight[8][6]
hnet:Conv/r_input_weight[8][7]
hnet:Conv/r_input_weight[8][8]
hnet:Conv/r_input_weight[8][9]
hnet:Conv/r_input_weight[9][0]
hnet:Conv/r_input_weight[9][10]
hnet:Conv/r_input_weight[9][11]
hnet:Conv/r_input_weight[9][12]
hnet:Conv/r_input_weight[9][13]
hnet:Conv/r_input_weight[9][14]
hnet:Conv/r_input_weight[9][15]
hnet:Conv/r_input_weight[9][16]
hnet:Conv/r_input_weight[9][17]
hnet:Conv/r_input_weight[9][18]
hnet:Conv/r_input_weight[9][19]
hnet:Conv/r_input_weight[9][1]
hnet:Conv/r_input_weight[9][2]
hnet:Conv/r_input_weight[9][3]
hnet:Conv/r_input_weight[9][4]
hnet:Conv/r_input_weight[9][5]
hnet:Conv/r_input_weight[9][6]
hnet:Conv/r_input_weight[9][7]
hnet:Conv/r_input_weight[9][8]
hnet:Conv/r_input_weight[9][9]
-------------------------------------------------------------------------------


Lint summary
 Unconnected/logic driven clocks                                  0
 Sequential data pins driven by a clock signal                    0
 Sequential clock pins without clock waveform                     0
 Sequential clock pins with multiple clock waveforms              0
 Generated clocks without clock waveform                          0
 Generated clocks with incompatible options                       0
 Generated clocks with multi-master clock                         0
 Paths constrained with different clocks                          0
 Loop-breaking cells for combinational feedback                   0
 Nets with multiple drivers                                     720
 Timing exceptions with no effect                                 0
 Suspicious multi_cycle exceptions                                0
 Pins/ports with conflicting case constants                       0
 Inputs without clocked external delays                           0
 Outputs without clocked external delays                          0
 Inputs without external driver/transition                        0
 Outputs without external load                                    0
 Exceptions with invalid timing start-/endpoints                  0

                                                  Total:        720

