============================================================
  Generated by:           Genus(TM) Synthesis Solution 21.12-s068_1
  Generated on:           Sep 12 2026  12:43:01 pm
  Module:                 Conv
  Library domain:         timing_cond_0p81v_125c
    Domain index:         0
    Technology library:   tcbn28hpcplusbwp30p140ssg0p81v125c 110
  Operating conditions:   ssg0p81v125c 
  Interconnect mode:      global
  Area mode:              physical library
============================================================

                                                                                    Library 
          Gate           Instances    Area                   Library                 Domain 
--------------------------------------------------------------------------------------------
AN2D1BWP30P140                  20     10.080    tcbn28hpcplusbwp30p140ssg0p81v125c       0 
AN2D4BWP30P140                   2      2.268    tcbn28hpcplusbwp30p140ssg0p81v125c       0 
AN4D1BWP30P140                   1      0.756    tcbn28hpcplusbwp30p140ssg0p81v125c       0 
AO211D1BWP30P140                 4      3.024    tcbn28hpcplusbwp30p140ssg0p81v125c       0 
AO21D1BWP30P140                 70     44.100    tcbn28hpcplusbwp30p140ssg0p81v125c       0 
AO22D0BWP30P140                 93     70.308    tcbn28hpcplusbwp30p140ssg0p81v125c       0 
AOI211D1BWP30P140                2      1.260    tcbn28hpcplusbwp30p140ssg0p81v125c       0 
AOI21D1BWP30P140                79     39.816    tcbn28hpcplusbwp30p140ssg0p81v125c       0 
AOI21D2BWP30P140                10      8.820    tcbn28hpcplusbwp30p140ssg0p81v125c       0 
AOI21D4BWP30P140                 1      1.764    tcbn28hpcplusbwp30p140ssg0p81v125c       0 
AOI21OPTREPBD1BWP30P140         43     32.508    tcbn28hpcplusbwp30p140ssg0p81v125c       0 
AOI22D1BWP30P140               136     85.680    tcbn28hpcplusbwp30p140ssg0p81v125c       0 
BUFFD3BWP30P140                  1      0.630    tcbn28hpcplusbwp30p140ssg0p81v125c       0 
CKAN2D1BWP30P140               168     84.672    tcbn28hpcplusbwp30p140ssg0p81v125c       0 
CKLNQD1BWP30P140                59    111.510    tcbn28hpcplusbwp30p140ssg0p81v125c       0 
CKMUX2D0BWP30P140              162    142.884    tcbn28hpcplusbwp30p140ssg0p81v125c       0 
CKMUX2D1BWP30P140                2      2.016    tcbn28hpcplusbwp30p140ssg0p81v125c       0 
CKMUX2D2BWP30P140                1      1.134    tcbn28hpcplusbwp30p140ssg0p81v125c       0 
CKND1BWP30P140                 736    185.472    tcbn28hpcplusbwp30p140ssg0p81v125c       0 
CKND2BWP30P140                   3      1.134    tcbn28hpcplusbwp30p140ssg0p81v125c       0 
CKND2D1BWP30P140               135     51.030    tcbn28hpcplusbwp30p140ssg0p81v125c       0 
DFCND1BWP30P140                 11     27.720    tcbn28hpcplusbwp30p140ssg0p81v125c       0 
DFCND2BWP30P140                  1      2.898    tcbn28hpcplusbwp30p140ssg0p81v125c       0 
DFCNQD1BWP30P140               911   2066.148    tcbn28hpcplusbwp30p140ssg0p81v125c       0 
DFCNQD2BWP30P140                10     26.460    tcbn28hpcplusbwp30p140ssg0p81v125c       0 
DFKCND1BWP30P140                 4      8.568    tcbn28hpcplusbwp30p140ssg0p81v125c       0 
DFKCNQD2BWP30P140               76    153.216    tcbn28hpcplusbwp30p140ssg0p81v125c       0 
DFSND1BWP30P140                  1      2.394    tcbn28hpcplusbwp30p140ssg0p81v125c       0 
DFSNQD2BWP30P140                 2      4.536    tcbn28hpcplusbwp30p140ssg0p81v125c       0 
EDFCND1BWP30P140                 4     12.096    tcbn28hpcplusbwp30p140ssg0p81v125c       0 
EDFCNQD1BWP30P140                5     14.490    tcbn28hpcplusbwp30p140ssg0p81v125c       0 
FA1D1BWP30P140                1641   3515.022    tcbn28hpcplusbwp30p140ssg0p81v125c       0 
HA1D1BWP30P140                 141    230.958    tcbn28hpcplusbwp30p140ssg0p81v125c       0 
IAO21D0BWP30P140                30     18.900    tcbn28hpcplusbwp30p140ssg0p81v125c       0 
IAO21D1BWP30P140                14      8.820    tcbn28hpcplusbwp30p140ssg0p81v125c       0 
IAO21D2BWP30P140                42     37.044    tcbn28hpcplusbwp30p140ssg0p81v125c       0 
IAO22D1BWP30P140                 4      3.528    tcbn28hpcplusbwp30p140ssg0p81v125c       0 
IND2D1BWP30P140                295    148.680    tcbn28hpcplusbwp30p140ssg0p81v125c       0 
IND2D2BWP30P140                  2      1.512    tcbn28hpcplusbwp30p140ssg0p81v125c       0 
IND2D6BWP30P140                  1      1.890    tcbn28hpcplusbwp30p140ssg0p81v125c       0 
IND3D1BWP30P140                  6      3.780    tcbn28hpcplusbwp30p140ssg0p81v125c       0 
IND4D1BWP30P140                  4      3.024    tcbn28hpcplusbwp30p140ssg0p81v125c       0 
INR2D1BWP30P140                587    295.848    tcbn28hpcplusbwp30p140ssg0p81v125c       0 
INR2D2BWP30P140                  2      1.512    tcbn28hpcplusbwp30p140ssg0p81v125c       0 
INR2D4BWP30P140                  1      1.386    tcbn28hpcplusbwp30p140ssg0p81v125c       0 
INR3D0BWP30P140                 11      6.930    tcbn28hpcplusbwp30p140ssg0p81v125c       0 
INR4D0BWP30P140                  1      0.756    tcbn28hpcplusbwp30p140ssg0p81v125c       0 
INVD1BWP30P140                   7      1.764    tcbn28hpcplusbwp30p140ssg0p81v125c       0 
INVD3BWP30P140                   2      1.008    tcbn28hpcplusbwp30p140ssg0p81v125c       0 
IOA21D0BWP30P140                 2      1.260    tcbn28hpcplusbwp30p140ssg0p81v125c       0 
IOA21D1BWP30P140               506    318.780    tcbn28hpcplusbwp30p140ssg0p81v125c       0 
MAOI222D1BWP30P140             103     77.868    tcbn28hpcplusbwp30p140ssg0p81v125c       0 
MAOI22D1BWP30P140               33     24.948    tcbn28hpcplusbwp30p140ssg0p81v125c       0 
MOAI22D1BWP30P140              120     90.720    tcbn28hpcplusbwp30p140ssg0p81v125c       0 
MUX2D0BWP30P140                 85     74.970    tcbn28hpcplusbwp30p140ssg0p81v125c       0 
MUX2D1BWP30P140                 54     54.432    tcbn28hpcplusbwp30p140ssg0p81v125c       0 
MUX2D2BWP30P140                  4      4.536    tcbn28hpcplusbwp30p140ssg0p81v125c       0 
MUX2D4BWP30P140                  1      1.764    tcbn28hpcplusbwp30p140ssg0p81v125c       0 
MUX2NUD1BWP30P140                5      3.780    tcbn28hpcplusbwp30p140ssg0p81v125c       0 
ND2D1BWP30P140                 100     37.800    tcbn28hpcplusbwp30p140ssg0p81v125c       0 
ND2D2BWP30P140                  11      6.930    tcbn28hpcplusbwp30p140ssg0p81v125c       0 
ND2OPTIBD1BWP30P140             48     18.144    tcbn28hpcplusbwp30p140ssg0p81v125c       0 
ND3D1BWP30P140                   5      2.520    tcbn28hpcplusbwp30p140ssg0p81v125c       0 
ND4D1BWP30P140                   2      1.260    tcbn28hpcplusbwp30p140ssg0p81v125c       0 
NR2D1BWP30P140                 114     43.092    tcbn28hpcplusbwp30p140ssg0p81v125c       0 
NR2D2BWP30P140                   1      0.630    tcbn28hpcplusbwp30p140ssg0p81v125c       0 
NR2D3BWP30P140                   1      0.882    tcbn28hpcplusbwp30p140ssg0p81v125c       0 
NR2OPTD6BWP30P140                1      1.638    tcbn28hpcplusbwp30p140ssg0p81v125c       0 
NR2OPTIBD1BWP30P140            184     69.552    tcbn28hpcplusbwp30p140ssg0p81v125c       0 
NR2OPTPAD1BWP30P140              3      1.512    tcbn28hpcplusbwp30p140ssg0p81v125c       0 
NR3D0BWP30P140                  12      6.048    tcbn28hpcplusbwp30p140ssg0p81v125c       0 
NR3D0P7BWP30P140                 4      2.016    tcbn28hpcplusbwp30p140ssg0p81v125c       0 
NR3D1P5BWP30P140                 1      0.882    tcbn28hpcplusbwp30p140ssg0p81v125c       0 
NR4D0BWP30P140                   3      1.890    tcbn28hpcplusbwp30p140ssg0p81v125c       0 
OA21D1BWP30P140                 39     24.570    tcbn28hpcplusbwp30p140ssg0p81v125c       0 
OA22D1BWP30P140                  4      3.528    tcbn28hpcplusbwp30p140ssg0p81v125c       0 
OAI211D1BWP30P140                2      1.260    tcbn28hpcplusbwp30p140ssg0p81v125c       0 
OAI21D0P7BWP30P140              16      8.064    tcbn28hpcplusbwp30p140ssg0p81v125c       0 
OAI21D1BWP30P140                98     49.392    tcbn28hpcplusbwp30p140ssg0p81v125c       0 
OAI21D2BWP30P140                10      8.820    tcbn28hpcplusbwp30p140ssg0p81v125c       0 
OAI21OPTREPBD1BWP30P140          9      6.804    tcbn28hpcplusbwp30p140ssg0p81v125c       0 
OAI221D1BWP30P140                3      2.646    tcbn28hpcplusbwp30p140ssg0p81v125c       0 
OAI222D1BWP30P140                3      3.024    tcbn28hpcplusbwp30p140ssg0p81v125c       0 
OAI22D1BWP30P140              1071    674.730    tcbn28hpcplusbwp30p140ssg0p81v125c       0 
OAI31D1BWP30P140                18     11.340    tcbn28hpcplusbwp30p140ssg0p81v125c       0 
OAI32D1BWP30P140                 2      1.512    tcbn28hpcplusbwp30p140ssg0p81v125c       0 
OR2D0BWP30P140                  34     17.136    tcbn28hpcplusbwp30p140ssg0p81v125c       0 
OR2D1BWP30P140                  91     45.864    tcbn28hpcplusbwp30p140ssg0p81v125c       0 
OR2D2BWP30P140                   3      1.890    tcbn28hpcplusbwp30p140ssg0p81v125c       0 
OR2D4BWP30P140                   1      1.134    tcbn28hpcplusbwp30p140ssg0p81v125c       0 
OR3D1BWP30P140                   7      4.410    tcbn28hpcplusbwp30p140ssg0p81v125c       0 
OR4D1BWP30P140                   1      0.756    tcbn28hpcplusbwp30p140ssg0p81v125c       0 
SDFCNQARD1BWP30P140             80    231.840    tcbn28hpcplusbwp30p140ssg0p81v125c       0 
XNR2D1BWP30P140                 19     19.152    tcbn28hpcplusbwp30p140ssg0p81v125c       0 
XNR2D2BWP30P140                  1      1.134    tcbn28hpcplusbwp30p140ssg0p81v125c       0 
XNR2UD1BWP30P140              1359   1198.638    tcbn28hpcplusbwp30p140ssg0p81v125c       0 
XNR3UD1BWP30P140                69    121.716    tcbn28hpcplusbwp30p140ssg0p81v125c       0 
XOR2D1BWP30P140                 12     12.096    tcbn28hpcplusbwp30p140ssg0p81v125c       0 
XOR2UD1BWP30P140               501    441.882    tcbn28hpcplusbwp30p140ssg0p81v125c       0 
XOR3UD1BWP30P140                17     29.988    tcbn28hpcplusbwp30p140ssg0p81v125c       0 
XOR4D1BWP30P140                  8     21.168    tcbn28hpcplusbwp30p140ssg0p81v125c       0 
--------------------------------------------------------------------------------------------
total                        10425  11274.102                                       


                                                        
            Type             Instances    Area   Area % 
--------------------------------------------------------
sequential                        1105  2550.366   22.6 
inverter                           748   189.378    1.7 
buffer                               1     0.630    0.0 
clock_gating_integrated_cell        59   111.510    1.0 
logic                             8512  8422.218   74.7 
physical_cells                       0     0.000    0.0 
--------------------------------------------------------
total                            10425 11274.102  100.0 

