============================================================
  Generated by:           Genus(TM) Synthesis Solution 21.12-s068_1
  Generated on:           Sep 12 2026  09:48:57 am
  Module:                 Conv
  Operating conditions:   ssg0p81v125c 
  Operating conditions:   tt0p9v25c 
  Operating conditions:   ffg0p99vm40c 
  Interconnect mode:      global
  Area mode:              physical library
============================================================


Path 1: MET (415 ps) Late External Delay Assertion at pin p_output_data_write[19]
           View: analysis_view_0p99v_m40c_capbst_fastest
          Group: clk
     Startpoint: (R) r_output_write_count_reg[0]/CP
          Clock: (R) clk
       Endpoint: (F) p_output_data_write[19]
          Clock: (R) clk

                     Capture       Launch     
        Clock Edge:+    2000            0     
       Src Latency:+       0            0     
       Net Latency:+       0 (I)        0 (I) 
           Arrival:=    2000            0     
                                              
      Output Delay:-    1000                  
     Required Time:=    1000                  
      Launch Clock:-       0                  
         Data Path:-     585                  
             Slack:=     415                  

Exceptions/Constraints:
  output_delay             1000            tmp_sdc_analysis_vie_1_line_271 

#------------------------------------------------------------------------------------------------------------------
#         Timing Point           Flags    Arc   Edge        Cell          Fanout Load Trans Delay Arrival Instance 
#                                                                                (fF)  (ps)  (ps)   (ps)  Location 
#------------------------------------------------------------------------------------------------------------------
  r_output_write_count_reg[0]/CP -       -      R     (arrival)               70    -     0     0       0    (-,-) 
  r_output_write_count_reg[0]/QN -       CP->QN F     EDFCND2BWP30P140         2  2.8     8    40      40    (-,-) 
  g25293/Z                       -       A1->Z  F     AN2D2BWP30P140          39 43.7    69    48      88    (-,-) 
  g25031/ZN                      -       A1->ZN R     AOI22D1BWP30P140         1  1.7    28    26     114    (-,-) 
  g24940/ZN                      -       A1->ZN F     ND2OPTIBD1BWP30P140      1  2.8    21    17     131    (-,-) 
  add_891_69_g1258/CO            -       B->CO  F     HA1D1BWP30P140           1  2.4    10    17     148    (-,-) 
  add_891_69_g1257/CO            -       CI->CO F     FA1D1BWP30P140           1  2.4    13    23     172    (-,-) 
  add_891_69_g1256/CO            -       CI->CO F     FA1D1BWP30P140           1  2.4    13    24     196    (-,-) 
  add_891_69_g1255/CO            -       CI->CO F     FA1D1BWP30P140           1  2.4    13    24     220    (-,-) 
  add_891_69_g1254/CO            -       CI->CO F     FA1D1BWP30P140           1  2.4    13    24     244    (-,-) 
  add_891_69_g1253/CO            -       CI->CO F     FA1D1BWP30P140           1  2.4    13    24     268    (-,-) 
  add_891_69_g1252/CO            -       CI->CO F     FA1D1BWP30P140           1  2.4    12    24     293    (-,-) 
  add_891_69_g1251/CO            -       CI->CO F     FA1D1BWP30P140           3  4.4    18    28     321    (-,-) 
  add_891_69_g1249/Z             -       A1->Z  F     AO21D1BWP30P140          1  2.4    11    18     339    (-,-) 
  add_891_69_g1246/CO            -       CI->CO F     FA1D1BWP30P140           1  2.4    12    24     363    (-,-) 
  add_891_69_g1245/CO            -       CI->CO F     FA1D1BWP30P140           1  2.4    12    24     387    (-,-) 
  add_891_69_g1244/CO            -       CI->CO F     FA1D1BWP30P140           1  2.4    12    24     411    (-,-) 
  add_891_69_g1243/CO            -       CI->CO F     FA1D1BWP30P140           1  2.4    12    24     435    (-,-) 
  add_891_69_g1242/CO            -       CI->CO F     FA1D1BWP30P140           1  2.4    12    24     460    (-,-) 
  add_891_69_g1241/CO            -       CI->CO F     FA1D1BWP30P140           1  2.4    12    24     484    (-,-) 
  add_891_69_g1240/CO            -       CI->CO F     FA1D1BWP30P140           1  2.4    12    24     508    (-,-) 
  add_891_69_g1239/CO            -       CI->CO F     FA1D1BWP30P140           1  2.4    12    24     532    (-,-) 
  add_891_69_g1238/CO            -       CI->CO F     FA1D1BWP30P140           1  1.8    11    23     555    (-,-) 
  add_891_69_g1237/Z             -       A3->Z  F     XOR3UD1BWP30P140         1  5.2    34    30     585    (-,-) 
  p_output_data_write[19]        <<<     -      F     (port)                   -    -     -     0     585    (-,-) 
#------------------------------------------------------------------------------------------------------------------


