============================================================
  Generated by:           Genus(TM) Synthesis Solution 21.12-s068_1
  Generated on:           Jan 26 2026  10:26:29 pm
  Module:                 System
  Operating conditions:   ssg0p81v125c 
  Interconnect mode:      global
  Area mode:              physical library
============================================================


Path 1: MET (0 ps) Setup Check with Pin conv/r_feat_reg[6][19]/CP->D
           View: analysis_view_0p81v_125c_capwst_slowest
          Group: clk
     Startpoint: (R) conv/r_idx_in_reg[2]/CP
          Clock: (R) clk
       Endpoint: (F) conv/r_feat_reg[6][19]/D
          Clock: (R) clk

                     Capture       Launch     
        Clock Edge:+    2000            0     
       Src Latency:+       0            0     
       Net Latency:+       0 (I)        0 (I) 
           Arrival:=    2000            0     
                                              
             Setup:-      16                  
     Required Time:=    1984                  
      Launch Clock:-       0                  
         Data Path:-    1984                  
             Slack:=       0                  

#-------------------------------------------------------------------------------------------------------------------------------------
#                   Timing Point                    Flags    Arc   Edge        Cell          Fanout Load Trans Delay Arrival Instance 
#                                                                                                   (fF)  (ps)  (ps)   (ps)  Location 
#-------------------------------------------------------------------------------------------------------------------------------------
  conv/r_idx_in_reg[2]/CP                           -       -      R     (arrival)                3    -     0     0       0    (-,-) 
  conv/r_idx_in_reg[2]/Q                            -       CP->Q  F     DFQD2BWP30P140           4  4.5    16    66      66    (-,-) 
  conv/mux_mult/g117/ZN                             -       I->ZN  R     CKND1BWP30P140           2  2.9    22    19      85    (-,-) 
  conv/mux_mult/g116/ZN                             -       A1->ZN F     CKND2D3BWP30P140         2  3.1    18    15     100    (-,-) 
  conv/mux_mult/g107/ZN                             -       A1->ZN R     NR2OPTIBD1BWP30P140      2  2.7    34    26     127    (-,-) 
  conv/mux_mult/g101/ZN                             -       A2->ZN F     NR2D2BWP30P140           2  4.3    23    19     146    (-,-) 
  conv/mux_mult/g99/ZN                              -       I->ZN  R     INVD3BWP30P140           9  8.2    20    19     165    (-,-) 
  conv/g62710/ZN                                    -       I->ZN  F     CKND1BWP30P140           4  3.9    28    22     186    (-,-) 
  conv/g62675/ZN                                    -       A1->ZN R     ND2D1BWP30P140           4  5.4    38    30     216    (-,-) 
  conv/g62660/ZN                                    -       I->ZN  F     CKND1BWP30P140           3  3.3    28    24     241    (-,-) 
  conv/g62561/Z                                     -       A2->Z  F     AN2D2BWP30P140          40 35.3    92    71     312    (-,-) 
  conv/g61239/Z                                     -       A1->Z  F     AO22D0BWP30P140          1  1.3    22    56     368    (-,-) 
  conv/g60674/ZN                                    -       A2->ZN R     NR2OPTIBD1BWP30P140      1  1.3    22    21     389    (-,-) 
  conv/g60334/ZN                                    -       A1->ZN F     ND3D1BWP30P140           1  1.2    32    24     414    (-,-) 
  conv/g60099/Z                                     -       A4->Z  F     OR4D1BWP30P140          21 20.0   107    93     506    (-,-) 
  conv/genblk1[1].multip/mul_153_63_g5977/CO        -       B->CO  F     HA1D1BWP30P140           1  2.1    18    43     549    (-,-) 
  conv/genblk1[1].multip/mul_153_63_g5880/CO        -       CI->CO F     FA1D1BWP30P140           1  2.1    22    42     591    (-,-) 
  conv/genblk1[1].multip/mul_153_63_g5786/CO        -       CI->CO F     FA1D1BWP30P140           1  2.1    24    44     635    (-,-) 
  conv/genblk1[1].multip/mul_153_63_g5759/CO        -       CI->CO F     FA1D1BWP30P140           1  2.1    24    44     679    (-,-) 
  conv/genblk1[1].multip/mul_153_63_g5738/CO        -       CI->CO F     FA1D1BWP30P140           1  2.1    24    44     724    (-,-) 
  conv/genblk1[1].multip/mul_153_63_g5715/CO        -       CI->CO F     FA1D1BWP30P140           1  2.1    24    44     768    (-,-) 
  conv/genblk1[1].multip/mul_153_63_g5701/CO        -       CI->CO F     FA1D1BWP30P140           1  2.1    24    44     812    (-,-) 
  conv/genblk1[1].multip/mul_153_63_g5687/CO        -       CI->CO F     FA1D1BWP30P140           1  2.1    24    44     857    (-,-) 
  conv/genblk1[1].multip/mul_153_63_g5674/CO        -       CI->CO F     FA1D1BWP30P140           1  2.1    24    44     901    (-,-) 
  conv/genblk1[1].multip/mul_153_63_g5661/CO        -       CI->CO F     FA1D1BWP30P140           1  2.1    23    44     945    (-,-) 
  conv/genblk1[1].multip/mul_153_63_g5646/CO        -       CI->CO F     FA1D1BWP30P140           1  2.1    23    44     989    (-,-) 
  conv/genblk1[1].multip/mul_153_63_g5630/CO        -       CI->CO F     FA1D1BWP30P140           1  2.1    23    44    1033    (-,-) 
  conv/genblk1[1].multip/mul_153_63_g5617/CO        -       CI->CO F     FA1D1BWP30P140           1  2.1    23    44    1077    (-,-) 
  conv/genblk1[1].multip/mul_153_63_g5605/CO        -       CI->CO F     FA1D1BWP30P140           1  2.1    23    44    1121    (-,-) 
  conv/genblk1[1].multip/mul_153_63_g5593/CO        -       CI->CO F     FA1D1BWP30P140           1  2.1    23    44    1165    (-,-) 
  conv/genblk1[1].multip/mul_153_63_g5582/CO        -       CI->CO F     FA1D1BWP30P140           1  2.1    22    44    1209    (-,-) 
  conv/genblk1[1].multip/mul_153_63_g5571/CO        -       CI->CO F     FA1D1BWP30P140           1  2.1    22    44    1252    (-,-) 
  conv/genblk1[1].multip/mul_153_63_g5562/S         -       CI->S  R     FA1D1BWP30P140           4  3.9    37    82    1334    (-,-) 
  conv/genblk1[1].multip/mul_153_63_g5554/ZN        -       A1->ZN F     AOI221D1BWP30P140        1  1.8    76    27    1361    (-,-) 
  conv/genblk1[1].multip/mul_153_63_g5548/ZN        -       A1->ZN F     XNR2UD1BWP30P140         1  2.1    48    44    1405    (-,-) 
  conv/genblk1[1].multip/mul_153_63_cdnfadd_021_4/S -       CI->S  R     FA1D1BWP30P140           1  2.6    30    85    1490    (-,-) 
  conv/genblk1[1].multip/mul_153_63_cdnfadd_021_5/S -       B->S   F     FA1D1BWP30P140           1  1.3    22    67    1557    (-,-) 
  conv/genblk1[1].multip/mul_153_63_g5493/ZN        -       I->ZN  R     CKND1BWP30P140           2  2.1    19    18    1576    (-,-) 
  conv/genblk1[1].multip/mul_153_63_g5487/ZN        -       A1->ZN F     ND2D1BWP30P140           3  2.8    34    26    1601    (-,-) 
  conv/genblk1[1].multip/mul_153_63_g5478/ZN        -       A1->ZN R     CKND2D1BWP30P140         2  2.0    30    27    1628    (-,-) 
  conv/genblk1[1].multip/mul_153_63_g5477/ZN        -       B2->ZN F     INR3D0BWP30P140          2  2.1    32    24    1652    (-,-) 
  conv/genblk1[1].multip/mul_153_63_g5469/ZN        -       B1->ZN R     AOI221D1BWP30P140        1  1.4    48    46    1698    (-,-) 
  conv/genblk1[1].multip/mul_153_63_g5467/ZN        -       B->ZN  F     OAI21D1BWP30P140         1  2.1    37    34    1732    (-,-) 
  conv/genblk1[1].multip/mul_153_63_g5466/CO        -       CI->CO F     FA1D1BWP30P140           1  2.1    22    49    1781    (-,-) 
  conv/genblk1[1].multip/mul_153_63_g5465/CO        -       CI->CO F     FA1D1BWP30P140           1  2.1    21    43    1824    (-,-) 
  conv/genblk1[1].multip/mul_153_63_g5464/CO        -       CI->CO F     FA1D1BWP30P140           1  1.3    18    40    1864    (-,-) 
  conv/genblk1[1].multip/mul_153_63_g5463/Z         -       A3->Z  F     XOR3UD1BWP30P140         1  1.3    28    32    1896    (-,-) 
  conv/g53821/ZN                                    -       I->ZN  R     CKND1BWP30P140           9  8.4    56    43    1938    (-,-) 
  conv/g52081/ZN                                    -       B2->ZN F     OAI221D1BWP30P140        1  1.3    57    45    1984    (-,-) 
  conv/r_feat_reg[6][19]/D                          <<<     -      F     DFQD2BWP30P140           1    -     -     0    1984    (-,-) 
#-------------------------------------------------------------------------------------------------------------------------------------


