============================================================
  Generated by:           Genus(TM) Synthesis Solution 21.12-s068_1
  Generated on:           Oct 03 2026  10:57:45 am
  Module:                 Conv
  Operating conditions:   ssg0p81v125c 
  Operating conditions:   tt0p9v25c 
  Interconnect mode:      global
  Area mode:              physical library
============================================================


Path 1: MET (221 ps) Late External Delay Assertion at pin p_output_data_write[19]
           View: analysis_view_0p90v_25c_captyp_nominal
          Group: clk
     Startpoint: (R) r_output_write_count_reg[2]/CP
          Clock: (R) clk
       Endpoint: (R) p_output_data_write[19]
          Clock: (R) clk

                     Capture       Launch     
        Clock Edge:+    2000            0     
       Src Latency:+       0            0     
       Net Latency:+       0 (I)        0 (I) 
           Arrival:=    2000            0     
                                              
      Output Delay:-    1000                  
     Required Time:=    1000                  
      Launch Clock:-       0                  
         Data Path:-     779                  
             Slack:=     221                  

Exceptions/Constraints:
  output_delay             1000            tmp_sdc_analysis_vie_line_889 

#-----------------------------------------------------------------------------------------------------------------
#         Timing Point           Flags    Arc   Edge        Cell         Fanout Load Trans Delay Arrival Instance 
#                                                                               (fF)  (ps)  (ps)   (ps)  Location 
#-----------------------------------------------------------------------------------------------------------------
  r_output_write_count_reg[2]/CP -       -      R     (arrival)               4    -     0     0       0    (-,-) 
  r_output_write_count_reg[2]/Q  -       CP->Q  R     DFCNQD1BWP30P140        4  6.6    30    55      55    (-,-) 
  g36222/ZN                      -       A2->ZN F     NR2D1BWP30P140          4  6.6    32    28      82    (-,-) 
  g36178/ZN                      -       A2->ZN R     ND2D2BWP30P140         12 12.6    32    29     111    (-,-) 
  g36057/ZN                      -       I->ZN  F     CKND1BWP30P140         30 29.3   132    86     197    (-,-) 
  g35521/Z                       -       A1->Z  F     AO22D0BWP30P140         1  1.6    20    55     252    (-,-) 
  g35426/ZN                      -       C->ZN  R     AOI221D1BWP30P140       1  1.5    41    32     284    (-,-) 
  g41597/ZN                      -       A3->ZN F     ND3D1BWP30P140          1  3.3    46    36     320    (-,-) 
  add_707_69_g476/CO             -       B->CO  F     FA1OPTCD1BWP30P140      1  2.7    18    45     365    (-,-) 
  add_707_69_g475/CO             -       CI->CO F     FA1OPTCD1BWP30P140      1  2.7    18    26     390    (-,-) 
  add_707_69_g474/CO             -       CI->CO F     FA1OPTCD1BWP30P140      1  2.7    18    25     416    (-,-) 
  add_707_69_g473/CO             -       CI->CO F     FA1OPTCD1BWP30P140      1  2.2    16    24     440    (-,-) 
  add_707_69_g472/CO             -       CI->CO F     FA1D1BWP30P140          1  2.7    18    33     473    (-,-) 
  add_707_69_g471/CO             -       CI->CO F     FA1OPTCD1BWP30P140      1  2.7    18    26     499    (-,-) 
  add_707_69_g470/CO             -       CI->CO F     FA1OPTCD1BWP30P140      1  2.7    18    25     524    (-,-) 
  add_707_69_g469/CO             -       CI->CO F     FA1OPTCD1BWP30P140      1  2.7    18    25     549    (-,-) 
  add_707_69_g468/CO             -       CI->CO F     FA1OPTCD1BWP30P140      1  2.7    18    25     575    (-,-) 
  add_707_69_g467/CO             -       CI->CO F     FA1OPTCD1BWP30P140      1  2.2    16    24     599    (-,-) 
  add_707_69_g466/CO             -       CI->CO F     FA1D1BWP30P140          1  2.2    16    32     631    (-,-) 
  add_707_69_g465/CO             -       CI->CO F     FA1D1BWP30P140          1  2.2    16    32     663    (-,-) 
  add_707_69_g464/CO             -       CI->CO F     FA1D1BWP30P140          1  2.2    16    32     695    (-,-) 
  add_707_69_g463/CO             -       CI->CO F     FA1D1BWP30P140          1  1.6    14    30     725    (-,-) 
  g41600/Z                       -       A1->Z  R     XOR3D2BWP30P140         1  5.0    16    54     779    (-,-) 
  p_output_data_write[19]        <<<     -      R     (port)                  -    -     -     0     779    (-,-) 
#-----------------------------------------------------------------------------------------------------------------


