============================================================
  Generated by:           Genus(TM) Synthesis Solution 21.12-s068_1
  Generated on:           Oct 03 2026  10:57:52 am
  Module:                 Conv
  Operating conditions:   ssg0p81v125c 
  Operating conditions:   tt0p9v25c 
  Operating conditions:   ffg0p99vm40c 
  Interconnect mode:      global
  Area mode:              physical library
============================================================


Path 1: MET (392 ps) Late External Delay Assertion at pin p_output_data_write[19]
           View: analysis_view_0p99v_m40c_capbst_fastest
          Group: clk
     Startpoint: (R) r_output_write_count_reg[2]/CP
          Clock: (R) clk
       Endpoint: (R) p_output_data_write[19]
          Clock: (R) clk

                     Capture       Launch     
        Clock Edge:+    2000            0     
       Src Latency:+       0            0     
       Net Latency:+       0 (I)        0 (I) 
           Arrival:=    2000            0     
                                              
      Output Delay:-    1000                  
     Required Time:=    1000                  
      Launch Clock:-       0                  
         Data Path:-     608                  
             Slack:=     392                  

Exceptions/Constraints:
  output_delay             1000            tmp_sdc_analysis_vie_1_line_339 

#-----------------------------------------------------------------------------------------------------------------
#         Timing Point           Flags    Arc   Edge        Cell         Fanout Load Trans Delay Arrival Instance 
#                                                                               (fF)  (ps)  (ps)   (ps)  Location 
#-----------------------------------------------------------------------------------------------------------------
  r_output_write_count_reg[2]/CP -       -      R     (arrival)               4    -     0     0       0    (-,-) 
  r_output_write_count_reg[2]/Q  -       CP->Q  R     DFCNQD1BWP30P140        4  7.2    26    43      43    (-,-) 
  g36222/ZN                      -       A2->ZN F     NR2D1BWP30P140          4  7.2    27    22      66    (-,-) 
  g36178/ZN                      -       A2->ZN R     ND2D2BWP30P140         12 13.9    27    24      90    (-,-) 
  g36057/ZN                      -       I->ZN  F     CKND1BWP30P140         30 32.3   116    75     165    (-,-) 
  g35521/Z                       -       A1->Z  F     AO22D0BWP30P140         1  1.8    17    42     207    (-,-) 
  g35426/ZN                      -       C->ZN  R     AOI221D1BWP30P140       1  1.7    34    25     232    (-,-) 
  g41597/ZN                      -       A3->ZN F     ND3D1BWP30P140          1  3.5    35    26     258    (-,-) 
  add_707_69_g476/CO             -       B->CO  F     FA1OPTCD1BWP30P140      1  3.0    15    34     292    (-,-) 
  add_707_69_g475/CO             -       CI->CO F     FA1OPTCD1BWP30P140      1  3.0    14    20     312    (-,-) 
  add_707_69_g474/CO             -       CI->CO F     FA1OPTCD1BWP30P140      1  3.0    14    20     331    (-,-) 
  add_707_69_g473/CO             -       CI->CO F     FA1OPTCD1BWP30P140      1  2.4    13    18     350    (-,-) 
  add_707_69_g472/CO             -       CI->CO F     FA1D1BWP30P140          1  3.0    14    25     375    (-,-) 
  add_707_69_g471/CO             -       CI->CO F     FA1OPTCD1BWP30P140      1  3.0    14    20     395    (-,-) 
  add_707_69_g470/CO             -       CI->CO F     FA1OPTCD1BWP30P140      1  3.0    14    20     414    (-,-) 
  add_707_69_g469/CO             -       CI->CO F     FA1OPTCD1BWP30P140      1  3.0    14    20     434    (-,-) 
  add_707_69_g468/CO             -       CI->CO F     FA1OPTCD1BWP30P140      1  3.0    14    20     453    (-,-) 
  add_707_69_g467/CO             -       CI->CO F     FA1OPTCD1BWP30P140      1  2.4    13    18     472    (-,-) 
  add_707_69_g466/CO             -       CI->CO F     FA1D1BWP30P140          1  2.4    13    24     496    (-,-) 
  add_707_69_g465/CO             -       CI->CO F     FA1D1BWP30P140          1  2.4    13    24     520    (-,-) 
  add_707_69_g464/CO             -       CI->CO F     FA1D1BWP30P140          1  2.4    13    24     545    (-,-) 
  add_707_69_g463/CO             -       CI->CO F     FA1D1BWP30P140          1  1.8    11    23     568    (-,-) 
  g41600/Z                       -       A1->Z  R     XOR3D2BWP30P140         1  5.2    13    41     608    (-,-) 
  p_output_data_write[19]        <<<     -      R     (port)                  -    -     -     0     608    (-,-) 
#-----------------------------------------------------------------------------------------------------------------


