============================================================
  Generated by:           Genus(TM) Synthesis Solution 21.12-s068_1
  Generated on:           Oct 05 2026  05:46:49 pm
  Module:                 Conv
  Operating conditions:   ssg0p81v125c 
  Operating conditions:   tt0p9v25c 
  Operating conditions:   ffg0p99vm40c 
  Interconnect mode:      global
  Area mode:              physical library
============================================================


Path 1: MET (406 ps) Late External Delay Assertion at pin p_output_data_write[19]
           View: analysis_view_0p99v_m40c_capbst_fastest
          Group: clk
     Startpoint: (R) r_output_write_count_reg[0]/CP
          Clock: (R) clk
       Endpoint: (R) p_output_data_write[19]
          Clock: (R) clk

                     Capture       Launch     
        Clock Edge:+    2000            0     
       Src Latency:+       0            0     
       Net Latency:+       0 (I)        0 (I) 
           Arrival:=    2000            0     
                                              
      Output Delay:-    1000                  
     Required Time:=    1000                  
      Launch Clock:-       0                  
         Data Path:-     594                  
             Slack:=     406                  

Exceptions/Constraints:
  output_delay             1000            tmp_sdc_analysis_vie_1_line_533 

#------------------------------------------------------------------------------------------------------------------
#         Timing Point           Flags    Arc   Edge        Cell         Fanout  Load Trans Delay Arrival Instance 
#                                                                                (fF)  (ps)  (ps)   (ps)  Location 
#------------------------------------------------------------------------------------------------------------------
  r_output_write_count_reg[0]/CP -       -      R     (arrival)               4     -     0     0       0    (-,-) 
  r_output_write_count_reg[0]/Q  -       CP->Q  F     DFCND1BWP30P140         4  12.0    41    58      58    (-,-) 
  g13116/ZN                      -       A1->ZN R     NR2OPTD12BWP30P140    158 190.2    96    68     126    (-,-) 
  g11465/ZN                      -       B1->ZN F     AOI22D1BWP30P140        1   1.7    35    24     150    (-,-) 
  g11321/ZN                      -       A2->ZN R     ND2D1BWP30P140          2   2.7    18    17     167    (-,-) 
  add_1007_76_I1_g482/Z          -       A2->Z  R     CKAN2D1BWP30P140        2   3.6    14    19     186    (-,-) 
  add_1007_76_I1_g480/CO         -       CI->CO R     FA1D1BWP30P140          1   3.0    15    24     210    (-,-) 
  add_1007_76_I1_g479/CO         -       CI->CO R     FA1OPTCD1BWP30P140      1   2.5    13    19     229    (-,-) 
  add_1007_76_I1_g478/CO         -       CI->CO R     FA1D1BWP30P140          1   3.0    15    23     252    (-,-) 
  add_1007_76_I1_g477/CO         -       CI->CO R     FA1OPTCD1BWP30P140      1   2.5    13    19     271    (-,-) 
  add_1007_76_I1_g476/CO         -       CI->CO R     FA1D1BWP30P140          1   3.0    15    23     295    (-,-) 
  add_1007_76_I1_g475/CO         -       CI->CO R     FA1OPTCD1BWP30P140      1   2.5    14    19     314    (-,-) 
  add_1007_76_I1_g474/CO         -       CI->CO R     FA1D1BWP30P140          1   3.0    15    23     337    (-,-) 
  add_1007_76_I1_g473/CO         -       CI->CO R     FA1OPTCD1BWP30P140      1   3.1    15    20     357    (-,-) 
  add_1007_76_I1_g472/CO         -       CI->CO R     FA1OPTCD2BWP30P140      1   3.1    11    16     374    (-,-) 
  add_1007_76_I1_g471/CO         -       CI->CO R     FA1OPTCD2BWP30P140      1   3.0    11    16     390    (-,-) 
  add_1007_76_I1_g470/CO         -       CI->CO R     FA1OPTCD1BWP30P140      1   3.0    15    19     409    (-,-) 
  add_1007_76_I1_g469/CO         -       CI->CO R     FA1OPTCD1BWP30P140      1   2.5    14    19     428    (-,-) 
  add_1007_76_I1_g468/CO         -       CI->CO R     FA1D1BWP30P140          1   2.5    13    22     450    (-,-) 
  add_1007_76_I1_g467/CO         -       CI->CO R     FA1D1BWP30P140          1   2.5    13    22     473    (-,-) 
  add_1007_76_I1_g466/CO         -       CI->CO R     FA1D1BWP30P140          1   2.5    13    22     495    (-,-) 
  add_1007_76_I1_g465/CO         -       CI->CO R     FA1D1BWP30P140          1   2.5    13    22     518    (-,-) 
  add_1007_76_I1_g464/CO         -       CI->CO R     FA1D1BWP30P140          1   2.5    13    22     540    (-,-) 
  add_1007_76_I1_g463/CO         -       CI->CO R     FA1D1BWP30P140          1   1.8    11    21     561    (-,-) 
  add_1007_76_I1_g462/Z          -       A3->Z  R     XOR3UD1BWP30P140        1   5.2    39    33     594    (-,-) 
  p_output_data_write[19]        <<<     -      R     (port)                  -     -     -     0     594    (-,-) 
#------------------------------------------------------------------------------------------------------------------


