============================================================
  Generated by:           Genus(TM) Synthesis Solution 22.17-s071_1
  Generated on:           Apr 25 2025  02:57:39 pm
  Module:                 conv
  Library domain:         timing_cond_0p81v_125c
    Domain index:         0
    Technology library:   tcbn28hpcplusbwp30p140ssg0p81v125c 110
  Operating conditions:   ssg0p81v125c 
  Interconnect mode:      global
  Area mode:              physical library
============================================================

    Instance      Module    Cell Count  Cell Area  Net Area   Total Area 
-------------------------------------------------------------------------
conv                             10848  14624.694  5976.791    20601.485 
  mult_matrix_A MatrixA           1404   2962.008   644.753     3606.761 
    sp0         CSA_9              156    329.112    71.639      400.751 
      L1a       FA_947              20     42.462     0.000       42.462 
      L1b       FA_938              20     42.462     0.000       42.462 
      L1c       FA_929              20     42.462     0.000       42.462 
      L2a       FA_59_1023          20     41.958     0.000       41.958 
      L2b       FA_58               19     40.320     0.000       40.320 
      L3        FA_59               20     41.958     0.000       41.958 
      L4        FA_60               19     39.816     0.000       39.816 
    sp1         CSA_9_928          156    329.112    71.639      400.751 
      L1a       FA_955              20     42.462     0.000       42.462 
      L1b       FA_946              20     42.462     0.000       42.462 
      L1c       FA_937              20     42.462     0.000       42.462 
      L2a       FA_59_1015          20     41.958     0.000       41.958 
      L2b       FA_58_989           19     40.320     0.000       40.320 
      L3        FA_59_1024          20     41.958     0.000       41.958 
      L4        FA_60_1032          19     39.816     0.000       39.816 
    sp2         CSA_9_927          156    329.112    71.639      400.751 
      L1a       FA_954              20     42.462     0.000       42.462 
      L1b       FA_945              20     42.462     0.000       42.462 
      L1c       FA_936              20     42.462     0.000       42.462 
      L2a       FA_59_1016          20     41.958     0.000       41.958 
      L2b       FA_58_990           19     40.320     0.000       40.320 
      L3        FA_59_1025          20     41.958     0.000       41.958 
      L4        FA_60_1033          19     39.816     0.000       39.816 
    sp3         CSA_9_926          156    329.112    71.639      400.751 
      L1a       FA_953              20     42.462     0.000       42.462 
      L1b       FA_944              20     42.462     0.000       42.462 
      L1c       FA_935              20     42.462     0.000       42.462 
      L2a       FA_59_1017          20     41.958     0.000       41.958 
      L2b       FA_58_991           19     40.320     0.000       40.320 
      L3        FA_59_1026          20     41.958     0.000       41.958 
      L4        FA_60_1034          19     39.816     0.000       39.816 
    sp4         CSA_9_925          156    329.112    71.639      400.751 
      L1a       FA_952              20     42.462     0.000       42.462 
      L1b       FA_943              20     42.462     0.000       42.462 
      L1c       FA_934              20     42.462     0.000       42.462 
      L2a       FA_59_1018          20     41.958     0.000       41.958 
      L2b       FA_58_992           19     40.320     0.000       40.320 
      L3        FA_59_1027          20     41.958     0.000       41.958 
      L4        FA_60_1035          19     39.816     0.000       39.816 
    sp5         CSA_9_924          156    329.112    71.639      400.751 
      L1a       FA_951              20     42.462     0.000       42.462 
      L1b       FA_942              20     42.462     0.000       42.462 
      L1c       FA_933              20     42.462     0.000       42.462 
      L2a       FA_59_1019          20     41.958     0.000       41.958 
      L2b       FA_58_993           19     40.320     0.000       40.320 
      L3        FA_59_1028          20     41.958     0.000       41.958 
      L4        FA_60_1036          19     39.816     0.000       39.816 
    sp6         CSA_9_923          156    329.112    71.639      400.751 
      L1a       FA_950              20     42.462     0.000       42.462 
      L1b       FA_941              20     42.462     0.000       42.462 
      L1c       FA_932              20     42.462     0.000       42.462 
      L2a       FA_59_1020          20     41.958     0.000       41.958 
      L2b       FA_58_994           19     40.320     0.000       40.320 
      L3        FA_59_1029          20     41.958     0.000       41.958 
      L4        FA_60_1037          19     39.816     0.000       39.816 
    sp7         CSA_9_922          156    329.112    71.639      400.751 
      L1a       FA_949              20     42.462     0.000       42.462 
      L1b       FA_940              20     42.462     0.000       42.462 
      L1c       FA_931              20     42.462     0.000       42.462 
      L2a       FA_59_1021          20     41.958     0.000       41.958 
      L2b       FA_58_995           19     40.320     0.000       40.320 
      L3        FA_59_1030          20     41.958     0.000       41.958 
      L4        FA_60_1038          19     39.816     0.000       39.816 
    sp8         CSA_9_921          156    329.112    71.639      400.751 
      L1a       FA_948              20     42.462     0.000       42.462 
      L1b       FA_939              20     42.462     0.000       42.462 
      L1c       FA_930              20     42.462     0.000       42.462 
      L2a       FA_59_1022          20     41.958     0.000       41.958 
      L2b       FA_58_996           19     40.320     0.000       40.320 
      L3        FA_59_1031          20     41.958     0.000       41.958 
      L4        FA_60_1039          19     39.816     0.000       39.816 
  mult_matrix_C MatrixC           2843   4864.608  1135.872     6000.480 
    sn0         CSA_4               59    124.236    23.964      148.200 
      layer1    FA_956              20     42.462     0.000       42.462 
      layer2    FA_59_1014          20     41.958     0.000       41.958 
    sn1         CSA_4_912           59    124.236    23.964      148.200 
      layer1    FA_964              20     42.462     0.000       42.462 
      layer2    FA_59_1006          20     41.958     0.000       41.958 
    sn2         CSA_4_911           59    124.236    23.964      148.200 
      layer1    FA_963              20     42.462     0.000       42.462 
      layer2    FA_59_1007          20     41.958     0.000       41.958 
    sn3         CSA_2               20     41.958     4.793       46.751 
    sn4         CSA_2_904           20     41.958     4.793       46.751 
    sn5         CSA_2_903           20     41.958     4.793       46.751 
    sn6         CSA_4_910           59    124.236    23.964      148.200 
      layer1    FA_962              20     42.462     0.000       42.462 
      layer2    FA_59_1008          20     41.958     0.000       41.958 
    sn7         CSA_4_909           59    124.236    23.964      148.200 
      layer1    FA_961              20     42.462     0.000       42.462 
      layer2    FA_59_1009          20     41.958     0.000       41.958 
    sn8         CSA_4_908           59    124.236    23.964      148.200 
      layer1    FA_960              20     42.462     0.000       42.462 
      layer2    FA_59_1010          20     41.958     0.000       41.958 
    sn9         CSA_2_902           20     41.958     4.793       46.751 
    sn10        CSA_2_901           20     41.958     4.793       46.751 
    sn11        CSA_2_900           20     41.958     4.793       46.751 
    sn12        CSA_4_907           59    124.236    23.964      148.200 
      layer1    FA_959              20     42.462     0.000       42.462 
      layer2    FA_59_1011          20     41.958     0.000       41.958 
    sn13        CSA_4_906           59    124.236    23.964      148.200 
      layer1    FA_958              20     42.462     0.000       42.462 
      layer2    FA_59_1012          20     41.958     0.000       41.958 
    sn14        CSA_4_905           59    124.236    23.964      148.200 
      layer1    FA_957              20     42.462     0.000       42.462 
      layer2    FA_59_1013          20     41.958     0.000       41.958 
    sn15        CSA_2_899           20     41.958     4.793       46.751 
    sn16        CSA_2_898           20     41.958     4.793       46.751 
    sn17        CSA_2_897           20     41.958     4.793       46.751 
    sn18        CSA_2_896           20     41.958     4.793       46.751 
    sn19        CSA_2_895           20     41.958     4.793       46.751 
    sn20        CSA_2_894           20     41.958     4.793       46.751 
    sn24        CSA_2_893           20     41.958     4.793       46.751 
    sn25        CSA_2_892           20     41.958     4.793       46.751 
    sn26        CSA_2_891           20     41.958     4.793       46.751 
    sn30        CSA_2_890           20     41.958     4.793       46.751 
    sn31        CSA_2_889           20     41.958     4.793       46.751 
    sn32        CSA_2_888           20     41.958     4.793       46.751 
    sp0         CSA_5               97    194.418    42.630      237.048 
      L1a       FA                  20     42.462     0.000       42.462 
      L1b       FA_1                20     32.004     0.000       32.004 
      L2        FA_59_1005          20     41.958     0.000       41.958 
      L3        FA_3                19     40.320     0.000       40.320 
    sp1         CSA_5_920           97    194.418    42.630      237.048 
      L1a       FA_972              20     42.462     0.000       42.462 
      L1b       FA_1_980            20     32.004     0.000       32.004 
      L2        FA_59_997           20     41.958     0.000       41.958 
      L3        FA_3_988            19     40.320     0.000       40.320 
    sp2         CSA_5_919           97    194.418    42.630      237.048 
      L1a       FA_971              20     42.462     0.000       42.462 
      L1b       FA_1_979            20     32.004     0.000       32.004 
      L2        FA_59_998           20     41.958     0.000       41.958 
      L3        FA_3_987            19     40.320     0.000       40.320 
    sp6         CSA_5_918           97    194.418    42.630      237.048 
      L1a       FA_970              20     42.462     0.000       42.462 
      L1b       FA_1_978            20     32.004     0.000       32.004 
      L2        FA_59_999           20     41.958     0.000       41.958 
      L3        FA_3_986            19     40.320     0.000       40.320 
    sp7         CSA_5_917           97    194.418    42.630      237.048 
      L1a       FA_969              20     42.462     0.000       42.462 
      L1b       FA_1_977            20     32.004     0.000       32.004 
      L2        FA_59_1000          20     41.958     0.000       41.958 
      L3        FA_3_985            19     40.320     0.000       40.320 
    sp8         CSA_5_916           97    194.418    42.630      237.048 
      L1a       FA_968              20     42.462     0.000       42.462 
      L1b       FA_1_976            20     32.004     0.000       32.004 
      L2        FA_59_1001          20     41.958     0.000       41.958 
      L3        FA_3_984            19     40.320     0.000       40.320 
    sp12        CSA_5_915           97    194.418    42.630      237.048 
      L1a       FA_967              20     42.462     0.000       42.462 
      L1b       FA_1_975            20     32.004     0.000       32.004 
      L2        FA_59_1002          20     41.958     0.000       41.958 
      L3        FA_3_983            19     40.320     0.000       40.320 
    sp13        CSA_5_914           97    194.418    42.630      237.048 
      L1a       FA_966              20     42.462     0.000       42.462 
      L1b       FA_1_974            20     32.004     0.000       32.004 
      L2        FA_59_1003          20     41.958     0.000       41.958 
      L3        FA_3_982            19     40.320     0.000       40.320 
    sp14        CSA_5_913           97    194.418    42.630      237.048 
      L1a       FA_965              20     42.462     0.000       42.462 
      L1b       FA_1_973            20     32.004     0.000       32.004 
      L2        FA_59_1004          20     41.958     0.000       41.958 
      L3        FA_3_981            19     40.320     0.000       40.320 
