============================================================
  Generated by:           Genus(TM) Synthesis Solution 21.12-s068_1
  Generated on:           Oct 05 2026  03:22:23 pm
  Module:                 Conv
  Library domain:         timing_cond_0p81v_125c
    Domain index:         0
    Technology library:   tcbn28hpcplusbwp30p140ssg0p81v125c 110
  Operating conditions:   ssg0p81v125c 
  Interconnect mode:      global
  Area mode:              physical library
============================================================

                                                                                     Library 
          Gate            Instances    Area                   Library                 Domain 
---------------------------------------------------------------------------------------------
AN2D0BWP30P140                    3      1.512    tcbn28hpcplusbwp30p140ssg0p81v125c       0 
AN2D1BWP30P140                   70     35.280    tcbn28hpcplusbwp30p140ssg0p81v125c       0 
AN2D2BWP30P140                   30     18.900    tcbn28hpcplusbwp30p140ssg0p81v125c       0 
AN2D4BWP30P140                   16     18.144    tcbn28hpcplusbwp30p140ssg0p81v125c       0 
AN3D0BWP30P140                    2      1.260    tcbn28hpcplusbwp30p140ssg0p81v125c       0 
AN3D1BWP30P140                   52     32.760    tcbn28hpcplusbwp30p140ssg0p81v125c       0 
AN3D2BWP30P140                    5      3.780    tcbn28hpcplusbwp30p140ssg0p81v125c       0 
AN3D4BWP30P140                   13     18.018    tcbn28hpcplusbwp30p140ssg0p81v125c       0 
AN4D1BWP30P140                   16     12.096    tcbn28hpcplusbwp30p140ssg0p81v125c       0 
AO211D1BWP30P140                 22     16.632    tcbn28hpcplusbwp30p140ssg0p81v125c       0 
AO211D2BWP30P140                  5      4.410    tcbn28hpcplusbwp30p140ssg0p81v125c       0 
AO211D4BWP30P140                 87    142.506    tcbn28hpcplusbwp30p140ssg0p81v125c       0 
AO21D1BWP30P140                 171    107.730    tcbn28hpcplusbwp30p140ssg0p81v125c       0 
AO21D2BWP30P140                  36     27.216    tcbn28hpcplusbwp30p140ssg0p81v125c       0 
AO21D4BWP30P140                  83    115.038    tcbn28hpcplusbwp30p140ssg0p81v125c       0 
AO22D0BWP30P140                1338   1011.528    tcbn28hpcplusbwp30p140ssg0p81v125c       0 
AO22D1BWP30P140                   9      7.938    tcbn28hpcplusbwp30p140ssg0p81v125c       0 
AO22D2BWP30P140                   6      6.048    tcbn28hpcplusbwp30p140ssg0p81v125c       0 
AO22D4BWP30P140                  16     28.224    tcbn28hpcplusbwp30p140ssg0p81v125c       0 
AOI211D1BWP30P140                13      8.190    tcbn28hpcplusbwp30p140ssg0p81v125c       0 
AOI211D2BWP30P140                53     60.102    tcbn28hpcplusbwp30p140ssg0p81v125c       0 
AOI211D4BWP30P140                51    115.668    tcbn28hpcplusbwp30p140ssg0p81v125c       0 
AOI211D6BWP30P140                23     75.348    tcbn28hpcplusbwp30p140ssg0p81v125c       0 
AOI211OPTREPBD1BWP30P140          6      6.804    tcbn28hpcplusbwp30p140ssg0p81v125c       0 
AOI211OPTREPBD2BWP30P140         32     56.448    tcbn28hpcplusbwp30p140ssg0p81v125c       0 
AOI211OPTREPBD4BWP30P140         36    127.008    tcbn28hpcplusbwp30p140ssg0p81v125c       0 
AOI21D0P7BWP30P140                4      2.016    tcbn28hpcplusbwp30p140ssg0p81v125c       0 
AOI21D1BWP30P140                957    482.328    tcbn28hpcplusbwp30p140ssg0p81v125c       0 
AOI21D2BWP30P140                374    329.868    tcbn28hpcplusbwp30p140ssg0p81v125c       0 
AOI21D4BWP30P140                362    638.568    tcbn28hpcplusbwp30p140ssg0p81v125c       0 
AOI21D6BWP30P140                162    408.240    tcbn28hpcplusbwp30p140ssg0p81v125c       0 
AOI21D8BWP30P140                 17     55.692    tcbn28hpcplusbwp30p140ssg0p81v125c       0 
AOI21OPTREPBD1BWP30P140         140    105.840    tcbn28hpcplusbwp30p140ssg0p81v125c       0 
AOI21OPTREPBD2BWP30P140          66     91.476    tcbn28hpcplusbwp30p140ssg0p81v125c       0 
AOI21OPTREPBD4BWP30P140          34     89.964    tcbn28hpcplusbwp30p140ssg0p81v125c       0 
AOI21OPTREPBD6BWP30P140           1      3.906    tcbn28hpcplusbwp30p140ssg0p81v125c       0 
AOI221D1BWP30P140              1428   1079.568    tcbn28hpcplusbwp30p140ssg0p81v125c       0 
AOI221D4BWP30P140                 9     26.082    tcbn28hpcplusbwp30p140ssg0p81v125c       0 
AOI222D1BWP30P140               340    342.720    tcbn28hpcplusbwp30p140ssg0p81v125c       0 
AOI222D2BWP30P140                 1      1.764    tcbn28hpcplusbwp30p140ssg0p81v125c       0 
AOI222D4BWP30P140                 1      3.528    tcbn28hpcplusbwp30p140ssg0p81v125c       0 
AOI22D0P7BWP30P140                8      5.040    tcbn28hpcplusbwp30p140ssg0p81v125c       0 
AOI22D1BWP30P140               1813   1142.190    tcbn28hpcplusbwp30p140ssg0p81v125c       0 
AOI22D2BWP30P140                 62     70.308    tcbn28hpcplusbwp30p140ssg0p81v125c       0 
AOI22D4BWP30P140                 11     24.948    tcbn28hpcplusbwp30p140ssg0p81v125c       0 
AOI22D6BWP30P140                  2      6.552    tcbn28hpcplusbwp30p140ssg0p81v125c       0 
AOI31D1BWP30P140                  7      4.410    tcbn28hpcplusbwp30p140ssg0p81v125c       0 
AOI31D2BWP30P140                 17     19.278    tcbn28hpcplusbwp30p140ssg0p81v125c       0 
AOI31D4BWP30P140                 46    104.328    tcbn28hpcplusbwp30p140ssg0p81v125c       0 
AOI32D1BWP30P140                  3      2.268    tcbn28hpcplusbwp30p140ssg0p81v125c       0 
AOI32D2BWP30P140                  1      1.386    tcbn28hpcplusbwp30p140ssg0p81v125c       0 
BUFFD12BWP30P140                  1      2.142    tcbn28hpcplusbwp30p140ssg0p81v125c       0 
BUFFD1P5BWP30P140                 9      4.536    tcbn28hpcplusbwp30p140ssg0p81v125c       0 
BUFFD2BWP30P140                   5      2.520    tcbn28hpcplusbwp30p140ssg0p81v125c       0 
BUFFD3BWP30P140                   2      1.260    tcbn28hpcplusbwp30p140ssg0p81v125c       0 
BUFFD4BWP30P140                  37     32.634    tcbn28hpcplusbwp30p140ssg0p81v125c       0 
BUFFD6BWP30P140                   3      3.402    tcbn28hpcplusbwp30p140ssg0p81v125c       0 
BUFFD8BWP30P140                   3      4.536    tcbn28hpcplusbwp30p140ssg0p81v125c       0 
CKAN2D1BWP30P140                845    425.880    tcbn28hpcplusbwp30p140ssg0p81v125c       0 
CKAN2D2BWP30P140                 20     12.600    tcbn28hpcplusbwp30p140ssg0p81v125c       0 
CKAN2D4BWP30P140                  2      1.764    tcbn28hpcplusbwp30p140ssg0p81v125c       0 
CKAN2D8BWP30P140                  4      5.544    tcbn28hpcplusbwp30p140ssg0p81v125c       0 
CKBD12BWP30P140                   1      2.142    tcbn28hpcplusbwp30p140ssg0p81v125c       0 
CKBD16BWP30P140                   1      2.772    tcbn28hpcplusbwp30p140ssg0p81v125c       0 
CKBD1BWP30P140                   41     15.498    tcbn28hpcplusbwp30p140ssg0p81v125c       0 
CKBD2BWP30P140                    6      3.024    tcbn28hpcplusbwp30p140ssg0p81v125c       0 
CKBD4BWP30P140                   14     12.348    tcbn28hpcplusbwp30p140ssg0p81v125c       0 
CKBD6BWP30P140                    2      2.268    tcbn28hpcplusbwp30p140ssg0p81v125c       0 
CKLNQD1BWP30P140                 51     96.390    tcbn28hpcplusbwp30p140ssg0p81v125c       0 
CKMUX2D0BWP30P140               463    408.366    tcbn28hpcplusbwp30p140ssg0p81v125c       0 
CKMUX2D1BWP30P140                 3      3.024    tcbn28hpcplusbwp30p140ssg0p81v125c       0 
CKND0BWP30P140                    2      0.504    tcbn28hpcplusbwp30p140ssg0p81v125c       0 
CKND12BWP30P140                   5      8.190    tcbn28hpcplusbwp30p140ssg0p81v125c       0 
CKND16BWP30P140                   1      2.142    tcbn28hpcplusbwp30p140ssg0p81v125c       0 
CKND1BWP30P140                 5298   1335.096    tcbn28hpcplusbwp30p140ssg0p81v125c       0 
CKND2BWP30P140                 1252    473.256    tcbn28hpcplusbwp30p140ssg0p81v125c       0 
CKND2D0BWP30P140                  1      0.378    tcbn28hpcplusbwp30p140ssg0p81v125c       0 
CKND2D1BWP30P140                643    243.054    tcbn28hpcplusbwp30p140ssg0p81v125c       0 
CKND2D2BWP30P140                 51     32.130    tcbn28hpcplusbwp30p140ssg0p81v125c       0 
CKND2D3BWP30P140                167    147.294    tcbn28hpcplusbwp30p140ssg0p81v125c       0 
CKND2D4BWP30P140                174    197.316    tcbn28hpcplusbwp30p140ssg0p81v125c       0 
CKND2D8BWP30P140                173    370.566    tcbn28hpcplusbwp30p140ssg0p81v125c       0 
CKND3BWP30P140                   56     28.224    tcbn28hpcplusbwp30p140ssg0p81v125c       0 
CKND4BWP30P140                  217    136.710    tcbn28hpcplusbwp30p140ssg0p81v125c       0 
CKND6BWP30P140                   32     28.224    tcbn28hpcplusbwp30p140ssg0p81v125c       0 
CKND8BWP30P140                    2      2.268    tcbn28hpcplusbwp30p140ssg0p81v125c       0 
DEL025D1BWP30P140                 1      0.378    tcbn28hpcplusbwp30p140ssg0p81v125c       0 
DFCND1BWP30P140                  26     65.520    tcbn28hpcplusbwp30p140ssg0p81v125c       0 
DFCND2BWP30P140                  14     40.572    tcbn28hpcplusbwp30p140ssg0p81v125c       0 
DFCND4BWP30P140                  17     57.834    tcbn28hpcplusbwp30p140ssg0p81v125c       0 
DFCNQD1BWP30P140               2485   5635.980    tcbn28hpcplusbwp30p140ssg0p81v125c       0 
DFCNQD2BWP30P140                 18     47.628    tcbn28hpcplusbwp30p140ssg0p81v125c       0 
DFCNQD4BWP30P140                 25     72.450    tcbn28hpcplusbwp30p140ssg0p81v125c       0 
DFSNQD2BWP30P140                  1      2.268    tcbn28hpcplusbwp30p140ssg0p81v125c       0 
EDFCND1BWP30P140                  2      6.048    tcbn28hpcplusbwp30p140ssg0p81v125c       0 
EDFCNQD1BWP30P140                12     34.776    tcbn28hpcplusbwp30p140ssg0p81v125c       0 
FA1D0BWP30P140                   10     21.420    tcbn28hpcplusbwp30p140ssg0p81v125c       0 
FA1D1BWP30P140                 7495  16054.290    tcbn28hpcplusbwp30p140ssg0p81v125c       0 
FA1D2BWP30P140                   99    237.006    tcbn28hpcplusbwp30p140ssg0p81v125c       0 
FA1D4BWP30P140                   77    281.358    tcbn28hpcplusbwp30p140ssg0p81v125c       0 
FA1OPTCD1BWP30P140               68    171.360    tcbn28hpcplusbwp30p140ssg0p81v125c       0 
FA1OPTCD2BWP30P140              169    511.056    tcbn28hpcplusbwp30p140ssg0p81v125c       0 
HA1D1BWP30P140                  650   1064.700    tcbn28hpcplusbwp30p140ssg0p81v125c       0 
HA1D2BWP30P140                   10     18.900    tcbn28hpcplusbwp30p140ssg0p81v125c       0 
HA1D4BWP30P140                   17     49.266    tcbn28hpcplusbwp30p140ssg0p81v125c       0 
IAO21D0BWP30P140                206    129.780    tcbn28hpcplusbwp30p140ssg0p81v125c       0 
IAO21D1BWP30P140                175    110.250    tcbn28hpcplusbwp30p140ssg0p81v125c       0 
IAO21D2BWP30P140                359    316.638    tcbn28hpcplusbwp30p140ssg0p81v125c       0 
IAO21D4BWP30P140                107    161.784    tcbn28hpcplusbwp30p140ssg0p81v125c       0 
IAO22D1BWP30P140                 21     18.522    tcbn28hpcplusbwp30p140ssg0p81v125c       0 
IAO22D2BWP30P140                 27     37.422    tcbn28hpcplusbwp30p140ssg0p81v125c       0 
IAO22D4BWP30P140                 28     67.032    tcbn28hpcplusbwp30p140ssg0p81v125c       0 
IND2D0BWP30P140                   2      1.008    tcbn28hpcplusbwp30p140ssg0p81v125c       0 
IND2D1BWP30P140                 977    492.408    tcbn28hpcplusbwp30p140ssg0p81v125c       0 
IND2D2BWP30P140                 501    378.756    tcbn28hpcplusbwp30p140ssg0p81v125c       0 
IND2D4BWP30P140                 475    658.350    tcbn28hpcplusbwp30p140ssg0p81v125c       0 
IND2D6BWP30P140                  40     75.600    tcbn28hpcplusbwp30p140ssg0p81v125c       0 
IND2D8BWP30P140                  11     27.720    tcbn28hpcplusbwp30p140ssg0p81v125c       0 
IND3D1BWP30P140                  22     13.860    tcbn28hpcplusbwp30p140ssg0p81v125c       0 
IND3D2BWP30P140                  14     15.876    tcbn28hpcplusbwp30p140ssg0p81v125c       0 
IND3D4BWP30P140                  36     72.576    tcbn28hpcplusbwp30p140ssg0p81v125c       0 
IND3D6BWP30P140                   6     16.632    tcbn28hpcplusbwp30p140ssg0p81v125c       0 
IND4D1BWP30P140                   1      0.756    tcbn28hpcplusbwp30p140ssg0p81v125c       0 
INR2D1BWP30P140                1371    690.984    tcbn28hpcplusbwp30p140ssg0p81v125c       0 
INR2D2BWP30P140                 364    275.184    tcbn28hpcplusbwp30p140ssg0p81v125c       0 
INR2D4BWP30P140                 330    457.380    tcbn28hpcplusbwp30p140ssg0p81v125c       0 
INR2D6BWP30P140                  37     69.930    tcbn28hpcplusbwp30p140ssg0p81v125c       0 
INR2D8BWP30P140                   9     23.814    tcbn28hpcplusbwp30p140ssg0p81v125c       0 
INR3D0BWP30P140                  25     15.750    tcbn28hpcplusbwp30p140ssg0p81v125c       0 
INR3D1BWP30P140                  21     21.168    tcbn28hpcplusbwp30p140ssg0p81v125c       0 
INR3D2BWP30P140                  70     70.560    tcbn28hpcplusbwp30p140ssg0p81v125c       0 
INR3D4BWP30P140                  40     80.640    tcbn28hpcplusbwp30p140ssg0p81v125c       0 
INR3D6BWP30P140                  13     36.036    tcbn28hpcplusbwp30p140ssg0p81v125c       0 
INR4D0BWP30P140                   9      6.804    tcbn28hpcplusbwp30p140ssg0p81v125c       0 
INR4D1BWP30P140                   6      8.316    tcbn28hpcplusbwp30p140ssg0p81v125c       0 
INR4D2BWP30P140                   9     22.680    tcbn28hpcplusbwp30p140ssg0p81v125c       0 
INVD0P7BWP30P140                157     39.564    tcbn28hpcplusbwp30p140ssg0p81v125c       0 
INVD12BWP30P140                  23     37.674    tcbn28hpcplusbwp30p140ssg0p81v125c       0 
INVD15BWP30P140                   5     10.080    tcbn28hpcplusbwp30p140ssg0p81v125c       0 
INVD16BWP30P140                   7     14.994    tcbn28hpcplusbwp30p140ssg0p81v125c       0 
INVD1BWP30P140                   71     17.892    tcbn28hpcplusbwp30p140ssg0p81v125c       0 
INVD1P5BWP30P140                 39     14.742    tcbn28hpcplusbwp30p140ssg0p81v125c       0 
INVD2BWP30P140                  132     49.896    tcbn28hpcplusbwp30p140ssg0p81v125c       0 
INVD3BWP30P140                  620    312.480    tcbn28hpcplusbwp30p140ssg0p81v125c       0 
INVD4BWP30P140                   78     49.140    tcbn28hpcplusbwp30p140ssg0p81v125c       0 
INVD6BWP30P140                  143    126.126    tcbn28hpcplusbwp30p140ssg0p81v125c       0 
INVD8BWP30P140                   22     24.948    tcbn28hpcplusbwp30p140ssg0p81v125c       0 
INVD9BWP30P140                   17     21.420    tcbn28hpcplusbwp30p140ssg0p81v125c       0 
IOA21D0BWP30P140                124     78.120    tcbn28hpcplusbwp30p140ssg0p81v125c       0 
IOA21D1BWP30P140                906    570.780    tcbn28hpcplusbwp30p140ssg0p81v125c       0 
IOA21D2BWP30P140                286    252.252    tcbn28hpcplusbwp30p140ssg0p81v125c       0 
IOA21D4BWP30P140                 15     20.790    tcbn28hpcplusbwp30p140ssg0p81v125c       0 
IOA22D1BWP30P140                 11      9.702    tcbn28hpcplusbwp30p140ssg0p81v125c       0 
IOA22D2BWP30P140                 61     76.860    tcbn28hpcplusbwp30p140ssg0p81v125c       0 
IOA22D4BWP30P140                 24     57.456    tcbn28hpcplusbwp30p140ssg0p81v125c       0 
MAOI222D1BWP30P140              840    635.040    tcbn28hpcplusbwp30p140ssg0p81v125c       0 
MAOI222D2BWP30P140               43     70.434    tcbn28hpcplusbwp30p140ssg0p81v125c       0 
MAOI222D4BWP30P140                1      2.898    tcbn28hpcplusbwp30p140ssg0p81v125c       0 
MAOI22D1BWP30P140               192    145.152    tcbn28hpcplusbwp30p140ssg0p81v125c       0 
MAOI22D2BWP30P140                78     98.280    tcbn28hpcplusbwp30p140ssg0p81v125c       0 
MAOI22D4BWP30P140                67    151.956    tcbn28hpcplusbwp30p140ssg0p81v125c       0 
MOAI22D0BWP30P140                18     13.608    tcbn28hpcplusbwp30p140ssg0p81v125c       0 
MOAI22D1BWP30P140               126     95.256    tcbn28hpcplusbwp30p140ssg0p81v125c       0 
MOAI22D2BWP30P140                59     74.340    tcbn28hpcplusbwp30p140ssg0p81v125c       0 
MOAI22D4BWP30P140                29     65.772    tcbn28hpcplusbwp30p140ssg0p81v125c       0 
MUX2D1BWP30P140                   6      6.048    tcbn28hpcplusbwp30p140ssg0p81v125c       0 
MUX2D2BWP30P140                   3      3.402    tcbn28hpcplusbwp30p140ssg0p81v125c       0 
MUX2D4BWP30P140                  10     17.640    tcbn28hpcplusbwp30p140ssg0p81v125c       0 
MUX2ND0BWP30P140                  3      2.268    tcbn28hpcplusbwp30p140ssg0p81v125c       0 
MUX2ND2BWP30P140                 49     61.740    tcbn28hpcplusbwp30p140ssg0p81v125c       0 
MUX2ND4BWP30P140                 11     22.176    tcbn28hpcplusbwp30p140ssg0p81v125c       0 
MUX2NOPTD2BWP30P140             161    223.146    tcbn28hpcplusbwp30p140ssg0p81v125c       0 
MUX2NOPTD4BWP30P140             214    539.280    tcbn28hpcplusbwp30p140ssg0p81v125c       0 
MUX2NOPTD6BWP30P140              14     51.156    tcbn28hpcplusbwp30p140ssg0p81v125c       0 
MUX2NUD1BWP30P140               207    156.492    tcbn28hpcplusbwp30p140ssg0p81v125c       0 
MUX2OPTD2BWP30P140                6      6.804    tcbn28hpcplusbwp30p140ssg0p81v125c       0 
MUX2OPTD4BWP30P140               10     22.680    tcbn28hpcplusbwp30p140ssg0p81v125c       0 
MUX2OPTD6BWP30P140               14     44.100    tcbn28hpcplusbwp30p140ssg0p81v125c       0 
ND2D1BWP30P140                 1924    727.272    tcbn28hpcplusbwp30p140ssg0p81v125c       0 
ND2D1P5BWP30P140                  1      0.630    tcbn28hpcplusbwp30p140ssg0p81v125c       0 
ND2D2BWP30P140                  721    454.230    tcbn28hpcplusbwp30p140ssg0p81v125c       0 
ND2D3BWP30P140                  493    434.826    tcbn28hpcplusbwp30p140ssg0p81v125c       0 
ND2D4BWP30P140                  286    324.324    tcbn28hpcplusbwp30p140ssg0p81v125c       0 
ND2D6BWP30P140                   36     58.968    tcbn28hpcplusbwp30p140ssg0p81v125c       0 
ND2D8BWP30P140                    7     14.994    tcbn28hpcplusbwp30p140ssg0p81v125c       0 
ND2OPTD6BWP30P140                32     52.416    tcbn28hpcplusbwp30p140ssg0p81v125c       0 
ND2OPTIBD12BWP30P140              2      6.300    tcbn28hpcplusbwp30p140ssg0p81v125c       0 
ND2OPTIBD1BWP30P140             220     83.160    tcbn28hpcplusbwp30p140ssg0p81v125c       0 
ND2OPTIBD2BWP30P140             107     67.410    tcbn28hpcplusbwp30p140ssg0p81v125c       0 
ND2OPTIBD4BWP30P140             195    221.130    tcbn28hpcplusbwp30p140ssg0p81v125c       0 
ND2OPTIBD6BWP30P140             180    294.840    tcbn28hpcplusbwp30p140ssg0p81v125c       0 
ND2OPTIBD8BWP30P140              48    102.816    tcbn28hpcplusbwp30p140ssg0p81v125c       0 
ND2OPTPAD12BWP30P140              1      4.410    tcbn28hpcplusbwp30p140ssg0p81v125c       0 
ND2OPTPAD1BWP30P140               1      0.630    tcbn28hpcplusbwp30p140ssg0p81v125c       0 
ND2OPTPAD2BWP30P140              12     13.608    tcbn28hpcplusbwp30p140ssg0p81v125c       0 
ND2OPTPAD4BWP30P140              73    147.168    tcbn28hpcplusbwp30p140ssg0p81v125c       0 
ND2OPTPAD6BWP30P140              12     34.776    tcbn28hpcplusbwp30p140ssg0p81v125c       0 
ND2OPTPAD8BWP30P140               2      6.048    tcbn28hpcplusbwp30p140ssg0p81v125c       0 
ND3D1BWP30P140                  148     74.592    tcbn28hpcplusbwp30p140ssg0p81v125c       0 
ND3D1P5BWP30P140                 18     15.876    tcbn28hpcplusbwp30p140ssg0p81v125c       0 
ND3D2BWP30P140                   36     31.752    tcbn28hpcplusbwp30p140ssg0p81v125c       0 
ND3D3BWP30P140                   12     15.120    tcbn28hpcplusbwp30p140ssg0p81v125c       0 
ND3D4BWP30P140                    8     14.112    tcbn28hpcplusbwp30p140ssg0p81v125c       0 
ND3D6BWP30P140                   14     35.280    tcbn28hpcplusbwp30p140ssg0p81v125c       0 
ND3OPTD6BWP30P140                 7     16.758    tcbn28hpcplusbwp30p140ssg0p81v125c       0 
ND3OPTPAD2BWP30P140              35     52.920    tcbn28hpcplusbwp30p140ssg0p81v125c       0 
ND3OPTPAD4BWP30P140              50    126.000    tcbn28hpcplusbwp30p140ssg0p81v125c       0 
ND3OPTPAD6BWP30P140              18     63.504    tcbn28hpcplusbwp30p140ssg0p81v125c       0 
ND4D1BWP30P140                  230    144.900    tcbn28hpcplusbwp30p140ssg0p81v125c       0 
NR2D0BWP30P140                    4      1.512    tcbn28hpcplusbwp30p140ssg0p81v125c       0 
NR2D1BWP30P140                 1735    655.830    tcbn28hpcplusbwp30p140ssg0p81v125c       0 
NR2D2BWP30P140                  778    490.140    tcbn28hpcplusbwp30p140ssg0p81v125c       0 
NR2D3BWP30P140                  958    844.956    tcbn28hpcplusbwp30p140ssg0p81v125c       0 
NR2D4BWP30P140                  689    781.326    tcbn28hpcplusbwp30p140ssg0p81v125c       0 
NR2D6BWP30P140                   52     85.176    tcbn28hpcplusbwp30p140ssg0p81v125c       0 
NR2D8BWP30P140                   19     40.698    tcbn28hpcplusbwp30p140ssg0p81v125c       0 
NR2OPTD12BWP30P140                1      3.150    tcbn28hpcplusbwp30p140ssg0p81v125c       0 
NR2OPTD6BWP30P140               133    217.854    tcbn28hpcplusbwp30p140ssg0p81v125c       0 
NR2OPTIBD1BWP30P140             452    170.856    tcbn28hpcplusbwp30p140ssg0p81v125c       0 
NR2OPTIBD2BWP30P140              56     35.280    tcbn28hpcplusbwp30p140ssg0p81v125c       0 
NR2OPTIBD4BWP30P140             103    116.802    tcbn28hpcplusbwp30p140ssg0p81v125c       0 
NR2OPTIBD6BWP30P140              77    126.126    tcbn28hpcplusbwp30p140ssg0p81v125c       0 
NR2OPTIBD8BWP30P140              29     62.118    tcbn28hpcplusbwp30p140ssg0p81v125c       0 
NR2OPTPAD1BWP30P140             418    210.672    tcbn28hpcplusbwp30p140ssg0p81v125c       0 
NR2OPTPAD2BWP30P140             243    214.326    tcbn28hpcplusbwp30p140ssg0p81v125c       0 
NR2OPTPAD4BWP30P140             442    723.996    tcbn28hpcplusbwp30p140ssg0p81v125c       0 
NR2OPTPAD6BWP30P140              33     79.002    tcbn28hpcplusbwp30p140ssg0p81v125c       0 
NR2OPTPAD8BWP30P140              12     37.800    tcbn28hpcplusbwp30p140ssg0p81v125c       0 
NR3D0BWP30P140                   33     16.632    tcbn28hpcplusbwp30p140ssg0p81v125c       0 
NR3D0P7BWP30P140                106     53.424    tcbn28hpcplusbwp30p140ssg0p81v125c       0 
NR3D16BWP30P140                   1      6.300    tcbn28hpcplusbwp30p140ssg0p81v125c       0 
NR3D1BWP30P140                   15     13.230    tcbn28hpcplusbwp30p140ssg0p81v125c       0 
NR3D1P5BWP30P140                149    131.418    tcbn28hpcplusbwp30p140ssg0p81v125c       0 
NR3D2BWP30P140                  126    222.264    tcbn28hpcplusbwp30p140ssg0p81v125c       0 
NR3D3BWP30P140                   21     52.920    tcbn28hpcplusbwp30p140ssg0p81v125c       0 
NR3D4BWP30P140                   33    108.108    tcbn28hpcplusbwp30p140ssg0p81v125c       0 
NR3D6BWP30P140                    2      9.576    tcbn28hpcplusbwp30p140ssg0p81v125c       0 
NR3OPTD6BWP30P140                 9     21.546    tcbn28hpcplusbwp30p140ssg0p81v125c       0 
NR3OPTPAD2BWP30P140              24     39.312    tcbn28hpcplusbwp30p140ssg0p81v125c       0 
NR3OPTPAD4BWP30P140              98    234.612    tcbn28hpcplusbwp30p140ssg0p81v125c       0 
NR3OPTPAD6BWP30P140              15     49.140    tcbn28hpcplusbwp30p140ssg0p81v125c       0 
NR4D0BWP30P140                   25     15.750    tcbn28hpcplusbwp30p140ssg0p81v125c       0 
NR4D1BWP30P140                   16     18.144    tcbn28hpcplusbwp30p140ssg0p81v125c       0 
NR4D2BWP30P140                   15     34.020    tcbn28hpcplusbwp30p140ssg0p81v125c       0 
NR4D3BWP30P140                    1      3.276    tcbn28hpcplusbwp30p140ssg0p81v125c       0 
NR4D4BWP30P140                    2      8.568    tcbn28hpcplusbwp30p140ssg0p81v125c       0 
OA211D1BWP30P140                  4      3.024    tcbn28hpcplusbwp30p140ssg0p81v125c       0 
OA211D2BWP30P140                  5      4.410    tcbn28hpcplusbwp30p140ssg0p81v125c       0 
OA211D4BWP30P140                  4      7.056    tcbn28hpcplusbwp30p140ssg0p81v125c       0 
OA21D1BWP30P140                 264    166.320    tcbn28hpcplusbwp30p140ssg0p81v125c       0 
OA21D2BWP30P140                  13      9.828    tcbn28hpcplusbwp30p140ssg0p81v125c       0 
OA21D4BWP30P140                  55     76.230    tcbn28hpcplusbwp30p140ssg0p81v125c       0 
OA22D1BWP30P140                  20     17.640    tcbn28hpcplusbwp30p140ssg0p81v125c       0 
OA22D2BWP30P140                   3      3.024    tcbn28hpcplusbwp30p140ssg0p81v125c       0 
OA22D4BWP30P140                   6     10.584    tcbn28hpcplusbwp30p140ssg0p81v125c       0 
OAI211D1BWP30P140               169    106.470    tcbn28hpcplusbwp30p140ssg0p81v125c       0 
OAI211D2BWP30P140                17     19.278    tcbn28hpcplusbwp30p140ssg0p81v125c       0 
OAI211D4BWP30P140                13     29.484    tcbn28hpcplusbwp30p140ssg0p81v125c       0 
OAI211OPTD6BWP30P140              5     16.380    tcbn28hpcplusbwp30p140ssg0p81v125c       0 
OAI211OPTD8BWP30P140              1      4.284    tcbn28hpcplusbwp30p140ssg0p81v125c       0 
OAI211OPTREPBD2BWP30P140         27     47.628    tcbn28hpcplusbwp30p140ssg0p81v125c       0 
OAI211OPTREPBD4BWP30P140         34    119.952    tcbn28hpcplusbwp30p140ssg0p81v125c       0 
OAI211OPTREPBD6BWP30P140          1      5.040    tcbn28hpcplusbwp30p140ssg0p81v125c       0 
OAI21D0BWP30P140                  1      0.504    tcbn28hpcplusbwp30p140ssg0p81v125c       0 
OAI21D0P7BWP30P140              101     50.904    tcbn28hpcplusbwp30p140ssg0p81v125c       0 
OAI21D1BWP30P140                353    177.912    tcbn28hpcplusbwp30p140ssg0p81v125c       0 
OAI21D1P5BWP30P140                1      0.882    tcbn28hpcplusbwp30p140ssg0p81v125c       0 
OAI21D2BWP30P140                434    382.788    tcbn28hpcplusbwp30p140ssg0p81v125c       0 
OAI21D4BWP30P140                237    418.068    tcbn28hpcplusbwp30p140ssg0p81v125c       0 
OAI21D6BWP30P140                 80    201.600    tcbn28hpcplusbwp30p140ssg0p81v125c       0 
OAI21D8BWP30P140                  6     19.656    tcbn28hpcplusbwp30p140ssg0p81v125c       0 
OAI21OPTREPBD1BWP30P140          99     74.844    tcbn28hpcplusbwp30p140ssg0p81v125c       0 
OAI21OPTREPBD2BWP30P140         161    223.146    tcbn28hpcplusbwp30p140ssg0p81v125c       0 
OAI21OPTREPBD4BWP30P140          64    169.344    tcbn28hpcplusbwp30p140ssg0p81v125c       0 
OAI21OPTREPBD6BWP30P140           2      7.812    tcbn28hpcplusbwp30p140ssg0p81v125c       0 
OAI221D1BWP30P140                10      8.820    tcbn28hpcplusbwp30p140ssg0p81v125c       0 
OAI222D1BWP30P140               185    186.480    tcbn28hpcplusbwp30p140ssg0p81v125c       0 
OAI22D1BWP30P140                 45     28.350    tcbn28hpcplusbwp30p140ssg0p81v125c       0 
OAI22D1P5BWP30P140               23     26.082    tcbn28hpcplusbwp30p140ssg0p81v125c       0 
OAI22D2BWP30P140                  9     10.206    tcbn28hpcplusbwp30p140ssg0p81v125c       0 
OAI22D4BWP30P140                  1      2.268    tcbn28hpcplusbwp30p140ssg0p81v125c       0 
OAI22OPTPBD1BWP30P140            43     43.344    tcbn28hpcplusbwp30p140ssg0p81v125c       0 
OAI22OPTPBD2BWP30P140            50     94.500    tcbn28hpcplusbwp30p140ssg0p81v125c       0 
OAI22OPTPBD4BWP30P140             1      3.654    tcbn28hpcplusbwp30p140ssg0p81v125c       0 
OAI31D1BWP30P140                 13      8.190    tcbn28hpcplusbwp30p140ssg0p81v125c       0 
OAI31D2BWP30P140                 24     27.216    tcbn28hpcplusbwp30p140ssg0p81v125c       0 
OAI31D4BWP30P140                 31     70.308    tcbn28hpcplusbwp30p140ssg0p81v125c       0 
OAI32D1BWP30P140                  4      3.024    tcbn28hpcplusbwp30p140ssg0p81v125c       0 
OAI32D2BWP30P140                 13     18.018    tcbn28hpcplusbwp30p140ssg0p81v125c       0 
OAI32D4BWP30P140                  1      2.898    tcbn28hpcplusbwp30p140ssg0p81v125c       0 
OAI33D1BWP30P140                 13     11.466    tcbn28hpcplusbwp30p140ssg0p81v125c       0 
OR2D0BWP30P140                  103     51.912    tcbn28hpcplusbwp30p140ssg0p81v125c       0 
OR2D1BWP30P140                  374    188.496    tcbn28hpcplusbwp30p140ssg0p81v125c       0 
OR2D2BWP30P140                   84     52.920    tcbn28hpcplusbwp30p140ssg0p81v125c       0 
OR2D4BWP30P140                   80     90.720    tcbn28hpcplusbwp30p140ssg0p81v125c       0 
OR2D6BWP30P140                    5      6.930    tcbn28hpcplusbwp30p140ssg0p81v125c       0 
OR3D1BWP30P140                   27     17.010    tcbn28hpcplusbwp30p140ssg0p81v125c       0 
OR3D2BWP30P140                   12      9.072    tcbn28hpcplusbwp30p140ssg0p81v125c       0 
OR3D4BWP30P140                   13     18.018    tcbn28hpcplusbwp30p140ssg0p81v125c       0 
OR3D6BWP30P140                    1      1.638    tcbn28hpcplusbwp30p140ssg0p81v125c       0 
OR4D1BWP30P140                   19     14.364    tcbn28hpcplusbwp30p140ssg0p81v125c       0 
OR4D2BWP30P140                    1      0.882    tcbn28hpcplusbwp30p140ssg0p81v125c       0 
OR4D4BWP30P140                    9     14.742    tcbn28hpcplusbwp30p140ssg0p81v125c       0 
SDFCNARD1BWP30P140               39    122.850    tcbn28hpcplusbwp30p140ssg0p81v125c       0 
SDFCNARD2BWP30P140                4     14.112    tcbn28hpcplusbwp30p140ssg0p81v125c       0 
SDFCNOPTMAD4BWP30P140            69    460.782    tcbn28hpcplusbwp30p140ssg0p81v125c       0 
SDFCNOPTMAD8BWP30P140             1      9.324    tcbn28hpcplusbwp30p140ssg0p81v125c       0 
SDFCNOPTSADD4BWP30P140            3     20.034    tcbn28hpcplusbwp30p140ssg0p81v125c       0 
SDFCNQARD1BWP30P140              59    170.982    tcbn28hpcplusbwp30p140ssg0p81v125c       0 
SDFCNQARD2BWP30P140              12     39.312    tcbn28hpcplusbwp30p140ssg0p81v125c       0 
SDFCNQD1BWP30P140                 2      6.048    tcbn28hpcplusbwp30p140ssg0p81v125c       0 
SDFCNQOPTMAD4BWP30P140           24    145.152    tcbn28hpcplusbwp30p140ssg0p81v125c       0 
SDFCNQOPTMAD8BWP30P140           13    106.470    tcbn28hpcplusbwp30p140ssg0p81v125c       0 
SDFCNQOPTMCD8BWP30P140            9     65.772    tcbn28hpcplusbwp30p140ssg0p81v125c       0 
SDFCNQOPTSADD4BWP30P140          22    133.056    tcbn28hpcplusbwp30p140ssg0p81v125c       0 
SDFSNQD2BWP30P140                 2      5.796    tcbn28hpcplusbwp30p140ssg0p81v125c       0 
SDFSYNCNQD4BWP30P140              4     16.632    tcbn28hpcplusbwp30p140ssg0p81v125c       0 
SEDFCNQARD0BWP30P140              1      3.780    tcbn28hpcplusbwp30p140ssg0p81v125c       0 
XNR2D1BWP30P140                 613    617.904    tcbn28hpcplusbwp30p140ssg0p81v125c       0 
XNR2D2BWP30P140                 116    131.544    tcbn28hpcplusbwp30p140ssg0p81v125c       0 
XNR2D4BWP30P140                  26     52.416    tcbn28hpcplusbwp30p140ssg0p81v125c       0 
XNR2OPTND2BWP30P140             296    410.256    tcbn28hpcplusbwp30p140ssg0p81v125c       0 
XNR2OPTND4BWP30P140             605   1524.600    tcbn28hpcplusbwp30p140ssg0p81v125c       0 
XNR2OPTND6BWP30P140              28    102.312    tcbn28hpcplusbwp30p140ssg0p81v125c       0 
XNR2UD0BWP30P140                  1      0.882    tcbn28hpcplusbwp30p140ssg0p81v125c       0 
XNR2UD1BWP30P140               2313   2040.066    tcbn28hpcplusbwp30p140ssg0p81v125c       0 
XNR3D0BWP30P140                   3      5.670    tcbn28hpcplusbwp30p140ssg0p81v125c       0 
XNR3D1BWP30P140                 168    317.520    tcbn28hpcplusbwp30p140ssg0p81v125c       0 
XNR3D2BWP30P140                  69    139.104    tcbn28hpcplusbwp30p140ssg0p81v125c       0 
XNR3D4BWP30P140                  14     44.100    tcbn28hpcplusbwp30p140ssg0p81v125c       0 
XNR3UD0BWP30P140                 10     17.640    tcbn28hpcplusbwp30p140ssg0p81v125c       0 
XNR3UD1BWP30P140                577   1017.828    tcbn28hpcplusbwp30p140ssg0p81v125c       0 
XNR4D1BWP30P140                  24     63.504    tcbn28hpcplusbwp30p140ssg0p81v125c       0 
XOR2D1BWP30P140                 374    376.992    tcbn28hpcplusbwp30p140ssg0p81v125c       0 
XOR2D2BWP30P140                  47     53.298    tcbn28hpcplusbwp30p140ssg0p81v125c       0 
XOR2D4BWP30P140                  74    149.184    tcbn28hpcplusbwp30p140ssg0p81v125c       0 
XOR2OPTND2BWP30P140             249    345.114    tcbn28hpcplusbwp30p140ssg0p81v125c       0 
XOR2OPTND4BWP30P140             467   1176.840    tcbn28hpcplusbwp30p140ssg0p81v125c       0 
XOR2OPTND6BWP30P140              14     51.156    tcbn28hpcplusbwp30p140ssg0p81v125c       0 
XOR2UD0BWP30P140                  1      0.882    tcbn28hpcplusbwp30p140ssg0p81v125c       0 
XOR2UD1BWP30P140                980    864.360    tcbn28hpcplusbwp30p140ssg0p81v125c       0 
XOR3D0BWP30P140                   3      5.670    tcbn28hpcplusbwp30p140ssg0p81v125c       0 
XOR3D1BWP30P140                 230    434.700    tcbn28hpcplusbwp30p140ssg0p81v125c       0 
XOR3D2BWP30P140                  87    175.392    tcbn28hpcplusbwp30p140ssg0p81v125c       0 
XOR3D4BWP30P140                  28     88.200    tcbn28hpcplusbwp30p140ssg0p81v125c       0 
XOR3UD0BWP30P140                  8     14.112    tcbn28hpcplusbwp30p140ssg0p81v125c       0 
XOR3UD1BWP30P140                861   1518.804    tcbn28hpcplusbwp30p140ssg0p81v125c       0 
XOR4D0BWP30P140                  26     68.796    tcbn28hpcplusbwp30p140ssg0p81v125c       0 
XOR4D1BWP30P140                  52    137.592    tcbn28hpcplusbwp30p140ssg0p81v125c       0 
---------------------------------------------------------------------------------------------
total                         62913  70419.258                                       


                                                        
            Type             Instances    Area   Area % 
--------------------------------------------------------
sequential                        2864  7283.178   10.3 
inverter                          8179  2733.570    3.9 
buffer                             126    89.460    0.1 
clock_gating_integrated_cell        51    96.390    0.1 
logic                            51693 60216.660   85.5 
physical_cells                       0     0.000    0.0 
--------------------------------------------------------
total                            62913 70419.258  100.0 

