============================================================
  Generated by:           Genus(TM) Synthesis Solution 21.12-s068_1
  Generated on:           Oct 03 2026  10:21:44 pm
  Module:                 Conv
  Operating conditions:   ssg0p81v125c 
  Operating conditions:   tt0p9v25c 
  Operating conditions:   ffg0p99vm40c 
  Interconnect mode:      global
  Area mode:              physical library
============================================================


Path 1: MET (393 ps) Late External Delay Assertion at pin p_output_data_write[79]
           View: analysis_view_0p99v_m40c_capbst_fastest
          Group: clk
     Startpoint: (R) r_output_write_count_reg[1]/CP
          Clock: (R) clk
       Endpoint: (F) p_output_data_write[79]
          Clock: (R) clk

                     Capture       Launch     
        Clock Edge:+    2000            0     
       Src Latency:+       0            0     
       Net Latency:+       0 (I)        0 (I) 
           Arrival:=    2000            0     
                                              
      Output Delay:-    1000                  
     Required Time:=    1000                  
      Launch Clock:-       0                  
         Data Path:-     607                  
             Slack:=     393                  

Exceptions/Constraints:
  output_delay             1000            tmp_sdc_analysis_vie_1_line_477 

#-------------------------------------------------------------------------------------------------------------------
#         Timing Point           Flags    Arc   Edge        Cell          Fanout  Load Trans Delay Arrival Instance 
#                                                                                 (fF)  (ps)  (ps)   (ps)  Location 
#-------------------------------------------------------------------------------------------------------------------
  r_output_write_count_reg[1]/CP -       -      R     (arrival)                4     -     0     0       0    (-,-) 
  r_output_write_count_reg[1]/Q  -       CP->Q  F     DFCNQD1BWP30P140         5   6.9    24    47      47    (-,-) 
  g13480/Z                       -       A1->Z  F     AN2D2BWP30P140           9  11.2    19    24      70    (-,-) 
  g13219/Z                       -       I->Z   F     BUFFD4BWP30P140        145 160.3   124    80     150    (-,-) 
  g12643/ZN                      -       B1->ZN R     AOI22D1BWP30P140         1   1.7    30    38     188    (-,-) 
  g12185/ZN                      -       A1->ZN F     ND2OPTIBD1BWP30P140      1   3.1    23    19     206    (-,-) 
  add_1000_76_I4_g479/CO         -       A->CO  F     FA1D1BWP30P140           1   3.0    14    32     239    (-,-) 
  add_1000_76_I4_g478/CO         -       CI->CO F     FA1OPTCD1BWP30P140       1   3.0    14    20     258    (-,-) 
  add_1000_76_I4_g477/CO         -       CI->CO F     FA1OPTCD1BWP30P140       1   2.4    13    18     277    (-,-) 
  add_1000_76_I4_g476/CO         -       CI->CO F     FA1D1BWP30P140           1   3.0    14    25     302    (-,-) 
  add_1000_76_I4_g475/CO         -       CI->CO F     FA1OPTCD1BWP30P140       1   3.0    14    20     322    (-,-) 
  add_1000_76_I4_g474/CO         -       CI->CO F     FA1OPTCD1BWP30P140       1   3.0    14    20     341    (-,-) 
  add_1000_76_I4_g473/CO         -       CI->CO F     FA1OPTCD1BWP30P140       1   3.0    14    20     361    (-,-) 
  add_1000_76_I4_g472/CO         -       CI->CO F     FA1OPTCD2BWP30P140       1   3.0    10    16     377    (-,-) 
  add_1000_76_I4_g471/CO         -       CI->CO F     FA1OPTCD1BWP30P140       1   3.0    14    19     395    (-,-) 
  add_1000_76_I4_g470/CO         -       CI->CO F     FA1OPTCD1BWP30P140       1   3.0    14    20     415    (-,-) 
  add_1000_76_I4_g469/CO         -       CI->CO F     FA1OPTCD1BWP30P140       1   2.4    13    18     433    (-,-) 
  add_1000_76_I4_g468/CO         -       CI->CO F     FA1D1BWP30P140           1   2.4    13    24     458    (-,-) 
  add_1000_76_I4_g467/CO         -       CI->CO F     FA1D1BWP30P140           1   2.4    13    24     482    (-,-) 
  add_1000_76_I4_g466/CO         -       CI->CO F     FA1D1BWP30P140           1   2.4    13    24     506    (-,-) 
  add_1000_76_I4_g465/CO         -       CI->CO F     FA1D1BWP30P140           1   2.4    13    24     530    (-,-) 
  add_1000_76_I4_g464/CO         -       CI->CO F     FA1D1BWP30P140           1   2.4    13    24     554    (-,-) 
  add_1000_76_I4_g463/CO         -       CI->CO F     FA1D1BWP30P140           1   1.8    11    23     577    (-,-) 
  add_1000_76_I4_g462/Z          -       A3->Z  F     XOR3UD1BWP30P140         1   5.2    34    30     607    (-,-) 
  p_output_data_write[79]        <<<     -      F     (port)                   -     -     -     0     607    (-,-) 
#-------------------------------------------------------------------------------------------------------------------


