============================================================
  Generated by:           Genus(TM) Synthesis Solution 21.12-s068_1
  Generated on:           Oct 03 2026  10:21:14 pm
  Module:                 Conv
  Library domain:         timing_cond_0p81v_125c
    Domain index:         0
    Technology library:   tcbn28hpcplusbwp30p140ssg0p81v125c 110
  Operating conditions:   ssg0p81v125c 
  Interconnect mode:      global
  Area mode:              physical library
============================================================

                 Instance                           Module           Cell Count  Cell Area  Net Area   Total Area 
------------------------------------------------------------------------------------------------------------------
Conv                                                                      62913  70419.258 27863.814    98283.072 
  INVERSE_ROW_BATCH[0].inverse_row        InverseRow                        283    523.782   113.649      637.431 
  INVERSE_ROW_BATCH[1].inverse_row        InverseRow_1                      283    523.782   113.649      637.431 
  MAC_LANES[0].multip                     Multip                            564    604.296   236.126      840.422 
  MAC_LANES[1].multip                     Multip_1                          564    604.296   236.126      840.422 
  MAC_LANES[2].multip                     Multip_2                          564    604.296   236.126      840.422 
  MAC_LANES[3].multip                     Multip_3                          564    604.296   236.126      840.422 
  MAC_LANES[4].multip                     Multip_4                          564    604.296   236.126      840.422 
  MAC_LANES[5].multip                     Multip_5                          564    604.296   236.126      840.422 
  MAC_LANES[6].multip                     Multip_6                          564    604.296   236.126      840.422 
  MAC_LANES[7].multip                     Multip_7                          564    604.296   236.126      840.422 
  MAC_LANES[8].multip                     Multip_8                          564    604.296   236.126      840.422 
  MAC_LANES[9].multip                     Multip_9                          564    604.296   236.126      840.422 
  MAC_LANES[10].multip                    Multip_10                         564    604.296   236.126      840.422 
  MAC_LANES[11].multip                    Multip_11                         564    604.296   236.126      840.422 
  WEIGHT_TRANSFORM_ROWS[0].weight_trf_row WeightTransformRowConst          5333   5140.926  2036.925     7177.851 
  WEIGHT_TRANSFORM_ROWS[1].weight_trf_row WeightTransformRowConst_0        7305   7513.380  2758.614    10271.994 
  WEIGHT_TRANSFORM_ROWS[2].weight_trf_row WeightTransformRowConst_1        7302   7534.548  2751.940    10286.488 
  WEIGHT_TRANSFORM_ROWS[3].weight_trf_row WeightTransformRowConst_2        6689   6803.370  2521.551     9324.921 
  WEIGHT_TRANSFORM_ROWS[4].weight_trf_row WeightTransformRowConst_3        6802   6771.366  2560.882     9332.248 
  WEIGHT_TRANSFORM_ROWS[5].weight_trf_row WeightTransformRowConst_4        6259   6237.504  2370.148     8607.652 
  inverse_row_acc                         InverseRowAccumulate             2359   2561.202   950.073     3511.275 
  trf                                     Transform                        4869   8521.002  2354.062    10875.064 
    matrix_c0                             MatrixC0                         2406   4207.644   993.674     5201.318 
    matrix_c1                             MatrixC1                         2463   4313.358  1039.810     5353.168 
