============================================================
  Generated by:           Genus(TM) Synthesis Solution 21.12-s068_1
  Generated on:           Oct 03 2026  10:21:16 pm
  Module:                 Conv
  Operating conditions:   ssg0p81v125c 
  Interconnect mode:      global
  Area mode:              physical library
============================================================


Path 1: MET (0 ps) Setup Check with Pin r_input_weight_reg[1][17]/CP->D
           View: analysis_view_0p81v_125c_capwst_slowest
          Group: clk
     Startpoint: (R) r_weight_spatial_reg[0][0]/CP
          Clock: (R) clk
       Endpoint: (F) r_input_weight_reg[1][17]/D
          Clock: (R) clk

                     Capture       Launch     
        Clock Edge:+    2000            0     
       Src Latency:+       0            0     
       Net Latency:+       0 (I)        0 (I) 
           Arrival:=    2000            0     
                                              
             Setup:-      14                  
     Required Time:=    1986                  
      Launch Clock:-       0                  
         Data Path:-    1986                  
             Slack:=       0                  

#-------------------------------------------------------------------------------------------------------------------------------------------------------------------------
#                                   Timing Point                                    Flags    Arc   Edge          Cell            Fanout Load Trans Delay Arrival Instance 
#                                                                                                                                       (fF)  (ps)  (ps)   (ps)  Location 
#-------------------------------------------------------------------------------------------------------------------------------------------------------------------------
  r_weight_spatial_reg[0][0]/CP                                                     -       -      R     (arrival)                   20    -     0     0       0    (-,-) 
  r_weight_spatial_reg[0][0]/Q                                                      -       CP->Q  F     DFCNQD2BWP30P140             1  2.7    11    64      64    (-,-) 
  g5331/ZN                                                                          -       I->ZN  R     CKND4BWP30P140               1  5.2    10    10      74    (-,-) 
  g5329/ZN                                                                          -       I->ZN  F     INVD9BWP30P140              63 70.5    43    28     103    (-,-) 
  WEIGHT_TRANSFORM_ROWS[0].weight_trf_row/csa_tree_SUB_TC_OP_20_groupi_g7782/Z      -       A1->Z  F     CKAN2D1BWP30P140             2  2.5    19    36     139    (-,-) 
  WEIGHT_TRANSFORM_ROWS[0].weight_trf_row/csa_tree_SUB_TC_OP_20_groupi_g7691/ZN     -       B->ZN  R     IAO21D1BWP30P140             2  2.0    28    23     162    (-,-) 
  WEIGHT_TRANSFORM_ROWS[0].weight_trf_row/csa_tree_SUB_TC_OP_20_groupi_g7655/Z      -       A1->Z  R     OR2D1BWP30P140               2  4.4    29    36     198    (-,-) 
  WEIGHT_TRANSFORM_ROWS[0].weight_trf_row/csa_tree_SUB_TC_OP_20_groupi_g7547/CO     -       B->CO  R     FA1OPTCD2BWP30P140           1  4.2    22    57     254    (-,-) 
  WEIGHT_TRANSFORM_ROWS[0].weight_trf_row/csa_tree_SUB_TC_OP_20_groupi_g7515/S      -       B->S   R     FA1D4BWP30P140               1  1.3    20    59     313    (-,-) 
  WEIGHT_TRANSFORM_ROWS[0].weight_trf_row/g43181/ZN                                 -       B1->ZN F     IND3D1BWP30P140              1  1.2    33    26     339    (-,-) 
  WEIGHT_TRANSFORM_ROWS[0].weight_trf_row/g43180/ZN                                 -       I->ZN  R     INVD0P7BWP30P140             3  3.6    36    32     371    (-,-) 
  WEIGHT_TRANSFORM_ROWS[0].weight_trf_row/f_floor_div_1119_22:div_1050_24_g23437/ZN -       B1->ZN F     IND2D2BWP30P140              2  2.1    21    18     389    (-,-) 
  WEIGHT_TRANSFORM_ROWS[0].weight_trf_row/f_floor_div_1119_22:div_1050_24_g23396/ZN -       A1->ZN R     NR2OPTPAD1BWP30P140          2  2.7    27    23     412    (-,-) 
  WEIGHT_TRANSFORM_ROWS[0].weight_trf_row/f_floor_div_1119_22:div_1050_24_g23440/ZN -       B1->ZN F     IND2D2BWP30P140              2  3.1    24    21     433    (-,-) 
  WEIGHT_TRANSFORM_ROWS[0].weight_trf_row/f_floor_div_1119_22:div_1050_24_g23390/ZN -       A2->ZN R     NR2D3BWP30P140               2  3.5    24    20     454    (-,-) 
  WEIGHT_TRANSFORM_ROWS[0].weight_trf_row/f_floor_div_1119_22:div_1050_24_g23439/ZN -       B1->ZN F     IND2D4BWP30P140              2  3.2    18    15     469    (-,-) 
  WEIGHT_TRANSFORM_ROWS[0].weight_trf_row/f_floor_div_1119_22:div_1050_24_g23382/ZN -       A2->ZN R     NR2OPTPAD2BWP30P140          2  3.5    24    18     487    (-,-) 
  WEIGHT_TRANSFORM_ROWS[0].weight_trf_row/f_floor_div_1119_22:div_1050_24_g23442/ZN -       B1->ZN F     IND2D4BWP30P140              3  3.8    20    16     503    (-,-) 
  WEIGHT_TRANSFORM_ROWS[0].weight_trf_row/f_floor_div_1119_22:div_1050_24_g23367/ZN -       A2->ZN R     NR3D2BWP30P140               2  3.1    24    22     525    (-,-) 
  WEIGHT_TRANSFORM_ROWS[0].weight_trf_row/f_floor_div_1119_22:div_1050_24_g23361/ZN -       A2->ZN F     CKND2D4BWP30P140             2  2.5    16    13     538    (-,-) 
  WEIGHT_TRANSFORM_ROWS[0].weight_trf_row/f_floor_div_1119_22:div_1050_24_g23357/Z  -       A2->Z  F     OR2D4BWP30P140               2  3.5    12    24     563    (-,-) 
  WEIGHT_TRANSFORM_ROWS[0].weight_trf_row/f_floor_div_1119_22:div_1050_24_g23348/ZN -       A2->ZN R     NR2OPTIBD4BWP30P140          2  4.5    20    17     580    (-,-) 
  WEIGHT_TRANSFORM_ROWS[0].weight_trf_row/f_floor_div_1119_22:div_1050_24_g23342/ZN -       A2->ZN F     CKND2D8BWP30P140             2  4.7    13    12     592    (-,-) 
  WEIGHT_TRANSFORM_ROWS[0].weight_trf_row/f_floor_div_1119_22:div_1050_24_g23336/ZN -       A2->ZN R     NR2OPTPAD4BWP30P140          2  4.4    28    14     606    (-,-) 
  WEIGHT_TRANSFORM_ROWS[0].weight_trf_row/f_floor_div_1119_22:div_1050_24_g23438/ZN -       B1->ZN F     IND2D6BWP30P140              2  4.7    19    16     622    (-,-) 
  WEIGHT_TRANSFORM_ROWS[0].weight_trf_row/f_floor_div_1119_22:div_1050_24_g23321/ZN -       A2->ZN R     NR2OPTPAD4BWP30P140          2  5.3    23    16     638    (-,-) 
  WEIGHT_TRANSFORM_ROWS[0].weight_trf_row/f_floor_div_1119_22:div_1050_24_g23433/ZN -       A1->ZN R     IND2D2BWP30P140              1  1.9    15    22     660    (-,-) 
  WEIGHT_TRANSFORM_ROWS[0].weight_trf_row/f_floor_div_1119_22:div_1050_24_g23308/ZN -       A1->ZN F     XNR2D1BWP30P140              4  7.9    44    47     706    (-,-) 
  WEIGHT_TRANSFORM_ROWS[0].weight_trf_row/f_floor_div_1119_22:div_1050_24_g23294/ZN -       A2->ZN R     NR2OPTPAD2BWP30P140          2  4.0    22    25     732    (-,-) 
  WEIGHT_TRANSFORM_ROWS[0].weight_trf_row/f_floor_div_1119_22:div_1050_24_g23287/ZN -       A1->ZN F     AOI21D6BWP30P140             1  4.5    20    16     748    (-,-) 
  WEIGHT_TRANSFORM_ROWS[0].weight_trf_row/f_floor_div_1119_22:div_1050_24_g23286/ZN -       A1->ZN R     NR2OPTPAD8BWP30P140          7 12.4    19    17     765    (-,-) 
  WEIGHT_TRANSFORM_ROWS[0].weight_trf_row/f_floor_div_1119_22:div_1050_24_g23279/ZN -       A1->ZN F     XNR2OPTND6BWP30P140          4  7.4    35    16     781    (-,-) 
  WEIGHT_TRANSFORM_ROWS[0].weight_trf_row/f_floor_div_1119_22:div_1050_24_g23273/ZN -       A1->ZN R     NR2D3BWP30P140               2  4.0    24    22     804    (-,-) 
  WEIGHT_TRANSFORM_ROWS[0].weight_trf_row/f_floor_div_1119_22:div_1050_24_g23259/ZN -       A2->ZN F     ND2OPTIBD4BWP30P140          1  3.3    18    15     819    (-,-) 
  WEIGHT_TRANSFORM_ROWS[0].weight_trf_row/f_floor_div_1119_22:div_1050_24_g23255/ZN -       A1->ZN R     AOI21D6BWP30P140             4  7.9    27    20     838    (-,-) 
  WEIGHT_TRANSFORM_ROWS[0].weight_trf_row/g43500/ZN                                 -       A1->ZN R     INR2D4BWP30P140              3  4.6    17    28     866    (-,-) 
  WEIGHT_TRANSFORM_ROWS[0].weight_trf_row/f_floor_div_1119_22:div_1050_24_g23429/ZN -       B1->ZN F     IND2D2BWP30P140              1  1.7    16    15     881    (-,-) 
  WEIGHT_TRANSFORM_ROWS[0].weight_trf_row/f_floor_div_1119_22:div_1050_24_g23238/ZN -       A1->ZN R     ND2D2BWP30P140               1  2.5    18    12     893    (-,-) 
  WEIGHT_TRANSFORM_ROWS[0].weight_trf_row/f_floor_div_1119_22:div_1050_24_g23234/ZN -       A1->ZN F     NR2D4BWP30P140               4  8.6    20    14     908    (-,-) 
  WEIGHT_TRANSFORM_ROWS[0].weight_trf_row/f_floor_div_1119_22:div_1050_24_g23223/ZN -       A2->ZN R     CKND2D3BWP30P140             1  3.2    20    19     927    (-,-) 
  WEIGHT_TRANSFORM_ROWS[0].weight_trf_row/f_floor_div_1119_22:div_1050_24_g23219/ZN -       A1->ZN F     AOI21D6BWP30P140             4  7.9    25    20     946    (-,-) 
  WEIGHT_TRANSFORM_ROWS[0].weight_trf_row/f_floor_div_1119_22:div_1050_24_g23211/ZN -       A2->ZN R     NR2OPTIBD8BWP30P140          4  8.1    21    20     966    (-,-) 
  WEIGHT_TRANSFORM_ROWS[0].weight_trf_row/f_floor_div_1119_22:div_1050_24_g23205/ZN -       A1->ZN F     NR2D8BWP30P140               4  6.5    15    10     976    (-,-) 
  WEIGHT_TRANSFORM_ROWS[0].weight_trf_row/f_floor_div_1119_22:div_1050_24_g23200/ZN -       A1->ZN F     XNR2OPTND4BWP30P140          2  5.4    37    21     997    (-,-) 
  WEIGHT_TRANSFORM_ROWS[0].weight_trf_row/f_floor_div_1119_22:div_1050_24_g23199/ZN -       I->ZN  R     INVD6BWP30P140               2  5.5    14    14    1011    (-,-) 
  WEIGHT_TRANSFORM_ROWS[0].weight_trf_row/f_floor_div_1119_22:div_1050_24_g23192/ZN -       A1->ZN F     ND2OPTIBD4BWP30P140          3  4.8    22    14    1025    (-,-) 
  WEIGHT_TRANSFORM_ROWS[0].weight_trf_row/f_floor_div_1119_22:div_1050_24_g23181/ZN -       A1->ZN R     NR2D4BWP30P140               1  3.6    17    16    1041    (-,-) 
  WEIGHT_TRANSFORM_ROWS[0].weight_trf_row/f_floor_div_1119_22:div_1050_24_g23177/ZN -       A1->ZN F     OAI21OPTREPBD4BWP30P140      3  6.3    23    16    1058    (-,-) 
  WEIGHT_TRANSFORM_ROWS[0].weight_trf_row/f_floor_div_1119_22:div_1050_24_g23173/ZN -       A1->ZN R     ND2OPTIBD6BWP30P140          4  5.6    16    14    1071    (-,-) 
  WEIGHT_TRANSFORM_ROWS[0].weight_trf_row/f_floor_div_1119_22:div_1050_24_g23168/ZN -       A1->ZN F     CKND2D4BWP30P140             2  4.3    17    14    1085    (-,-) 
  WEIGHT_TRANSFORM_ROWS[0].weight_trf_row/f_floor_div_1119_22:div_1050_24_g23160/ZN -       A1->ZN F     XNR2OPTND4BWP30P140          3  6.7    36    23    1108    (-,-) 
  WEIGHT_TRANSFORM_ROWS[0].weight_trf_row/f_floor_div_1119_22:div_1050_24_g23159/ZN -       I->ZN  R     INVD4BWP30P140               3  4.2    14    14    1123    (-,-) 
  WEIGHT_TRANSFORM_ROWS[0].weight_trf_row/f_floor_div_1119_22:div_1050_24_g23154/ZN -       A1->ZN F     NR2D3BWP30P140               3  4.5    29    11    1134    (-,-) 
  WEIGHT_TRANSFORM_ROWS[0].weight_trf_row/f_floor_div_1119_22:div_1050_24_g23142/ZN -       A1->ZN R     CKND2D4BWP30P140             1  3.2    17    18    1153    (-,-) 
  WEIGHT_TRANSFORM_ROWS[0].weight_trf_row/f_floor_div_1119_22:div_1050_24_g23137/ZN -       A1->ZN F     AOI21D6BWP30P140             4  7.6    24    18    1171    (-,-) 
  WEIGHT_TRANSFORM_ROWS[0].weight_trf_row/f_floor_div_1119_22:div_1050_24_g23134/ZN -       B1->ZN R     INR2D6BWP30P140              4  7.6    20    18    1189    (-,-) 
  WEIGHT_TRANSFORM_ROWS[0].weight_trf_row/f_floor_div_1119_22:div_1050_24_g23422/ZN -       B1->ZN F     INR2D6BWP30P140              3  5.8    12    11    1200    (-,-) 
  WEIGHT_TRANSFORM_ROWS[0].weight_trf_row/f_floor_div_1119_22:div_1050_24_g23122/ZN -       A1->ZN F     XNR2OPTND4BWP30P140          3  4.9    31    20    1220    (-,-) 
  WEIGHT_TRANSFORM_ROWS[0].weight_trf_row/f_floor_div_1119_22:div_1050_24_g23121/ZN -       I->ZN  R     CKND3BWP30P140               3  5.9    18    19    1239    (-,-) 
  WEIGHT_TRANSFORM_ROWS[0].weight_trf_row/f_floor_div_1119_22:div_1050_24_g23110/ZN -       A1->ZN F     OAI21D2BWP30P140             1  3.4    29    21    1260    (-,-) 
  WEIGHT_TRANSFORM_ROWS[0].weight_trf_row/f_floor_div_1119_22:div_1050_24_g23105/ZN -       A2->ZN R     ND2OPTIBD6BWP30P140          3  5.9    17    18    1278    (-,-) 
  WEIGHT_TRANSFORM_ROWS[0].weight_trf_row/f_floor_div_1119_22:div_1050_24_g23104/ZN -       I->ZN  F     INVD4BWP30P140               3  6.0    12    11    1289    (-,-) 
  WEIGHT_TRANSFORM_ROWS[0].weight_trf_row/f_floor_div_1119_22:div_1050_24_g23099/ZN -       A1->ZN R     NR2D2BWP30P140               1  1.9    19    15    1304    (-,-) 
  WEIGHT_TRANSFORM_ROWS[0].weight_trf_row/f_floor_div_1119_22:div_1050_24_g23086/ZN -       B->ZN  F     OAI21D2BWP30P140             1  2.5    25    22    1326    (-,-) 
  WEIGHT_TRANSFORM_ROWS[0].weight_trf_row/f_floor_div_1119_22:div_1050_24_g23073/ZN -       A1->ZN R     AOI211D4BWP30P140            2  3.9    35    25    1351    (-,-) 
  WEIGHT_TRANSFORM_ROWS[0].weight_trf_row/f_floor_div_1119_22:div_1050_24_g23071/ZN -       A1->ZN F     NR2D3BWP30P140               1  3.3    16    13    1364    (-,-) 
  WEIGHT_TRANSFORM_ROWS[0].weight_trf_row/f_floor_div_1119_22:div_1050_24_g23067/ZN -       A1->ZN R     AOI21D6BWP30P140             4  5.3    23    16    1380    (-,-) 
  WEIGHT_TRANSFORM_ROWS[0].weight_trf_row/f_floor_div_1119_22:div_1050_24_g23059/ZN -       A1->ZN R     INR2D4BWP30P140              2  3.8    17    26    1406    (-,-) 
  WEIGHT_TRANSFORM_ROWS[0].weight_trf_row/f_floor_div_1119_22:div_1050_24_g23058/ZN -       I->ZN  F     CKND2BWP30P140               3  4.0    16    14    1420    (-,-) 
  WEIGHT_TRANSFORM_ROWS[0].weight_trf_row/f_floor_div_1119_22:div_1050_24_g23056/ZN -       A1->ZN R     NR2D2BWP30P140               1  3.0    29    19    1438    (-,-) 
  WEIGHT_TRANSFORM_ROWS[0].weight_trf_row/f_floor_div_1119_22:div_1050_24_g23048/ZN -       A2->ZN F     NR3OPTPAD4BWP30P140          4  9.2    24    20    1459    (-,-) 
  WEIGHT_TRANSFORM_ROWS[0].weight_trf_row/f_floor_div_1119_22:div_1050_24_g23037/ZN -       A2->ZN R     NR2D4BWP30P140               1  3.3    16    19    1478    (-,-) 
  WEIGHT_TRANSFORM_ROWS[0].weight_trf_row/f_floor_div_1119_22:div_1050_24_g23033/ZN -       A1->ZN F     NR2D6BWP30P140               5  9.5    14    12    1490    (-,-) 
  WEIGHT_TRANSFORM_ROWS[0].weight_trf_row/f_floor_div_1119_22:div_1050_24_g23032/ZN -       I->ZN  R     INVD6BWP30P140               2  3.2     7     8    1497    (-,-) 
  WEIGHT_TRANSFORM_ROWS[0].weight_trf_row/f_floor_div_1119_22:div_1050_24_g23027/ZN -       A1->ZN F     ND2D2BWP30P140               1  1.3    20    11    1508    (-,-) 
  WEIGHT_TRANSFORM_ROWS[0].weight_trf_row/g43119/ZN                                 -       B->ZN  R     AOI21D1BWP30P140             1  1.3    26    25    1534    (-,-) 
  WEIGHT_TRANSFORM_ROWS[0].weight_trf_row/g43118/ZN                                 -       B->ZN  F     IOA21D1BWP30P140             1  2.5    34    26    1560    (-,-) 
  WEIGHT_TRANSFORM_ROWS[0].weight_trf_row/f_floor_div_1119_22:div_1050_24_g23006/ZN -       A1->ZN R     AOI21D4BWP30P140             2  4.5    25    23    1583    (-,-) 
  WEIGHT_TRANSFORM_ROWS[0].weight_trf_row/f_floor_div_1119_22:div_1050_24_g23002/ZN -       A1->ZN F     ND2OPTIBD4BWP30P140          1  3.9    19    15    1598    (-,-) 
  WEIGHT_TRANSFORM_ROWS[0].weight_trf_row/f_floor_div_1119_22:div_1050_24_g23001/ZN -       A2->ZN R     NR2OPTPAD4BWP30P140          3  4.9    20    16    1614    (-,-) 
  WEIGHT_TRANSFORM_ROWS[0].weight_trf_row/f_floor_div_1119_22:div_1050_24_g22997/ZN -       A1->ZN F     ND2D3BWP30P140               3  3.3    21    17    1630    (-,-) 
  WEIGHT_TRANSFORM_ROWS[0].weight_trf_row/f_floor_div_1119_22:div_1050_24_g22990/ZN -       A1->ZN R     NR3D1P5BWP30P140             2  2.6    28    23    1653    (-,-) 
  WEIGHT_TRANSFORM_ROWS[0].weight_trf_row/f_floor_div_1119_22:div_1050_24_g22989/ZN -       I->ZN  F     CKND2BWP30P140               2  2.9    16    14    1667    (-,-) 
  WEIGHT_TRANSFORM_ROWS[0].weight_trf_row/f_floor_div_1119_22:div_1050_24_g22981/ZN -       A1->ZN R     NR3D2BWP30P140               3  3.1    22    17    1684    (-,-) 
  WEIGHT_TRANSFORM_ROWS[0].weight_trf_row/f_floor_div_1119_22:div_1050_24_g23414/ZN -       A1->ZN R     INR3D2BWP30P140              2  2.6    29    38    1722    (-,-) 
  WEIGHT_TRANSFORM_ROWS[0].weight_trf_row/f_floor_div_1119_22:div_1050_24_g22973/ZN -       I->ZN  F     CKND2BWP30P140               2  3.0    16    14    1736    (-,-) 
  WEIGHT_TRANSFORM_ROWS[0].weight_trf_row/f_floor_div_1119_22:div_1050_24_g22968/ZN -       A1->ZN R     NR3D2BWP30P140               2  2.6    20    16    1753    (-,-) 
  WEIGHT_TRANSFORM_ROWS[0].weight_trf_row/f_floor_div_1119_22:div_1050_24_g22965/ZN -       A1->ZN F     ND2D2BWP30P140               2  2.0    20    16    1768    (-,-) 
  WEIGHT_TRANSFORM_ROWS[0].weight_trf_row/f_floor_div_1119_22:div_1050_24_g22961/ZN -       A1->ZN R     NR2OPTPAD1BWP30P140          2  2.4    25    22    1790    (-,-) 
  WEIGHT_TRANSFORM_ROWS[0].weight_trf_row/f_floor_div_1119_22:div_1050_24_g22957/ZN -       A1->ZN F     ND2OPTIBD2BWP30P140          2  3.1    24    19    1809    (-,-) 
  WEIGHT_TRANSFORM_ROWS[0].weight_trf_row/f_floor_div_1119_22:div_1050_24_g22953/ZN -       A1->ZN R     NR2D3BWP30P140               2  2.9    19    18    1826    (-,-) 
  WEIGHT_TRANSFORM_ROWS[0].weight_trf_row/f_floor_div_1119_22:div_1050_24_g22949/ZN -       A1->ZN F     AOI21OPTREPBD1BWP30P140      2  2.5    30    25    1851    (-,-) 
  WEIGHT_TRANSFORM_ROWS[0].weight_trf_row/f_floor_div_1119_22:div_1050_24_g22945/ZN -       A1->ZN F     XNR2UD1BWP30P140             2  2.6    42    33    1884    (-,-) 
  WEIGHT_TRANSFORM_ROWS[0].weight_trf_row/g4873/ZN                                  -       A2->ZN R     NR2D2BWP30P140               2  3.1    26    29    1913    (-,-) 
  WEIGHT_TRANSFORM_ROWS[0].weight_trf_row/g4859/ZN                                  -       B1->ZN F     OAI22D1BWP30P140             1  1.3    30    27    1940    (-,-) 
  g79952/ZN                                                                         -       A1->ZN R     AOI22D1BWP30P140             1  1.8    40    29    1970    (-,-) 
  g79852/ZN                                                                         -       B->ZN  F     IOA21D2BWP30P140             1  1.6    21    16    1986    (-,-) 
  r_input_weight_reg[1][17]/D                                                       <<<     -      F     SDFCNQOPTSADD4BWP30P140      1    -     -     0    1986    (-,-) 
#-------------------------------------------------------------------------------------------------------------------------------------------------------------------------


