============================================================
  Generated by:           Genus(TM) Synthesis Solution 22.15-s086_1
  Generated on:           Apr 10 2025  01:00:28 am
  Module:                 conv_rapida
  Operating conditions:   ssg0p81v125c 
  Operating conditions:   tt0p9v25c 
  Interconnect mode:      global
  Area mode:              physical library
============================================================


Path 1: MET (405 ps) Setup Check with Pin genblk1[4].mult_result_reg[13]/CP->D
           View: analysis_view_0p90v_25c_captyp_nominal
          Group: clk
     Startpoint: (R) EA_reg[1]/CP
          Clock: (R) clk
       Endpoint: (R) genblk1[4].mult_result_reg[13]/D
          Clock: (R) clk

                     Capture       Launch     
        Clock Edge:+    2000            0     
       Src Latency:+       0            0     
       Net Latency:+       0 (I)        0 (I) 
           Arrival:=    2000            0     
                                              
             Setup:-      19                  
     Required Time:=    1981                  
      Launch Clock:-       0                  
         Data Path:-    1576                  
             Slack:=     405                  

#---------------------------------------------------------------------------------------------------------------------
#           Timing Point             Flags    Arc   Edge       Cell         Fanout  Load Trans Delay Arrival Instance 
#                                                                                   (fF)  (ps)  (ps)   (ps)  Location 
#---------------------------------------------------------------------------------------------------------------------
  EA_reg[1]/CP                       -       -      R     (arrival)            458     -     0     0       0    (-,-) 
  EA_reg[1]/Q                        -       CP->Q  F     DFCND1BWP30P140       83  95.6   400   266     266    (-,-) 
  g519090/ZN                         -       A1->ZN R     ND2D1BWP30P140         4   4.6    98    79     345    (-,-) 
  g518344/Z                          -       B->Z   R     OA21D1BWP30P140        2   2.6    26    37     382    (-,-) 
  g517328/ZN                         -       I->ZN  F     CKND1BWP30P140         1   1.4    13    12     394    (-,-) 
  g513791/Z                          -       A1->Z  F     OR2D2BWP30P140       110 134.9   266   164     559    (-,-) 
  g513553/ZN                         -       I->ZN  R     CKND4BWP30P140        25  25.9    84    75     634    (-,-) 
  g513552/ZN                         -       I->ZN  F     INVD6BWP30P140       142 167.1   119    91     725    (-,-) 
  g512222/Z                          -       S->Z   F     CKMUX2D0BWP30P140      6   9.0    68    76     801    (-,-) 
  genblk1[4].mult_mul_49_31_g2970/Z  -       A1->Z  F     XOR2UD1BWP30P140       2   2.5    48    38     838    (-,-) 
  genblk1[4].mult_mul_49_31_g2872/ZN -       B1->ZN R     AOI22D1BWP30P140       2   2.6    39    36     875    (-,-) 
  genblk1[4].mult_mul_49_31_g2869/ZN -       A1->ZN F     NR2D1BWP30P140         2   3.3    23    20     895    (-,-) 
  genblk1[4].mult_mul_49_31_g2848/CO -       CI->CO F     FA1D1BWP30P140         1   2.2    16    34     930    (-,-) 
  genblk1[4].mult_mul_49_31_g2837/CO -       CI->CO F     FA1D1BWP30P140         1   2.2    16    32     962    (-,-) 
  genblk1[4].mult_mul_49_31_g2827/CO -       CI->CO F     FA1D1BWP30P140         1   2.2    16    32     994    (-,-) 
  genblk1[4].mult_mul_49_31_g2821/CO -       CI->CO F     FA1D1BWP30P140         1   2.2    16    32    1026    (-,-) 
  genblk1[4].mult_mul_49_31_g2817/CO -       CI->CO F     FA1D1BWP30P140         1   2.2    16    32    1058    (-,-) 
  genblk1[4].mult_mul_49_31_g2815/CO -       CI->CO F     FA1D1BWP30P140         1   2.2    16    32    1090    (-,-) 
  genblk1[4].mult_mul_49_31_g2814/CO -       CI->CO F     FA1D1BWP30P140         1   2.2    16    32    1122    (-,-) 
  genblk1[4].mult_mul_49_31_g2813/CO -       CI->CO F     FA1D1BWP30P140         1   2.2    16    32    1154    (-,-) 
  genblk1[4].mult_mul_49_31_g2812/CO -       CI->CO F     FA1D1BWP30P140         1   2.2    16    32    1186    (-,-) 
  genblk1[4].mult_mul_49_31_g2811/CO -       CI->CO F     FA1D1BWP30P140         1   2.2    16    32    1218    (-,-) 
  genblk1[4].mult_mul_49_31_g2810/CO -       CI->CO F     FA1D1BWP30P140         1   2.2    16    32    1250    (-,-) 
  genblk1[4].mult_mul_49_31_g2809/CO -       CI->CO F     FA1D1BWP30P140         1   2.2    16    32    1282    (-,-) 
  genblk1[4].mult_mul_49_31_g2808/CO -       CI->CO F     FA1D1BWP30P140         1   2.2    16    32    1314    (-,-) 
  genblk1[4].mult_mul_49_31_g2807/CO -       CI->CO F     FA1D1BWP30P140         1   2.2    16    32    1346    (-,-) 
  genblk1[4].mult_mul_49_31_g2806/CO -       CI->CO F     FA1D1BWP30P140         1   2.2    16    32    1378    (-,-) 
  genblk1[4].mult_mul_49_31_g2805/CO -       CI->CO F     FA1D1BWP30P140         1   2.2    16    32    1410    (-,-) 
  genblk1[4].mult_mul_49_31_g2804/CO -       CI->CO F     FA1D1BWP30P140         1   2.2    16    32    1442    (-,-) 
  genblk1[4].mult_mul_49_31_g2803/CO -       CI->CO F     FA1D1BWP30P140         1   2.2    16    32    1474    (-,-) 
  genblk1[4].mult_mul_49_31_g2802/CO -       CI->CO F     FA1D1BWP30P140         1   1.5    14    30    1504    (-,-) 
  genblk1[4].mult_mul_49_31_g2801/ZN -       I->ZN  R     CKND1BWP30P140         1   1.4    10    11    1514    (-,-) 
  g317473/ZN                         -       A1->ZN F     CKND2D1BWP30P140       7   7.6   104    35    1550    (-,-) 
  g317028/ZN                         -       B->ZN  R     IOA21D1BWP30P140       1   1.5    30    26    1575    (-,-) 
  genblk1[4].mult_result_reg[13]/D   <<<     -      R     DFCNQD1BWP30P140       1     -     -     0    1576    (-,-) 
#---------------------------------------------------------------------------------------------------------------------


