Copyright 1986-2022 Xilinx, Inc. All Rights Reserved. Copyright 2022-2023 Advanced Micro Devices, Inc. All Rights Reserved.
-----------------------------------------------------------------------------------------------------------------------------------------------------------------------------------------------
| Tool Version     : Vivado v.2023.2 (lin64) Build 4029153 Fri Oct 13 20:13:54 MDT 2023
| Date             : Mon Sep 28 15:21:20 2026
| Host             : paxos.inf.pucrs.br running 64-bit Rocky Linux release 8.10 (Green Obsidian)
| Command          : report_power -hier all -file /tmp/fastconv-stream08-49e2a22b/rtl/conv2x2/fpga_zcu104/stream08_pipeline_campaign/reports/prefetch4-rowconst4/power_p3f_maximum.rpt
| Design           : Conv
| Device           : xczu7ev-ffvc1156-2-e
| Design State     : routed
| Grade            : extended
| Process          : maximum
| Characterization : Production
-----------------------------------------------------------------------------------------------------------------------------------------------------------------------------------------------

Power Report

Table of Contents
-----------------
1. Summary
1.1 On-Chip Components
1.2 Power Supply Summary
1.3 Confidence Level
2. Settings
2.1 Environment
2.2 Clock Constraints
3. Detailed Reports
3.1 By Hierarchy

1. Summary
----------

+--------------------------+--------------------------------------------------------------------------------------------------------------------------------------+
| Total On-Chip Power (W)  | 1.145                                                                                                                                |
| Design Power Budget (W)  | Unspecified*                                                                                                                         |
| Power Budget Margin (W)  | NA                                                                                                                                   |
| Dynamic (W)              | 0.330                                                                                                                                |
| Device Static (W)        | 0.815                                                                                                                                |
| Effective TJA (C/W)      | 1.0                                                                                                                                  |
| Max Ambient (C)          | 98.9                                                                                                                                 |
| Junction Temperature (C) | 26.1                                                                                                                                 |
| Confidence Level         | High                                                                                                                                 |
| Setting File             | ---                                                                                                                                  |
| Simulation Activity File | /tmp/fastconv-stream08-49e2a22b/rtl/conv2x2/fpga_zcu104/stream08_pipeline_campaign/reports/prefetch4-rowconst4/top/activity_top.saif |
| Design Nets Matched      | 100%   (9702/9702)                                                                                                                   |
+--------------------------+--------------------------------------------------------------------------------------------------------------------------------------+
* Specify Design Power Budget using, set_operating_conditions -design_power_budget <value in Watts>


1.1 On-Chip Components
----------------------

+----------------+-----------+----------+-----------+-----------------+
| On-Chip        | Power (W) | Used     | Available | Utilization (%) |
+----------------+-----------+----------+-----------+-----------------+
| Clocks         |     0.017 |        3 |       --- |             --- |
| CLB Logic      |     0.029 |     7026 |       --- |             --- |
|   LUT as Logic |     0.026 |     4376 |    230400 |            1.90 |
|   CARRY8       |     0.002 |      399 |     28800 |            1.39 |
|   Register     |    <0.001 |     1326 |    460800 |            0.29 |
|   Others       |     0.000 |       46 |       --- |             --- |
| Signals        |     0.050 |     6028 |       --- |             --- |
| DSPs           |     0.007 |        8 |      1728 |            0.46 |
| I/O            |     0.228 |      101 |       360 |           28.06 |
| Static Power   |     0.815 |          |           |                 |
| Total          |     1.145 |          |           |                 |
+----------------+-----------+----------+-----------+-----------------+


1.2 Power Supply Summary
------------------------

+-----------------+-------------+------------+-------------+------------+-------------+-------------+------------+
| Source          | Voltage (V) | Total (A)  | Dynamic (A) | Static (A) | Powerup (A) | Budget (A)  | Margin (A) |
+-----------------+-------------+------------+-------------+------------+-------------+-------------+------------+
| Vccint          |       0.850 |     0.544* |       0.120 |      0.424 |       1.803 | Unspecified | NA         |
| Vccint_io       |       0.850 |     0.106* |       0.015 |      0.092 |       0.371 | Unspecified | NA         |
| Vccbram         |       0.850 |     0.009* |       0.000 |      0.009 |       0.219 | Unspecified | NA         |
| Vccaux          |       1.800 |     0.155* |       0.000 |      0.155 |       0.267 | Unspecified | NA         |
| Vccaux_io       |       1.800 |     0.083* |       0.033 |      0.050 |       0.268 | Unspecified | NA         |
| Vcco33          |       3.300 |      0.000 |       0.000 |      0.000 |       NA    | Unspecified | NA         |
| Vcco25          |       2.500 |      0.000 |       0.000 |      0.000 |       NA    | Unspecified | NA         |
| Vcco18          |       1.800 |      0.087 |       0.087 |      0.000 |       NA    | Unspecified | NA         |
| Vcco15          |       1.500 |      0.000 |       0.000 |      0.000 |       NA    | Unspecified | NA         |
| Vcco135         |       1.350 |      0.000 |       0.000 |      0.000 |       NA    | Unspecified | NA         |
| Vcco12          |       1.200 |      0.000 |       0.000 |      0.000 |       NA    | Unspecified | NA         |
| Vcco10          |       1.000 |      0.000 |       0.000 |      0.000 |       NA    | Unspecified | NA         |
| Vccadc          |       1.800 |      0.008 |       0.000 |      0.008 |       NA    | Unspecified | NA         |
| VCC_PSINTFP     |       0.850 |      0.000 |       0.000 |      0.000 |       NA    | Unspecified | NA         |
| VCC_PSINTLP     |       0.850 |     0.015* |       0.000 |      0.015 |       0.614 | Unspecified | NA         |
| VPS_MGTRAVCC    |       0.850 |      0.000 |       0.000 |      0.000 |       NA    | Unspecified | NA         |
| VCC_PSINTFP_DDR |       0.850 |      0.000 |       0.000 |      0.000 |       NA    | Unspecified | NA         |
| VCC_PSPLL       |       1.200 |      0.002 |       0.000 |      0.002 |       NA    | Unspecified | NA         |
| VPS_MGTRAVTT    |       1.800 |      0.000 |       0.000 |      0.000 |       NA    | Unspecified | NA         |
| VCCO_PSDDR_504  |       1.200 |      0.000 |       0.000 |      0.000 |       NA    | Unspecified | NA         |
| VCC_PSAUX       |       1.800 |     0.002* |       0.000 |      0.002 |       0.122 | Unspecified | NA         |
| VCC_PSBATT      |       1.200 |      0.000 |       0.000 |      0.000 |       NA    | Unspecified | NA         |
| VCC_PSDDR_PLL   |       1.800 |      0.000 |       0.000 |      0.000 |       NA    | Unspecified | NA         |
| VCCO_PSIO0_500  |       3.300 |      0.000 |       0.000 |      0.000 |       NA    | Unspecified | NA         |
| VCCO_PSIO1_501  |       3.300 |      0.000 |       0.000 |      0.000 |       NA    | Unspecified | NA         |
| VCCO_PSIO2_502  |       3.300 |      0.000 |       0.000 |      0.000 |       NA    | Unspecified | NA         |
| VCCO_PSIO3_503  |       3.300 |      0.000 |       0.000 |      0.000 |       NA    | Unspecified | NA         |
| VCC_PSADC       |       1.800 |      0.002 |       0.000 |      0.002 |       NA    | Unspecified | NA         |
| VCCINT_VCU      |       0.900 |      0.075 |       0.000 |      0.075 |       NA    | Unspecified | NA         |
| MGTAVcc         |       0.900 |      0.000 |       0.000 |      0.000 |       NA    | Unspecified | NA         |
| MGTAVtt         |       1.200 |      0.000 |       0.000 |      0.000 |       NA    | Unspecified | NA         |
| MGTVccaux       |       1.800 |      0.000 |       0.000 |      0.000 |       NA    | Unspecified | NA         |
+-----------------+-------------+------------+-------------+------------+-------------+-------------+------------+
* Power-up current exceeds the steady-state current


1.3 Confidence Level
--------------------

+-----------------------------+------------+------------------------------------------------+--------+
| User Input Data             | Confidence | Details                                        | Action |
+-----------------------------+------------+------------------------------------------------+--------+
| Design implementation state | High       | Design is routed                               |        |
| Clock nodes activity        | High       | User specified more than 95% of clocks         |        |
| I/O nodes activity          | High       | User specified more than 95% of inputs         |        |
| Internal nodes activity     | High       | User specified more than 25% of internal nodes |        |
| Device models               | High       | Device models are Production                   |        |
|                             |            |                                                |        |
| Overall confidence level    | High       |                                                |        |
+-----------------------------+------------+------------------------------------------------+--------+


2. Settings
-----------

2.1 Environment
---------------

+-----------------------+--------------------------+
| Ambient Temp (C)      | 25.0                     |
| ThetaJA (C/W)         | 1.0                      |
| Airflow (LFM)         | 250                      |
| Heat Sink             | medium (Medium Profile)  |
| ThetaSA (C/W)         | 1.5                      |
| Board Selection       | medium (10"x10")         |
| # of Board Layers     | 12to15 (12 to 15 Layers) |
| Board Temperature (C) | 25.0                     |
+-----------------------+--------------------------+


2.2 Clock Constraints
---------------------

+-------+--------+-----------------+
| Clock | Domain | Constraint (ns) |
+-------+--------+-----------------+
| clk   | clk    |             3.2 |
+-------+--------+-----------------+


3. Detailed Reports
-------------------

3.1 By Hierarchy
----------------

+------------------------------+-----------+---------+-----------+------+--------+----------+------------+---------+-----------+-------+---------+
| Name                         | Power (W) | Clock # | Clock (W) | Io # | Io (W) | Signal # | Signal (W) | Logic # | Logic (W) | Dsp # | Dsp (W) |
+------------------------------+-----------+---------+-----------+------+--------+----------+------------+---------+-----------+-------+---------+
| Conv                         |     0.330 |       3 |     0.017 |  101 |  0.228 |     6028 |      0.050 |    7026 |     0.029 |     8 |   0.007 |
|   multip0                    |     0.002 |       3 |     0.000 |    0 |  0.000 |       60 |     <0.001 |      48 |    <0.001 |     1 |  <0.001 |
|   multip1                    |     0.002 |       3 |     0.000 |    0 |  0.000 |       80 |     <0.001 |      88 |    <0.001 |     1 |  <0.001 |
|   multip2                    |     0.002 |       3 |     0.000 |    0 |  0.000 |       79 |     <0.001 |      84 |    <0.001 |     1 |  <0.001 |
|   multip3                    |     0.001 |       3 |     0.000 |    0 |  0.000 |       61 |     <0.001 |      50 |    <0.001 |     1 |  <0.001 |
|   multip4                    |     0.001 |       3 |     0.000 |    0 |  0.000 |       61 |     <0.001 |      48 |    <0.001 |     1 |  <0.001 |
|   multip5                    |     0.002 |       3 |     0.000 |    0 |  0.000 |       81 |     <0.001 |      88 |    <0.001 |     1 |  <0.001 |
|   multip6                    |     0.002 |       3 |     0.000 |    0 |  0.000 |       80 |     <0.001 |      84 |    <0.001 |     1 |  <0.001 |
|   multip7                    |     0.001 |       3 |     0.000 |    0 |  0.000 |       62 |     <0.001 |      50 |    <0.001 |     1 |  <0.001 |
|   p_input_data_IBUF[11]_inst |     0.001 |       3 |     0.000 |    2 | <0.001 |        1 |     <0.001 |       0 |     0.000 |     0 |   0.000 |
|   p_input_data_IBUF[17]_inst |     0.001 |       3 |     0.000 |    2 | <0.001 |        1 |     <0.001 |       0 |     0.000 |     0 |   0.000 |
|   p_input_data_IBUF[5]_inst  |     0.001 |       3 |     0.000 |    2 | <0.001 |        1 |      0.001 |       0 |     0.000 |     0 |   0.000 |
|   p_input_data_IBUF[8]_inst  |     0.001 |       3 |     0.000 |    2 | <0.001 |        1 |     <0.001 |       0 |     0.000 |     0 |   0.000 |
|   p_input_data_IBUF[9]_inst  |     0.001 |       3 |     0.000 |    2 | <0.001 |        1 |     <0.001 |       0 |     0.000 |     0 |   0.000 |
|   trf                        |     0.017 |       3 |     0.000 |    0 |  0.000 |      704 |      0.009 |     902 |     0.008 |     0 |   0.000 |
|     matrix_c0                |     0.008 |       3 |     0.000 |    0 |  0.000 |      264 |      0.004 |     487 |     0.004 |     0 |   0.000 |
|     matrix_c1                |     0.010 |       3 |     0.000 |    0 |  0.000 |      440 |      0.005 |     415 |     0.004 |     0 |   0.000 |
|   weight_trf_row1            |     0.001 |       3 |     0.000 |    0 |  0.000 |      962 |     <0.001 |    1088 |    <0.001 |     0 |   0.000 |
+------------------------------+-----------+---------+-----------+------+--------+----------+------------+---------+-----------+-------+---------+


