============================================================
  Generated by:           Genus(TM) Synthesis Solution 21.12-s068_1
  Generated on:           Jul 08 2025  06:01:06 pm
  Module:                 conv
  Operating conditions:   ssg0p81v125c 
  Operating conditions:   tt0p9v25c 
  Interconnect mode:      global
  Area mode:              physical library
============================================================


Path 1: MET (204 ps) Setup Check with Pin registers_reg[25][18]/CP->D
           View: analysis_view_0p90v_25c_captyp_nominal
          Group: clk
     Startpoint: (F) weights[0][9]
          Clock: (R) clk
       Endpoint: (F) registers_reg[25][18]/D
          Clock: (R) clk

                     Capture       Launch     
        Clock Edge:+    2000            0     
        Drv Adjust:+       0            6     
       Src Latency:+       0            0     
       Net Latency:+       0 (I)        0 (I) 
           Arrival:=    2000            6     
                                              
             Setup:-      13                  
     Required Time:=    1987                  
      Launch Clock:-       6                  
       Input Delay:-    1000                  
         Data Path:-     778                  
             Slack:=     204                  

Exceptions/Constraints:
  input_delay             1000            tmp_sdc_analysis_vie_line_754 

#--------------------------------------------------------------------------------------------------------------------------------------
#                   Timing Point                     Flags    Arc   Edge        Cell          Fanout Load Trans Delay Arrival Instance 
#                                                                                                    (fF)  (ps)  (ps)   (ps)  Location 
#--------------------------------------------------------------------------------------------------------------------------------------
  weights[0][9]                                      -       -      F     (arrival)                2  2.5    12     0    1006    (-,-) 
  g62685/ZN                                          -       A1->ZN F     INR2D1BWP30P140          1  2.3    20    20    1026    (-,-) 
  g50498/Z                                           -       A2->Z  F     OR2D8BWP30P140          23 35.5    22    32    1058    (-,-) 
  genblk1[0].multip/mul_24_61_g5017/ZN               -       I->ZN  R     CKND4BWP30P140           4  5.3    11    11    1069    (-,-) 
  genblk1[0].multip/g5035/Z                          -       I0->Z  R     MUX2OPTD2BWP30P140      18 19.5    42    46    1115    (-,-) 
  genblk1[0].multip/mul_24_61_g4796__9315/ZN         -       A1->ZN F     ND2D2BWP30P140          16 16.7    72    52    1167    (-,-) 
  genblk1[0].multip/mul_24_61_g4662__1617/ZN         -       A1->ZN R     OAI22D1BWP30P140         1  2.8    41    35    1202    (-,-) 
  genblk1[0].multip/mul_24_61_cdnfadd_016_2__5115/CO -       B->CO  R     FA1D1BWP30P140           1  2.8    19    36    1239    (-,-) 
  genblk1[0].multip/mul_24_61_cdnfadd_017_3__1666/S  -       B->S   F     FA1D1BWP30P140           1  2.8    20    54    1293    (-,-) 
  genblk1[0].multip/mul_24_61_cdnfadd_017_5__6417/S  -       B->S   R     FA1D1BWP30P140           1  2.3    21    64    1357    (-,-) 
  genblk1[0].multip/mul_24_61_cdnfadd_017_6__5477/S  -       CI->S  F     FA1D1BWP30P140           1  1.5    16    49    1406    (-,-) 
  genblk1[0].multip/mul_24_61_g4554/ZN               -       I->ZN  R     CKND1BWP30P140           2  2.5    16    15    1420    (-,-) 
  genblk1[0].multip/mul_24_61_g4553__6161/ZN         -       A1->ZN F     CKND2D1BWP30P140         3  3.5    28    21    1442    (-,-) 
  genblk1[0].multip/mul_24_61_g4549__1881/ZN         -       A1->ZN R     AOI21D1BWP30P140         2  2.6    29    26    1467    (-,-) 
  genblk1[0].multip/mul_24_61_g4544__1705/ZN         -       B1->ZN F     INR2D1BWP30P140          1  1.5    14    13    1480    (-,-) 
  genblk1[0].multip/mul_24_61_g4543__2802/ZN         -       A1->ZN R     NR2OPTIBD1BWP30P140      1  1.5    16    14    1494    (-,-) 
  genblk1[0].multip/mul_24_61_g4521__9315/ZN         -       A1->ZN F     OAI21D1BWP30P140         2  2.6    32    22    1517    (-,-) 
  genblk1[0].multip/mul_24_61_g4509__2802/ZN         -       A2->ZN R     AOI21D1BWP30P140         1  1.6    23    23    1539    (-,-) 
  genblk1[0].multip/mul_24_61_g4506__6783/ZN         -       B->ZN  F     OAI21D1BWP30P140         1  1.5    25    21    1560    (-,-) 
  genblk1[0].multip/mul_24_61_g4496__1666/ZN         -       B->ZN  R     AOI21D1BWP30P140         3  4.2    40    34    1594    (-,-) 
  genblk1[0].multip/mul_24_61_g4489__7482/ZN         -       A3->ZN F     OAI31D1BWP30P140         1  2.7    36    27    1621    (-,-) 
  genblk1[0].multip/mul_24_61_g4482__1705/S          -       CI->S  F     FA1OPTCD1BWP30P140       5  5.2    30    62    1682    (-,-) 
  g62190/ZN                                          -       A1->ZN R     CKND2D1BWP30P140        11 12.7   100    63    1745    (-,-) 
  g61009/ZN                                          -       B->ZN  F     OAI211D1BWP30P140        1  1.5    51    38    1783    (-,-) 
  registers_reg[25][18]/D                            <<<     -      F     DFCNQD1BWP30P140         1    -     -     0    1783    (-,-) 
#--------------------------------------------------------------------------------------------------------------------------------------


