Copyright 1986-2022 Xilinx, Inc. All Rights Reserved. Copyright 2022-2023 Advanced Micro Devices, Inc. All Rights Reserved.
---------------------------------------------------------------------------------------------------------------------------------------------
| Tool Version : Vivado v.2023.2 (lin64) Build 4029153 Fri Oct 13 20:13:54 MDT 2023
| Date         : Thu Oct  1 22:57:59 2026
| Host         : paxos.inf.pucrs.br running 64-bit Rocky Linux release 8.10 (Green Obsidian)
| Command      : report_utilization -hierarchical -file /sim/tarsio/reports-ifn9m18-nbits16-ab5dee07/ifn9_m18_4/utilization_hierarchical.rpt
| Design       : IFN9M18ReplicaTop
| Device       : xczu7ev-ffvc1156-2-e
| Speed File   : -2
| Design State : Routed
---------------------------------------------------------------------------------------------------------------------------------------------

Utilization Design Information

Table of Contents
-----------------
1. Utilization by Hierarchy

1. Utilization by Hierarchy
---------------------------

+--------------------------+--------------+------------+------------+---------+------+------+--------+--------+------+------------+
|         Instance         |    Module    | Total LUTs | Logic LUTs | LUTRAMs | SRLs |  FFs | RAMB36 | RAMB18 | URAM | DSP Blocks |
+--------------------------+--------------+------------+------------+---------+------+------+--------+--------+------+------------+
| IFN9M18ReplicaTop        |        (top) |      22920 |      22920 |       0 |    0 | 7604 |      0 |      0 |    0 |         72 |
|   (IFN9M18ReplicaTop)    |        (top) |          0 |          0 |       0 |    0 |   12 |      0 |      0 |    0 |          0 |
|   CORES[0].core_inst     |         Conv |       5730 |       5730 |       0 |    0 | 1854 |      0 |      0 |    0 |         18 |
|     (CORES[0].core_inst) |         Conv |       2692 |       2692 |       0 |    0 | 1838 |      0 |      0 |    0 |          0 |
|     MAC_LANES[0].multip  |    Multip_62 |          4 |          4 |       0 |    0 |    0 |      0 |      0 |    0 |          1 |
|     MAC_LANES[10].multip |    Multip_63 |         91 |         91 |       0 |    0 |    0 |      0 |      0 |    0 |          1 |
|     MAC_LANES[11].multip |    Multip_64 |          0 |          0 |       0 |    0 |    0 |      0 |      0 |    0 |          1 |
|     MAC_LANES[12].multip |    Multip_65 |          3 |          3 |       0 |    0 |    0 |      0 |      0 |    0 |          1 |
|     MAC_LANES[13].multip |    Multip_66 |          3 |          3 |       0 |    0 |    0 |      0 |      0 |    0 |          1 |
|     MAC_LANES[14].multip |    Multip_67 |          3 |          3 |       0 |    0 |    0 |      0 |      0 |    0 |          1 |
|     MAC_LANES[15].multip |    Multip_68 |        296 |        296 |       0 |    0 |    0 |      0 |      0 |    0 |          1 |
|     MAC_LANES[16].multip |    Multip_69 |        150 |        150 |       0 |    0 |    0 |      0 |      0 |    0 |          1 |
|     MAC_LANES[17].multip |    Multip_70 |          0 |          0 |       0 |    0 |    0 |      0 |      0 |    0 |          1 |
|     MAC_LANES[1].multip  |    Multip_71 |          3 |          3 |       0 |    0 |    2 |      0 |      0 |    0 |          1 |
|     MAC_LANES[2].multip  |    Multip_72 |          3 |          3 |       0 |    0 |    0 |      0 |      0 |    0 |          1 |
|     MAC_LANES[3].multip  |    Multip_73 |        156 |        156 |       0 |    0 |   14 |      0 |      0 |    0 |          1 |
|     MAC_LANES[4].multip  |    Multip_74 |         79 |         79 |       0 |    0 |    0 |      0 |      0 |    0 |          1 |
|     MAC_LANES[5].multip  |    Multip_75 |          0 |          0 |       0 |    0 |    0 |      0 |      0 |    0 |          1 |
|     MAC_LANES[6].multip  |    Multip_76 |          3 |          3 |       0 |    0 |    0 |      0 |      0 |    0 |          1 |
|     MAC_LANES[7].multip  |    Multip_77 |          3 |          3 |       0 |    0 |    0 |      0 |      0 |    0 |          1 |
|     MAC_LANES[8].multip  |    Multip_78 |          3 |          3 |       0 |    0 |    0 |      0 |      0 |    0 |          1 |
|     MAC_LANES[9].multip  |    Multip_79 |        179 |        179 |       0 |    0 |    0 |      0 |      0 |    0 |          1 |
|     trf                  | Transform_80 |       2072 |       2072 |       0 |    0 |    0 |      0 |      0 |    0 |          0 |
|       matrix_c0          |  MatrixC0_81 |       1421 |       1421 |       0 |    0 |    0 |      0 |      0 |    0 |          0 |
|       matrix_c1          |  MatrixC1_82 |        666 |        666 |       0 |    0 |    0 |      0 |      0 |    0 |          0 |
|   CORES[1].core_inst     |       Conv_0 |       5719 |       5719 |       0 |    0 | 1918 |      0 |      0 |    0 |         18 |
|     (CORES[1].core_inst) |       Conv_0 |       2697 |       2697 |       0 |    0 | 1838 |      0 |      0 |    0 |          0 |
|     MAC_LANES[0].multip  |    Multip_41 |          4 |          4 |       0 |    0 |    1 |      0 |      0 |    0 |          1 |
|     MAC_LANES[10].multip |    Multip_42 |         91 |         91 |       0 |    0 |   14 |      0 |      0 |    0 |          1 |
|     MAC_LANES[11].multip |    Multip_43 |          0 |          0 |       0 |    0 |    0 |      0 |      0 |    0 |          1 |
|     MAC_LANES[12].multip |    Multip_44 |          3 |          3 |       0 |    0 |    0 |      0 |      0 |    0 |          1 |
|     MAC_LANES[13].multip |    Multip_45 |          3 |          3 |       0 |    0 |    0 |      0 |      0 |    0 |          1 |
|     MAC_LANES[14].multip |    Multip_46 |          3 |          3 |       0 |    0 |    0 |      0 |      0 |    0 |          1 |
|     MAC_LANES[15].multip |    Multip_47 |        296 |        296 |       0 |    0 |    0 |      0 |      0 |    0 |          1 |
|     MAC_LANES[16].multip |    Multip_48 |        150 |        150 |       0 |    0 |    0 |      0 |      0 |    0 |          1 |
|     MAC_LANES[17].multip |    Multip_49 |          0 |          0 |       0 |    0 |    0 |      0 |      0 |    0 |          1 |
|     MAC_LANES[1].multip  |    Multip_50 |          3 |          3 |       0 |    0 |    2 |      0 |      0 |    0 |          1 |
|     MAC_LANES[2].multip  |    Multip_51 |          3 |          3 |       0 |    0 |    0 |      0 |      0 |    0 |          1 |
|     MAC_LANES[3].multip  |    Multip_52 |        156 |        156 |       0 |    0 |   29 |      0 |      0 |    0 |          1 |
|     MAC_LANES[4].multip  |    Multip_53 |         79 |         79 |       0 |    0 |    0 |      0 |      0 |    0 |          1 |
|     MAC_LANES[5].multip  |    Multip_54 |          0 |          0 |       0 |    0 |    0 |      0 |      0 |    0 |          1 |
|     MAC_LANES[6].multip  |    Multip_55 |          3 |          3 |       0 |    0 |    2 |      0 |      0 |    0 |          1 |
|     MAC_LANES[7].multip  |    Multip_56 |          3 |          3 |       0 |    0 |    2 |      0 |      0 |    0 |          1 |
|     MAC_LANES[8].multip  |    Multip_57 |          3 |          3 |       0 |    0 |    2 |      0 |      0 |    0 |          1 |
|     MAC_LANES[9].multip  |    Multip_58 |        179 |        179 |       0 |    0 |   28 |      0 |      0 |    0 |          1 |
|     trf                  | Transform_59 |       2057 |       2057 |       0 |    0 |    0 |      0 |      0 |    0 |          0 |
|       matrix_c0          |  MatrixC0_60 |       1405 |       1405 |       0 |    0 |    0 |      0 |      0 |    0 |          0 |
|       matrix_c1          |  MatrixC1_61 |        668 |        668 |       0 |    0 |    0 |      0 |      0 |    0 |          0 |
|   CORES[2].core_inst     |       Conv_1 |       5742 |       5742 |       0 |    0 | 1982 |      0 |      0 |    0 |         18 |
|     (CORES[2].core_inst) |       Conv_1 |       2692 |       2692 |       0 |    0 | 1838 |      0 |      0 |    0 |          0 |
|     MAC_LANES[0].multip  |    Multip_20 |          4 |          4 |       0 |    0 |    3 |      0 |      0 |    0 |          1 |
|     MAC_LANES[10].multip |    Multip_21 |         91 |         91 |       0 |    0 |   14 |      0 |      0 |    0 |          1 |
|     MAC_LANES[11].multip |    Multip_22 |          0 |          0 |       0 |    0 |    0 |      0 |      0 |    0 |          1 |
|     MAC_LANES[12].multip |    Multip_23 |          3 |          3 |       0 |    0 |    2 |      0 |      0 |    0 |          1 |
|     MAC_LANES[13].multip |    Multip_24 |          3 |          3 |       0 |    0 |    0 |      0 |      0 |    0 |          1 |
|     MAC_LANES[14].multip |    Multip_25 |          3 |          3 |       0 |    0 |    0 |      0 |      0 |    0 |          1 |
|     MAC_LANES[15].multip |    Multip_26 |        296 |        296 |       0 |    0 |   14 |      0 |      0 |    0 |          1 |
|     MAC_LANES[16].multip |    Multip_27 |        150 |        150 |       0 |    0 |    0 |      0 |      0 |    0 |          1 |
|     MAC_LANES[17].multip |    Multip_28 |          0 |          0 |       0 |    0 |    0 |      0 |      0 |    0 |          1 |
|     MAC_LANES[1].multip  |    Multip_29 |          3 |          3 |       0 |    0 |    2 |      0 |      0 |    0 |          1 |
|     MAC_LANES[2].multip  |    Multip_30 |          3 |          3 |       0 |    0 |    0 |      0 |      0 |    0 |          1 |
|     MAC_LANES[3].multip  |    Multip_31 |        156 |        156 |       0 |    0 |   59 |      0 |      0 |    0 |          1 |
|     MAC_LANES[4].multip  |    Multip_32 |         79 |         79 |       0 |    0 |    0 |      0 |      0 |    0 |          1 |
|     MAC_LANES[5].multip  |    Multip_33 |          0 |          0 |       0 |    0 |    0 |      0 |      0 |    0 |          1 |
|     MAC_LANES[6].multip  |    Multip_34 |          3 |          3 |       0 |    0 |    4 |      0 |      0 |    0 |          1 |
|     MAC_LANES[7].multip  |    Multip_35 |          3 |          3 |       0 |    0 |    2 |      0 |      0 |    0 |          1 |
|     MAC_LANES[8].multip  |    Multip_36 |          3 |          3 |       0 |    0 |    2 |      0 |      0 |    0 |          1 |
|     MAC_LANES[9].multip  |    Multip_37 |        179 |        179 |       0 |    0 |   42 |      0 |      0 |    0 |          1 |
|     trf                  | Transform_38 |       2085 |       2085 |       0 |    0 |    0 |      0 |      0 |    0 |          0 |
|       matrix_c0          |  MatrixC0_39 |       1431 |       1431 |       0 |    0 |    0 |      0 |      0 |    0 |          0 |
|       matrix_c1          |  MatrixC1_40 |        670 |        670 |       0 |    0 |    0 |      0 |      0 |    0 |          0 |
|   CORES[3].core_inst     |       Conv_2 |       5729 |       5729 |       0 |    0 | 1838 |      0 |      0 |    0 |         18 |
|     (CORES[3].core_inst) |       Conv_2 |       2698 |       2698 |       0 |    0 | 1838 |      0 |      0 |    0 |          0 |
|     MAC_LANES[0].multip  |       Multip |          4 |          4 |       0 |    0 |    0 |      0 |      0 |    0 |          1 |
|     MAC_LANES[10].multip |     Multip_3 |         91 |         91 |       0 |    0 |    0 |      0 |      0 |    0 |          1 |
|     MAC_LANES[11].multip |     Multip_4 |          0 |          0 |       0 |    0 |    0 |      0 |      0 |    0 |          1 |
|     MAC_LANES[12].multip |     Multip_5 |          3 |          3 |       0 |    0 |    0 |      0 |      0 |    0 |          1 |
|     MAC_LANES[13].multip |     Multip_6 |          3 |          3 |       0 |    0 |    0 |      0 |      0 |    0 |          1 |
|     MAC_LANES[14].multip |     Multip_7 |          3 |          3 |       0 |    0 |    0 |      0 |      0 |    0 |          1 |
|     MAC_LANES[15].multip |     Multip_8 |        296 |        296 |       0 |    0 |    0 |      0 |      0 |    0 |          1 |
|     MAC_LANES[16].multip |     Multip_9 |        150 |        150 |       0 |    0 |    0 |      0 |      0 |    0 |          1 |
|     MAC_LANES[17].multip |    Multip_10 |          0 |          0 |       0 |    0 |    0 |      0 |      0 |    0 |          1 |
|     MAC_LANES[1].multip  |    Multip_11 |          3 |          3 |       0 |    0 |    0 |      0 |      0 |    0 |          1 |
|     MAC_LANES[2].multip  |    Multip_12 |          3 |          3 |       0 |    0 |    0 |      0 |      0 |    0 |          1 |
|     MAC_LANES[3].multip  |    Multip_13 |        156 |        156 |       0 |    0 |    0 |      0 |      0 |    0 |          1 |
|     MAC_LANES[4].multip  |    Multip_14 |         79 |         79 |       0 |    0 |    0 |      0 |      0 |    0 |          1 |
|     MAC_LANES[5].multip  |    Multip_15 |          0 |          0 |       0 |    0 |    0 |      0 |      0 |    0 |          1 |
|     MAC_LANES[6].multip  |    Multip_16 |          3 |          3 |       0 |    0 |    0 |      0 |      0 |    0 |          1 |
|     MAC_LANES[7].multip  |    Multip_17 |          3 |          3 |       0 |    0 |    0 |      0 |      0 |    0 |          1 |
|     MAC_LANES[8].multip  |    Multip_18 |          3 |          3 |       0 |    0 |    0 |      0 |      0 |    0 |          1 |
|     MAC_LANES[9].multip  |    Multip_19 |        179 |        179 |       0 |    0 |    0 |      0 |      0 |    0 |          1 |
|     trf                  |    Transform |       2068 |       2068 |       0 |    0 |    0 |      0 |      0 |    0 |          0 |
|       matrix_c0          |     MatrixC0 |       1415 |       1415 |       0 |    0 |    0 |      0 |      0 |    0 |          0 |
|       matrix_c1          |     MatrixC1 |        671 |        671 |       0 |    0 |    0 |      0 |      0 |    0 |          0 |
+--------------------------+--------------+------------+------------+---------+------+------+--------+--------+------+------------+
* Note: The sum of lower-level cells may be larger than their parent cells total, due to cross-hierarchy LUT combining


