============================================================
  Generated by:           Genus(TM) Synthesis Solution 21.12-s068_1
  Generated on:           Jan 25 2026  09:43:27 pm
  Module:                 Conv
  Library domain:         timing_cond_0p81v_125c
    Domain index:         0
    Technology library:   tcbn28hpcplusbwp30p140ssg0p81v125c 110
  Operating conditions:   ssg0p81v125c 
  Interconnect mode:      global
  Area mode:              physical library
============================================================

      Instance        Module   Cell Count  Cell Area  Net Area   Total Area 
----------------------------------------------------------------------------
Conv                                 9548  10118.304  4679.756    14798.060 
  genblk1[0].multip Multip            649    678.762   267.353      946.115 
  genblk1[1].multip Multip_50         657    674.856   267.159      942.015 
  inv               Inverse          2492   2562.966   971.211     3534.177 
    matrix_a0       MatrixA0          689    814.338   240.453     1054.791 
    matrix_a1       MatrixA1         1803   1748.628   616.352     2364.980 
  mux_mult          MuxMult             7      3.654     0.996        4.650 
  trf               Transform        2273   2946.762   773.905     3720.667 
    matrix_c0       MatrixC0          903   1301.076   320.300     1621.376 
    matrix_c1       MatrixC1         1370   1645.686   423.335     2069.021 
