============================================================
  Generated by:           Genus(TM) Synthesis Solution 21.12-s068_1
  Generated on:           Sep 01 2026  08:38:04 am
  Module:                 Conv
  Library domain:         timing_cond_0p81v_125c
    Domain index:         0
    Technology library:   tcbn28hpcplusbwp30p140ssg0p81v125c 110
  Operating conditions:   ssg0p81v125c 
  Interconnect mode:      global
  Area mode:              physical library
============================================================

                                                                                    Library 
          Gate           Instances    Area                   Library                 Domain 
--------------------------------------------------------------------------------------------
AN2D1BWP30P140                  35     17.640    tcbn28hpcplusbwp30p140ssg0p81v125c       0 
AN3D1BWP30P140                   2      1.260    tcbn28hpcplusbwp30p140ssg0p81v125c       0 
AO211D1BWP30P140                 2      1.512    tcbn28hpcplusbwp30p140ssg0p81v125c       0 
AO21D1BWP30P140                155     97.650    tcbn28hpcplusbwp30p140ssg0p81v125c       0 
AO21D2BWP30P140                  4      3.024    tcbn28hpcplusbwp30p140ssg0p81v125c       0 
AO22D0BWP30P140                 28     21.168    tcbn28hpcplusbwp30p140ssg0p81v125c       0 
AO22D1BWP30P140                  4      3.528    tcbn28hpcplusbwp30p140ssg0p81v125c       0 
AO22D2BWP30P140                  1      1.008    tcbn28hpcplusbwp30p140ssg0p81v125c       0 
AOI211D1BWP30P140                2      1.260    tcbn28hpcplusbwp30p140ssg0p81v125c       0 
AOI21D1BWP30P140                98     49.392    tcbn28hpcplusbwp30p140ssg0p81v125c       0 
AOI21D2BWP30P140                82     72.324    tcbn28hpcplusbwp30p140ssg0p81v125c       0 
AOI21D4BWP30P140                30     52.920    tcbn28hpcplusbwp30p140ssg0p81v125c       0 
AOI21OPTREPBD1BWP30P140         40     30.240    tcbn28hpcplusbwp30p140ssg0p81v125c       0 
AOI221D1BWP30P140                1      0.756    tcbn28hpcplusbwp30p140ssg0p81v125c       0 
AOI222D1BWP30P140                1      1.008    tcbn28hpcplusbwp30p140ssg0p81v125c       0 
AOI22D1BWP30P140               128     80.640    tcbn28hpcplusbwp30p140ssg0p81v125c       0 
AOI31D1BWP30P140                 4      2.520    tcbn28hpcplusbwp30p140ssg0p81v125c       0 
BUFFD3BWP30P140                  1      0.630    tcbn28hpcplusbwp30p140ssg0p81v125c       0 
BUFFD4BWP30P140                  2      1.764    tcbn28hpcplusbwp30p140ssg0p81v125c       0 
CKAN2D1BWP30P140               260    131.040    tcbn28hpcplusbwp30p140ssg0p81v125c       0 
CKBD2BWP30P140                   1      0.504    tcbn28hpcplusbwp30p140ssg0p81v125c       0 
CKBD4BWP30P140                   2      1.764    tcbn28hpcplusbwp30p140ssg0p81v125c       0 
CKLNQD1BWP30P140                52     98.280    tcbn28hpcplusbwp30p140ssg0p81v125c       0 
CKMUX2D0BWP30P140              207    182.574    tcbn28hpcplusbwp30p140ssg0p81v125c       0 
CKND1BWP30P140                 933    235.116    tcbn28hpcplusbwp30p140ssg0p81v125c       0 
CKND2BWP30P140                  42     15.876    tcbn28hpcplusbwp30p140ssg0p81v125c       0 
CKND2D1BWP30P140               127     48.006    tcbn28hpcplusbwp30p140ssg0p81v125c       0 
DFCND1BWP30P140                 12     30.240    tcbn28hpcplusbwp30p140ssg0p81v125c       0 
DFCND4BWP30P140                  1      3.402    tcbn28hpcplusbwp30p140ssg0p81v125c       0 
DFCNQD1BWP30P140               831   1884.708    tcbn28hpcplusbwp30p140ssg0p81v125c       0 
DFCNQD2BWP30P140                 5     13.230    tcbn28hpcplusbwp30p140ssg0p81v125c       0 
DFKCND1BWP30P140                 4      8.568    tcbn28hpcplusbwp30p140ssg0p81v125c       0 
DFKCNQD1BWP30P140               12     24.192    tcbn28hpcplusbwp30p140ssg0p81v125c       0 
DFKCNQD2BWP30P140              144    290.304    tcbn28hpcplusbwp30p140ssg0p81v125c       0 
DFSND1BWP30P140                  1      2.394    tcbn28hpcplusbwp30p140ssg0p81v125c       0 
DFSNQD2BWP30P140                 1      2.268    tcbn28hpcplusbwp30p140ssg0p81v125c       0 
EDFCND1BWP30P140                 4     12.096    tcbn28hpcplusbwp30p140ssg0p81v125c       0 
EDFCNQD1BWP30P140                7     20.286    tcbn28hpcplusbwp30p140ssg0p81v125c       0 
FA1D1BWP30P140                1234   2643.228    tcbn28hpcplusbwp30p140ssg0p81v125c       0 
FA1D2BWP30P140                   1      2.394    tcbn28hpcplusbwp30p140ssg0p81v125c       0 
FA1D4BWP30P140                   1      3.654    tcbn28hpcplusbwp30p140ssg0p81v125c       0 
FA1OPTCD1BWP30P140               4     10.080    tcbn28hpcplusbwp30p140ssg0p81v125c       0 
FA1OPTCD2BWP30P140               1      3.024    tcbn28hpcplusbwp30p140ssg0p81v125c       0 
HA1D1BWP30P140                 139    227.682    tcbn28hpcplusbwp30p140ssg0p81v125c       0 
IAO21D0BWP30P140                36     22.680    tcbn28hpcplusbwp30p140ssg0p81v125c       0 
IAO21D1BWP30P140                22     13.860    tcbn28hpcplusbwp30p140ssg0p81v125c       0 
IAO21D2BWP30P140                88     77.616    tcbn28hpcplusbwp30p140ssg0p81v125c       0 
IAO22D1BWP30P140                 4      3.528    tcbn28hpcplusbwp30p140ssg0p81v125c       0 
IND2D1BWP30P140                429    216.216    tcbn28hpcplusbwp30p140ssg0p81v125c       0 
IND2D2BWP30P140                 27     20.412    tcbn28hpcplusbwp30p140ssg0p81v125c       0 
IND2D4BWP30P140                  4      5.544    tcbn28hpcplusbwp30p140ssg0p81v125c       0 
IND3D1BWP30P140                  6      3.780    tcbn28hpcplusbwp30p140ssg0p81v125c       0 
IND4D1BWP30P140                  4      3.024    tcbn28hpcplusbwp30p140ssg0p81v125c       0 
INR2D1BWP30P140                903    455.112    tcbn28hpcplusbwp30p140ssg0p81v125c       0 
INR2D2BWP30P140                 26     19.656    tcbn28hpcplusbwp30p140ssg0p81v125c       0 
INR2D4BWP30P140                  2      2.772    tcbn28hpcplusbwp30p140ssg0p81v125c       0 
INR3D0BWP30P140                  9      5.670    tcbn28hpcplusbwp30p140ssg0p81v125c       0 
INVD0P7BWP30P140                 5      1.260    tcbn28hpcplusbwp30p140ssg0p81v125c       0 
INVD1BWP30P140                  11      2.772    tcbn28hpcplusbwp30p140ssg0p81v125c       0 
INVD1P5BWP30P140                 1      0.378    tcbn28hpcplusbwp30p140ssg0p81v125c       0 
INVD2BWP30P140                   2      0.756    tcbn28hpcplusbwp30p140ssg0p81v125c       0 
INVD3BWP30P140                   1      0.504    tcbn28hpcplusbwp30p140ssg0p81v125c       0 
INVD6BWP30P140                   1      0.882    tcbn28hpcplusbwp30p140ssg0p81v125c       0 
INVD9BWP30P140                   2      2.520    tcbn28hpcplusbwp30p140ssg0p81v125c       0 
IOA21D0BWP30P140                 2      1.260    tcbn28hpcplusbwp30p140ssg0p81v125c       0 
IOA21D1BWP30P140               416    262.080    tcbn28hpcplusbwp30p140ssg0p81v125c       0 
IOA21D2BWP30P140                 4      3.528    tcbn28hpcplusbwp30p140ssg0p81v125c       0 
IOA22D1BWP30P140                10      8.820    tcbn28hpcplusbwp30p140ssg0p81v125c       0 
MAOI222D1BWP30P140             235    177.660    tcbn28hpcplusbwp30p140ssg0p81v125c       0 
MAOI222D2BWP30P140               2      3.276    tcbn28hpcplusbwp30p140ssg0p81v125c       0 
MAOI22D1BWP30P140              111     83.916    tcbn28hpcplusbwp30p140ssg0p81v125c       0 
MOAI22D0BWP30P140                3      2.268    tcbn28hpcplusbwp30p140ssg0p81v125c       0 
MOAI22D1BWP30P140              312    235.872    tcbn28hpcplusbwp30p140ssg0p81v125c       0 
MOAI22D2BWP30P140                3      3.780    tcbn28hpcplusbwp30p140ssg0p81v125c       0 
MUX2D0BWP30P140                 65     57.330    tcbn28hpcplusbwp30p140ssg0p81v125c       0 
MUX2D1BWP30P140                 39     39.312    tcbn28hpcplusbwp30p140ssg0p81v125c       0 
MUX2D2BWP30P140                 13     14.742    tcbn28hpcplusbwp30p140ssg0p81v125c       0 
MUX2D4BWP30P140                 42     74.088    tcbn28hpcplusbwp30p140ssg0p81v125c       0 
MUX2NUD1BWP30P140                8      6.048    tcbn28hpcplusbwp30p140ssg0p81v125c       0 
MUX2OPTD2BWP30P140               5      5.670    tcbn28hpcplusbwp30p140ssg0p81v125c       0 
MUX2OPTD4BWP30P140              10     22.680    tcbn28hpcplusbwp30p140ssg0p81v125c       0 
MUX2OPTD6BWP30P140               4     12.600    tcbn28hpcplusbwp30p140ssg0p81v125c       0 
ND2D1BWP30P140                 118     44.604    tcbn28hpcplusbwp30p140ssg0p81v125c       0 
ND2D2BWP30P140                   7      4.410    tcbn28hpcplusbwp30p140ssg0p81v125c       0 
ND2D4BWP30P140                   1      1.134    tcbn28hpcplusbwp30p140ssg0p81v125c       0 
ND2OPTIBD1BWP30P140             47     17.766    tcbn28hpcplusbwp30p140ssg0p81v125c       0 
ND4D1BWP30P140                   1      0.630    tcbn28hpcplusbwp30p140ssg0p81v125c       0 
NR2D1BWP30P140                 148     55.944    tcbn28hpcplusbwp30p140ssg0p81v125c       0 
NR2D2BWP30P140                   8      5.040    tcbn28hpcplusbwp30p140ssg0p81v125c       0 
NR2D3BWP30P140                   5      4.410    tcbn28hpcplusbwp30p140ssg0p81v125c       0 
NR2OPTIBD1BWP30P140            269    101.682    tcbn28hpcplusbwp30p140ssg0p81v125c       0 
NR2OPTIBD2BWP30P140              2      1.260    tcbn28hpcplusbwp30p140ssg0p81v125c       0 
NR2OPTPAD1BWP30P140              7      3.528    tcbn28hpcplusbwp30p140ssg0p81v125c       0 
NR3D0BWP30P140                  10      5.040    tcbn28hpcplusbwp30p140ssg0p81v125c       0 
NR3D0P7BWP30P140                10      5.040    tcbn28hpcplusbwp30p140ssg0p81v125c       0 
NR4D0BWP30P140                   2      1.260    tcbn28hpcplusbwp30p140ssg0p81v125c       0 
OA21D1BWP30P140                 57     35.910    tcbn28hpcplusbwp30p140ssg0p81v125c       0 
OA21D2BWP30P140                  5      3.780    tcbn28hpcplusbwp30p140ssg0p81v125c       0 
OA21D4BWP30P140                  2      2.772    tcbn28hpcplusbwp30p140ssg0p81v125c       0 
OA22D1BWP30P140                  9      7.938    tcbn28hpcplusbwp30p140ssg0p81v125c       0 
OAI211D1BWP30P140                4      2.520    tcbn28hpcplusbwp30p140ssg0p81v125c       0 
OAI21D0P7BWP30P140              25     12.600    tcbn28hpcplusbwp30p140ssg0p81v125c       0 
OAI21D1BWP30P140                87     43.848    tcbn28hpcplusbwp30p140ssg0p81v125c       0 
OAI21D2BWP30P140                30     26.460    tcbn28hpcplusbwp30p140ssg0p81v125c       0 
OAI21D4BWP30P140                11     19.404    tcbn28hpcplusbwp30p140ssg0p81v125c       0 
OAI21D6BWP30P140                 2      5.040    tcbn28hpcplusbwp30p140ssg0p81v125c       0 
OAI21OPTREPBD1BWP30P140          7      5.292    tcbn28hpcplusbwp30p140ssg0p81v125c       0 
OAI21OPTREPBD2BWP30P140          5      6.930    tcbn28hpcplusbwp30p140ssg0p81v125c       0 
OAI21OPTREPBD4BWP30P140          1      2.646    tcbn28hpcplusbwp30p140ssg0p81v125c       0 
OAI221D1BWP30P140                3      2.646    tcbn28hpcplusbwp30p140ssg0p81v125c       0 
OAI222D1BWP30P140                4      4.032    tcbn28hpcplusbwp30p140ssg0p81v125c       0 
OAI22D1BWP30P140               769    484.470    tcbn28hpcplusbwp30p140ssg0p81v125c       0 
OAI22OPTPBD1BWP30P140            2      2.016    tcbn28hpcplusbwp30p140ssg0p81v125c       0 
OAI31D1BWP30P140                19     11.970    tcbn28hpcplusbwp30p140ssg0p81v125c       0 
OR2D0BWP30P140                  46     23.184    tcbn28hpcplusbwp30p140ssg0p81v125c       0 
OR2D1BWP30P140                 153     77.112    tcbn28hpcplusbwp30p140ssg0p81v125c       0 
OR2D2BWP30P140                   2      1.260    tcbn28hpcplusbwp30p140ssg0p81v125c       0 
OR2D4BWP30P140                   1      1.134    tcbn28hpcplusbwp30p140ssg0p81v125c       0 
OR3D1BWP30P140                   3      1.890    tcbn28hpcplusbwp30p140ssg0p81v125c       0 
OR4D1BWP30P140                   1      0.756    tcbn28hpcplusbwp30p140ssg0p81v125c       0 
OR4D2BWP30P140                   1      0.882    tcbn28hpcplusbwp30p140ssg0p81v125c       0 
SDFSNQD2BWP30P140                1      2.898    tcbn28hpcplusbwp30p140ssg0p81v125c       0 
XNR2D1BWP30P140                 57     57.456    tcbn28hpcplusbwp30p140ssg0p81v125c       0 
XNR2D2BWP30P140                 10     11.340    tcbn28hpcplusbwp30p140ssg0p81v125c       0 
XNR2OPTND2BWP30P140             32     44.352    tcbn28hpcplusbwp30p140ssg0p81v125c       0 
XNR2OPTND4BWP30P140             12     30.240    tcbn28hpcplusbwp30p140ssg0p81v125c       0 
XNR2UD1BWP30P140              1302   1148.364    tcbn28hpcplusbwp30p140ssg0p81v125c       0 
XNR3D1BWP30P140                  5      9.450    tcbn28hpcplusbwp30p140ssg0p81v125c       0 
XNR3D2BWP30P140                  2      4.032    tcbn28hpcplusbwp30p140ssg0p81v125c       0 
XNR3D4BWP30P140                  1      3.150    tcbn28hpcplusbwp30p140ssg0p81v125c       0 
XNR3UD1BWP30P140                97    171.108    tcbn28hpcplusbwp30p140ssg0p81v125c       0 
XOR2D1BWP30P140                 23     23.184    tcbn28hpcplusbwp30p140ssg0p81v125c       0 
XOR2D2BWP30P140                  7      7.938    tcbn28hpcplusbwp30p140ssg0p81v125c       0 
XOR2D4BWP30P140                  4      8.064    tcbn28hpcplusbwp30p140ssg0p81v125c       0 
XOR2OPTND2BWP30P140             11     15.246    tcbn28hpcplusbwp30p140ssg0p81v125c       0 
XOR2OPTND4BWP30P140              4     10.080    tcbn28hpcplusbwp30p140ssg0p81v125c       0 
XOR2UD1BWP30P140               694    612.108    tcbn28hpcplusbwp30p140ssg0p81v125c       0 
XOR3D1BWP30P140                 23     43.470    tcbn28hpcplusbwp30p140ssg0p81v125c       0 
XOR3D2BWP30P140                 17     34.272    tcbn28hpcplusbwp30p140ssg0p81v125c       0 
XOR3UD1BWP30P140               111    195.804    tcbn28hpcplusbwp30p140ssg0p81v125c       0 
XOR4D1BWP30P140                  8     21.168    tcbn28hpcplusbwp30p140ssg0p81v125c       0 
--------------------------------------------------------------------------------------------
total                        11818  11700.990                                       


                                                        
            Type             Instances    Area   Area % 
--------------------------------------------------------
sequential                        1023  2294.586   19.6 
inverter                           998   260.064    2.2 
buffer                               6     4.662    0.0 
clock_gating_integrated_cell        52    98.280    0.8 
logic                             9739  9043.398   77.3 
physical_cells                       0     0.000    0.0 
--------------------------------------------------------
total                            11818 11700.990  100.0 

