============================================================
  Generated by:           Genus(TM) Synthesis Solution 22.17-s071_1
  Generated on:           May 02 2025  10:02:45 am
  Module:                 conv
  Operating conditions:   ssg0p81v125c 
  Operating conditions:   tt0p9v25c 
  Interconnect mode:      global
  Area mode:              physical library
============================================================


Path 1: MET (447 ps) Setup Check with Pin registers_reg[7][19]/CP->D
           View: analysis_view_0p90v_25c_captyp_nominal
          Group: clk
     Startpoint: (R) EA_reg[2]/CP
          Clock: (R) clk
       Endpoint: (F) registers_reg[7][19]/D
          Clock: (R) clk

                     Capture       Launch     
        Clock Edge:+    2000            0     
       Src Latency:+       0            0     
       Net Latency:+       0 (I)        0 (I) 
           Arrival:=    2000            0     
                                              
             Setup:-       8                  
     Required Time:=    1992                  
      Launch Clock:-       0                  
         Data Path:-    1546                  
             Slack:=     447                  

#-----------------------------------------------------------------------------------------------------------------------
#           Timing Point             Flags    Arc   Edge        Cell          Fanout  Load Trans Delay Arrival Instance 
#                                                                                     (fF)  (ps)  (ps)   (ps)  Location 
#-----------------------------------------------------------------------------------------------------------------------
  EA_reg[2]/CP                       -       -      R     (arrival)                6     -     0     0       0    (-,-) 
  EA_reg[2]/QN                       -       CP->QN R     DFCND1BWP30P140          2   2.5    14    59      59    (-,-) 
  g31992/Z                           -       A1->Z  R     AN3D2BWP30P140          37  54.1   106    86     145    (-,-) 
  g31986/ZN                          -       I->ZN  F     INVD12BWP30P140        123 156.5    70    62     206    (-,-) 
  g31736/Z                           -       S->Z   R     CKMUX2D0BWP30P140       27  31.1   214   158     364    (-,-) 
  multip7/mul_16_61_g5715/ZN         -       I->ZN  F     CKND1BWP30P140           4   4.4    63    40     404    (-,-) 
  multip7/mul_16_61_g5696/Z          -       A2->Z  F     AN2D1BWP30P140           2   2.5    14    35     439    (-,-) 
  multip7/mul_16_61_g5676/ZN         -       A1->ZN R     NR2OPTIBD1BWP30P140      2   2.5    23    19     458    (-,-) 
  multip7/mul_16_61_g5670/ZN         -       I->ZN  F     CKND1BWP30P140           1   1.4    13    12     470    (-,-) 
  multip7/mul_16_61_g5637/Z          -       A1->Z  F     CKAN2D1BWP30P140        22  22.6    96    67     537    (-,-) 
  multip7/mul_16_61_g5572/ZN         -       A2->ZN R     OAI21D1BWP30P140         1   2.1    50    40     577    (-,-) 
  multip7/mul_16_61_g5506/ZN         -       A1->ZN R     XNR2UD1BWP30P140         1   2.7    73    30     608    (-,-) 
  multip7/mul_16_61_g5456/CO         -       B->CO  R     HA1D1BWP30P140           1   2.7    20    30     638    (-,-) 
  multip7/mul_16_61_g5439/CO         -       B->CO  R     HA1D1BWP30P140           1   2.7    16    24     662    (-,-) 
  multip7/mul_16_61_g5416/CO         -       B->CO  R     HA1D1BWP30P140           1   2.8    17    24     686    (-,-) 
  multip7/mul_16_61_cdnfadd_006_0/CO -       B->CO  R     FA1D1BWP30P140           1   2.3    18    31     717    (-,-) 
  multip7/mul_16_61_cdnfadd_007_0/S  -       CI->S  F     FA1D1BWP30P140           2   3.2    22    53     771    (-,-) 
  multip7/mul_16_61_g5340/ZN         -       B->ZN  R     MAOI222D1BWP30P140       1   1.6    34    26     796    (-,-) 
  multip7/mul_16_61_g5333/ZN         -       C->ZN  F     OAI221D1BWP30P140        1   2.2    46    42     838    (-,-) 
  multip7/mul_16_61_g5297/CO         -       CI->CO F     FA1D1BWP30P140           1   2.2    17    42     880    (-,-) 
  multip7/mul_16_61_g5270/CO         -       CI->CO F     FA1D1BWP30P140           1   2.2    17    32     912    (-,-) 
  multip7/mul_16_61_g5248/CO         -       CI->CO F     FA1D1BWP30P140           1   2.2    17    32     944    (-,-) 
  multip7/mul_16_61_g5226/CO         -       CI->CO F     FA1D1BWP30P140           1   2.2    17    32     977    (-,-) 
  multip7/mul_16_61_g5225/CO         -       CI->CO F     FA1D1BWP30P140           1   2.2    17    32    1009    (-,-) 
  multip7/mul_16_61_g5224/CO         -       CI->CO F     FA1D1BWP30P140           1   2.2    16    32    1042    (-,-) 
  multip7/mul_16_61_g5223/CO         -       CI->CO F     FA1D1BWP30P140           1   2.2    16    32    1074    (-,-) 
  multip7/mul_16_61_g5222/CO         -       CI->CO F     FA1D1BWP30P140           1   2.2    16    32    1106    (-,-) 
  multip7/mul_16_61_g5221/CO         -       CI->CO F     FA1D1BWP30P140           1   2.2    16    32    1138    (-,-) 
  multip7/mul_16_61_g5220/CO         -       CI->CO F     FA1D1BWP30P140           1   2.2    16    32    1170    (-,-) 
  multip7/mul_16_61_g5219/CO         -       CI->CO F     FA1D1BWP30P140           1   2.2    16    32    1202    (-,-) 
  multip7/mul_16_61_g5218/CO         -       CI->CO F     FA1D1BWP30P140           1   2.2    16    32    1234    (-,-) 
  multip7/mul_16_61_g5217/CO         -       CI->CO F     FA1D1BWP30P140           1   2.2    16    32    1266    (-,-) 
  multip7/mul_16_61_g5216/CO         -       CI->CO F     FA1D1BWP30P140           1   2.2    16    32    1298    (-,-) 
  multip7/mul_16_61_g5215/CO         -       CI->CO F     FA1D1BWP30P140           1   2.2    16    32    1330    (-,-) 
  multip7/mul_16_61_g5214/CO         -       CI->CO F     FA1D1BWP30P140           1   2.2    16    32    1362    (-,-) 
  multip7/mul_16_61_g5213/CO         -       CI->CO F     FA1D1BWP30P140           1   2.2    16    32    1394    (-,-) 
  multip7/mul_16_61_g5212/CO         -       CI->CO F     FA1D1BWP30P140           1   2.2    16    32    1426    (-,-) 
  multip7/mul_16_61_g5211/CO         -       CI->CO F     FA1D1BWP30P140           1   1.5    13    30    1456    (-,-) 
  multip7/mul_16_61_g5210/Z          -       A3->Z  F     XOR3UD1BWP30P140         2   2.7    30    29    1485    (-,-) 
  g36426/ZN                          -       B1->ZN R     AOI222D1BWP30P140        1   1.5    89    38    1522    (-,-) 
  g36102/ZN                          -       A1->ZN F     ND2D1BWP30P140           1   1.5    33    23    1545    (-,-) 
  registers_reg[7][19]/D             <<<     -      F     DFCNQD1BWP30P140         1     -     -     0    1546    (-,-) 
#-----------------------------------------------------------------------------------------------------------------------


