============================================================
  Generated by:           Genus(TM) Synthesis Solution 22.17-s071_1
  Generated on:           May 02 2025  10:02:37 am
  Module:                 conv
  Operating conditions:   ssg0p81v125c 
  Interconnect mode:      global
  Area mode:              physical library
============================================================


Path 1: MET (2 ps) Setup Check with Pin registers_reg[4][18]/CP->D
           View: analysis_view_0p81v_125c_capwst_slowest
          Group: clk
     Startpoint: (R) EA_reg[2]/CP
          Clock: (R) clk
       Endpoint: (R) registers_reg[4][18]/D
          Clock: (R) clk

                     Capture       Launch     
        Clock Edge:+    2000            0     
       Src Latency:+       0            0     
       Net Latency:+       0 (I)        0 (I) 
           Arrival:=    2000            0     
                                              
             Setup:-      28                  
     Required Time:=    1972                  
      Launch Clock:-       0                  
         Data Path:-    1970                  
             Slack:=       2                  

#--------------------------------------------------------------------------------------------------------------------
#           Timing Point            Flags    Arc   Edge       Cell         Fanout  Load Trans Delay Arrival Instance 
#                                                                                  (fF)  (ps)  (ps)   (ps)  Location 
#--------------------------------------------------------------------------------------------------------------------
  EA_reg[2]/CP                      -       -      R     (arrival)              6     -     0     0       0    (-,-) 
  EA_reg[2]/QN                      -       CP->QN R     DFCND1BWP30P140        2   2.0    16    77      77    (-,-) 
  g31992/Z                          -       A1->Z  R     AN3D2BWP30P140        37  48.6   125   104     180    (-,-) 
  g31986/ZN                         -       I->ZN  F     INVD12BWP30P140      123 138.7    83    70     250    (-,-) 
  g31961/ZN                         -       I->ZN  R     INVD16BWP30P140      324 341.2   117    93     344    (-,-) 
  g31661/Z                          -       S->Z   F     CKMUX2D0BWP30P140     19  18.2   172   134     478    (-,-) 
  multip4/mul_16_61_g5656/CO        -       A->CO  F     HA1D1BWP30P140         1   2.1    21    48     526    (-,-) 
  multip4/mul_16_61_g5568/CO        -       CI->CO F     FA1D1BWP30P140         1   2.1    29    43     569    (-,-) 
  multip4/mul_16_61_g5478/CO        -       CI->CO F     FA1D1BWP30P140         1   2.1    29    46     615    (-,-) 
  multip4/mul_16_61_g5454/CO        -       CI->CO F     FA1D1BWP30P140         1   2.1    29    46     661    (-,-) 
  multip4/mul_16_61_g5433/CO        -       CI->CO F     FA1D1BWP30P140         1   2.1    29    46     707    (-,-) 
  multip4/mul_16_61_g5412/CO        -       CI->CO F     FA1D1BWP30P140         1   2.1    29    46     753    (-,-) 
  multip4/mul_16_61_g5397/CO        -       CI->CO F     FA1D1BWP30P140         1   2.1    29    46     799    (-,-) 
  multip4/mul_16_61_g5382/CO        -       CI->CO F     FA1D1BWP30P140         1   2.1    29    46     845    (-,-) 
  multip4/mul_16_61_g5368/CO        -       CI->CO F     FA1D1BWP30P140         1   2.1    28    46     891    (-,-) 
  multip4/mul_16_61_g5355/CO        -       CI->CO F     FA1D1BWP30P140         1   2.1    28    46     937    (-,-) 
  multip4/mul_16_61_g5341/CO        -       CI->CO F     FA1D1BWP30P140         1   2.1    28    46     983    (-,-) 
  multip4/mul_16_61_g5326/CO        -       CI->CO F     FA1D1BWP30P140         1   2.1    27    46    1029    (-,-) 
  multip4/mul_16_61_g5313/CO        -       CI->CO F     FA1D1BWP30P140         1   2.1    27    46    1074    (-,-) 
  multip4/mul_16_61_g5301/CO        -       CI->CO F     FA1D1BWP30P140         1   2.1    26    45    1119    (-,-) 
  multip4/mul_16_61_g5289/CO        -       CI->CO F     FA1D1BWP30P140         1   2.1    26    45    1165    (-,-) 
  multip4/mul_16_61_g5278/CO        -       CI->CO F     FA1D1BWP30P140         1   2.1    25    45    1210    (-,-) 
  multip4/mul_16_61_g5267/CO        -       CI->CO F     FA1D1BWP30P140         1   2.1    25    45    1254    (-,-) 
  multip4/mul_16_61_g5258/S         -       CI->S  F     FA1D1BWP30P140         4   4.3    38    75    1329    (-,-) 
  multip4/mul_16_61_g5253/ZN        -       A1->ZN R     AOI221D1BWP30P140      1   1.9    66    40    1369    (-,-) 
  multip4/mul_16_61_g5247/ZN        -       A1->ZN R     XNR2UD1BWP30P140       1   2.1    48    37    1406    (-,-) 
  multip4/mul_16_61_cdnfadd_018_4/S -       CI->S  F     FA1D1BWP30P140         1   2.6    28    75    1481    (-,-) 
  multip4/mul_16_61_g5219/CO        -       B->CO  F     FA1D1BWP30P140         1   2.1    21    53    1533    (-,-) 
  multip4/mul_16_61_g5218/CO        -       CI->CO F     FA1D1BWP30P140         1   2.1    21    43    1577    (-,-) 
  multip4/mul_16_61_g5217/CO        -       CI->CO F     FA1D1BWP30P140         1   2.1    21    43    1620    (-,-) 
  multip4/mul_16_61_g5216/CO        -       CI->CO F     FA1D1BWP30P140         1   2.1    21    43    1663    (-,-) 
  multip4/mul_16_61_g5215/CO        -       CI->CO F     FA1D1BWP30P140         1   2.1    22    43    1706    (-,-) 
  multip4/mul_16_61_g5214/CO        -       CI->CO F     FA1D1BWP30P140         1   2.1    21    43    1750    (-,-) 
  multip4/mul_16_61_g5213/CO        -       CI->CO F     FA1D1BWP30P140         1   2.1    21    43    1793    (-,-) 
  multip4/mul_16_61_g5212/CO        -       CI->CO F     FA1D1BWP30P140         1   2.1    21    43    1836    (-,-) 
  multip4/mul_16_61_g5211/S         -       CI->S  R     FA1D1BWP30P140         2   2.2    28    75    1912    (-,-) 
  g36524/ZN                         -       B1->ZN F     AOI222D1BWP30P140      1   1.3   110    28    1940    (-,-) 
  g36181/ZN                         -       A1->ZN R     ND2D1BWP30P140         1   1.3    37    31    1970    (-,-) 
  registers_reg[4][18]/D            <<<     -      R     DFCNQD1BWP30P140       1     -     -     0    1970    (-,-) 
#--------------------------------------------------------------------------------------------------------------------


