============================================================
  Generated by:           Genus(TM) Synthesis Solution 22.17-s071_1
  Generated on:           May 02 2025  10:02:53 am
  Module:                 conv
  Operating conditions:   ssg0p81v125c 
  Operating conditions:   tt0p9v25c 
  Operating conditions:   ffg0p99vm40c 
  Interconnect mode:      global
  Area mode:              physical library
============================================================

-------------------------------------------------------------------------------
Sequential clock pins without clock waveform

The following sequential clock pins have no clock waveform driving them in mode 
'analysis_view_0p99v_m40c_capbst_fastest'.  No timing constraints will be       
derived for paths leading to or from these pins. (Pin | Source | Reason)        

{pin:conv/outputMAP_reg[0][0]/EN} {pin:conv/EA_reg[1]/QN} {Disabled timing*}
{pin:conv/outputMAP_reg[0][10]/EN} {pin:conv/EA_reg[1]/QN} {Disabled timing*}
{pin:conv/outputMAP_reg[0][11]/EN} {pin:conv/EA_reg[1]/QN} {Disabled timing*}
{pin:conv/outputMAP_reg[0][12]/EN} {pin:conv/EA_reg[1]/QN} {Disabled timing*}
{pin:conv/outputMAP_reg[0][13]/EN} {pin:conv/EA_reg[1]/QN} {Disabled timing*}
{pin:conv/outputMAP_reg[0][14]/EN} {pin:conv/EA_reg[1]/QN} {Disabled timing*}
{pin:conv/outputMAP_reg[0][15]/EN} {pin:conv/EA_reg[1]/QN} {Disabled timing*}
{pin:conv/outputMAP_reg[0][16]/EN} {pin:conv/EA_reg[1]/QN} {Disabled timing*}
{pin:conv/outputMAP_reg[0][17]/E} {pin:conv/EA_reg[1]/QN} {Disabled timing*}
{pin:conv/outputMAP_reg[0][18]/E} {pin:conv/EA_reg[1]/QN} {Disabled timing*}
{pin:conv/outputMAP_reg[0][19]/E} {pin:conv/EA_reg[1]/QN} {Disabled timing*}
{pin:conv/outputMAP_reg[0][1]/EN} {pin:conv/EA_reg[1]/QN} {Disabled timing*}
{pin:conv/outputMAP_reg[0][2]/EN} {pin:conv/EA_reg[1]/QN} {Disabled timing*}
{pin:conv/outputMAP_reg[0][3]/EN} {pin:conv/EA_reg[1]/QN} {Disabled timing*}
{pin:conv/outputMAP_reg[0][4]/EN} {pin:conv/EA_reg[1]/QN} {Disabled timing*}
{pin:conv/outputMAP_reg[0][5]/EN} {pin:conv/EA_reg[1]/QN} {Disabled timing*}
{pin:conv/outputMAP_reg[0][6]/EN} {pin:conv/EA_reg[1]/QN} {Disabled timing*}
{pin:conv/outputMAP_reg[0][7]/EN} {pin:conv/EA_reg[1]/QN} {Disabled timing*}
{pin:conv/outputMAP_reg[0][8]/EN} {pin:conv/EA_reg[1]/QN} {Disabled timing*}
{pin:conv/outputMAP_reg[0][9]/EN} {pin:conv/EA_reg[1]/QN} {Disabled timing*}
{pin:conv/outputMAP_reg[1][0]/E} {pin:conv/EA_reg[1]/QN} {Disabled timing*}
{pin:conv/outputMAP_reg[1][10]/E} {pin:conv/EA_reg[1]/QN} {Disabled timing*}
{pin:conv/outputMAP_reg[1][11]/E} {pin:conv/EA_reg[1]/QN} {Disabled timing*}
{pin:conv/outputMAP_reg[1][12]/E} {pin:conv/EA_reg[1]/QN} {Disabled timing*}
{pin:conv/outputMAP_reg[1][13]/E} {pin:conv/EA_reg[1]/QN} {Disabled timing*}
{pin:conv/outputMAP_reg[1][14]/E} {pin:conv/EA_reg[1]/QN} {Disabled timing*}
{pin:conv/outputMAP_reg[1][15]/E} {pin:conv/EA_reg[1]/QN} {Disabled timing*}
{pin:conv/outputMAP_reg[1][16]/E} {pin:conv/EA_reg[1]/QN} {Disabled timing*}
{pin:conv/outputMAP_reg[1][17]/E} {pin:conv/EA_reg[1]/QN} {Disabled timing*}
{pin:conv/outputMAP_reg[1][18]/EN} {pin:conv/EA_reg[1]/QN} {Disabled timing*}
{pin:conv/outputMAP_reg[1][19]/EN} {pin:conv/EA_reg[1]/QN} {Disabled timing*}
{pin:conv/outputMAP_reg[1][1]/E} {pin:conv/EA_reg[1]/QN} {Disabled timing*}
{pin:conv/outputMAP_reg[1][2]/E} {pin:conv/EA_reg[1]/QN} {Disabled timing*}
{pin:conv/outputMAP_reg[1][3]/E} {pin:conv/EA_reg[1]/QN} {Disabled timing*}
{pin:conv/outputMAP_reg[1][4]/E} {pin:conv/EA_reg[1]/QN} {Disabled timing*}
{pin:conv/outputMAP_reg[1][5]/E} {pin:conv/EA_reg[1]/QN} {Disabled timing*}
{pin:conv/outputMAP_reg[1][6]/E} {pin:conv/EA_reg[1]/QN} {Disabled timing*}
{pin:conv/outputMAP_reg[1][7]/E} {pin:conv/EA_reg[1]/QN} {Disabled timing*}
{pin:conv/outputMAP_reg[1][8]/E} {pin:conv/EA_reg[1]/QN} {Disabled timing*}
{pin:conv/outputMAP_reg[1][9]/E} {pin:conv/EA_reg[1]/QN} {Disabled timing*}
{pin:conv/outputMAP_reg[2][0]/EN} {pin:conv/EA_reg[1]/QN} {Disabled timing*}
{pin:conv/outputMAP_reg[2][10]/E} {pin:conv/EA_reg[1]/QN} {Disabled timing*}
{pin:conv/outputMAP_reg[2][11]/E} {pin:conv/EA_reg[1]/QN} {Disabled timing*}
{pin:conv/outputMAP_reg[2][12]/E} {pin:conv/EA_reg[1]/QN} {Disabled timing*}
{pin:conv/outputMAP_reg[2][13]/E} {pin:conv/EA_reg[1]/QN} {Disabled timing*}
{pin:conv/outputMAP_reg[2][14]/E} {pin:conv/EA_reg[1]/QN} {Disabled timing*}
{pin:conv/outputMAP_reg[2][15]/E} {pin:conv/EA_reg[1]/QN} {Disabled timing*}
{pin:conv/outputMAP_reg[2][16]/E} {pin:conv/EA_reg[1]/QN} {Disabled timing*}
{pin:conv/outputMAP_reg[2][17]/E} {pin:conv/EA_reg[1]/QN} {Disabled timing*}
{pin:conv/outputMAP_reg[2][18]/E} {pin:conv/EA_reg[1]/QN} {Disabled timing*}
{pin:conv/outputMAP_reg[2][19]/EN} {pin:conv/EA_reg[1]/QN} {Disabled timing*}
{pin:conv/outputMAP_reg[2][1]/EN} {pin:conv/EA_reg[1]/QN} {Disabled timing*}
{pin:conv/outputMAP_reg[2][2]/EN} {pin:conv/EA_reg[1]/QN} {Disabled timing*}
{pin:conv/outputMAP_reg[2][3]/EN} {pin:conv/EA_reg[1]/QN} {Disabled timing*}
{pin:conv/outputMAP_reg[2][4]/EN} {pin:conv/EA_reg[1]/QN} {Disabled timing*}
{pin:conv/outputMAP_reg[2][5]/EN} {pin:conv/EA_reg[1]/QN} {Disabled timing*}
{pin:conv/outputMAP_reg[2][6]/EN} {pin:conv/EA_reg[1]/QN} {Disabled timing*}
{pin:conv/outputMAP_reg[2][7]/EN} {pin:conv/EA_reg[1]/QN} {Disabled timing*}
{pin:conv/outputMAP_reg[2][8]/EN} {pin:conv/EA_reg[1]/QN} {Disabled timing*}
{pin:conv/outputMAP_reg[2][9]/E} {pin:conv/EA_reg[1]/QN} {Disabled timing*}
{pin:conv/outputMAP_reg[3][0]/EN} {pin:conv/EA_reg[1]/QN} {Disabled timing*}
{pin:conv/outputMAP_reg[3][10]/EN} {pin:conv/EA_reg[1]/QN} {Disabled timing*}
{pin:conv/outputMAP_reg[3][11]/EN} {pin:conv/EA_reg[1]/QN} {Disabled timing*}
{pin:conv/outputMAP_reg[3][12]/EN} {pin:conv/EA_reg[1]/QN} {Disabled timing*}
{pin:conv/outputMAP_reg[3][13]/E} {pin:conv/EA_reg[1]/QN} {Disabled timing*}
{pin:conv/outputMAP_reg[3][14]/E} {pin:conv/EA_reg[1]/QN} {Disabled timing*}
{pin:conv/outputMAP_reg[3][15]/EN} {pin:conv/EA_reg[1]/QN} {Disabled timing*}
{pin:conv/outputMAP_reg[3][16]/EN} {pin:conv/EA_reg[1]/QN} {Disabled timing*}
{pin:conv/outputMAP_reg[3][17]/E} {pin:conv/EA_reg[1]/QN} {Disabled timing*}
{pin:conv/outputMAP_reg[3][18]/EN} {pin:conv/EA_reg[1]/QN} {Disabled timing*}
{pin:conv/outputMAP_reg[3][19]/E} {pin:conv/EA_reg[1]/QN} {Disabled timing*}
{pin:conv/outputMAP_reg[3][1]/EN} {pin:conv/EA_reg[1]/QN} {Disabled timing*}
{pin:conv/outputMAP_reg[3][2]/EN} {pin:conv/EA_reg[1]/QN} {Disabled timing*}
{pin:conv/outputMAP_reg[3][3]/EN} {pin:conv/EA_reg[1]/QN} {Disabled timing*}
{pin:conv/outputMAP_reg[3][4]/EN} {pin:conv/EA_reg[1]/QN} {Disabled timing*}
{pin:conv/outputMAP_reg[3][5]/E} {pin:conv/EA_reg[1]/QN} {Disabled timing*}
{pin:conv/outputMAP_reg[3][6]/E} {pin:conv/EA_reg[1]/QN} {Disabled timing*}
{pin:conv/outputMAP_reg[3][7]/E} {pin:conv/EA_reg[1]/QN} {Disabled timing*}
{pin:conv/outputMAP_reg[3][8]/E} {pin:conv/EA_reg[1]/QN} {Disabled timing*}
{pin:conv/outputMAP_reg[3][9]/E} {pin:conv/EA_reg[1]/QN} {Disabled timing*}
-------------------------------------------------------------------------------

-------------------------------------------------------------------------------
Inputs without clocked external delays

The following primary inputs have no clocked external delays in mode            
'analysis_view_0p99v_m40c_capbst_fastest'.  As a result the timing paths        
leading from the ports have no timing constraints derived from clock waveforms. 
 The'external_delay' command is used to create new external delays.             

port:conv/inputMAP[0][0]
port:conv/inputMAP[0][10]
port:conv/inputMAP[0][11]
port:conv/inputMAP[0][12]
port:conv/inputMAP[0][13]
port:conv/inputMAP[0][14]
port:conv/inputMAP[0][15]
port:conv/inputMAP[0][16]
port:conv/inputMAP[0][17]
port:conv/inputMAP[0][18]
port:conv/inputMAP[0][19]
port:conv/inputMAP[0][1]
port:conv/inputMAP[0][2]
port:conv/inputMAP[0][3]
port:conv/inputMAP[0][4]
port:conv/inputMAP[0][5]
port:conv/inputMAP[0][6]
port:conv/inputMAP[0][7]
port:conv/inputMAP[0][8]
port:conv/inputMAP[0][9]
port:conv/inputMAP[10][0]
port:conv/inputMAP[10][10]
port:conv/inputMAP[10][11]
port:conv/inputMAP[10][12]
port:conv/inputMAP[10][13]
port:conv/inputMAP[10][14]
port:conv/inputMAP[10][15]
port:conv/inputMAP[10][16]
port:conv/inputMAP[10][17]
port:conv/inputMAP[10][18]
port:conv/inputMAP[10][19]
port:conv/inputMAP[10][1]
port:conv/inputMAP[10][2]
port:conv/inputMAP[10][3]
port:conv/inputMAP[10][4]
port:conv/inputMAP[10][5]
port:conv/inputMAP[10][6]
port:conv/inputMAP[10][7]
port:conv/inputMAP[10][8]
port:conv/inputMAP[10][9]
port:conv/inputMAP[11][0]
port:conv/inputMAP[11][10]
port:conv/inputMAP[11][11]
port:conv/inputMAP[11][12]
port:conv/inputMAP[11][13]
port:conv/inputMAP[11][14]
port:conv/inputMAP[11][15]
port:conv/inputMAP[11][16]
port:conv/inputMAP[11][17]
port:conv/inputMAP[11][18]
port:conv/inputMAP[11][19]
port:conv/inputMAP[11][1]
port:conv/inputMAP[11][2]
port:conv/inputMAP[11][3]
port:conv/inputMAP[11][4]
port:conv/inputMAP[11][5]
port:conv/inputMAP[11][6]
port:conv/inputMAP[11][7]
port:conv/inputMAP[11][8]
port:conv/inputMAP[11][9]
port:conv/inputMAP[12][0]
port:conv/inputMAP[12][10]
port:conv/inputMAP[12][11]
port:conv/inputMAP[12][12]
port:conv/inputMAP[12][13]
port:conv/inputMAP[12][14]
port:conv/inputMAP[12][15]
port:conv/inputMAP[12][16]
port:conv/inputMAP[12][17]
port:conv/inputMAP[12][18]
port:conv/inputMAP[12][19]
port:conv/inputMAP[12][1]
port:conv/inputMAP[12][2]
port:conv/inputMAP[12][3]
port:conv/inputMAP[12][4]
port:conv/inputMAP[12][5]
port:conv/inputMAP[12][6]
port:conv/inputMAP[12][7]
port:conv/inputMAP[12][8]
port:conv/inputMAP[12][9]
port:conv/inputMAP[13][0]
port:conv/inputMAP[13][10]
port:conv/inputMAP[13][11]
port:conv/inputMAP[13][12]
port:conv/inputMAP[13][13]
port:conv/inputMAP[13][14]
port:conv/inputMAP[13][15]
port:conv/inputMAP[13][16]
port:conv/inputMAP[13][17]
port:conv/inputMAP[13][18]
port:conv/inputMAP[13][19]
port:conv/inputMAP[13][1]
port:conv/inputMAP[13][2]
port:conv/inputMAP[13][3]
port:conv/inputMAP[13][4]
port:conv/inputMAP[13][5]
port:conv/inputMAP[13][6]
port:conv/inputMAP[13][7]
port:conv/inputMAP[13][8]
port:conv/inputMAP[13][9]
port:conv/inputMAP[14][0]
port:conv/inputMAP[14][10]
port:conv/inputMAP[14][11]
port:conv/inputMAP[14][12]
port:conv/inputMAP[14][13]
port:conv/inputMAP[14][14]
port:conv/inputMAP[14][15]
port:conv/inputMAP[14][16]
port:conv/inputMAP[14][17]
port:conv/inputMAP[14][18]
port:conv/inputMAP[14][19]
port:conv/inputMAP[14][1]
port:conv/inputMAP[14][2]
port:conv/inputMAP[14][3]
port:conv/inputMAP[14][4]
port:conv/inputMAP[14][5]
port:conv/inputMAP[14][6]
port:conv/inputMAP[14][7]
port:conv/inputMAP[14][8]
port:conv/inputMAP[14][9]
port:conv/inputMAP[15][0]
port:conv/inputMAP[15][10]
port:conv/inputMAP[15][11]
port:conv/inputMAP[15][12]
port:conv/inputMAP[15][13]
port:conv/inputMAP[15][14]
port:conv/inputMAP[15][15]
port:conv/inputMAP[15][16]
port:conv/inputMAP[15][17]
port:conv/inputMAP[15][18]
port:conv/inputMAP[15][19]
port:conv/inputMAP[15][1]
port:conv/inputMAP[15][2]
port:conv/inputMAP[15][3]
port:conv/inputMAP[15][4]
port:conv/inputMAP[15][5]
port:conv/inputMAP[15][6]
port:conv/inputMAP[15][7]
port:conv/inputMAP[15][8]
port:conv/inputMAP[15][9]
port:conv/inputMAP[16][0]
port:conv/inputMAP[16][10]
port:conv/inputMAP[16][11]
port:conv/inputMAP[16][12]
port:conv/inputMAP[16][13]
port:conv/inputMAP[16][14]
port:conv/inputMAP[16][15]
port:conv/inputMAP[16][16]
port:conv/inputMAP[16][17]
port:conv/inputMAP[16][18]
port:conv/inputMAP[16][19]
port:conv/inputMAP[16][1]
port:conv/inputMAP[16][2]
port:conv/inputMAP[16][3]
port:conv/inputMAP[16][4]
port:conv/inputMAP[16][5]
port:conv/inputMAP[16][6]
port:conv/inputMAP[16][7]
port:conv/inputMAP[16][8]
port:conv/inputMAP[16][9]
port:conv/inputMAP[1][0]
port:conv/inputMAP[1][10]
port:conv/inputMAP[1][11]
port:conv/inputMAP[1][12]
port:conv/inputMAP[1][13]
port:conv/inputMAP[1][14]
port:conv/inputMAP[1][15]
port:conv/inputMAP[1][16]
port:conv/inputMAP[1][17]
port:conv/inputMAP[1][18]
port:conv/inputMAP[1][19]
port:conv/inputMAP[1][1]
port:conv/inputMAP[1][2]
port:conv/inputMAP[1][3]
port:conv/inputMAP[1][4]
port:conv/inputMAP[1][5]
port:conv/inputMAP[1][6]
port:conv/inputMAP[1][7]
port:conv/inputMAP[1][8]
port:conv/inputMAP[1][9]
port:conv/inputMAP[2][0]
port:conv/inputMAP[2][10]
port:conv/inputMAP[2][11]
port:conv/inputMAP[2][12]
port:conv/inputMAP[2][13]
port:conv/inputMAP[2][14]
port:conv/inputMAP[2][15]
port:conv/inputMAP[2][16]
port:conv/inputMAP[2][17]
port:conv/inputMAP[2][18]
port:conv/inputMAP[2][19]
port:conv/inputMAP[2][1]
port:conv/inputMAP[2][2]
port:conv/inputMAP[2][3]
port:conv/inputMAP[2][4]
port:conv/inputMAP[2][5]
port:conv/inputMAP[2][6]
port:conv/inputMAP[2][7]
port:conv/inputMAP[2][8]
port:conv/inputMAP[2][9]
port:conv/inputMAP[3][0]
port:conv/inputMAP[3][10]
port:conv/inputMAP[3][11]
port:conv/inputMAP[3][12]
port:conv/inputMAP[3][13]
port:conv/inputMAP[3][14]
port:conv/inputMAP[3][15]
port:conv/inputMAP[3][16]
port:conv/inputMAP[3][17]
port:conv/inputMAP[3][18]
port:conv/inputMAP[3][19]
port:conv/inputMAP[3][1]
port:conv/inputMAP[3][2]
port:conv/inputMAP[3][3]
port:conv/inputMAP[3][4]
port:conv/inputMAP[3][5]
port:conv/inputMAP[3][6]
port:conv/inputMAP[3][7]
port:conv/inputMAP[3][8]
port:conv/inputMAP[3][9]
port:conv/inputMAP[4][0]
port:conv/inputMAP[4][10]
port:conv/inputMAP[4][11]
port:conv/inputMAP[4][12]
port:conv/inputMAP[4][13]
port:conv/inputMAP[4][14]
port:conv/inputMAP[4][15]
port:conv/inputMAP[4][16]
port:conv/inputMAP[4][17]
port:conv/inputMAP[4][18]
port:conv/inputMAP[4][19]
port:conv/inputMAP[4][1]
port:conv/inputMAP[4][2]
port:conv/inputMAP[4][3]
port:conv/inputMAP[4][4]
port:conv/inputMAP[4][5]
port:conv/inputMAP[4][6]
port:conv/inputMAP[4][7]
port:conv/inputMAP[4][8]
port:conv/inputMAP[4][9]
port:conv/inputMAP[5][0]
port:conv/inputMAP[5][10]
port:conv/inputMAP[5][11]
port:conv/inputMAP[5][12]
port:conv/inputMAP[5][13]
port:conv/inputMAP[5][14]
port:conv/inputMAP[5][15]
port:conv/inputMAP[5][16]
port:conv/inputMAP[5][17]
port:conv/inputMAP[5][18]
port:conv/inputMAP[5][19]
port:conv/inputMAP[5][1]
port:conv/inputMAP[5][2]
port:conv/inputMAP[5][3]
port:conv/inputMAP[5][4]
port:conv/inputMAP[5][5]
port:conv/inputMAP[5][6]
port:conv/inputMAP[5][7]
port:conv/inputMAP[5][8]
port:conv/inputMAP[5][9]
port:conv/inputMAP[6][0]
port:conv/inputMAP[6][10]
port:conv/inputMAP[6][11]
port:conv/inputMAP[6][12]
port:conv/inputMAP[6][13]
port:conv/inputMAP[6][14]
port:conv/inputMAP[6][15]
port:conv/inputMAP[6][16]
port:conv/inputMAP[6][17]
port:conv/inputMAP[6][18]
port:conv/inputMAP[6][19]
port:conv/inputMAP[6][1]
port:conv/inputMAP[6][2]
port:conv/inputMAP[6][3]
port:conv/inputMAP[6][4]
port:conv/inputMAP[6][5]
port:conv/inputMAP[6][6]
port:conv/inputMAP[6][7]
port:conv/inputMAP[6][8]
port:conv/inputMAP[6][9]
port:conv/inputMAP[7][0]
port:conv/inputMAP[7][10]
port:conv/inputMAP[7][11]
port:conv/inputMAP[7][12]
port:conv/inputMAP[7][13]
port:conv/inputMAP[7][14]
port:conv/inputMAP[7][15]
port:conv/inputMAP[7][16]
port:conv/inputMAP[7][17]
port:conv/inputMAP[7][18]
port:conv/inputMAP[7][19]
port:conv/inputMAP[7][1]
port:conv/inputMAP[7][2]
port:conv/inputMAP[7][3]
port:conv/inputMAP[7][4]
port:conv/inputMAP[7][5]
port:conv/inputMAP[7][6]
port:conv/inputMAP[7][7]
port:conv/inputMAP[7][8]
port:conv/inputMAP[7][9]
port:conv/inputMAP[8][0]
port:conv/inputMAP[8][10]
port:conv/inputMAP[8][11]
port:conv/inputMAP[8][12]
port:conv/inputMAP[8][13]
port:conv/inputMAP[8][14]
port:conv/inputMAP[8][15]
port:conv/inputMAP[8][16]
port:conv/inputMAP[8][17]
port:conv/inputMAP[8][18]
port:conv/inputMAP[8][19]
port:conv/inputMAP[8][1]
port:conv/inputMAP[8][2]
port:conv/inputMAP[8][3]
port:conv/inputMAP[8][4]
port:conv/inputMAP[8][5]
port:conv/inputMAP[8][6]
port:conv/inputMAP[8][7]
port:conv/inputMAP[8][8]
port:conv/inputMAP[8][9]
port:conv/inputMAP[9][0]
port:conv/inputMAP[9][10]
port:conv/inputMAP[9][11]
port:conv/inputMAP[9][12]
port:conv/inputMAP[9][13]
port:conv/inputMAP[9][14]
port:conv/inputMAP[9][15]
port:conv/inputMAP[9][16]
port:conv/inputMAP[9][17]
port:conv/inputMAP[9][18]
port:conv/inputMAP[9][19]
port:conv/inputMAP[9][1]
port:conv/inputMAP[9][2]
port:conv/inputMAP[9][3]
port:conv/inputMAP[9][4]
port:conv/inputMAP[9][5]
port:conv/inputMAP[9][6]
port:conv/inputMAP[9][7]
port:conv/inputMAP[9][8]
port:conv/inputMAP[9][9]
port:conv/reset
port:conv/start
port:conv/weights[0][0]
port:conv/weights[0][10]
port:conv/weights[0][11]
port:conv/weights[0][12]
port:conv/weights[0][13]
port:conv/weights[0][14]
port:conv/weights[0][15]
port:conv/weights[0][16]
port:conv/weights[0][17]
port:conv/weights[0][18]
port:conv/weights[0][19]
port:conv/weights[0][1]
port:conv/weights[0][2]
port:conv/weights[0][3]
port:conv/weights[0][4]
port:conv/weights[0][5]
port:conv/weights[0][6]
port:conv/weights[0][7]
port:conv/weights[0][8]
port:conv/weights[0][9]
port:conv/weights[10][0]
port:conv/weights[10][10]
port:conv/weights[10][11]
port:conv/weights[10][12]
port:conv/weights[10][13]
port:conv/weights[10][14]
port:conv/weights[10][15]
port:conv/weights[10][16]
port:conv/weights[10][17]
port:conv/weights[10][18]
port:conv/weights[10][19]
port:conv/weights[10][1]
port:conv/weights[10][2]
port:conv/weights[10][3]
port:conv/weights[10][4]
port:conv/weights[10][5]
port:conv/weights[10][6]
port:conv/weights[10][7]
port:conv/weights[10][8]
port:conv/weights[10][9]
port:conv/weights[11][0]
port:conv/weights[11][10]
port:conv/weights[11][11]
port:conv/weights[11][12]
port:conv/weights[11][13]
port:conv/weights[11][14]
port:conv/weights[11][15]
port:conv/weights[11][16]
port:conv/weights[11][17]
port:conv/weights[11][18]
port:conv/weights[11][19]
port:conv/weights[11][1]
port:conv/weights[11][2]
port:conv/weights[11][3]
port:conv/weights[11][4]
port:conv/weights[11][5]
port:conv/weights[11][6]
port:conv/weights[11][7]
port:conv/weights[11][8]
port:conv/weights[11][9]
port:conv/weights[12][0]
port:conv/weights[12][10]
port:conv/weights[12][11]
port:conv/weights[12][12]
port:conv/weights[12][13]
port:conv/weights[12][14]
port:conv/weights[12][15]
port:conv/weights[12][16]
port:conv/weights[12][17]
port:conv/weights[12][18]
port:conv/weights[12][19]
port:conv/weights[12][1]
port:conv/weights[12][2]
port:conv/weights[12][3]
port:conv/weights[12][4]
port:conv/weights[12][5]
port:conv/weights[12][6]
port:conv/weights[12][7]
port:conv/weights[12][8]
port:conv/weights[12][9]
port:conv/weights[13][0]
port:conv/weights[13][10]
port:conv/weights[13][11]
port:conv/weights[13][12]
port:conv/weights[13][13]
port:conv/weights[13][14]
port:conv/weights[13][15]
port:conv/weights[13][16]
port:conv/weights[13][17]
port:conv/weights[13][18]
port:conv/weights[13][19]
port:conv/weights[13][1]
port:conv/weights[13][2]
port:conv/weights[13][3]
port:conv/weights[13][4]
port:conv/weights[13][5]
port:conv/weights[13][6]
port:conv/weights[13][7]
port:conv/weights[13][8]
port:conv/weights[13][9]
port:conv/weights[14][0]
port:conv/weights[14][10]
port:conv/weights[14][11]
port:conv/weights[14][12]
port:conv/weights[14][13]
port:conv/weights[14][14]
port:conv/weights[14][15]
port:conv/weights[14][16]
port:conv/weights[14][17]
port:conv/weights[14][18]
port:conv/weights[14][19]
port:conv/weights[14][1]
port:conv/weights[14][2]
port:conv/weights[14][3]
port:conv/weights[14][4]
port:conv/weights[14][5]
port:conv/weights[14][6]
port:conv/weights[14][7]
port:conv/weights[14][8]
port:conv/weights[14][9]
port:conv/weights[15][0]
port:conv/weights[15][10]
port:conv/weights[15][11]
port:conv/weights[15][12]
port:conv/weights[15][13]
port:conv/weights[15][14]
port:conv/weights[15][15]
port:conv/weights[15][16]
port:conv/weights[15][17]
port:conv/weights[15][18]
port:conv/weights[15][19]
port:conv/weights[15][1]
port:conv/weights[15][2]
port:conv/weights[15][3]
port:conv/weights[15][4]
port:conv/weights[15][5]
port:conv/weights[15][6]
port:conv/weights[15][7]
port:conv/weights[15][8]
port:conv/weights[15][9]
port:conv/weights[16][0]
port:conv/weights[16][10]
port:conv/weights[16][11]
port:conv/weights[16][12]
port:conv/weights[16][13]
port:conv/weights[16][14]
port:conv/weights[16][15]
port:conv/weights[16][16]
port:conv/weights[16][17]
port:conv/weights[16][18]
port:conv/weights[16][19]
port:conv/weights[16][1]
port:conv/weights[16][2]
port:conv/weights[16][3]
port:conv/weights[16][4]
port:conv/weights[16][5]
port:conv/weights[16][6]
port:conv/weights[16][7]
port:conv/weights[16][8]
port:conv/weights[16][9]
port:conv/weights[1][0]
port:conv/weights[1][10]
port:conv/weights[1][11]
port:conv/weights[1][12]
port:conv/weights[1][13]
port:conv/weights[1][14]
port:conv/weights[1][15]
port:conv/weights[1][16]
port:conv/weights[1][17]
port:conv/weights[1][18]
port:conv/weights[1][19]
port:conv/weights[1][1]
port:conv/weights[1][2]
port:conv/weights[1][3]
port:conv/weights[1][4]
port:conv/weights[1][5]
port:conv/weights[1][6]
port:conv/weights[1][7]
port:conv/weights[1][8]
port:conv/weights[1][9]
port:conv/weights[2][0]
port:conv/weights[2][10]
port:conv/weights[2][11]
port:conv/weights[2][12]
port:conv/weights[2][13]
port:conv/weights[2][14]
port:conv/weights[2][15]
port:conv/weights[2][16]
port:conv/weights[2][17]
port:conv/weights[2][18]
port:conv/weights[2][19]
port:conv/weights[2][1]
port:conv/weights[2][2]
port:conv/weights[2][3]
port:conv/weights[2][4]
port:conv/weights[2][5]
port:conv/weights[2][6]
port:conv/weights[2][7]
port:conv/weights[2][8]
port:conv/weights[2][9]
port:conv/weights[3][0]
port:conv/weights[3][10]
port:conv/weights[3][11]
port:conv/weights[3][12]
port:conv/weights[3][13]
port:conv/weights[3][14]
port:conv/weights[3][15]
port:conv/weights[3][16]
port:conv/weights[3][17]
port:conv/weights[3][18]
port:conv/weights[3][19]
port:conv/weights[3][1]
port:conv/weights[3][2]
port:conv/weights[3][3]
port:conv/weights[3][4]
port:conv/weights[3][5]
port:conv/weights[3][6]
port:conv/weights[3][7]
port:conv/weights[3][8]
port:conv/weights[3][9]
port:conv/weights[4][0]
port:conv/weights[4][10]
port:conv/weights[4][11]
port:conv/weights[4][12]
port:conv/weights[4][13]
port:conv/weights[4][14]
port:conv/weights[4][15]
port:conv/weights[4][16]
port:conv/weights[4][17]
port:conv/weights[4][18]
port:conv/weights[4][19]
port:conv/weights[4][1]
port:conv/weights[4][2]
port:conv/weights[4][3]
port:conv/weights[4][4]
port:conv/weights[4][5]
port:conv/weights[4][6]
port:conv/weights[4][7]
port:conv/weights[4][8]
port:conv/weights[4][9]
port:conv/weights[5][0]
port:conv/weights[5][10]
port:conv/weights[5][11]
port:conv/weights[5][12]
port:conv/weights[5][13]
port:conv/weights[5][14]
port:conv/weights[5][15]
port:conv/weights[5][16]
port:conv/weights[5][17]
port:conv/weights[5][18]
port:conv/weights[5][19]
port:conv/weights[5][1]
port:conv/weights[5][2]
port:conv/weights[5][3]
port:conv/weights[5][4]
port:conv/weights[5][5]
port:conv/weights[5][6]
port:conv/weights[5][7]
port:conv/weights[5][8]
port:conv/weights[5][9]
port:conv/weights[6][0]
port:conv/weights[6][10]
port:conv/weights[6][11]
port:conv/weights[6][12]
port:conv/weights[6][13]
port:conv/weights[6][14]
port:conv/weights[6][15]
port:conv/weights[6][16]
port:conv/weights[6][17]
port:conv/weights[6][18]
port:conv/weights[6][19]
port:conv/weights[6][1]
port:conv/weights[6][2]
port:conv/weights[6][3]
port:conv/weights[6][4]
port:conv/weights[6][5]
port:conv/weights[6][6]
port:conv/weights[6][7]
port:conv/weights[6][8]
port:conv/weights[6][9]
port:conv/weights[7][0]
port:conv/weights[7][10]
port:conv/weights[7][11]
port:conv/weights[7][12]
port:conv/weights[7][13]
port:conv/weights[7][14]
port:conv/weights[7][15]
port:conv/weights[7][16]
port:conv/weights[7][17]
port:conv/weights[7][18]
port:conv/weights[7][19]
port:conv/weights[7][1]
port:conv/weights[7][2]
port:conv/weights[7][3]
port:conv/weights[7][4]
port:conv/weights[7][5]
port:conv/weights[7][6]
port:conv/weights[7][7]
port:conv/weights[7][8]
port:conv/weights[7][9]
port:conv/weights[8][0]
port:conv/weights[8][10]
port:conv/weights[8][11]
port:conv/weights[8][12]
port:conv/weights[8][13]
port:conv/weights[8][14]
port:conv/weights[8][15]
port:conv/weights[8][16]
port:conv/weights[8][17]
port:conv/weights[8][18]
port:conv/weights[8][19]
port:conv/weights[8][1]
port:conv/weights[8][2]
port:conv/weights[8][3]
port:conv/weights[8][4]
port:conv/weights[8][5]
port:conv/weights[8][6]
port:conv/weights[8][7]
port:conv/weights[8][8]
port:conv/weights[8][9]
port:conv/weights[9][0]
port:conv/weights[9][10]
port:conv/weights[9][11]
port:conv/weights[9][12]
port:conv/weights[9][13]
port:conv/weights[9][14]
port:conv/weights[9][15]
port:conv/weights[9][16]
port:conv/weights[9][17]
port:conv/weights[9][18]
port:conv/weights[9][19]
port:conv/weights[9][1]
port:conv/weights[9][2]
port:conv/weights[9][3]
port:conv/weights[9][4]
port:conv/weights[9][5]
port:conv/weights[9][6]
port:conv/weights[9][7]
port:conv/weights[9][8]
port:conv/weights[9][9]
-------------------------------------------------------------------------------

-------------------------------------------------------------------------------
Outputs without clocked external delays

The following primary outputs have no clocked external delays in mode           
'analysis_view_0p99v_m40c_capbst_fastest'.  As a result the timing paths        
leading to the ports have no timing constraints derived from clock waveforms.   
The'external_delay' command is used to create new external delays.              

port:conv/data_valid
port:conv/outputMAP[0][0]
port:conv/outputMAP[0][10]
port:conv/outputMAP[0][11]
port:conv/outputMAP[0][12]
port:conv/outputMAP[0][13]
port:conv/outputMAP[0][14]
port:conv/outputMAP[0][15]
port:conv/outputMAP[0][16]
port:conv/outputMAP[0][17]
port:conv/outputMAP[0][18]
port:conv/outputMAP[0][19]
port:conv/outputMAP[0][1]
port:conv/outputMAP[0][2]
port:conv/outputMAP[0][3]
port:conv/outputMAP[0][4]
port:conv/outputMAP[0][5]
port:conv/outputMAP[0][6]
port:conv/outputMAP[0][7]
port:conv/outputMAP[0][8]
port:conv/outputMAP[0][9]
port:conv/outputMAP[1][0]
port:conv/outputMAP[1][10]
port:conv/outputMAP[1][11]
port:conv/outputMAP[1][12]
port:conv/outputMAP[1][13]
port:conv/outputMAP[1][14]
port:conv/outputMAP[1][15]
port:conv/outputMAP[1][16]
port:conv/outputMAP[1][17]
port:conv/outputMAP[1][18]
port:conv/outputMAP[1][19]
port:conv/outputMAP[1][1]
port:conv/outputMAP[1][2]
port:conv/outputMAP[1][3]
port:conv/outputMAP[1][4]
port:conv/outputMAP[1][5]
port:conv/outputMAP[1][6]
port:conv/outputMAP[1][7]
port:conv/outputMAP[1][8]
port:conv/outputMAP[1][9]
port:conv/outputMAP[2][0]
port:conv/outputMAP[2][10]
port:conv/outputMAP[2][11]
port:conv/outputMAP[2][12]
port:conv/outputMAP[2][13]
port:conv/outputMAP[2][14]
port:conv/outputMAP[2][15]
port:conv/outputMAP[2][16]
port:conv/outputMAP[2][17]
port:conv/outputMAP[2][18]
port:conv/outputMAP[2][19]
port:conv/outputMAP[2][1]
port:conv/outputMAP[2][2]
port:conv/outputMAP[2][3]
port:conv/outputMAP[2][4]
port:conv/outputMAP[2][5]
port:conv/outputMAP[2][6]
port:conv/outputMAP[2][7]
port:conv/outputMAP[2][8]
port:conv/outputMAP[2][9]
port:conv/outputMAP[3][0]
port:conv/outputMAP[3][10]
port:conv/outputMAP[3][11]
port:conv/outputMAP[3][12]
port:conv/outputMAP[3][13]
port:conv/outputMAP[3][14]
port:conv/outputMAP[3][15]
port:conv/outputMAP[3][16]
port:conv/outputMAP[3][17]
port:conv/outputMAP[3][18]
port:conv/outputMAP[3][19]
port:conv/outputMAP[3][1]
port:conv/outputMAP[3][2]
port:conv/outputMAP[3][3]
port:conv/outputMAP[3][4]
port:conv/outputMAP[3][5]
port:conv/outputMAP[3][6]
port:conv/outputMAP[3][7]
port:conv/outputMAP[3][8]
port:conv/outputMAP[3][9]
port:conv/outputMAP[4][0]
port:conv/outputMAP[4][10]
port:conv/outputMAP[4][11]
port:conv/outputMAP[4][12]
port:conv/outputMAP[4][13]
port:conv/outputMAP[4][14]
port:conv/outputMAP[4][15]
port:conv/outputMAP[4][16]
port:conv/outputMAP[4][17]
port:conv/outputMAP[4][18]
port:conv/outputMAP[4][19]
port:conv/outputMAP[4][1]
port:conv/outputMAP[4][2]
port:conv/outputMAP[4][3]
port:conv/outputMAP[4][4]
port:conv/outputMAP[4][5]
port:conv/outputMAP[4][6]
port:conv/outputMAP[4][7]
port:conv/outputMAP[4][8]
port:conv/outputMAP[4][9]
-------------------------------------------------------------------------------

-------------------------------------------------------------------------------
Inputs without external driver/transition

The following primary inputs have no external driver or input transition set    
in mode 'analysis_view_0p99v_m40c_capbst_fastest'. As a result the transition   
on the ports will be assumed as zero. The 'external_driver' attribute is used   
to add and external driver or the 'fixed_slew' attribute to add an external     
transition.                                                                     

port:conv/inputMAP[0][0]
port:conv/inputMAP[0][10]
port:conv/inputMAP[0][11]
port:conv/inputMAP[0][12]
port:conv/inputMAP[0][13]
port:conv/inputMAP[0][14]
port:conv/inputMAP[0][15]
port:conv/inputMAP[0][16]
port:conv/inputMAP[0][17]
port:conv/inputMAP[0][18]
port:conv/inputMAP[0][19]
port:conv/inputMAP[0][1]
port:conv/inputMAP[0][2]
port:conv/inputMAP[0][3]
port:conv/inputMAP[0][4]
port:conv/inputMAP[0][5]
port:conv/inputMAP[0][6]
port:conv/inputMAP[0][7]
port:conv/inputMAP[0][8]
port:conv/inputMAP[0][9]
port:conv/inputMAP[10][0]
port:conv/inputMAP[10][10]
port:conv/inputMAP[10][11]
port:conv/inputMAP[10][12]
port:conv/inputMAP[10][13]
port:conv/inputMAP[10][14]
port:conv/inputMAP[10][15]
port:conv/inputMAP[10][16]
port:conv/inputMAP[10][17]
port:conv/inputMAP[10][18]
port:conv/inputMAP[10][19]
port:conv/inputMAP[10][1]
port:conv/inputMAP[10][2]
port:conv/inputMAP[10][3]
port:conv/inputMAP[10][4]
port:conv/inputMAP[10][5]
port:conv/inputMAP[10][6]
port:conv/inputMAP[10][7]
port:conv/inputMAP[10][8]
port:conv/inputMAP[10][9]
port:conv/inputMAP[11][0]
port:conv/inputMAP[11][10]
port:conv/inputMAP[11][11]
port:conv/inputMAP[11][12]
port:conv/inputMAP[11][13]
port:conv/inputMAP[11][14]
port:conv/inputMAP[11][15]
port:conv/inputMAP[11][16]
port:conv/inputMAP[11][17]
port:conv/inputMAP[11][18]
port:conv/inputMAP[11][19]
port:conv/inputMAP[11][1]
port:conv/inputMAP[11][2]
port:conv/inputMAP[11][3]
port:conv/inputMAP[11][4]
port:conv/inputMAP[11][5]
port:conv/inputMAP[11][6]
port:conv/inputMAP[11][7]
port:conv/inputMAP[11][8]
port:conv/inputMAP[11][9]
port:conv/inputMAP[12][0]
port:conv/inputMAP[12][10]
port:conv/inputMAP[12][11]
port:conv/inputMAP[12][12]
port:conv/inputMAP[12][13]
port:conv/inputMAP[12][14]
port:conv/inputMAP[12][15]
port:conv/inputMAP[12][16]
port:conv/inputMAP[12][17]
port:conv/inputMAP[12][18]
port:conv/inputMAP[12][19]
port:conv/inputMAP[12][1]
port:conv/inputMAP[12][2]
port:conv/inputMAP[12][3]
port:conv/inputMAP[12][4]
port:conv/inputMAP[12][5]
port:conv/inputMAP[12][6]
port:conv/inputMAP[12][7]
port:conv/inputMAP[12][8]
port:conv/inputMAP[12][9]
port:conv/inputMAP[13][0]
port:conv/inputMAP[13][10]
port:conv/inputMAP[13][11]
port:conv/inputMAP[13][12]
port:conv/inputMAP[13][13]
port:conv/inputMAP[13][14]
port:conv/inputMAP[13][15]
port:conv/inputMAP[13][16]
port:conv/inputMAP[13][17]
port:conv/inputMAP[13][18]
port:conv/inputMAP[13][19]
port:conv/inputMAP[13][1]
port:conv/inputMAP[13][2]
port:conv/inputMAP[13][3]
port:conv/inputMAP[13][4]
port:conv/inputMAP[13][5]
port:conv/inputMAP[13][6]
port:conv/inputMAP[13][7]
port:conv/inputMAP[13][8]
port:conv/inputMAP[13][9]
port:conv/inputMAP[14][0]
port:conv/inputMAP[14][10]
port:conv/inputMAP[14][11]
port:conv/inputMAP[14][12]
port:conv/inputMAP[14][13]
port:conv/inputMAP[14][14]
port:conv/inputMAP[14][15]
port:conv/inputMAP[14][16]
port:conv/inputMAP[14][17]
port:conv/inputMAP[14][18]
port:conv/inputMAP[14][19]
port:conv/inputMAP[14][1]
port:conv/inputMAP[14][2]
port:conv/inputMAP[14][3]
port:conv/inputMAP[14][4]
port:conv/inputMAP[14][5]
port:conv/inputMAP[14][6]
port:conv/inputMAP[14][7]
port:conv/inputMAP[14][8]
port:conv/inputMAP[14][9]
port:conv/inputMAP[15][0]
port:conv/inputMAP[15][10]
port:conv/inputMAP[15][11]
port:conv/inputMAP[15][12]
port:conv/inputMAP[15][13]
port:conv/inputMAP[15][14]
port:conv/inputMAP[15][15]
port:conv/inputMAP[15][16]
port:conv/inputMAP[15][17]
port:conv/inputMAP[15][18]
port:conv/inputMAP[15][19]
port:conv/inputMAP[15][1]
port:conv/inputMAP[15][2]
port:conv/inputMAP[15][3]
port:conv/inputMAP[15][4]
port:conv/inputMAP[15][5]
port:conv/inputMAP[15][6]
port:conv/inputMAP[15][7]
port:conv/inputMAP[15][8]
port:conv/inputMAP[15][9]
port:conv/inputMAP[16][0]
port:conv/inputMAP[16][10]
port:conv/inputMAP[16][11]
port:conv/inputMAP[16][12]
port:conv/inputMAP[16][13]
port:conv/inputMAP[16][14]
port:conv/inputMAP[16][15]
port:conv/inputMAP[16][16]
port:conv/inputMAP[16][17]
port:conv/inputMAP[16][18]
port:conv/inputMAP[16][19]
port:conv/inputMAP[16][1]
port:conv/inputMAP[16][2]
port:conv/inputMAP[16][3]
port:conv/inputMAP[16][4]
port:conv/inputMAP[16][5]
port:conv/inputMAP[16][6]
port:conv/inputMAP[16][7]
port:conv/inputMAP[16][8]
port:conv/inputMAP[16][9]
port:conv/inputMAP[1][0]
port:conv/inputMAP[1][10]
port:conv/inputMAP[1][11]
port:conv/inputMAP[1][12]
port:conv/inputMAP[1][13]
port:conv/inputMAP[1][14]
port:conv/inputMAP[1][15]
port:conv/inputMAP[1][16]
port:conv/inputMAP[1][17]
port:conv/inputMAP[1][18]
port:conv/inputMAP[1][19]
port:conv/inputMAP[1][1]
port:conv/inputMAP[1][2]
port:conv/inputMAP[1][3]
port:conv/inputMAP[1][4]
port:conv/inputMAP[1][5]
port:conv/inputMAP[1][6]
port:conv/inputMAP[1][7]
port:conv/inputMAP[1][8]
port:conv/inputMAP[1][9]
port:conv/inputMAP[2][0]
port:conv/inputMAP[2][10]
port:conv/inputMAP[2][11]
port:conv/inputMAP[2][12]
port:conv/inputMAP[2][13]
port:conv/inputMAP[2][14]
port:conv/inputMAP[2][15]
port:conv/inputMAP[2][16]
port:conv/inputMAP[2][17]
port:conv/inputMAP[2][18]
port:conv/inputMAP[2][19]
port:conv/inputMAP[2][1]
port:conv/inputMAP[2][2]
port:conv/inputMAP[2][3]
port:conv/inputMAP[2][4]
port:conv/inputMAP[2][5]
port:conv/inputMAP[2][6]
port:conv/inputMAP[2][7]
port:conv/inputMAP[2][8]
port:conv/inputMAP[2][9]
port:conv/inputMAP[3][0]
port:conv/inputMAP[3][10]
port:conv/inputMAP[3][11]
port:conv/inputMAP[3][12]
port:conv/inputMAP[3][13]
port:conv/inputMAP[3][14]
port:conv/inputMAP[3][15]
port:conv/inputMAP[3][16]
port:conv/inputMAP[3][17]
port:conv/inputMAP[3][18]
port:conv/inputMAP[3][19]
port:conv/inputMAP[3][1]
port:conv/inputMAP[3][2]
port:conv/inputMAP[3][3]
port:conv/inputMAP[3][4]
port:conv/inputMAP[3][5]
port:conv/inputMAP[3][6]
port:conv/inputMAP[3][7]
port:conv/inputMAP[3][8]
port:conv/inputMAP[3][9]
port:conv/inputMAP[4][0]
port:conv/inputMAP[4][10]
port:conv/inputMAP[4][11]
port:conv/inputMAP[4][12]
port:conv/inputMAP[4][13]
port:conv/inputMAP[4][14]
port:conv/inputMAP[4][15]
port:conv/inputMAP[4][16]
port:conv/inputMAP[4][17]
port:conv/inputMAP[4][18]
port:conv/inputMAP[4][19]
port:conv/inputMAP[4][1]
port:conv/inputMAP[4][2]
port:conv/inputMAP[4][3]
port:conv/inputMAP[4][4]
port:conv/inputMAP[4][5]
port:conv/inputMAP[4][6]
port:conv/inputMAP[4][7]
port:conv/inputMAP[4][8]
port:conv/inputMAP[4][9]
port:conv/inputMAP[5][0]
port:conv/inputMAP[5][10]
port:conv/inputMAP[5][11]
port:conv/inputMAP[5][12]
port:conv/inputMAP[5][13]
port:conv/inputMAP[5][14]
port:conv/inputMAP[5][15]
port:conv/inputMAP[5][16]
port:conv/inputMAP[5][17]
port:conv/inputMAP[5][18]
port:conv/inputMAP[5][19]
port:conv/inputMAP[5][1]
port:conv/inputMAP[5][2]
port:conv/inputMAP[5][3]
port:conv/inputMAP[5][4]
port:conv/inputMAP[5][5]
port:conv/inputMAP[5][6]
port:conv/inputMAP[5][7]
port:conv/inputMAP[5][8]
port:conv/inputMAP[5][9]
port:conv/inputMAP[6][0]
port:conv/inputMAP[6][10]
port:conv/inputMAP[6][11]
port:conv/inputMAP[6][12]
port:conv/inputMAP[6][13]
port:conv/inputMAP[6][14]
port:conv/inputMAP[6][15]
port:conv/inputMAP[6][16]
port:conv/inputMAP[6][17]
port:conv/inputMAP[6][18]
port:conv/inputMAP[6][19]
port:conv/inputMAP[6][1]
port:conv/inputMAP[6][2]
port:conv/inputMAP[6][3]
port:conv/inputMAP[6][4]
port:conv/inputMAP[6][5]
port:conv/inputMAP[6][6]
port:conv/inputMAP[6][7]
port:conv/inputMAP[6][8]
port:conv/inputMAP[6][9]
port:conv/inputMAP[7][0]
port:conv/inputMAP[7][10]
port:conv/inputMAP[7][11]
port:conv/inputMAP[7][12]
port:conv/inputMAP[7][13]
port:conv/inputMAP[7][14]
port:conv/inputMAP[7][15]
port:conv/inputMAP[7][16]
port:conv/inputMAP[7][17]
port:conv/inputMAP[7][18]
port:conv/inputMAP[7][19]
port:conv/inputMAP[7][1]
port:conv/inputMAP[7][2]
port:conv/inputMAP[7][3]
port:conv/inputMAP[7][4]
port:conv/inputMAP[7][5]
port:conv/inputMAP[7][6]
port:conv/inputMAP[7][7]
port:conv/inputMAP[7][8]
port:conv/inputMAP[7][9]
port:conv/inputMAP[8][0]
port:conv/inputMAP[8][10]
port:conv/inputMAP[8][11]
port:conv/inputMAP[8][12]
port:conv/inputMAP[8][13]
port:conv/inputMAP[8][14]
port:conv/inputMAP[8][15]
port:conv/inputMAP[8][16]
port:conv/inputMAP[8][17]
port:conv/inputMAP[8][18]
port:conv/inputMAP[8][19]
port:conv/inputMAP[8][1]
port:conv/inputMAP[8][2]
port:conv/inputMAP[8][3]
port:conv/inputMAP[8][4]
port:conv/inputMAP[8][5]
port:conv/inputMAP[8][6]
port:conv/inputMAP[8][7]
port:conv/inputMAP[8][8]
port:conv/inputMAP[8][9]
port:conv/inputMAP[9][0]
port:conv/inputMAP[9][10]
port:conv/inputMAP[9][11]
port:conv/inputMAP[9][12]
port:conv/inputMAP[9][13]
port:conv/inputMAP[9][14]
port:conv/inputMAP[9][15]
port:conv/inputMAP[9][16]
port:conv/inputMAP[9][17]
port:conv/inputMAP[9][18]
port:conv/inputMAP[9][19]
port:conv/inputMAP[9][1]
port:conv/inputMAP[9][2]
port:conv/inputMAP[9][3]
port:conv/inputMAP[9][4]
port:conv/inputMAP[9][5]
port:conv/inputMAP[9][6]
port:conv/inputMAP[9][7]
port:conv/inputMAP[9][8]
port:conv/inputMAP[9][9]
port:conv/reset
port:conv/start
port:conv/weights[0][0]
port:conv/weights[0][10]
port:conv/weights[0][11]
port:conv/weights[0][12]
port:conv/weights[0][13]
port:conv/weights[0][14]
port:conv/weights[0][15]
port:conv/weights[0][16]
port:conv/weights[0][17]
port:conv/weights[0][18]
port:conv/weights[0][19]
port:conv/weights[0][1]
port:conv/weights[0][2]
port:conv/weights[0][3]
port:conv/weights[0][4]
port:conv/weights[0][5]
port:conv/weights[0][6]
port:conv/weights[0][7]
port:conv/weights[0][8]
port:conv/weights[0][9]
port:conv/weights[10][0]
port:conv/weights[10][10]
port:conv/weights[10][11]
port:conv/weights[10][12]
port:conv/weights[10][13]
port:conv/weights[10][14]
port:conv/weights[10][15]
port:conv/weights[10][16]
port:conv/weights[10][17]
port:conv/weights[10][18]
port:conv/weights[10][19]
port:conv/weights[10][1]
port:conv/weights[10][2]
port:conv/weights[10][3]
port:conv/weights[10][4]
port:conv/weights[10][5]
port:conv/weights[10][6]
port:conv/weights[10][7]
port:conv/weights[10][8]
port:conv/weights[10][9]
port:conv/weights[11][0]
port:conv/weights[11][10]
port:conv/weights[11][11]
port:conv/weights[11][12]
port:conv/weights[11][13]
port:conv/weights[11][14]
port:conv/weights[11][15]
port:conv/weights[11][16]
port:conv/weights[11][17]
port:conv/weights[11][18]
port:conv/weights[11][19]
port:conv/weights[11][1]
port:conv/weights[11][2]
port:conv/weights[11][3]
port:conv/weights[11][4]
port:conv/weights[11][5]
port:conv/weights[11][6]
port:conv/weights[11][7]
port:conv/weights[11][8]
port:conv/weights[11][9]
port:conv/weights[12][0]
port:conv/weights[12][10]
port:conv/weights[12][11]
port:conv/weights[12][12]
port:conv/weights[12][13]
port:conv/weights[12][14]
port:conv/weights[12][15]
port:conv/weights[12][16]
port:conv/weights[12][17]
port:conv/weights[12][18]
port:conv/weights[12][19]
port:conv/weights[12][1]
port:conv/weights[12][2]
port:conv/weights[12][3]
port:conv/weights[12][4]
port:conv/weights[12][5]
port:conv/weights[12][6]
port:conv/weights[12][7]
port:conv/weights[12][8]
port:conv/weights[12][9]
port:conv/weights[13][0]
port:conv/weights[13][10]
port:conv/weights[13][11]
port:conv/weights[13][12]
port:conv/weights[13][13]
port:conv/weights[13][14]
port:conv/weights[13][15]
port:conv/weights[13][16]
port:conv/weights[13][17]
port:conv/weights[13][18]
port:conv/weights[13][19]
port:conv/weights[13][1]
port:conv/weights[13][2]
port:conv/weights[13][3]
port:conv/weights[13][4]
port:conv/weights[13][5]
port:conv/weights[13][6]
port:conv/weights[13][7]
port:conv/weights[13][8]
port:conv/weights[13][9]
port:conv/weights[14][0]
port:conv/weights[14][10]
port:conv/weights[14][11]
port:conv/weights[14][12]
port:conv/weights[14][13]
port:conv/weights[14][14]
port:conv/weights[14][15]
port:conv/weights[14][16]
port:conv/weights[14][17]
port:conv/weights[14][18]
port:conv/weights[14][19]
port:conv/weights[14][1]
port:conv/weights[14][2]
port:conv/weights[14][3]
port:conv/weights[14][4]
port:conv/weights[14][5]
port:conv/weights[14][6]
port:conv/weights[14][7]
port:conv/weights[14][8]
port:conv/weights[14][9]
port:conv/weights[15][0]
port:conv/weights[15][10]
port:conv/weights[15][11]
port:conv/weights[15][12]
port:conv/weights[15][13]
port:conv/weights[15][14]
port:conv/weights[15][15]
port:conv/weights[15][16]
port:conv/weights[15][17]
port:conv/weights[15][18]
port:conv/weights[15][19]
port:conv/weights[15][1]
port:conv/weights[15][2]
port:conv/weights[15][3]
port:conv/weights[15][4]
port:conv/weights[15][5]
port:conv/weights[15][6]
port:conv/weights[15][7]
port:conv/weights[15][8]
port:conv/weights[15][9]
port:conv/weights[16][0]
port:conv/weights[16][10]
port:conv/weights[16][11]
port:conv/weights[16][12]
port:conv/weights[16][13]
port:conv/weights[16][14]
port:conv/weights[16][15]
port:conv/weights[16][16]
port:conv/weights[16][17]
port:conv/weights[16][18]
port:conv/weights[16][19]
port:conv/weights[16][1]
port:conv/weights[16][2]
port:conv/weights[16][3]
port:conv/weights[16][4]
port:conv/weights[16][5]
port:conv/weights[16][6]
port:conv/weights[16][7]
port:conv/weights[16][8]
port:conv/weights[16][9]
port:conv/weights[1][0]
port:conv/weights[1][10]
port:conv/weights[1][11]
port:conv/weights[1][12]
port:conv/weights[1][13]
port:conv/weights[1][14]
port:conv/weights[1][15]
port:conv/weights[1][16]
port:conv/weights[1][17]
port:conv/weights[1][18]
port:conv/weights[1][19]
port:conv/weights[1][1]
port:conv/weights[1][2]
port:conv/weights[1][3]
port:conv/weights[1][4]
port:conv/weights[1][5]
port:conv/weights[1][6]
port:conv/weights[1][7]
port:conv/weights[1][8]
port:conv/weights[1][9]
port:conv/weights[2][0]
port:conv/weights[2][10]
port:conv/weights[2][11]
port:conv/weights[2][12]
port:conv/weights[2][13]
port:conv/weights[2][14]
port:conv/weights[2][15]
port:conv/weights[2][16]
port:conv/weights[2][17]
port:conv/weights[2][18]
port:conv/weights[2][19]
port:conv/weights[2][1]
port:conv/weights[2][2]
port:conv/weights[2][3]
port:conv/weights[2][4]
port:conv/weights[2][5]
port:conv/weights[2][6]
port:conv/weights[2][7]
port:conv/weights[2][8]
port:conv/weights[2][9]
port:conv/weights[3][0]
port:conv/weights[3][10]
port:conv/weights[3][11]
port:conv/weights[3][12]
port:conv/weights[3][13]
port:conv/weights[3][14]
port:conv/weights[3][15]
port:conv/weights[3][16]
port:conv/weights[3][17]
port:conv/weights[3][18]
port:conv/weights[3][19]
port:conv/weights[3][1]
port:conv/weights[3][2]
port:conv/weights[3][3]
port:conv/weights[3][4]
port:conv/weights[3][5]
port:conv/weights[3][6]
port:conv/weights[3][7]
port:conv/weights[3][8]
port:conv/weights[3][9]
port:conv/weights[4][0]
port:conv/weights[4][10]
port:conv/weights[4][11]
port:conv/weights[4][12]
port:conv/weights[4][13]
port:conv/weights[4][14]
port:conv/weights[4][15]
port:conv/weights[4][16]
port:conv/weights[4][17]
port:conv/weights[4][18]
port:conv/weights[4][19]
port:conv/weights[4][1]
port:conv/weights[4][2]
port:conv/weights[4][3]
port:conv/weights[4][4]
port:conv/weights[4][5]
port:conv/weights[4][6]
port:conv/weights[4][7]
port:conv/weights[4][8]
port:conv/weights[4][9]
port:conv/weights[5][0]
port:conv/weights[5][10]
port:conv/weights[5][11]
port:conv/weights[5][12]
port:conv/weights[5][13]
port:conv/weights[5][14]
port:conv/weights[5][15]
port:conv/weights[5][16]
port:conv/weights[5][17]
port:conv/weights[5][18]
port:conv/weights[5][19]
port:conv/weights[5][1]
port:conv/weights[5][2]
port:conv/weights[5][3]
port:conv/weights[5][4]
port:conv/weights[5][5]
port:conv/weights[5][6]
port:conv/weights[5][7]
port:conv/weights[5][8]
port:conv/weights[5][9]
port:conv/weights[6][0]
port:conv/weights[6][10]
port:conv/weights[6][11]
port:conv/weights[6][12]
port:conv/weights[6][13]
port:conv/weights[6][14]
port:conv/weights[6][15]
port:conv/weights[6][16]
port:conv/weights[6][17]
port:conv/weights[6][18]
port:conv/weights[6][19]
port:conv/weights[6][1]
port:conv/weights[6][2]
port:conv/weights[6][3]
port:conv/weights[6][4]
port:conv/weights[6][5]
port:conv/weights[6][6]
port:conv/weights[6][7]
port:conv/weights[6][8]
port:conv/weights[6][9]
port:conv/weights[7][0]
port:conv/weights[7][10]
port:conv/weights[7][11]
port:conv/weights[7][12]
port:conv/weights[7][13]
port:conv/weights[7][14]
port:conv/weights[7][15]
port:conv/weights[7][16]
port:conv/weights[7][17]
port:conv/weights[7][18]
port:conv/weights[7][19]
port:conv/weights[7][1]
port:conv/weights[7][2]
port:conv/weights[7][3]
port:conv/weights[7][4]
port:conv/weights[7][5]
port:conv/weights[7][6]
port:conv/weights[7][7]
port:conv/weights[7][8]
port:conv/weights[7][9]
port:conv/weights[8][0]
port:conv/weights[8][10]
port:conv/weights[8][11]
port:conv/weights[8][12]
port:conv/weights[8][13]
port:conv/weights[8][14]
port:conv/weights[8][15]
port:conv/weights[8][16]
port:conv/weights[8][17]
port:conv/weights[8][18]
port:conv/weights[8][19]
port:conv/weights[8][1]
port:conv/weights[8][2]
port:conv/weights[8][3]
port:conv/weights[8][4]
port:conv/weights[8][5]
port:conv/weights[8][6]
port:conv/weights[8][7]
port:conv/weights[8][8]
port:conv/weights[8][9]
port:conv/weights[9][0]
port:conv/weights[9][10]
port:conv/weights[9][11]
port:conv/weights[9][12]
port:conv/weights[9][13]
port:conv/weights[9][14]
port:conv/weights[9][15]
port:conv/weights[9][16]
port:conv/weights[9][17]
port:conv/weights[9][18]
port:conv/weights[9][19]
port:conv/weights[9][1]
port:conv/weights[9][2]
port:conv/weights[9][3]
port:conv/weights[9][4]
port:conv/weights[9][5]
port:conv/weights[9][6]
port:conv/weights[9][7]
port:conv/weights[9][8]
port:conv/weights[9][9]
-------------------------------------------------------------------------------

-------------------------------------------------------------------------------
Outputs without external load

The following primary outputs have no external load set  in mode                
'analysis_view_0p99v_m40c_capbst_fastest'. As a result the load on the ports    
will be assumed as zero. The 'external_pin_cap' attribute is used to add and    
external pin cap.                                                               

port:conv/data_valid
port:conv/outputMAP[0][0]
port:conv/outputMAP[0][10]
port:conv/outputMAP[0][11]
port:conv/outputMAP[0][12]
port:conv/outputMAP[0][13]
port:conv/outputMAP[0][14]
port:conv/outputMAP[0][15]
port:conv/outputMAP[0][16]
port:conv/outputMAP[0][17]
port:conv/outputMAP[0][18]
port:conv/outputMAP[0][19]
port:conv/outputMAP[0][1]
port:conv/outputMAP[0][2]
port:conv/outputMAP[0][3]
port:conv/outputMAP[0][4]
port:conv/outputMAP[0][5]
port:conv/outputMAP[0][6]
port:conv/outputMAP[0][7]
port:conv/outputMAP[0][8]
port:conv/outputMAP[0][9]
port:conv/outputMAP[1][0]
port:conv/outputMAP[1][10]
port:conv/outputMAP[1][11]
port:conv/outputMAP[1][12]
port:conv/outputMAP[1][13]
port:conv/outputMAP[1][14]
port:conv/outputMAP[1][15]
port:conv/outputMAP[1][16]
port:conv/outputMAP[1][17]
port:conv/outputMAP[1][18]
port:conv/outputMAP[1][19]
port:conv/outputMAP[1][1]
port:conv/outputMAP[1][2]
port:conv/outputMAP[1][3]
port:conv/outputMAP[1][4]
port:conv/outputMAP[1][5]
port:conv/outputMAP[1][6]
port:conv/outputMAP[1][7]
port:conv/outputMAP[1][8]
port:conv/outputMAP[1][9]
port:conv/outputMAP[2][0]
port:conv/outputMAP[2][10]
port:conv/outputMAP[2][11]
port:conv/outputMAP[2][12]
port:conv/outputMAP[2][13]
port:conv/outputMAP[2][14]
port:conv/outputMAP[2][15]
port:conv/outputMAP[2][16]
port:conv/outputMAP[2][17]
port:conv/outputMAP[2][18]
port:conv/outputMAP[2][19]
port:conv/outputMAP[2][1]
port:conv/outputMAP[2][2]
port:conv/outputMAP[2][3]
port:conv/outputMAP[2][4]
port:conv/outputMAP[2][5]
port:conv/outputMAP[2][6]
port:conv/outputMAP[2][7]
port:conv/outputMAP[2][8]
port:conv/outputMAP[2][9]
port:conv/outputMAP[3][0]
port:conv/outputMAP[3][10]
port:conv/outputMAP[3][11]
port:conv/outputMAP[3][12]
port:conv/outputMAP[3][13]
port:conv/outputMAP[3][14]
port:conv/outputMAP[3][15]
port:conv/outputMAP[3][16]
port:conv/outputMAP[3][17]
port:conv/outputMAP[3][18]
port:conv/outputMAP[3][19]
port:conv/outputMAP[3][1]
port:conv/outputMAP[3][2]
port:conv/outputMAP[3][3]
port:conv/outputMAP[3][4]
port:conv/outputMAP[3][5]
port:conv/outputMAP[3][6]
port:conv/outputMAP[3][7]
port:conv/outputMAP[3][8]
port:conv/outputMAP[3][9]
port:conv/outputMAP[4][0]
port:conv/outputMAP[4][10]
port:conv/outputMAP[4][11]
port:conv/outputMAP[4][12]
port:conv/outputMAP[4][13]
port:conv/outputMAP[4][14]
port:conv/outputMAP[4][15]
port:conv/outputMAP[4][16]
port:conv/outputMAP[4][17]
port:conv/outputMAP[4][18]
port:conv/outputMAP[4][19]
port:conv/outputMAP[4][1]
port:conv/outputMAP[4][2]
port:conv/outputMAP[4][3]
port:conv/outputMAP[4][4]
port:conv/outputMAP[4][5]
port:conv/outputMAP[4][6]
port:conv/outputMAP[4][7]
port:conv/outputMAP[4][8]
port:conv/outputMAP[4][9]
-------------------------------------------------------------------------------


Lint summary
 Unconnected/logic driven clocks                                                           0
 Sequential data pins driven by a clock signal                                             0
 Sequential clock pins without clock waveform                                             80
 Sequential clock pins with multiple clock waveforms                                       0
 Generated clocks without clock waveform                                                   0
 Generated clocks with incompatible options                                                0
 Generated clocks with multi-master clock                                                  0
 Generated clocks with master clock not reaching the generated clock target                0
 Paths constrained with different clocks                                                   0
 Loop-breaking cells for combinational feedback                                            0
 Nets with multiple drivers                                                                0
 Timing exceptions with no effect                                                          0
 Suspicious multi_cycle exceptions                                                         0
 Pins/ports with conflicting case constants                                                0
 Inputs without clocked external delays                                                  682
 Outputs without clocked external delays                                                 101
 Inputs without external driver/transition                                               682
 Outputs without external load                                                           101
 Exceptions with invalid timing start-/endpoints                                           0

                                                                           Total:       1646

