============================================================
  Generated by:           Genus(TM) Synthesis Solution 21.12-s068_1
  Generated on:           Oct 07 2026  07:23:22 am
  Module:                 Conv
  Operating conditions:   ssg0p81v125c 
  Operating conditions:   tt0p9v25c 
  Interconnect mode:      global
  Area mode:              physical library
============================================================


Path 1: MET (230 ps) Late External Delay Assertion at pin p_output_data_write[31]
           View: analysis_view_0p90v_25c_captyp_nominal
          Group: clk
     Startpoint: (R) r_output_write_count_reg[1]/CP
          Clock: (R) clk
       Endpoint: (R) p_output_data_write[31]
          Clock: (R) clk

                     Capture       Launch     
        Clock Edge:+    2000            0     
       Src Latency:+       0            0     
       Net Latency:+       0 (I)        0 (I) 
           Arrival:=    2000            0     
                                              
      Output Delay:-    1000                  
     Required Time:=    1000                  
      Launch Clock:-       0                  
         Data Path:-     770                  
             Slack:=     230                  

Exceptions/Constraints:
  output_delay             1000            tmp_sdc_analysis_vie_line_667 

#---------------------------------------------------------------------------------------------------------------
#         Timing Point           Flags    Arc   Edge       Cell        Fanout Load Trans Delay Arrival Instance 
#                                                                             (fF)  (ps)  (ps)   (ps)  Location 
#---------------------------------------------------------------------------------------------------------------
  r_output_write_count_reg[1]/CP -       -      R     (arrival)             4    -     0     0       0    (-,-) 
  r_output_write_count_reg[1]/Q  -       CP->Q  F     DFCND2BWP30P140      35 37.5    79    88      88    (-,-) 
  g64710/ZN                      -       A2->ZN R     NR2D1BWP30P140       17 18.8   136   106     194    (-,-) 
  g64561/Z                       -       I->Z   R     BUFFD3BWP30P140      80 78.2   105    88     282    (-,-) 
  g64334/ZN                      -       B1->ZN F     AOI22D1BWP30P140      1  1.5    61    32     314    (-,-) 
  g64082/ZN                      -       A2->ZN R     ND2D1BWP30P140        1  2.9    27    28     342    (-,-) 
  add_1008_76_I2_g379/CO         -       A->CO  R     FA1D1BWP30P140        1  2.3    16    34     376    (-,-) 
  add_1008_76_I2_g378/CO         -       CI->CO R     FA1D1BWP30P140        1  2.3    17    29     405    (-,-) 
  add_1008_76_I2_g377/CO         -       CI->CO R     FA1D1BWP30P140        1  2.3    17    30     435    (-,-) 
  add_1008_76_I2_g376/CO         -       CI->CO R     FA1D1BWP30P140        1  2.3    16    30     464    (-,-) 
  add_1008_76_I2_g375/CO         -       CI->CO R     FA1D1BWP30P140        1  2.3    16    29     494    (-,-) 
  add_1008_76_I2_g374/CO         -       CI->CO R     FA1D1BWP30P140        1  2.3    16    29     523    (-,-) 
  add_1008_76_I2_g373/CO         -       CI->CO R     FA1D1BWP30P140        1  2.3    16    29     552    (-,-) 
  add_1008_76_I2_g372/CO         -       CI->CO R     FA1D1BWP30P140        1  2.3    16    29     582    (-,-) 
  add_1008_76_I2_g371/CO         -       CI->CO R     FA1D1BWP30P140        1  2.3    16    29     611    (-,-) 
  add_1008_76_I2_g370/CO         -       CI->CO R     FA1D1BWP30P140        1  2.3    16    29     641    (-,-) 
  add_1008_76_I2_g369/CO         -       CI->CO R     FA1D1BWP30P140        1  2.3    16    29     670    (-,-) 
  add_1008_76_I2_g368/CO         -       CI->CO R     FA1D1BWP30P140        1  2.3    16    29     699    (-,-) 
  add_1008_76_I2_g367/CO         -       CI->CO R     FA1D1BWP30P140        1  1.6    14    27     727    (-,-) 
  add_1008_76_I2_g366/Z          -       A3->Z  R     XOR3UD1BWP30P140      1  5.0    50    43     770    (-,-) 
  p_output_data_write[31]        <<<     -      R     (port)                -    -     -     0     770    (-,-) 
#---------------------------------------------------------------------------------------------------------------


