============================================================
  Generated by:           Genus(TM) Synthesis Solution 21.12-s068_1
  Generated on:           Oct 07 2026  07:23:12 am
  Module:                 Conv
  Operating conditions:   ssg0p81v125c 
  Interconnect mode:      global
  Area mode:              physical library
============================================================


Path 1: MET (0 ps) Setup Check with Pin r_input_weight_reg[0][13]/CP->D
           View: analysis_view_0p81v_125c_capwst_slowest
          Group: clk
     Startpoint: (R) r_weight_spatial_reg[0][7]/CP
          Clock: (R) clk
       Endpoint: (R) r_input_weight_reg[0][13]/D
          Clock: (R) clk

                     Capture       Launch     
        Clock Edge:+    2000            0     
       Src Latency:+       0            0     
       Net Latency:+       0 (I)        0 (I) 
           Arrival:=    2000            0     
                                              
             Setup:-      25                  
     Required Time:=    1975                  
      Launch Clock:-       0                  
         Data Path:-    1975                  
             Slack:=       0                  

#-------------------------------------------------------------------------------------------------------------------------------------------------------------------------
#                                   Timing Point                                    Flags    Arc   Edge          Cell            Fanout Load Trans Delay Arrival Instance 
#                                                                                                                                       (fF)  (ps)  (ps)   (ps)  Location 
#-------------------------------------------------------------------------------------------------------------------------------------------------------------------------
  r_weight_spatial_reg[0][7]/CP                                                     -       -      R     (arrival)                   16    -     0     0       0    (-,-) 
  r_weight_spatial_reg[0][7]/Q                                                      -       CP->Q  F     DFCNQD2BWP30P140            26 30.9    80   103     103    (-,-) 
  WEIGHT_TRANSFORM_ROWS[2].weight_trf_row/csa_tree_SUB_TC_OP_groupi_g877/ZN         -       I->ZN  R     CKND1BWP30P140               2  4.2    44    44     147    (-,-) 
  WEIGHT_TRANSFORM_ROWS[2].weight_trf_row/csa_tree_SUB_TC_OP_groupi_cdnfadd_008_0/S -       CI->S  F     FA1D1BWP30P140               1  2.1    27    72     219    (-,-) 
  WEIGHT_TRANSFORM_ROWS[2].weight_trf_row/csa_tree_SUB_TC_OP_groupi_cdnfadd_008_2/S -       CI->S  F     FA1D1BWP30P140               1  2.6    28    69     288    (-,-) 
  WEIGHT_TRANSFORM_ROWS[2].weight_trf_row/csa_tree_SUB_TC_OP_groupi_cdnfadd_008_3/S -       B->S   R     FA1D1BWP30P140               1  1.3    23    84     372    (-,-) 
  WEIGHT_TRANSFORM_ROWS[2].weight_trf_row/csa_tree_SUB_TC_OP_groupi_g827/ZN         -       I->ZN  F     CKND1BWP30P140               2  2.0    18    16     388    (-,-) 
  WEIGHT_TRANSFORM_ROWS[2].weight_trf_row/csa_tree_SUB_TC_OP_groupi_g806/ZN         -       A1->ZN R     NR2D1BWP30P140               3  3.1    37    29     416    (-,-) 
  WEIGHT_TRANSFORM_ROWS[2].weight_trf_row/csa_tree_SUB_TC_OP_groupi_g770/ZN         -       A2->ZN R     IOA21D2BWP30P140             2  2.6    16    35     452    (-,-) 
  WEIGHT_TRANSFORM_ROWS[2].weight_trf_row/csa_tree_SUB_TC_OP_groupi_g762/ZN         -       A1->ZN F     AOI21OPTREPBD1BWP30P140      1  1.7    26    20     472    (-,-) 
  WEIGHT_TRANSFORM_ROWS[2].weight_trf_row/csa_tree_SUB_TC_OP_groupi_g758/ZN         -       A1->ZN R     OAI21D2BWP30P140             1  1.8    19    18     490    (-,-) 
  WEIGHT_TRANSFORM_ROWS[2].weight_trf_row/g4251/ZN                                  -       B->ZN  F     AOI31D2BWP30P140             3  4.3    46    20     510    (-,-) 
  WEIGHT_TRANSFORM_ROWS[2].weight_trf_row/csa_tree_SUB_TC_OP_groupi_g745/ZN         -       A1->ZN R     NR2D3BWP30P140               2  2.6    22    21     531    (-,-) 
  WEIGHT_TRANSFORM_ROWS[2].weight_trf_row/g4261/ZN                                  -       A1->ZN F     ND3D2BWP30P140               1  1.3    26    18     549    (-,-) 
  WEIGHT_TRANSFORM_ROWS[2].weight_trf_row/g4260/ZN                                  -       A1->ZN F     IAO21D2BWP30P140             2  3.0    16    34     583    (-,-) 
  WEIGHT_TRANSFORM_ROWS[2].weight_trf_row/csa_tree_SUB_TC_OP_groupi_g731/ZN         -       A1->ZN R     NR2D3BWP30P140               2  3.2    18    16     599    (-,-) 
  WEIGHT_TRANSFORM_ROWS[2].weight_trf_row/csa_tree_SUB_TC_OP_groupi_g726/ZN         -       A1->ZN F     AOI21D4BWP30P140             1  2.2    21    14     613    (-,-) 
  WEIGHT_TRANSFORM_ROWS[2].weight_trf_row/csa_tree_SUB_TC_OP_groupi_g723/Z          -       A1->Z  F     OA21D8BWP30P140             19 24.9    23    38     650    (-,-) 
  WEIGHT_TRANSFORM_ROWS[2].weight_trf_row/f_floor_div_1114_22:div_1058_24_g3904/Z   -       A1->Z  R     XOR2D2BWP30P140              4  4.1    21    40     690    (-,-) 
  WEIGHT_TRANSFORM_ROWS[2].weight_trf_row/f_floor_div_1114_22:div_1058_24_g3892/ZN  -       A2->ZN F     ND2D1BWP30P140               1  2.5    42    25     714    (-,-) 
  WEIGHT_TRANSFORM_ROWS[2].weight_trf_row/f_floor_div_1114_22:div_1058_24_g3884/CO  -       CI->CO F     FA1OPTCD1BWP30P140           2  3.1    26    40     754    (-,-) 
  WEIGHT_TRANSFORM_ROWS[2].weight_trf_row/f_floor_div_1114_22:div_1058_24_g3883/ZN  -       I->ZN  R     INVD2BWP30P140               1  1.7    11    12     766    (-,-) 
  WEIGHT_TRANSFORM_ROWS[2].weight_trf_row/f_floor_div_1114_22:div_1058_24_g3878/ZN  -       A1->ZN F     OAI21D2BWP30P140             2  2.5    25    17     783    (-,-) 
  WEIGHT_TRANSFORM_ROWS[2].weight_trf_row/f_floor_div_1114_22:div_1058_24_g3873/Z   -       A1->Z  F     OR2D1BWP30P140               2  2.6    20    30     813    (-,-) 
  WEIGHT_TRANSFORM_ROWS[2].weight_trf_row/f_floor_div_1114_22:div_1058_24_g3860/ZN  -       A1->ZN F     XNR2UD1BWP30P140             2  2.1    38    27     840    (-,-) 
  WEIGHT_TRANSFORM_ROWS[2].weight_trf_row/f_floor_div_1114_22:div_1058_24_g3927/Z   -       B->Z   F     OA21D1BWP30P140              1  1.4    14    30     870    (-,-) 
  WEIGHT_TRANSFORM_ROWS[2].weight_trf_row/f_floor_div_1114_22:div_1058_24_g2/Z      -       B->Z   F     AO21D2BWP30P140              2  2.7    16    34     904    (-,-) 
  WEIGHT_TRANSFORM_ROWS[2].weight_trf_row/f_floor_div_1114_22:div_1058_24_g3835/Z   -       A1->Z  F     AO22D2BWP30P140              2  2.6    16    32     936    (-,-) 
  WEIGHT_TRANSFORM_ROWS[2].weight_trf_row/f_floor_div_1114_22:div_1058_24_g3830/ZN  -       B->ZN  R     OAI21OPTREPBD2BWP30P140      3  3.5    29    14     950    (-,-) 
  WEIGHT_TRANSFORM_ROWS[2].weight_trf_row/f_floor_div_1114_22:div_1058_24_g3824/ZN  -       A1->ZN R     XNR2UD1BWP30P140             3  3.5    66    39     989    (-,-) 
  WEIGHT_TRANSFORM_ROWS[2].weight_trf_row/f_floor_div_1114_22:div_1058_24_g3815/ZN  -       A1->ZN F     ND2D1BWP30P140               2  2.1    38    31    1020    (-,-) 
  WEIGHT_TRANSFORM_ROWS[2].weight_trf_row/f_floor_div_1114_22:div_1058_24_g3801/ZN  -       A2->ZN R     OAI21D1BWP30P140             2  2.7    38    36    1056    (-,-) 
  WEIGHT_TRANSFORM_ROWS[2].weight_trf_row/f_floor_div_1114_22:div_1058_24_g3925/Z   -       A1->Z  R     XOR2UD1BWP30P140             2  2.1    42    29    1084    (-,-) 
  WEIGHT_TRANSFORM_ROWS[2].weight_trf_row/f_floor_div_1114_22:div_1058_24_g3792/ZN  -       A2->ZN F     ND2D1BWP30P140               1  1.7    27    24    1108    (-,-) 
  WEIGHT_TRANSFORM_ROWS[2].weight_trf_row/f_floor_div_1114_22:div_1058_24_g3785/ZN  -       A1->ZN R     AOI21D2BWP30P140             4  3.7    30    26    1134    (-,-) 
  WEIGHT_TRANSFORM_ROWS[2].weight_trf_row/f_floor_div_1114_22:div_1058_24_g3923/Z   -       A2->Z  R     OR2D0BWP30P140               2  2.1    27    33    1167    (-,-) 
  WEIGHT_TRANSFORM_ROWS[2].weight_trf_row/f_floor_div_1114_22:div_1058_24_g3777/ZN  -       B->ZN  F     IOA21D1BWP30P140             2  2.0    29    24    1191    (-,-) 
  WEIGHT_TRANSFORM_ROWS[2].weight_trf_row/f_floor_div_1114_22:div_1058_24_g3770/ZN  -       I->ZN  R     CKND1BWP30P140               3  3.3    27    25    1216    (-,-) 
  WEIGHT_TRANSFORM_ROWS[2].weight_trf_row/f_floor_div_1114_22:div_1058_24_g3764/ZN  -       B2->ZN F     INR3D1BWP30P140              2  2.5    35    20    1236    (-,-) 
  WEIGHT_TRANSFORM_ROWS[2].weight_trf_row/f_floor_div_1114_22:div_1058_24_g3755/ZN  -       A2->ZN R     OAI31D2BWP30P140             1  2.2    30    30    1266    (-,-) 
  WEIGHT_TRANSFORM_ROWS[2].weight_trf_row/f_floor_div_1114_22:div_1058_24_g3752/ZN  -       A2->ZN F     ND3OPTPAD2BWP30P140          2  2.0    23    19    1286    (-,-) 
  WEIGHT_TRANSFORM_ROWS[2].weight_trf_row/f_floor_div_1114_22:div_1058_24_g3921/Z   -       A2->Z  F     AN2D1BWP30P140               2  3.7    23    34    1320    (-,-) 
  WEIGHT_TRANSFORM_ROWS[2].weight_trf_row/g4255/ZN                                  -       B->ZN  R     IAO21D2BWP30P140             1  1.9    18    16    1336    (-,-) 
  WEIGHT_TRANSFORM_ROWS[2].weight_trf_row/f_floor_div_1114_22:div_1058_24_g3745/ZN  -       A1->ZN F     XNR2D2BWP30P140              2  3.1    16    31    1367    (-,-) 
  WEIGHT_TRANSFORM_ROWS[2].weight_trf_row/f_floor_div_1114_22:div_1058_24_g3740/ZN  -       A1->ZN F     XNR2UD1BWP30P140             2  2.5    45    27    1394    (-,-) 
  WEIGHT_TRANSFORM_ROWS[2].weight_trf_row/g3493/ZN                                  -       A1->ZN F     IND2D1BWP30P140              2  2.1    29    42    1436    (-,-) 
  WEIGHT_TRANSFORM_ROWS[2].weight_trf_row/g3479/ZN                                  -       A1->ZN R     NR2D1BWP30P140               3  3.6    43    35    1471    (-,-) 
  WEIGHT_TRANSFORM_ROWS[2].weight_trf_row/g3460/ZN                                  -       B1->ZN F     IND2D1BWP30P140              2  2.1    34    28    1498    (-,-) 
  WEIGHT_TRANSFORM_ROWS[2].weight_trf_row/g3449/ZN                                  -       A1->ZN R     NR2D1BWP30P140               3  3.6    44    36    1535    (-,-) 
  WEIGHT_TRANSFORM_ROWS[2].weight_trf_row/g3433/ZN                                  -       B1->ZN F     IND2D1BWP30P140              2  2.1    34    28    1562    (-,-) 
  WEIGHT_TRANSFORM_ROWS[2].weight_trf_row/g3418/ZN                                  -       A1->ZN R     NR2D1BWP30P140               3  3.6    44    36    1599    (-,-) 
  WEIGHT_TRANSFORM_ROWS[2].weight_trf_row/g3401/ZN                                  -       B1->ZN F     IND2D1BWP30P140              2  2.1    34    28    1626    (-,-) 
  WEIGHT_TRANSFORM_ROWS[2].weight_trf_row/g3385/ZN                                  -       A1->ZN R     NR2D1BWP30P140               3  3.6    44    36    1663    (-,-) 
  WEIGHT_TRANSFORM_ROWS[2].weight_trf_row/g3372/ZN                                  -       B1->ZN F     IND2D1BWP30P140              2  2.1    34    28    1691    (-,-) 
  WEIGHT_TRANSFORM_ROWS[2].weight_trf_row/g3357/ZN                                  -       A1->ZN R     NR2OPTIBD1BWP30P140          3  3.6    44    36    1727    (-,-) 
  WEIGHT_TRANSFORM_ROWS[2].weight_trf_row/g3342/ZN                                  -       B1->ZN F     IND2D1BWP30P140              2  2.0    33    27    1754    (-,-) 
  WEIGHT_TRANSFORM_ROWS[2].weight_trf_row/g3323/Z                                   -       A1->Z  F     OR2D1BWP30P140               3  3.0    22    34    1787    (-,-) 
  WEIGHT_TRANSFORM_ROWS[2].weight_trf_row/g3309/ZN                                  -       A1->ZN R     NR2OPTIBD1BWP30P140          3  2.9    36    28    1816    (-,-) 
  WEIGHT_TRANSFORM_ROWS[2].weight_trf_row/g3291/Z                                   -       A1->Z  R     CKAN2D1BWP30P140             2  2.1    17    29    1845    (-,-) 
  WEIGHT_TRANSFORM_ROWS[2].weight_trf_row/g3285/ZN                                  -       A1->ZN F     CKND2D1BWP30P140             3  3.0    39    24    1869    (-,-) 
  WEIGHT_TRANSFORM_ROWS[2].weight_trf_row/g3283/ZN                                  -       B->ZN  R     OAI31D1BWP30P140             1  1.3    44    24    1893    (-,-) 
  g98628/ZN                                                                         -       A1->ZN F     AOI222D1BWP30P140            1  1.3    98    26    1919    (-,-) 
  g98109/ZN                                                                         -       B->ZN  R     IOA21D1BWP30P140             1  1.4    32    29    1948    (-,-) 
  g97969/Z                                                                          -       B->Z   R     AO21D1BWP30P140              1  1.3    20    27    1975    (-,-) 
  r_input_weight_reg[0][13]/D                                                       <<<     -      R     DFCNQD1BWP30P140             1    -     -     0    1975    (-,-) 
#-------------------------------------------------------------------------------------------------------------------------------------------------------------------------


