============================================================
  Generated by:           Genus(TM) Synthesis Solution 21.12-s068_1
  Generated on:           Jan 25 2026  11:46:02 pm
  Module:                 Conv
  Operating conditions:   ssg0p81v125c 
  Operating conditions:   tt0p9v25c 
  Operating conditions:   ffg0p99vm40c 
  Interconnect mode:      global
  Area mode:              physical library
============================================================


Path 1: MET (383 ps) Late External Delay Assertion at pin p_output[2][19]
           View: analysis_view_0p99v_m40c_capbst_fastest
          Group: clk
     Startpoint: (R) r_feat_reg[10][2]/CP
          Clock: (R) clk
       Endpoint: (R) p_output[2][19]
          Clock: (R) clk

                     Capture       Launch     
        Clock Edge:+    2000            0     
       Src Latency:+       0            0     
       Net Latency:+       0 (I)        0 (I) 
           Arrival:=    2000            0     
                                              
      Output Delay:-    1000                  
     Required Time:=    1000                  
      Launch Clock:-       0                  
         Data Path:-     617                  
             Slack:=     383                  

Exceptions/Constraints:
  output_delay             1000            tmp_sdc_analysis_vie_1_line_795 

#---------------------------------------------------------------------------------------------------------------------------------------------
#                       Timing Point                        Flags    Arc   Edge        Cell          Fanout Load Trans Delay Arrival Instance 
#                                                                                                           (fF)  (ps)  (ps)   (ps)  Location 
#---------------------------------------------------------------------------------------------------------------------------------------------
  r_feat_reg[10][2]/CP                                      -       -      R     (arrival)               80    -     0     0       0    (-,-) 
  r_feat_reg[10][2]/Q                                       -       CP->Q  F     DFQD2BWP30P140           8 16.7    28    50      50    (-,-) 
  inv/matrix_a1/csa_tree_ADD_TC_OP_1_groupi198_g2132/Z      -       A1->Z  R     XOR2D2BWP30P140          1  2.7     9    24      74    (-,-) 
  inv/matrix_a1/csa_tree_ADD_TC_OP_1_groupi198_g2125/Z      -       A1->Z  F     XOR2OPTND2BWP30P140      2  3.2    20    10      84    (-,-) 
  inv/matrix_a1/csa_tree_ADD_TC_OP_1_groupi198_g2084/ZN     -       A1->ZN R     NR2OPTPAD1BWP30P140      2  3.2    19    16     100    (-,-) 
  inv/matrix_a1/csa_tree_ADD_TC_OP_1_groupi198_g2051/ZN     -       A2->ZN F     OAI21D0P7BWP30P140       2  3.8    36    26     126    (-,-) 
  inv/matrix_a1/csa_tree_ADD_TC_OP_1_groupi198_g2048/ZN     -       A1->ZN R     AOI21D1BWP30P140         2  3.4    29    25     151    (-,-) 
  inv/matrix_a1/csa_tree_ADD_TC_OP_1_groupi198_g2046/Z      -       A1->Z  R     OA21D1BWP30P140          2  3.9    16    22     174    (-,-) 
  inv/matrix_a1/csa_tree_ADD_TC_OP_1_groupi198_g2044/ZN     -       A1->ZN F     OAI21D2BWP30P140         2  3.7    18    13     187    (-,-) 
  inv/matrix_a1/csa_tree_ADD_TC_OP_1_groupi198_g2041/ZN     -       A1->ZN R     AOI21D2BWP30P140         2  3.9    17    15     202    (-,-) 
  inv/matrix_a1/csa_tree_ADD_TC_OP_1_groupi198_g2039/ZN     -       A1->ZN F     OAI21D2BWP30P140         2  3.7    18    14     216    (-,-) 
  inv/matrix_a1/csa_tree_ADD_TC_OP_1_groupi198_g2036/ZN     -       A1->ZN R     AOI21D2BWP30P140         2  3.4    16    14     230    (-,-) 
  inv/matrix_a1/csa_tree_ADD_TC_OP_1_groupi198_g2034/Z      -       A1->Z  R     OA21D1BWP30P140          2  3.3    14    20     249    (-,-) 
  inv/matrix_a1/g2265/ZN                                    -       A1->ZN R     IAO21D1BWP30P140         2  3.4    22    24     273    (-,-) 
  inv/matrix_a1/csa_tree_ADD_TC_OP_1_groupi198_g2029/Z      -       A1->Z  R     OA21D1BWP30P140          2  3.4    15    21     294    (-,-) 
  inv/matrix_a1/g2264/ZN                                    -       A1->ZN R     IAO21D2BWP30P140         2  3.4    13    18     312    (-,-) 
  inv/matrix_a1/g2263/ZN                                    -       A1->ZN R     IAO21D2BWP30P140         2  3.3    13    18     330    (-,-) 
  inv/matrix_a1/csa_tree_ADD_TC_OP_1_groupi198_g2021/ZN     -       A1->ZN F     OAI21D0P7BWP30P140       2  3.3    33    22     352    (-,-) 
  inv/matrix_a1/csa_tree_ADD_TC_OP_1_groupi198_g2018/ZN     -       A1->ZN R     AOI21D1BWP30P140         2  3.3    28    24     376    (-,-) 
  inv/matrix_a1/g2262/ZN                                    -       A1->ZN R     IAO21D0BWP30P140         2  3.4    38    33     409    (-,-) 
  inv/matrix_a1/csa_tree_ADD_TC_OP_1_groupi198_g2013/Z      -       A1->Z  F     XOR2UD1BWP30P140         2  4.1    36    21     430    (-,-) 
  inv/matrix_a0/csa_tree_SUB_TC_OP_groupi24_g943/ZN         -       I->ZN  R     CKND1BWP30P140           1  2.5    17    17     446    (-,-) 
  inv/matrix_a0/csa_tree_SUB_TC_OP_groupi24_cdnfadd_017_0/S -       CI->S  F     FA1D1BWP30P140           1  1.7    13    36     483    (-,-) 
  inv/matrix_a0/csa_tree_SUB_TC_OP_groupi24_g932/ZN         -       I->ZN  R     CKND1BWP30P140           2  2.7    13    12     494    (-,-) 
  inv/matrix_a0/csa_tree_SUB_TC_OP_groupi24_g924/Z          -       A1->Z  R     CKAN2D1BWP30P140         3  3.9    15    19     514    (-,-) 
  inv/matrix_a0/csa_tree_SUB_TC_OP_groupi24_g894/ZN         -       A1->ZN R     IAO21D1BWP30P140         1  1.8    14    19     533    (-,-) 
  inv/matrix_a0/csa_tree_SUB_TC_OP_groupi24_g862/ZN         -       B->ZN  F     OAI21D1BWP30P140         1  2.4    21    17     550    (-,-) 
  inv/matrix_a0/csa_tree_SUB_TC_OP_groupi24_g860/CO         -       CI->CO F     FA1D1BWP30P140           1  1.8    11    26     576    (-,-) 
  inv/matrix_a0/g2134/Z                                     -       A1->Z  R     XOR3D2BWP30P140          1  5.2    13    41     616    (-,-) 
  p_output[2][19]                                           <<<     -      R     (port)                   -    -     -     0     617    (-,-) 
#---------------------------------------------------------------------------------------------------------------------------------------------


