============================================================
  Generated by:           Genus(TM) Synthesis Solution 21.12-s068_1
  Generated on:           Aug 30 2026  07:05:18 pm
  Module:                 Conv
  Operating conditions:   ssg0p81v125c 
  Operating conditions:   tt0p9v25c 
  Interconnect mode:      global
  Area mode:              physical library
============================================================


Path 1: MET (221 ps) Late External Delay Assertion at pin p_output_data_write[19]
           View: analysis_view_0p90v_25c_captyp_nominal
          Group: clk
     Startpoint: (R) r_output_write_count_reg[2]/CP
          Clock: (R) clk
       Endpoint: (F) p_output_data_write[19]
          Clock: (R) clk

                     Capture       Launch     
        Clock Edge:+    2000            0     
       Src Latency:+       0            0     
       Net Latency:+       0 (I)        0 (I) 
           Arrival:=    2000            0     
                                              
      Output Delay:-    1000                  
     Required Time:=    1000                  
      Launch Clock:-       0                  
         Data Path:-     779                  
             Slack:=     221                  

Exceptions/Constraints:
  output_delay             1000            tmp_sdc_analysis_vie_line_897 

#-----------------------------------------------------------------------------------------------------------------
#         Timing Point           Flags    Arc   Edge        Cell         Fanout Load Trans Delay Arrival Instance 
#                                                                               (fF)  (ps)  (ps)   (ps)  Location 
#-----------------------------------------------------------------------------------------------------------------
  r_output_write_count_reg[2]/CP -       -      R     (arrival)               4    -     0     0       0    (-,-) 
  r_output_write_count_reg[2]/Q  -       CP->Q  F     DFCNQD1BWP30P140        4  6.7    30    59      59    (-,-) 
  g39888/ZN                      -       A2->ZN R     NR2D1BWP30P140          4  6.7    52    42     101    (-,-) 
  g39861/ZN                      -       A2->ZN F     ND2D2BWP30P140          8 10.8    50    40     142    (-,-) 
  g39740/ZN                      -       I->ZN  R     CKND4BWP30P140         33 32.2    40    38     179    (-,-) 
  g38858/Z                       -       B1->Z  R     AO22D0BWP30P140         1  1.5    18    36     215    (-,-) 
  g38472/Z                       -       A2->Z  R     OR4D1BWP30P140          1  3.4    18    29     244    (-,-) 
  add_746_69_g479/CO             -       B->CO  R     FA1OPTCD1BWP30P140      1  2.3    17    38     281    (-,-) 
  add_746_69_g478/CO             -       CI->CO R     FA1D1BWP30P140          1  2.8    18    31     312    (-,-) 
  add_746_69_g477/CO             -       CI->CO R     FA1OPTCD1BWP30P140      1  2.8    18    26     338    (-,-) 
  add_746_69_g476/CO             -       CI->CO R     FA1OPTCD1BWP30P140      1  2.8    19    26     365    (-,-) 
  add_746_69_g475/CO             -       CI->CO R     FA1OPTCD1BWP30P140      1  2.8    18    26     391    (-,-) 
  add_746_69_g474/CO             -       CI->CO R     FA1OPTCD1BWP30P140      1  2.8    18    26     418    (-,-) 
  add_746_69_g473/CO             -       CI->CO R     FA1OPTCD1BWP30P140      1  2.3    17    25     443    (-,-) 
  add_746_69_g472/CO             -       CI->CO R     FA1D1BWP30P140          1  2.8    18    31     474    (-,-) 
  add_746_69_g471/CO             -       CI->CO R     FA1OPTCD1BWP30P140      1  2.8    18    26     500    (-,-) 
  add_746_69_g470/CO             -       CI->CO R     FA1OPTCD1BWP30P140      1  2.8    18    26     527    (-,-) 
  add_746_69_g469/CO             -       CI->CO R     FA1OPTCD1BWP30P140      1  2.8    18    26     553    (-,-) 
  add_746_69_g468/CO             -       CI->CO R     FA1OPTCD1BWP30P140      1  2.8    18    26     580    (-,-) 
  add_746_69_g467/CO             -       CI->CO R     FA1OPTCD1BWP30P140      1  2.3    17    25     605    (-,-) 
  add_746_69_g466/CO             -       CI->CO R     FA1D1BWP30P140          1  2.3    17    30     634    (-,-) 
  add_746_69_g465/CO             -       CI->CO R     FA1D1BWP30P140          1  2.3    17    30     664    (-,-) 
  add_746_69_g464/CO             -       CI->CO R     FA1D1BWP30P140          1  2.3    17    30     693    (-,-) 
  add_746_69_g463/CO             -       CI->CO R     FA1D1BWP30P140          1  1.6    14    27     721    (-,-) 
  g40592/Z                       -       A1->Z  F     XOR3D1BWP30P140         1  5.0    25    58     779    (-,-) 
  p_output_data_write[19]        <<<     -      F     (port)                  -    -     -     0     779    (-,-) 
#-----------------------------------------------------------------------------------------------------------------


