============================================================
  Generated by:           Genus(TM) Synthesis Solution 21.12-s068_1
  Generated on:           Feb 03 2026  03:03:20 am
  Module:                 System
  Operating conditions:   ssg0p81v125c 
  Operating conditions:   tt0p9v25c 
  Interconnect mode:      global
  Area mode:              physical library
============================================================


Path 1: MET (219 ps) Late External Delay Assertion at pin p_output_data_write[19]
           View: analysis_view_0p90v_25c_captyp_nominal
          Group: clk
     Startpoint: (R) control/r_addr_count_write_out_reg[2]/CP
          Clock: (R) clk
       Endpoint: (F) p_output_data_write[19]
          Clock: (R) clk

                     Capture       Launch     
        Clock Edge:+    2000            0     
       Src Latency:+       0            0     
       Net Latency:+       0 (I)        0 (I) 
           Arrival:=    2000            0     
                                              
      Output Delay:-    1000                  
     Required Time:=    1000                  
      Launch Clock:-       0                  
         Data Path:-     781                  
             Slack:=     219                  

Exceptions/Constraints:
  output_delay             1000            tmp_sdc_analysis_vie_line_863 

#----------------------------------------------------------------------------------------------------------------------------
#              Timing Point                Flags    Arc   Edge        Cell          Fanout Load Trans Delay Arrival Instance 
#                                                                                          (fF)  (ps)  (ps)   (ps)  Location 
#----------------------------------------------------------------------------------------------------------------------------
  control/r_addr_count_write_out_reg[2]/CP -       -      R     (arrival)                4    -     0     0       0    (-,-) 
  control/r_addr_count_write_out_reg[2]/QN -       CP->QN F     DFKCND1BWP30P140         3  5.0    22    56      56    (-,-) 
  control/g44875__8428/ZN                  -       A1->ZN R     NR2D2BWP30P140           4  5.1    26    22      78    (-,-) 
  control/g44848__5122/ZN                  -       A1->ZN F     ND2D1BWP30P140           6  9.5    72    49     127    (-,-) 
  control/g44665/ZN                        -       I->ZN  R     INVD6BWP30P140          36 39.7    40    39     166    (-,-) 
  control/g44413__1617/ZN                  -       B1->ZN F     AOI22D1BWP30P140         1  1.5    30    24     190    (-,-) 
  control/g44194__9945/ZN                  -       A2->ZN R     ND2D1BWP30P140           1  1.5    15    16     206    (-,-) 
  control/g44118__6260/ZN                  -       A1->ZN F     NR2OPTIBD1BWP30P140      1  1.5    12    11     217    (-,-) 
  control/g43612__1881/ZN                  -       A1->ZN R     ND3D1BWP30P140           2  2.5    21    13     230    (-,-) 
  control/add_1022_65_g483/Z               -       A1->Z  R     AN2D2BWP30P140           2  3.4    12    24     254    (-,-) 
  control/add_1022_65_g480/CO              -       CI->CO R     FA1D1BWP30P140           1  2.8    18    30     284    (-,-) 
  control/add_1022_65_g479/CO              -       CI->CO R     FA1OPTCD2BWP30P140       1  2.8    14    22     305    (-,-) 
  control/add_1022_65_g478/CO              -       CI->CO R     FA1OPTCD2BWP30P140       1  2.8    14    21     326    (-,-) 
  control/add_1022_65_g477/CO              -       CI->CO R     FA1OPTCD1BWP30P140       1  2.8    18    25     351    (-,-) 
  control/add_1022_65_g476/CO              -       CI->CO R     FA1OPTCD1BWP30P140       1  2.3    17    25     377    (-,-) 
  control/add_1022_65_g475/CO              -       CI->CO R     FA1D1BWP30P140           1  2.8    18    31     408    (-,-) 
  control/add_1022_65_g474/CO              -       CI->CO R     FA1OPTCD1BWP30P140       1  2.8    18    26     434    (-,-) 
  control/add_1022_65_g473/CO              -       CI->CO R     FA1OPTCD1BWP30P140       1  2.8    18    26     460    (-,-) 
  control/add_1022_65_g472/CO              -       CI->CO R     FA1OPTCD1BWP30P140       1  2.8    18    26     487    (-,-) 
  control/add_1022_65_g471/CO              -       CI->CO R     FA1OPTCD1BWP30P140       1  2.8    18    26     513    (-,-) 
  control/add_1022_65_g470/CO              -       CI->CO R     FA1OPTCD1BWP30P140       1  2.3    17    25     538    (-,-) 
  control/add_1022_65_g469/CO              -       CI->CO R     FA1D1BWP30P140           1  2.8    18    31     569    (-,-) 
  control/add_1022_65_g468/CO              -       CI->CO R     FA1OPTCD2BWP30P140       1  2.8    14    22     591    (-,-) 
  control/add_1022_65_g467/CO              -       CI->CO R     FA1OPTCD1BWP30P140       1  2.8    18    25     616    (-,-) 
  control/add_1022_65_g466/CO              -       CI->CO R     FA1OPTCD1BWP30P140       1  2.3    17    25     642    (-,-) 
  control/add_1022_65_g465/CO              -       CI->CO R     FA1D1BWP30P140           1  2.3    16    30     671    (-,-) 
  control/add_1022_65_g464/CO              -       CI->CO R     FA1D1BWP30P140           1  2.3    16    29     700    (-,-) 
  control/add_1022_65_g463/CO              -       CI->CO R     FA1D1BWP30P140           1  1.6    14    27     728    (-,-) 
  control/g45032/Z                         -       A1->Z  F     XOR3D2BWP30P140          1  5.0    16    53     781    (-,-) 
  p_output_data_write[19]                  <<<     -      F     (port)                   -    -     -     0     781    (-,-) 
#----------------------------------------------------------------------------------------------------------------------------


