============================================================
  Generated by:           Genus(TM) Synthesis Solution 21.12-s068_1
  Generated on:           Jan 22 2026  05:04:23 pm
  Module:                 System
  Library domain:         timing_cond_0p81v_125c
    Domain index:         0
    Technology library:   tcbn28hpcplusbwp30p140ssg0p81v125c 110
  Operating conditions:   ssg0p81v125c 
  Interconnect mode:      global
  Area mode:              physical library
============================================================

       Instance         Module    Cell Count  Cell Area  Net Area   Total Area 
-------------------------------------------------------------------------------
System                                 15710  18077.472  8047.685    26125.157 
  control             Control           3067   4611.222  1049.544     5660.766 
  conv                Conv             12643  13466.250  6448.558    19914.808 
    genblk1[0].multip Multip             595    609.462   251.332      860.794 
    genblk1[1].multip Multip_286         641    617.274   265.840      883.114 
    genblk1[2].multip Multip_285         643    616.770   265.717      882.487 
    genblk1[3].multip Multip_284         580    603.036   245.459      848.495 
    genblk1[4].multip Multip_283         641    617.022   266.209      883.231 
    genblk1[5].multip Multip_282         596    605.178   251.585      856.763 
    inv               Inverse           1053   2221.506   494.334     2715.840 
      matrix_a0       MatrixA0           351    740.502   127.134      867.636 
      matrix_a1       MatrixA1           702   1481.004   254.269     1735.273 
    mux_mult          MuxMult             24     28.980     5.129       34.109 
    trf               Transform         2293   2950.920   776.609     3727.529 
      matrix_c0       MatrixC0           905   1301.580   321.296     1622.876 
      matrix_c1       MatrixC1          1388   1649.340   425.043     2074.383 
