xrun(64): 23.03-s003: (c) Copyright 1995-2023 Cadence Design Systems, Inc.
TOOL:	xrun(64)	23.03-s003: Started on Sep 29, 2026 at 10:41:16 -03
xrun
	-64bit
	-sv
	-access +r
	-cdslib /tmp/fastconv-exact-prefetch8-a0ce877e/rtl/conv2x2/fpga_zcu104/stream08_pipeline_campaign/reports/simlibs_unisim/cds.lib
	-hdlvar /tmp/fastconv-exact-prefetch8-a0ce877e/rtl/conv2x2/fpga_zcu104/stream08_pipeline_campaign/reports/simlibs_unisim/hdl.var
	-reflib /tmp/fastconv-exact-prefetch8-a0ce877e/rtl/conv2x2/fpga_zcu104/stream08_pipeline_campaign/reports/simlibs_unisim/unisims_ver:unisims_ver
	-define GATE_LEVEL
	-top tb_power
	-top glbl
	-timescale 1ns/1ps
	-input /tmp/fastconv-exact-prefetch8-a0ce877e/rtl/conv2x2/fpga_zcu104/column_power_comparison/scripts/capture_top_saif.tcl
	-l xrun.log
	/tmp/fastconv-exact-prefetch8-a0ce877e/rtl/conv2x2/pack-param/tcn4/pack_param.sv
	/tmp/fastconv-exact-prefetch8-a0ce877e/rtl/conv2x2/data/tcn4/sim/sim-032-3-3-normal-exact/pack_data.sv
	/tmp/fastconv-exact-prefetch8-a0ce877e/rtl/mem/mem.sv
	/tmp/fastconv-exact-prefetch8-a0ce877e/rtl/conv2x2/fpga_zcu104/stream08_pipeline_campaign/reports/prefetch8-rowconst4-exact/design_routed_funcsim.v
	/soft64/xilinx/ferramentas/Vivado/2023.2/Vivado/2023.2/data/verilog/src/glbl.v
	/tmp/fastconv-exact-prefetch8-a0ce877e/rtl/conv2x2/fpga_zcu104/column_power_comparison/tb/tb_power.sv
file: /tmp/fastconv-exact-prefetch8-a0ce877e/rtl/conv2x2/pack-param/tcn4/pack_param.sv
	package worklib.pack_param:sv
		errors: 0, warnings: 0
file: /tmp/fastconv-exact-prefetch8-a0ce877e/rtl/conv2x2/data/tcn4/sim/sim-032-3-3-normal-exact/pack_data.sv
	package worklib.pack_data:sv
		errors: 0, warnings: 0
file: /tmp/fastconv-exact-prefetch8-a0ce877e/rtl/mem/mem.sv
	module worklib.Memory:sv
		errors: 0, warnings: 0
file: /tmp/fastconv-exact-prefetch8-a0ce877e/rtl/conv2x2/fpga_zcu104/stream08_pipeline_campaign/reports/prefetch8-rowconst4-exact/design_routed_funcsim.v
	module worklib.Conv:v
		errors: 0, warnings: 0
	module worklib.MatrixC0:v
		errors: 0, warnings: 0
	module worklib.MatrixC1:v
		errors: 0, warnings: 0
	module worklib.MultipSpatialExact:v
		errors: 0, warnings: 0
	module worklib.MultipSpatialExact_0:v
		errors: 0, warnings: 0
	module worklib.MultipSpatialExact_1:v
		errors: 0, warnings: 0
	module worklib.MultipSpatialExact_2:v
		errors: 0, warnings: 0
	module worklib.MultipSpatialExact_3:v
		errors: 0, warnings: 0
	module worklib.MultipSpatialExact_4:v
		errors: 0, warnings: 0
	module worklib.MultipSpatialExact_5:v
		errors: 0, warnings: 0
	module worklib.MultipSpatialExact_6:v
		errors: 0, warnings: 0
	module worklib.Transform:v
		errors: 0, warnings: 0
	module worklib.WeightTransformRowConst:v
		errors: 0, warnings: 0
	module worklib.WeightTransformRowConst__parameterized0:v
		errors: 0, warnings: 0
	module worklib.WeightTransformRowConst__parameterized1:v
		errors: 0, warnings: 0
	module worklib.WeightTransformRowConst__parameterized2:v
		errors: 0, warnings: 0
	module worklib.glbl:v
		errors: 0, warnings: 0
file: /soft64/xilinx/ferramentas/Vivado/2023.2/Vivado/2023.2/data/verilog/src/glbl.v
file: /tmp/fastconv-exact-prefetch8-a0ce877e/rtl/conv2x2/fpga_zcu104/column_power_comparison/tb/tb_power.sv
	module worklib.tb_power:sv
		errors: 0, warnings: 0
	Elaborating the design hierarchy:
		Caching library 'worklib' ....... Done
		Caching library 'unisims_ver' ....... Done
xmelab: *W,CUSRCH: Resolved design unit 'BUFGCE' at 'clk_IBUF_BUFG_inst' to 'unisims_ver.BUFGCE:module' through a global search of all libraries.
xmelab: *W,CUSRCH: Resolved design unit 'IBUF' at 'clk_IBUF_inst' to 'unisims_ver.IBUF:module' through a global search of all libraries.
xmelab: *W,CUSRCH: Resolved design unit 'DSP48E2' at 'full_product' to 'unisims_ver.DSP48E2:module' through a global search of all libraries.
xmelab: *W,CUSRCH: Resolved design unit 'CARRY8' at 'full_product_carry' to 'unisims_ver.CARRY8:module' through a global search of all libraries.
xmelab: *W,CUSRCH: Resolved design unit 'LUT6' at 'full_product_carry__0_i_10__1' to 'unisims_ver.LUT6:module' through a global search of all libraries.
xmelab: *W,CUSRCH: Resolved design unit 'LUT5' at 'full_product_carry__0_i_11__1' to 'unisims_ver.LUT5:module' through a global search of all libraries.
xmelab: *W,CUSRCH: Resolved design unit 'LUT3' at 'full_product_carry__0_i_5__1' to 'unisims_ver.LUT3:module' through a global search of all libraries.
xmelab: *W,CUSRCH: Resolved design unit 'x_lut3_mux8' at '' to 'unisims_ver.x_lut3_mux8:udp' through a global search of all libraries.
xmelab: *W,CUSRCH: Resolved design unit 'LUT2' at 'full_product_carry__0_i_6__1' to 'unisims_ver.LUT2:module' through a global search of all libraries.
xmelab: *W,CUSRCH: Resolved design unit 'x_lut2_mux4' at '' to 'unisims_ver.x_lut2_mux4:udp' through a global search of all libraries.
xmelab: *W,CUSRCH: Resolved design unit 'LUT4' at 'full_product_carry_i_12__1' to 'unisims_ver.LUT4:module' through a global search of all libraries.
xmelab: *W,CUSRCH: Resolved design unit 'OBUF' at 'p_end_OBUF_inst' to 'unisims_ver.OBUF:module' through a global search of all libraries.
xmelab: *W,CUSRCH: Resolved design unit 'FDCE' at 'r_conv_multiply_count_reg[0]' to 'unisims_ver.FDCE:module' through a global search of all libraries.
xmelab: *W,CUSRCH: Resolved design unit 'LUT1' at 'r_input_addr_count[0]_i_1' to 'unisims_ver.LUT1:module' through a global search of all libraries.
xmelab: *W,CUSRCH: Resolved design unit 'x_lut1_mux2' at '' to 'unisims_ver.x_lut1_mux2:udp' through a global search of all libraries.
xmelab: *W,CUSRCH: Resolved design unit 'FDPE' at 'r_input_channel_counter_input_reg[0]' to 'unisims_ver.FDPE:module' through a global search of all libraries.
xmelab: *W,CUSRCH: Resolved design unit 'FDRE' at 'r_output_read_reg[0][0]' to 'unisims_ver.FDRE:module' through a global search of all libraries.
	Top level design units:
		pack_data
		pack_param
		tb_power
		glbl
	Building instance overlay tables: .................... Done
	Generating native compiled code:
		worklib.Memory:sv <0x79636205>
			streams:   7, words:  3545
		worklib.Memory:sv <0x68b76d22>
			streams:   6, words:  2805
		worklib.WeightTransformRowConst__parameterized2:v <0x6e1419f0>
			streams:   7, words:  1767
		worklib.WeightTransformRowConst__parameterized1:v <0x40b63387>
			streams:  16, words:  4566
		worklib.WeightTransformRowConst__parameterized0:v <0x73c3e9bd>
			streams:  17, words:  4733
		worklib.WeightTransformRowConst:v <0x02e97547>
			streams:   7, words:  1767
		worklib.MatrixC1:v <0x55c2d842>
			streams:  40, words:  9104
		worklib.MatrixC0:v <0x2ba78fbb>
			streams:  24, words:  5274
		worklib.Transform:v <0x04e6c03a>
			streams:   0, words:     0
		worklib.MultipSpatialExact_6:v <0x5ea60089>
			streams:   5, words:  1896
		worklib.MultipSpatialExact_5:v <0x703790e4>
			streams:   5, words:  1962
		worklib.MultipSpatialExact_4:v <0x5cbb2a60>
			streams:   7, words:  2504
		worklib.MultipSpatialExact_3:v <0x13cc69fd>
			streams:   7, words:  2438
		worklib.MultipSpatialExact_2:v <0x53401fc8>
			streams:   5, words:  1896
		worklib.MultipSpatialExact_1:v <0x5c38b552>
			streams:   5, words:  1962
		worklib.MultipSpatialExact_0:v <0x2e33d0b2>
			streams:   7, words:  2504
		worklib.MultipSpatialExact:v <0x4cf7e143>
			streams:   7, words:  2438
		worklib.Conv:v <0x2fc65477>
			streams:  22, words:  6021
		worklib.tb_power:sv <0x153c284b>
			streams:  36, words: 17834
		worklib.pack_data:sv <0x747d50f4>
			streams:   5, words:  3736
		worklib.pack_param:sv <0x5aae4540>
			streams:   1, words:   708
		worklib.glbl:v <0x3a6ea307>
			streams:  12, words:  3717
		unisims_ver.FDRE:module <0x47e8d405>
			streams:   9, words:  3925
		unisims_ver.FDPE:module <0x23d00bfa>
			streams:  12, words:  8281
		unisims_ver.FDCE:module <0x4c8351b7>
			streams:  12, words:  8244
		unisims_ver.OBUF:module <0x5290dd3e>
			streams:   2, words:  1453
		unisims_ver.DSP48E2:module <0x37c963c4>
			streams: 217, words: 159159
		unisims_ver.BUFGCE:module <0x7e77d314>
			streams:  22, words: 17792
	Building instance specific data structures.
	Loading native compiled code:     .................... Done
	Design hierarchy summary:
		                   Instances  Unique
		Modules:                5610      33
		Verilog packages:          2       2
		UDPs:                   2215       3
		Primitives:              101       2
		Registers:             22495     231
		Scalar wires:          26354       -
		Expanded wires:         4068     462
		Vectored wires:         1095       -
		Always blocks:          5287      63
		Initial blocks:        13712     106
		Cont. assignments:      6749     332
		Pseudo assignments:      204       -
		Simulation timescale:    1ps
	Writing initial simulation snapshot: worklib.tb_power:sv
Loading snapshot worklib.tb_power:sv .................... Done
xcelium> source /soft64/cadence/ferramentas/XCELIUM2303/tools/xcelium/files/xmsimrc
xcelium> stop -condition {#%d/tb_power/p_start == 1}
Created stop 1
xcelium> run
246012 PS + 0 (stop 1: tb_power.p_start = 1)
/tmp/fastconv-exact-prefetch8-a0ce877e/rtl/conv2x2/fpga_zcu104/column_power_comparison/tb/tb_power.sv:160     p_start = 1'b1;
xcelium> dumpsaif -scope tb_power -internal -divider / -overwrite -output activity_top.saif
xcelium> stop -condition {#%d/tb_power/p_end == 1}
Created stop 2
xcelium> stop -time 90 us -execute {puts "P3F_TIMEOUT_BEFORE_P_END"; exit}
Created stop 3
xcelium> run
75142573 PS + 1 (stop 2: tb_power.p_end = 1)
/tmp/fastconv-exact-prefetch8-a0ce877e/rtl/conv2x2/fpga_zcu104/column_power_comparison/tb/tb_power.sv:65     .clk(clk), .reset(reset), .p_start(p_start), .p_end(p_end),
xcelium> dumpsaif -end
xcelium> run
POWER_RESULT PASS writes=8100 final_words=2700 mismatches=0 active_cycles=23747
Simulation complete via $finish(1) at time 75147204 PS + 0
/tmp/fastconv-exact-prefetch8-a0ce877e/rtl/conv2x2/fpga_zcu104/column_power_comparison/tb/tb_power.sv:173     $finish;
xcelium> quit
TOOL:	xrun(64)	23.03-s003: Exiting on Sep 29, 2026 at 10:41:29 -03  (total: 00:00:13)
