============================================================
  Generated by:           Genus(TM) Synthesis Solution 21.12-s068_1
  Generated on:           Oct 08 2026  02:09:28 pm
  Module:                 Conv
  Operating conditions:   ssg0p81v125c 
  Interconnect mode:      global
  Area mode:              physical library
============================================================


Path 1: MET (0 ps) Late External Delay Assertion at pin p_output_data_write[79]
           View: analysis_view_0p81v_125c_capwst_slowest
          Group: clk
     Startpoint: (R) r_output_write_count_reg[1]/CP
          Clock: (R) clk
       Endpoint: (F) p_output_data_write[79]
          Clock: (R) clk

                     Capture       Launch     
        Clock Edge:+    2000            0     
       Src Latency:+       0            0     
       Net Latency:+       0 (I)        0 (I) 
           Arrival:=    2000            0     
                                              
      Output Delay:-    1000                  
     Required Time:=    1000                  
      Launch Clock:-       0                  
         Data Path:-    1000                  
             Slack:=       0                  

Exceptions/Constraints:
  output_delay             1000            constraints.sdc_line_25_238_1 

#-----------------------------------------------------------------------------------------------------------------
#         Timing Point           Flags    Arc   Edge        Cell         Fanout Load Trans Delay Arrival Instance 
#                                                                               (fF)  (ps)  (ps)   (ps)  Location 
#-----------------------------------------------------------------------------------------------------------------
  r_output_write_count_reg[1]/CP -       -      R     (arrival)               4    -     0     0       0    (-,-) 
  r_output_write_count_reg[1]/QN -       CP->QN R     DFCND1BWP30P140         4  8.2    49    95      95    (-,-) 
  g257192/ZN                     -       A1->ZN F     NR2D4BWP30P140         49 43.4    64    49     144    (-,-) 
  g256161/ZN                     -       B1->ZN R     AOI22D1BWP30P140        1  1.3    31    40     184    (-,-) 
  g255521/ZN                     -       A1->ZN F     ND2D1BWP30P140          1  2.4    33    26     210    (-,-) 
  add_971_76_I4_g1258/CO         -       B->CO  F     HA1D1BWP30P140          1  2.1    15    28     238    (-,-) 
  add_971_76_I4_g1257/CO         -       CI->CO F     FA1D1BWP30P140          1  2.5    23    42     280    (-,-) 
  add_971_76_I4_g1256/CO         -       CI->CO F     FA1OPTCD1BWP30P140      1  2.1    21    32     312    (-,-) 
  add_971_76_I4_g1255/CO         -       CI->CO F     FA1D1BWP30P140          1  2.1    22    43     356    (-,-) 
  add_971_76_I4_g1254/CO         -       CI->CO F     FA1D1BWP30P140          1  2.1    22    43     399    (-,-) 
  add_971_76_I4_g1253/CO         -       CI->CO F     FA1D1BWP30P140          1  2.1    22    43     442    (-,-) 
  add_971_76_I4_g1252/CO         -       CI->CO F     FA1D1BWP30P140          1  2.1    22    43     486    (-,-) 
  add_971_76_I4_g1251/CO         -       CI->CO F     FA1D1BWP30P140          3  3.5    28    48     534    (-,-) 
  add_971_76_I4_g1249/Z          -       A1->Z  F     AO21D1BWP30P140         1  2.1    18    31     564    (-,-) 
  add_971_76_I4_g1246/CO         -       CI->CO F     FA1D1BWP30P140          1  2.1    22    42     606    (-,-) 
  add_971_76_I4_g1245/CO         -       CI->CO F     FA1D1BWP30P140          1  2.1    22    43     650    (-,-) 
  add_971_76_I4_g1244/CO         -       CI->CO F     FA1D1BWP30P140          1  2.1    22    43     693    (-,-) 
  add_971_76_I4_g1243/CO         -       CI->CO F     FA1D1BWP30P140          1  2.1    22    43     736    (-,-) 
  add_971_76_I4_g1242/CO         -       CI->CO F     FA1D1BWP30P140          1  2.1    22    43     780    (-,-) 
  add_971_76_I4_g1241/CO         -       CI->CO F     FA1D1BWP30P140          1  2.1    22    43     823    (-,-) 
  add_971_76_I4_g1240/CO         -       CI->CO F     FA1D1BWP30P140          1  2.1    22    43     867    (-,-) 
  add_971_76_I4_g1239/CO         -       CI->CO F     FA1D1BWP30P140          1  2.1    22    43     910    (-,-) 
  add_971_76_I4_g1238/CO         -       CI->CO F     FA1D1BWP30P140          1  1.3    18    40     950    (-,-) 
  add_971_76_I4_g1237/Z          -       A3->Z  F     XOR3UD1BWP30P140        1  4.8    58    50    1000    (-,-) 
  p_output_data_write[79]        <<<     -      F     (port)                  -    -     -     0    1000    (-,-) 
#-----------------------------------------------------------------------------------------------------------------


