============================================================
  Generated by:           Genus(TM) Synthesis Solution 21.12-s068_1
  Generated on:           Oct 07 2026  10:03:15 pm
  Module:                 Conv
  Operating conditions:   ssg0p81v125c 
  Operating conditions:   tt0p9v25c 
  Operating conditions:   ffg0p99vm40c 
  Interconnect mode:      global
  Area mode:              physical library
============================================================


Path 1: MET (403 ps) Late External Delay Assertion at pin p_output_data_write[79]
           View: analysis_view_0p99v_m40c_capbst_fastest
          Group: clk
     Startpoint: (R) r_output_write_count_reg[1]/CP
          Clock: (R) clk
       Endpoint: (R) p_output_data_write[79]
          Clock: (R) clk

                     Capture       Launch     
        Clock Edge:+    2000            0     
       Src Latency:+       0            0     
       Net Latency:+       0 (I)        0 (I) 
           Arrival:=    2000            0     
                                              
      Output Delay:-    1000                  
     Required Time:=    1000                  
      Launch Clock:-       0                  
         Data Path:-     597                  
             Slack:=     403                  

Exceptions/Constraints:
  output_delay             1000            tmp_sdc_analysis_vie_1_line_475 

#------------------------------------------------------------------------------------------------------------------
#         Timing Point           Flags    Arc   Edge        Cell         Fanout  Load Trans Delay Arrival Instance 
#                                                                                (fF)  (ps)  (ps)   (ps)  Location 
#------------------------------------------------------------------------------------------------------------------
  r_output_write_count_reg[1]/CP -       -      R     (arrival)               4     -     0     0       0    (-,-) 
  r_output_write_count_reg[1]/Q  -       CP->Q  F     DFCNQD1BWP30P140        2   3.8    15    41      41    (-,-) 
  g13368/ZN                      -       I->ZN  R     INVD3BWP30P140          2  10.7    14    13      54    (-,-) 
  g13367/ZN                      -       I->ZN  F     CKND6BWP30P140          2   9.2     8     7      61    (-,-) 
  g13362/ZN                      -       A1->ZN R     NR2OPTD12BWP30P140    160 193.8    94    57     118    (-,-) 
  g12498/ZN                      -       B1->ZN F     AOI22D1BWP30P140        1   2.2    38    27     145    (-,-) 
  g12123/ZN                      -       A2->ZN R     ND2D2BWP30P140          1   2.9    14    14     159    (-,-) 
  add_982_76_I4_g481/CO          -       B->CO  R     HA1D1BWP30P140          1   2.5    11    18     176    (-,-) 
  add_982_76_I4_g480/CO          -       CI->CO R     FA1D1BWP30P140          1   2.5    13    22     198    (-,-) 
  add_982_76_I4_g479/CO          -       CI->CO R     FA1D1BWP30P140          1   2.5    13    22     221    (-,-) 
  add_982_76_I4_g478/CO          -       CI->CO R     FA1D2BWP30P140          1   3.0    10    22     242    (-,-) 
  add_982_76_I4_g477/CO          -       CI->CO R     FA1OPTCD1BWP30P140      1   3.0    15    19     262    (-,-) 
  add_982_76_I4_g476/CO          -       CI->CO R     FA1OPTCD1BWP30P140      1   3.0    15    20     282    (-,-) 
  add_982_76_I4_g475/CO          -       CI->CO R     FA1OPTCD1BWP30P140      1   3.0    15    20     302    (-,-) 
  add_982_76_I4_g474/CO          -       CI->CO R     FA1OPTCD1BWP30P140      1   2.5    14    19     321    (-,-) 
  add_982_76_I4_g473/CO          -       CI->CO R     FA1D1BWP30P140          1   3.0    15    23     344    (-,-) 
  add_982_76_I4_g472/CO          -       CI->CO R     FA1OPTCD1BWP30P140      1   2.5    14    19     363    (-,-) 
  add_982_76_I4_g471/CO          -       CI->CO R     FA1D1BWP30P140          1   2.5    14    22     386    (-,-) 
  add_982_76_I4_g470/CO          -       CI->CO R     FA1D1BWP30P140          1   2.5    13    22     408    (-,-) 
  add_982_76_I4_g469/CO          -       CI->CO R     FA1D1BWP30P140          1   2.5    14    22     430    (-,-) 
  add_982_76_I4_g468/CO          -       CI->CO R     FA1D1BWP30P140          1   2.5    14    22     453    (-,-) 
  add_982_76_I4_g467/CO          -       CI->CO R     FA1D1BWP30P140          1   2.5    14    22     475    (-,-) 
  add_982_76_I4_g466/CO          -       CI->CO R     FA1D1BWP30P140          1   2.5    14    22     498    (-,-) 
  add_982_76_I4_g465/CO          -       CI->CO R     FA1D1BWP30P140          1   2.5    14    22     520    (-,-) 
  add_982_76_I4_g464/CO          -       CI->CO R     FA1D1BWP30P140          1   2.5    14    22     542    (-,-) 
  add_982_76_I4_g463/CO          -       CI->CO R     FA1D1BWP30P140          1   1.8    11    21     563    (-,-) 
  add_982_76_I4_g462/Z           -       A3->Z  R     XOR3UD1BWP30P140        1   5.2    39    33     597    (-,-) 
  p_output_data_write[79]        <<<     -      R     (port)                  -     -     -     0     597    (-,-) 
#------------------------------------------------------------------------------------------------------------------


