============================================================
  Generated by:           Genus(TM) Synthesis Solution 21.12-s068_1
  Generated on:           Jan 25 2026  10:01:08 pm
  Module:                 Conv
  Library domain:         timing_cond_0p81v_125c
    Domain index:         0
    Technology library:   tcbn28hpcplusbwp30p140ssg0p81v125c 110
  Operating conditions:   ssg0p81v125c 
  Interconnect mode:      global
  Area mode:              physical library
============================================================

                                                                                    Library 
          Gate           Instances    Area                   Library                 Domain 
--------------------------------------------------------------------------------------------
AN2D1BWP30P140                  99     49.896    tcbn28hpcplusbwp30p140ssg0p81v125c       0 
AN2D2BWP30P140                   2      1.260    tcbn28hpcplusbwp30p140ssg0p81v125c       0 
AN3D6BWP30P140                   1      1.638    tcbn28hpcplusbwp30p140ssg0p81v125c       0 
AO211D1BWP30P140                43     32.508    tcbn28hpcplusbwp30p140ssg0p81v125c       0 
AO21D1BWP30P140                 33     20.790    tcbn28hpcplusbwp30p140ssg0p81v125c       0 
AO22D0BWP30P140                316    238.896    tcbn28hpcplusbwp30p140ssg0p81v125c       0 
AO22D1BWP30P140                 13     11.466    tcbn28hpcplusbwp30p140ssg0p81v125c       0 
AO22D2BWP30P140                  2      2.016    tcbn28hpcplusbwp30p140ssg0p81v125c       0 
AO22D4BWP30P140                 17     29.988    tcbn28hpcplusbwp30p140ssg0p81v125c       0 
AOI211D1BWP30P140                3      1.890    tcbn28hpcplusbwp30p140ssg0p81v125c       0 
AOI21D1BWP30P140                97     48.888    tcbn28hpcplusbwp30p140ssg0p81v125c       0 
AOI21D2BWP30P140                19     16.758    tcbn28hpcplusbwp30p140ssg0p81v125c       0 
AOI21OPTREPBD1BWP30P140         13      9.828    tcbn28hpcplusbwp30p140ssg0p81v125c       0 
AOI21OPTREPBD2BWP30P140          5      6.930    tcbn28hpcplusbwp30p140ssg0p81v125c       0 
AOI221D1BWP30P140               53     40.068    tcbn28hpcplusbwp30p140ssg0p81v125c       0 
AOI221D2BWP30P140                2      3.024    tcbn28hpcplusbwp30p140ssg0p81v125c       0 
AOI221D4BWP30P140                2      5.796    tcbn28hpcplusbwp30p140ssg0p81v125c       0 
AOI222D1BWP30P140              394    397.152    tcbn28hpcplusbwp30p140ssg0p81v125c       0 
AOI222D2BWP30P140               17     29.988    tcbn28hpcplusbwp30p140ssg0p81v125c       0 
AOI222D4BWP30P140                2      7.056    tcbn28hpcplusbwp30p140ssg0p81v125c       0 
AOI22D1BWP30P140               442    278.460    tcbn28hpcplusbwp30p140ssg0p81v125c       0 
AOI22D2BWP30P140                25     28.350    tcbn28hpcplusbwp30p140ssg0p81v125c       0 
AOI32D1BWP30P140                 1      0.756    tcbn28hpcplusbwp30p140ssg0p81v125c       0 
CKAN2D1BWP30P140               216    108.864    tcbn28hpcplusbwp30p140ssg0p81v125c       0 
CKAN2D8BWP30P140                 8     11.088    tcbn28hpcplusbwp30p140ssg0p81v125c       0 
CKLNQD1BWP30P140                11     20.790    tcbn28hpcplusbwp30p140ssg0p81v125c       0 
CKND1BWP30P140                1249    314.748    tcbn28hpcplusbwp30p140ssg0p81v125c       0 
CKND2BWP30P140                  17      6.426    tcbn28hpcplusbwp30p140ssg0p81v125c       0 
CKND2D1BWP30P140               220     83.160    tcbn28hpcplusbwp30p140ssg0p81v125c       0 
CKND2D2BWP30P140                 1      0.630    tcbn28hpcplusbwp30p140ssg0p81v125c       0 
CKND2D3BWP30P140                 2      1.764    tcbn28hpcplusbwp30p140ssg0p81v125c       0 
CKND2D4BWP30P140                 5      5.670    tcbn28hpcplusbwp30p140ssg0p81v125c       0 
CKND4BWP30P140                   4      2.520    tcbn28hpcplusbwp30p140ssg0p81v125c       0 
CKND6BWP30P140                   1      0.882    tcbn28hpcplusbwp30p140ssg0p81v125c       0 
DFCND1BWP30P140                  1      2.520    tcbn28hpcplusbwp30p140ssg0p81v125c       0 
DFCNQD1BWP30P140                 1      2.268    tcbn28hpcplusbwp30p140ssg0p81v125c       0 
DFKCNQD2BWP30P140                2      4.032    tcbn28hpcplusbwp30p140ssg0p81v125c       0 
DFKSND1BWP30P140               187    447.678    tcbn28hpcplusbwp30p140ssg0p81v125c       0 
DFQD2BWP30P140                 535   1011.150    tcbn28hpcplusbwp30p140ssg0p81v125c       0 
FA1D1BWP30P140                2248   4815.216    tcbn28hpcplusbwp30p140ssg0p81v125c       0 
FA1D2BWP30P140                   5     11.970    tcbn28hpcplusbwp30p140ssg0p81v125c       0 
FA1D4BWP30P140                   4     14.616    tcbn28hpcplusbwp30p140ssg0p81v125c       0 
FA1OPTCD1BWP30P140              61    153.720    tcbn28hpcplusbwp30p140ssg0p81v125c       0 
FA1OPTCD2BWP30P140              21     63.504    tcbn28hpcplusbwp30p140ssg0p81v125c       0 
HA1D1BWP30P140                  67    109.746    tcbn28hpcplusbwp30p140ssg0p81v125c       0 
HA1D2BWP30P140                   3      5.670    tcbn28hpcplusbwp30p140ssg0p81v125c       0 
IAO21D0BWP30P140                23     14.490    tcbn28hpcplusbwp30p140ssg0p81v125c       0 
IAO21D1BWP30P140                29     18.270    tcbn28hpcplusbwp30p140ssg0p81v125c       0 
IAO21D2BWP30P140                50     44.100    tcbn28hpcplusbwp30p140ssg0p81v125c       0 
IND2D1BWP30P140                129     65.016    tcbn28hpcplusbwp30p140ssg0p81v125c       0 
IND2D2BWP30P140                  1      0.756    tcbn28hpcplusbwp30p140ssg0p81v125c       0 
IND3D1BWP30P140                  1      0.630    tcbn28hpcplusbwp30p140ssg0p81v125c       0 
INR2D1BWP30P140                166     83.664    tcbn28hpcplusbwp30p140ssg0p81v125c       0 
INR2D2BWP30P140                 14     10.584    tcbn28hpcplusbwp30p140ssg0p81v125c       0 
INR2D4BWP30P140                  1      1.386    tcbn28hpcplusbwp30p140ssg0p81v125c       0 
INR3D0BWP30P140                  5      3.150    tcbn28hpcplusbwp30p140ssg0p81v125c       0 
INR3D1BWP30P140                  4      4.032    tcbn28hpcplusbwp30p140ssg0p81v125c       0 
INR3D2BWP30P140                  1      1.008    tcbn28hpcplusbwp30p140ssg0p81v125c       0 
INR4D0BWP30P140                  1      0.756    tcbn28hpcplusbwp30p140ssg0p81v125c       0 
INVD0P7BWP30P140                 4      1.008    tcbn28hpcplusbwp30p140ssg0p81v125c       0 
INVD12BWP30P140                  1      1.638    tcbn28hpcplusbwp30p140ssg0p81v125c       0 
INVD1BWP30P140                   3      0.756    tcbn28hpcplusbwp30p140ssg0p81v125c       0 
INVD2BWP30P140                  14      5.292    tcbn28hpcplusbwp30p140ssg0p81v125c       0 
INVD3BWP30P140                   4      2.016    tcbn28hpcplusbwp30p140ssg0p81v125c       0 
INVD4BWP30P140                   1      0.630    tcbn28hpcplusbwp30p140ssg0p81v125c       0 
INVD6BWP30P140                  13     11.466    tcbn28hpcplusbwp30p140ssg0p81v125c       0 
INVD8BWP30P140                   2      2.268    tcbn28hpcplusbwp30p140ssg0p81v125c       0 
INVD9BWP30P140                   2      2.520    tcbn28hpcplusbwp30p140ssg0p81v125c       0 
IOA21D0BWP30P140                 2      1.260    tcbn28hpcplusbwp30p140ssg0p81v125c       0 
IOA21D1BWP30P140                53     33.390    tcbn28hpcplusbwp30p140ssg0p81v125c       0 
IOA21D2BWP30P140                47     41.454    tcbn28hpcplusbwp30p140ssg0p81v125c       0 
MAOI222D1BWP30P140              65     49.140    tcbn28hpcplusbwp30p140ssg0p81v125c       0 
MAOI22D1BWP30P140                4      3.024    tcbn28hpcplusbwp30p140ssg0p81v125c       0 
MOAI22D1BWP30P140               32     24.192    tcbn28hpcplusbwp30p140ssg0p81v125c       0 
MUX2D4BWP30P140                  3      5.292    tcbn28hpcplusbwp30p140ssg0p81v125c       0 
MUX2NOPTD2BWP30P140              5      6.930    tcbn28hpcplusbwp30p140ssg0p81v125c       0 
MUX2NOPTD4BWP30P140              3      7.560    tcbn28hpcplusbwp30p140ssg0p81v125c       0 
MUX2NOPTD8BWP30P140              6     28.728    tcbn28hpcplusbwp30p140ssg0p81v125c       0 
MUX2NUD1BWP30P140                7      5.292    tcbn28hpcplusbwp30p140ssg0p81v125c       0 
MUX2OPTD4BWP30P140               1      2.268    tcbn28hpcplusbwp30p140ssg0p81v125c       0 
MUX2OPTD6BWP30P140               1      3.150    tcbn28hpcplusbwp30p140ssg0p81v125c       0 
ND2D1BWP30P140                 675    255.150    tcbn28hpcplusbwp30p140ssg0p81v125c       0 
ND2D2BWP30P140                  19     11.970    tcbn28hpcplusbwp30p140ssg0p81v125c       0 
ND2D3BWP30P140                   9      7.938    tcbn28hpcplusbwp30p140ssg0p81v125c       0 
ND2D8BWP30P140                   3      6.426    tcbn28hpcplusbwp30p140ssg0p81v125c       0 
ND2OPTD12BWP30P140               5     15.750    tcbn28hpcplusbwp30p140ssg0p81v125c       0 
ND2OPTD6BWP30P140                3      4.914    tcbn28hpcplusbwp30p140ssg0p81v125c       0 
ND2OPTIBD1BWP30P140             43     16.254    tcbn28hpcplusbwp30p140ssg0p81v125c       0 
ND2OPTIBD2BWP30P140             16     10.080    tcbn28hpcplusbwp30p140ssg0p81v125c       0 
ND2OPTIBD4BWP30P140             10     11.340    tcbn28hpcplusbwp30p140ssg0p81v125c       0 
ND2OPTIBD6BWP30P140              2      3.276    tcbn28hpcplusbwp30p140ssg0p81v125c       0 
ND2OPTPAD4BWP30P140              2      4.032    tcbn28hpcplusbwp30p140ssg0p81v125c       0 
ND2OPTPAD8BWP30P140              1      3.024    tcbn28hpcplusbwp30p140ssg0p81v125c       0 
ND3D1BWP30P140                  17      8.568    tcbn28hpcplusbwp30p140ssg0p81v125c       0 
ND3D1P5BWP30P140                 1      0.882    tcbn28hpcplusbwp30p140ssg0p81v125c       0 
ND3D2BWP30P140                   1      0.882    tcbn28hpcplusbwp30p140ssg0p81v125c       0 
ND3D3BWP30P140                   1      1.260    tcbn28hpcplusbwp30p140ssg0p81v125c       0 
ND3D4BWP30P140                   1      1.764    tcbn28hpcplusbwp30p140ssg0p81v125c       0 
ND3D6BWP30P140                   3      7.560    tcbn28hpcplusbwp30p140ssg0p81v125c       0 
ND3D8BWP30P140                   1      3.276    tcbn28hpcplusbwp30p140ssg0p81v125c       0 
ND3OPTD6BWP30P140                3      7.182    tcbn28hpcplusbwp30p140ssg0p81v125c       0 
ND3OPTPAD12BWP30P140             1      6.552    tcbn28hpcplusbwp30p140ssg0p81v125c       0 
ND3OPTPAD2BWP30P140             12     18.144    tcbn28hpcplusbwp30p140ssg0p81v125c       0 
ND3OPTPAD4BWP30P140              1      2.520    tcbn28hpcplusbwp30p140ssg0p81v125c       0 
ND3OPTPAD6BWP30P140              7     24.696    tcbn28hpcplusbwp30p140ssg0p81v125c       0 
ND3OPTPAD8BWP30P140              3     13.608    tcbn28hpcplusbwp30p140ssg0p81v125c       0 
NR2D1BWP30P140                 236     89.208    tcbn28hpcplusbwp30p140ssg0p81v125c       0 
NR2D2BWP30P140                  12      7.560    tcbn28hpcplusbwp30p140ssg0p81v125c       0 
NR2D3BWP30P140                  20     17.640    tcbn28hpcplusbwp30p140ssg0p81v125c       0 
NR2D4BWP30P140                   1      1.134    tcbn28hpcplusbwp30p140ssg0p81v125c       0 
NR2OPTIBD1BWP30P140            140     52.920    tcbn28hpcplusbwp30p140ssg0p81v125c       0 
NR2OPTIBD2BWP30P140              2      1.260    tcbn28hpcplusbwp30p140ssg0p81v125c       0 
NR2OPTPAD1BWP30P140             11      5.544    tcbn28hpcplusbwp30p140ssg0p81v125c       0 
NR2OPTPAD2BWP30P140              5      4.410    tcbn28hpcplusbwp30p140ssg0p81v125c       0 
NR2OPTPAD4BWP30P140              4      6.552    tcbn28hpcplusbwp30p140ssg0p81v125c       0 
NR3D0BWP30P140                   1      0.504    tcbn28hpcplusbwp30p140ssg0p81v125c       0 
NR3D0P7BWP30P140                 1      0.504    tcbn28hpcplusbwp30p140ssg0p81v125c       0 
NR3D2BWP30P140                   1      1.764    tcbn28hpcplusbwp30p140ssg0p81v125c       0 
OA21D1BWP30P140                 36     22.680    tcbn28hpcplusbwp30p140ssg0p81v125c       0 
OA22D2BWP30P140                  3      3.024    tcbn28hpcplusbwp30p140ssg0p81v125c       0 
OAI211D1BWP30P140                2      1.260    tcbn28hpcplusbwp30p140ssg0p81v125c       0 
OAI21D0P7BWP30P140              29     14.616    tcbn28hpcplusbwp30p140ssg0p81v125c       0 
OAI21D1BWP30P140                91     45.864    tcbn28hpcplusbwp30p140ssg0p81v125c       0 
OAI21D2BWP30P140                20     17.640    tcbn28hpcplusbwp30p140ssg0p81v125c       0 
OAI21D4BWP30P140                 7     12.348    tcbn28hpcplusbwp30p140ssg0p81v125c       0 
OAI21OPTREPBD1BWP30P140         11      8.316    tcbn28hpcplusbwp30p140ssg0p81v125c       0 
OAI22D1BWP30P140               581    366.030    tcbn28hpcplusbwp30p140ssg0p81v125c       0 
OAI22OPTPBD1BWP30P140            5      5.040    tcbn28hpcplusbwp30p140ssg0p81v125c       0 
OAI31D1BWP30P140                 4      2.520    tcbn28hpcplusbwp30p140ssg0p81v125c       0 
OAI32D1BWP30P140                 3      2.268    tcbn28hpcplusbwp30p140ssg0p81v125c       0 
OR2D0BWP30P140                  25     12.600    tcbn28hpcplusbwp30p140ssg0p81v125c       0 
OR2D16BWP30P140                 17     57.834    tcbn28hpcplusbwp30p140ssg0p81v125c       0 
OR2D1BWP30P140                 134     67.536    tcbn28hpcplusbwp30p140ssg0p81v125c       0 
OR2D2BWP30P140                   4      2.520    tcbn28hpcplusbwp30p140ssg0p81v125c       0 
OR2D4BWP30P140                   1      1.134    tcbn28hpcplusbwp30p140ssg0p81v125c       0 
OR2D6BWP30P140                   1      1.386    tcbn28hpcplusbwp30p140ssg0p81v125c       0 
OR2D8BWP30P140                   7     13.230    tcbn28hpcplusbwp30p140ssg0p81v125c       0 
OR3D1BWP30P140                  59     37.170    tcbn28hpcplusbwp30p140ssg0p81v125c       0 
OR4D1BWP30P140                  30     22.680    tcbn28hpcplusbwp30p140ssg0p81v125c       0 
XNR2D1BWP30P140                 20     20.160    tcbn28hpcplusbwp30p140ssg0p81v125c       0 
XNR2D2BWP30P140                 16     18.144    tcbn28hpcplusbwp30p140ssg0p81v125c       0 
XNR2D4BWP30P140                  1      2.016    tcbn28hpcplusbwp30p140ssg0p81v125c       0 
XNR2OPTND2BWP30P140              1      1.386    tcbn28hpcplusbwp30p140ssg0p81v125c       0 
XNR2OPTND4BWP30P140              1      2.520    tcbn28hpcplusbwp30p140ssg0p81v125c       0 
XNR2OPTND6BWP30P140              1      3.654    tcbn28hpcplusbwp30p140ssg0p81v125c       0 
XNR2UD0BWP30P140                 1      0.882    tcbn28hpcplusbwp30p140ssg0p81v125c       0 
XNR2UD1BWP30P140               758    668.556    tcbn28hpcplusbwp30p140ssg0p81v125c       0 
XNR3UD1BWP30P140                18     31.752    tcbn28hpcplusbwp30p140ssg0p81v125c       0 
XNR4D1BWP30P140                 11     29.106    tcbn28hpcplusbwp30p140ssg0p81v125c       0 
XOR2D1BWP30P140                  7      7.056    tcbn28hpcplusbwp30p140ssg0p81v125c       0 
XOR2D2BWP30P140                  1      1.134    tcbn28hpcplusbwp30p140ssg0p81v125c       0 
XOR2D4BWP30P140                  1      2.016    tcbn28hpcplusbwp30p140ssg0p81v125c       0 
XOR2OPTND2BWP30P140              8     11.088    tcbn28hpcplusbwp30p140ssg0p81v125c       0 
XOR2OPTND4BWP30P140              4     10.080    tcbn28hpcplusbwp30p140ssg0p81v125c       0 
XOR2UD1BWP30P140               285    251.370    tcbn28hpcplusbwp30p140ssg0p81v125c       0 
XOR3D2BWP30P140                 11     22.176    tcbn28hpcplusbwp30p140ssg0p81v125c       0 
XOR3UD1BWP30P140               111    195.804    tcbn28hpcplusbwp30p140ssg0p81v125c       0 
XOR4D0BWP30P140                  2      5.292    tcbn28hpcplusbwp30p140ssg0p81v125c       0 
--------------------------------------------------------------------------------------------
total                        10770  11587.086                                       


                                                        
            Type             Instances    Area   Area % 
--------------------------------------------------------
sequential                         726  1467.648   12.7 
inverter                          1315   352.170    3.0 
clock_gating_integrated_cell        11    20.790    0.2 
logic                             8718  9746.478   84.1 
physical_cells                       0     0.000    0.0 
--------------------------------------------------------
total                            10770 11587.086  100.0 

