============================================================
  Generated by:           Genus(TM) Synthesis Solution 21.12-s068_1
  Generated on:           Oct 08 2026  08:37:18 pm
  Module:                 Conv
  Operating conditions:   ssg0p81v125c 
  Interconnect mode:      global
  Area mode:              physical library
============================================================


Path 1: MET (25 ps) Late External Delay Assertion at pin p_output_data_write[31]
           View: analysis_view_0p81v_125c_capwst_slowest
          Group: clk
     Startpoint: (R) r_output_write_count_reg[1]/CP
          Clock: (R) clk
       Endpoint: (F) p_output_data_write[31]
          Clock: (R) clk

                     Capture       Launch     
        Clock Edge:+    2000            0     
       Src Latency:+       0            0     
       Net Latency:+       0 (I)        0 (I) 
           Arrival:=    2000            0     
                                              
      Output Delay:-    1000                  
     Required Time:=    1000                  
      Launch Clock:-       0                  
         Data Path:-     975                  
             Slack:=      25                  

Exceptions/Constraints:
  output_delay             1000            constraints.sdc_line_25_182_1 

#---------------------------------------------------------------------------------------------------------------
#         Timing Point           Flags    Arc   Edge       Cell        Fanout Load Trans Delay Arrival Instance 
#                                                                             (fF)  (ps)  (ps)   (ps)  Location 
#---------------------------------------------------------------------------------------------------------------
  r_output_write_count_reg[1]/CP -       -      R     (arrival)             4    -     0     0       0    (-,-) 
  r_output_write_count_reg[1]/Q  -       CP->Q  R     DFCND2BWP30P140      37 36.6    93   104     104    (-,-) 
  g143164/ZN                     -       A2->ZN F     NR2D1BWP30P140       13 11.7    77    65     169    (-,-) 
  g143021/Z                      -       I->Z   F     BUFFD3BWP30P140      84 68.8   121   100     269    (-,-) 
  g142757/ZN                     -       B1->ZN R     AOI22D1BWP30P140      1  1.3    45    52     321    (-,-) 
  g142515/ZN                     -       A2->ZN F     ND2D1BWP30P140        1  2.7    39    30     352    (-,-) 
  add_1008_76_I2_g379/CO         -       A->CO  F     FA1D1BWP30P140        1  2.1    22    57     408    (-,-) 
  add_1008_76_I2_g378/CO         -       CI->CO F     FA1D1BWP30P140        1  2.1    22    43     452    (-,-) 
  add_1008_76_I2_g377/CO         -       CI->CO F     FA1D1BWP30P140        1  2.1    22    44     495    (-,-) 
  add_1008_76_I2_g376/CO         -       CI->CO F     FA1D1BWP30P140        1  2.1    21    43     539    (-,-) 
  add_1008_76_I2_g375/CO         -       CI->CO F     FA1D1BWP30P140        1  2.1    21    43     582    (-,-) 
  add_1008_76_I2_g374/CO         -       CI->CO F     FA1D1BWP30P140        1  2.1    21    43     625    (-,-) 
  add_1008_76_I2_g373/CO         -       CI->CO F     FA1D1BWP30P140        1  2.1    21    43     669    (-,-) 
  add_1008_76_I2_g372/CO         -       CI->CO F     FA1D1BWP30P140        1  2.1    21    43     712    (-,-) 
  add_1008_76_I2_g371/CO         -       CI->CO F     FA1D1BWP30P140        1  2.1    21    43     755    (-,-) 
  add_1008_76_I2_g370/CO         -       CI->CO F     FA1D1BWP30P140        1  2.1    21    43     799    (-,-) 
  add_1008_76_I2_g369/CO         -       CI->CO F     FA1D1BWP30P140        1  2.1    21    43     842    (-,-) 
  add_1008_76_I2_g368/CO         -       CI->CO F     FA1D1BWP30P140        1  2.1    21    43     885    (-,-) 
  add_1008_76_I2_g367/CO         -       CI->CO F     FA1D1BWP30P140        1  1.3    18    40     925    (-,-) 
  add_1008_76_I2_g366/Z          -       A3->Z  F     XOR3UD1BWP30P140      1  4.8    58    50     975    (-,-) 
  p_output_data_write[31]        <<<     -      F     (port)                -    -     -     0     975    (-,-) 
#---------------------------------------------------------------------------------------------------------------


