============================================================
  Generated by:           Genus(TM) Synthesis Solution 21.12-s068_1
  Generated on:           Oct 08 2026  08:37:18 pm
  Module:                 Conv
  Library domain:         timing_cond_0p81v_125c
    Domain index:         0
    Technology library:   tcbn28hpcplusbwp30p140ssg0p81v125c 110
  Operating conditions:   ssg0p81v125c 
  Interconnect mode:      global
  Area mode:              physical library
============================================================

                                                                                Library 
        Gate         Instances    Area                   Library                 Domain 
----------------------------------------------------------------------------------------
AN2D0BWP30P140               5      2.520    tcbn28hpcplusbwp30p140ssg0p81v125c       0 
AN2D1BWP30P140              26     13.104    tcbn28hpcplusbwp30p140ssg0p81v125c       0 
AN2D2BWP30P140               4      2.520    tcbn28hpcplusbwp30p140ssg0p81v125c       0 
AN3D1BWP30P140             136     85.680    tcbn28hpcplusbwp30p140ssg0p81v125c       0 
AN3D2BWP30P140               2      1.512    tcbn28hpcplusbwp30p140ssg0p81v125c       0 
AN3D4BWP30P140               1      1.386    tcbn28hpcplusbwp30p140ssg0p81v125c       0 
AN4D0BWP30P140               1      0.756    tcbn28hpcplusbwp30p140ssg0p81v125c       0 
AN4D1BWP30P140              16     12.096    tcbn28hpcplusbwp30p140ssg0p81v125c       0 
AO211D1BWP30P140            61     46.116    tcbn28hpcplusbwp30p140ssg0p81v125c       0 
AO21D1BWP30P140             31     19.530    tcbn28hpcplusbwp30p140ssg0p81v125c       0 
AO22D0BWP30P140           1479   1118.124    tcbn28hpcplusbwp30p140ssg0p81v125c       0 
AOI211D1BWP30P140           48     30.240    tcbn28hpcplusbwp30p140ssg0p81v125c       0 
AOI21D1BWP30P140            36     18.144    tcbn28hpcplusbwp30p140ssg0p81v125c       0 
AOI221D1BWP30P140         1571   1187.676    tcbn28hpcplusbwp30p140ssg0p81v125c       0 
AOI222D1BWP30P140          378    381.024    tcbn28hpcplusbwp30p140ssg0p81v125c       0 
AOI22D1BWP30P140          1740   1096.200    tcbn28hpcplusbwp30p140ssg0p81v125c       0 
AOI31D1BWP30P140             3      1.890    tcbn28hpcplusbwp30p140ssg0p81v125c       0 
AOI32D1BWP30P140             8      6.048    tcbn28hpcplusbwp30p140ssg0p81v125c       0 
BUFFD1P5BWP30P140            1      0.504    tcbn28hpcplusbwp30p140ssg0p81v125c       0 
BUFFD3BWP30P140              1      0.630    tcbn28hpcplusbwp30p140ssg0p81v125c       0 
BUFFD4BWP30P140              1      0.882    tcbn28hpcplusbwp30p140ssg0p81v125c       0 
CKAN2D1BWP30P140           925    466.200    tcbn28hpcplusbwp30p140ssg0p81v125c       0 
CKAN2D8BWP30P140             7      9.702    tcbn28hpcplusbwp30p140ssg0p81v125c       0 
CKBD2BWP30P140               1      0.504    tcbn28hpcplusbwp30p140ssg0p81v125c       0 
CKLNQD1BWP30P140            50     94.500    tcbn28hpcplusbwp30p140ssg0p81v125c       0 
CKMUX2D0BWP30P140          320    282.240    tcbn28hpcplusbwp30p140ssg0p81v125c       0 
CKND1BWP30P140            1381    348.012    tcbn28hpcplusbwp30p140ssg0p81v125c       0 
CKND2BWP30P140               4      1.512    tcbn28hpcplusbwp30p140ssg0p81v125c       0 
CKND2D1BWP30P140           292    110.376    tcbn28hpcplusbwp30p140ssg0p81v125c       0 
DFCND1BWP30P140            132    332.640    tcbn28hpcplusbwp30p140ssg0p81v125c       0 
DFCND2BWP30P140              2      5.796    tcbn28hpcplusbwp30p140ssg0p81v125c       0 
DFCNQD1BWP30P140          1753   3975.804    tcbn28hpcplusbwp30p140ssg0p81v125c       0 
DFSNQD2BWP30P140             2      4.536    tcbn28hpcplusbwp30p140ssg0p81v125c       0 
EDFCND1BWP30P140             6     18.144    tcbn28hpcplusbwp30p140ssg0p81v125c       0 
EDFCNQD1BWP30P140           10     28.980    tcbn28hpcplusbwp30p140ssg0p81v125c       0 
FA1D1BWP30P140            3465   7422.030    tcbn28hpcplusbwp30p140ssg0p81v125c       0 
HA1D1BWP30P140             384    628.992    tcbn28hpcplusbwp30p140ssg0p81v125c       0 
IAO21D1BWP30P140             6      3.780    tcbn28hpcplusbwp30p140ssg0p81v125c       0 
IND2D1BWP30P140            225    113.400    tcbn28hpcplusbwp30p140ssg0p81v125c       0 
IND2D2BWP30P140              1      0.756    tcbn28hpcplusbwp30p140ssg0p81v125c       0 
IND3D1BWP30P140             14      8.820    tcbn28hpcplusbwp30p140ssg0p81v125c       0 
IND4D1BWP30P140              9      6.804    tcbn28hpcplusbwp30p140ssg0p81v125c       0 
INR2D1BWP30P140            255    128.520    tcbn28hpcplusbwp30p140ssg0p81v125c       0 
INR2D2BWP30P140              2      1.512    tcbn28hpcplusbwp30p140ssg0p81v125c       0 
INR2D4BWP30P140              2      2.772    tcbn28hpcplusbwp30p140ssg0p81v125c       0 
INR2D6BWP30P140              1      1.890    tcbn28hpcplusbwp30p140ssg0p81v125c       0 
INR3D0BWP30P140             14      8.820    tcbn28hpcplusbwp30p140ssg0p81v125c       0 
INR4D0BWP30P140              6      4.536    tcbn28hpcplusbwp30p140ssg0p81v125c       0 
INVD0P7BWP30P140             2      0.504    tcbn28hpcplusbwp30p140ssg0p81v125c       0 
INVD1BWP30P140              14      3.528    tcbn28hpcplusbwp30p140ssg0p81v125c       0 
INVD1P5BWP30P140             1      0.378    tcbn28hpcplusbwp30p140ssg0p81v125c       0 
INVD3BWP30P140               3      1.512    tcbn28hpcplusbwp30p140ssg0p81v125c       0 
IOA21D1BWP30P140           177    111.510    tcbn28hpcplusbwp30p140ssg0p81v125c       0 
MAOI222D1BWP30P140         113     85.428    tcbn28hpcplusbwp30p140ssg0p81v125c       0 
MAOI22D1BWP30P140           41     30.996    tcbn28hpcplusbwp30p140ssg0p81v125c       0 
MOAI22D1BWP30P140           62     46.872    tcbn28hpcplusbwp30p140ssg0p81v125c       0 
MUX2D0BWP30P140              9      7.938    tcbn28hpcplusbwp30p140ssg0p81v125c       0 
MUX2NUD1BWP30P140           13      9.828    tcbn28hpcplusbwp30p140ssg0p81v125c       0 
ND2D1BWP30P140             649    245.322    tcbn28hpcplusbwp30p140ssg0p81v125c       0 
ND2D3BWP30P140               1      0.882    tcbn28hpcplusbwp30p140ssg0p81v125c       0 
ND2OPTIBD1BWP30P140         28     10.584    tcbn28hpcplusbwp30p140ssg0p81v125c       0 
ND3D1BWP30P140             227    114.408    tcbn28hpcplusbwp30p140ssg0p81v125c       0 
ND4D1BWP30P140             174    109.620    tcbn28hpcplusbwp30p140ssg0p81v125c       0 
NR2D1BWP30P140              87     32.886    tcbn28hpcplusbwp30p140ssg0p81v125c       0 
NR2D2BWP30P140               1      0.630    tcbn28hpcplusbwp30p140ssg0p81v125c       0 
NR2OPTD6BWP30P140            2      3.276    tcbn28hpcplusbwp30p140ssg0p81v125c       0 
NR2OPTIBD1BWP30P140         93     35.154    tcbn28hpcplusbwp30p140ssg0p81v125c       0 
NR2OPTPAD1BWP30P140          1      0.504    tcbn28hpcplusbwp30p140ssg0p81v125c       0 
NR3D0BWP30P140              10      5.040    tcbn28hpcplusbwp30p140ssg0p81v125c       0 
NR3D0P7BWP30P140           110     55.440    tcbn28hpcplusbwp30p140ssg0p81v125c       0 
NR4D0BWP30P140               1      0.630    tcbn28hpcplusbwp30p140ssg0p81v125c       0 
OA211D1BWP30P140             9      6.804    tcbn28hpcplusbwp30p140ssg0p81v125c       0 
OA21D1BWP30P140             29     18.270    tcbn28hpcplusbwp30p140ssg0p81v125c       0 
OAI211D1BWP30P140          355    223.650    tcbn28hpcplusbwp30p140ssg0p81v125c       0 
OAI21D1BWP30P140           213    107.352    tcbn28hpcplusbwp30p140ssg0p81v125c       0 
OAI221D1BWP30P140          205    180.810    tcbn28hpcplusbwp30p140ssg0p81v125c       0 
OAI222D1BWP30P140          179    180.432    tcbn28hpcplusbwp30p140ssg0p81v125c       0 
OAI22D1BWP30P140            31     19.530    tcbn28hpcplusbwp30p140ssg0p81v125c       0 
OAI31D1BWP30P140             3      1.890    tcbn28hpcplusbwp30p140ssg0p81v125c       0 
OAI32D1BWP30P140             3      2.268    tcbn28hpcplusbwp30p140ssg0p81v125c       0 
OAI33D1BWP30P140            18     15.876    tcbn28hpcplusbwp30p140ssg0p81v125c       0 
OR2D0BWP30P140              17      8.568    tcbn28hpcplusbwp30p140ssg0p81v125c       0 
OR2D1BWP30P140              74     37.296    tcbn28hpcplusbwp30p140ssg0p81v125c       0 
OR2D2BWP30P140               1      0.630    tcbn28hpcplusbwp30p140ssg0p81v125c       0 
OR3D1BWP30P140               5      3.150    tcbn28hpcplusbwp30p140ssg0p81v125c       0 
OR4D1BWP30P140               5      3.780    tcbn28hpcplusbwp30p140ssg0p81v125c       0 
SDFCNQARD1BWP30P140        146    423.108    tcbn28hpcplusbwp30p140ssg0p81v125c       0 
SDFCNQD0BWP30P140           84    243.432    tcbn28hpcplusbwp30p140ssg0p81v125c       0 
SDFSNQD2BWP30P140            2      5.796    tcbn28hpcplusbwp30p140ssg0p81v125c       0 
XNR2UD1BWP30P140          1289   1136.898    tcbn28hpcplusbwp30p140ssg0p81v125c       0 
XNR3UD1BWP30P140           104    183.456    tcbn28hpcplusbwp30p140ssg0p81v125c       0 
XNR4D1BWP30P140              9     23.814    tcbn28hpcplusbwp30p140ssg0p81v125c       0 
XOR2UD1BWP30P140           478    421.596    tcbn28hpcplusbwp30p140ssg0p81v125c       0 
XOR3UD1BWP30P140           123    216.972    tcbn28hpcplusbwp30p140ssg0p81v125c       0 
XOR4D1BWP30P140             18     47.628    tcbn28hpcplusbwp30p140ssg0p81v125c       0 
----------------------------------------------------------------------------------------
total                    20037  22464.036                                       


                                                        
            Type             Instances    Area   Area % 
--------------------------------------------------------
sequential                        2137  5038.236   22.4 
inverter                          1405   355.446    1.6 
buffer                               4     2.520    0.0 
clock_gating_integrated_cell        50    94.500    0.4 
logic                            16441 16973.334   75.6 
physical_cells                       0     0.000    0.0 
--------------------------------------------------------
total                            20037 22464.036  100.0 

