============================================================
  Generated by:           Genus(TM) Synthesis Solution 21.12-s068_1
  Generated on:           Oct 06 2026  02:30:07 am
  Module:                 Conv
  Operating conditions:   ssg0p81v125c 
  Operating conditions:   tt0p9v25c 
  Operating conditions:   ffg0p99vm40c 
  Interconnect mode:      global
  Area mode:              physical library
============================================================


Path 1: MET (422 ps) Late External Delay Assertion at pin p_output_data_write[19]
           View: analysis_view_0p99v_m40c_capbst_fastest
          Group: clk
     Startpoint: (R) r_output_write_count_reg[0]/CP
          Clock: (R) clk
       Endpoint: (F) p_output_data_write[19]
          Clock: (R) clk

                     Capture       Launch     
        Clock Edge:+    2000            0     
       Src Latency:+       0            0     
       Net Latency:+       0 (I)        0 (I) 
           Arrival:=    2000            0     
                                              
      Output Delay:-    1000                  
     Required Time:=    1000                  
      Launch Clock:-       0                  
         Data Path:-     578                  
             Slack:=     422                  

Exceptions/Constraints:
  output_delay             1000            tmp_sdc_analysis_vie_1_line_257 

#-----------------------------------------------------------------------------------------------------------------
#         Timing Point           Flags    Arc   Edge        Cell         Fanout Load Trans Delay Arrival Instance 
#                                                                               (fF)  (ps)  (ps)   (ps)  Location 
#-----------------------------------------------------------------------------------------------------------------
  r_output_write_count_reg[0]/CP -       -      R     (arrival)               8    -     0     0       0    (-,-) 
  r_output_write_count_reg[0]/QN -       CP->QN R     EDFCND2BWP30P140        4  7.3    15    48      48    (-,-) 
  g28228/ZN                      -       A2->ZN F     NR2D4BWP30P140         37 41.5    36    25      73    (-,-) 
  g27697/ZN                      -       B1->ZN R     AOI22D1BWP30P140        1  1.8    20    23      96    (-,-) 
  g28682/ZN                      -       C->ZN  F     OAI221D1BWP30P140       1  2.7    39    31     127    (-,-) 
  add_850_69_g1258/CO            -       A->CO  F     HA1D1BWP30P140          1  2.4    10    19     146    (-,-) 
  add_850_69_g1257/CO            -       CI->CO F     FA1D1BWP30P140          1  2.4    12    24     169    (-,-) 
  add_850_69_g1256/CO            -       CI->CO F     FA1D1BWP30P140          1  2.4    12    24     194    (-,-) 
  add_850_69_g1255/CO            -       CI->CO F     FA1D1BWP30P140          1  3.0    14    25     219    (-,-) 
  add_850_69_g1254/CO            -       CI->CO F     FA1OPTCD1BWP30P140      1  2.4    13    18     237    (-,-) 
  add_850_69_g1253/CO            -       CI->CO F     FA1D1BWP30P140          1  2.4    12    24     261    (-,-) 
  add_850_69_g1252/CO            -       CI->CO F     FA1D1BWP30P140          1  2.4    12    24     286    (-,-) 
  add_850_69_g1251/CO            -       CI->CO F     FA1D1BWP30P140          3  4.4    18    28     314    (-,-) 
  add_850_69_g1249/Z             -       A1->Z  F     AO21D1BWP30P140         1  2.4    11    18     332    (-,-) 
  add_850_69_g1246/CO            -       CI->CO F     FA1D1BWP30P140          1  2.4    12    24     356    (-,-) 
  add_850_69_g1245/CO            -       CI->CO F     FA1D1BWP30P140          1  2.4    12    24     380    (-,-) 
  add_850_69_g1244/CO            -       CI->CO F     FA1D1BWP30P140          1  2.4    12    24     404    (-,-) 
  add_850_69_g1243/CO            -       CI->CO F     FA1D1BWP30P140          1  2.4    12    24     428    (-,-) 
  add_850_69_g1242/CO            -       CI->CO F     FA1D1BWP30P140          1  2.4    12    24     452    (-,-) 
  add_850_69_g1241/CO            -       CI->CO F     FA1D1BWP30P140          1  2.4    12    24     477    (-,-) 
  add_850_69_g1240/CO            -       CI->CO F     FA1D1BWP30P140          1  2.4    12    24     501    (-,-) 
  add_850_69_g1239/CO            -       CI->CO F     FA1D1BWP30P140          1  2.4    12    24     525    (-,-) 
  add_850_69_g1238/CO            -       CI->CO F     FA1D1BWP30P140          1  1.8    11    23     548    (-,-) 
  add_850_69_g1237/Z             -       A3->Z  F     XOR3UD1BWP30P140        1  5.2    34    30     578    (-,-) 
  p_output_data_write[19]        <<<     -      F     (port)                  -    -     -     0     578    (-,-) 
#-----------------------------------------------------------------------------------------------------------------


