============================================================
  Generated by:           Genus(TM) Synthesis Solution 21.12-s068_1
  Generated on:           Oct 05 2026  10:44:52 pm
  Module:                 Conv
  Operating conditions:   ssg0p81v125c 
  Operating conditions:   tt0p9v25c 
  Operating conditions:   ffg0p99vm40c 
  Interconnect mode:      global
  Area mode:              physical library
============================================================


Path 1: MET (405 ps) Late External Delay Assertion at pin p_output_data_write[59]
           View: analysis_view_0p99v_m40c_capbst_fastest
          Group: clk
     Startpoint: (R) r_output_write_count_reg[1]/CP
          Clock: (R) clk
       Endpoint: (F) p_output_data_write[59]
          Clock: (R) clk

                     Capture       Launch     
        Clock Edge:+    2000            0     
       Src Latency:+       0            0     
       Net Latency:+       0 (I)        0 (I) 
           Arrival:=    2000            0     
                                              
      Output Delay:-    1000                  
     Required Time:=    1000                  
      Launch Clock:-       0                  
         Data Path:-     595                  
             Slack:=     405                  

Exceptions/Constraints:
  output_delay             1000            tmp_sdc_analysis_vie_1_line_413 

#------------------------------------------------------------------------------------------------------------------
#         Timing Point           Flags    Arc   Edge        Cell         Fanout  Load Trans Delay Arrival Instance 
#                                                                                (fF)  (ps)  (ps)   (ps)  Location 
#------------------------------------------------------------------------------------------------------------------
  r_output_write_count_reg[1]/CP -       -      R     (arrival)               4     -     0     0       0    (-,-) 
  r_output_write_count_reg[1]/Q  -       CP->Q  R     DFCNQD2BWP30P140        9  17.0    28    46      46    (-,-) 
  g228384/ZN                     -       A2->ZN F     NR2D2BWP30P140         13  15.6    29    24      70    (-,-) 
  g142226/Z                      -       I->Z   F     BUFFD4BWP30P140       108 113.8    88    62     132    (-,-) 
  g141935/ZN                     -       A1->ZN R     AOI22D1BWP30P140        1   1.7    32    29     161    (-,-) 
  g141637/ZN                     -       B->ZN  F     IOA21D1BWP30P140        1   3.1    25    20     181    (-,-) 
  add_1011_76_I3_g1256/CO        -       A->CO  F     FA1D1BWP30P140          1   2.5    13    32     213    (-,-) 
  add_1011_76_I3_g1255/CO        -       CI->CO F     FA1D2BWP30P140          1   2.4    10    23     236    (-,-) 
  add_1011_76_I3_g1254/CO        -       CI->CO F     FA1D1BWP30P140          1   3.0    14    24     260    (-,-) 
  add_1011_76_I3_g1253/CO        -       CI->CO F     FA1OPTCD1BWP30P140      1   2.4    12    18     279    (-,-) 
  add_1011_76_I3_g1252/CO        -       CI->CO F     FA1D1BWP30P140          1   2.4    12    24     303    (-,-) 
  add_1011_76_I3_g1251/CO        -       CI->CO F     FA1D1BWP30P140          3   4.4    18    28     331    (-,-) 
  add_1011_76_I3_g1249/Z         -       A1->Z  F     AO21D1BWP30P140         1   2.4    11    18     349    (-,-) 
  add_1011_76_I3_g1246/CO        -       CI->CO F     FA1D1BWP30P140          1   2.4    12    24     373    (-,-) 
  add_1011_76_I3_g1245/CO        -       CI->CO F     FA1D1BWP30P140          1   2.4    12    24     397    (-,-) 
  add_1011_76_I3_g1244/CO        -       CI->CO F     FA1D1BWP30P140          1   2.4    13    24     421    (-,-) 
  add_1011_76_I3_g1243/CO        -       CI->CO F     FA1D1BWP30P140          1   2.4    13    24     446    (-,-) 
  add_1011_76_I3_g1242/CO        -       CI->CO F     FA1D1BWP30P140          1   2.4    13    24     470    (-,-) 
  add_1011_76_I3_g1241/CO        -       CI->CO F     FA1D1BWP30P140          1   2.4    13    24     494    (-,-) 
  add_1011_76_I3_g1240/CO        -       CI->CO F     FA1D1BWP30P140          1   2.4    13    24     518    (-,-) 
  add_1011_76_I3_g1239/CO        -       CI->CO F     FA1D1BWP30P140          1   2.4    13    24     542    (-,-) 
  add_1011_76_I3_g1238/CO        -       CI->CO F     FA1D1BWP30P140          1   1.8    11    23     565    (-,-) 
  add_1011_76_I3_g1237/Z         -       A3->Z  F     XOR3UD1BWP30P140        1   5.2    34    30     595    (-,-) 
  p_output_data_write[59]        <<<     -      F     (port)                  -     -     -     0     595    (-,-) 
#------------------------------------------------------------------------------------------------------------------


