============================================================
  Generated by:           Genus(TM) Synthesis Solution 21.12-s068_1
  Generated on:           Oct 05 2026  10:44:34 pm
  Module:                 Conv
  Library domain:         timing_cond_0p81v_125c
    Domain index:         0
    Technology library:   tcbn28hpcplusbwp30p140ssg0p81v125c 110
  Operating conditions:   ssg0p81v125c 
  Interconnect mode:      global
  Area mode:              physical library
============================================================

                 Instance                           Module           Cell Count  Cell Area  Net Area   Total Area 
------------------------------------------------------------------------------------------------------------------
Conv                                                                      25751  29090.754 13530.834    42621.588 
  INVERSE_ROW_BATCH[0].inverse_row        InverseRow                        117    246.834    42.378      289.212 
  INVERSE_ROW_BATCH[1].inverse_row        InverseRow_550                    117    246.834    42.378      289.212 
  INVERSE_ROW_BATCH[2].inverse_row        InverseRow_549                    117    246.834    42.378      289.212 
  MAC_LANES[0].multip                     Multip                            564    604.296   236.126      840.422 
  MAC_LANES[1].multip                     Multip_567                        564    604.296   236.126      840.422 
  MAC_LANES[2].multip                     Multip_566                        564    604.296   236.126      840.422 
  MAC_LANES[3].multip                     Multip_565                        564    604.296   236.126      840.422 
  MAC_LANES[4].multip                     Multip_564                        564    604.296   236.126      840.422 
  MAC_LANES[5].multip                     Multip_563                        564    604.296   236.126      840.422 
  MAC_LANES[6].multip                     Multip_562                        564    604.296   236.126      840.422 
  MAC_LANES[7].multip                     Multip_561                        564    604.296   236.126      840.422 
  MAC_LANES[8].multip                     Multip_560                        564    604.296   236.126      840.422 
  MAC_LANES[9].multip                     Multip_559                        564    604.296   236.126      840.422 
  MAC_LANES[10].multip                    Multip_558                        564    604.296   236.126      840.422 
  MAC_LANES[11].multip                    Multip_557                        564    604.296   236.126      840.422 
  MAC_LANES[12].multip                    Multip_556                        564    604.296   236.126      840.422 
  MAC_LANES[13].multip                    Multip_555                        564    604.296   236.126      840.422 
  MAC_LANES[14].multip                    Multip_554                        564    604.296   236.126      840.422 
  MAC_LANES[15].multip                    Multip_553                        564    604.296   236.126      840.422 
  MAC_LANES[16].multip                    Multip_552                        564    604.296   236.126      840.422 
  MAC_LANES[17].multip                    Multip_551                        564    604.296   236.126      840.422 
  WEIGHT_TRANSFORM_ROWS[0].weight_trf_row WeightTransformRowConst           180    186.354    29.513      215.867 
  WEIGHT_TRANSFORM_ROWS[1].weight_trf_row WeightTransformRowConst_0         180    186.354    29.513      215.867 
  WEIGHT_TRANSFORM_ROWS[2].weight_trf_row WeightTransformRowConst_1         180    186.354    29.513      215.867 
  WEIGHT_TRANSFORM_ROWS[3].weight_trf_row WeightTransformRowConst_2         356    558.180   116.410      674.590 
  WEIGHT_TRANSFORM_ROWS[4].weight_trf_row WeightTransformRowConst_3         356    558.180   116.410      674.590 
  WEIGHT_TRANSFORM_ROWS[5].weight_trf_row WeightTransformRowConst_4         356    558.180   116.410      674.590 
  inverse_row_acc                         InverseRowAccumulate              913   1181.628   380.485     1562.113 
  trf                                     Transform                        2292   2950.416   776.984     3727.400 
    matrix_c0                             MatrixC0                          904   1301.076   321.671     1622.747 
    matrix_c1                             MatrixC1                         1388   1649.340   425.043     2074.383 
