============================================================
  Generated by:           Genus(TM) Synthesis Solution 21.12-s068_1
  Generated on:           Oct 05 2026  10:44:44 pm
  Module:                 Conv
  Operating conditions:   ssg0p81v125c 
  Operating conditions:   tt0p9v25c 
  Interconnect mode:      global
  Area mode:              physical library
============================================================


Path 1: MET (231 ps) Late External Delay Assertion at pin p_output_data_write[59]
           View: analysis_view_0p90v_25c_captyp_nominal
          Group: clk
     Startpoint: (R) r_output_write_count_reg[1]/CP
          Clock: (R) clk
       Endpoint: (F) p_output_data_write[59]
          Clock: (R) clk

                     Capture       Launch     
        Clock Edge:+    2000            0     
       Src Latency:+       0            0     
       Net Latency:+       0 (I)        0 (I) 
           Arrival:=    2000            0     
                                              
      Output Delay:-    1000                  
     Required Time:=    1000                  
      Launch Clock:-       0                  
         Data Path:-     769                  
             Slack:=     231                  

Exceptions/Constraints:
  output_delay             1000            tmp_sdc_analysis_vie_line_705 

#------------------------------------------------------------------------------------------------------------------
#         Timing Point           Flags    Arc   Edge        Cell         Fanout  Load Trans Delay Arrival Instance 
#                                                                                (fF)  (ps)  (ps)   (ps)  Location 
#------------------------------------------------------------------------------------------------------------------
  r_output_write_count_reg[1]/CP -       -      R     (arrival)               4     -     0     0       0    (-,-) 
  r_output_write_count_reg[1]/Q  -       CP->Q  R     DFCNQD2BWP30P140        9  15.4    32    57      57    (-,-) 
  g228384/ZN                     -       A2->ZN F     NR2D2BWP30P140         13  14.2    34    29      86    (-,-) 
  g142226/Z                      -       I->Z   F     BUFFD4BWP30P140       108 103.5   103    73     159    (-,-) 
  g141935/ZN                     -       A1->ZN R     AOI22D1BWP30P140        1   1.5    38    37     196    (-,-) 
  g141637/ZN                     -       B->ZN  F     IOA21D1BWP30P140        1   2.9    31    26     222    (-,-) 
  add_1011_76_I3_g1256/CO        -       A->CO  F     FA1D1BWP30P140          1   2.3    16    43     265    (-,-) 
  add_1011_76_I3_g1255/CO        -       CI->CO F     FA1D2BWP30P140          1   2.2    13    31     296    (-,-) 
  add_1011_76_I3_g1254/CO        -       CI->CO F     FA1D1BWP30P140          1   2.7    18    32     328    (-,-) 
  add_1011_76_I3_g1253/CO        -       CI->CO F     FA1OPTCD1BWP30P140      1   2.2    16    24     352    (-,-) 
  add_1011_76_I3_g1252/CO        -       CI->CO F     FA1D1BWP30P140          1   2.2    16    32     384    (-,-) 
  add_1011_76_I3_g1251/CO        -       CI->CO F     FA1D1BWP30P140          3   4.1    22    37     421    (-,-) 
  add_1011_76_I3_g1249/Z         -       A1->Z  F     AO21D1BWP30P140         1   2.2    14    24     445    (-,-) 
  add_1011_76_I3_g1246/CO        -       CI->CO F     FA1D1BWP30P140          1   2.2    16    31     476    (-,-) 
  add_1011_76_I3_g1245/CO        -       CI->CO F     FA1D1BWP30P140          1   2.2    16    32     508    (-,-) 
  add_1011_76_I3_g1244/CO        -       CI->CO F     FA1D1BWP30P140          1   2.2    16    32     540    (-,-) 
  add_1011_76_I3_g1243/CO        -       CI->CO F     FA1D1BWP30P140          1   2.2    16    32     572    (-,-) 
  add_1011_76_I3_g1242/CO        -       CI->CO F     FA1D1BWP30P140          1   2.2    16    32     604    (-,-) 
  add_1011_76_I3_g1241/CO        -       CI->CO F     FA1D1BWP30P140          1   2.2    16    32     636    (-,-) 
  add_1011_76_I3_g1240/CO        -       CI->CO F     FA1D1BWP30P140          1   2.2    16    32     668    (-,-) 
  add_1011_76_I3_g1239/CO        -       CI->CO F     FA1D1BWP30P140          1   2.2    16    32     700    (-,-) 
  add_1011_76_I3_g1238/CO        -       CI->CO F     FA1D1BWP30P140          1   1.5    13    30     730    (-,-) 
  add_1011_76_I3_g1237/Z         -       A3->Z  F     XOR3UD1BWP30P140        1   5.0    45    38     769    (-,-) 
  p_output_data_write[59]        <<<     -      F     (port)                  -     -     -     0     769    (-,-) 
#------------------------------------------------------------------------------------------------------------------


