============================================================
  Generated by:           Genus(TM) Synthesis Solution 21.12-s068_1
  Generated on:           Oct 05 2026  06:31:45 pm
  Module:                 Conv
  Operating conditions:   ssg0p81v125c 
  Operating conditions:   tt0p9v25c 
  Operating conditions:   ffg0p99vm40c 
  Interconnect mode:      global
  Area mode:              physical library
============================================================


Path 1: MET (393 ps) Late External Delay Assertion at pin p_output_data_write[59]
           View: analysis_view_0p99v_m40c_capbst_fastest
          Group: clk
     Startpoint: (R) r_output_write_count_reg[0]/CP
          Clock: (R) clk
       Endpoint: (R) p_output_data_write[59]
          Clock: (R) clk

                     Capture       Launch     
        Clock Edge:+    2000            0     
       Src Latency:+       0            0     
       Net Latency:+       0 (I)        0 (I) 
           Arrival:=    2000            0     
                                              
      Output Delay:-    1000                  
     Required Time:=    1000                  
      Launch Clock:-       0                  
         Data Path:-     607                  
             Slack:=     393                  

Exceptions/Constraints:
  output_delay             1000            tmp_sdc_analysis_vie_1_line_493 

#------------------------------------------------------------------------------------------------------------------
#         Timing Point           Flags    Arc   Edge        Cell         Fanout  Load Trans Delay Arrival Instance 
#                                                                                (fF)  (ps)  (ps)   (ps)  Location 
#------------------------------------------------------------------------------------------------------------------
  r_output_write_count_reg[0]/CP -       -      R     (arrival)               4     -     0     0       0    (-,-) 
  r_output_write_count_reg[0]/Q  -       CP->Q  F     DFCNQD1BWP30P140        6  11.2    38    54      54    (-,-) 
  g126888/ZN                     -       A1->ZN R     NR2D2BWP30P140         29  35.7   104    72     126    (-,-) 
  g101154/Z                      -       I->Z   R     BUFFD6BWP30P140       134 161.6    83    64     191    (-,-) 
  g100717/ZN                     -       B1->ZN F     AOI22D1BWP30P140        1   1.7    33    23     214    (-,-) 
  g100248/ZN                     -       A2->ZN R     ND2D1BWP30P140          1   3.9    20    19     233    (-,-) 
  add_1007_76_I3_g1255/CO        -       A->CO  R     FA1OPTCD1BWP30P140      1   3.0    15    32     266    (-,-) 
  add_1007_76_I3_g1254/CO        -       CI->CO R     FA1OPTCD1BWP30P140      1   2.5    13    19     285    (-,-) 
  add_1007_76_I3_g1253/CO        -       CI->CO R     FA1D1BWP30P140          1   2.5    13    22     307    (-,-) 
  add_1007_76_I3_g1252/CO        -       CI->CO R     FA1D1BWP30P140          1   2.5    13    22     330    (-,-) 
  add_1007_76_I3_g1251/CO        -       CI->CO R     FA1D1BWP30P140          3   4.5    20    26     356    (-,-) 
  add_1007_76_I3_g1249/Z         -       A1->Z  R     AO21D1BWP30P140         1   2.5    11    18     374    (-,-) 
  add_1007_76_I3_g1246/CO        -       CI->CO R     FA1D1BWP30P140          1   2.5    13    22     396    (-,-) 
  add_1007_76_I3_g1245/CO        -       CI->CO R     FA1D1BWP30P140          1   2.5    13    22     418    (-,-) 
  add_1007_76_I3_g1244/CO        -       CI->CO R     FA1D1BWP30P140          1   2.5    13    22     441    (-,-) 
  add_1007_76_I3_g1243/CO        -       CI->CO R     FA1D1BWP30P140          1   2.5    13    22     463    (-,-) 
  add_1007_76_I3_g1242/CO        -       CI->CO R     FA1D1BWP30P140          1   2.5    13    22     486    (-,-) 
  add_1007_76_I3_g1241/CO        -       CI->CO R     FA1D1BWP30P140          1   2.5    13    22     508    (-,-) 
  add_1007_76_I3_g1240/CO        -       CI->CO R     FA1D1BWP30P140          1   2.5    13    22     530    (-,-) 
  add_1007_76_I3_g1239/CO        -       CI->CO R     FA1D1BWP30P140          1   2.5    13    22     553    (-,-) 
  add_1007_76_I3_g1238/CO        -       CI->CO R     FA1D1BWP30P140          1   1.8    11    21     574    (-,-) 
  add_1007_76_I3_g1237/Z         -       A3->Z  R     XOR3UD1BWP30P140        1   5.2    39    33     607    (-,-) 
  p_output_data_write[59]        <<<     -      R     (port)                  -     -     -     0     607    (-,-) 
#------------------------------------------------------------------------------------------------------------------


