============================================================
  Generated by:           Genus(TM) Synthesis Solution 21.12-s068_1
  Generated on:           Oct 05 2026  06:31:38 pm
  Module:                 Conv
  Operating conditions:   ssg0p81v125c 
  Operating conditions:   tt0p9v25c 
  Interconnect mode:      global
  Area mode:              physical library
============================================================


Path 1: MET (216 ps) Late External Delay Assertion at pin p_output_data_write[59]
           View: analysis_view_0p90v_25c_captyp_nominal
          Group: clk
     Startpoint: (R) r_output_write_count_reg[0]/CP
          Clock: (R) clk
       Endpoint: (R) p_output_data_write[59]
          Clock: (R) clk

                     Capture       Launch     
        Clock Edge:+    2000            0     
       Src Latency:+       0            0     
       Net Latency:+       0 (I)        0 (I) 
           Arrival:=    2000            0     
                                              
      Output Delay:-    1000                  
     Required Time:=    1000                  
      Launch Clock:-       0                  
         Data Path:-     784                  
             Slack:=     216                  

Exceptions/Constraints:
  output_delay             1000            tmp_sdc_analysis_vie_line_783 

#------------------------------------------------------------------------------------------------------------------
#         Timing Point           Flags    Arc   Edge        Cell         Fanout  Load Trans Delay Arrival Instance 
#                                                                                (fF)  (ps)  (ps)   (ps)  Location 
#------------------------------------------------------------------------------------------------------------------
  r_output_write_count_reg[0]/CP -       -      R     (arrival)               4     -     0     0       0    (-,-) 
  r_output_write_count_reg[0]/Q  -       CP->Q  F     DFCNQD1BWP30P140        6  10.5    46    68      68    (-,-) 
  g126888/ZN                     -       A1->ZN R     NR2D2BWP30P140         29  32.8   129    90     158    (-,-) 
  g101154/Z                      -       I->Z   R     BUFFD6BWP30P140       134 147.4    95    79     237    (-,-) 
  g100717/ZN                     -       B1->ZN F     AOI22D1BWP30P140        1   1.5    40    31     268    (-,-) 
  g100248/ZN                     -       A2->ZN R     ND2D1BWP30P140          1   3.6    24    24     292    (-,-) 
  add_1007_76_I3_g1255/CO        -       A->CO  R     FA1OPTCD1BWP30P140      1   2.8    18    43     335    (-,-) 
  add_1007_76_I3_g1254/CO        -       CI->CO R     FA1OPTCD1BWP30P140      1   2.3    17    25     361    (-,-) 
  add_1007_76_I3_g1253/CO        -       CI->CO R     FA1D1BWP30P140          1   2.3    16    30     390    (-,-) 
  add_1007_76_I3_g1252/CO        -       CI->CO R     FA1D1BWP30P140          1   2.3    17    29     420    (-,-) 
  add_1007_76_I3_g1251/CO        -       CI->CO R     FA1D1BWP30P140          3   4.2    24    34     454    (-,-) 
  add_1007_76_I3_g1249/Z         -       A1->Z  R     AO21D1BWP30P140         1   2.3    14    24     478    (-,-) 
  add_1007_76_I3_g1246/CO        -       CI->CO R     FA1D1BWP30P140          1   2.3    17    29     507    (-,-) 
  add_1007_76_I3_g1245/CO        -       CI->CO R     FA1D1BWP30P140          1   2.3    17    30     536    (-,-) 
  add_1007_76_I3_g1244/CO        -       CI->CO R     FA1D1BWP30P140          1   2.3    17    30     566    (-,-) 
  add_1007_76_I3_g1243/CO        -       CI->CO R     FA1D1BWP30P140          1   2.3    17    30     595    (-,-) 
  add_1007_76_I3_g1242/CO        -       CI->CO R     FA1D1BWP30P140          1   2.3    17    30     625    (-,-) 
  add_1007_76_I3_g1241/CO        -       CI->CO R     FA1D1BWP30P140          1   2.3    17    30     654    (-,-) 
  add_1007_76_I3_g1240/CO        -       CI->CO R     FA1D1BWP30P140          1   2.3    17    30     684    (-,-) 
  add_1007_76_I3_g1239/CO        -       CI->CO R     FA1D1BWP30P140          1   2.3    17    30     713    (-,-) 
  add_1007_76_I3_g1238/CO        -       CI->CO R     FA1D1BWP30P140          1   1.6    14    27     740    (-,-) 
  add_1007_76_I3_g1237/Z         -       A3->Z  R     XOR3UD1BWP30P140        1   5.0    50    43     784    (-,-) 
  p_output_data_write[59]        <<<     -      R     (port)                  -     -     -     0     784    (-,-) 
#------------------------------------------------------------------------------------------------------------------


