============================================================
  Generated by:           Genus(TM) Synthesis Solution 21.12-s068_1
  Generated on:           Oct 05 2026  12:21:06 pm
  Module:                 Conv
  Library domain:         timing_cond_0p81v_125c
    Domain index:         0
    Technology library:   tcbn28hpcplusbwp30p140ssg0p81v125c 110
  Operating conditions:   ssg0p81v125c 
  Interconnect mode:      global
  Area mode:              physical library
============================================================

                                                                                 Library 
        Gate          Instances    Area                   Library                 Domain 
-----------------------------------------------------------------------------------------
AN2D16BWP30P140               1      3.402    tcbn28hpcplusbwp30p140ssg0p81v125c       0 
AN2D1BWP30P140              395    199.080    tcbn28hpcplusbwp30p140ssg0p81v125c       0 
AN3D0BWP30P140                2      1.260    tcbn28hpcplusbwp30p140ssg0p81v125c       0 
AN3D1BWP30P140              135     85.050    tcbn28hpcplusbwp30p140ssg0p81v125c       0 
AN4D1BWP30P140               32     24.192    tcbn28hpcplusbwp30p140ssg0p81v125c       0 
AO211D1BWP30P140              4      3.024    tcbn28hpcplusbwp30p140ssg0p81v125c       0 
AO21D1BWP30P140              29     18.270    tcbn28hpcplusbwp30p140ssg0p81v125c       0 
AO22D0BWP30P140            3715   2808.540    tcbn28hpcplusbwp30p140ssg0p81v125c       0 
AOI211D1BWP30P140             4      2.520    tcbn28hpcplusbwp30p140ssg0p81v125c       0 
AOI21D1BWP30P140             49     24.696    tcbn28hpcplusbwp30p140ssg0p81v125c       0 
AOI221D1BWP30P140          2978   2251.368    tcbn28hpcplusbwp30p140ssg0p81v125c       0 
AOI222D1BWP30P140           297    299.376    tcbn28hpcplusbwp30p140ssg0p81v125c       0 
AOI22D1BWP30P140           1022    643.860    tcbn28hpcplusbwp30p140ssg0p81v125c       0 
AOI31D1BWP30P140              3      1.890    tcbn28hpcplusbwp30p140ssg0p81v125c       0 
AOI32D1BWP30P140              1      0.756    tcbn28hpcplusbwp30p140ssg0p81v125c       0 
BUFFD16BWP30P140              1      2.772    tcbn28hpcplusbwp30p140ssg0p81v125c       0 
CKAN2D1BWP30P140           1311    660.744    tcbn28hpcplusbwp30p140ssg0p81v125c       0 
CKBD1BWP30P140                1      0.378    tcbn28hpcplusbwp30p140ssg0p81v125c       0 
CKBD3BWP30P140                2      1.260    tcbn28hpcplusbwp30p140ssg0p81v125c       0 
CKLNQD1BWP30P140             49     92.610    tcbn28hpcplusbwp30p140ssg0p81v125c       0 
CKMUX2D0BWP30P140           502    442.764    tcbn28hpcplusbwp30p140ssg0p81v125c       0 
CKND1BWP30P140             2951    743.652    tcbn28hpcplusbwp30p140ssg0p81v125c       0 
CKND2BWP30P140                2      0.756    tcbn28hpcplusbwp30p140ssg0p81v125c       0 
CKND2D1BWP30P140            959    362.502    tcbn28hpcplusbwp30p140ssg0p81v125c       0 
CKND3BWP30P140                2      1.008    tcbn28hpcplusbwp30p140ssg0p81v125c       0 
DFCND1BWP30P140              21     52.920    tcbn28hpcplusbwp30p140ssg0p81v125c       0 
DFCNQD1BWP30P140           3376   7656.768    tcbn28hpcplusbwp30p140ssg0p81v125c       0 
DFSNQD2BWP30P140              1      2.268    tcbn28hpcplusbwp30p140ssg0p81v125c       0 
EDFCND1BWP30P140              4     12.096    tcbn28hpcplusbwp30p140ssg0p81v125c       0 
EDFCNQD1BWP30P140            10     28.980    tcbn28hpcplusbwp30p140ssg0p81v125c       0 
FA1D1BWP30P140            10100  21634.200    tcbn28hpcplusbwp30p140ssg0p81v125c       0 
FA1OPTCD1BWP30P140           12     30.240    tcbn28hpcplusbwp30p140ssg0p81v125c       0 
HA1D1BWP30P140              804   1316.952    tcbn28hpcplusbwp30p140ssg0p81v125c       0 
IAO21D0BWP30P140              2      1.260    tcbn28hpcplusbwp30p140ssg0p81v125c       0 
IAO21D1BWP30P140              3      1.890    tcbn28hpcplusbwp30p140ssg0p81v125c       0 
IND2D1BWP30P140              58     29.232    tcbn28hpcplusbwp30p140ssg0p81v125c       0 
IND2D2BWP30P140               1      0.756    tcbn28hpcplusbwp30p140ssg0p81v125c       0 
IND3D1BWP30P140              10      6.300    tcbn28hpcplusbwp30p140ssg0p81v125c       0 
IND4D1BWP30P140               1      0.756    tcbn28hpcplusbwp30p140ssg0p81v125c       0 
INR2D1BWP30P140             599    301.896    tcbn28hpcplusbwp30p140ssg0p81v125c       0 
INR2D2BWP30P140               1      0.756    tcbn28hpcplusbwp30p140ssg0p81v125c       0 
INR3D0BWP30P140               7      4.410    tcbn28hpcplusbwp30p140ssg0p81v125c       0 
INR3D2BWP30P140               1      1.008    tcbn28hpcplusbwp30p140ssg0p81v125c       0 
INR4D0BWP30P140               2      1.512    tcbn28hpcplusbwp30p140ssg0p81v125c       0 
INVD0P7BWP30P140             58     14.616    tcbn28hpcplusbwp30p140ssg0p81v125c       0 
INVD1BWP30P140               19      4.788    tcbn28hpcplusbwp30p140ssg0p81v125c       0 
INVD2BWP30P140                1      0.378    tcbn28hpcplusbwp30p140ssg0p81v125c       0 
INVD3BWP30P140                5      2.520    tcbn28hpcplusbwp30p140ssg0p81v125c       0 
INVD6BWP30P140                2      1.764    tcbn28hpcplusbwp30p140ssg0p81v125c       0 
INVD8BWP30P140                2      2.268    tcbn28hpcplusbwp30p140ssg0p81v125c       0 
IOA21D1BWP30P140            432    272.160    tcbn28hpcplusbwp30p140ssg0p81v125c       0 
MAOI222D1BWP30P140           42     31.752    tcbn28hpcplusbwp30p140ssg0p81v125c       0 
MAOI22D1BWP30P140             2      1.512    tcbn28hpcplusbwp30p140ssg0p81v125c       0 
MOAI22D1BWP30P140             7      5.292    tcbn28hpcplusbwp30p140ssg0p81v125c       0 
MUX2D0BWP30P140              32     28.224    tcbn28hpcplusbwp30p140ssg0p81v125c       0 
MUX2NUD1BWP30P140            13      9.828    tcbn28hpcplusbwp30p140ssg0p81v125c       0 
ND2D1BWP30P140              321    121.338    tcbn28hpcplusbwp30p140ssg0p81v125c       0 
ND2OPTIBD1BWP30P140          66     24.948    tcbn28hpcplusbwp30p140ssg0p81v125c       0 
ND3D1BWP30P140              193     97.272    tcbn28hpcplusbwp30p140ssg0p81v125c       0 
ND4D1BWP30P140                1      0.630    tcbn28hpcplusbwp30p140ssg0p81v125c       0 
NR2D16BWP30P140               1      4.158    tcbn28hpcplusbwp30p140ssg0p81v125c       0 
NR2D1BWP30P140              108     40.824    tcbn28hpcplusbwp30p140ssg0p81v125c       0 
NR2D2BWP30P140                1      0.630    tcbn28hpcplusbwp30p140ssg0p81v125c       0 
NR2D8BWP30P140                1      2.142    tcbn28hpcplusbwp30p140ssg0p81v125c       0 
NR2OPTIBD1BWP30P140          67     25.326    tcbn28hpcplusbwp30p140ssg0p81v125c       0 
NR3D0BWP30P140               33     16.632    tcbn28hpcplusbwp30p140ssg0p81v125c       0 
NR3D0P7BWP30P140            162     81.648    tcbn28hpcplusbwp30p140ssg0p81v125c       0 
NR4D0BWP30P140               34     21.420    tcbn28hpcplusbwp30p140ssg0p81v125c       0 
OA211D1BWP30P140              1      0.756    tcbn28hpcplusbwp30p140ssg0p81v125c       0 
OA21D1BWP30P140               7      4.410    tcbn28hpcplusbwp30p140ssg0p81v125c       0 
OAI211D1BWP30P140           451    284.130    tcbn28hpcplusbwp30p140ssg0p81v125c       0 
OAI21D1BWP30P140            356    179.424    tcbn28hpcplusbwp30p140ssg0p81v125c       0 
OAI221D1BWP30P140             2      1.764    tcbn28hpcplusbwp30p140ssg0p81v125c       0 
OAI222D1BWP30P140           182    183.456    tcbn28hpcplusbwp30p140ssg0p81v125c       0 
OAI22D1BWP30P140              4      2.520    tcbn28hpcplusbwp30p140ssg0p81v125c       0 
OAI31D1BWP30P140              7      4.410    tcbn28hpcplusbwp30p140ssg0p81v125c       0 
OAI32D1BWP30P140              2      1.512    tcbn28hpcplusbwp30p140ssg0p81v125c       0 
OAI33D1BWP30P140             28     24.696    tcbn28hpcplusbwp30p140ssg0p81v125c       0 
OR2D0BWP30P140               42     21.168    tcbn28hpcplusbwp30p140ssg0p81v125c       0 
OR2D1BWP30P140               80     40.320    tcbn28hpcplusbwp30p140ssg0p81v125c       0 
OR3D1BWP30P140                7      4.410    tcbn28hpcplusbwp30p140ssg0p81v125c       0 
OR4D1BWP30P140                3      2.268    tcbn28hpcplusbwp30p140ssg0p81v125c       0 
SDFCNQARD1BWP30P140         497   1440.306    tcbn28hpcplusbwp30p140ssg0p81v125c       0 
SDFCNQD0BWP30P140            33     95.634    tcbn28hpcplusbwp30p140ssg0p81v125c       0 
SDFSNQD2BWP30P140             2      5.796    tcbn28hpcplusbwp30p140ssg0p81v125c       0 
SEDFCNQARD0BWP30P140          1      3.780    tcbn28hpcplusbwp30p140ssg0p81v125c       0 
XNR2UD1BWP30P140           3561   3140.802    tcbn28hpcplusbwp30p140ssg0p81v125c       0 
XNR3UD1BWP30P140            128    225.792    tcbn28hpcplusbwp30p140ssg0p81v125c       0 
XNR4D1BWP30P140              95    251.370    tcbn28hpcplusbwp30p140ssg0p81v125c       0 
XOR2UD1BWP30P140            718    633.276    tcbn28hpcplusbwp30p140ssg0p81v125c       0 
XOR3UD1BWP30P140            138    243.432    tcbn28hpcplusbwp30p140ssg0p81v125c       0 
XOR4D0BWP30P140              67    177.282    tcbn28hpcplusbwp30p140ssg0p81v125c       0 
XOR4D1BWP30P140               4     10.584    tcbn28hpcplusbwp30p140ssg0p81v125c       0 
-----------------------------------------------------------------------------------------
total                     37479  47555.298                                       


                                                        
            Type             Instances    Area   Area % 
--------------------------------------------------------
sequential                        3945  9298.548   19.6 
inverter                          3042   771.750    1.6 
buffer                               4     4.410    0.0 
clock_gating_integrated_cell        49    92.610    0.2 
logic                            30439 37387.980   78.6 
physical_cells                       0     0.000    0.0 
--------------------------------------------------------
total                            37479 47555.298  100.0 

