============================================================
  Generated by:           Genus(TM) Synthesis Solution 21.12-s068_1
  Generated on:           Oct 06 2026  10:55:35 pm
  Module:                 Conv
  Library domain:         timing_cond_0p81v_125c
    Domain index:         0
    Technology library:   tcbn28hpcplusbwp30p140ssg0p81v125c 110
  Operating conditions:   ssg0p81v125c 
  Interconnect mode:      global
  Area mode:              physical library
============================================================

                 Instance                           Module           Cell Count  Cell Area  Net Area   Total Area 
------------------------------------------------------------------------------------------------------------------
Conv                                                                      41946  43210.314 18701.872    61912.186 
  INVERSE_ROW_BATCH[0].inverse_row        InverseRow                        224    410.256    88.825      499.081 
  MAC_LANES[0].multip                     Multip                            416    428.022   170.670      598.692 
  MAC_LANES[1].multip                     Multip_1                          416    428.022   170.670      598.692 
  MAC_LANES[2].multip                     Multip_2                          416    428.022   170.670      598.692 
  MAC_LANES[3].multip                     Multip_3                          416    428.022   170.670      598.692 
  MAC_LANES[4].multip                     Multip_4                          416    428.022   170.670      598.692 
  MAC_LANES[5].multip                     Multip_5                          416    428.022   170.670      598.692 
  WEIGHT_TRANSFORM_ROWS[0].weight_trf_row WeightTransformRowConst          3881   3119.760  1515.419     4635.179 
  WEIGHT_TRANSFORM_ROWS[1].weight_trf_row WeightTransformRowConst_0        5066   4584.258  1969.781     6554.039 
  WEIGHT_TRANSFORM_ROWS[2].weight_trf_row WeightTransformRowConst_1        4957   4541.922  1931.885     6473.807 
  WEIGHT_TRANSFORM_ROWS[3].weight_trf_row WeightTransformRowConst_2        4589   4171.734  1804.809     5976.543 
  WEIGHT_TRANSFORM_ROWS[4].weight_trf_row WeightTransformRowConst_3        4620   4203.108  1815.824     6018.932 
  WEIGHT_TRANSFORM_ROWS[5].weight_trf_row WeightTransformRowConst_4        4428   3787.686  1718.662     5506.348 
  inverse_row_acc                         InverseRowAccumulate             1374   1341.396   553.238     1894.634 
  trf                                     Transform                        3804   6622.560  1818.223     8440.783 
    matrix_c0                             MatrixC0                         1902   3263.652   767.347     4030.999 
    matrix_c1                             MatrixC1                         1902   3358.908   793.904     4152.812 
