xrun(64): 23.03-s003: (c) Copyright 1995-2023 Cadence Design Systems, Inc.
TOOL:	xrun(64)	23.03-s003: Started on Sep 30, 2026 at 02:04:53 -03
xrun
	-64bit
	-sv
	-access +r
	-cdslib /tmp/fastconv-trunc-column-refresh-4184991/rtl/conv2x2/fpga_zcu104/stream08_pipeline_campaign/reports/simlibs_unisim/cds.lib
	-hdlvar /tmp/fastconv-trunc-column-refresh-4184991/rtl/conv2x2/fpga_zcu104/stream08_pipeline_campaign/reports/simlibs_unisim/hdl.var
	-reflib /tmp/fastconv-trunc-column-refresh-4184991/rtl/conv2x2/fpga_zcu104/stream08_pipeline_campaign/reports/simlibs_unisim/unisims_ver:unisims_ver
	-define GATE_LEVEL
	-define COLUMN_IO
	-top tb_power
	-top glbl
	-timescale 1ns/1ps
	-input /tmp/fastconv-trunc-column-refresh-4184991/rtl/conv2x2/fpga_zcu104/column_power_comparison/scripts/capture_top_saif.tcl
	-l xrun.log
	/tmp/fastconv-trunc-column-refresh-4184991/rtl/conv2x2/pack-param/tcn4/pack_param.sv
	/tmp/fastconv-trunc-column-refresh-4184991/rtl/conv2x2/data/tcn4/sim/sim-032-3-3-normal-trunc/pack_data.sv
	/tmp/fastconv-trunc-column-refresh-4184991/rtl/mem/mem.sv
	/tmp/fastconv-trunc-column-refresh-4184991/rtl/conv2x2/fpga_zcu104/stream08_pipeline_campaign/reports/refresh-4184991-m08-nbits20/design_routed_funcsim.v
	/soft64/xilinx/ferramentas/Vivado/2023.2/Vivado/2023.2/data/verilog/src/glbl.v
	/tmp/fastconv-trunc-column-refresh-4184991/rtl/conv2x2/fpga_zcu104/column_power_comparison/tb/tb_power.sv
file: /tmp/fastconv-trunc-column-refresh-4184991/rtl/conv2x2/pack-param/tcn4/pack_param.sv
	package worklib.pack_param:sv
		errors: 0, warnings: 0
file: /tmp/fastconv-trunc-column-refresh-4184991/rtl/conv2x2/data/tcn4/sim/sim-032-3-3-normal-trunc/pack_data.sv
	package worklib.pack_data:sv
		errors: 0, warnings: 0
file: /tmp/fastconv-trunc-column-refresh-4184991/rtl/mem/mem.sv
	module worklib.Memory:sv
		errors: 0, warnings: 0
file: /tmp/fastconv-trunc-column-refresh-4184991/rtl/conv2x2/fpga_zcu104/stream08_pipeline_campaign/reports/refresh-4184991-m08-nbits20/design_routed_funcsim.v
	module worklib.Conv:v
		errors: 0, warnings: 0
	module worklib.MatrixC0:v
		errors: 0, warnings: 0
	module worklib.MatrixC1:v
		errors: 0, warnings: 0
	module worklib.Multip:v
		errors: 0, warnings: 0
	module worklib.Multip_0:v
		errors: 0, warnings: 0
	module worklib.Multip_1:v
		errors: 0, warnings: 0
	module worklib.Multip_2:v
		errors: 0, warnings: 0
	module worklib.Multip_3:v
		errors: 0, warnings: 0
	module worklib.Multip_4:v
		errors: 0, warnings: 0
	module worklib.Multip_5:v
		errors: 0, warnings: 0
	module worklib.Multip_6:v
		errors: 0, warnings: 0
	module worklib.Transform:v
		errors: 0, warnings: 0
	module worklib.WeightTransformRowConst:v
		errors: 0, warnings: 0
	module worklib.WeightTransformRowConst__parameterized0:v
		errors: 0, warnings: 0
	module worklib.WeightTransformRowConst__parameterized1:v
		errors: 0, warnings: 0
	module worklib.WeightTransformRowConst__parameterized2:v
		errors: 0, warnings: 0
	module worklib.glbl:v
		errors: 0, warnings: 0
file: /soft64/xilinx/ferramentas/Vivado/2023.2/Vivado/2023.2/data/verilog/src/glbl.v
file: /tmp/fastconv-trunc-column-refresh-4184991/rtl/conv2x2/fpga_zcu104/column_power_comparison/tb/tb_power.sv
	module worklib.tb_power:sv
		errors: 0, warnings: 0
	Elaborating the design hierarchy:
		Caching library 'worklib' ....... Done
		Caching library 'unisims_ver' ....... Done
xmelab: *W,CUSRCH: Resolved design unit 'BUFGCE' at 'clk_IBUF_BUFG_inst' to 'unisims_ver.BUFGCE:module' through a global search of all libraries.
xmelab: *W,CUSRCH: Resolved design unit 'IBUF' at 'clk_IBUF_inst' to 'unisims_ver.IBUF:module' through a global search of all libraries.
xmelab: *W,CUSRCH: Resolved design unit 'LUT2' at 'i__carry__0_i_1__10' to 'unisims_ver.LUT2:module' through a global search of all libraries.
xmelab: *W,CUSRCH: Resolved design unit 'x_lut2_mux4' at '' to 'unisims_ver.x_lut2_mux4:udp' through a global search of all libraries.
xmelab: *W,CUSRCH: Resolved design unit 'DSP48E2' at 'partial_product' to 'unisims_ver.DSP48E2:module' through a global search of all libraries.
xmelab: *W,CUSRCH: Resolved design unit 'CARRY8' at 'partial_product__0_carry' to 'unisims_ver.CARRY8:module' through a global search of all libraries.
xmelab: *W,CUSRCH: Resolved design unit 'LUT6' at 'partial_product__0_carry__0_i_1__6' to 'unisims_ver.LUT6:module' through a global search of all libraries.
xmelab: *W,CUSRCH: Resolved design unit 'LUT3' at 'partial_product__0_carry__0_i_3__6' to 'unisims_ver.LUT3:module' through a global search of all libraries.
xmelab: *W,CUSRCH: Resolved design unit 'x_lut3_mux8' at '' to 'unisims_ver.x_lut3_mux8:udp' through a global search of all libraries.
xmelab: *W,CUSRCH: Resolved design unit 'LUT5' at 'partial_product__0_carry__0_i_7__6' to 'unisims_ver.LUT5:module' through a global search of all libraries.
xmelab: *W,CUSRCH: Resolved design unit 'LUT4' at 'partial_product__0_carry_i_14__6' to 'unisims_ver.LUT4:module' through a global search of all libraries.
xmelab: *W,CUSRCH: Resolved design unit 'OBUF' at 'p_end_OBUF_inst' to 'unisims_ver.OBUF:module' through a global search of all libraries.
xmelab: *W,CUSRCH: Resolved design unit 'FDCE' at 'r_conv_multiply_count_reg[0]' to 'unisims_ver.FDCE:module' through a global search of all libraries.
xmelab: *W,CUSRCH: Resolved design unit 'FDPE' at 'r_input_channel_counter_input_reg[0]' to 'unisims_ver.FDPE:module' through a global search of all libraries.
xmelab: *W,CUSRCH: Resolved design unit 'LUT1' at 'r_input_channel_counter_output[0]_i_1' to 'unisims_ver.LUT1:module' through a global search of all libraries.
xmelab: *W,CUSRCH: Resolved design unit 'x_lut1_mux2' at '' to 'unisims_ver.x_lut1_mux2:udp' through a global search of all libraries.
	Top level design units:
		pack_data
		pack_param
		tb_power
		glbl
	Building instance overlay tables: .................... Done
	Generating native compiled code:
		worklib.Memory:sv <0x56170a69>
			streams:   6, words:  2805
		worklib.WeightTransformRowConst__parameterized2:v <0x2ba0b758>
			streams:   4, words:  1067
		worklib.WeightTransformRowConst__parameterized1:v <0x6ca4babb>
			streams:  23, words:  6382
		worklib.WeightTransformRowConst__parameterized0:v <0x1e85761c>
			streams:  25, words:  6803
		worklib.WeightTransformRowConst:v <0x64524bfd>
			streams:   7, words:  1788
		worklib.MatrixC1:v <0x55c2d842>
			streams:  40, words:  9104
		worklib.MatrixC0:v <0x2ba78fbb>
			streams:  24, words:  5274
		worklib.Transform:v <0x04e6c03a>
			streams:   0, words:     0
		worklib.Multip_6:v <0x6a99949b>
			streams:   5, words:  1698
		worklib.Multip_5:v <0x451042fc>
			streams:   5, words:  1698
		worklib.Multip_4:v <0x3735a42e>
			streams:   5, words:  1698
		worklib.Multip_3:v <0x035ba2c3>
			streams:   5, words:  1698
		worklib.Multip_2:v <0x717e4411>
			streams:   5, words:  1698
		worklib.Multip_1:v <0x67106f67>
			streams:   5, words:  1698
		worklib.Multip_0:v <0x153589b5>
			streams:   5, words:  1698
		worklib.Multip:v <0x02ed0a6d>
			streams:   5, words:  1698
		worklib.Conv:v <0x1ddc0741>
			streams:  34, words:  7782
		worklib.glbl:v <0x3a6ea307>
			streams:  12, words:  3717
		worklib.tb_power:sv <0x1268462b>
			streams:  35, words: 22161
		worklib.pack_data:sv <0x0de3ba89>
			streams:   5, words:  3736
		worklib.pack_param:sv <0x385c417b>
			streams:   1, words:   708
		unisims_ver.FDPE:module <0x74be874c>
			streams:  12, words:  8281
		unisims_ver.FDCE:module <0x1beddd01>
			streams:  12, words:  8244
		unisims_ver.OBUF:module <0x5290dd3e>
			streams:   2, words:  1453
		unisims_ver.DSP48E2:module <0x37c963c4>
			streams: 217, words: 159159
		unisims_ver.BUFGCE:module <0x12953bdd>
			streams:  22, words: 17792
	Building instance specific data structures.
	Loading native compiled code:     .................... Done
	Design hierarchy summary:
		                   Instances  Unique
		Modules:                5787      32
		Verilog packages:          2       2
		UDPs:                   1912       3
		Primitives:              201       2
		Registers:             25020     233
		Scalar wires:          24825       -
		Expanded wires:         4104     454
		Vectored wires:         1148       -
		Always blocks:          5713      62
		Initial blocks:        13999     103
		Cont. assignments:      6959     332
		Pseudo assignments:      235       -
		Simulation timescale:    1ps
	Writing initial simulation snapshot: worklib.tb_power:sv
Loading snapshot worklib.tb_power:sv .................... Done
xcelium> source /soft64/cadence/ferramentas/XCELIUM2303/tools/xcelium/files/xmsimrc
xcelium> stop -condition {#%d/tb_power/p_start == 1}
Created stop 1
xcelium> run
246012 PS + 0 (stop 1: tb_power.p_start = 1)
/tmp/fastconv-trunc-column-refresh-4184991/rtl/conv2x2/fpga_zcu104/column_power_comparison/tb/tb_power.sv:164     p_start = 1'b1;
xcelium> dumpsaif -scope tb_power -internal -divider / -overwrite -output activity_top.saif
xcelium> stop -condition {#%d/tb_power/p_end == 1}
Created stop 2
xcelium> stop -time 90 us -execute {puts "P3F_TIMEOUT_BEFORE_P_END"; exit}
Created stop 3
xcelium> run
45983843 PS + 1 (stop 2: tb_power.p_end = 1)
/tmp/fastconv-trunc-column-refresh-4184991/rtl/conv2x2/fpga_zcu104/column_power_comparison/tb/tb_power.sv:69     .clk(clk), .reset(reset), .p_start(p_start), .p_end(p_end),
xcelium> dumpsaif -end
xcelium> run
POWER_RESULT PASS writes=8100 final_words=2700 mismatches=0 active_cycles=14502
Simulation complete via $finish(1) at time 45988474 PS + 0
/tmp/fastconv-trunc-column-refresh-4184991/rtl/conv2x2/fpga_zcu104/column_power_comparison/tb/tb_power.sv:177     $finish;
xcelium> quit
TOOL:	xrun(64)	23.03-s003: Exiting on Sep 30, 2026 at 02:05:05 -03  (total: 00:00:12)
