xrun(64): 23.03-s003: (c) Copyright 1995-2023 Cadence Design Systems, Inc.
TOOL:	xrun(64)	23.03-s003: Started on Oct 01, 2026 at 11:13:17 -03
xrun
	-64bit
	-sv
	-access +r
	-cdslib /sim/tarsio/reports-wpn16-m16-m32-7e5ad192/simlibs_unisim/cds.lib
	-hdlvar /sim/tarsio/reports-wpn16-m16-m32-7e5ad192/simlibs_unisim/hdl.var
	-reflib /sim/tarsio/reports-wpn16-m16-m32-7e5ad192/simlibs_unisim/unisims_ver:unisims_ver
	-define GATE_LEVEL
	-top tb_power_stream_column
	-top glbl
	-timescale 1ns/1ps
	-input /sim/tarsio/fastconv-wpn16-m16-m32-7e5ad192/rtl/stream-column/fpga_zcu104/scripts/capture_dut_saif.tcl
	-l xrun.log
	/sim/tarsio/fastconv-wpn16-m16-m32-7e5ad192/rtl/conv4x4/pack-param/wpn16/pack_param.sv
	/sim/tarsio/fastconv-wpn16-m16-m32-7e5ad192/rtl/conv4x4/data/wpn16/sim/sim-032-3-3-normal-trunc/pack_data.sv
	/sim/tarsio/fastconv-wpn16-m16-m32-7e5ad192/rtl/mem/mem.sv
	/sim/tarsio/reports-wpn16-m16-m32-7e5ad192/wpn16_m32/design_routed_funcsim.v
	/soft64/xilinx/ferramentas/Vivado/2023.2/Vivado/2023.2/data/verilog/src/glbl.v
	/sim/tarsio/fastconv-wpn16-m16-m32-7e5ad192/rtl/stream-column/fpga_zcu104/tb/tb_power_stream_column.sv
file: /sim/tarsio/fastconv-wpn16-m16-m32-7e5ad192/rtl/conv4x4/pack-param/wpn16/pack_param.sv
	package worklib.pack_param:sv
		errors: 0, warnings: 0
file: /sim/tarsio/fastconv-wpn16-m16-m32-7e5ad192/rtl/conv4x4/data/wpn16/sim/sim-032-3-3-normal-trunc/pack_data.sv
	package worklib.pack_data:sv
		errors: 0, warnings: 0
file: /sim/tarsio/fastconv-wpn16-m16-m32-7e5ad192/rtl/mem/mem.sv
	module worklib.Memory:sv
		errors: 0, warnings: 0
file: /sim/tarsio/reports-wpn16-m16-m32-7e5ad192/wpn16_m32/design_routed_funcsim.v
	module worklib.Conv:v
		errors: 0, warnings: 0
	module worklib.Multip:v
		errors: 0, warnings: 0
	module worklib.Multip_0:v
		errors: 0, warnings: 0
	module worklib.Multip_1:v
		errors: 0, warnings: 0
	module worklib.Multip_10:v
		errors: 0, warnings: 0
	module worklib.Multip_11:v
		errors: 0, warnings: 0
	module worklib.Multip_12:v
		errors: 0, warnings: 0
	module worklib.Multip_13:v
		errors: 0, warnings: 0
	module worklib.Multip_14:v
		errors: 0, warnings: 0
	module worklib.Multip_15:v
		errors: 0, warnings: 0
	module worklib.Multip_16:v
		errors: 0, warnings: 0
	module worklib.Multip_17:v
		errors: 0, warnings: 0
	module worklib.Multip_18:v
		errors: 0, warnings: 0
	module worklib.Multip_19:v
		errors: 0, warnings: 0
	module worklib.Multip_2:v
		errors: 0, warnings: 0
	module worklib.Multip_20:v
		errors: 0, warnings: 0
	module worklib.Multip_21:v
		errors: 0, warnings: 0
	module worklib.Multip_22:v
		errors: 0, warnings: 0
	module worklib.Multip_23:v
		errors: 0, warnings: 0
	module worklib.Multip_24:v
		errors: 0, warnings: 0
	module worklib.Multip_25:v
		errors: 0, warnings: 0
	module worklib.Multip_26:v
		errors: 0, warnings: 0
	module worklib.Multip_27:v
		errors: 0, warnings: 0
	module worklib.Multip_28:v
		errors: 0, warnings: 0
	module worklib.Multip_29:v
		errors: 0, warnings: 0
	module worklib.Multip_3:v
		errors: 0, warnings: 0
	module worklib.Multip_30:v
		errors: 0, warnings: 0
	module worklib.Multip_4:v
		errors: 0, warnings: 0
	module worklib.Multip_5:v
		errors: 0, warnings: 0
	module worklib.Multip_6:v
		errors: 0, warnings: 0
	module worklib.Multip_7:v
		errors: 0, warnings: 0
	module worklib.Multip_8:v
		errors: 0, warnings: 0
	module worklib.Multip_9:v
		errors: 0, warnings: 0
	module worklib.WeightTransformRowConst:v
		errors: 0, warnings: 0
	module worklib.WeightTransformRowConst__parameterized0:v
		errors: 0, warnings: 0
	module worklib.WeightTransformRowConst__parameterized1:v
		errors: 0, warnings: 0
	module worklib.WeightTransformRowConst__parameterized3:v
		errors: 0, warnings: 0
	module worklib.WeightTransformRowConst__parameterized4:v
		errors: 0, warnings: 0
	module worklib.WeightTransformRowConst__parameterized5:v
		errors: 0, warnings: 0
	module worklib.WeightTransformRowConst__parameterized6:v
		errors: 0, warnings: 0
	module worklib.glbl:v
		errors: 0, warnings: 0
file: /soft64/xilinx/ferramentas/Vivado/2023.2/Vivado/2023.2/data/verilog/src/glbl.v
file: /sim/tarsio/fastconv-wpn16-m16-m32-7e5ad192/rtl/stream-column/fpga_zcu104/tb/tb_power_stream_column.sv
	module worklib.tb_power_stream_column:sv
		errors: 0, warnings: 0
	Elaborating the design hierarchy:
		Caching library 'worklib' ....... Done
		Caching library 'unisims_ver' ....... Done
xmelab: *W,CUSRCH: Resolved design unit 'LUT2' at 'i__carry__0_i_1__6' to 'unisims_ver.LUT2:module' through a global search of all libraries.
xmelab: *W,CUSRCH: Resolved design unit 'x_lut2_mux4' at '' to 'unisims_ver.x_lut2_mux4:udp' through a global search of all libraries.
xmelab: *W,CUSRCH: Resolved design unit 'DSP48E2' at 'partial_product' to 'unisims_ver.DSP48E2:module' through a global search of all libraries.
xmelab: *W,CUSRCH: Resolved design unit 'CARRY8' at 'partial_product__0_carry' to 'unisims_ver.CARRY8:module' through a global search of all libraries.
xmelab: *W,CUSRCH: Resolved design unit 'LUT6' at 'partial_product__0_carry__0_i_1__30' to 'unisims_ver.LUT6:module' through a global search of all libraries.
xmelab: *W,CUSRCH: Resolved design unit 'LUT3' at 'partial_product__0_carry__0_i_3__30' to 'unisims_ver.LUT3:module' through a global search of all libraries.
xmelab: *W,CUSRCH: Resolved design unit 'x_lut3_mux8' at '' to 'unisims_ver.x_lut3_mux8:udp' through a global search of all libraries.
xmelab: *W,CUSRCH: Resolved design unit 'LUT5' at 'partial_product__0_carry__0_i_7__30' to 'unisims_ver.LUT5:module' through a global search of all libraries.
xmelab: *W,CUSRCH: Resolved design unit 'LUT4' at 'partial_product__0_carry_i_14__30' to 'unisims_ver.LUT4:module' through a global search of all libraries.
xmelab: *W,CUSRCH: Resolved design unit 'LUT1' at 'i__carry__1_i_1__8' to 'unisims_ver.LUT1:module' through a global search of all libraries.
xmelab: *W,CUSRCH: Resolved design unit 'x_lut1_mux2' at '' to 'unisims_ver.x_lut1_mux2:udp' through a global search of all libraries.
xmelab: *W,CUSRCH: Resolved design unit 'BUFGCE' at 'clk_IBUF_BUFG_inst' to 'unisims_ver.BUFGCE:module' through a global search of all libraries.
xmelab: *W,CUSRCH: Resolved design unit 'IBUF' at 'clk_IBUF_inst' to 'unisims_ver.IBUF:module' through a global search of all libraries.
xmelab: *W,CUSRCH: Resolved design unit 'OBUF' at 'p_end_OBUF_inst' to 'unisims_ver.OBUF:module' through a global search of all libraries.
xmelab: *W,CUSRCH: Resolved design unit 'FDCE' at 'r_conv_multiply_count_reg[0]' to 'unisims_ver.FDCE:module' through a global search of all libraries.
xmelab: *W,CUSRCH: Resolved design unit 'FDPE' at 'r_input_channel_counter_input_reg[0]' to 'unisims_ver.FDPE:module' through a global search of all libraries.
	Top level design units:
		pack_data
		pack_param
		tb_power_stream_column
		glbl
	Building instance overlay tables: .................... Done
	Generating native compiled code:
		worklib.Memory:sv <0x249dfcb3>
			streams:   6, words:  2810
		worklib.WeightTransformRowConst__parameterized6:v <0x5e5b3ab4>
			streams:  13, words:  3341
		worklib.WeightTransformRowConst__parameterized5:v <0x64a16a0c>
			streams:   8, words:  2166
		worklib.WeightTransformRowConst__parameterized4:v <0x57495c51>
			streams:  35, words:  9689
		worklib.WeightTransformRowConst__parameterized3:v <0x5b785029>
			streams:  21, words:  5751
		worklib.WeightTransformRowConst__parameterized1:v <0x41ae922a>
			streams:  32, words:  9209
		worklib.WeightTransformRowConst__parameterized0:v <0x5683ae1c>
			streams:  14, words:  3982
		worklib.WeightTransformRowConst:v <0x63be4d26>
			streams:  13, words:  3386
		worklib.Multip_30:v <0x6688ad1e>
			streams:   5, words:  1698
		worklib.Multip_29:v <0x461db9c2>
			streams:   5, words:  1698
		worklib.Multip_28:v <0x21ad8c01>
			streams:   5, words:  1698
		worklib.Multip_27:v <0x4a0ba053>
			streams:   5, words:  1698
		worklib.Multip_26:v <0x1225e463>
			streams:   5, words:  1698
		worklib.Multip_25:v <0x287cf985>
			streams:   5, words:  1698
		worklib.Multip_24:v <0x7052bdb5>
			streams:   5, words:  1698
		worklib.Multip_23:v <0x6460bac8>
			streams:   5, words:  1698
		worklib.Multip_22:v <0x3c4efef8>
			streams:   5, words:  1698
		worklib.Multip_21:v <0x65c89dde>
			streams:   5, words:  1698
		worklib.Multip_20:v <0x5e39a72e>
			streams:   5, words:  1698
		worklib.Multip_19:v <0x0687e44e>
			streams:   5, words:  1698
		worklib.Multip_18:v <0x5ea9a07e>
			streams:   5, words:  1698
		worklib.Multip_17:v <0x51e17051>
			streams:   5, words:  1698
		worklib.Multip_16:v <0x09cf3461>
			streams:   5, words:  1698
		worklib.Multip_15:v <0x33962987>
			streams:   5, words:  1698
		worklib.Multip_14:v <0x6bb86db7>
			streams:   5, words:  1698
		worklib.Multip_13:v <0x1c55140a>
			streams:   5, words:  1698
		worklib.Multip_12:v <0x447b503a>
			streams:   5, words:  1698
		worklib.Multip_11:v <0x7e224ddc>
			streams:   5, words:  1698
		worklib.Multip_10:v <0x45d3772c>
			streams:   5, words:  1698
		worklib.Multip_9:v <0x23022bb5>
			streams:   5, words:  1698
		worklib.Multip_8:v <0x5127cd67>
			streams:   5, words:  1698
		worklib.Multip_7:v <0x4284f198>
			streams:   5, words:  1698
		worklib.Multip_6:v <0x30a1174a>
			streams:   5, words:  1698
		worklib.Multip_5:v <0x26cf3c3c>
			streams:   5, words:  1698
		worklib.Multip_4:v <0x54eadaee>
			streams:   5, words:  1698
		worklib.Multip_3:v <0x6084dc03>
			streams:   5, words:  1698
		worklib.Multip_2:v <0x12a13ad1>
			streams:   5, words:  1698
		worklib.Multip_1:v <0x04cf11a7>
			streams:   5, words:  1698
		worklib.Multip_0:v <0x76eaf775>
			streams:   5, words:  1698
		worklib.Multip:v <0x02ed0a6d>
			streams:   5, words:  1698
		worklib.glbl:v <0x3a6ea307>
			streams:  12, words:  3717
		worklib.tb_power_stream_column:sv <0x6825c44c>
			streams:  37, words: 25505
		worklib.pack_data:sv <0x1405b75f>
			streams:   5, words:  3336
		worklib.pack_param:sv <0x11bbd098>
			streams:   1, words:   708
		worklib.Conv:v <0x32b62cb5>
			streams: 336, words: 80376
		unisims_ver.LUT6:module <0x438378c3>
			streams:   4, words: 36075
		unisims_ver.LUT3:module <0x4e658e8f>
			streams:   2, words:   895
		unisims_ver.LUT6:module <0x0c4a5de5>
			streams:   4, words: 36052
		unisims_ver.LUT6:module <0x234fb42d>
			streams:   4, words: 36075
		unisims_ver.LUT6:module <0x74af01f6>
			streams:   4, words: 36075
		unisims_ver.LUT6:module <0x3f733eac>
			streams:   4, words: 36075
		unisims_ver.LUT6:module <0x637d4440>
			streams:   4, words: 36075
		unisims_ver.LUT5:module <0x4984a78f>
			streams:   5, words: 20992
		unisims_ver.LUT6:module <0x67dd0e86>
			streams:   4, words: 36075
		unisims_ver.LUT6:module <0x0d80ec95>
			streams:   4, words: 36075
		unisims_ver.LUT6:module <0x357d0834>
			streams:   4, words: 36075
		unisims_ver.LUT6:module <0x327108a3>
			streams:   4, words: 36075
		unisims_ver.LUT6:module <0x0ac78e78>
			streams:   4, words: 36075
		unisims_ver.LUT6:module <0x63209996>
			streams:   4, words: 36075
		unisims_ver.LUT6:module <0x33ca73bc>
			streams:   4, words: 36052
		unisims_ver.LUT6:module <0x18d09c35>
			streams:   4, words: 36075
		unisims_ver.LUT6:module <0x3ae6d419>
			streams:   4, words: 36075
		unisims_ver.LUT5:module <0x6bdce4ad>
			streams:   5, words: 20986
		unisims_ver.LUT6:module <0x65dfe4a1>
			streams:   4, words: 36075
		unisims_ver.LUT6:module <0x2ff2151f>
			streams:   4, words: 36075
		unisims_ver.LUT6:module <0x465bb66e>
			streams:   4, words: 36075
		unisims_ver.LUT5:module <0x52108b33>
			streams:   5, words: 20986
		unisims_ver.LUT6:module <0x6f4764c4>
			streams:   4, words: 36075
		unisims_ver.LUT6:module <0x454ed649>
			streams:   4, words: 36075
		unisims_ver.LUT4:module <0x77ca5fb4>
			streams:   4, words:  9137
		unisims_ver.LUT3:module <0x64040aa8>
			streams:   2, words:   906
		unisims_ver.LUT6:module <0x795d08ea>
			streams:   4, words: 36075
		unisims_ver.LUT6:module <0x7bc2192c>
			streams:   4, words: 36075
		unisims_ver.LUT6:module <0x6c91a3fb>
			streams:   4, words: 36061
		unisims_ver.LUT6:module <0x4c9e048c>
			streams:   4, words: 36075
		unisims_ver.LUT6:module <0x10344004>
			streams:   4, words: 36075
		unisims_ver.LUT5:module <0x03b73fbe>
			streams:   5, words: 20986
		unisims_ver.LUT6:module <0x68d006ba>
			streams:   4, words: 36075
		unisims_ver.LUT6:module <0x43f8403f>
			streams:   4, words: 36075
		unisims_ver.LUT6:module <0x0abafddf>
			streams:   4, words: 36075
		unisims_ver.LUT6:module <0x695552f6>
			streams:   4, words: 36075
		unisims_ver.LUT6:module <0x6cdbabec>
			streams:   4, words: 36075
		unisims_ver.LUT6:module <0x4f2a6096>
			streams:   4, words: 36075
		unisims_ver.LUT6:module <0x2021ff5b>
			streams:   4, words: 36062
		unisims_ver.LUT6:module <0x615ac4c4>
			streams:   4, words: 36075
		unisims_ver.LUT4:module <0x08acb4f2>
			streams:   4, words:  9137
		unisims_ver.LUT5:module <0x152c2586>
			streams:   5, words: 20986
		unisims_ver.LUT4:module <0x569b8801>
			streams:   4, words:  9137
		unisims_ver.LUT6:module <0x1b127669>
			streams:   4, words: 36075
		unisims_ver.LUT4:module <0x24b25a5a>
			streams:   4, words:  9137
		unisims_ver.LUT6:module <0x7e8ba605>
			streams:   4, words: 36075
		unisims_ver.LUT3:module <0x414f0dc8>
			streams:   2, words:   887
		unisims_ver.LUT4:module <0x26db79c7>
			streams:   4, words:  9137
		unisims_ver.LUT6:module <0x2afa1576>
			streams:   4, words: 36075
		unisims_ver.LUT5:module <0x7bb76816>
			streams:   5, words: 20992
		unisims_ver.LUT3:module <0x496bf034>
			streams:   2, words:   887
		unisims_ver.LUT5:module <0x632bd58f>
			streams:   5, words: 20992
		unisims_ver.LUT4:module <0x0bb64267>
			streams:   4, words:  9137
		unisims_ver.LUT5:module <0x3ad13662>
			streams:   5, words: 20986
		unisims_ver.LUT4:module <0x1f0370ab>
			streams:   4, words:  9137
		unisims_ver.LUT5:module <0x54922822>
			streams:   5, words: 20992
		unisims_ver.LUT5:module <0x7843d4b4>
			streams:   5, words: 20992
		unisims_ver.LUT4:module <0x465576f2>
			streams:   4, words:  9137
		unisims_ver.LUT3:module <0x7b4114fe>
			streams:   2, words:   894
		unisims_ver.LUT4:module <0x18749490>
			streams:   4, words:  9137
		unisims_ver.LUT4:module <0x06f336ee>
			streams:   4, words:  9137
		unisims_ver.LUT3:module <0x03237cc5>
			streams:   2, words:   894
		unisims_ver.LUT5:module <0x3ec54897>
			streams:   5, words: 20986
		unisims_ver.LUT5:module <0x490e3401>
			streams:   5, words: 20986
		unisims_ver.LUT5:module <0x4b5a197a>
			streams:   5, words: 20986
		unisims_ver.LUT6:module <0x4019dd13>
			streams:   4, words: 36075
		unisims_ver.LUT4:module <0x51eda354>
			streams:   4, words:  9137
		unisims_ver.LUT6:module <0x44d46d85>
			streams:   4, words: 36075
		unisims_ver.LUT4:module <0x42744fd2>
			streams:   4, words:  9137
		unisims_ver.LUT5:module <0x6edb5cfd>
			streams:   5, words: 20986
		unisims_ver.LUT5:module <0x7bf6f20c>
			streams:   5, words: 20986
		unisims_ver.LUT4:module <0x2a0ffa76>
			streams:   4, words:  9137
		unisims_ver.LUT5:module <0x02472442>
			streams:   5, words: 20986
		unisims_ver.LUT6:module <0x5d86002b>
			streams:   4, words: 36052
		unisims_ver.LUT6:module <0x3106c1c2>
			streams:   4, words: 36052
		unisims_ver.LUT6:module <0x6e10352a>
			streams:   4, words: 36052
		unisims_ver.LUT4:module <0x62329da2>
			streams:   4, words:  9137
		unisims_ver.LUT6:module <0x2afe2216>
			streams:   4, words: 36052
		unisims_ver.LUT5:module <0x69379ff3>
			streams:   5, words: 20986
		unisims_ver.LUT5:module <0x22bcad40>
			streams:   5, words: 20986
		unisims_ver.LUT6:module <0x72586994>
			streams:   4, words: 36075
		unisims_ver.LUT6:module <0x10c758f2>
			streams:   4, words: 36075
		unisims_ver.LUT5:module <0x3b09f9d4>
			streams:   5, words: 20986
		unisims_ver.LUT5:module <0x59a5fc5b>
			streams:   5, words: 20986
		unisims_ver.LUT6:module <0x575e63cb>
			streams:   4, words: 36075
		unisims_ver.LUT6:module <0x55e1338b>
			streams:   4, words: 36052
		unisims_ver.LUT5:module <0x56d30e0f>
			streams:   5, words: 20983
		unisims_ver.LUT5:module <0x197761bd>
			streams:   5, words: 20986
		unisims_ver.LUT6:module <0x67a19038>
			streams:   4, words: 36052
		unisims_ver.LUT3:module <0x58741c6d>
			streams:   2, words:   890
		unisims_ver.LUT3:module <0x45cb2852>
			streams:   2, words:   890
		unisims_ver.LUT6:module <0x41bd076f>
			streams:   4, words: 36075
		unisims_ver.LUT6:module <0x70b322f4>
			streams:   4, words: 36075
		unisims_ver.LUT4:module <0x1893281b>
			streams:   4, words:  9137
		unisims_ver.LUT4:module <0x253e706a>
			streams:   4, words:  9137
		unisims_ver.LUT6:module <0x7dc7b6db>
			streams:   4, words: 36075
		unisims_ver.LUT6:module <0x7c46c78d>
			streams:   4, words: 36075
		unisims_ver.LUT5:module <0x4a983b3c>
			streams:   5, words: 20992
		unisims_ver.LUT6:module <0x3e6351f2>
			streams:   4, words: 36075
		unisims_ver.LUT4:module <0x26a83996>
			streams:   4, words:  9137
		unisims_ver.LUT4:module <0x3699385d>
			streams:   4, words:  9137
		unisims_ver.LUT4:module <0x10104c60>
			streams:   4, words:  9137
		unisims_ver.LUT3:module <0x54d4c40b>
			streams:   2, words:   879
		unisims_ver.LUT6:module <0x032f60fd>
			streams:   4, words: 36075
		unisims_ver.LUT3:module <0x385d14bb>
			streams:   2, words:   894
		unisims_ver.LUT3:module <0x5c34733f>
			streams:   2, words:   902
		unisims_ver.LUT6:module <0x4eb4f002>
			streams:   4, words: 36075
		unisims_ver.LUT4:module <0x5d3b8369>
			streams:   4, words:  9137
		unisims_ver.LUT3:module <0x4b559095>
			streams:   2, words:   906
		unisims_ver.LUT4:module <0x5b9d854a>
			streams:   4, words:  9137
		unisims_ver.LUT4:module <0x6cfbc18b>
			streams:   4, words:  9137
		unisims_ver.LUT6:module <0x549722a7>
			streams:   4, words: 36061
		unisims_ver.LUT6:module <0x3705d640>
			streams:   4, words: 36061
		unisims_ver.LUT6:module <0x056a5cec>
			streams:   4, words: 36061
		unisims_ver.LUT6:module <0x6ab0b20c>
			streams:   4, words: 36061
		unisims_ver.LUT6:module <0x7dcee815>
			streams:   4, words: 36075
		unisims_ver.LUT5:module <0x24e04945>
			streams:   5, words: 20992
		unisims_ver.LUT6:module <0x229dbc4d>
			streams:   4, words: 36075
		unisims_ver.LUT6:module <0x686659c4>
			streams:   4, words: 36075
		unisims_ver.LUT4:module <0x53af1768>
			streams:   4, words:  9137
		unisims_ver.LUT6:module <0x1a5e6622>
			streams:   4, words: 36075
		unisims_ver.LUT6:module <0x46539bf9>
			streams:   4, words: 36075
		unisims_ver.LUT5:module <0x6cf83a5e>
			streams:   5, words: 20986
		unisims_ver.LUT6:module <0x2938c3f5>
			streams:   4, words: 36075
		unisims_ver.LUT6:module <0x7c6ab8e2>
			streams:   4, words: 36075
		unisims_ver.LUT4:module <0x688d7d17>
			streams:   4, words:  9137
		unisims_ver.FDPE:module <0x74be874c>
			streams:  12, words:  8281
		unisims_ver.LUT6:module <0x125f2136>
			streams:   4, words: 36075
		unisims_ver.LUT6:module <0x6e5b5d47>
			streams:   4, words: 36061
		unisims_ver.LUT6:module <0x64a3dff0>
			streams:   4, words: 36075
		unisims_ver.LUT3:module <0x531ef078>
			streams:   2, words:   886
		unisims_ver.LUT5:module <0x4f088d7d>
			streams:   5, words: 20986
		unisims_ver.LUT6:module <0x3273927b>
			streams:   4, words: 36075
		unisims_ver.LUT6:module <0x798cff43>
			streams:   4, words: 36052
		unisims_ver.LUT6:module <0x74ad9255>
			streams:   4, words: 36075
		unisims_ver.LUT6:module <0x739ee82c>
			streams:   4, words: 36075
		unisims_ver.LUT6:module <0x15990a7b>
			streams:   4, words: 36075
		unisims_ver.LUT6:module <0x0d2a3c4a>
			streams:   4, words: 36075
		unisims_ver.LUT5:module <0x026a8212>
			streams:   5, words: 20986
		unisims_ver.LUT5:module <0x00e2d5b4>
			streams:   5, words: 20992
		unisims_ver.LUT6:module <0x2a32e5e5>
			streams:   4, words: 36075
		unisims_ver.LUT6:module <0x6731a771>
			streams:   4, words: 36075
		unisims_ver.LUT4:module <0x4c4bcdb5>
			streams:   4, words:  9137
		unisims_ver.LUT4:module <0x2409e197>
			streams:   4, words:  9137
		unisims_ver.LUT4:module <0x67fb5e7f>
			streams:   4, words:  9137
		unisims_ver.LUT6:module <0x792505f1>
			streams:   4, words: 36075
		unisims_ver.LUT6:module <0x47225023>
			streams:   4, words: 36075
		unisims_ver.LUT6:module <0x4ce23373>
			streams:   4, words: 36075
		unisims_ver.LUT6:module <0x3bd498a7>
			streams:   4, words: 36075
		unisims_ver.LUT6:module <0x6fd0e6cd>
			streams:   4, words: 36075
		unisims_ver.LUT5:module <0x21a0d8da>
			streams:   5, words: 20992
		unisims_ver.LUT5:module <0x0ea8b1eb>
			streams:   5, words: 20992
		unisims_ver.LUT4:module <0x70d326d6>
			streams:   4, words:  9137
		unisims_ver.LUT6:module <0x4fb0d3a8>
			streams:   4, words: 36075
		unisims_ver.LUT6:module <0x78976f72>
			streams:   4, words: 36075
		unisims_ver.LUT6:module <0x3076bdad>
			streams:   4, words: 36075
		unisims_ver.LUT6:module <0x1895b70e>
			streams:   4, words: 36075
		unisims_ver.LUT3:module <0x00a927e4>
			streams:   2, words:   891
		unisims_ver.LUT5:module <0x4a43af57>
			streams:   5, words: 20986
		unisims_ver.LUT6:module <0x32f13806>
			streams:   4, words: 36075
		unisims_ver.LUT6:module <0x6ffd08d8>
			streams:   4, words: 36075
		unisims_ver.LUT6:module <0x0b49c235>
			streams:   4, words: 36075
		unisims_ver.LUT5:module <0x7e707cf3>
			streams:   5, words: 20986
		unisims_ver.LUT6:module <0x5b37a559>
			streams:   4, words: 36061
		unisims_ver.LUT5:module <0x6d044a90>
			streams:   5, words: 20986
		unisims_ver.LUT6:module <0x6c90deae>
			streams:   4, words: 36075
		unisims_ver.LUT6:module <0x1f15bb01>
			streams:   4, words: 36075
		unisims_ver.LUT4:module <0x1979716a>
			streams:   4, words:  9137
		unisims_ver.LUT3:module <0x011d1c64>
			streams:   2, words:   891
		unisims_ver.LUT6:module <0x67255cb2>
			streams:   4, words: 36075
		unisims_ver.LUT6:module <0x58b52694>
			streams:   4, words: 36075
		unisims_ver.LUT5:module <0x5f0e7bfa>
			streams:   5, words: 20992
		unisims_ver.LUT6:module <0x503193fd>
			streams:   4, words: 36075
		unisims_ver.LUT4:module <0x3b706785>
			streams:   4, words:  9137
		unisims_ver.LUT6:module <0x72d7268e>
			streams:   4, words: 36075
		unisims_ver.LUT6:module <0x1840ab49>
			streams:   4, words: 36075
		unisims_ver.LUT6:module <0x7729a336>
			streams:   4, words: 36075
		unisims_ver.LUT5:module <0x34200b02>
			streams:   5, words: 20986
		unisims_ver.LUT4:module <0x1ef2068b>
			streams:   4, words:  9137
		unisims_ver.LUT6:module <0x5561b613>
			streams:   4, words: 36075
		unisims_ver.LUT6:module <0x35e796f9>
			streams:   4, words: 36075
		unisims_ver.LUT5:module <0x0581941f>
			streams:   5, words: 20986
		unisims_ver.LUT5:module <0x07bb5907>
			streams:   5, words: 20986
		unisims_ver.LUT5:module <0x3be53566>
			streams:   5, words: 20986
		unisims_ver.LUT6:module <0x67a1d09f>
			streams:   4, words: 36075
		unisims_ver.LUT6:module <0x6439baf1>
			streams:   4, words: 36075
		unisims_ver.LUT6:module <0x07751c18>
			streams:   4, words: 36075
		unisims_ver.LUT3:module <0x6910e94e>
			streams:   2, words:   887
		unisims_ver.FDCE:module <0x1beddd01>
			streams:  12, words:  8244
		unisims_ver.LUT6:module <0x0241bd76>
			streams:   4, words: 36075
		unisims_ver.LUT6:module <0x15cd2f0c>
			streams:   4, words: 36075
		unisims_ver.LUT6:module <0x2458897c>
			streams:   4, words: 36075
		unisims_ver.LUT5:module <0x3b1970c2>
			streams:   5, words: 20992
		unisims_ver.LUT6:module <0x7c96a1b6>
			streams:   4, words: 36075
		unisims_ver.LUT6:module <0x1023afda>
			streams:   4, words: 36075
		unisims_ver.LUT5:module <0x5e0dcd6b>
			streams:   5, words: 20986
		unisims_ver.LUT5:module <0x3fbe9226>
			streams:   5, words: 20986
		unisims_ver.LUT6:module <0x2a8b10b4>
			streams:   4, words: 36061
		unisims_ver.OBUF:module <0x5290dd3e>
			streams:   2, words:  1453
		unisims_ver.BUFGCE:module <0x12953bdd>
			streams:  22, words: 17948
		unisims_ver.LUT6:module <0x34b3829f>
			streams:   4, words: 36075
		unisims_ver.LUT5:module <0x147d72e0>
			streams:   5, words: 20986
		unisims_ver.LUT4:module <0x2ec40f7e>
			streams:   4, words:  9137
		unisims_ver.LUT6:module <0x5543260e>
			streams:   4, words: 36075
		unisims_ver.LUT6:module <0x2d97f254>
			streams:   4, words: 36075
		unisims_ver.LUT6:module <0x1fbc7305>
			streams:   4, words: 36075
		unisims_ver.LUT6:module <0x0a370500>
			streams:   4, words: 36075
		unisims_ver.LUT6:module <0x4e397944>
			streams:   4, words: 36075
		unisims_ver.LUT6:module <0x241bdeeb>
			streams:   4, words: 36075
		unisims_ver.LUT4:module <0x63e50c80>
			streams:   4, words:  9137
		unisims_ver.LUT6:module <0x58b51f03>
			streams:   4, words: 36075
		unisims_ver.LUT6:module <0x1b261ee9>
			streams:   4, words: 36075
		unisims_ver.LUT6:module <0x391d4898>
			streams:   4, words: 36075
		unisims_ver.LUT4:module <0x0c9a9c2d>
			streams:   4, words:  9137
		unisims_ver.LUT6:module <0x2bef271c>
			streams:   4, words: 36061
		unisims_ver.LUT5:module <0x34335dad>
			streams:   5, words: 20986
		unisims_ver.LUT6:module <0x499bc171>
			streams:   4, words: 36075
		unisims_ver.LUT5:module <0x2fa9095e>
			streams:   5, words: 20992
		unisims_ver.LUT5:module <0x3c78ddd8>
			streams:   5, words: 20986
		unisims_ver.LUT6:module <0x133c8e9c>
			streams:   4, words: 36075
		unisims_ver.LUT5:module <0x5289ff6e>
			streams:   5, words: 20986
		unisims_ver.LUT5:module <0x0bfe5238>
			streams:   5, words: 20992
		unisims_ver.LUT5:module <0x695313b3>
			streams:   5, words: 20992
		unisims_ver.LUT5:module <0x002887ea>
			streams:   5, words: 20992
		unisims_ver.LUT6:module <0x3c46d344>
			streams:   4, words: 36075
		unisims_ver.LUT6:module <0x1be85936>
			streams:   4, words: 36075
		unisims_ver.LUT6:module <0x39cbcce9>
			streams:   4, words: 36075
		unisims_ver.LUT6:module <0x37be8201>
			streams:   4, words: 36075
		unisims_ver.LUT6:module <0x3ba28743>
			streams:   4, words: 36075
		unisims_ver.LUT6:module <0x6f4c8488>
			streams:   4, words: 36075
		unisims_ver.LUT5:module <0x729e2b02>
			streams:   5, words: 20986
		unisims_ver.LUT6:module <0x69f1645d>
			streams:   4, words: 36075
		unisims_ver.LUT6:module <0x4ed2cf65>
			streams:   4, words: 36075
		unisims_ver.LUT6:module <0x304c1a42>
			streams:   4, words: 36075
		unisims_ver.LUT6:module <0x7ccc30b0>
			streams:   4, words: 36075
		unisims_ver.LUT6:module <0x14bb1e38>
			streams:   4, words: 36075
		unisims_ver.LUT6:module <0x215addda>
			streams:   4, words: 36075
		unisims_ver.LUT6:module <0x741c51bc>
			streams:   4, words: 36075
		unisims_ver.LUT6:module <0x150e384a>
			streams:   4, words: 36075
		unisims_ver.LUT4:module <0x14b8d5f1>
			streams:   4, words:  9137
		unisims_ver.LUT6:module <0x2dcffd02>
			streams:   4, words: 36052
		unisims_ver.LUT6:module <0x0c2bd431>
			streams:   4, words: 36075
		unisims_ver.LUT6:module <0x292b7ae6>
			streams:   4, words: 36075
		unisims_ver.LUT6:module <0x001c862a>
			streams:   4, words: 36075
		unisims_ver.LUT6:module <0x7887eb4f>
			streams:   4, words: 36075
		unisims_ver.LUT6:module <0x70f23ea0>
			streams:   4, words: 36075
		unisims_ver.LUT6:module <0x0e912fa7>
			streams:   4, words: 36075
		unisims_ver.LUT6:module <0x19c64a0c>
			streams:   4, words: 36075
		unisims_ver.LUT6:module <0x4f6d8f45>
			streams:   4, words: 36075
		unisims_ver.LUT6:module <0x5c2c43f1>
			streams:   4, words: 36075
		unisims_ver.LUT6:module <0x7d60d7a9>
			streams:   4, words: 36075
		unisims_ver.LUT6:module <0x110411c8>
			streams:   4, words: 36075
		unisims_ver.LUT6:module <0x2126c7ef>
			streams:   4, words: 36075
		unisims_ver.LUT6:module <0x1773e3c5>
			streams:   4, words: 36075
		unisims_ver.LUT6:module <0x0936da6e>
			streams:   4, words: 36052
		unisims_ver.LUT6:module <0x3284a940>
			streams:   4, words: 36075
		unisims_ver.LUT4:module <0x6d797699>
			streams:   4, words:  9137
		unisims_ver.LUT6:module <0x649b33f1>
			streams:   4, words: 36075
		unisims_ver.LUT6:module <0x538d007f>
			streams:   4, words: 36052
		unisims_ver.LUT6:module <0x4864d54c>
			streams:   4, words: 36075
		unisims_ver.LUT6:module <0x221b2430>
			streams:   4, words: 36075
		unisims_ver.LUT5:module <0x0bcc78b9>
			streams:   5, words: 20992
		unisims_ver.LUT5:module <0x31fe3f90>
			streams:   5, words: 20986
		unisims_ver.LUT5:module <0x43d91b59>
			streams:   5, words: 20986
		unisims_ver.LUT6:module <0x7c6466e9>
			streams:   4, words: 36075
		unisims_ver.LUT5:module <0x5a045a40>
			streams:   5, words: 20986
		unisims_ver.LUT3:module <0x43b527a1>
			streams:   2, words:   891
		unisims_ver.LUT6:module <0x1eadca46>
			streams:   4, words: 36061
		unisims_ver.LUT5:module <0x1967305d>
			streams:   5, words: 20986
		unisims_ver.LUT6:module <0x7da4abf9>
			streams:   4, words: 36061
		unisims_ver.LUT5:module <0x581f5421>
			streams:   5, words: 20986
		unisims_ver.LUT5:module <0x7b5434ce>
			streams:   5, words: 20986
		unisims_ver.LUT5:module <0x113d5d82>
			streams:   5, words: 20986
		unisims_ver.LUT6:module <0x31339ff8>
			streams:   4, words: 36075
		unisims_ver.LUT6:module <0x624f2113>
			streams:   4, words: 36075
		unisims_ver.LUT4:module <0x706bf1f9>
			streams:   4, words:  9137
		unisims_ver.LUT4:module <0x11d5d365>
			streams:   4, words:  9137
		unisims_ver.LUT5:module <0x6bb85f8f>
			streams:   5, words: 20986
		unisims_ver.LUT5:module <0x41b60363>
			streams:   5, words: 20986
		unisims_ver.LUT5:module <0x1345e9ba>
			streams:   5, words: 20992
		unisims_ver.LUT5:module <0x46d95ee1>
			streams:   5, words: 20992
		unisims_ver.LUT6:module <0x11f1d44f>
			streams:   4, words: 36075
		unisims_ver.LUT6:module <0x37c354b1>
			streams:   4, words: 36075
		unisims_ver.LUT5:module <0x6799ef92>
			streams:   5, words: 20986
		unisims_ver.LUT6:module <0x17f12e94>
			streams:   4, words: 36075
		unisims_ver.LUT5:module <0x0a2614e8>
			streams:   5, words: 20986
		unisims_ver.LUT6:module <0x132d2e07>
			streams:   4, words: 36075
		unisims_ver.LUT6:module <0x06107aea>
			streams:   4, words: 36075
		unisims_ver.LUT6:module <0x07aa51e8>
			streams:   4, words: 36075
		unisims_ver.LUT6:module <0x39233161>
			streams:   4, words: 36075
		unisims_ver.LUT6:module <0x51c5e401>
			streams:   4, words: 36075
		unisims_ver.LUT6:module <0x0b0fb9b2>
			streams:   4, words: 36075
		unisims_ver.LUT4:module <0x18024a7a>
			streams:   4, words:  9137
		unisims_ver.LUT6:module <0x4369fc3d>
			streams:   4, words: 36075
		unisims_ver.LUT4:module <0x419c36dc>
			streams:   4, words:  9134
		unisims_ver.LUT6:module <0x28d1a012>
			streams:   4, words: 36075
		unisims_ver.LUT6:module <0x1ba9e3e9>
			streams:   4, words: 36075
		unisims_ver.DSP48E2:module <0x37c963c4>
			streams: 217, words: 159159
	Building instance specific data structures.
	Loading native compiled code:     .................... Done
	Design hierarchy summary:
		                   Instances  Unique
		Modules:               17887      56
		Verilog packages:          2       2
		UDPs:                   5636       3
		Primitives:              313       2
		Registers:             81040     247
		Scalar wires:          75413       -
		Expanded wires:        13024    1435
		Vectored wires:         3938       -
		Always blocks:         17948      63
		Initial blocks:        43417     103
		Cont. assignments:     20623     332
		Pseudo assignments:      684       -
		Simulation timescale:    1ps
	Writing initial simulation snapshot: worklib.tb_power_stream_column:sv
Loading snapshot worklib.tb_power_stream_column:sv .................... Done
xcelium> source /soft64/cadence/ferramentas/XCELIUM2303/tools/xcelium/files/xmsimrc
xcelium> stop -condition {#%d/tb_power_stream_column/p_start == 1}
Created stop 1
xcelium> run
120 NS + 0 (stop 1: tb_power_stream_column.p_start = 1)
/sim/tarsio/fastconv-wpn16-m16-m32-7e5ad192/rtl/stream-column/fpga_zcu104/tb/tb_power_stream_column.sv:203     p_start = 1'b1;
xcelium> dumpsaif -scope tb_power_stream_column.dut -internal -divider / -overwrite -output activity_dut.saif
xcelium> stop -condition {#%d/tb_power_stream_column/p_end == 1}
Created stop 2
xcelium> stop -time 90 us -execute {puts "P3F_TIMEOUT_BEFORE_P_END"; exit}
Created stop 3
xcelium> run
17108973 PS + 2 (stop 2: tb_power_stream_column.p_end = 1)
/sim/tarsio/fastconv-wpn16-m16-m32-7e5ad192/rtl/stream-column/fpga_zcu104/tb/tb_power_stream_column.sv:75     .clk(clk), .reset(reset), .p_start(p_start), .p_end(p_end),
xcelium> dumpsaif -end
xcelium> run
POWER_GOLDEN_MISMATCH ch=0 row=0 col=0 got=-868 expected=-1708
POWER_GOLDEN_MISMATCH ch=0 row=0 col=1 got=-397 expected=1340
POWER_GOLDEN_MISMATCH ch=0 row=0 col=2 got=385 expected=1757
POWER_GOLDEN_MISMATCH ch=0 row=0 col=3 got=-1314 expected=-1093
POWER_GOLDEN_MISMATCH ch=0 row=0 col=4 got=232 expected=294
POWER_GOLDEN_MISMATCH ch=0 row=0 col=5 got=-297 expected=-1083
POWER_GOLDEN_MISMATCH ch=0 row=0 col=6 got=301 expected=2002
POWER_GOLDEN_MISMATCH ch=0 row=0 col=7 got=-113 expected=-1439
xmsim: *F,FATSEV (/sim/tarsio/fastconv-wpn16-m16-m32-7e5ad192/rtl/stream-column/fpga_zcu104/tb/tb_power_stream_column.sv,213): (time 17118335 PS).
tb_power_stream_column.TEST_SEQUENCE_BLOCK
POWER_RESULT_GOLDEN_FAIL mismatches=2700
Simulation terminated via $fatal(1) at time 17118335 PS + 0
/sim/tarsio/fastconv-wpn16-m16-m32-7e5ad192/rtl/stream-column/fpga_zcu104/tb/tb_power_stream_column.sv:213       $fatal(1, "POWER_RESULT_GOLDEN_FAIL mismatches=%0d", final_output_errors);
xcelium> quit
TOOL:	xrun(64)	23.03-s003: Exiting on Oct 01, 2026 at 11:13:37 -03  (total: 00:00:20)
