============================================================
  Generated by:           Genus(TM) Synthesis Solution 22.17-s071_1
  Generated on:           May 07 2025  10:04:42 pm
  Module:                 conv
  Operating conditions:   ssg0p81v125c 
  Operating conditions:   tt0p9v25c 
  Operating conditions:   ffg0p99vm40c 
  Interconnect mode:      global
  Area mode:              physical library
============================================================


Path 1: MET (1018 ps) Setup Check with Pin registers_reg[12][18]/CP->D
           View: analysis_view_0p99v_m40c_capbst_fastest
          Group: clk
     Startpoint: (R) registers_reg[12][1]/CP
          Clock: (R) clk
       Endpoint: (R) registers_reg[12][18]/D
          Clock: (R) clk

                     Capture       Launch     
        Clock Edge:+    2000            0     
       Src Latency:+       0            0     
       Net Latency:+       0 (I)        0 (I) 
           Arrival:=    2000            0     
                                              
             Setup:-      13                  
     Required Time:=    1987                  
      Launch Clock:-       0                  
         Data Path:-     968                  
             Slack:=    1018                  

#------------------------------------------------------------------------------------------------------------------------------
#                Timing Point                  Flags    Arc   Edge       Cell         Fanout Load Trans Delay Arrival Instance 
#                                                                                            (fF)  (ps)  (ps)   (ps)  Location 
#------------------------------------------------------------------------------------------------------------------------------
  registers_reg[12][1]/CP                      -       -      R     (arrival)            320    -     0     0       0    (-,-) 
  registers_reg[12][1]/Q                       -       CP->Q  F     DFCNQD1BWP30P140      30 45.3   148   116     116    (-,-) 
  genblk1[12].multip/mul_24_61_g5522/CO        -       B->CO  F     FA1D1BWP30P140         1  2.4    17    58     174    (-,-) 
  genblk1[12].multip/mul_24_61_g5486/CO        -       CI->CO F     FA1D1BWP30P140         1  2.4    17    26     199    (-,-) 
  genblk1[12].multip/mul_24_61_g5465/CO        -       CI->CO F     FA1D1BWP30P140         1  2.4    17    26     225    (-,-) 
  genblk1[12].multip/mul_24_61_g5444/CO        -       CI->CO F     FA1D1BWP30P140         1  2.4    17    26     250    (-,-) 
  genblk1[12].multip/mul_24_61_g5424/CO        -       CI->CO F     FA1D1BWP30P140         1  2.4    17    26     276    (-,-) 
  genblk1[12].multip/mul_24_61_g5409/CO        -       CI->CO F     FA1D1BWP30P140         1  2.4    17    26     301    (-,-) 
  genblk1[12].multip/mul_24_61_g5393/CO        -       CI->CO F     FA1D1BWP30P140         1  2.4    17    26     327    (-,-) 
  genblk1[12].multip/mul_24_61_g5380/CO        -       CI->CO F     FA1D1BWP30P140         1  2.4    17    26     352    (-,-) 
  genblk1[12].multip/mul_24_61_g5367/CO        -       CI->CO F     FA1D1BWP30P140         1  2.4    17    26     378    (-,-) 
  genblk1[12].multip/mul_24_61_g5352/CO        -       CI->CO F     FA1D1BWP30P140         1  2.4    17    25     403    (-,-) 
  genblk1[12].multip/mul_24_61_g5338/CO        -       CI->CO F     FA1D1BWP30P140         1  2.4    16    25     429    (-,-) 
  genblk1[12].multip/mul_24_61_g5325/CO        -       CI->CO F     FA1D1BWP30P140         1  2.4    16    25     454    (-,-) 
  genblk1[12].multip/mul_24_61_g5312/CO        -       CI->CO F     FA1D1BWP30P140         1  2.4    16    25     480    (-,-) 
  genblk1[12].multip/mul_24_61_g5301/CO        -       CI->CO F     FA1D1BWP30P140         1  2.4    16    25     505    (-,-) 
  genblk1[12].multip/mul_24_61_g5290/CO        -       CI->CO F     FA1D1BWP30P140         1  2.4    16    25     530    (-,-) 
  genblk1[12].multip/mul_24_61_g5279/CO        -       CI->CO F     FA1D1BWP30P140         1  2.4    16    25     555    (-,-) 
  genblk1[12].multip/mul_24_61_g5270/CO        -       CI->CO F     FA1D1BWP30P140         1  2.4    16    25     580    (-,-) 
  genblk1[12].multip/mul_24_61_g5260/S         -       CI->S  R     FA1D1BWP30P140         3  3.9    22    46     626    (-,-) 
  genblk1[12].multip/mul_24_61_g5252/ZN        -       A1->ZN F     AOI222D1BWP30P140      1  1.6    45    15     641    (-,-) 
  genblk1[12].multip/mul_24_61_g5249/ZN        -       A1->ZN R     CKND2D1BWP30P140       1  2.3    23    22     663    (-,-) 
  genblk1[12].multip/mul_24_61_g5243/Z         -       A1->Z  R     XOR2UD1BWP30P140       1  2.5    24    18     681    (-,-) 
  genblk1[12].multip/mul_24_61_cdnfadd_019_4/S -       CI->S  F     FA1D1BWP30P140         1  3.0    16    41     722    (-,-) 
  genblk1[12].multip/mul_24_61_g5228/CO        -       B->CO  F     FA1D1BWP30P140         1  2.4    12    28     750    (-,-) 
  genblk1[12].multip/mul_24_61_g5227/CO        -       CI->CO F     FA1D1BWP30P140         1  2.4    12    24     774    (-,-) 
  genblk1[12].multip/mul_24_61_g5226/CO        -       CI->CO F     FA1D1BWP30P140         1  2.4    12    24     798    (-,-) 
  genblk1[12].multip/mul_24_61_g5225/CO        -       CI->CO F     FA1D1BWP30P140         1  2.4    12    24     823    (-,-) 
  genblk1[12].multip/mul_24_61_g5224/CO        -       CI->CO F     FA1D1BWP30P140         1  2.4    12    24     847    (-,-) 
  genblk1[12].multip/mul_24_61_g5223/CO        -       CI->CO F     FA1D1BWP30P140         1  2.4    12    24     871    (-,-) 
  genblk1[12].multip/mul_24_61_g5222/CO        -       CI->CO F     FA1D1BWP30P140         1  2.4    12    24     895    (-,-) 
  genblk1[12].multip/mul_24_61_g5221/S         -       CI->S  R     FA1D1BWP30P140         1  1.8    14    40     935    (-,-) 
  g24970/ZN                                    -       B1->ZN F     AOI22D1BWP30P140       1  1.7    62    15     950    (-,-) 
  g24641/ZN                                    -       B->ZN  R     IOA21D1BWP30P140       1  1.8    20    18     968    (-,-) 
  registers_reg[12][18]/D                      <<<     -      R     DFCNQD1BWP30P140       1    -     -     0     968    (-,-) 
#------------------------------------------------------------------------------------------------------------------------------


