============================================================
  Generated by:           Genus(TM) Synthesis Solution 22.17-s071_1
  Generated on:           May 07 2025  10:04:23 pm
  Module:                 conv
  Library domain:         timing_cond_0p81v_125c
    Domain index:         0
    Technology library:   tcbn28hpcplusbwp30p140ssg0p81v125c 110
  Operating conditions:   ssg0p81v125c 
  Interconnect mode:      global
  Area mode:              physical library
============================================================

      Instance         Module    Cell Count  Cell Area  Net Area   Total Area 
------------------------------------------------------------------------------
conv                                  25439  29190.168 14010.266    43200.434 
  genblk1[0].multip  Multip             563    598.374   237.840      836.214 
  genblk1[1].multip  Multip_376         563    598.374   237.840      836.214 
  genblk1[2].multip  Multip_375         563    598.374   237.840      836.214 
  genblk1[3].multip  Multip_374         563    598.374   237.840      836.214 
  genblk1[4].multip  Multip_373         563    598.374   237.840      836.214 
  genblk1[5].multip  Multip_372         563    598.374   237.840      836.214 
  genblk1[6].multip  Multip_371         563    598.374   237.840      836.214 
  genblk1[7].multip  Multip_370         563    598.374   237.840      836.214 
  genblk1[8].multip  Multip_369         563    598.374   237.840      836.214 
  genblk1[9].multip  Multip_368         563    598.374   237.840      836.214 
  genblk1[10].multip Multip_367         563    598.374   237.840      836.214 
  genblk1[11].multip Multip_366         563    598.374   237.840      836.214 
  genblk1[12].multip Multip_365         563    598.374   237.840      836.214 
  genblk1[13].multip Multip_364         563    598.374   237.840      836.214 
  genblk1[14].multip Multip_363         563    598.374   237.840      836.214 
  genblk1[15].multip Multip_362         563    598.374   237.840      836.214 
  genblk1[16].multip Multip_361         563    598.374   237.840      836.214 
  genblk1[17].multip Multip_360         563    598.374   237.840      836.214 
  genblk1[18].multip Multip_359         563    598.374   237.840      836.214 
  genblk1[19].multip Multip_358         563    598.374   237.840      836.214 
  genblk1[20].multip Multip_357         563    598.374   237.840      836.214 
  genblk1[21].multip Multip_356         563    598.374   237.840      836.214 
  genblk1[22].multip Multip_355         563    598.374   237.840      836.214 
  genblk1[23].multip Multip_354         563    598.374   237.840      836.214 
  genblk1[24].multip Multip_353         563    598.374   237.840      836.214 
  genblk1[25].multip Multip_352         563    598.374   237.840      836.214 
  genblk1[26].multip Multip_351         563    598.374   237.840      836.214 
  genblk1[27].multip Multip_350         563    598.374   237.840      836.214 
  genblk1[28].multip Multip_349         563    598.374   237.840      836.214 
  genblk1[29].multip Multip_348         563    598.374   237.840      836.214 
  genblk1[30].multip Multip_347         563    598.374   237.840      836.214 
  genblk1[31].multip Multip_346         563    598.374   237.840      836.214 
  genblk1[32].multip Multip_345         563    598.374   237.840      836.214 
  genblk1[33].multip Multip_344         563    598.374   237.840      836.214 
  genblk1[34].multip Multip_343         563    598.374   237.840      836.214 
  genblk1[35].multip Multip_342         563    598.374   237.840      836.214 
  inv                Inverse           1053   2221.506   494.334     2715.840 
    matrix_a0        MatrixA0           351    740.502   127.134      867.636 
      csa_p0         CSA_3_298           39     82.278    14.126       96.404 
        layer1       FA_324              20     42.462     0.000       42.462 
      csa_p1         CSA_3_297           39     82.278    14.126       96.404 
        layer1       FA_323              20     42.462     0.000       42.462 
      csa_p2         CSA_3_296           39     82.278    14.126       96.404 
        layer1       FA_322              20     42.462     0.000       42.462 
      csa_p3         CSA_3_295           39     82.278    14.126       96.404 
        layer1       FA_321              20     42.462     0.000       42.462 
      csa_p4         CSA_3_294           39     82.278    14.126       96.404 
        layer1       FA_320              20     42.462     0.000       42.462 
      csa_p5         CSA_3_293           39     82.278    14.126       96.404 
        layer1       FA_319              20     42.462     0.000       42.462 
      csa_p6         CSA_3_292           39     82.278    14.126       96.404 
        layer1       FA_318              20     42.462     0.000       42.462 
      csa_p7         CSA_3_291           39     82.278    14.126       96.404 
        layer1       FA_317              20     42.462     0.000       42.462 
      csa_p8         CSA_3_290           39     82.278    14.126       96.404 
        layer1       FA_316              20     42.462     0.000       42.462 
    matrix_a1        MatrixA1           702   1481.004   254.269     1735.273 
      csa_p0         CSA_3               39     82.278    14.126       96.404 
        layer1       FA                  20     42.462     0.000       42.462 
      csa_p1         CSA_3_315           39     82.278    14.126       96.404 
        layer1       FA_341              20     42.462     0.000       42.462 
      csa_p2         CSA_3_314           39     82.278    14.126       96.404 
        layer1       FA_340              20     42.462     0.000       42.462 
      csa_p3         CSA_3_313           39     82.278    14.126       96.404 
        layer1       FA_339              20     42.462     0.000       42.462 
      csa_p4         CSA_3_312           39     82.278    14.126       96.404 
        layer1       FA_338              20     42.462     0.000       42.462 
      csa_p5         CSA_3_311           39     82.278    14.126       96.404 
        layer1       FA_337              20     42.462     0.000       42.462 
      csa_p6         CSA_3_310           39     82.278    14.126       96.404 
        layer1       FA_336              20     42.462     0.000       42.462 
      csa_p7         CSA_3_309           39     82.278    14.126       96.404 
        layer1       FA_335              20     42.462     0.000       42.462 
      csa_p8         CSA_3_308           39     82.278    14.126       96.404 
        layer1       FA_334              20     42.462     0.000       42.462 
      csa_p9         CSA_3_307           39     82.278    14.126       96.404 
        layer1       FA_333              20     42.462     0.000       42.462 
      csa_p10        CSA_3_306           39     82.278    14.126       96.404 
        layer1       FA_332              20     42.462     0.000       42.462 
      csa_p11        CSA_3_305           39     82.278    14.126       96.404 
        layer1       FA_331              20     42.462     0.000       42.462 
      csa_p12        CSA_3_304           39     82.278    14.126       96.404 
        layer1       FA_330              20     42.462     0.000       42.462 
      csa_p13        CSA_3_303           39     82.278    14.126       96.404 
        layer1       FA_329              20     42.462     0.000       42.462 
      csa_p14        CSA_3_302           39     82.278    14.126       96.404 
        layer1       FA_328              20     42.462     0.000       42.462 
      csa_p15        CSA_3_301           39     82.278    14.126       96.404 
        layer1       FA_327              20     42.462     0.000       42.462 
      csa_p16        CSA_3_300           39     82.278    14.126       96.404 
        layer1       FA_326              20     42.462     0.000       42.462 
      csa_p17        CSA_3_299           39     82.278    14.126       96.404 
        layer1       FA_325              20     42.462     0.000       42.462 
  trf                Transform         1971   2904.552   678.923     3583.475 
    matrix_c0        MatrixC0           891   1321.488   292.397     1613.885 
      csa_n0         CSA_2               20     41.958     4.793       46.751 
      csa_n1         CSA_2_285           20     41.958     4.793       46.751 
      csa_n2         CSA_2_280           20     41.958     4.793       46.751 
      csa_n6         CSA_2_289           20     41.958     4.793       46.751 
      csa_n7         CSA_2_284           20     41.958     4.793       46.751 
      csa_n8         CSA_2_279           20     41.958     4.793       46.751 
      csa_n12        CSA_2_288           20     41.958     4.793       46.751 
      csa_n13        CSA_2_283           20     41.958     4.793       46.751 
      csa_n14        CSA_2_278           20     41.958     4.793       46.751 
      csa_n18        CSA_2_287           20     41.958     4.793       46.751 
      csa_n19        CSA_2_282           20     41.958     4.793       46.751 
      csa_n20        CSA_2_277           20     41.958     4.793       46.751 
      csa_n24        CSA_2_286           20     41.958     4.793       46.751 
      csa_n25        CSA_2_281           20     41.958     4.793       46.751 
      csa_n26        CSA_2_276           20     41.958     4.793       46.751 
    matrix_c1        MatrixC1          1080   1583.064   356.256     1939.320 
      csa_n0         CSA_2_275           20     41.958     4.793       46.751 
      csa_n1         CSA_2_274           20     41.958     4.793       46.751 
      csa_n2         CSA_2_273           20     41.958     4.793       46.751 
      csa_n3         CSA_2_272           20     41.958     4.793       46.751 
      csa_n4         CSA_2_271           20     41.958     4.793       46.751 
      csa_n5         CSA_2_270           20     41.958     4.793       46.751 
      csa_n6         CSA_2_269           20     41.958     4.793       46.751 
      csa_n7         CSA_2_268           20     41.958     4.793       46.751 
      csa_n8         CSA_2_267           20     41.958     4.793       46.751 
      csa_n9         CSA_2_266           20     41.958     4.793       46.751 
      csa_n10        CSA_2_265           20     41.958     4.793       46.751 
      csa_n11        CSA_2_264           20     41.958     4.793       46.751 
      csa_n12        CSA_2_263           20     41.958     4.793       46.751 
      csa_n13        CSA_2_262           20     41.958     4.793       46.751 
      csa_n14        CSA_2_261           20     41.958     4.793       46.751 
      csa_n15        CSA_2_260           20     41.958     4.793       46.751 
      csa_n16        CSA_2_259           20     41.958     4.793       46.751 
      csa_n17        CSA_2_258           20     41.958     4.793       46.751 
