============================================================
  Generated by:           Genus(TM) Synthesis Solution 21.12-s068_1
  Generated on:           Aug 30 2026  06:53:44 pm
  Module:                 Conv
  Operating conditions:   ssg0p81v125c 
  Interconnect mode:      global
  Area mode:              physical library
============================================================


Path 1: MET (0 ps) Late External Delay Assertion at pin p_output_data_write[19]
           View: analysis_view_0p81v_125c_capwst_slowest
          Group: clk
     Startpoint: (R) r_output_write_count_reg[0]/CP
          Clock: (R) clk
       Endpoint: (F) p_output_data_write[19]
          Clock: (R) clk

                     Capture       Launch     
        Clock Edge:+    2000            0     
       Src Latency:+       0            0     
       Net Latency:+       0 (I)        0 (I) 
           Arrival:=    2000            0     
                                              
      Output Delay:-    1000                  
     Required Time:=    1000                  
      Launch Clock:-       0                  
         Data Path:-    1000                  
             Slack:=       0                  

Exceptions/Constraints:
  output_delay             1000            constraints.sdc_line_25_78_1 

#------------------------------------------------------------------------------------------------------------------
#         Timing Point           Flags    Arc   Edge        Cell          Fanout Load Trans Delay Arrival Instance 
#                                                                                (fF)  (ps)  (ps)   (ps)  Location 
#------------------------------------------------------------------------------------------------------------------
  r_output_write_count_reg[0]/CP -       -      R     (arrival)               65    -     0     0       0    (-,-) 
  r_output_write_count_reg[0]/Q  -       CP->Q  F     EDFCND1BWP30P140         9 11.8    63    82      82    (-,-) 
  g25520/ZN                      -       A2->ZN R     ND2D1BWP30P140           5  7.0    50    48     130    (-,-) 
  g25475/ZN                      -       I->ZN  F     CKND6BWP30P140          39 34.1    39    33     162    (-,-) 
  g24860/ZN                      -       B1->ZN R     AOI22D1BWP30P140         1  1.3    30    33     196    (-,-) 
  g24733/ZN                      -       A1->ZN F     ND2OPTIBD1BWP30P140      2  1.8    26    21     217    (-,-) 
  add_878_69_g482/Z              -       A1->Z  F     CKAN2D1BWP30P140         2  2.9    20    32     249    (-,-) 
  add_878_69_g480/CO             -       CI->CO F     FA1D1BWP30P140           1  2.1    22    43     292    (-,-) 
  add_878_69_g479/CO             -       CI->CO F     FA1D2BWP30P140           1  2.5    19    43     335    (-,-) 
  add_878_69_g478/CO             -       CI->CO F     FA1OPTCD1BWP30P140       1  2.1    21    30     365    (-,-) 
  add_878_69_g477/CO             -       CI->CO F     FA1D1BWP30P140           1  2.5    23    44     410    (-,-) 
  add_878_69_g476/CO             -       CI->CO F     FA1OPTCD1BWP30P140       1  2.5    23    33     443    (-,-) 
  add_878_69_g475/CO             -       CI->CO F     FA1OPTCD1BWP30P140       1  2.5    23    33     476    (-,-) 
  add_878_69_g474/CO             -       CI->CO F     FA1OPTCD1BWP30P140       1  2.5    23    33     509    (-,-) 
  add_878_69_g473/CO             -       CI->CO F     FA1OPTCD1BWP30P140       1  2.5    23    33     542    (-,-) 
  add_878_69_g472/CO             -       CI->CO F     FA1OPTCD1BWP30P140       1  2.5    23    33     574    (-,-) 
  add_878_69_g471/CO             -       CI->CO F     FA1OPTCD1BWP30P140       1  2.1    21    32     606    (-,-) 
  add_878_69_g470/CO             -       CI->CO F     FA1D1BWP30P140           1  2.1    22    43     649    (-,-) 
  add_878_69_g469/CO             -       CI->CO F     FA1D1BWP30P140           1  2.1    22    43     693    (-,-) 
  add_878_69_g468/CO             -       CI->CO F     FA1D1BWP30P140           1  2.1    22    43     736    (-,-) 
  add_878_69_g467/CO             -       CI->CO F     FA1D1BWP30P140           1  2.1    22    43     780    (-,-) 
  add_878_69_g466/CO             -       CI->CO F     FA1D1BWP30P140           1  2.1    22    43     823    (-,-) 
  add_878_69_g465/CO             -       CI->CO F     FA1D1BWP30P140           1  2.1    22    43     866    (-,-) 
  add_878_69_g464/CO             -       CI->CO F     FA1D1BWP30P140           1  2.1    22    43     910    (-,-) 
  add_878_69_g463/CO             -       CI->CO F     FA1D1BWP30P140           1  1.3    18    40     950    (-,-) 
  add_878_69_g462/Z              -       A3->Z  F     XOR3UD1BWP30P140         1  4.8    58    50     999    (-,-) 
  p_output_data_write[19]        <<<     -      F     (port)                   -    -     -     0    1000    (-,-) 
#------------------------------------------------------------------------------------------------------------------


