============================================================
  Generated by:           Genus(TM) Synthesis Solution 21.12-s068_1
  Generated on:           Sep 01 2026  04:15:01 pm
  Module:                 Conv
  Operating conditions:   ssg0p81v125c 
  Operating conditions:   tt0p9v25c 
  Operating conditions:   ffg0p99vm40c 
  Interconnect mode:      global
  Area mode:              physical library
============================================================


Path 1: MET (407 ps) Late External Delay Assertion at pin p_output_data_write[19]
           View: analysis_view_0p99v_m40c_capbst_fastest
          Group: clk
     Startpoint: (R) r_output_write_count_reg[0]/CP
          Clock: (R) clk
       Endpoint: (F) p_output_data_write[19]
          Clock: (R) clk

                     Capture       Launch     
        Clock Edge:+    2000            0     
       Src Latency:+       0            0     
       Net Latency:+       0 (I)        0 (I) 
           Arrival:=    2000            0     
                                              
      Output Delay:-    1000                  
     Required Time:=    1000                  
      Launch Clock:-       0                  
         Data Path:-     593                  
             Slack:=     407                  

Exceptions/Constraints:
  output_delay             1000            tmp_sdc_analysis_vie_1_line_263 

#-----------------------------------------------------------------------------------------------------------------
#         Timing Point           Flags    Arc   Edge        Cell         Fanout Load Trans Delay Arrival Instance 
#                                                                               (fF)  (ps)  (ps)   (ps)  Location 
#-----------------------------------------------------------------------------------------------------------------
  r_output_write_count_reg[0]/CP -       -      R     (arrival)              64    -     0     0       0    (-,-) 
  r_output_write_count_reg[0]/Q  -       CP->Q  F     EDFCND1BWP30P140       10 19.1    60    62      62    (-,-) 
  g2/ZN                          -       A1->ZN F     INR2D1BWP30P140         4  5.2    21    32      93    (-,-) 
  g25690/Z                       -       I->Z   F     BUFFD2BWP30P140        35 39.2    63    48     141    (-,-) 
  g25603/ZN                      -       B1->ZN R     AOI22D1BWP30P140        1  1.7    22    28     169    (-,-) 
  g25476/ZN                      -       A1->ZN F     ND2D1BWP30P140          1  3.1    22    18     187    (-,-) 
  add_870_69_g1256/CO            -       A->CO  F     FA1D1BWP30P140          1  2.4    13    31     218    (-,-) 
  add_870_69_g1255/CO            -       CI->CO F     FA1D1BWP30P140          1  2.4    13    24     242    (-,-) 
  add_870_69_g1254/CO            -       CI->CO F     FA1D1BWP30P140          1  3.0    14    25     268    (-,-) 
  add_870_69_g1253/CO            -       CI->CO F     FA1OPTCD1BWP30P140      1  3.0    14    20     287    (-,-) 
  add_870_69_g1252/CO            -       CI->CO F     FA1OPTCD1BWP30P140      1  3.0    14    20     307    (-,-) 
  add_870_69_g1251/CO            -       CI->CO F     FA1OPTCD1BWP30P140      3  4.4    18    22     329    (-,-) 
  add_870_69_g1249/Z             -       A1->Z  F     AO21D1BWP30P140         1  2.4    11    18     347    (-,-) 
  add_870_69_g1246/CO            -       CI->CO F     FA1D1BWP30P140          1  2.4    12    24     371    (-,-) 
  add_870_69_g1245/CO            -       CI->CO F     FA1D1BWP30P140          1  2.4    12    24     395    (-,-) 
  add_870_69_g1244/CO            -       CI->CO F     FA1D1BWP30P140          1  2.4    12    24     419    (-,-) 
  add_870_69_g1243/CO            -       CI->CO F     FA1D1BWP30P140          1  2.4    12    24     444    (-,-) 
  add_870_69_g1242/CO            -       CI->CO F     FA1D1BWP30P140          1  2.4    12    24     468    (-,-) 
  add_870_69_g1241/CO            -       CI->CO F     FA1D1BWP30P140          1  2.4    12    24     492    (-,-) 
  add_870_69_g1240/CO            -       CI->CO F     FA1D1BWP30P140          1  2.4    12    24     516    (-,-) 
  add_870_69_g1239/CO            -       CI->CO F     FA1D1BWP30P140          1  2.4    12    24     540    (-,-) 
  add_870_69_g1238/CO            -       CI->CO F     FA1D1BWP30P140          1  1.8    11    23     563    (-,-) 
  add_870_69_g1237/Z             -       A3->Z  F     XOR3UD1BWP30P140        1  5.2    34    30     593    (-,-) 
  p_output_data_write[19]        <<<     -      F     (port)                  -    -     -     0     593    (-,-) 
#-----------------------------------------------------------------------------------------------------------------


