Copyright 1986-2022 Xilinx, Inc. All Rights Reserved. Copyright 2022-2023 Advanced Micro Devices, Inc. All Rights Reserved.
-------------------------------------------------------------------------------------------------------------------------------------------------------------------------------------------------
| Tool Version : Vivado v.2023.2 (lin64) Build 4029153 Fri Oct 13 20:13:54 MDT 2023
| Date         : Mon Sep 28 20:07:28 2026
| Host         : paxos.inf.pucrs.br running 64-bit Rocky Linux release 8.10 (Green Obsidian)
| Command      : report_utilization -hierarchical -file /sim/tarsio/fastconv-exact-pipelined-d031bbaa/rtl/conv2x2/fpga_zcu104/stream08_pipeline_campaign/reports/exact-pipelined/utilization.rpt
| Design       : Conv
| Device       : xczu7ev-ffvc1156-2-e
| Speed File   : -2
| Design State : Routed
-------------------------------------------------------------------------------------------------------------------------------------------------------------------------------------------------

Utilization Design Information

Table of Contents
-----------------
1. Utilization by Hierarchy

1. Utilization by Hierarchy
---------------------------

+-------------------+-----------------------------------------+------------+------------+---------+------+------+--------+--------+------+------------+
|      Instance     |                  Module                 | Total LUTs | Logic LUTs | LUTRAMs | SRLs |  FFs | RAMB36 | RAMB18 | URAM | DSP Blocks |
+-------------------+-----------------------------------------+------------+------------+---------+------+------+--------+--------+------+------------+
| Conv              |                                   (top) |       2961 |       2961 |       0 |    0 | 1270 |      0 |      0 |    0 |          8 |
|   (Conv)          |                                   (top) |        710 |        710 |       0 |    0 | 1270 |      0 |      0 |    0 |          0 |
|   multip0         |                      MultipSpatialExact |         64 |         64 |       0 |    0 |    0 |      0 |      0 |    0 |          1 |
|   multip1         |                    MultipSpatialExact_0 |         86 |         86 |       0 |    0 |    0 |      0 |      0 |    0 |          1 |
|   multip2         |                    MultipSpatialExact_1 |         65 |         65 |       0 |    0 |    0 |      0 |      0 |    0 |          1 |
|   multip3         |                    MultipSpatialExact_2 |         44 |         44 |       0 |    0 |    0 |      0 |      0 |    0 |          1 |
|   multip4         |                    MultipSpatialExact_3 |         59 |         59 |       0 |    0 |    0 |      0 |      0 |    0 |          1 |
|   multip5         |                    MultipSpatialExact_4 |         79 |         79 |       0 |    0 |    0 |      0 |      0 |    0 |          1 |
|   multip6         |                    MultipSpatialExact_5 |         60 |         60 |       0 |    0 |    0 |      0 |      0 |    0 |          1 |
|   multip7         |                    MultipSpatialExact_6 |         39 |         39 |       0 |    0 |    0 |      0 |      0 |    0 |          1 |
|   trf             |                               Transform |        720 |        720 |       0 |    0 |    0 |      0 |      0 |    0 |          0 |
|     matrix_c0     |                                MatrixC0 |        440 |        440 |       0 |    0 |    0 |      0 |      0 |    0 |          0 |
|     matrix_c1     |                                MatrixC1 |        280 |        280 |       0 |    0 |    0 |      0 |      0 |    0 |          0 |
|   weight_trf_row0 |                 WeightTransformRowConst |         85 |         85 |       0 |    0 |    0 |      0 |      0 |    0 |          0 |
|   weight_trf_row1 | WeightTransformRowConst__parameterized0 |        420 |        420 |       0 |    0 |    0 |      0 |      0 |    0 |          0 |
|   weight_trf_row2 | WeightTransformRowConst__parameterized1 |        471 |        471 |       0 |    0 |    0 |      0 |      0 |    0 |          0 |
|   weight_trf_row3 | WeightTransformRowConst__parameterized2 |        150 |        150 |       0 |    0 |    0 |      0 |      0 |    0 |          0 |
+-------------------+-----------------------------------------+------------+------------+---------+------+------+--------+--------+------+------------+
* Note: The sum of lower-level cells may be larger than their parent cells total, due to cross-hierarchy LUT combining


