#-----------------------------------------------------------
# Vivado v2023.2 (64-bit)
# SW Build 4029153 on Fri Oct 13 20:13:54 MDT 2023
# IP Build 4028589 on Sat Oct 14 00:45:43 MDT 2023
# SharedData Build 4025554 on Tue Oct 10 17:18:54 MDT 2023
# Start of session at: Mon Sep 28 20:07:47 2026
# Process ID: 2442097
# Current directory: /home/tarsio.onofrio
# Command line: vivado -mode batch -source /sim/tarsio/fastconv-exact-pipelined-d031bbaa/rtl/conv2x2/fpga_zcu104/column_power_comparison/scripts/power_vectorless.tcl -log /sim/tarsio/fastconv-exact-pipelined-d031bbaa/rtl/conv2x2/fpga_zcu104/stream08_pipeline_campaign/reports/exact-pipelined/vectorless.vivado.log -journal /sim/tarsio/fastconv-exact-pipelined-d031bbaa/rtl/conv2x2/fpga_zcu104/stream08_pipeline_campaign/reports/exact-pipelined/vectorless.vivado.jou -tclargs /sim/tarsio/fastconv-exact-pipelined-d031bbaa/rtl/conv2x2/fpga_zcu104/stream08_pipeline_campaign exact-pipelined
# Log file: /sim/tarsio/fastconv-exact-pipelined-d031bbaa/rtl/conv2x2/fpga_zcu104/stream08_pipeline_campaign/reports/exact-pipelined/vectorless.vivado.log
# Journal file: /sim/tarsio/fastconv-exact-pipelined-d031bbaa/rtl/conv2x2/fpga_zcu104/stream08_pipeline_campaign/reports/exact-pipelined/vectorless.vivado.jou
# Running On: paxos.inf.pucrs.br, OS: Linux, CPU Frequency: 3100.000 MHz, CPU Physical cores: 14, Host memory: 134319 MB
#-----------------------------------------------------------
source /sim/tarsio/fastconv-exact-pipelined-d031bbaa/rtl/conv2x2/fpga_zcu104/column_power_comparison/scripts/power_vectorless.tcl
# if {$argc != 2} { error "usage: power_vectorless.tcl <bench-dir> <run>" }
# set bench_dir [file normalize [lindex $argv 0]]
# set run_name [lindex $argv 1]
# set run_dir [file join $bench_dir reports $run_name]
# foreach corner {typical maximum} {
#   open_checkpoint [file join $run_dir design_routed.dcp]
#   reset_switching_activity -all
#   reset_operating_conditions
#   set_operating_conditions -process $corner -ambient_temp 25
#   report_operating_conditions -file [file join $run_dir operating_conditions_vectorless_${corner}.rpt]
#   report_power -hier all -file [file join $run_dir power_vectorless_${corner}.rpt]
#   close_design
# }
Command: open_checkpoint /sim/tarsio/fastconv-exact-pipelined-d031bbaa/rtl/conv2x2/fpga_zcu104/stream08_pipeline_campaign/reports/exact-pipelined/design_routed.dcp

Starting open_checkpoint Task

Time (s): cpu = 00:00:00.02 ; elapsed = 00:00:00.02 . Memory (MB): peak = 1360.035 ; gain = 0.000 ; free physical = 41568 ; free virtual = 125269
INFO: [Device 21-403] Loading part xczu7ev-ffvc1156-2-e
Netlist sorting complete. Time (s): cpu = 00:00:00.02 ; elapsed = 00:00:00.02 . Memory (MB): peak = 2417.113 ; gain = 0.000 ; free physical = 40503 ; free virtual = 124210
INFO: [Netlist 29-17] Analyzing 311 Unisim elements for replacement
INFO: [Netlist 29-28] Unisim Transformation completed in 0 CPU seconds
INFO: [Project 1-479] Netlist was created with Vivado 2023.2
INFO: [Project 1-570] Preparing netlist for logic optimization
Read ShapeDB Complete: Time (s): cpu = 00:00:00 ; elapsed = 00:00:00.01 . Memory (MB): peak = 2417.113 ; gain = 0.000 ; free physical = 40509 ; free virtual = 124209
INFO: [Timing 38-478] Restoring timing data from binary archive.
INFO: [Timing 38-479] Binary timing data restore complete.
INFO: [Project 1-856] Restoring constraints from binary archive.
INFO: [Project 1-853] Binary constraint restore complete.
INFO: [Designutils 20-5722] Start Reading Physical Databases.
Reading placement.
Read Netlist Cache: Time (s): cpu = 00:00:00 ; elapsed = 00:00:00 . Memory (MB): peak = 2855.660 ; gain = 0.000 ; free physical = 40236 ; free virtual = 123937
Reading placer database...
Read Device Cache: Time (s): cpu = 00:00:00.03 ; elapsed = 00:00:00.03 . Memory (MB): peak = 2855.660 ; gain = 0.000 ; free physical = 40230 ; free virtual = 123931
Read PlaceDB: Time (s): cpu = 00:00:00.14 ; elapsed = 00:00:00.14 . Memory (MB): peak = 2855.660 ; gain = 0.000 ; free physical = 40228 ; free virtual = 123929
Read PulsedLatchDB: Time (s): cpu = 00:00:00 ; elapsed = 00:00:00 . Memory (MB): peak = 2855.660 ; gain = 0.000 ; free physical = 40228 ; free virtual = 123929
Reading routing.
Read RouteStorage: Time (s): cpu = 00:00:00.09 ; elapsed = 00:00:00.09 . Memory (MB): peak = 2855.660 ; gain = 0.000 ; free physical = 40227 ; free virtual = 123927
Read Physdb Files: Time (s): cpu = 00:00:00.27 ; elapsed = 00:00:00.28 . Memory (MB): peak = 2855.660 ; gain = 0.000 ; free physical = 40227 ; free virtual = 123927
Restored from archive | CPU: 0.310000 secs | Memory: 7.175674 MB |
Finished XDEF File Restore: Time (s): cpu = 00:00:00.3 ; elapsed = 00:00:00.3 . Memory (MB): peak = 2855.660 ; gain = 0.000 ; free physical = 40227 ; free virtual = 123927
Netlist sorting complete. Time (s): cpu = 00:00:00 ; elapsed = 00:00:00 . Memory (MB): peak = 3260.051 ; gain = 0.000 ; free physical = 39829 ; free virtual = 123529
INFO: [Project 1-111] Unisim Transformation Summary:
  A total of 53 instances were transformed.
  DSP48E2 => DSP48E2 (DSP_ALU, DSP_A_B_DATA, DSP_C_DATA, DSP_MULTIPLIER, DSP_M_DATA, DSP_OUTPUT, DSP_PREADD, DSP_PREADD_DATA): 8 instances
  IBUF => IBUF (IBUFCTRL, INBUF): 45 instances

INFO: [Project 1-604] Checkpoint was created with Vivado v2023.2 (64-bit) build 4029153
open_checkpoint: Time (s): cpu = 00:00:20 ; elapsed = 00:00:21 . Memory (MB): peak = 3260.086 ; gain = 1900.051 ; free physical = 39829 ; free virtual = 123530
Command: report_power -hier all -file /sim/tarsio/fastconv-exact-pipelined-d031bbaa/rtl/conv2x2/fpga_zcu104/stream08_pipeline_campaign/reports/exact-pipelined/power_vectorless_typical.rpt
Running Vector-less Activity Propagation...

Finished Running Vector-less Activity Propagation
12 Infos, 0 Warnings, 0 Critical Warnings and 0 Errors encountered.
report_power completed successfully
report_power: Time (s): cpu = 00:00:11 ; elapsed = 00:00:07 . Memory (MB): peak = 3629.301 ; gain = 186.098 ; free physical = 39686 ; free virtual = 123384
Command: open_checkpoint /sim/tarsio/fastconv-exact-pipelined-d031bbaa/rtl/conv2x2/fpga_zcu104/stream08_pipeline_campaign/reports/exact-pipelined/design_routed.dcp

Starting open_checkpoint Task

Time (s): cpu = 00:00:00 ; elapsed = 00:00:00 . Memory (MB): peak = 3629.301 ; gain = 0.000 ; free physical = 39686 ; free virtual = 123385
Netlist sorting complete. Time (s): cpu = 00:00:00.02 ; elapsed = 00:00:00.02 . Memory (MB): peak = 3629.301 ; gain = 0.000 ; free physical = 39684 ; free virtual = 123383
INFO: [Netlist 29-17] Analyzing 311 Unisim elements for replacement
INFO: [Netlist 29-28] Unisim Transformation completed in 0 CPU seconds
INFO: [Project 1-479] Netlist was created with Vivado 2023.2
INFO: [Project 1-570] Preparing netlist for logic optimization
Read ShapeDB Complete: Time (s): cpu = 00:00:00 ; elapsed = 00:00:00.01 . Memory (MB): peak = 3629.301 ; gain = 0.000 ; free physical = 39674 ; free virtual = 123372
INFO: [Timing 38-478] Restoring timing data from binary archive.
INFO: [Timing 38-479] Binary timing data restore complete.
INFO: [Project 1-856] Restoring constraints from binary archive.
INFO: [Project 1-853] Binary constraint restore complete.
INFO: [Designutils 20-5722] Start Reading Physical Databases.
Reading placement.
Read Netlist Cache: Time (s): cpu = 00:00:00.01 ; elapsed = 00:00:00.01 . Memory (MB): peak = 3629.301 ; gain = 0.000 ; free physical = 39667 ; free virtual = 123366
Reading placer database...
Read Device Cache: Time (s): cpu = 00:00:00.02 ; elapsed = 00:00:00.02 . Memory (MB): peak = 3629.301 ; gain = 0.000 ; free physical = 39667 ; free virtual = 123366
Read PlaceDB: Time (s): cpu = 00:00:00.14 ; elapsed = 00:00:00.14 . Memory (MB): peak = 3629.301 ; gain = 0.000 ; free physical = 39667 ; free virtual = 123366
Read PulsedLatchDB: Time (s): cpu = 00:00:00 ; elapsed = 00:00:00 . Memory (MB): peak = 3629.301 ; gain = 0.000 ; free physical = 39667 ; free virtual = 123366
Reading routing.
Read RouteStorage: Time (s): cpu = 00:00:00.09 ; elapsed = 00:00:00.09 . Memory (MB): peak = 3629.301 ; gain = 0.000 ; free physical = 39667 ; free virtual = 123366
Read Physdb Files: Time (s): cpu = 00:00:00.27 ; elapsed = 00:00:00.28 . Memory (MB): peak = 3629.301 ; gain = 0.000 ; free physical = 39667 ; free virtual = 123366
Restored from archive | CPU: 0.280000 secs | Memory: 6.120071 MB |
Finished XDEF File Restore: Time (s): cpu = 00:00:00.27 ; elapsed = 00:00:00.28 . Memory (MB): peak = 3629.301 ; gain = 0.000 ; free physical = 39667 ; free virtual = 123366
Netlist sorting complete. Time (s): cpu = 00:00:00 ; elapsed = 00:00:00 . Memory (MB): peak = 3629.301 ; gain = 0.000 ; free physical = 39667 ; free virtual = 123366
INFO: [Project 1-111] Unisim Transformation Summary:
  A total of 53 instances were transformed.
  DSP48E2 => DSP48E2 (DSP_ALU, DSP_A_B_DATA, DSP_C_DATA, DSP_MULTIPLIER, DSP_M_DATA, DSP_OUTPUT, DSP_PREADD, DSP_PREADD_DATA): 8 instances
  IBUF => IBUF (IBUFCTRL, INBUF): 45 instances

INFO: [Project 1-604] Checkpoint was created with Vivado v2023.2 (64-bit) build 4029153
Command: report_power -hier all -file /sim/tarsio/fastconv-exact-pipelined-d031bbaa/rtl/conv2x2/fpga_zcu104/stream08_pipeline_campaign/reports/exact-pipelined/power_vectorless_maximum.rpt
Running Vector-less Activity Propagation...

Finished Running Vector-less Activity Propagation
11 Infos, 0 Warnings, 0 Critical Warnings and 0 Errors encountered.
report_power completed successfully
# exit
INFO: [Common 17-206] Exiting Vivado at Mon Sep 28 20:08:26 2026...
