============================================================
  Generated by:           Genus(TM) Synthesis Solution 21.12-s068_1
  Generated on:           Jan 18 2026  05:05:01 pm
  Module:                 System
  Operating conditions:   ssg0p81v125c 
  Interconnect mode:      global
  Area mode:              physical library
============================================================


Path 1: MET (1 ps) Late External Delay Assertion at pin p_output_data_write[19]
           View: analysis_view_0p81v_125c_capwst_slowest
          Group: clk
     Startpoint: (R) control/r_addr_count_write_out_reg[1]/CP
          Clock: (R) clk
       Endpoint: (F) p_output_data_write[19]
          Clock: (R) clk

                     Capture       Launch     
        Clock Edge:+    2000            0     
       Src Latency:+       0            0     
       Net Latency:+       0 (I)        0 (I) 
           Arrival:=    2000            0     
                                              
      Output Delay:-    1000                  
     Required Time:=    1000                  
      Launch Clock:-       0                  
         Data Path:-     999                  
             Slack:=       1                  

Exceptions/Constraints:
  output_delay             1000            constraints.sdc_line_25_78_1 

#----------------------------------------------------------------------------------------------------------------------------
#              Timing Point                Flags    Arc   Edge        Cell          Fanout Load Trans Delay Arrival Instance 
#                                                                                          (fF)  (ps)  (ps)   (ps)  Location 
#----------------------------------------------------------------------------------------------------------------------------
  control/r_addr_count_write_out_reg[1]/CP -       -      R     (arrival)               76    -     0     0       0    (-,-) 
  control/r_addr_count_write_out_reg[1]/Q  -       CP->Q  F     DFKCNQD2BWP30P140        5  8.2    25    72      72    (-,-) 
  control/g25685__5122/ZN                  -       A2->ZN R     ND2D2BWP30P140           8  9.6    32    27     100    (-,-) 
  control/g25669/ZN                        -       I->ZN  F     CKND6BWP30P140          38 33.3    34    28     127    (-,-) 
  control/g25965/ZN                        -       A1->ZN R     MAOI22D1BWP30P140        1  1.3    25    23     151    (-,-) 
  control/g25194__7098/ZN                  -       A1->ZN F     ND2OPTIBD1BWP30P140      2  1.8    25    20     171    (-,-) 
  control/add_1022_65_g482__6131/Z         -       A1->Z  F     CKAN2D1BWP30P140         2  2.9    20    32     203    (-,-) 
  control/add_1022_65_g480__8246/CO        -       CI->CO F     FA1D1BWP30P140           1  2.1    22    43     246    (-,-) 
  control/add_1022_65_g479__5122/CO        -       CI->CO F     FA1D1BWP30P140           1  2.1    22    43     289    (-,-) 
  control/add_1022_65_g478__1705/CO        -       CI->CO F     FA1D1BWP30P140           1  2.1    22    43     333    (-,-) 
  control/add_1022_65_g477__2802/CO        -       CI->CO F     FA1D1BWP30P140           1  2.1    22    43     376    (-,-) 
  control/add_1022_65_g476__1617/CO        -       CI->CO F     FA1D1BWP30P140           1  2.1    22    43     420    (-,-) 
  control/add_1022_65_g475__3680/CO        -       CI->CO F     FA1D1BWP30P140           1  2.1    22    43     463    (-,-) 
  control/add_1022_65_g474__6783/CO        -       CI->CO F     FA1D1BWP30P140           1  2.5    23    45     508    (-,-) 
  control/add_1022_65_g473__5526/CO        -       CI->CO F     FA1OPTCD1BWP30P140       1  2.5    23    33     541    (-,-) 
  control/add_1022_65_g472__8428/CO        -       CI->CO F     FA1OPTCD1BWP30P140       1  2.5    23    33     574    (-,-) 
  control/add_1022_65_g471__4319/CO        -       CI->CO F     FA1OPTCD1BWP30P140       1  2.1    21    32     605    (-,-) 
  control/add_1022_65_g470__6260/CO        -       CI->CO F     FA1D1BWP30P140           1  2.1    22    43     648    (-,-) 
  control/add_1022_65_g469__5107/CO        -       CI->CO F     FA1D1BWP30P140           1  2.1    22    43     692    (-,-) 
  control/add_1022_65_g468__2398/CO        -       CI->CO F     FA1D1BWP30P140           1  2.1    22    43     735    (-,-) 
  control/add_1022_65_g467__5477/CO        -       CI->CO F     FA1D1BWP30P140           1  2.1    22    43     779    (-,-) 
  control/add_1022_65_g466__6417/CO        -       CI->CO F     FA1D1BWP30P140           1  2.1    22    43     822    (-,-) 
  control/add_1022_65_g465__7410/CO        -       CI->CO F     FA1D1BWP30P140           1  2.1    22    43     865    (-,-) 
  control/add_1022_65_g464__1666/CO        -       CI->CO F     FA1D1BWP30P140           1  2.1    22    43     909    (-,-) 
  control/add_1022_65_g463__2346/CO        -       CI->CO F     FA1D1BWP30P140           1  1.3    18    40     949    (-,-) 
  control/add_1022_65_g462__2883/Z         -       A3->Z  F     XOR3UD1BWP30P140         1  4.8    58    50     998    (-,-) 
  p_output_data_write[19]                  <<<     -      F     (port)                   -    -     -     0     999    (-,-) 
#----------------------------------------------------------------------------------------------------------------------------


