============================================================
  Generated by:           Genus(TM) Synthesis Solution 21.12-s068_1
  Generated on:           Jan 18 2026  05:05:00 pm
  Module:                 System
  Library domain:         timing_cond_0p81v_125c
    Domain index:         0
    Technology library:   tcbn28hpcplusbwp30p140ssg0p81v125c 110
  Operating conditions:   ssg0p81v125c 
  Interconnect mode:      global
  Area mode:              physical library
============================================================

                                                                                Library 
        Gate          Instances    Area                  Library                 Domain 
----------------------------------------------------------------------------------------
AN2D0BWP30P140                1     0.504    tcbn28hpcplusbwp30p140ssg0p81v125c       0 
AN2D1BWP30P140                2     1.008    tcbn28hpcplusbwp30p140ssg0p81v125c       0 
AN2D2BWP30P140                1     0.630    tcbn28hpcplusbwp30p140ssg0p81v125c       0 
AN2D4BWP30P140                1     1.134    tcbn28hpcplusbwp30p140ssg0p81v125c       0 
AN3D1BWP30P140                3     1.890    tcbn28hpcplusbwp30p140ssg0p81v125c       0 
AN3D2BWP30P140                2     1.512    tcbn28hpcplusbwp30p140ssg0p81v125c       0 
AN3D4BWP30P140                1     1.386    tcbn28hpcplusbwp30p140ssg0p81v125c       0 
AN4D1BWP30P140                3     2.268    tcbn28hpcplusbwp30p140ssg0p81v125c       0 
AO211D1BWP30P140              4     3.024    tcbn28hpcplusbwp30p140ssg0p81v125c       0 
AO21D1BWP30P140             165   103.950    tcbn28hpcplusbwp30p140ssg0p81v125c       0 
AO22D0BWP30P140             473   357.588    tcbn28hpcplusbwp30p140ssg0p81v125c       0 
AOI211D1BWP30P140             4     2.520    tcbn28hpcplusbwp30p140ssg0p81v125c       0 
AOI21D1BWP30P140             12     6.048    tcbn28hpcplusbwp30p140ssg0p81v125c       0 
AOI221D1BWP30P140           209   158.004    tcbn28hpcplusbwp30p140ssg0p81v125c       0 
AOI222D1BWP30P140            16    16.128    tcbn28hpcplusbwp30p140ssg0p81v125c       0 
AOI22D1BWP30P140            445   280.350    tcbn28hpcplusbwp30p140ssg0p81v125c       0 
AOI31D1BWP30P140              2     1.260    tcbn28hpcplusbwp30p140ssg0p81v125c       0 
AOI32D1BWP30P140              1     0.756    tcbn28hpcplusbwp30p140ssg0p81v125c       0 
AOI33D1BWP30P140              1     0.882    tcbn28hpcplusbwp30p140ssg0p81v125c       0 
CKAN2D1BWP30P140             66    33.264    tcbn28hpcplusbwp30p140ssg0p81v125c       0 
CKLNQD1BWP30P140             59   111.510    tcbn28hpcplusbwp30p140ssg0p81v125c       0 
CKMUX2D0BWP30P140            25    22.050    tcbn28hpcplusbwp30p140ssg0p81v125c       0 
CKND1BWP30P140              535   134.820    tcbn28hpcplusbwp30p140ssg0p81v125c       0 
CKND2BWP30P140                1     0.378    tcbn28hpcplusbwp30p140ssg0p81v125c       0 
CKND2D1BWP30P140             84    31.752    tcbn28hpcplusbwp30p140ssg0p81v125c       0 
CKND4BWP30P140                1     0.630    tcbn28hpcplusbwp30p140ssg0p81v125c       0 
CKND6BWP30P140                1     0.882    tcbn28hpcplusbwp30p140ssg0p81v125c       0 
DFCND1BWP30P140               3     7.560    tcbn28hpcplusbwp30p140ssg0p81v125c       0 
DFCNQD1BWP30P140              5    11.340    tcbn28hpcplusbwp30p140ssg0p81v125c       0 
DFKCND1BWP30P140             12    25.704    tcbn28hpcplusbwp30p140ssg0p81v125c       0 
DFKCNQD1BWP30P140             2     4.032    tcbn28hpcplusbwp30p140ssg0p81v125c       0 
DFKCNQD2BWP30P140           900  1814.400    tcbn28hpcplusbwp30p140ssg0p81v125c       0 
DFKCSND1BWP30P140             2     5.040    tcbn28hpcplusbwp30p140ssg0p81v125c       0 
DFKSND1BWP30P140             85   203.490    tcbn28hpcplusbwp30p140ssg0p81v125c       0 
DFMQD1BWP30P140               1     2.394    tcbn28hpcplusbwp30p140ssg0p81v125c       0 
DFQD2BWP30P140              242   457.380    tcbn28hpcplusbwp30p140ssg0p81v125c       0 
FA1D1BWP30P140             1262  2703.204    tcbn28hpcplusbwp30p140ssg0p81v125c       0 
FA1OPTCD1BWP30P140            3     7.560    tcbn28hpcplusbwp30p140ssg0p81v125c       0 
HA1D1BWP30P140              118   193.284    tcbn28hpcplusbwp30p140ssg0p81v125c       0 
IAO21D1BWP30P140              3     1.890    tcbn28hpcplusbwp30p140ssg0p81v125c       0 
IND2D1BWP30P140             108    54.432    tcbn28hpcplusbwp30p140ssg0p81v125c       0 
IND2D2BWP30P140               1     0.756    tcbn28hpcplusbwp30p140ssg0p81v125c       0 
IND3D1BWP30P140               2     1.260    tcbn28hpcplusbwp30p140ssg0p81v125c       0 
IND4D1BWP30P140               3     2.268    tcbn28hpcplusbwp30p140ssg0p81v125c       0 
INR2D1BWP30P140             104    52.416    tcbn28hpcplusbwp30p140ssg0p81v125c       0 
INR2D6BWP30P140               1     1.890    tcbn28hpcplusbwp30p140ssg0p81v125c       0 
INR3D0BWP30P140               8     5.040    tcbn28hpcplusbwp30p140ssg0p81v125c       0 
INVD0P7BWP30P140              4     1.008    tcbn28hpcplusbwp30p140ssg0p81v125c       0 
INVD12BWP30P140               1     1.638    tcbn28hpcplusbwp30p140ssg0p81v125c       0 
INVD1BWP30P140                2     0.504    tcbn28hpcplusbwp30p140ssg0p81v125c       0 
INVD8BWP30P140                2     2.268    tcbn28hpcplusbwp30p140ssg0p81v125c       0 
IOA21D1BWP30P140             44    27.720    tcbn28hpcplusbwp30p140ssg0p81v125c       0 
MAOI222D1BWP30P140            2     1.512    tcbn28hpcplusbwp30p140ssg0p81v125c       0 
MAOI22D1BWP30P140             5     3.780    tcbn28hpcplusbwp30p140ssg0p81v125c       0 
MOAI22D1BWP30P140             3     2.268    tcbn28hpcplusbwp30p140ssg0p81v125c       0 
MUX2NUD1BWP30P140             4     3.024    tcbn28hpcplusbwp30p140ssg0p81v125c       0 
ND2D1BWP30P140               52    19.656    tcbn28hpcplusbwp30p140ssg0p81v125c       0 
ND2D2BWP30P140                2     1.260    tcbn28hpcplusbwp30p140ssg0p81v125c       0 
ND2OPTIBD1BWP30P140          11     4.158    tcbn28hpcplusbwp30p140ssg0p81v125c       0 
ND3D1BWP30P140               27    13.608    tcbn28hpcplusbwp30p140ssg0p81v125c       0 
ND4D1BWP30P140                3     1.890    tcbn28hpcplusbwp30p140ssg0p81v125c       0 
NR2D1BWP30P140               42    15.876    tcbn28hpcplusbwp30p140ssg0p81v125c       0 
NR2D3BWP30P140                1     0.882    tcbn28hpcplusbwp30p140ssg0p81v125c       0 
NR2D4BWP30P140                2     2.268    tcbn28hpcplusbwp30p140ssg0p81v125c       0 
NR2D8BWP30P140                1     2.142    tcbn28hpcplusbwp30p140ssg0p81v125c       0 
NR2OPTIBD1BWP30P140          47    17.766    tcbn28hpcplusbwp30p140ssg0p81v125c       0 
NR3D0BWP30P140                5     2.520    tcbn28hpcplusbwp30p140ssg0p81v125c       0 
NR3D0P7BWP30P140              7     3.528    tcbn28hpcplusbwp30p140ssg0p81v125c       0 
NR4D0BWP30P140                3     1.890    tcbn28hpcplusbwp30p140ssg0p81v125c       0 
OA21D1BWP30P140               4     2.520    tcbn28hpcplusbwp30p140ssg0p81v125c       0 
OAI211D1BWP30P140             7     4.410    tcbn28hpcplusbwp30p140ssg0p81v125c       0 
OAI21D1BWP30P140             65    32.760    tcbn28hpcplusbwp30p140ssg0p81v125c       0 
OAI221D1BWP30P140           165   145.530    tcbn28hpcplusbwp30p140ssg0p81v125c       0 
OAI222D1BWP30P140             4     4.032    tcbn28hpcplusbwp30p140ssg0p81v125c       0 
OAI22D1BWP30P140              3     1.890    tcbn28hpcplusbwp30p140ssg0p81v125c       0 
OAI31D1BWP30P140              5     3.150    tcbn28hpcplusbwp30p140ssg0p81v125c       0 
OAI32D1BWP30P140              7     5.292    tcbn28hpcplusbwp30p140ssg0p81v125c       0 
OAI33D1BWP30P140              1     0.882    tcbn28hpcplusbwp30p140ssg0p81v125c       0 
OR2D0BWP30P140               11     5.544    tcbn28hpcplusbwp30p140ssg0p81v125c       0 
OR2D1BWP30P140               14     7.056    tcbn28hpcplusbwp30p140ssg0p81v125c       0 
OR2D2BWP30P140                1     0.630    tcbn28hpcplusbwp30p140ssg0p81v125c       0 
OR3D1BWP30P140                8     5.040    tcbn28hpcplusbwp30p140ssg0p81v125c       0 
OR4D1BWP30P140               64    48.384    tcbn28hpcplusbwp30p140ssg0p81v125c       0 
SDFKCNQARD2BWP30P140          1     2.772    tcbn28hpcplusbwp30p140ssg0p81v125c       0 
XNR2UD1BWP30P140            232   204.624    tcbn28hpcplusbwp30p140ssg0p81v125c       0 
XNR3UD1BWP30P140             37    65.268    tcbn28hpcplusbwp30p140ssg0p81v125c       0 
XNR4D1BWP30P140               4    10.584    tcbn28hpcplusbwp30p140ssg0p81v125c       0 
XOR2UD1BWP30P140             52    45.864    tcbn28hpcplusbwp30p140ssg0p81v125c       0 
XOR3UD1BWP30P140             23    40.572    tcbn28hpcplusbwp30p140ssg0p81v125c       0 
XOR4D0BWP30P140               4    10.584    tcbn28hpcplusbwp30p140ssg0p81v125c       0 
----------------------------------------------------------------------------------------
total                      5965  7610.022                                       


                                                       
            Type             Instances   Area   Area % 
-------------------------------------------------------
sequential                        1253 2534.112   33.3 
inverter                           547  142.128    1.9 
clock_gating_integrated_cell        59  111.510    1.5 
logic                             4106 4822.272   63.4 
physical_cells                       0    0.000    0.0 
-------------------------------------------------------
total                             5965 7610.022  100.0 

