============================================================
  Generated by:           Genus(TM) Synthesis Solution 21.12-s068_1
  Generated on:           Sep 01 2026  01:44:13 am
  Module:                 Conv
  Operating conditions:   ssg0p81v125c 
  Operating conditions:   tt0p9v25c 
  Interconnect mode:      global
  Area mode:              physical library
============================================================


Path 1: MET (243 ps) Late External Delay Assertion at pin p_output_data_write[19]
           View: analysis_view_0p90v_25c_captyp_nominal
          Group: clk
     Startpoint: (R) r_output_write_count_reg[0]/CP
          Clock: (R) clk
       Endpoint: (F) p_output_data_write[19]
          Clock: (R) clk

                     Capture       Launch     
        Clock Edge:+    2000            0     
       Src Latency:+       0            0     
       Net Latency:+       0 (I)        0 (I) 
           Arrival:=    2000            0     
                                              
      Output Delay:-    1000                  
     Required Time:=    1000                  
      Launch Clock:-       0                  
         Data Path:-     757                  
             Slack:=     243                  

Exceptions/Constraints:
  output_delay             1000            tmp_sdc_analysis_vie_line_569 

#------------------------------------------------------------------------------------------------------------------
#         Timing Point           Flags    Arc   Edge        Cell          Fanout Load Trans Delay Arrival Instance 
#                                                                                (fF)  (ps)  (ps)   (ps)  Location 
#------------------------------------------------------------------------------------------------------------------
  r_output_write_count_reg[0]/CP -       -      R     (arrival)                8    -     0     0       0    (-,-) 
  r_output_write_count_reg[0]/Q  -       CP->Q  R     EDFCNQD1BWP30P140        7 10.7    48    63      63    (-,-) 
  g28099/ZN                      -       A1->ZN R     IND2D1BWP30P140          4  7.1    34    34      98    (-,-) 
  g28068/ZN                      -       I->ZN  F     INVD6BWP30P140          38 38.8    31    27     124    (-,-) 
  g27984/ZN                      -       B1->ZN R     AOI22D1BWP30P140         1  1.5    24    26     151    (-,-) 
  g27825/ZN                      -       A1->ZN F     ND2OPTIBD1BWP30P140      1  2.6    24    20     171    (-,-) 
  add_1069_69_g1258/CO           -       B->CO  F     HA1D1BWP30P140           1  2.2    13    22     192    (-,-) 
  add_1069_69_g1257/CO           -       CI->CO F     FA1D1BWP30P140           1  2.2    16    31     223    (-,-) 
  add_1069_69_g1256/CO           -       CI->CO F     FA1D1BWP30P140           1  2.2    16    32     255    (-,-) 
  add_1069_69_g1255/CO           -       CI->CO F     FA1D1BWP30P140           1  2.2    16    32     287    (-,-) 
  add_1069_69_g1254/CO           -       CI->CO F     FA1D1BWP30P140           1  2.7    17    33     320    (-,-) 
  add_1069_69_g1253/CO           -       CI->CO F     FA1OPTCD1BWP30P140       1  2.2    16    24     345    (-,-) 
  add_1069_69_g1252/CO           -       CI->CO F     FA1D1BWP30P140           1  2.3    16    32     377    (-,-) 
  add_1069_69_g1251/CO           -       CI->CO F     FA1D2BWP30P140           3  4.1    16    35     412    (-,-) 
  add_1069_69_g1249/Z            -       A1->Z  F     AO21D1BWP30P140          1  2.2    14    22     434    (-,-) 
  add_1069_69_g1246/CO           -       CI->CO F     FA1D1BWP30P140           1  2.2    16    31     465    (-,-) 
  add_1069_69_g1245/CO           -       CI->CO F     FA1D1BWP30P140           1  2.2    16    32     497    (-,-) 
  add_1069_69_g1244/CO           -       CI->CO F     FA1D1BWP30P140           1  2.2    16    32     529    (-,-) 
  add_1069_69_g1243/CO           -       CI->CO F     FA1D1BWP30P140           1  2.2    16    32     561    (-,-) 
  add_1069_69_g1242/CO           -       CI->CO F     FA1D1BWP30P140           1  2.2    16    32     593    (-,-) 
  add_1069_69_g1241/CO           -       CI->CO F     FA1D1BWP30P140           1  2.2    16    32     625    (-,-) 
  add_1069_69_g1240/CO           -       CI->CO F     FA1D1BWP30P140           1  2.2    16    32     657    (-,-) 
  add_1069_69_g1239/CO           -       CI->CO F     FA1D1BWP30P140           1  2.2    16    32     689    (-,-) 
  add_1069_69_g1238/CO           -       CI->CO F     FA1D1BWP30P140           1  1.5    13    30     719    (-,-) 
  add_1069_69_g1237/Z            -       A3->Z  F     XOR3UD1BWP30P140         1  5.0    45    38     757    (-,-) 
  p_output_data_write[19]        <<<     -      F     (port)                   -    -     -     0     757    (-,-) 
#------------------------------------------------------------------------------------------------------------------


