============================================================
  Generated by:           Genus(TM) Synthesis Solution 21.12-s068_1
  Generated on:           Sep 01 2026  01:44:06 am
  Module:                 Conv
  Library domain:         timing_cond_0p81v_125c
    Domain index:         0
    Technology library:   tcbn28hpcplusbwp30p140ssg0p81v125c 110
  Operating conditions:   ssg0p81v125c 
  Interconnect mode:      global
  Area mode:              physical library
============================================================

                                                                               Library 
        Gate         Instances    Area                  Library                 Domain 
---------------------------------------------------------------------------------------
AN2D1BWP30P140               8     4.032    tcbn28hpcplusbwp30p140ssg0p81v125c       0 
AN2D2BWP30P140               1     0.630    tcbn28hpcplusbwp30p140ssg0p81v125c       0 
AN2D6BWP30P140               1     1.386    tcbn28hpcplusbwp30p140ssg0p81v125c       0 
AN3D1BWP30P140               2     1.260    tcbn28hpcplusbwp30p140ssg0p81v125c       0 
AO211D1BWP30P140             2     1.512    tcbn28hpcplusbwp30p140ssg0p81v125c       0 
AO21D1BWP30P140             83    52.290    tcbn28hpcplusbwp30p140ssg0p81v125c       0 
AO22D0BWP30P140             49    37.044    tcbn28hpcplusbwp30p140ssg0p81v125c       0 
AOI211D1BWP30P140            2     1.260    tcbn28hpcplusbwp30p140ssg0p81v125c       0 
AOI21D1BWP30P140            13     6.552    tcbn28hpcplusbwp30p140ssg0p81v125c       0 
AOI222D1BWP30P140            9     9.072    tcbn28hpcplusbwp30p140ssg0p81v125c       0 
AOI22D1BWP30P140           378   238.140    tcbn28hpcplusbwp30p140ssg0p81v125c       0 
AOI31D1BWP30P140             3     1.890    tcbn28hpcplusbwp30p140ssg0p81v125c       0 
AOI33D1BWP30P140             1     0.882    tcbn28hpcplusbwp30p140ssg0p81v125c       0 
CKAN2D1BWP30P140           113    56.952    tcbn28hpcplusbwp30p140ssg0p81v125c       0 
CKLNQD1BWP30P140            52    98.280    tcbn28hpcplusbwp30p140ssg0p81v125c       0 
CKMUX2D0BWP30P140           18    15.876    tcbn28hpcplusbwp30p140ssg0p81v125c       0 
CKND1BWP30P140             525   132.300    tcbn28hpcplusbwp30p140ssg0p81v125c       0 
CKND2BWP30P140               1     0.378    tcbn28hpcplusbwp30p140ssg0p81v125c       0 
CKND2D1BWP30P140           112    42.336    tcbn28hpcplusbwp30p140ssg0p81v125c       0 
CKND4BWP30P140               1     0.630    tcbn28hpcplusbwp30p140ssg0p81v125c       0 
DFCND1BWP30P140             11    27.720    tcbn28hpcplusbwp30p140ssg0p81v125c       0 
DFCNQD1BWP30P140           918  2082.024    tcbn28hpcplusbwp30p140ssg0p81v125c       0 
DFCNQD2BWP30P140             1     2.646    tcbn28hpcplusbwp30p140ssg0p81v125c       0 
DFKCND1BWP30P140             6    12.852    tcbn28hpcplusbwp30p140ssg0p81v125c       0 
DFKCNQD2BWP30P140           74   149.184    tcbn28hpcplusbwp30p140ssg0p81v125c       0 
DFSND1BWP30P140              1     2.394    tcbn28hpcplusbwp30p140ssg0p81v125c       0 
DFSNQD2BWP30P140             1     2.268    tcbn28hpcplusbwp30p140ssg0p81v125c       0 
EDFCND1BWP30P140             5    15.120    tcbn28hpcplusbwp30p140ssg0p81v125c       0 
EDFCNQD1BWP30P140            6    17.388    tcbn28hpcplusbwp30p140ssg0p81v125c       0 
FA1D1BWP30P140            1315  2816.730    tcbn28hpcplusbwp30p140ssg0p81v125c       0 
FA1D2BWP30P140               1     2.394    tcbn28hpcplusbwp30p140ssg0p81v125c       0 
FA1OPTCD1BWP30P140           1     2.520    tcbn28hpcplusbwp30p140ssg0p81v125c       0 
HA1D1BWP30P140             106   173.628    tcbn28hpcplusbwp30p140ssg0p81v125c       0 
IAO21D1BWP30P140             7     4.410    tcbn28hpcplusbwp30p140ssg0p81v125c       0 
IND2D1BWP30P140             29    14.616    tcbn28hpcplusbwp30p140ssg0p81v125c       0 
IND3D1BWP30P140              4     2.520    tcbn28hpcplusbwp30p140ssg0p81v125c       0 
IND4D1BWP30P140              4     3.024    tcbn28hpcplusbwp30p140ssg0p81v125c       0 
INR2D1BWP30P140             75    37.800    tcbn28hpcplusbwp30p140ssg0p81v125c       0 
INR3D0BWP30P140              7     4.410    tcbn28hpcplusbwp30p140ssg0p81v125c       0 
INVD0P7BWP30P140             4     1.008    tcbn28hpcplusbwp30p140ssg0p81v125c       0 
INVD1BWP30P140               4     1.008    tcbn28hpcplusbwp30p140ssg0p81v125c       0 
INVD6BWP30P140               3     2.646    tcbn28hpcplusbwp30p140ssg0p81v125c       0 
IOA21D1BWP30P140           464   292.320    tcbn28hpcplusbwp30p140ssg0p81v125c       0 
MAOI222D1BWP30P140          52    39.312    tcbn28hpcplusbwp30p140ssg0p81v125c       0 
MAOI22D1BWP30P140            8     6.048    tcbn28hpcplusbwp30p140ssg0p81v125c       0 
MOAI22D1BWP30P140           13     9.828    tcbn28hpcplusbwp30p140ssg0p81v125c       0 
MUX2D0BWP30P140              4     3.528    tcbn28hpcplusbwp30p140ssg0p81v125c       0 
MUX2NUD1BWP30P140            8     6.048    tcbn28hpcplusbwp30p140ssg0p81v125c       0 
ND2D1BWP30P140             176    66.528    tcbn28hpcplusbwp30p140ssg0p81v125c       0 
ND2OPTIBD1BWP30P140         25     9.450    tcbn28hpcplusbwp30p140ssg0p81v125c       0 
ND3D1BWP30P140               1     0.504    tcbn28hpcplusbwp30p140ssg0p81v125c       0 
ND4D1BWP30P140               1     0.630    tcbn28hpcplusbwp30p140ssg0p81v125c       0 
NR2D1BWP30P140              34    12.852    tcbn28hpcplusbwp30p140ssg0p81v125c       0 
NR2D2BWP30P140               2     1.260    tcbn28hpcplusbwp30p140ssg0p81v125c       0 
NR2OPTD6BWP30P140            1     1.638    tcbn28hpcplusbwp30p140ssg0p81v125c       0 
NR2OPTIBD1BWP30P140        128    48.384    tcbn28hpcplusbwp30p140ssg0p81v125c       0 
NR3D0BWP30P140              10     5.040    tcbn28hpcplusbwp30p140ssg0p81v125c       0 
NR3D0P7BWP30P140             3     1.512    tcbn28hpcplusbwp30p140ssg0p81v125c       0 
NR4D0BWP30P140               2     1.260    tcbn28hpcplusbwp30p140ssg0p81v125c       0 
OA211D1BWP30P140             1     0.756    tcbn28hpcplusbwp30p140ssg0p81v125c       0 
OA21D1BWP30P140              3     1.890    tcbn28hpcplusbwp30p140ssg0p81v125c       0 
OAI211D1BWP30P140            3     1.890    tcbn28hpcplusbwp30p140ssg0p81v125c       0 
OAI21D1BWP30P140            72    36.288    tcbn28hpcplusbwp30p140ssg0p81v125c       0 
OAI221D1BWP30P140            4     3.528    tcbn28hpcplusbwp30p140ssg0p81v125c       0 
OAI222D1BWP30P140            4     4.032    tcbn28hpcplusbwp30p140ssg0p81v125c       0 
OAI22D1BWP30P140           586   369.180    tcbn28hpcplusbwp30p140ssg0p81v125c       0 
OAI31D1BWP30P140            12     7.560    tcbn28hpcplusbwp30p140ssg0p81v125c       0 
OAI32D1BWP30P140             1     0.756    tcbn28hpcplusbwp30p140ssg0p81v125c       0 
OR2D0BWP30P140              29    14.616    tcbn28hpcplusbwp30p140ssg0p81v125c       0 
OR2D1BWP30P140              35    17.640    tcbn28hpcplusbwp30p140ssg0p81v125c       0 
OR3D1BWP30P140               5     3.150    tcbn28hpcplusbwp30p140ssg0p81v125c       0 
OR4D1BWP30P140               2     1.512    tcbn28hpcplusbwp30p140ssg0p81v125c       0 
SDFSNQD2BWP30P140            1     2.898    tcbn28hpcplusbwp30p140ssg0p81v125c       0 
XNR2D1BWP30P140              1     1.008    tcbn28hpcplusbwp30p140ssg0p81v125c       0 
XNR2UD1BWP30P140           627   553.014    tcbn28hpcplusbwp30p140ssg0p81v125c       0 
XNR3UD1BWP30P140            43    75.852    tcbn28hpcplusbwp30p140ssg0p81v125c       0 
XOR2UD1BWP30P140           179   157.878    tcbn28hpcplusbwp30p140ssg0p81v125c       0 
XOR3UD1BWP30P140            14    24.696    tcbn28hpcplusbwp30p140ssg0p81v125c       0 
XOR4D1BWP30P140              4    10.584    tcbn28hpcplusbwp30p140ssg0p81v125c       0 
---------------------------------------------------------------------------------------
total                     6515  7875.882                                       


                                                       
            Type             Instances   Area   Area % 
-------------------------------------------------------
sequential                        1024 2314.494   29.4 
inverter                           538  137.970    1.8 
clock_gating_integrated_cell        52   98.280    1.2 
logic                             4901 5325.138   67.6 
physical_cells                       0    0.000    0.0 
-------------------------------------------------------
total                             6515 7875.882  100.0 

