============================================================
  Generated by:           Genus(TM) Synthesis Solution 21.12-s068_1
  Generated on:           Jan 25 2026  11:31:09 pm
  Module:                 Conv
  Library domain:         timing_cond_0p81v_125c
    Domain index:         0
    Technology library:   tcbn28hpcplusbwp30p140ssg0p81v125c 110
  Operating conditions:   ssg0p81v125c 
  Interconnect mode:      global
  Area mode:              physical library
============================================================

                                                                                     Library 
          Gate            Instances    Area                   Library                 Domain 
---------------------------------------------------------------------------------------------
AN2D1BWP30P140                   92     46.368    tcbn28hpcplusbwp30p140ssg0p81v125c       0 
AN2D2BWP30P140                    2      1.260    tcbn28hpcplusbwp30p140ssg0p81v125c       0 
AN3D1BWP30P140                    5      3.150    tcbn28hpcplusbwp30p140ssg0p81v125c       0 
AN3D2BWP30P140                    1      0.756    tcbn28hpcplusbwp30p140ssg0p81v125c       0 
AN3D4BWP30P140                    6      8.316    tcbn28hpcplusbwp30p140ssg0p81v125c       0 
AN4D1BWP30P140                    1      0.756    tcbn28hpcplusbwp30p140ssg0p81v125c       0 
AN4D2BWP30P140                    4      3.528    tcbn28hpcplusbwp30p140ssg0p81v125c       0 
AN4D4BWP30P140                    1      1.638    tcbn28hpcplusbwp30p140ssg0p81v125c       0 
AO211D1BWP30P140                 21     15.876    tcbn28hpcplusbwp30p140ssg0p81v125c       0 
AO211D2BWP30P140                  2      1.764    tcbn28hpcplusbwp30p140ssg0p81v125c       0 
AO21D1BWP30P140                  57     35.910    tcbn28hpcplusbwp30p140ssg0p81v125c       0 
AO21D2BWP30P140                   3      2.268    tcbn28hpcplusbwp30p140ssg0p81v125c       0 
AO22D0BWP30P140                 650    491.400    tcbn28hpcplusbwp30p140ssg0p81v125c       0 
AO22D1BWP30P140                  63     55.566    tcbn28hpcplusbwp30p140ssg0p81v125c       0 
AO22D2BWP30P140                   2      2.016    tcbn28hpcplusbwp30p140ssg0p81v125c       0 
AO22D4BWP30P140                   2      3.528    tcbn28hpcplusbwp30p140ssg0p81v125c       0 
AOI211D1BWP30P140                 6      3.780    tcbn28hpcplusbwp30p140ssg0p81v125c       0 
AOI211OPTREPBD1BWP30P140          2      2.268    tcbn28hpcplusbwp30p140ssg0p81v125c       0 
AOI211OPTREPBD2BWP30P140          1      1.764    tcbn28hpcplusbwp30p140ssg0p81v125c       0 
AOI21D1BWP30P140                 72     36.288    tcbn28hpcplusbwp30p140ssg0p81v125c       0 
AOI21D1P5BWP30P140                1      0.882    tcbn28hpcplusbwp30p140ssg0p81v125c       0 
AOI21D2BWP30P140                 18     15.876    tcbn28hpcplusbwp30p140ssg0p81v125c       0 
AOI21D4BWP30P140                  5      8.820    tcbn28hpcplusbwp30p140ssg0p81v125c       0 
AOI21OPTREPBD1BWP30P140          19     14.364    tcbn28hpcplusbwp30p140ssg0p81v125c       0 
AOI221D1BWP30P140               133    100.548    tcbn28hpcplusbwp30p140ssg0p81v125c       0 
AOI221D2BWP30P140                 4      6.048    tcbn28hpcplusbwp30p140ssg0p81v125c       0 
AOI222D1BWP30P140               408    411.264    tcbn28hpcplusbwp30p140ssg0p81v125c       0 
AOI222D2BWP30P140                 8     14.112    tcbn28hpcplusbwp30p140ssg0p81v125c       0 
AOI22D1BWP30P140                967    609.210    tcbn28hpcplusbwp30p140ssg0p81v125c       0 
AOI22D2BWP30P140                  9     10.206    tcbn28hpcplusbwp30p140ssg0p81v125c       0 
AOI22D4BWP30P140                  1      2.268    tcbn28hpcplusbwp30p140ssg0p81v125c       0 
AOI31D1BWP30P140                  1      0.630    tcbn28hpcplusbwp30p140ssg0p81v125c       0 
AOI32D1BWP30P140                  2      1.512    tcbn28hpcplusbwp30p140ssg0p81v125c       0 
BUFFD12BWP30P140                  1      2.142    tcbn28hpcplusbwp30p140ssg0p81v125c       0 
BUFFD1P5BWP30P140                 4      2.016    tcbn28hpcplusbwp30p140ssg0p81v125c       0 
BUFFD2BWP30P140                   4      2.016    tcbn28hpcplusbwp30p140ssg0p81v125c       0 
BUFFD3BWP30P140                   1      0.630    tcbn28hpcplusbwp30p140ssg0p81v125c       0 
BUFFD4BWP30P140                   9      7.938    tcbn28hpcplusbwp30p140ssg0p81v125c       0 
CKAN2D1BWP30P140                153     77.112    tcbn28hpcplusbwp30p140ssg0p81v125c       0 
CKAN2D2BWP30P140                  4      2.520    tcbn28hpcplusbwp30p140ssg0p81v125c       0 
CKAN2D4BWP30P140                 64     56.448    tcbn28hpcplusbwp30p140ssg0p81v125c       0 
CKBD1BWP30P140                   11      4.158    tcbn28hpcplusbwp30p140ssg0p81v125c       0 
CKBD2BWP30P140                    1      0.504    tcbn28hpcplusbwp30p140ssg0p81v125c       0 
CKLNQD1BWP30P140                 26     49.140    tcbn28hpcplusbwp30p140ssg0p81v125c       0 
CKND1BWP30P140                 1416    356.832    tcbn28hpcplusbwp30p140ssg0p81v125c       0 
CKND2BWP30P140                   32     12.096    tcbn28hpcplusbwp30p140ssg0p81v125c       0 
CKND2D1BWP30P140                125     47.250    tcbn28hpcplusbwp30p140ssg0p81v125c       0 
CKND2D2BWP30P140                 12      7.560    tcbn28hpcplusbwp30p140ssg0p81v125c       0 
CKND2D3BWP30P140                 39     34.398    tcbn28hpcplusbwp30p140ssg0p81v125c       0 
CKND2D4BWP30P140                  7      7.938    tcbn28hpcplusbwp30p140ssg0p81v125c       0 
CKND2D8BWP30P140                 18     38.556    tcbn28hpcplusbwp30p140ssg0p81v125c       0 
CKND3BWP30P140                    3      1.512    tcbn28hpcplusbwp30p140ssg0p81v125c       0 
CKND4BWP30P140                    6      3.780    tcbn28hpcplusbwp30p140ssg0p81v125c       0 
CKND6BWP30P140                    3      2.646    tcbn28hpcplusbwp30p140ssg0p81v125c       0 
CKND8BWP30P140                    1      1.134    tcbn28hpcplusbwp30p140ssg0p81v125c       0 
DFCND1BWP30P140                   1      2.520    tcbn28hpcplusbwp30p140ssg0p81v125c       0 
DFCNQD1BWP30P140                  1      2.268    tcbn28hpcplusbwp30p140ssg0p81v125c       0 
DFKCNQD2BWP30P140                 2      4.032    tcbn28hpcplusbwp30p140ssg0p81v125c       0 
DFKSND1BWP30P140                  1      2.394    tcbn28hpcplusbwp30p140ssg0p81v125c       0 
DFQD1BWP30P140                    6     11.340    tcbn28hpcplusbwp30p140ssg0p81v125c       0 
DFQD2BWP30P140                  494    933.660    tcbn28hpcplusbwp30p140ssg0p81v125c       0 
FA1D1BWP30P140                 3373   7224.966    tcbn28hpcplusbwp30p140ssg0p81v125c       0 
FA1D2BWP30P140                   17     40.698    tcbn28hpcplusbwp30p140ssg0p81v125c       0 
FA1D4BWP30P140                   13     47.502    tcbn28hpcplusbwp30p140ssg0p81v125c       0 
FA1OPTCD1BWP30P140               60    151.200    tcbn28hpcplusbwp30p140ssg0p81v125c       0 
FA1OPTCD2BWP30P140               58    175.392    tcbn28hpcplusbwp30p140ssg0p81v125c       0 
HA1D1BWP30P140                   79    129.402    tcbn28hpcplusbwp30p140ssg0p81v125c       0 
HA1D4BWP30P140                    1      2.898    tcbn28hpcplusbwp30p140ssg0p81v125c       0 
IAO21D0BWP30P140                 10      6.300    tcbn28hpcplusbwp30p140ssg0p81v125c       0 
IAO21D1BWP30P140                 22     13.860    tcbn28hpcplusbwp30p140ssg0p81v125c       0 
IAO21D2BWP30P140                 51     44.982    tcbn28hpcplusbwp30p140ssg0p81v125c       0 
IAO22D1BWP30P140                  6      5.292    tcbn28hpcplusbwp30p140ssg0p81v125c       0 
IAO22D2BWP30P140                 10     13.860    tcbn28hpcplusbwp30p140ssg0p81v125c       0 
IAO22D4BWP30P140                 12     28.728    tcbn28hpcplusbwp30p140ssg0p81v125c       0 
IND2D1BWP30P140                 113     56.952    tcbn28hpcplusbwp30p140ssg0p81v125c       0 
IND2D2BWP30P140                   5      3.780    tcbn28hpcplusbwp30p140ssg0p81v125c       0 
IND3D6BWP30P140                   1      2.772    tcbn28hpcplusbwp30p140ssg0p81v125c       0 
INR2D1BWP30P140                 155     78.120    tcbn28hpcplusbwp30p140ssg0p81v125c       0 
INR2D2BWP30P140                   7      5.292    tcbn28hpcplusbwp30p140ssg0p81v125c       0 
INR2D4BWP30P140                   5      6.930    tcbn28hpcplusbwp30p140ssg0p81v125c       0 
INR3D0BWP30P140                   1      0.630    tcbn28hpcplusbwp30p140ssg0p81v125c       0 
INR3D1BWP30P140                   4      4.032    tcbn28hpcplusbwp30p140ssg0p81v125c       0 
INR3D2BWP30P140                   4      4.032    tcbn28hpcplusbwp30p140ssg0p81v125c       0 
INR4D2BWP30P140                   1      2.520    tcbn28hpcplusbwp30p140ssg0p81v125c       0 
INVD0P7BWP30P140                  4      1.008    tcbn28hpcplusbwp30p140ssg0p81v125c       0 
INVD12BWP30P140                   2      3.276    tcbn28hpcplusbwp30p140ssg0p81v125c       0 
INVD1BWP30P140                   25      6.300    tcbn28hpcplusbwp30p140ssg0p81v125c       0 
INVD1P5BWP30P140                  3      1.134    tcbn28hpcplusbwp30p140ssg0p81v125c       0 
INVD2BWP30P140                    3      1.134    tcbn28hpcplusbwp30p140ssg0p81v125c       0 
INVD3BWP30P140                   10      5.040    tcbn28hpcplusbwp30p140ssg0p81v125c       0 
INVD4BWP30P140                    1      0.630    tcbn28hpcplusbwp30p140ssg0p81v125c       0 
INVD6BWP30P140                    4      3.528    tcbn28hpcplusbwp30p140ssg0p81v125c       0 
INVD8BWP30P140                    4      4.536    tcbn28hpcplusbwp30p140ssg0p81v125c       0 
INVD9BWP30P140                    1      1.260    tcbn28hpcplusbwp30p140ssg0p81v125c       0 
IOA21D0BWP30P140                 58     36.540    tcbn28hpcplusbwp30p140ssg0p81v125c       0 
IOA21D1BWP30P140                 49     30.870    tcbn28hpcplusbwp30p140ssg0p81v125c       0 
IOA21D2BWP30P140                 21     18.522    tcbn28hpcplusbwp30p140ssg0p81v125c       0 
IOA22D1BWP30P140                  2      1.764    tcbn28hpcplusbwp30p140ssg0p81v125c       0 
MAOI222D1BWP30P140              140    105.840    tcbn28hpcplusbwp30p140ssg0p81v125c       0 
MAOI222D2BWP30P140                2      3.276    tcbn28hpcplusbwp30p140ssg0p81v125c       0 
MAOI22D1BWP30P140                 4      3.024    tcbn28hpcplusbwp30p140ssg0p81v125c       0 
MAOI22D2BWP30P140                 2      2.520    tcbn28hpcplusbwp30p140ssg0p81v125c       0 
MOAI22D1BWP30P140                42     31.752    tcbn28hpcplusbwp30p140ssg0p81v125c       0 
MOAI22D2BWP30P140                 1      1.260    tcbn28hpcplusbwp30p140ssg0p81v125c       0 
MUX2D2BWP30P140                   1      1.134    tcbn28hpcplusbwp30p140ssg0p81v125c       0 
MUX2D4BWP30P140                   3      5.292    tcbn28hpcplusbwp30p140ssg0p81v125c       0 
MUX2ND2BWP30P140                  3      3.780    tcbn28hpcplusbwp30p140ssg0p81v125c       0 
MUX2NOPTD2BWP30P140               6      8.316    tcbn28hpcplusbwp30p140ssg0p81v125c       0 
MUX2NOPTD4BWP30P140               4     10.080    tcbn28hpcplusbwp30p140ssg0p81v125c       0 
MUX2NOPTD6BWP30P140               2      7.308    tcbn28hpcplusbwp30p140ssg0p81v125c       0 
MUX2NOPTD8BWP30P140               2      9.576    tcbn28hpcplusbwp30p140ssg0p81v125c       0 
MUX2NUD1BWP30P140                 5      3.780    tcbn28hpcplusbwp30p140ssg0p81v125c       0 
MUX2OPTD2BWP30P140                2      2.268    tcbn28hpcplusbwp30p140ssg0p81v125c       0 
MUX2OPTD4BWP30P140                1      2.268    tcbn28hpcplusbwp30p140ssg0p81v125c       0 
MUX2OPTD6BWP30P140                5     15.750    tcbn28hpcplusbwp30p140ssg0p81v125c       0 
ND2D1BWP30P140                  319    120.582    tcbn28hpcplusbwp30p140ssg0p81v125c       0 
ND2D2BWP30P140                   21     13.230    tcbn28hpcplusbwp30p140ssg0p81v125c       0 
ND2D3BWP30P140                    5      4.410    tcbn28hpcplusbwp30p140ssg0p81v125c       0 
ND2D4BWP30P140                    4      4.536    tcbn28hpcplusbwp30p140ssg0p81v125c       0 
ND2D8BWP30P140                    4      8.568    tcbn28hpcplusbwp30p140ssg0p81v125c       0 
ND2OPTD12BWP30P140                2      6.300    tcbn28hpcplusbwp30p140ssg0p81v125c       0 
ND2OPTD6BWP30P140                 2      3.276    tcbn28hpcplusbwp30p140ssg0p81v125c       0 
ND2OPTIBD12BWP30P140              1      3.150    tcbn28hpcplusbwp30p140ssg0p81v125c       0 
ND2OPTIBD16BWP30P140             18     74.844    tcbn28hpcplusbwp30p140ssg0p81v125c       0 
ND2OPTIBD1BWP30P140              76     28.728    tcbn28hpcplusbwp30p140ssg0p81v125c       0 
ND2OPTIBD2BWP30P140              37     23.310    tcbn28hpcplusbwp30p140ssg0p81v125c       0 
ND2OPTIBD4BWP30P140               4      4.536    tcbn28hpcplusbwp30p140ssg0p81v125c       0 
ND2OPTIBD6BWP30P140               1      1.638    tcbn28hpcplusbwp30p140ssg0p81v125c       0 
ND2OPTIBD8BWP30P140               1      2.142    tcbn28hpcplusbwp30p140ssg0p81v125c       0 
ND2OPTPAD16BWP30P140              1      5.796    tcbn28hpcplusbwp30p140ssg0p81v125c       0 
ND2OPTPAD6BWP30P140               3      8.694    tcbn28hpcplusbwp30p140ssg0p81v125c       0 
ND3D1BWP30P140                   56     28.224    tcbn28hpcplusbwp30p140ssg0p81v125c       0 
ND3D1P5BWP30P140                  1      0.882    tcbn28hpcplusbwp30p140ssg0p81v125c       0 
ND3D2BWP30P140                    5      4.410    tcbn28hpcplusbwp30p140ssg0p81v125c       0 
ND3D4BWP30P140                    1      1.764    tcbn28hpcplusbwp30p140ssg0p81v125c       0 
ND3OPTPAD1BWP30P140               1      0.882    tcbn28hpcplusbwp30p140ssg0p81v125c       0 
ND3OPTPAD2BWP30P140               7     10.584    tcbn28hpcplusbwp30p140ssg0p81v125c       0 
ND3OPTPAD4BWP30P140               2      5.040    tcbn28hpcplusbwp30p140ssg0p81v125c       0 
ND4D1BWP30P140                  135     85.050    tcbn28hpcplusbwp30p140ssg0p81v125c       0 
NR2D1BWP30P140                  336    127.008    tcbn28hpcplusbwp30p140ssg0p81v125c       0 
NR2D2BWP30P140                   31     19.530    tcbn28hpcplusbwp30p140ssg0p81v125c       0 
NR2D3BWP30P140                   30     26.460    tcbn28hpcplusbwp30p140ssg0p81v125c       0 
NR2D4BWP30P140                   19     21.546    tcbn28hpcplusbwp30p140ssg0p81v125c       0 
NR2OPTD6BWP30P140                 2      3.276    tcbn28hpcplusbwp30p140ssg0p81v125c       0 
NR2OPTIBD1BWP30P140             253     95.634    tcbn28hpcplusbwp30p140ssg0p81v125c       0 
NR2OPTIBD2BWP30P140               3      1.890    tcbn28hpcplusbwp30p140ssg0p81v125c       0 
NR2OPTIBD4BWP30P140               2      2.268    tcbn28hpcplusbwp30p140ssg0p81v125c       0 
NR2OPTIBD6BWP30P140               1      1.638    tcbn28hpcplusbwp30p140ssg0p81v125c       0 
NR2OPTIBD8BWP30P140               2      4.284    tcbn28hpcplusbwp30p140ssg0p81v125c       0 
NR2OPTPAD1BWP30P140              40     20.160    tcbn28hpcplusbwp30p140ssg0p81v125c       0 
NR2OPTPAD2BWP30P140              12     10.584    tcbn28hpcplusbwp30p140ssg0p81v125c       0 
NR2OPTPAD4BWP30P140              14     22.932    tcbn28hpcplusbwp30p140ssg0p81v125c       0 
NR3D0BWP30P140                    3      1.512    tcbn28hpcplusbwp30p140ssg0p81v125c       0 
NR3D0P7BWP30P140                  4      2.016    tcbn28hpcplusbwp30p140ssg0p81v125c       0 
NR3D1BWP30P140                    8      7.056    tcbn28hpcplusbwp30p140ssg0p81v125c       0 
NR3D1P5BWP30P140                  2      1.764    tcbn28hpcplusbwp30p140ssg0p81v125c       0 
NR3D2BWP30P140                    2      3.528    tcbn28hpcplusbwp30p140ssg0p81v125c       0 
NR3D3BWP30P140                    2      5.040    tcbn28hpcplusbwp30p140ssg0p81v125c       0 
NR4D0BWP30P140                    2      1.260    tcbn28hpcplusbwp30p140ssg0p81v125c       0 
NR4D1BWP30P140                    1      1.134    tcbn28hpcplusbwp30p140ssg0p81v125c       0 
NR4D2BWP30P140                    1      2.268    tcbn28hpcplusbwp30p140ssg0p81v125c       0 
OA211D1BWP30P140                  2      1.512    tcbn28hpcplusbwp30p140ssg0p81v125c       0 
OA21D1BWP30P140                  51     32.130    tcbn28hpcplusbwp30p140ssg0p81v125c       0 
OA21D2BWP30P140                   4      3.024    tcbn28hpcplusbwp30p140ssg0p81v125c       0 
OA21D4BWP30P140                   2      2.772    tcbn28hpcplusbwp30p140ssg0p81v125c       0 
OA22D1BWP30P140                   1      0.882    tcbn28hpcplusbwp30p140ssg0p81v125c       0 
OAI211D1BWP30P140               117     73.710    tcbn28hpcplusbwp30p140ssg0p81v125c       0 
OAI211D2BWP30P140                 5      5.670    tcbn28hpcplusbwp30p140ssg0p81v125c       0 
OAI21D0P7BWP30P140                8      4.032    tcbn28hpcplusbwp30p140ssg0p81v125c       0 
OAI21D1BWP30P140                209    105.336    tcbn28hpcplusbwp30p140ssg0p81v125c       0 
OAI21D1P5BWP30P140                1      0.882    tcbn28hpcplusbwp30p140ssg0p81v125c       0 
OAI21D2BWP30P140                 15     13.230    tcbn28hpcplusbwp30p140ssg0p81v125c       0 
OAI21D4BWP30P140                  4      7.056    tcbn28hpcplusbwp30p140ssg0p81v125c       0 
OAI21D6BWP30P140                  1      2.520    tcbn28hpcplusbwp30p140ssg0p81v125c       0 
OAI21OPTREPBD1BWP30P140          14     10.584    tcbn28hpcplusbwp30p140ssg0p81v125c       0 
OAI21OPTREPBD4BWP30P140           2      5.292    tcbn28hpcplusbwp30p140ssg0p81v125c       0 
OAI221D1BWP30P140               273    240.786    tcbn28hpcplusbwp30p140ssg0p81v125c       0 
OAI221D2BWP30P140                 4      6.048    tcbn28hpcplusbwp30p140ssg0p81v125c       0 
OAI22D1BWP30P140                730    459.900    tcbn28hpcplusbwp30p140ssg0p81v125c       0 
OAI22D1P5BWP30P140                2      2.268    tcbn28hpcplusbwp30p140ssg0p81v125c       0 
OAI22OPTPBD1BWP30P140             5      5.040    tcbn28hpcplusbwp30p140ssg0p81v125c       0 
OAI22OPTPBD2BWP30P140             1      1.890    tcbn28hpcplusbwp30p140ssg0p81v125c       0 
OAI32D1BWP30P140                  3      2.268    tcbn28hpcplusbwp30p140ssg0p81v125c       0 
OR2D0BWP30P140                   27     13.608    tcbn28hpcplusbwp30p140ssg0p81v125c       0 
OR2D16BWP30P140                   6     20.412    tcbn28hpcplusbwp30p140ssg0p81v125c       0 
OR2D1BWP30P140                  126     63.504    tcbn28hpcplusbwp30p140ssg0p81v125c       0 
OR2D2BWP30P140                    9      5.670    tcbn28hpcplusbwp30p140ssg0p81v125c       0 
OR2D4BWP30P140                    5      5.670    tcbn28hpcplusbwp30p140ssg0p81v125c       0 
OR2D8BWP30P140                    4      7.560    tcbn28hpcplusbwp30p140ssg0p81v125c       0 
OR3D1BWP30P140                   83     52.290    tcbn28hpcplusbwp30p140ssg0p81v125c       0 
OR3D2BWP30P140                    9      6.804    tcbn28hpcplusbwp30p140ssg0p81v125c       0 
OR3D4BWP30P140                    8     11.088    tcbn28hpcplusbwp30p140ssg0p81v125c       0 
OR3D8BWP30P140                    3      6.804    tcbn28hpcplusbwp30p140ssg0p81v125c       0 
OR4D1BWP30P140                   25     18.900    tcbn28hpcplusbwp30p140ssg0p81v125c       0 
XNR2D1BWP30P140                  48     48.384    tcbn28hpcplusbwp30p140ssg0p81v125c       0 
XNR2D2BWP30P140                  24     27.216    tcbn28hpcplusbwp30p140ssg0p81v125c       0 
XNR2D4BWP30P140                   1      2.016    tcbn28hpcplusbwp30p140ssg0p81v125c       0 
XNR2OPTND2BWP30P140              11     15.246    tcbn28hpcplusbwp30p140ssg0p81v125c       0 
XNR2OPTND4BWP30P140               6     15.120    tcbn28hpcplusbwp30p140ssg0p81v125c       0 
XNR2OPTND6BWP30P140               4     14.616    tcbn28hpcplusbwp30p140ssg0p81v125c       0 
XNR2UD0BWP30P140                  1      0.882    tcbn28hpcplusbwp30p140ssg0p81v125c       0 
XNR2UD1BWP30P140                911    803.502    tcbn28hpcplusbwp30p140ssg0p81v125c       0 
XNR3D1BWP30P140                   2      3.780    tcbn28hpcplusbwp30p140ssg0p81v125c       0 
XNR3UD1BWP30P140                 67    118.188    tcbn28hpcplusbwp30p140ssg0p81v125c       0 
XNR4D1BWP30P140                  10     26.460    tcbn28hpcplusbwp30p140ssg0p81v125c       0 
XOR2D1BWP30P140                  20     20.160    tcbn28hpcplusbwp30p140ssg0p81v125c       0 
XOR2D2BWP30P140                   4      4.536    tcbn28hpcplusbwp30p140ssg0p81v125c       0 
XOR2D4BWP30P140                   4      8.064    tcbn28hpcplusbwp30p140ssg0p81v125c       0 
XOR2OPTND2BWP30P140               6      8.316    tcbn28hpcplusbwp30p140ssg0p81v125c       0 
XOR2OPTND4BWP30P140               8     20.160    tcbn28hpcplusbwp30p140ssg0p81v125c       0 
XOR2UD0BWP30P140                  2      1.764    tcbn28hpcplusbwp30p140ssg0p81v125c       0 
XOR2UD1BWP30P140                297    261.954    tcbn28hpcplusbwp30p140ssg0p81v125c       0 
XOR3D1BWP30P140                  10     18.900    tcbn28hpcplusbwp30p140ssg0p81v125c       0 
XOR3D2BWP30P140                   2      4.032    tcbn28hpcplusbwp30p140ssg0p81v125c       0 
XOR3D4BWP30P140                   1      3.150    tcbn28hpcplusbwp30p140ssg0p81v125c       0 
XOR3UD1BWP30P140                111    195.804    tcbn28hpcplusbwp30p140ssg0p81v125c       0 
XOR4D0BWP30P140                  14     37.044    tcbn28hpcplusbwp30p140ssg0p81v125c       0 
XOR4D1BWP30P140                  25     66.150    tcbn28hpcplusbwp30p140ssg0p81v125c       0 
XOR4D2BWP30P140                   1      2.772    tcbn28hpcplusbwp30p140ssg0p81v125c       0 
---------------------------------------------------------------------------------------------
total                         14260  15732.108                                       


                                                        
            Type             Instances    Area   Area % 
--------------------------------------------------------
sequential                         505   956.214    6.1 
inverter                          1518   405.846    2.6 
buffer                              31    19.404    0.1 
clock_gating_integrated_cell        26    49.140    0.3 
logic                            12180 14301.504   90.9 
physical_cells                       0     0.000    0.0 
--------------------------------------------------------
total                            14260 15732.108  100.0 

