============================================================
  Generated by:           Genus(TM) Synthesis Solution 21.12-s068_1
  Generated on:           Jun 07 2026  01:35:34 am
  Module:                 Conv
  Library domain:         timing_cond_0p81v_125c
    Domain index:         0
    Technology library:   tcbn28hpcplusbwp30p140ssg0p81v125c 110
  Operating conditions:   ssg0p81v125c 
  Interconnect mode:      global
  Area mode:              physical library
============================================================

      Instance        Module    Cell Count  Cell Area  Net Area   Total Area 
-----------------------------------------------------------------------------
Conv                                 21144  24812.424 11035.693    35848.117 
  genblk1[0].multip Multip             662    690.984   269.404      960.388 
  genblk1[1].multip Multip_108         654    678.132   267.632      945.764 
  genblk1[2].multip Multip_107         700    688.212   280.781      968.993 
  genblk1[3].multip Multip_106         662    677.250   269.035      946.285 
  genblk1[4].multip Multip_105         700    685.944   280.781      966.725 
  genblk1[5].multip Multip_104         657    676.998   267.897      944.895 
  inv               Inverse           5719   6568.002  2269.332     8837.334 
    matrix_a0       MatrixA0          1961   2462.292   732.672     3194.964 
    matrix_a1       MatrixA1          3758   4105.710  1309.893     5415.603 
  mux_mult          MuxMult             18      9.828     3.124       12.952 
  trf               Transform         4972   8561.322  2377.657    10938.979 
    matrix_c0       MatrixC0          2419   4210.542   998.079     5208.621 
    matrix_c1       MatrixC1          2553   4350.780  1047.572     5398.352 
