============================================================
  Generated by:           Genus(TM) Synthesis Solution 22.17-s071_1
  Generated on:           May 01 2025  02:07:11 pm
  Module:                 conv
  Library domain:         timing_cond_0p81v_125c
    Domain index:         0
    Technology library:   tcbn28hpcplusbwp30p140ssg0p81v125c 110
  Operating conditions:   ssg0p81v125c 
  Interconnect mode:      global
  Area mode:              physical library
============================================================

  Instance     Module    Cell Count  Cell Area  Net Area   Total Area 
----------------------------------------------------------------------
conv                           5390   6447.798  2901.485     9349.283 
  matrix_a0  MatrixA0           198    340.452    67.590      408.042 
    csa_p0   CSA_3_250           39     82.278    14.126       96.404 
      layer1 FA_255              20     42.462     0.000       42.462 
    csa_p1   CSA_2_237           20     41.958     4.793       46.751 
    csa_p2   CSA_3_249           39     82.278    14.126       96.404 
      layer1 FA_254              20     42.462     0.000       42.462 
    csa_p3   CSA_2_236           20     41.958     4.793       46.751 
  matrix_a1  MatrixA1           396    680.904   135.181      816.085 
    csa_p0   CSA_3               39     82.278    14.126       96.404 
      layer1 FA                  20     42.462     0.000       42.462 
    csa_p1   CSA_2_241           20     41.958     4.793       46.751 
    csa_p2   CSA_3_253           39     82.278    14.126       96.404 
      layer1 FA_258              20     42.462     0.000       42.462 
    csa_p3   CSA_2_240           20     41.958     4.793       46.751 
    csa_p4   CSA_3_252           39     82.278    14.126       96.404 
      layer1 FA_257              20     42.462     0.000       42.462 
    csa_p5   CSA_2_239           20     41.958     4.793       46.751 
    csa_p6   CSA_3_251           39     82.278    14.126       96.404 
      layer1 FA_256              20     42.462     0.000       42.462 
    csa_p7   CSA_2_238           20     41.958     4.793       46.751 
  matrix_c0  MatrixC0           483    701.568   126.449      828.017 
    csa_p1   CSA_2               20     41.958     4.793       46.751 
    csa_p5   CSA_2_248           20     41.958     4.793       46.751 
    csa_p9   CSA_2_247           20     41.958     4.793       46.751 
    csa_p13  CSA_2_246           20     41.958     4.793       46.751 
  matrix_c1  MatrixC1           484    700.560   127.315      827.875 
    csa_p4   CSA_2_245           20     41.958     4.793       46.751 
    csa_p5   CSA_2_244           20     41.958     4.793       46.751 
    csa_p6   CSA_2_243           20     41.958     4.793       46.751 
    csa_p7   CSA_2_242           20     41.958     4.793       46.751 
  multip0    Multip             554    603.288   236.352      839.640 
  multip1    Multip_261         554    603.288   236.352      839.640 
  multip2    Multip_260         554    603.288   236.352      839.640 
  multip3    Multip_259         554    603.288   236.352      839.640 
