============================================================
  Generated by:           Genus(TM) Synthesis Solution 22.17-s071_1
  Generated on:           May 01 2025  02:07:18 pm
  Module:                 conv
  Operating conditions:   ssg0p81v125c 
  Operating conditions:   tt0p9v25c 
  Interconnect mode:      global
  Area mode:              physical library
============================================================


Path 1: MET (443 ps) Setup Check with Pin registers_reg[15][19]/CP->D
           View: analysis_view_0p90v_25c_captyp_nominal
          Group: clk
     Startpoint: (R) EA_reg[2]/CP
          Clock: (R) clk
       Endpoint: (F) registers_reg[15][19]/D
          Clock: (R) clk

                     Capture       Launch     
        Clock Edge:+    2000            0     
       Src Latency:+       0            0     
       Net Latency:+       0 (I)        0 (I) 
           Arrival:=    2000            0     
                                              
             Setup:-       8                  
     Required Time:=    1992                  
      Launch Clock:-       0                  
         Data Path:-    1549                  
             Slack:=     443                  

#--------------------------------------------------------------------------------------------------------------------
#           Timing Point            Flags    Arc   Edge       Cell         Fanout  Load Trans Delay Arrival Instance 
#                                                                                  (fF)  (ps)  (ps)   (ps)  Location 
#--------------------------------------------------------------------------------------------------------------------
  EA_reg[2]/CP                      -       -      R     (arrival)              8     -     0     0       0    (-,-) 
  EA_reg[2]/Q                       -       CP->Q  F     DFCND1BWP30P140       28  28.5   121   113     113    (-,-) 
  g15501/ZN                         -       A2->ZN R     ND2D1BWP30P140         4   4.5    47    46     158    (-,-) 
  g15492/Z                          -       B->Z   R     OA21D1BWP30P140        2   3.1    19    34     192    (-,-) 
  g15470/Z                          -       A1->Z  R     AN2D4BWP30P140        53  56.9    57    50     242    (-,-) 
  g15462/ZN                         -       I->ZN  F     INVD6BWP30P140       129 115.5    82    64     306    (-,-) 
  g15244/Z                          -       A1->Z  F     AO22D0BWP30P140        1   1.4    19    44     350    (-,-) 
  g15007/Z                          -       A1->Z  F     OR2D1BWP30P140        23  25.5   108    75     426    (-,-) 
  multip3/mul_16_61_g4832/CO        -       B->CO  F     HA1D1BWP30P140         2   2.4    15    37     462    (-,-) 
  multip3/mul_16_61_g4816/Z         -       I0->Z  F     CKMUX2D0BWP30P140     20  19.1   139    98     560    (-,-) 
  multip3/mul_16_61_g4701/Z         -       B1->Z  F     AO22D0BWP30P140        1   1.6    20    60     620    (-,-) 
  multip3/mul_16_61_g4662/ZN        -       C->ZN  R     AOI221D1BWP30P140      1   2.1    54    36     656    (-,-) 
  multip3/mul_16_61_g4643/ZN        -       A1->ZN R     XNR2UD1BWP30P140       1   2.6    55    31     687    (-,-) 
  multip3/mul_16_61_g4592/CO        -       A->CO  R     HA1D1BWP30P140         1   2.8    16    30     716    (-,-) 
  multip3/mul_16_61_cdnfadd_006_0/S -       B->S   F     FA1D1BWP30P140         1   2.9    21    54     770    (-,-) 
  multip3/mul_16_61_cdnfadd6/CO     -       A->CO  F     FA1D1BWP30P140         1   2.2    16    39     809    (-,-) 
  multip3/mul_16_61_cdnfadd7/CO     -       CI->CO F     FA1D1BWP30P140         1   2.2    16    32     841    (-,-) 
  multip3/mul_16_61_cdnfadd8/CO     -       CI->CO F     FA1D1BWP30P140         1   2.2    16    32     873    (-,-) 
  multip3/mul_16_61_cdnfadd9/CO     -       CI->CO F     FA1D1BWP30P140         1   2.2    16    32     905    (-,-) 
  multip3/mul_16_61_cdnfadd10/CO    -       CI->CO F     FA1D1BWP30P140         1   2.2    16    32     937    (-,-) 
  multip3/mul_16_61_cdnfadd11/CO    -       CI->CO F     FA1D1BWP30P140         1   2.2    16    32     970    (-,-) 
  multip3/mul_16_61_cdnfadd12/CO    -       CI->CO F     FA1D1BWP30P140         1   2.2    16    32    1002    (-,-) 
  multip3/mul_16_61_cdnfadd13/CO    -       CI->CO F     FA1D1BWP30P140         1   2.2    16    32    1034    (-,-) 
  multip3/mul_16_61_cdnfadd14/CO    -       CI->CO F     FA1D1BWP30P140         1   2.2    16    32    1066    (-,-) 
  multip3/mul_16_61_cdnfadd15/CO    -       CI->CO F     FA1D1BWP30P140         1   2.2    16    32    1098    (-,-) 
  multip3/mul_16_61_cdnfadd16/CO    -       CI->CO F     FA1D1BWP30P140         1   2.2    16    32    1130    (-,-) 
  multip3/mul_16_61_cdnfadd17/CO    -       CI->CO F     FA1D1BWP30P140         1   2.2    16    32    1162    (-,-) 
  multip3/mul_16_61_cdnfadd18/CO    -       CI->CO F     FA1D1BWP30P140         1   2.2    16    32    1194    (-,-) 
  multip3/mul_16_61_cdnfadd19/CO    -       CI->CO F     FA1D1BWP30P140         1   2.2    16    32    1226    (-,-) 
  multip3/mul_16_61_cdnfadd20/CO    -       CI->CO F     FA1D1BWP30P140         1   2.2    16    32    1258    (-,-) 
  multip3/mul_16_61_cdnfadd21/CO    -       CI->CO F     FA1D1BWP30P140         1   2.2    16    32    1290    (-,-) 
  multip3/mul_16_61_cdnfadd22/CO    -       CI->CO F     FA1D1BWP30P140         1   2.2    16    32    1322    (-,-) 
  multip3/mul_16_61_cdnfadd23/CO    -       CI->CO F     FA1D1BWP30P140         1   2.2    16    32    1354    (-,-) 
  multip3/mul_16_61_cdnfadd24/CO    -       CI->CO F     FA1D1BWP30P140         1   2.2    16    32    1386    (-,-) 
  multip3/mul_16_61_cdnfadd25/CO    -       CI->CO F     FA1D1BWP30P140         1   2.2    16    32    1418    (-,-) 
  multip3/mul_16_61_cdnfadd26/CO    -       CI->CO F     FA1D1BWP30P140         1   1.5    13    30    1448    (-,-) 
  multip3/mul_16_61_g4872/ZN        -       A3->ZN F     XNR3UD1BWP30P140       4   4.7    43    37    1485    (-,-) 
  g18198/ZN                         -       B1->ZN R     AOI222D1BWP30P140      1   1.5    92    41    1526    (-,-) 
  g17740/ZN                         -       A1->ZN F     ND2D1BWP30P140         1   1.5    32    23    1549    (-,-) 
  registers_reg[15][19]/D           <<<     -      F     DFCNQD1BWP30P140       1     -     -     0    1549    (-,-) 
#--------------------------------------------------------------------------------------------------------------------


