============================================================
  Generated by:           Genus(TM) Synthesis Solution 22.17-s071_1
  Generated on:           May 01 2025  02:07:10 pm
  Module:                 conv
  Library domain:         timing_cond_0p81v_125c
    Domain index:         0
    Technology library:   tcbn28hpcplusbwp30p140ssg0p81v125c 110
  Operating conditions:   ssg0p81v125c 
  Interconnect mode:      global
  Area mode:              physical library
============================================================


Summary
-------
--------------------------------------------------------------------------
            Category            Number     %    Average Toggle Saving %   
--------------------------------------------------------------------------
 Total Clock Gating Instances        4  100.00                         -  
--------------------------------------------------------------------------
 RC Clock Gating Instances           4  100.00                     62.62  
 Non-RC Clock Gating Instances       0    0.00                      0.00  
--------------------------------------------------------------------------
 RC Gated Flip-flops               320   98.77                     62.62  
 Non-RC Gated Flip-flops             0    0.00                      0.00  
--------------------------------------------------------------------------
 Total Gated Flip-flops            320   98.77                         -  
 Total Ungated Flip-flops            4    1.23                         -  
 Enable not found                    2   50.00                         -  
 Register bank width too small       2   50.00                         -  
--------------------------------------------------------------------------
 Total Flip-flops                  324  100.00                         -  
--------------------------------------------------------------------------
Multibit Flip-flop Summary
--------------------------
-------------------------------------------------------
Width     Number     Bits     RC Gated     Ungated     
-------------------------------------------------------
1-bit     324        324      320 (98.77%) 4 (1.23%)   
-------------------------------------------------------


