============================================================
  Generated by:           Genus(TM) Synthesis Solution 21.12-s068_1
  Generated on:           Jan 23 2026  10:01:52 pm
  Module:                 System
  Operating conditions:   ssg0p81v125c 
  Interconnect mode:      global
  Area mode:              physical library
============================================================


Path 1: MET (0 ps) Setup Check with Pin conv/r_feat_reg[32][19]/CP->D
           View: analysis_view_0p81v_125c_capwst_slowest
          Group: clk
     Startpoint: (R) conv/r_idx_in_reg[1]/CP
          Clock: (R) clk
       Endpoint: (R) conv/r_feat_reg[32][19]/D
          Clock: (R) clk

                     Capture       Launch     
        Clock Edge:+    2000            0     
       Src Latency:+       0            0     
       Net Latency:+       0 (I)        0 (I) 
           Arrival:=    2000            0     
                                              
             Setup:-      27                  
     Required Time:=    1973                  
      Launch Clock:-       0                  
         Data Path:-    1973                  
             Slack:=       0                  

#--------------------------------------------------------------------------------------------------------------------------------------------
#                      Timing Point                        Flags    Arc   Edge        Cell          Fanout Load Trans Delay Arrival Instance 
#                                                                                                          (fF)  (ps)  (ps)   (ps)  Location 
#--------------------------------------------------------------------------------------------------------------------------------------------
  conv/r_idx_in_reg[1]/CP                                  -       -      R     (arrival)               26    -     0     0       0    (-,-) 
  conv/r_idx_in_reg[1]/Q                                   -       CP->Q  F     DFKCND1BWP30P140        14 14.7    78   103     103    (-,-) 
  conv/mux_mult/g135/Z                                     -       S->Z   F     MUX2OPTD4BWP30P140      12 13.2    25    49     152    (-,-) 
  conv/g73959/ZN                                           -       I->ZN  R     INVD3BWP30P140           2  3.4    13    13     165    (-,-) 
  conv/g73946/ZN                                           -       A1->ZN F     NR2D3BWP30P140           6  8.7    22    15     180    (-,-) 
  conv/g73932/ZN                                           -       I->ZN  R     CKND1BWP30P140           1  1.7    17    17     197    (-,-) 
  conv/g73908/ZN                                           -       A1->ZN F     NR2OPTIBD2BWP30P140      8  6.9    29    19     216    (-,-) 
  conv/g73892/Z                                            -       I->Z   F     BUFFD3BWP30P140         74 63.8   112    83     299    (-,-) 
  conv/g73220/Z                                            -       A1->Z  F     AO22D0BWP30P140          1  1.4    24    62     361    (-,-) 
  conv/g71540/ZN                                           -       C->ZN  R     AOI221D1BWP30P140        1  1.2    43    40     402    (-,-) 
  conv/g71359/Z                                            -       A1->Z  R     CKAN2D1BWP30P140         1  1.3    14    27     429    (-,-) 
  conv/g70828/ZN                                           -       A1->ZN F     ND3D1BWP30P140           4  4.1    72    45     474    (-,-) 
  conv/genblk1[0].multip/mul_153_63_g5917__5122/Z          -       A2->Z  R     XOR2UD1BWP30P140         2  2.1    52    47     521    (-,-) 
  conv/genblk1[0].multip/mul_153_63_g5905__2398/ZN         -       A1->ZN R     INR2D1BWP30P140         22 19.5   187   127     648    (-,-) 
  conv/genblk1[0].multip/mul_153_63_g5856__5122/ZN         -       A2->ZN F     OAI21D1BWP30P140         1  1.8    65    43     691    (-,-) 
  conv/genblk1[0].multip/mul_153_63_g5801__1881/ZN         -       A1->ZN R     XNR2UD1BWP30P140         1  2.5    53    38     730    (-,-) 
  conv/genblk1[0].multip/mul_153_63_g5699__4319/S          -       B->S   F     HA1D1BWP30P140           1  2.7    23    44     773    (-,-) 
  conv/genblk1[0].multip/mul_153_63_cdnfadd_006_0__2398/CO -       A->CO  F     FA1D1BWP30P140           1  2.1    22    52     825    (-,-) 
  conv/genblk1[0].multip/mul_153_63_cdnfadd_007_0__5107/S  -       CI->S  F     FA1D1BWP30P140           2  2.1    26    66     890    (-,-) 
  conv/genblk1[0].multip/mul_153_63_g5569__1881/Z          -       A1->Z  F     OR2D1BWP30P140           2  2.1    17    29     920    (-,-) 
  conv/genblk1[0].multip/mul_153_63_g5568__6131/ZN         -       B->ZN  R     OAI21D1BWP30P140         2  2.3    34    20     940    (-,-) 
  conv/genblk1[0].multip/mul_153_63_g5559__5526/Z          -       B->Z   R     AO211D1BWP30P140         1  1.3    15    29     969    (-,-) 
  conv/genblk1[0].multip/mul_153_63_g5552__6417/ZN         -       A1->ZN F     OAI221D1BWP30P140        1  2.1    62    38    1007    (-,-) 
  conv/genblk1[0].multip/mul_153_63_g5520__2883/CO         -       CI->CO F     FA1D1BWP30P140           1  2.1    22    57    1064    (-,-) 
  conv/genblk1[0].multip/mul_153_63_g5493__2346/CO         -       CI->CO F     FA1D1BWP30P140           1  2.1    22    44    1108    (-,-) 
  conv/genblk1[0].multip/mul_153_63_g5473__4319/CO         -       CI->CO F     FA1D1BWP30P140           1  2.1    22    44    1151    (-,-) 
  conv/genblk1[0].multip/mul_153_63_g5456__6131/CO         -       CI->CO F     FA1D1BWP30P140           1  2.1    22    44    1195    (-,-) 
  conv/genblk1[0].multip/mul_153_63_g5455__7098/CO         -       CI->CO F     FA1D1BWP30P140           1  2.1    22    44    1238    (-,-) 
  conv/genblk1[0].multip/mul_153_63_g5454__8246/CO         -       CI->CO F     FA1D1BWP30P140           1  2.1    21    44    1282    (-,-) 
  conv/genblk1[0].multip/mul_153_63_g5453__5122/CO         -       CI->CO F     FA1D1BWP30P140           1  2.1    21    43    1325    (-,-) 
  conv/genblk1[0].multip/mul_153_63_g5450__1617/CO         -       CI->CO F     FA1D2BWP30P140           1  2.1    17    42    1367    (-,-) 
  conv/genblk1[0].multip/mul_153_63_g5448__6783/CO         -       CI->CO F     FA1D1BWP30P140           1  2.1    21    42    1409    (-,-) 
  conv/genblk1[0].multip/mul_153_63_g5447__5526/CO         -       CI->CO F     FA1D2BWP30P140           1  2.1    17    42    1450    (-,-) 
  conv/genblk1[0].multip/mul_153_63_g5443__5107/CO         -       CI->CO F     FA1D2BWP30P140           1  2.1    17    40    1491    (-,-) 
  conv/genblk1[0].multip/mul_153_63_g5442__2398/CO         -       CI->CO F     FA1D2BWP30P140           2  2.1    17    40    1531    (-,-) 
  conv/genblk1[0].multip/mul_153_63_g5441__5477/ZN         -       A1->ZN R     ND2D1BWP30P140           2  2.2    18    16    1547    (-,-) 
  conv/genblk1[0].multip/mul_153_63_g5438__1666/ZN         -       A2->ZN F     OAI221D1BWP30P140        1  2.1    60    40    1587    (-,-) 
  conv/genblk1[0].multip/mul_153_63_g5436__2883/CO         -       CI->CO F     FA1D2BWP30P140           1  2.1    18    55    1642    (-,-) 
  conv/genblk1[0].multip/mul_153_63_g5435__9945/CO         -       CI->CO F     FA1D2BWP30P140           1  2.1    18    40    1683    (-,-) 
  conv/genblk1[0].multip/mul_153_63_g5434__9315/CO         -       CI->CO F     FA1D1BWP30P140           1  2.1    21    42    1725    (-,-) 
  conv/genblk1[0].multip/mul_153_63_g5433__6161/CO         -       CI->CO F     FA1D1BWP30P140           1  2.1    22    43    1768    (-,-) 
  conv/genblk1[0].multip/mul_153_63_g5432__4733/CO         -       CI->CO F     FA1D1BWP30P140           1  1.4    18    40    1808    (-,-) 
  conv/genblk1[0].multip/mul_153_63_g5431__7482/Z          -       A3->Z  R     XOR3D1BWP30P140          6  6.8    40    56    1864    (-,-) 
  conv/g69911/ZN                                           -       I->ZN  F     INVD3BWP30P140          30 25.7    51    40    1904    (-,-) 
  conv/g69262/ZN                                           -       A1->ZN R     NR2D1BWP30P140           2  2.1    52    33    1936    (-,-) 
  conv/g68977/ZN                                           -       I->ZN  F     CKND1BWP30P140           1  1.4    22    18    1954    (-,-) 
  conv/g68568/ZN                                           -       B->ZN  R     OAI211D1BWP30P140        1  1.3    48    18    1973    (-,-) 
  conv/r_feat_reg[32][19]/D                                <<<     -      R     DFQD2BWP30P140           1    -     -     0    1973    (-,-) 
#--------------------------------------------------------------------------------------------------------------------------------------------


