============================================================
  Generated by:           Genus(TM) Synthesis Solution 21.12-s068_1
  Generated on:           Jan 23 2026  10:02:00 pm
  Module:                 System
  Operating conditions:   ssg0p81v125c 
  Operating conditions:   tt0p9v25c 
  Interconnect mode:      global
  Area mode:              physical library
============================================================


Path 1: MET (382 ps) Setup Check with Pin conv/r_feat_reg[21][19]/CP->D
           View: analysis_view_0p90v_25c_captyp_nominal
          Group: clk
     Startpoint: (R) conv/r_idx_in_reg[2]/CP
          Clock: (R) clk
       Endpoint: (F) conv/r_feat_reg[21][19]/D
          Clock: (R) clk

                     Capture       Launch     
        Clock Edge:+    2000            0     
       Src Latency:+       0            0     
       Net Latency:+       0 (I)        0 (I) 
           Arrival:=    2000            0     
                                              
             Setup:-      18                  
     Required Time:=    1982                  
      Launch Clock:-       0                  
         Data Path:-    1601                  
             Slack:=     382                  

#--------------------------------------------------------------------------------------------------------------------------------------
#                   Timing Point                     Flags    Arc   Edge        Cell          Fanout Load Trans Delay Arrival Instance 
#                                                                                                    (fF)  (ps)  (ps)   (ps)  Location 
#--------------------------------------------------------------------------------------------------------------------------------------
  conv/r_idx_in_reg[2]/CP                            -       -      R     (arrival)               26    -     0     0       0    (-,-) 
  conv/r_idx_in_reg[2]/Q                             -       CP->Q  F     DFKCND1BWP30P140         4  5.3    24    58      58    (-,-) 
  conv/mux_mult/g142/ZN                              -       I->ZN  R     INVD1BWP30P140           2  4.0    22    20      78    (-,-) 
  conv/mux_mult/g138/ZN                              -       A2->ZN F     NR2OPTPAD1BWP30P140      2  3.9    30    19      98    (-,-) 
  conv/mux_mult/g136/ZN                              -       I->ZN  R     CKND2BWP30P140           2  4.0    15    16     114    (-,-) 
  conv/mux_mult/g2/ZN                                -       B->ZN  F     IOA21D2BWP30P140         7  7.4    31    23     136    (-,-) 
  conv/g73919/ZN                                     -       A1->ZN R     NR2D1BWP30P140           4  6.2    52    39     175    (-,-) 
  conv/g73742/ZN                                     -       A2->ZN F     ND3D2BWP30P140           4  5.4    40    34     209    (-,-) 
  conv/g73100/ZN                                     -       A1->ZN R     NR2D1BWP30P140          25 25.7   180   118     328    (-,-) 
  conv/g72815/ZN                                     -       I->ZN  F     CKND1BWP30P140           2  3.6    53    34     362    (-,-) 
  conv/g72813/ZN                                     -       I->ZN  R     INVD3BWP30P140          56 57.1    82    65     427    (-,-) 
  conv/g71425/ZN                                     -       A1->ZN F     AOI22D1BWP30P140         1  1.5    52    23     450    (-,-) 
  conv/g70867/ZN                                     -       A4->ZN R     ND4D1BWP30P140           1  1.6    23    24     474    (-,-) 
  conv/g70593/Z                                      -       B->Z   R     AO211D1BWP30P140        26 31.7   129    90     564    (-,-) 
  conv/genblk1[3].multip/mul_153_63_g6012/ZN         -       I->ZN  F     CKND1BWP30P140           3  3.8    46    33     597    (-,-) 
  conv/genblk1[3].multip/mul_153_63_g5993/ZN         -       A1->ZN F     XNR2UD1BWP30P140         2  2.5    33    31     628    (-,-) 
  conv/genblk1[3].multip/mul_153_63_g5970/ZN         -       B1->ZN R     INR2D1BWP30P140         20 21.2   148    97     725    (-,-) 
  conv/genblk1[3].multip/mul_153_63_g5892/ZN         -       A1->ZN F     OAI21D1BWP30P140         1  2.0    52    35     760    (-,-) 
  conv/genblk1[3].multip/mul_153_63_g5851/ZN         -       A1->ZN F     XNR2UD1BWP30P140         1  2.6    54    33     793    (-,-) 
  conv/genblk1[3].multip/mul_153_63_g5776/S          -       B->S   F     HA1D1BWP30P140           1  2.9    18    32     825    (-,-) 
  conv/genblk1[3].multip/mul_153_63_cdnfadd_006_0/CO -       A->CO  F     FA1D1BWP30P140           1  2.2    17    38     864    (-,-) 
  conv/genblk1[3].multip/mul_153_63_cdnfadd_007_0/S  -       CI->S  R     FA1D1BWP30P140           1  1.5    18    53     916    (-,-) 
  conv/genblk1[3].multip/mul_153_63_g5657/ZN         -       I->ZN  F     CKND1BWP30P140           2  2.6    16    14     931    (-,-) 
  conv/genblk1[3].multip/mul_153_63_g5649/Z          -       A1->Z  F     CKAN2D1BWP30P140         2  2.7    15    23     954    (-,-) 
  conv/genblk1[3].multip/mul_153_63_g5648/Z          -       B->Z   F     AO21D1BWP30P140          2  2.5    15    28     981    (-,-) 
  conv/genblk1[3].multip/mul_153_63_g5640/Z          -       B->Z   F     AO211D1BWP30P140         1  1.5    13    32    1014    (-,-) 
  conv/genblk1[3].multip/mul_153_63_g5625/ZN         -       A3->ZN R     OAI31D1BWP30P140         1  2.3    34    24    1038    (-,-) 
  conv/genblk1[3].multip/mul_153_63_g5598/CO         -       CI->CO R     FA1D1BWP30P140           1  2.3    17    33    1071    (-,-) 
  conv/genblk1[3].multip/mul_153_63_g5570/CO         -       CI->CO R     FA1D1BWP30P140           1  2.3    17    30    1101    (-,-) 
  conv/genblk1[3].multip/mul_153_63_g5547/CO         -       CI->CO R     FA1D1BWP30P140           1  2.3    17    30    1131    (-,-) 
  conv/genblk1[3].multip/mul_153_63_g5528/CO         -       CI->CO R     FA1D1BWP30P140           1  2.3    17    30    1160    (-,-) 
  conv/genblk1[3].multip/mul_153_63_g5520/CO         -       CI->CO R     FA1D1BWP30P140           1  2.3    17    30    1190    (-,-) 
  conv/genblk1[3].multip/mul_153_63_g5517/CO         -       CI->CO R     FA1D1BWP30P140           1  2.3    16    30    1220    (-,-) 
  conv/genblk1[3].multip/mul_153_63_g5512/CO         -       CI->CO R     FA1D1BWP30P140           1  2.3    16    29    1249    (-,-) 
  conv/genblk1[3].multip/mul_153_63_g5508/CO         -       CI->CO R     FA1D1BWP30P140           2  2.6    18    30    1279    (-,-) 
  conv/genblk1[3].multip/mul_153_63_g5505/ZN         -       A1->ZN F     CKND2D1BWP30P140         2  2.5    22    18    1297    (-,-) 
  conv/genblk1[3].multip/mul_153_63_g5498/ZN         -       A1->ZN F     IND2D1BWP30P140          2  2.5    27    30    1327    (-,-) 
  conv/genblk1[3].multip/mul_153_63_g5489/Z          -       A1->Z  F     OR3D1BWP30P140           2  2.5    16    33    1360    (-,-) 
  conv/genblk1[3].multip/mul_153_63_g5450/ZN         -       A2->ZN R     OAI21D1BWP30P140         3  4.1    37    28    1388    (-,-) 
  conv/genblk1[3].multip/mul_153_63_g5449/Z          -       A1->Z  R     AN3D1BWP30P140           1  1.6    15    35    1423    (-,-) 
  conv/genblk1[3].multip/mul_153_63_g5447/Z          -       B->Z   R     AO211D1BWP30P140         1  2.3    14    23    1446    (-,-) 
  conv/genblk1[3].multip/mul_153_63_g5444/CO         -       CI->CO R     FA1D1BWP30P140           1  1.6    14    27    1472    (-,-) 
  conv/genblk1[3].multip/mul_153_63_g2/Z             -       A3->Z  F     XOR3D1BWP30P140         13 13.7    60    60    1532    (-,-) 
  conv/g69863/ZN                                     -       I->ZN  R     CKND1BWP30P140           4  4.8    34    34    1567    (-,-) 
  conv/g67935/ZN                                     -       B2->ZN F     OAI221D1BWP30P140        1  1.5    77    34    1601    (-,-) 
  conv/r_feat_reg[21][19]/D                          <<<     -      F     DFQD2BWP30P140           1    -     -     0    1601    (-,-) 
#--------------------------------------------------------------------------------------------------------------------------------------


