============================================================
  Generated by:           Genus(TM) Synthesis Solution 21.12-s068_1
  Generated on:           Oct 08 2026  03:07:49 am
  Module:                 Conv
  Operating conditions:   ssg0p81v125c 
  Operating conditions:   tt0p9v25c 
  Operating conditions:   ffg0p99vm40c 
  Interconnect mode:      global
  Area mode:              physical library
============================================================


Path 1: MET (415 ps) Late External Delay Assertion at pin p_output_data_write[19]
           View: analysis_view_0p99v_m40c_capbst_fastest
          Group: clk
     Startpoint: (R) r_output_write_count_reg[0]/CP
          Clock: (R) clk
       Endpoint: (F) p_output_data_write[19]
          Clock: (R) clk

                     Capture       Launch     
        Clock Edge:+    2000            0     
       Src Latency:+       0            0     
       Net Latency:+       0 (I)        0 (I) 
           Arrival:=    2000            0     
                                              
      Output Delay:-    1000                  
     Required Time:=    1000                  
      Launch Clock:-       0                  
         Data Path:-     585                  
             Slack:=     415                  

Exceptions/Constraints:
  output_delay             1000            tmp_sdc_analysis_vie_1_line_537 

#----------------------------------------------------------------------------------------------------------------
#         Timing Point           Flags    Arc   Edge       Cell        Fanout  Load Trans Delay Arrival Instance 
#                                                                              (fF)  (ps)  (ps)   (ps)  Location 
#----------------------------------------------------------------------------------------------------------------
  r_output_write_count_reg[0]/CP -       -      R     (arrival)             4     -     0     0       0    (-,-) 
  r_output_write_count_reg[0]/Q  -       CP->Q  F     DFCND1BWP30P140       3   4.6    18    45      45    (-,-) 
  g14032/ZN                      -       A1->ZN F     INR2D2BWP30P140      25  28.8    48    38      82    (-,-) 
  g13729/Z                       -       I->Z   F     BUFFD4BWP30P140     129 143.0   110    78     160    (-,-) 
  g12274/ZN                      -       B1->ZN R     AOI22D1BWP30P140      1   1.7    28    36     196    (-,-) 
  g12130/ZN                      -       A1->ZN F     ND2D1BWP30P140        1   3.0    23    19     214    (-,-) 
  add_1001_76_I1_g1423/CO        -       B->CO  F     FA1D1BWP30P140        1   2.4    13    30     245    (-,-) 
  add_1001_76_I1_g1422/CO        -       CI->CO F     FA1D1BWP30P140        1   2.4    13    24     269    (-,-) 
  add_1001_76_I1_g1421/CO        -       CI->CO F     FA1D1BWP30P140        1   2.4    13    24     293    (-,-) 
  add_1001_76_I1_g1420/CO        -       CI->CO F     FA1D1BWP30P140        3   4.4    18    28     321    (-,-) 
  add_1001_76_I1_g1418/Z         -       A1->Z  F     AO21D1BWP30P140       1   2.4    11    18     339    (-,-) 
  add_1001_76_I1_g1415/CO        -       CI->CO F     FA1D1BWP30P140        1   2.4    13    24     363    (-,-) 
  add_1001_76_I1_g1414/CO        -       CI->CO F     FA1D1BWP30P140        1   2.4    13    24     387    (-,-) 
  add_1001_76_I1_g1413/CO        -       CI->CO F     FA1D1BWP30P140        1   2.4    13    24     412    (-,-) 
  add_1001_76_I1_g1412/CO        -       CI->CO F     FA1D1BWP30P140        1   2.4    13    24     436    (-,-) 
  add_1001_76_I1_g1411/CO        -       CI->CO F     FA1D1BWP30P140        1   2.4    13    24     460    (-,-) 
  add_1001_76_I1_g1410/CO        -       CI->CO F     FA1D1BWP30P140        1   2.4    13    24     484    (-,-) 
  add_1001_76_I1_g1409/CO        -       CI->CO F     FA1D1BWP30P140        1   2.4    13    24     508    (-,-) 
  add_1001_76_I1_g1408/CO        -       CI->CO F     FA1D1BWP30P140        1   2.4    13    24     532    (-,-) 
  add_1001_76_I1_g1407/CO        -       CI->CO F     FA1D1BWP30P140        1   1.8    11    23     555    (-,-) 
  add_1001_76_I1_g1406/Z         -       A3->Z  F     XOR3UD1BWP30P140      1   5.2    34    30     585    (-,-) 
  p_output_data_write[19]        <<<     -      F     (port)                -     -     -     0     585    (-,-) 
#----------------------------------------------------------------------------------------------------------------


