============================================================
  Generated by:           Genus(TM) Synthesis Solution 21.12-s068_1
  Generated on:           Oct 06 2026  11:42:07 pm
  Module:                 Conv
  Operating conditions:   ssg0p81v125c 
  Interconnect mode:      global
  Area mode:              physical library
============================================================


Path 1: MET (0 ps) Setup Check with Pin r_input_weight_reg[4][12]/CP->D
           View: analysis_view_0p81v_125c_capwst_slowest
          Group: clk
     Startpoint: (R) r_weight_spatial_reg[0][6]/CP
          Clock: (R) clk
       Endpoint: (R) r_input_weight_reg[4][12]/D
          Clock: (R) clk

                     Capture       Launch     
        Clock Edge:+    2000            0     
       Src Latency:+       0            0     
       Net Latency:+       0 (I)        0 (I) 
           Arrival:=    2000            0     
                                              
             Setup:-      26                  
     Required Time:=    1974                  
      Launch Clock:-       0                  
         Data Path:-    1974                  
             Slack:=       0                  

#-------------------------------------------------------------------------------------------------------------------------------------------------------------------------
#                                   Timing Point                                    Flags    Arc   Edge          Cell            Fanout Load Trans Delay Arrival Instance 
#                                                                                                                                       (fF)  (ps)  (ps)   (ps)  Location 
#-------------------------------------------------------------------------------------------------------------------------------------------------------------------------
  r_weight_spatial_reg[0][6]/CP                                                     -       -      R     (arrival)                   16    -     0     0       0    (-,-) 
  r_weight_spatial_reg[0][6]/Q                                                      -       CP->Q  F     SDFCNQOPTMAD4BWP30P140      51 67.3    91    83      83    (-,-) 
  WEIGHT_TRANSFORM_ROWS[1].weight_trf_row/csa_tree_sub0041101_groupi_g9475/ZN       -       I->ZN  R     CKND1BWP30P140               2  3.3    42    42     124    (-,-) 
  WEIGHT_TRANSFORM_ROWS[1].weight_trf_row/csa_tree_sub0041101_groupi_g9392/ZN       -       B->ZN  F     MAOI222D1BWP30P140           2  2.5    52    42     166    (-,-) 
  WEIGHT_TRANSFORM_ROWS[1].weight_trf_row/csa_tree_sub0041101_groupi_g9319/ZN       -       I->ZN  R     CKND2BWP30P140               2  2.9    21    21     188    (-,-) 
  WEIGHT_TRANSFORM_ROWS[1].weight_trf_row/csa_tree_sub0041101_groupi_g9222/ZN       -       I1->ZN F     MUX2ND2BWP30P140             2  3.0    12    41     228    (-,-) 
  WEIGHT_TRANSFORM_ROWS[1].weight_trf_row/g21744/Z                                  -       A1->Z  R     XOR3D1BWP30P140              2  3.8    26    70     298    (-,-) 
  WEIGHT_TRANSFORM_ROWS[1].weight_trf_row/g21739/ZN                                 -       A3->ZN F     XNR3D4BWP30P140              2  3.2    15    35     333    (-,-) 
  WEIGHT_TRANSFORM_ROWS[1].weight_trf_row/csa_tree_sub0041101_groupi_g9083/ZN       -       A2->ZN R     ND2D1BWP30P140               2  2.6    28    17     350    (-,-) 
  WEIGHT_TRANSFORM_ROWS[1].weight_trf_row/csa_tree_sub0041101_groupi_g9061/ZN       -       B->ZN  F     OAI21OPTREPBD2BWP30P140      1  1.9    19    18     368    (-,-) 
  WEIGHT_TRANSFORM_ROWS[1].weight_trf_row/csa_tree_sub0041101_groupi_g9057/ZN       -       B->ZN  R     AOI21D2BWP30P140             2  3.3    27    26     395    (-,-) 
  WEIGHT_TRANSFORM_ROWS[1].weight_trf_row/csa_tree_sub0041101_groupi_g9055/Z        -       A1->Z  R     OA21D4BWP30P140              2  3.1    13    29     424    (-,-) 
  WEIGHT_TRANSFORM_ROWS[1].weight_trf_row/csa_tree_sub0041101_groupi_g9052/ZN       -       A1->ZN F     OAI21D2BWP30P140             1  2.5    25    17     440    (-,-) 
  WEIGHT_TRANSFORM_ROWS[1].weight_trf_row/csa_tree_sub0041101_groupi_g9051/CO       -       CI->CO F     FA1OPTCD2BWP30P140           1  2.5    18    28     468    (-,-) 
  WEIGHT_TRANSFORM_ROWS[1].weight_trf_row/csa_tree_sub0041101_groupi_g9050/CO       -       CI->CO F     FA1OPTCD2BWP30P140           1  2.5    17    25     493    (-,-) 
  WEIGHT_TRANSFORM_ROWS[1].weight_trf_row/csa_tree_sub0041101_groupi_g9049/CO       -       CI->CO F     FA1OPTCD2BWP30P140           2  3.3    19    27     520    (-,-) 
  WEIGHT_TRANSFORM_ROWS[1].weight_trf_row/csa_tree_sub0041101_groupi_g9046/ZN       -       A1->ZN R     AOI21D4BWP30P140             2  4.1    27    18     538    (-,-) 
  WEIGHT_TRANSFORM_ROWS[1].weight_trf_row/csa_tree_sub0041101_groupi_g9045/ZN       -       A1->ZN F     NR2OPTPAD4BWP30P140          1  2.8    14    10     548    (-,-) 
  WEIGHT_TRANSFORM_ROWS[1].weight_trf_row/csa_tree_sub0041101_groupi_g9043/ZN       -       A1->ZN R     NR2OPTPAD4BWP30P140          2  3.5    13    12     560    (-,-) 
  WEIGHT_TRANSFORM_ROWS[1].weight_trf_row/csa_tree_sub0041101_groupi_g9042/ZN       -       A1->ZN F     NR2D3BWP30P140               1  2.6    12     9     569    (-,-) 
  WEIGHT_TRANSFORM_ROWS[1].weight_trf_row/csa_tree_sub0041101_groupi_g9040/ZN       -       A1->ZN R     NR2D4BWP30P140               2  3.5    16    13     582    (-,-) 
  WEIGHT_TRANSFORM_ROWS[1].weight_trf_row/csa_tree_sub0041101_groupi_g9039/ZN       -       A1->ZN F     NR2D3BWP30P140               1  2.2    12     9     591    (-,-) 
  WEIGHT_TRANSFORM_ROWS[1].weight_trf_row/csa_tree_sub0041101_groupi_g9037/ZN       -       A1->ZN R     NR2D3BWP30P140               2  3.1    18    15     606    (-,-) 
  WEIGHT_TRANSFORM_ROWS[1].weight_trf_row/csa_tree_sub0041101_groupi_g9036/ZN       -       A1->ZN F     NR2D2BWP30P140               1  2.6    14    11     617    (-,-) 
  WEIGHT_TRANSFORM_ROWS[1].weight_trf_row/csa_tree_sub0041101_groupi_g9034/ZN       -       A1->ZN R     NR2D4BWP30P140               2  3.9    17    14     632    (-,-) 
  WEIGHT_TRANSFORM_ROWS[1].weight_trf_row/csa_tree_sub0041101_groupi_g9033/ZN       -       A1->ZN F     NR2D3BWP30P140               1  2.5    13     9     641    (-,-) 
  WEIGHT_TRANSFORM_ROWS[1].weight_trf_row/csa_tree_sub0041101_groupi_g9031/ZN       -       A1->ZN R     NR2OPTIBD4BWP30P140          2  5.8    21    17     658    (-,-) 
  WEIGHT_TRANSFORM_ROWS[1].weight_trf_row/csa_tree_sub0041101_groupi_g9030/ZN       -       A1->ZN F     ND2D4BWP30P140               1  6.7    26    20     678    (-,-) 
  WEIGHT_TRANSFORM_ROWS[1].weight_trf_row/csa_tree_sub0041101_groupi_g9028/ZN       -       A1->ZN R     ND2OPTIBD16BWP30P140        20 32.2    38    20     698    (-,-) 
  WEIGHT_TRANSFORM_ROWS[1].weight_trf_row/f_floor_div_1129_22:div_1057_24_g16263/Z  -       S->Z   F     MUX2OPTD6BWP30P140           4  6.8    13    32     730    (-,-) 
  WEIGHT_TRANSFORM_ROWS[1].weight_trf_row/f_floor_div_1129_22:div_1057_24_g16257/ZN -       A2->ZN R     NR2D4BWP30P140               3  5.1    21    18     749    (-,-) 
  WEIGHT_TRANSFORM_ROWS[1].weight_trf_row/f_floor_div_1129_22:div_1057_24_g16248/ZN -       A1->ZN F     NR2OPTPAD4BWP30P140          2  5.5    18    12     761    (-,-) 
  WEIGHT_TRANSFORM_ROWS[1].weight_trf_row/f_floor_div_1129_22:div_1057_24_g16247/ZN -       I->ZN  R     INVD1P5BWP30P140             1  1.7    11    12     772    (-,-) 
  WEIGHT_TRANSFORM_ROWS[1].weight_trf_row/f_floor_div_1129_22:div_1057_24_g16245/ZN -       A1->ZN F     AOI21OPTREPBD1BWP30P140      1  1.8    24    19     792    (-,-) 
  WEIGHT_TRANSFORM_ROWS[1].weight_trf_row/f_floor_div_1129_22:div_1057_24_g16235/ZN -       B->ZN  R     OAI21D2BWP30P140             2  3.2    23    18     810    (-,-) 
  WEIGHT_TRANSFORM_ROWS[1].weight_trf_row/f_floor_div_1129_22:div_1057_24_g16232/ZN -       A1->ZN F     ND2OPTIBD4BWP30P140          1  4.3    19    15     825    (-,-) 
  WEIGHT_TRANSFORM_ROWS[1].weight_trf_row/f_floor_div_1129_22:div_1057_24_g16231/ZN -       A2->ZN R     ND2OPTIBD8BWP30P140          7 11.7    18    17     842    (-,-) 
  WEIGHT_TRANSFORM_ROWS[1].weight_trf_row/f_floor_div_1129_22:div_1057_24_g16222/Z  -       A1->Z  R     OA22D4BWP30P140              3  8.7    20    37     879    (-,-) 
  WEIGHT_TRANSFORM_ROWS[1].weight_trf_row/f_floor_div_1129_22:div_1057_24_g16220/ZN -       A2->ZN F     OAI21D4BWP30P140             1  4.5    26    21     900    (-,-) 
  WEIGHT_TRANSFORM_ROWS[1].weight_trf_row/f_floor_div_1129_22:div_1057_24_g16214/ZN -       A1->ZN R     NR2OPTPAD8BWP30P140          5 14.0    21    20     920    (-,-) 
  WEIGHT_TRANSFORM_ROWS[1].weight_trf_row/f_floor_div_1129_22:div_1057_24_g16213/ZN -       I->ZN  F     INVD6BWP30P140               4  6.8    12    10     930    (-,-) 
  WEIGHT_TRANSFORM_ROWS[1].weight_trf_row/f_floor_div_1129_22:div_1057_24_g16208/ZN -       A1->ZN R     OAI21D6BWP30P140             2  4.8    19    15     945    (-,-) 
  WEIGHT_TRANSFORM_ROWS[1].weight_trf_row/f_floor_div_1129_22:div_1057_24_g16207/ZN -       I->ZN  F     CKND4BWP30P140               3  6.0    13    12     956    (-,-) 
  WEIGHT_TRANSFORM_ROWS[1].weight_trf_row/f_floor_div_1129_22:div_1057_24_g16202/ZN -       A2->ZN R     NR2D4BWP30P140               2  4.9    20    18     974    (-,-) 
  WEIGHT_TRANSFORM_ROWS[1].weight_trf_row/f_floor_div_1129_22:div_1057_24_g16201/ZN -       I->ZN  F     CKND2BWP30P140               1  1.6    10     9     983    (-,-) 
  WEIGHT_TRANSFORM_ROWS[1].weight_trf_row/f_floor_div_1129_22:div_1057_24_g16196/ZN -       A1->ZN R     ND3OPTPAD2BWP30P140          1  2.3    23    11     994    (-,-) 
  WEIGHT_TRANSFORM_ROWS[1].weight_trf_row/f_floor_div_1129_22:div_1057_24_g16191/ZN -       A2->ZN F     CKND2D4BWP30P140             2  3.6    16    15    1009    (-,-) 
  WEIGHT_TRANSFORM_ROWS[1].weight_trf_row/f_floor_div_1129_22:div_1057_24_g16338/ZN -       B1->ZN R     INR2D4BWP30P140              3  5.4    19    16    1026    (-,-) 
  WEIGHT_TRANSFORM_ROWS[1].weight_trf_row/f_floor_div_1129_22:div_1057_24_g16185/ZN -       A1->ZN F     AOI21D6BWP30P140             2  5.8    22    17    1042    (-,-) 
  WEIGHT_TRANSFORM_ROWS[1].weight_trf_row/f_floor_div_1129_22:div_1057_24_g16184/ZN -       A1->ZN R     NR2OPTPAD8BWP30P140          6 11.4    18    17    1060    (-,-) 
  WEIGHT_TRANSFORM_ROWS[1].weight_trf_row/f_floor_div_1129_22:div_1057_24_g16183/ZN -       I->ZN  F     CKND4BWP30P140               3  5.9    12    11    1071    (-,-) 
  WEIGHT_TRANSFORM_ROWS[1].weight_trf_row/f_floor_div_1129_22:div_1057_24_g16178/ZN -       A1->ZN R     OAI21D6BWP30P140             3  8.1    24    18    1089    (-,-) 
  WEIGHT_TRANSFORM_ROWS[1].weight_trf_row/f_floor_div_1129_22:div_1057_24_g16175/ZN -       A2->ZN F     AOI21D6BWP30P140             1  6.0    25    19    1108    (-,-) 
  WEIGHT_TRANSFORM_ROWS[1].weight_trf_row/f_floor_div_1129_22:div_1057_24_g16173/ZN -       A2->ZN R     ND2OPTIBD12BWP30P140         6 11.5    16    17    1125    (-,-) 
  WEIGHT_TRANSFORM_ROWS[1].weight_trf_row/f_floor_div_1129_22:div_1057_24_g16165/ZN -       A1->ZN F     MOAI22D2BWP30P140            2  3.0    32    21    1146    (-,-) 
  WEIGHT_TRANSFORM_ROWS[1].weight_trf_row/f_floor_div_1129_22:div_1057_24_g16162/ZN -       A2->ZN R     ND2D2BWP30P140               2  3.5    19    20    1165    (-,-) 
  WEIGHT_TRANSFORM_ROWS[1].weight_trf_row/f_floor_div_1129_22:div_1057_24_g16159/ZN -       A1->ZN F     ND2D4BWP30P140               1  4.2    20    16    1181    (-,-) 
  WEIGHT_TRANSFORM_ROWS[1].weight_trf_row/f_floor_div_1129_22:div_1057_24_g16156/ZN -       A1->ZN R     NR2OPTIBD8BWP30P140          4  6.8    16    15    1196    (-,-) 
  WEIGHT_TRANSFORM_ROWS[1].weight_trf_row/g21886/ZN                                 -       A1->ZN R     IAO21D2BWP30P140             2  3.9    26    32    1228    (-,-) 
  WEIGHT_TRANSFORM_ROWS[1].weight_trf_row/g21609/ZN                                 -       A1->ZN F     AOI21D4BWP30P140             1  3.8    23    18    1246    (-,-) 
  WEIGHT_TRANSFORM_ROWS[1].weight_trf_row/g21608/ZN                                 -       B1->ZN R     INR2D6BWP30P140              7 13.6    29    24    1270    (-,-) 
  WEIGHT_TRANSFORM_ROWS[1].weight_trf_row/f_floor_div_1129_22:div_1057_24_g16139/ZN -       S->ZN  R     MUX2NOPTD2BWP30P140          2  4.6    38    30    1300    (-,-) 
  WEIGHT_TRANSFORM_ROWS[1].weight_trf_row/f_floor_div_1129_22:div_1057_24_g16138/ZN -       I->ZN  F     CKND2BWP30P140               2  3.2    19    15    1316    (-,-) 
  WEIGHT_TRANSFORM_ROWS[1].weight_trf_row/f_floor_div_1129_22:div_1057_24_g16132/Z  -       A2->Z  F     XOR2OPTND2BWP30P140          1  1.8    28    28    1343    (-,-) 
  WEIGHT_TRANSFORM_ROWS[1].weight_trf_row/f_floor_div_1129_22:div_1057_24_g16125/ZN -       I0->ZN R     MUX2NOPTD2BWP30P140          3  5.3    39    30    1374    (-,-) 
  WEIGHT_TRANSFORM_ROWS[1].weight_trf_row/f_floor_div_1129_22:div_1057_24_g16118/ZN -       A1->ZN F     OAI21D4BWP30P140             1  3.8    28    20    1394    (-,-) 
  WEIGHT_TRANSFORM_ROWS[1].weight_trf_row/f_floor_div_1129_22:div_1057_24_g16114/ZN -       A2->ZN R     NR2OPTD6BWP30P140            5  9.0    22    23    1417    (-,-) 
  WEIGHT_TRANSFORM_ROWS[1].weight_trf_row/f_floor_div_1129_22:div_1057_24_g16113/ZN -       I->ZN  F     CKND2BWP30P140               4  5.3    20    17    1434    (-,-) 
  WEIGHT_TRANSFORM_ROWS[1].weight_trf_row/f_floor_div_1129_22:div_1057_24_g16106/ZN -       S->ZN  F     MUX2NOPTD2BWP30P140          3  7.6    52    35    1469    (-,-) 
  WEIGHT_TRANSFORM_ROWS[1].weight_trf_row/g21606/ZN                                 -       A1->ZN F     INR2D4BWP30P140              6 10.8    23    35    1504    (-,-) 
  WEIGHT_TRANSFORM_ROWS[1].weight_trf_row/f_floor_div_1129_22:div_1057_24_g16099/ZN -       I->ZN  R     CKND2BWP30P140               3  4.3    18    17    1521    (-,-) 
  WEIGHT_TRANSFORM_ROWS[1].weight_trf_row/f_floor_div_1129_22:div_1057_24_g16098/ZN -       A1->ZN F     NR2D3BWP30P140               3  5.0    14    13    1534    (-,-) 
  WEIGHT_TRANSFORM_ROWS[1].weight_trf_row/f_floor_div_1129_22:div_1057_24_g16328/ZN -       B1->ZN R     INR2D4BWP30P140              1  2.7    13    12    1546    (-,-) 
  WEIGHT_TRANSFORM_ROWS[1].weight_trf_row/f_floor_div_1129_22:div_1057_24_g16087/ZN -       B->ZN  F     OAI21OPTREPBD4BWP30P140      1  2.8    16    13    1560    (-,-) 
  WEIGHT_TRANSFORM_ROWS[1].weight_trf_row/f_floor_div_1129_22:div_1057_24_g16084/ZN -       A2->ZN R     NR2D4BWP30P140               3  6.4    23    21    1581    (-,-) 
  WEIGHT_TRANSFORM_ROWS[1].weight_trf_row/f_floor_div_1129_22:div_1057_24_g16083/ZN -       I->ZN  F     CKND4BWP30P140               5  6.5    14    13    1594    (-,-) 
  WEIGHT_TRANSFORM_ROWS[1].weight_trf_row/f_floor_div_1129_22:div_1057_24_g16078/ZN -       A1->ZN R     OAI21D4BWP30P140             1  2.7    21    14    1608    (-,-) 
  WEIGHT_TRANSFORM_ROWS[1].weight_trf_row/f_floor_div_1129_22:div_1057_24_g16324/ZN -       B1->ZN F     IND2D4BWP30P140              2  4.8    21    17    1625    (-,-) 
  WEIGHT_TRANSFORM_ROWS[1].weight_trf_row/f_floor_div_1129_22:div_1057_24_g16070/ZN -       A2->ZN R     CKND2D8BWP30P140             5  5.5    17    18    1643    (-,-) 
  WEIGHT_TRANSFORM_ROWS[1].weight_trf_row/f_floor_div_1129_22:div_1057_24_g16069/ZN -       I->ZN  F     INVD2BWP30P140               1  1.7    10     9    1652    (-,-) 
  WEIGHT_TRANSFORM_ROWS[1].weight_trf_row/f_floor_div_1129_22:div_1057_24_g16066/ZN -       A1->ZN R     OAI21D2BWP30P140             1  1.7    18    13    1665    (-,-) 
  WEIGHT_TRANSFORM_ROWS[1].weight_trf_row/f_floor_div_1129_22:div_1057_24_g16060/ZN -       A1->ZN F     MOAI22D2BWP30P140            3  3.4    35    22    1688    (-,-) 
  WEIGHT_TRANSFORM_ROWS[1].weight_trf_row/g5010/ZN                                  -       A1->ZN R     NR2D2BWP30P140               3  4.4    33    29    1716    (-,-) 
  WEIGHT_TRANSFORM_ROWS[1].weight_trf_row/g5172/ZN                                  -       B1->ZN F     IND2D4BWP30P140              3  4.2    22    18    1734    (-,-) 
  WEIGHT_TRANSFORM_ROWS[1].weight_trf_row/g4930/ZN                                  -       A1->ZN R     NR2D4BWP30P140               3  4.4    20    17    1752    (-,-) 
  WEIGHT_TRANSFORM_ROWS[1].weight_trf_row/g4886/ZN                                  -       A1->ZN F     ND2D4BWP30P140               3  3.5    18    15    1766    (-,-) 
  WEIGHT_TRANSFORM_ROWS[1].weight_trf_row/g4852/ZN                                  -       A1->ZN R     NR2OPTPAD2BWP30P140          3  3.6    20    17    1783    (-,-) 
  WEIGHT_TRANSFORM_ROWS[1].weight_trf_row/g5151/ZN                                  -       B1->ZN F     IND2D2BWP30P140              3  3.5    25    21    1804    (-,-) 
  WEIGHT_TRANSFORM_ROWS[1].weight_trf_row/g4793/ZN                                  -       A1->ZN R     NR2OPTPAD2BWP30P140          3  4.4    23    21    1825    (-,-) 
  WEIGHT_TRANSFORM_ROWS[1].weight_trf_row/g5173/ZN                                  -       B1->ZN F     IND2D4BWP30P140              3  3.9    19    16    1841    (-,-) 
  WEIGHT_TRANSFORM_ROWS[1].weight_trf_row/g4747/ZN                                  -       A1->ZN R     NR2D3BWP30P140               3  3.6    21    18    1859    (-,-) 
  WEIGHT_TRANSFORM_ROWS[1].weight_trf_row/g5153/ZN                                  -       B1->ZN F     IND2D2BWP30P140              3  3.9    26    22    1881    (-,-) 
  WEIGHT_TRANSFORM_ROWS[1].weight_trf_row/g4703/ZN                                  -       A1->ZN R     NR2D3BWP30P140               2  3.1    20    18    1899    (-,-) 
  WEIGHT_TRANSFORM_ROWS[1].weight_trf_row/g4679/ZN                                  -       A1->ZN F     XNR2OPTND2BWP30P140          1  2.2    31    16    1916    (-,-) 
  WEIGHT_TRANSFORM_ROWS[1].weight_trf_row/g4675/ZN                                  -       A1->ZN R     NR2D3BWP30P140               2  2.6    35    18    1934    (-,-) 
  g81637/ZN                                                                         -       A1->ZN F     ND2D1BWP30P140               1  1.3    39    20    1954    (-,-) 
  g79295/ZN                                                                         -       A1->ZN R     ND3D1BWP30P140               1  1.3    26    20    1974    (-,-) 
  r_input_weight_reg[4][12]/D                                                       <<<     -      R     DFCNQD1BWP30P140             1    -     -     0    1974    (-,-) 
#-------------------------------------------------------------------------------------------------------------------------------------------------------------------------


