============================================================
  Generated by:           Genus(TM) Synthesis Solution 21.12-s068_1
  Generated on:           Oct 05 2026  06:18:42 pm
  Module:                 Conv
  Operating conditions:   ssg0p81v125c 
  Operating conditions:   tt0p9v25c 
  Operating conditions:   ffg0p99vm40c 
  Interconnect mode:      global
  Area mode:              physical library
============================================================


Path 1: MET (382 ps) Late External Delay Assertion at pin p_output_data_write[59]
           View: analysis_view_0p99v_m40c_capbst_fastest
          Group: clk
     Startpoint: (R) r_output_write_count_reg[1]/CP
          Clock: (R) clk
       Endpoint: (R) p_output_data_write[59]
          Clock: (R) clk

                     Capture       Launch     
        Clock Edge:+    2000            0     
       Src Latency:+       0            0     
       Net Latency:+       0 (I)        0 (I) 
           Arrival:=    2000            0     
                                              
      Output Delay:-    1000                  
     Required Time:=    1000                  
      Launch Clock:-       0                  
         Data Path:-     618                  
             Slack:=     382                  

Exceptions/Constraints:
  output_delay             1000            tmp_sdc_analysis_vie_1_line_495 

#------------------------------------------------------------------------------------------------------------------
#         Timing Point           Flags    Arc   Edge        Cell         Fanout  Load Trans Delay Arrival Instance 
#                                                                                (fF)  (ps)  (ps)   (ps)  Location 
#------------------------------------------------------------------------------------------------------------------
  r_output_write_count_reg[1]/CP -       -      R     (arrival)               4     -     0     0       0    (-,-) 
  r_output_write_count_reg[1]/Q  -       CP->Q  F     DFCND1BWP30P140         3   5.1    19    46      46    (-,-) 
  g152284/ZN                     -       A1->ZN R     NR2D3BWP30P140         49  59.6   109    69     115    (-,-) 
  g13337/Z                       -       I->Z   R     BUFFD2BWP30P140       113 136.6   214   137     252    (-,-) 
  g12967/ZN                      -       B1->ZN F     AOI22D1BWP30P140        1   1.7    52    26     278    (-,-) 
  g12439/ZN                      -       A2->ZN R     CKND2D1BWP30P140        1   3.9    33    32     310    (-,-) 
  add_1007_76_I3_g1421/CO        -       A->CO  R     FA1OPTCD1BWP30P140      1   3.0    15    35     344    (-,-) 
  add_1007_76_I3_g1420/CO        -       CI->CO R     FA1OPTCD1BWP30P140      3   4.5    19    23     367    (-,-) 
  add_1007_76_I3_g1418/Z         -       A1->Z  R     AO21D1BWP30P140         1   2.5    11    18     385    (-,-) 
  add_1007_76_I3_g1415/CO        -       CI->CO R     FA1D1BWP30P140          1   2.5    14    22     407    (-,-) 
  add_1007_76_I3_g1414/CO        -       CI->CO R     FA1D1BWP30P140          1   2.5    14    22     430    (-,-) 
  add_1007_76_I3_g1413/CO        -       CI->CO R     FA1D1BWP30P140          1   2.5    14    22     452    (-,-) 
  add_1007_76_I3_g1412/CO        -       CI->CO R     FA1D1BWP30P140          1   2.5    14    22     474    (-,-) 
  add_1007_76_I3_g1411/CO        -       CI->CO R     FA1D1BWP30P140          1   2.5    14    22     497    (-,-) 
  add_1007_76_I3_g1410/CO        -       CI->CO R     FA1D1BWP30P140          1   2.5    14    22     519    (-,-) 
  add_1007_76_I3_g1409/CO        -       CI->CO R     FA1D1BWP30P140          1   2.5    14    22     542    (-,-) 
  add_1007_76_I3_g1408/CO        -       CI->CO R     FA1D1BWP30P140          1   2.5    14    22     564    (-,-) 
  add_1007_76_I3_g1407/CO        -       CI->CO R     FA1D1BWP30P140          1   1.8    11    21     585    (-,-) 
  add_1007_76_I3_g1406/Z         -       A3->Z  R     XOR3UD1BWP30P140        1   5.2    39    33     618    (-,-) 
  p_output_data_write[59]        <<<     -      R     (port)                  -     -     -     0     618    (-,-) 
#------------------------------------------------------------------------------------------------------------------


