============================================================
  Generated by:           Genus(TM) Synthesis Solution 21.12-s068_1
  Generated on:           Oct 05 2026  06:18:11 pm
  Module:                 Conv
  Library domain:         timing_cond_0p81v_125c
    Domain index:         0
    Technology library:   tcbn28hpcplusbwp30p140ssg0p81v125c 110
  Operating conditions:   ssg0p81v125c 
  Interconnect mode:      global
  Area mode:              physical library
============================================================

                 Instance                           Module           Cell Count  Cell Area  Net Area   Total Area 
------------------------------------------------------------------------------------------------------------------
Conv                                                                      70567  78934.590 32082.720   111017.310 
  INVERSE_ROW_BATCH[0].inverse_row        InverseRow                        283    523.656   113.649      637.305 
  INVERSE_ROW_BATCH[1].inverse_row        InverseRow_1                      284    523.404   114.147      637.551 
  INVERSE_ROW_BATCH[2].inverse_row        InverseRow_2                      284    523.656   114.024      637.680 
  MAC_LANES[0].multip                     Multip                            566    604.800   236.631      841.431 
  MAC_LANES[1].multip                     Multip_1                          566    604.800   236.631      841.431 
  MAC_LANES[2].multip                     Multip_2                          566    604.800   236.631      841.431 
  MAC_LANES[3].multip                     Multip_3                          566    604.800   236.631      841.431 
  MAC_LANES[4].multip                     Multip_4                          566    604.800   236.631      841.431 
  MAC_LANES[5].multip                     Multip_5                          566    604.800   236.631      841.431 
  MAC_LANES[6].multip                     Multip_6                          566    604.800   236.631      841.431 
  MAC_LANES[7].multip                     Multip_7                          566    604.800   236.631      841.431 
  MAC_LANES[8].multip                     Multip_8                          566    604.800   236.631      841.431 
  MAC_LANES[9].multip                     Multip_9                          566    604.800   236.631      841.431 
  MAC_LANES[10].multip                    Multip_10                         566    604.800   236.631      841.431 
  MAC_LANES[11].multip                    Multip_11                         566    604.800   236.631      841.431 
  MAC_LANES[12].multip                    Multip_12                         566    604.800   236.631      841.431 
  MAC_LANES[13].multip                    Multip_13                         566    604.800   236.631      841.431 
  MAC_LANES[14].multip                    Multip_14                         566    604.800   236.631      841.431 
  MAC_LANES[15].multip                    Multip_15                         566    604.800   236.631      841.431 
  MAC_LANES[16].multip                    Multip_16                         566    604.800   236.631      841.431 
  MAC_LANES[17].multip                    Multip_17                         566    604.800   236.631      841.431 
  WEIGHT_TRANSFORM_ROWS[0].weight_trf_row WeightTransformRowConst          5434   5259.366  2066.936     7326.302 
  WEIGHT_TRANSFORM_ROWS[1].weight_trf_row WeightTransformRowConst_0        7343   7719.012  2750.879    10469.891 
  WEIGHT_TRANSFORM_ROWS[2].weight_trf_row WeightTransformRowConst_1        7293   7683.984  2740.795    10424.779 
  WEIGHT_TRANSFORM_ROWS[3].weight_trf_row WeightTransformRowConst_2        6774   7085.106  2549.039     9634.145 
  WEIGHT_TRANSFORM_ROWS[4].weight_trf_row WeightTransformRowConst_3        6727   6955.326  2558.935     9514.261 
  WEIGHT_TRANSFORM_ROWS[5].weight_trf_row WeightTransformRowConst_4        6448   6524.028  2443.780     8967.808 
  inverse_row_acc                         InverseRowAccumulate             2211   2588.040   935.339     3523.379 
  trf                                     Transform                        4878   8527.428  2356.203    10883.631 
    matrix_c0                             MatrixC0                         2407   4208.652   993.558     5202.210 
    matrix_c1                             MatrixC1                         2471   4318.776  1039.732     5358.508 
