============================================================
  Generated by:           Genus(TM) Synthesis Solution 22.15-s086_1
  Generated on:           Apr 10 2025  01:51:15 am
  Module:                 conv_rapida
  Library domain:         timing_cond_0p81v_125c
    Domain index:         0
    Technology library:   tcbn28hpcplusbwp30p140ssg0p81v125c 110
  Operating conditions:   ssg0p81v125c 
  Interconnect mode:      global
  Area mode:              physical library
============================================================

    Instance           Module        Cell Count  Cell Area  Net Area   Total Area 
----------------------------------------------------------------------------------
conv_rapida                               14568  22141.728  8057.445    30199.173 
  mult          mult_iterate_QUANT8        5038   5112.828  2324.924     7437.752 
  mult_matrix_A MatrixA                    2291   4604.670  1057.261     5661.931 
    sn1         CSA_4_14_864                 59    124.236    23.964      148.200 
      layer1    FA_188_947                   20     42.462     0.000       42.462 
      layer2    FA_280_1009                  20     41.958     0.000       41.958 
    sn3         CSA_4_14                     59    124.236    23.964      148.200 
      layer1    FA_188_948                   20     42.462     0.000       42.462 
      layer2    FA_280_1008                  20     41.958     0.000       41.958 
    sn4         CSA_4_15                     58    121.590    23.459      145.049 
      layer1    FA_236                       19     40.320     0.000       40.320 
      layer2    FA_262_970                   20     41.454     0.000       41.454 
    sn5         CSA_4_17_865                 59    123.228    23.964      147.192 
      layer1    FA_266_975                   20     41.454     0.000       41.454 
      layer2    FA_267_978                   20     41.958     0.000       41.958 
    sn7         CSA_4_17                     59    123.228    23.964      147.192 
      layer1    FA_266                       20     41.454     0.000       41.454 
      layer2    FA_267                       20     41.958     0.000       41.958 
    sp0         CSA_16                      294    619.542   139.495      759.037 
      L1a       FA_188                       20     42.462     0.000       42.462 
      L1b       FA_188_953                   20     42.462     0.000       42.462 
      L1c       FA_188_952                   20     42.462     0.000       42.462 
      L1d       FA_188_951                   20     42.462     0.000       42.462 
      L1e       FA_188_950                   20     42.462     0.000       42.462 
      L2a       FA_280_997                   20     41.958     0.000       41.958 
      L2b       FA_146_903                   19     40.320     0.000       40.320 
      L2c       FA_280_998                   20     41.958     0.000       41.958 
      L3a       FA_280_999                   20     41.958     0.000       41.958 
      L3b       FA_219_954                   19     39.816     0.000       39.816 
      L4a       FA_280_1000                  20     41.958     0.000       41.958 
      L4b       FA_279_986                   19     39.816     0.000       39.816 
      L5        FA_280_1001                  20     41.958     0.000       41.958 
      L6        FA_281_1022                  19     39.816     0.000       39.816 
    sp1         CSA_8_17                    135    283.500    61.297      344.797 
      L1a       FA_202                       19     40.320     0.000       40.320 
      L1b       FA_267_977                   20     41.958     0.000       41.958 
      L2a       FA_262_969                   20     41.454     0.000       41.454 
      L2b       FA_205                       19     40.320     0.000       40.320 
      L3        FA_280_1002                  20     41.958     0.000       41.958 
      L4        FA_265_974                   19     39.816     0.000       39.816 
    sp2         CSA_16_1                    294    615.510   139.495      755.005 
      L1a       FA_272_981                   20     41.454     0.000       41.454 
      L1b       FA_211                       20     41.454     0.000       41.454 
      L1c       FA_188_949                   20     42.462     0.000       42.462 
      L1d       FA_271_980                   20     41.454     0.000       41.454 
      L1e       FA_272_982                   20     41.454     0.000       41.454 
      L2a       FA_280_1003                  20     41.958     0.000       41.958 
      L2b       FA_146_902                   19     40.320     0.000       40.320 
      L2c       FA_280_1004                  20     41.958     0.000       41.958 
      L3a       FA_280_1005                  20     41.958     0.000       41.958 
      L3b       FA_219                       19     39.816     0.000       39.816 
      L4a       FA_280_1006                  20     41.958     0.000       41.958 
      L4b       FA_279_987                   19     39.816     0.000       39.816 
      L5        FA_280_1007                  20     41.958     0.000       41.958 
      L6        FA_281_1023                  19     39.816     0.000       39.816 
    sp3         CSA_8_18                    135    283.500    61.297      344.797 
      L1a       FA_224                       19     40.320     0.000       40.320 
      L1b       FA_225                       20     41.958     0.000       41.958 
      L2a       FA_240_956                   19     39.816     0.000       39.816 
      L2b       FA_76_1074                   20     41.958     0.000       41.958 
      L3        FA_43_1032                   20     41.454     0.000       41.454 
      L4        FA_243_962                   19     40.320     0.000       40.320 
    sp4         CSA_5_1                      95    189.126    41.621      230.747 
      L1a       FA_232                       19     39.816     0.000       39.816 
      L1b       FA_233                       19     30.366     0.000       30.366 
      L2        FA_43_1031                   20     41.454     0.000       41.454 
      L3        FA_235                       19     39.816     0.000       39.816 
    sp5         CSA_8_19                    134    279.846    60.792      340.638 
      L1a       FA_238                       19     39.312     0.000       39.312 
      L1b       FA_239                       19     39.816     0.000       39.816 
      L2a       FA_240                       19     39.816     0.000       39.816 
      L2b       FA_241                       20     41.454     0.000       41.454 
      L3        FA_43_1030                   20     41.454     0.000       41.454 
      L4        FA_243                       19     40.320     0.000       40.320 
    sp6         CSA_16_2                    288    605.682   136.468      742.150 
      L1a       FA_188_946                   20     42.462     0.000       42.462 
      L1b       FA_247                       18     38.178     0.000       38.178 
      L1c       FA_270_979                   18     38.178     0.000       38.178 
      L1d       FA_188_945                   20     42.462     0.000       42.462 
      L1e       FA_188_944                   20     42.462     0.000       42.462 
      L2a       FA_280_1010                  20     41.958     0.000       41.958 
      L2b       FA_274_984                   17     36.036     0.000       36.036 
      L2c       FA_280_1011                  20     41.958     0.000       41.958 
      L3a       FA_280_1012                  20     41.958     0.000       41.958 
      L3b       FA_277_985                   19     38.808     0.000       38.808 
      L4a       FA_280_1013                  20     41.958     0.000       41.958 
      L4b       FA_279_988                   19     39.816     0.000       39.816 
      L5        FA_280_1014                  20     41.958     0.000       41.958 
      L6        FA_281_1024                  19     39.816     0.000       39.816 
    sp7         CSA_8_20                    134    279.846    60.792      340.638 
      L1a       FA_260                       19     39.312     0.000       39.312 
      L1b       FA_232_955                   19     39.816     0.000       39.816 
      L2a       FA_262                       20     41.454     0.000       41.454 
      L2b       FA_263                       19     39.816     0.000       39.816 
      L3        FA_280_1015                  20     41.958     0.000       41.958 
      L4        FA_265                       19     39.816     0.000       39.816 
    sp8         CSA_16_3                    288    601.650   136.468      738.118 
      L1a       FA_272_983                   20     41.454     0.000       41.454 
      L1b       FA_269                       18     37.170     0.000       37.170 
      L1c       FA_270                       18     38.178     0.000       38.178 
      L1d       FA_271                       20     41.454     0.000       41.454 
      L1e       FA_272                       20     41.454     0.000       41.454 
      L2a       FA_280_1016                  20     41.958     0.000       41.958 
      L2b       FA_274                       17     36.036     0.000       36.036 
      L2c       FA_280_1017                  20     41.958     0.000       41.958 
      L3a       FA_280_1018                  20     41.958     0.000       41.958 
      L3b       FA_277                       19     38.808     0.000       38.808 
      L4a       FA_280_1019                  20     41.958     0.000       41.958 
      L4b       FA_279                       19     39.816     0.000       39.816 
      L5        FA_280                       20     41.958     0.000       41.958 
      L6        FA_281                       19     39.816     0.000       39.816 
  mult_matrix_C MatrixC                    5469  10529.190  2443.437    12972.627 
    sn0         CSA_8_16_876                130    273.294    58.774      332.068 
      L1a       FA_146_905                   19     40.320     0.000       40.320 
      L1b       FA_183_938                   19     39.816     0.000       39.816 
      L2a       FA_148_908                   20     41.454     0.000       41.454 
      L2b       FA_185_943                   18     38.178     0.000       38.178 
      L3        FA_150_923                   19     40.320     0.000       40.320 
      L4        FA_5_1055                    18     37.674     0.000       37.674 
    sn1         CSA_6_12_869                 95    199.080    41.621      240.701 
      L1a       FA_156_925                   19     40.320     0.000       40.320 
      L1b       FA_157_926                   19     39.816     0.000       39.816 
      L2        FA_8_1080                    20     41.454     0.000       41.454 
      L3        FA_159_929                   19     39.816     0.000       39.816 
    sn2         CSA_8_14_875                130    273.294    58.774      332.068 
      L1a       FA_166_932                   19     40.320     0.000       40.320 
      L1b       FA_183_934                   19     39.816     0.000       39.816 
      L2a       FA_262_967                   20     41.454     0.000       41.454 
      L2b       FA_169_933                   18     38.178     0.000       38.178 
      L3        FA_108_892                   19     40.320     0.000       40.320 
      L4        FA_38                        18     37.674     0.000       37.674 
    sn3         CSA_4_862                    57    119.952    22.955      142.907 
      layer1    FA_280_996                   20     41.958     0.000       41.958 
      layer2    FA_243_957                   19     40.320     0.000       40.320 
    sn4         CSA_8_16_877                130    273.294    58.774      332.068 
      L1a       FA_146_906                   19     40.320     0.000       40.320 
      L1b       FA_183_937                   19     39.816     0.000       39.816 
      L2a       FA_148_909                   20     41.454     0.000       41.454 
      L2b       FA_185_942                   18     38.178     0.000       38.178 
      L3        FA_150_924                   19     40.320     0.000       40.320 
      L4        FA_5_1056                    18     37.674     0.000       37.674 
    sn5         CSA_6_7_871                  93    195.804    40.612      236.416 
      L1a       FA_76_1077                   20     41.958     0.000       41.958 
      L1b       FA_77_1078                   19     39.816     0.000       39.816 
      L2        FA_150_921                   19     40.320     0.000       40.320 
      L3        FA_60                        18     38.178     0.000       38.178 
    sn6         CSA_4_861                    57    119.952    22.955      142.907 
      layer1    FA_280_995                   20     41.958     0.000       41.958 
      layer2    FA_243_958                   19     40.320     0.000       40.320 
    sn7         CSA_6_5                      93    195.804    40.612      236.416 
      L1a       FA_67                        20     41.958     0.000       41.958 
      L1b       FA_68                        19     39.816     0.000       39.816 
      L2        FA_108_891                   19     40.320     0.000       40.320 
      L3        FA_70                        18     38.178     0.000       38.178 
    sn8         CSA_3_858                    39     81.774    14.126       95.900 
      layer1    FA_16_931                    20     41.958     0.000       41.958 
    sn9         CSA_6_7                      93    195.804    40.612      236.416 
      L1a       FA_76                        20     41.958     0.000       41.958 
      L1b       FA_77                        19     39.816     0.000       39.816 
      L2        FA_150_920                   19     40.320     0.000       40.320 
      L3        FA_60_1069                   18     38.178     0.000       38.178 
    sn10        CSA_8_7                     130    273.294    58.774      332.068 
      L1a       FA_86                        19     40.320     0.000       40.320 
      L1b       FA_87                        19     39.816     0.000       39.816 
      L2a       FA_262_963                   20     41.454     0.000       41.454 
      L2b       FA_185_940                   18     38.178     0.000       38.178 
      L3        FA_150_914                   19     40.320     0.000       40.320 
      L4        FA_5_1058                    18     37.674     0.000       37.674 
    sn11        CSA_6_9                      95    199.080    41.621      240.701 
      L1a       FA_63_1071                   19     40.320     0.000       40.320 
      L1b       FA_97                        19     39.816     0.000       39.816 
      L2        FA_43_1036                   20     41.454     0.000       41.454 
      L3        FA_265_972                   19     39.816     0.000       39.816 
    sn12        CSA_8_8                     130    273.294    58.774      332.068 
      L1a       FA_104                       19     40.320     0.000       40.320 
      L1b       FA_105                       19     39.816     0.000       39.816 
      L2a       FA_262_965                   20     41.454     0.000       41.454 
      L2b       FA_107                       18     38.178     0.000       38.178 
      L3        FA_108                       19     40.320     0.000       40.320 
      L4        FA_38_1025                   18     37.674     0.000       37.674 
    sn13        CSA_4_3_866                  57    119.952    22.955      142.907 
      layer1    FA_110_894                   20     41.958     0.000       41.958 
      layer2    FA_111_895                   19     40.320     0.000       40.320 
    sn14        CSA_8_7_882                 130    273.294    58.774      332.068 
      L1a       FA_86_1082                   19     40.320     0.000       40.320 
      L1b       FA_87_1083                   19     39.816     0.000       39.816 
      L2a       FA_262_964                   20     41.454     0.000       41.454 
      L2b       FA_185_939                   18     38.178     0.000       38.178 
      L3        FA_150_915                   19     40.320     0.000       40.320 
      L4        FA_5_1059                    18     37.674     0.000       37.674 
    sn15        CSA_4_10_863                 57    119.952    22.955      142.907 
      layer1    FA_76_1076                   20     41.958     0.000       41.958 
      layer2    FA_139_900                   19     40.320     0.000       40.320 
    sn16        CSA_3_3                      39     81.774    14.126       95.900 
      layer1    FA_267_976                   20     41.958     0.000       41.958 
    sn17        CSA_4_8                      57    119.952    22.955      142.907 
      layer1    FA_67_1072                   20     41.958     0.000       41.958 
      layer2    FA_135                       19     40.320     0.000       40.320 
    sn18        CSA_2_856                    20     41.958     4.793       46.751 
    sn19        CSA_4_10                     57    119.952    22.955      142.907 
      layer1    FA_76_1075                   20     41.958     0.000       41.958 
      layer2    FA_139                       19     40.320     0.000       40.320 
    sn20        CSA_8_16_878                130    273.294    58.774      332.068 
      L1a       FA_146                       19     40.320     0.000       40.320 
      L1b       FA_183_936                   19     39.816     0.000       39.816 
      L2a       FA_148                       20     41.454     0.000       41.454 
      L2b       FA_185_941                   18     38.178     0.000       38.178 
      L3        FA_150                       19     40.320     0.000       40.320 
      L4        FA_5_1057                    18     37.674     0.000       37.674 
    sn21        CSA_6_12                     95    199.080    41.621      240.701 
      L1a       FA_156                       19     40.320     0.000       40.320 
      L1b       FA_157                       19     39.816     0.000       39.816 
      L2        FA_8_1079                    20     41.454     0.000       41.454 
      L3        FA_159                       19     39.816     0.000       39.816 
    sn22        CSA_8_14                    130    273.294    58.774      332.068 
      L1a       FA_166                       19     40.320     0.000       40.320 
      L1b       FA_183_935                   19     39.816     0.000       39.816 
      L2a       FA_262_966                   20     41.454     0.000       41.454 
      L2b       FA_169                       18     38.178     0.000       38.178 
      L3        FA_108_893                   19     40.320     0.000       40.320 
      L4        FA_38_1026                   18     37.674     0.000       37.674 
    sn23        CSA_4_859                    57    119.952    22.955      142.907 
      layer1    FA_280_993                   20     41.958     0.000       41.958 
      layer2    FA_243_960                   19     40.320     0.000       40.320 
    sn24        CSA_8_16                    130    273.294    58.774      332.068 
      L1a       FA_146_904                   19     40.320     0.000       40.320 
      L1b       FA_183                       19     39.816     0.000       39.816 
      L2a       FA_148_907                   20     41.454     0.000       41.454 
      L2b       FA_185                       18     38.178     0.000       38.178 
      L3        FA_150_922                   19     40.320     0.000       40.320 
      L4        FA_5_1054                    18     37.674     0.000       37.674 
    sp0         CSA_8                       130    273.294    58.774      332.068 
      L1a       FA                           19     39.816     0.000       39.816 
      L1b       FA_42_1027                   19     40.320     0.000       40.320 
      L2a       FA_43_1044                   20     41.454     0.000       41.454 
      L2b       FA_44_1051                   18     38.178     0.000       38.178 
      L3        FA_150_910                   19     40.320     0.000       40.320 
      L4        FA_5                         18     37.674     0.000       37.674 
    sp1         CSA_6                        95    199.080    41.621      240.701 
      L1a       FA_6                         19     39.816     0.000       39.816 
      L1b       FA_7                         19     40.320     0.000       40.320 
      L2        FA_8                         20     41.454     0.000       41.454 
      L3        FA_159_927                   19     39.816     0.000       39.816 
    sp2         CSA_8_2                     130    273.294    58.774      332.068 
      L1a       FA_883                       19     39.816     0.000       39.816 
      L1b       FA_28                        19     40.320     0.000       40.320 
      L2a       FA_43_1040                   20     41.454     0.000       41.454 
      L2b       FA_44_1047                   18     38.178     0.000       38.178 
      L3        FA_150_916                   19     40.320     0.000       40.320 
      L4        FA_5_1060                    18     37.674     0.000       37.674 
    sp3         CSA_4                        57    119.952    22.955      142.907 
      layer1    FA_280_992                   20     41.958     0.000       41.958 
      layer2    FA_243_961                   19     40.320     0.000       40.320 
    sp4         CSA_8_874                   130    273.294    58.774      332.068 
      L1a       FA_889                       19     39.816     0.000       39.816 
      L1b       FA_42                        19     40.320     0.000       40.320 
      L2a       FA_43                        20     41.454     0.000       41.454 
      L2b       FA_44                        18     38.178     0.000       38.178 
      L3        FA_150_913                   19     40.320     0.000       40.320 
      L4        FA_5_1066                    18     37.674     0.000       37.674 
    sp5         CSA_6_2                      95    199.080    41.621      240.701 
      L1a       FA_139_897                   19     40.320     0.000       40.320 
      L1b       FA_54                        19     39.816     0.000       39.816 
      L2        FA_43_1037                   20     41.454     0.000       41.454 
      L3        FA_281_1020                  19     39.816     0.000       39.816 
    sp6         CSA_5                        92    184.212    40.108      224.320 
      L1a       FA_12                        20     41.958     0.000       41.958 
      L1b       FA_13                        18     28.728     0.000       28.728 
      L2        FA_14                        19     40.320     0.000       40.320 
      L3        FA_15                        18     37.674     0.000       37.674 
    sp7         CSA_6_4                      95    199.080    41.621      240.701 
      L1a       FA_63                        19     40.320     0.000       40.320 
      L1b       FA_105_890                   19     39.816     0.000       39.816 
      L2        FA_43_1039                   20     41.454     0.000       41.454 
      L3        FA_265_971                   19     39.816     0.000       39.816 
    sp8         CSA_3                        39     81.774    14.126       95.900 
      layer1    FA_16                        20     41.958     0.000       41.958 
    sp9         CSA_6_2_870                  95    199.080    41.621      240.701 
      L1a       FA_139_896                   19     40.320     0.000       40.320 
      L1b       FA_54_1067                   19     39.816     0.000       39.816 
      L2        FA_43_1038                   20     41.454     0.000       41.454 
      L3        FA_281_1021                  19     39.816     0.000       39.816 
    sp10        CSA_8_2_881                 130    273.294    58.774      332.068 
      L1a       FA_886                       19     39.816     0.000       39.816 
      L1b       FA_28_989                    19     40.320     0.000       40.320 
      L2a       FA_43_1043                   20     41.454     0.000       41.454 
      L2b       FA_44_1050                   18     38.178     0.000       38.178 
      L3        FA_150_919                   19     40.320     0.000       40.320 
      L4        FA_5_1063                    18     37.674     0.000       37.674 
    sp11        CSA_6_8                      93    195.804    40.612      236.416 
      L1a       FA_92                        20     41.958     0.000       41.958 
      L1b       FA_93                        19     39.816     0.000       39.816 
      L2        FA_14_901                    19     40.320     0.000       40.320 
      L3        FA_95                        18     38.178     0.000       38.178 
    sp12        CSA_6_10                     95    198.072    41.621      239.693 
      L1a       FA_100                       19     39.312     0.000       39.312 
      L1b       FA_97_1084                   19     39.816     0.000       39.816 
      L2        FA_262_968                   20     41.454     0.000       41.454 
      L3        FA_265_973                   19     39.816     0.000       39.816 
    sp13        CSA_4_3                      57    119.952    22.955      142.907 
      layer1    FA_110                       20     41.958     0.000       41.958 
      layer2    FA_111                       19     40.320     0.000       40.320 
    sp14        CSA_8_2_880                 130    273.294    58.774      332.068 
      L1a       FA_885                       19     39.816     0.000       39.816 
      L1b       FA_28_990                    19     40.320     0.000       40.320 
      L2a       FA_43_1042                   20     41.454     0.000       41.454 
      L2b       FA_44_1049                   18     38.178     0.000       38.178 
      L3        FA_150_918                   19     40.320     0.000       40.320 
      L4        FA_5_1062                    18     37.674     0.000       37.674 
    sp15        CSA_4_9_867                  58    121.590    23.459      145.049 
      layer1    FA_139_898                   19     40.320     0.000       40.320 
      layer2    FA_43_1035                   20     41.454     0.000       41.454 
    sp16        CSA_3_857                    39     81.774    14.126       95.900 
      layer1    FA_16_930                    20     41.958     0.000       41.958 
    sp17        CSA_4_7                      58    121.590    23.459      145.049 
      layer1    FA_63_1070                   19     40.320     0.000       40.320 
      layer2    FA_43_1034                   20     41.454     0.000       41.454 
    sp18        CSA_2                        20     41.958     4.793       46.751 
    sp19        CSA_4_9                      58    121.590    23.459      145.049 
      layer1    FA_139_899                   19     40.320     0.000       40.320 
      layer2    FA_43_1033                   20     41.454     0.000       41.454 
    sp20        CSA_8_873                   130    273.294    58.774      332.068 
      L1a       FA_888                       19     39.816     0.000       39.816 
      L1b       FA_42_1029                   19     40.320     0.000       40.320 
      L2a       FA_43_1046                   20     41.454     0.000       41.454 
      L2b       FA_44_1053                   18     38.178     0.000       38.178 
      L3        FA_150_912                   19     40.320     0.000       40.320 
      L4        FA_5_1065                    18     37.674     0.000       37.674 
    sp21        CSA_6_868                    95    199.080    41.621      240.701 
      L1a       FA_6_1068                    19     39.816     0.000       39.816 
      L1b       FA_7_1073                    19     40.320     0.000       40.320 
      L2        FA_8_1081                    20     41.454     0.000       41.454 
      L3        FA_159_928                   19     39.816     0.000       39.816 
    sp22        CSA_8_2_879                 130    273.294    58.774      332.068 
      L1a       FA_884                       19     39.816     0.000       39.816 
      L1b       FA_28_991                    19     40.320     0.000       40.320 
      L2a       FA_43_1041                   20     41.454     0.000       41.454 
      L2b       FA_44_1048                   18     38.178     0.000       38.178 
      L3        FA_150_917                   19     40.320     0.000       40.320 
      L4        FA_5_1061                    18     37.674     0.000       37.674 
    sp23        CSA_4_860                    57    119.952    22.955      142.907 
      layer1    FA_280_994                   20     41.958     0.000       41.958 
      layer2    FA_243_959                   19     40.320     0.000       40.320 
    sp24        CSA_8_872                   130    273.294    58.774      332.068 
      L1a       FA_887                       19     39.816     0.000       39.816 
      L1b       FA_42_1028                   19     40.320     0.000       40.320 
      L2a       FA_43_1045                   20     41.454     0.000       41.454 
      L2b       FA_44_1052                   18     38.178     0.000       38.178 
      L3        FA_150_911                   19     40.320     0.000       40.320 
      L4        FA_5_1064                    18     37.674     0.000       37.674 
