============================================================
  Generated by:           Genus(TM) Synthesis Solution 21.12-s068_1
  Generated on:           Jan 18 2026  08:19:10 pm
  Module:                 System
  Operating conditions:   ssg0p81v125c 
  Operating conditions:   tt0p9v25c 
  Interconnect mode:      global
  Area mode:              physical library
============================================================


Path 1: MET (233 ps) Late External Delay Assertion at pin p_output_data_write[19]
           View: analysis_view_0p90v_25c_captyp_nominal
          Group: clk
     Startpoint: (R) control/r_addr_count_write_out_reg[2]/CP
          Clock: (R) clk
       Endpoint: (F) p_output_data_write[19]
          Clock: (R) clk

                     Capture       Launch     
        Clock Edge:+    2000            0     
       Src Latency:+       0            0     
       Net Latency:+       0 (I)        0 (I) 
           Arrival:=    2000            0     
                                              
      Output Delay:-    1000                  
     Required Time:=    1000                  
      Launch Clock:-       0                  
         Data Path:-     767                  
             Slack:=     233                  

Exceptions/Constraints:
  output_delay             1000            tmp_sdc_analysis_vie_line_815 

#---------------------------------------------------------------------------------------------------------------------------
#              Timing Point                Flags    Arc   Edge        Cell         Fanout Load Trans Delay Arrival Instance 
#                                                                                         (fF)  (ps)  (ps)   (ps)  Location 
#---------------------------------------------------------------------------------------------------------------------------
  control/r_addr_count_write_out_reg[2]/CP -       -      R     (arrival)               4    -     0     0       0    (-,-) 
  control/r_addr_count_write_out_reg[2]/QN -       CP->QN F     DFKCND1BWP30P140        7 13.4    54    74      74    (-,-) 
  control/g42413__6417/ZN                  -       A2->ZN R     ND2D1BWP30P140          2  4.8    31    32     106    (-,-) 
  control/g42165__2398/ZN                  -       A1->ZN F     NR2OPTD6BWP30P140      36 35.7    46    26     132    (-,-) 
  control/g42036__6417/ZN                  -       A1->ZN R     AOI222D1BWP30P140       1  1.5    40    36     168    (-,-) 
  control/g41916__9315/ZN                  -       A2->ZN F     ND3D1BWP30P140          1  2.6    38    32     200    (-,-) 
  control/add_1022_65_g481/CO              -       B->CO  F     HA1D1BWP30P140          1  2.2    12    25     225    (-,-) 
  control/add_1022_65_g480/CO              -       CI->CO F     FA1D1BWP30P140          1  2.7    17    32     257    (-,-) 
  control/add_1022_65_g479/CO              -       CI->CO F     FA1OPTCD1BWP30P140      1  2.2    16    24     281    (-,-) 
  control/add_1022_65_g478/CO              -       CI->CO F     FA1D1BWP30P140          1  2.2    16    32     313    (-,-) 
  control/add_1022_65_g477/CO              -       CI->CO F     FA1D1BWP30P140          1  2.7    17    33     346    (-,-) 
  control/add_1022_65_g476/CO              -       CI->CO F     FA1OPTCD1BWP30P140      1  2.7    17    25     372    (-,-) 
  control/add_1022_65_g475/CO              -       CI->CO F     FA1OPTCD1BWP30P140      1  2.7    17    25     397    (-,-) 
  control/add_1022_65_g474/CO              -       CI->CO F     FA1OPTCD1BWP30P140      1  2.2    16    24     421    (-,-) 
  control/add_1022_65_g473/CO              -       CI->CO F     FA1D1BWP30P140          1  2.2    16    32     453    (-,-) 
  control/add_1022_65_g472/CO              -       CI->CO F     FA1D1BWP30P140          1  2.7    17    33     486    (-,-) 
  control/add_1022_65_g471/CO              -       CI->CO F     FA1OPTCD1BWP30P140      1  2.7    17    25     512    (-,-) 
  control/add_1022_65_g470/CO              -       CI->CO F     FA1OPTCD1BWP30P140      1  2.7    17    25     537    (-,-) 
  control/add_1022_65_g469/CO              -       CI->CO F     FA1OPTCD2BWP30P140      1  2.7    12    21     558    (-,-) 
  control/add_1022_65_g468/CO              -       CI->CO F     FA1OPTCD1BWP30P140      1  2.7    17    24     582    (-,-) 
  control/add_1022_65_g467/CO              -       CI->CO F     FA1OPTCD1BWP30P140      1  2.2    16    24     606    (-,-) 
  control/add_1022_65_g466/CO              -       CI->CO F     FA1D1BWP30P140          1  2.2    16    32     638    (-,-) 
  control/add_1022_65_g465/CO              -       CI->CO F     FA1D1BWP30P140          1  2.2    16    32     670    (-,-) 
  control/add_1022_65_g464/CO              -       CI->CO F     FA1D1BWP30P140          1  2.2    16    32     702    (-,-) 
  control/add_1022_65_g463/CO              -       CI->CO F     FA1D1BWP30P140          1  2.0    15    31     734    (-,-) 
  control/add_1022_65_g462/Z               -       A1->Z  F     XOR2UD1BWP30P140        1  5.0    54    33     767    (-,-) 
  p_output_data_write[19]                  <<<     -      F     (port)                  -    -     -     0     767    (-,-) 
#---------------------------------------------------------------------------------------------------------------------------


