============================================================
  Generated by:           Genus(TM) Synthesis Solution 21.12-s068_1
  Generated on:           Sep 12 2026  09:42:30 pm
  Module:                 Conv
  Operating conditions:   ssg0p81v125c 
  Interconnect mode:      global
  Area mode:              physical library
============================================================


Path 1: MET (0 ps) Setup Check with Pin r_output_write_reg[0][19]/CP->D
           View: analysis_view_0p81v_125c_capwst_slowest
          Group: clk
     Startpoint: (R) r_input_feat_reg[10][0]/CP
          Clock: (R) clk
       Endpoint: (R) r_output_write_reg[0][19]/D
          Clock: (R) clk

                     Capture       Launch     
        Clock Edge:+    2000            0     
       Src Latency:+       0            0     
       Net Latency:+       0 (I)        0 (I) 
           Arrival:=    2000            0     
                                              
             Setup:-      31                  
     Required Time:=    1969                  
      Launch Clock:-       0                  
         Data Path:-    1969                  
             Slack:=       0                  

#----------------------------------------------------------------------------------------------------------------------------------------------------
#                        Timing Point                          Flags    Arc   Edge          Cell            Fanout Load Trans Delay Arrival Instance 
#                                                                                                                  (fF)  (ps)  (ps)   (ps)  Location 
#----------------------------------------------------------------------------------------------------------------------------------------------------
  r_input_feat_reg[10][0]/CP                                   -       -      R     (arrival)                   20    -     0     0       0    (-,-) 
  r_input_feat_reg[10][0]/Q                                    -       CP->Q  F     DFCNQD1BWP30P140             7  6.2    37    76      76    (-,-) 
  trf/matrix_c0/sub_140_26_g1372/ZN                            -       A1->ZN F     IND2D1BWP30P140              2  2.1    29    40     116    (-,-) 
  trf/matrix_c0/sub_140_26_g1345/ZN                            -       I->ZN  R     CKND1BWP30P140               2  2.2    21    21     137    (-,-) 
  trf/matrix_c0/g1377/Z                                        -       A1->Z  R     OA21D1BWP30P140              2  3.5    25    34     170    (-,-) 
  trf/matrix_c0/sub_140_26_g1301/ZN                            -       A1->ZN F     OAI21D2BWP30P140             2  3.0    30    21     192    (-,-) 
  trf/matrix_c0/sub_140_26_g1298/ZN                            -       A1->ZN R     AOI21OPTREPBD1BWP30P140      2  3.1    35    29     220    (-,-) 
  trf/matrix_c0/sub_140_26_g1296/ZN                            -       A1->ZN F     OAI21OPTREPBD1BWP30P140      2  2.7    35    26     246    (-,-) 
  trf/matrix_c0/sub_140_26_g1293/ZN                            -       A1->ZN R     AOI21D1BWP30P140             2  2.7    41    35     281    (-,-) 
  trf/matrix_c0/sub_140_26_g1292/ZN                            -       I->ZN  F     CKND1BWP30P140               1  1.7    21    18     299    (-,-) 
  trf/matrix_c0/sub_140_26_g1290/ZN                            -       A1->ZN R     AOI21D2BWP30P140             2  2.7    27    20     319    (-,-) 
  trf/matrix_c0/g1414/ZN                                       -       A1->ZN R     IAO21D2BWP30P140             2  2.6    20    31     350    (-,-) 
  trf/matrix_c0/sub_140_26_g1285/ZN                            -       A1->ZN F     OAI21D0P7BWP30P140           2  3.0    51    34     385    (-,-) 
  trf/matrix_c0/sub_140_26_g1282/ZN                            -       A1->ZN R     AOI21OPTREPBD1BWP30P140      2  2.7    32    32     417    (-,-) 
  trf/matrix_c0/sub_140_26_g1281/ZN                            -       I->ZN  F     INVD1BWP30P140               1  1.3    16    14     431    (-,-) 
  trf/matrix_c0/sub_140_26_g1279/ZN                            -       A1->ZN R     AOI21D1BWP30P140             2  2.6    39    28     459    (-,-) 
  trf/matrix_c0/sub_140_26_g1277/ZN                            -       A1->ZN F     XNR2D1BWP30P140              4  6.6    38    48     507    (-,-) 
  trf/matrix_c1/add_166_25_g1304/ZN                            -       A1->ZN R     NR2OPTIBD1BWP30P140          2  2.2    33    30     536    (-,-) 
  trf/matrix_c1/add_166_25_g2/ZN                               -       A2->ZN R     IAO21D2BWP30P140             2  2.2    18    32     569    (-,-) 
  trf/matrix_c1/add_166_25_g1239/ZN                            -       I->ZN  F     CKND1BWP30P140               1  1.9    16    14     583    (-,-) 
  trf/matrix_c1/g1440/ZN                                       -       A->ZN  R     MAOI222D1BWP30P140           1  1.3    38    29     612    (-,-) 
  trf/matrix_c1/add_166_25_g1236/ZN                            -       I->ZN  F     CKND1BWP30P140               1  2.7    25    22     634    (-,-) 
  trf/matrix_c1/g1457/S                                        -       A->S   R     FA1D1BWP30P140               1  1.4    25    84     718    (-,-) 
  g27121/Z                                                     -       I1->Z  R     MUX2D1BWP30P140              8 12.1    74    65     783    (-,-) 
  multip4/mul_14_62_g7444/Z                                    -       A1->Z  R     XOR2UD1BWP30P140             2  2.1    62    34     817    (-,-) 
  multip4/mul_14_62_g7186/ZN                                   -       A1->ZN F     MOAI22D1BWP30P140            1  2.1    51    32     849    (-,-) 
  multip4/mul_14_62_g7070/S                                    -       CI->S  R     FA1D1BWP30P140               1  2.1    28    85     933    (-,-) 
  multip4/mul_14_62_g7043/S                                    -       CI->S  F     FA1D1BWP30P140               1  2.6    28    71    1005    (-,-) 
  multip4/mul_14_62_g7010/S                                    -       B->S   R     FA1D1BWP30P140               1  2.7    30    90    1094    (-,-) 
  inverse_row_lane1/csa_tree_ADD_TC_OP_1_groupi_g2211__1881/S  -       A->S   F     FA1D1BWP30P140               1  2.6    28    75    1169    (-,-) 
  inverse_row_lane1/csa_tree_ADD_TC_OP_1_groupi_g2200__8428/CO -       B->CO  F     FA1D1BWP30P140               1  2.1    21    53    1222    (-,-) 
  inverse_row_lane1/csa_tree_ADD_TC_OP_1_groupi_g2199__4319/CO -       CI->CO F     FA1D1BWP30P140               1  2.1    21    43    1265    (-,-) 
  inverse_row_lane1/csa_tree_ADD_TC_OP_1_groupi_g2198__6260/CO -       CI->CO F     FA1D1BWP30P140               1  2.1    21    43    1309    (-,-) 
  inverse_row_lane1/csa_tree_ADD_TC_OP_1_groupi_g2197__5107/CO -       CI->CO F     FA1D1BWP30P140               1  2.1    21    43    1352    (-,-) 
  inverse_row_lane1/csa_tree_ADD_TC_OP_1_groupi_g2196__2398/CO -       CI->CO F     FA1D1BWP30P140               1  2.1    21    43    1395    (-,-) 
  inverse_row_lane1/csa_tree_ADD_TC_OP_1_groupi_g2195__5477/CO -       CI->CO F     FA1D1BWP30P140               1  2.1    21    43    1438    (-,-) 
  inverse_row_lane1/csa_tree_ADD_TC_OP_1_groupi_g2194__6417/CO -       CI->CO F     FA1D1BWP30P140               1  2.1    21    43    1482    (-,-) 
  inverse_row_lane1/csa_tree_ADD_TC_OP_1_groupi_g2193__7410/CO -       CI->CO F     FA1D1BWP30P140               1  2.1    21    43    1525    (-,-) 
  inverse_row_lane1/csa_tree_ADD_TC_OP_1_groupi_g2192__1666/CO -       CI->CO F     FA1D1BWP30P140               1  2.1    21    43    1568    (-,-) 
  inverse_row_lane1/csa_tree_ADD_TC_OP_1_groupi_g2191__2346/CO -       CI->CO F     FA1D1BWP30P140               1  2.1    21    43    1612    (-,-) 
  inverse_row_lane1/csa_tree_ADD_TC_OP_1_groupi_g2190__2883/CO -       CI->CO F     FA1D1BWP30P140               1  2.1    21    43    1655    (-,-) 
  inverse_row_lane1/csa_tree_ADD_TC_OP_1_groupi_g2189__9945/CO -       CI->CO F     FA1D1BWP30P140               1  2.1    21    43    1698    (-,-) 
  inverse_row_lane1/csa_tree_ADD_TC_OP_1_groupi_g2188__9315/CO -       CI->CO F     FA1D1BWP30P140               1  2.1    21    43    1742    (-,-) 
  inverse_row_lane1/csa_tree_ADD_TC_OP_1_groupi_g2187__6161/S  -       CI->S  R     FA1D1BWP30P140               2  3.3    33    79    1821    (-,-) 
  inverse_row_acc_second/add_73_48_Y_add_80_55_g1143__7098/CO  -       B->CO  R     FA1D1BWP30P140               1  1.3    18    39    1860    (-,-) 
  inverse_row_acc_second/add_73_48_Y_add_80_55_g1142__8246/Z   -       A3->Z  R     XOR3UD1BWP30P140             2  1.9    36    40    1899    (-,-) 
  inverse_row_acc_second/g1528__1617/Z                         -       I0->Z  R     CKMUX2D0BWP30P140            1  1.3    35    38    1937    (-,-) 
  g27455/ZN                                                    -       A1->ZN R     INR2D1BWP30P140              1  1.3    57    31    1969    (-,-) 
  r_output_write_reg[0][19]/D                                  <<<     -      R     DFCNQD1BWP30P140             1    -     -     0    1969    (-,-) 
#----------------------------------------------------------------------------------------------------------------------------------------------------


