============================================================
  Generated by:           Genus(TM) Synthesis Solution 21.12-s068_1
  Generated on:           Sep 12 2026  09:42:30 pm
  Module:                 Conv
  Library domain:         timing_cond_0p81v_125c
    Domain index:         0
    Technology library:   tcbn28hpcplusbwp30p140ssg0p81v125c 110
  Operating conditions:   ssg0p81v125c 
  Interconnect mode:      global
  Area mode:              physical library
============================================================

        Instance                     Module             Cell Count  Cell Area  Net Area   Total Area 
-----------------------------------------------------------------------------------------------------
Conv                                                         12221  13710.438  5633.251    19343.689 
  inverse_row_acc        InverseRowAccumulate                  238    265.608    59.014      324.622 
  inverse_row_acc_second InverseRowAccumulate_381              160    189.756    34.681      224.437 
  inverse_row_current    InverseRow                             97    169.848    33.045      202.893 
  inverse_row_lane1      InverseRow_380                         97    169.848    33.045      202.893 
  multip0                Multip                                617    650.412   265.905      916.317 
  multip1                Multip_388                            612    632.016   251.999      884.015 
  multip2                Multip_387                            598    626.724   245.893      872.617 
  multip3                Multip_386                            612    631.512   251.999      883.511 
  multip4                Multip_385                            600    635.418   249.877      885.295 
  multip5                Multip_384                            603    637.308   250.504      887.812 
  multip6                Multip_383                            607    636.552   251.617      888.169 
  multip7                Multip_382                            603    637.308   250.504      887.812 
  trf                    Transform                            2324   1696.968   769.585     2466.553 
    matrix_c0            MatrixC0                             1298    879.858   348.947     1228.805 
    matrix_c1            MatrixC1                             1026    817.110   269.378     1086.488 
  weight_trf_pair0       WeightTransformRowPairConst           910   1183.518   384.126     1567.644 
  weight_trf_pair1       WeightTransformRowPairConst_0         850   1137.906   357.685     1495.591 
