============================================================
  Generated by:           Genus(TM) Synthesis Solution 21.12-s068_1
  Generated on:           Sep 12 2026  09:42:43 pm
  Module:                 Conv
  Operating conditions:   ssg0p81v125c 
  Operating conditions:   tt0p9v25c 
  Operating conditions:   ffg0p99vm40c 
  Interconnect mode:      global
  Area mode:              physical library
============================================================


Path 1: MET (406 ps) Late External Delay Assertion at pin p_input_addr[15]
           View: analysis_view_0p99v_m40c_capbst_fastest
          Group: clk
     Startpoint: (R) st_input_current_reg[1]/CP
          Clock: (R) clk
       Endpoint: (R) p_input_addr[15]
          Clock: (R) clk

                     Capture       Launch     
        Clock Edge:+    2000            0     
       Src Latency:+       0            0     
       Net Latency:+       0 (I)        0 (I) 
           Arrival:=    2000            0     
                                              
      Output Delay:-    1000                  
     Required Time:=    1000                  
      Launch Clock:-       0                  
         Data Path:-     594                  
             Slack:=     406                  

Exceptions/Constraints:
  output_delay             1000            tmp_sdc_analysis_vie_1_line_233 

#-----------------------------------------------------------------------------------------------------------
#       Timing Point         Flags    Arc   Edge       Cell        Fanout Load Trans Delay Arrival Instance 
#                                                                         (fF)  (ps)  (ps)   (ps)  Location 
#-----------------------------------------------------------------------------------------------------------
  st_input_current_reg[1]/CP -       -      R     (arrival)             3    -     0     0       0    (-,-) 
  st_input_current_reg[1]/Q  -       CP->Q  F     DFCNQD1BWP30P140      8  9.6    33    52      52    (-,-) 
  g27375/ZN                  -       A1->ZN F     INR2D1BWP30P140       3  3.9    18    24      76    (-,-) 
  g27090/ZN                  -       A1->ZN R     ND2D1BWP30P140       10 11.6    40    29     105    (-,-) 
  g26986/Z                   -       A1->Z  R     CKAN2D1BWP30P140     18 22.0    73    55     160    (-,-) 
  g26877/ZN                  -       A1->ZN F     AOI22D1BWP30P140      2  2.8    38    23     183    (-,-) 
  g26770/ZN                  -       A2->ZN R     NR2D1BWP30P140        4  5.2    35    31     214    (-,-) 
  g26690/ZN                  -       A1->ZN R     INR2D1BWP30P140       3  4.0    30    27     240    (-,-) 
  g26680/ZN                  -       A1->ZN R     INR2D1BWP30P140       3  4.0    30    26     267    (-,-) 
  g26667/ZN                  -       A1->ZN R     INR2D1BWP30P140       3  4.0    30    26     293    (-,-) 
  g26656/ZN                  -       A1->ZN R     INR2D1BWP30P140       3  4.0    30    26     320    (-,-) 
  g26645/ZN                  -       A1->ZN R     INR2D1BWP30P140       3  4.0    30    26     346    (-,-) 
  g26638/ZN                  -       A1->ZN R     INR2D1BWP30P140       3  4.0    30    26     372    (-,-) 
  g26632/ZN                  -       A1->ZN R     INR2D1BWP30P140       3  4.0    30    26     399    (-,-) 
  g26627/ZN                  -       A1->ZN R     INR2D1BWP30P140       3  4.0    30    26     425    (-,-) 
  g26617/ZN                  -       A1->ZN R     INR2D1BWP30P140       3  4.0    30    26     452    (-,-) 
  g26609/ZN                  -       A1->ZN R     INR2D1BWP30P140       3  4.0    30    26     478    (-,-) 
  g26603/ZN                  -       A1->ZN R     INR2D1BWP30P140       3  4.0    30    26     504    (-,-) 
  g26597/ZN                  -       A1->ZN R     INR2D1BWP30P140       3  4.0    30    26     531    (-,-) 
  g26590/ZN                  -       A1->ZN R     INR2D1BWP30P140       2  2.9    25    23     554    (-,-) 
  g26586/ZN                  -       A1->ZN F     AOI22D1BWP30P140      1  1.8    38    15     569    (-,-) 
  g26585/ZN                  -       B->ZN  R     OAI21D1BWP30P140      1  5.2    34    26     594    (-,-) 
  p_input_addr[15]           <<<     -      R     (port)                -    -     -     0     594    (-,-) 
#-----------------------------------------------------------------------------------------------------------


