============================================================
  Generated by:           Genus(TM) Synthesis Solution 21.12-s068_1
  Generated on:           Oct 07 2026  02:33:33 pm
  Module:                 Conv
  Library domain:         timing_cond_0p81v_125c
    Domain index:         0
    Technology library:   tcbn28hpcplusbwp30p140ssg0p81v125c 110
  Operating conditions:   ssg0p81v125c 
  Interconnect mode:      global
  Area mode:              physical library
============================================================

                                                                                Library 
        Gate         Instances    Area                   Library                 Domain 
----------------------------------------------------------------------------------------
AN2D1BWP30P140               2      1.008    tcbn28hpcplusbwp30p140ssg0p81v125c       0 
AN2D2BWP30P140               1      0.630    tcbn28hpcplusbwp30p140ssg0p81v125c       0 
AN3D1BWP30P140              21     13.230    tcbn28hpcplusbwp30p140ssg0p81v125c       0 
AO211D1BWP30P140             2      1.512    tcbn28hpcplusbwp30p140ssg0p81v125c       0 
AO21D1BWP30P140             16     10.080    tcbn28hpcplusbwp30p140ssg0p81v125c       0 
AO22D0BWP30P140            987    746.172    tcbn28hpcplusbwp30p140ssg0p81v125c       0 
AOI211D1BWP30P140            1      0.630    tcbn28hpcplusbwp30p140ssg0p81v125c       0 
AOI21D1BWP30P140             9      4.536    tcbn28hpcplusbwp30p140ssg0p81v125c       0 
AOI221D1BWP30P140          398    300.888    tcbn28hpcplusbwp30p140ssg0p81v125c       0 
AOI222D1BWP30P140           48     48.384    tcbn28hpcplusbwp30p140ssg0p81v125c       0 
AOI22D1BWP30P140           205    129.150    tcbn28hpcplusbwp30p140ssg0p81v125c       0 
AOI31D1BWP30P140             3      1.890    tcbn28hpcplusbwp30p140ssg0p81v125c       0 
AOI32D1BWP30P140             5      3.780    tcbn28hpcplusbwp30p140ssg0p81v125c       0 
CKAN2D1BWP30P140            86     43.344    tcbn28hpcplusbwp30p140ssg0p81v125c       0 
CKLNQD1BWP30P140           110    207.900    tcbn28hpcplusbwp30p140ssg0p81v125c       0 
CKMUX2D0BWP30P140           66     58.212    tcbn28hpcplusbwp30p140ssg0p81v125c       0 
CKND1BWP30P140            1117    281.484    tcbn28hpcplusbwp30p140ssg0p81v125c       0 
CKND2D1BWP30P140           124     46.872    tcbn28hpcplusbwp30p140ssg0p81v125c       0 
DFCND1BWP30P140             15     37.800    tcbn28hpcplusbwp30p140ssg0p81v125c       0 
DFCNQD1BWP30P140          1199   2719.332    tcbn28hpcplusbwp30p140ssg0p81v125c       0 
DFKCND1BWP30P140            22     47.124    tcbn28hpcplusbwp30p140ssg0p81v125c       0 
DFKCNQD2BWP30P140         1066   2149.056    tcbn28hpcplusbwp30p140ssg0p81v125c       0 
DFSND1BWP30P140              1      2.394    tcbn28hpcplusbwp30p140ssg0p81v125c       0 
DFSNQD2BWP30P140             1      2.268    tcbn28hpcplusbwp30p140ssg0p81v125c       0 
EDFCND1BWP30P140             3      9.072    tcbn28hpcplusbwp30p140ssg0p81v125c       0 
EDFCNQD1BWP30P140            4     11.592    tcbn28hpcplusbwp30p140ssg0p81v125c       0 
FA1D1BWP30P140            5057  10832.094    tcbn28hpcplusbwp30p140ssg0p81v125c       0 
HA1D1BWP30P140             202    330.876    tcbn28hpcplusbwp30p140ssg0p81v125c       0 
IAO21D1BWP30P140             2      1.260    tcbn28hpcplusbwp30p140ssg0p81v125c       0 
IND2D1BWP30P140            110     55.440    tcbn28hpcplusbwp30p140ssg0p81v125c       0 
IND3D1BWP30P140              4      2.520    tcbn28hpcplusbwp30p140ssg0p81v125c       0 
IND4D1BWP30P140             11      8.316    tcbn28hpcplusbwp30p140ssg0p81v125c       0 
INR2D1BWP30P140            123     61.992    tcbn28hpcplusbwp30p140ssg0p81v125c       0 
INR3D0BWP30P140              9      5.670    tcbn28hpcplusbwp30p140ssg0p81v125c       0 
INR4D0BWP30P140              3      2.268    tcbn28hpcplusbwp30p140ssg0p81v125c       0 
INVD12BWP30P140              1      1.638    tcbn28hpcplusbwp30p140ssg0p81v125c       0 
INVD1BWP30P140               2      0.504    tcbn28hpcplusbwp30p140ssg0p81v125c       0 
INVD3BWP30P140               1      0.504    tcbn28hpcplusbwp30p140ssg0p81v125c       0 
INVD6BWP30P140               2      1.764    tcbn28hpcplusbwp30p140ssg0p81v125c       0 
INVD8BWP30P140               1      1.134    tcbn28hpcplusbwp30p140ssg0p81v125c       0 
IOA21D1BWP30P140           762    480.060    tcbn28hpcplusbwp30p140ssg0p81v125c       0 
MAOI222D1BWP30P140          90     68.040    tcbn28hpcplusbwp30p140ssg0p81v125c       0 
MAOI22D1BWP30P140            5      3.780    tcbn28hpcplusbwp30p140ssg0p81v125c       0 
MOAI22D1BWP30P140            3      2.268    tcbn28hpcplusbwp30p140ssg0p81v125c       0 
MUX2D0BWP30P140              1      0.882    tcbn28hpcplusbwp30p140ssg0p81v125c       0 
MUX2NUD1BWP30P140            6      4.536    tcbn28hpcplusbwp30p140ssg0p81v125c       0 
ND2D1BWP30P140              98     37.044    tcbn28hpcplusbwp30p140ssg0p81v125c       0 
ND2OPTIBD1BWP30P140         17      6.426    tcbn28hpcplusbwp30p140ssg0p81v125c       0 
ND3D1BWP30P140              42     21.168    tcbn28hpcplusbwp30p140ssg0p81v125c       0 
ND4D1BWP30P140              46     28.980    tcbn28hpcplusbwp30p140ssg0p81v125c       0 
NR2D1BWP30P140              22      8.316    tcbn28hpcplusbwp30p140ssg0p81v125c       0 
NR2D2BWP30P140               9      5.670    tcbn28hpcplusbwp30p140ssg0p81v125c       0 
NR2D3BWP30P140               4      3.528    tcbn28hpcplusbwp30p140ssg0p81v125c       0 
NR2D4BWP30P140               1      1.134    tcbn28hpcplusbwp30p140ssg0p81v125c       0 
NR2OPTIBD1BWP30P140        101     38.178    tcbn28hpcplusbwp30p140ssg0p81v125c       0 
NR3D0BWP30P140               4      2.016    tcbn28hpcplusbwp30p140ssg0p81v125c       0 
NR3D0P7BWP30P140            37     18.648    tcbn28hpcplusbwp30p140ssg0p81v125c       0 
NR4D0BWP30P140               2      1.260    tcbn28hpcplusbwp30p140ssg0p81v125c       0 
OA211D1BWP30P140             1      0.756    tcbn28hpcplusbwp30p140ssg0p81v125c       0 
OA21D1BWP30P140              3      1.890    tcbn28hpcplusbwp30p140ssg0p81v125c       0 
OAI211D1BWP30P140            4      2.520    tcbn28hpcplusbwp30p140ssg0p81v125c       0 
OAI21D1BWP30P140           124     62.496    tcbn28hpcplusbwp30p140ssg0p81v125c       0 
OAI221D1BWP30P140           11      9.702    tcbn28hpcplusbwp30p140ssg0p81v125c       0 
OAI222D1BWP30P140            2      2.016    tcbn28hpcplusbwp30p140ssg0p81v125c       0 
OAI22D1BWP30P140            15      9.450    tcbn28hpcplusbwp30p140ssg0p81v125c       0 
OAI31D1BWP30P140             5      3.150    tcbn28hpcplusbwp30p140ssg0p81v125c       0 
OAI32D1BWP30P140             2      1.512    tcbn28hpcplusbwp30p140ssg0p81v125c       0 
OAI33D1BWP30P140             6      5.292    tcbn28hpcplusbwp30p140ssg0p81v125c       0 
OR2D0BWP30P140               5      2.520    tcbn28hpcplusbwp30p140ssg0p81v125c       0 
OR2D1BWP30P140              70     35.280    tcbn28hpcplusbwp30p140ssg0p81v125c       0 
OR3D1BWP30P140              11      6.930    tcbn28hpcplusbwp30p140ssg0p81v125c       0 
OR4D1BWP30P140               4      3.024    tcbn28hpcplusbwp30p140ssg0p81v125c       0 
SDFCNQARD1BWP30P140         27     78.246    tcbn28hpcplusbwp30p140ssg0p81v125c       0 
SDFSNQD2BWP30P140            1      2.898    tcbn28hpcplusbwp30p140ssg0p81v125c       0 
XNR2UD1BWP30P140           472    416.304    tcbn28hpcplusbwp30p140ssg0p81v125c       0 
XNR3UD1BWP30P140           141    248.724    tcbn28hpcplusbwp30p140ssg0p81v125c       0 
XNR4D1BWP30P140             23     60.858    tcbn28hpcplusbwp30p140ssg0p81v125c       0 
XOR2UD1BWP30P140           246    216.972    tcbn28hpcplusbwp30p140ssg0p81v125c       0 
XOR3UD1BWP30P140           134    236.376    tcbn28hpcplusbwp30p140ssg0p81v125c       0 
XOR4D0BWP30P140              5     13.230    tcbn28hpcplusbwp30p140ssg0p81v125c       0 
XOR4D1BWP30P140             64    169.344    tcbn28hpcplusbwp30p140ssg0p81v125c       0 
----------------------------------------------------------------------------------------
total                    13666  20505.744                                       


                                                        
            Type             Instances    Area   Area % 
--------------------------------------------------------
sequential                        2339  5059.782   24.7 
inverter                          1124   287.028    1.4 
clock_gating_integrated_cell       110   207.900    1.0 
logic                            10093 14951.034   72.9 
physical_cells                       0     0.000    0.0 
--------------------------------------------------------
total                            13666 20505.744  100.0 

