============================================================
  Generated by:           Genus(TM) Synthesis Solution 21.12-s068_1
  Generated on:           Oct 07 2026  02:33:33 pm
  Module:                 Conv
  Library domain:         timing_cond_0p81v_125c
    Domain index:         0
    Technology library:   tcbn28hpcplusbwp30p140ssg0p81v125c 110
  Operating conditions:   ssg0p81v125c 
  Interconnect mode:      global
  Area mode:              physical library
============================================================

        Instance           Module    Cell Count  Cell Area  Net Area   Total Area 
----------------------------------------------------------------------------------
Conv                                      13666  20505.744  6833.874    27339.618 
  MULTIP_BLOCK[0].multip Multip             415    427.896   170.418      598.314 
  MULTIP_BLOCK[1].multip Multip_426         415    427.896   170.418      598.314 
  MULTIP_BLOCK[2].multip Multip_425         415    427.896   170.418      598.314 
  MULTIP_BLOCK[3].multip Multip_424         415    427.896   170.418      598.314 
  MULTIP_BLOCK[4].multip Multip_423         415    427.896   170.418      598.314 
  MULTIP_BLOCK[5].multip Multip_422         415    427.896   170.418      598.314 
  inv                    Inverse           2391   4399.668  1126.080     5525.748 
    matrix_a0            MatrixA0           966   1761.228   381.804     2143.032 
    matrix_a1            MatrixA1          1425   2638.440   565.811     3204.251 
  trf                    Transform         3898   6644.232  1850.783     8495.015 
    matrix_c0            MatrixC0          1902   3263.652   767.347     4030.999 
    matrix_c1            MatrixC1          1996   3380.580   825.235     4205.815 
