============================================================
  Generated by:           Genus(TM) Synthesis Solution 21.12-s068_1
  Generated on:           Aug 30 2026  06:58:46 pm
  Module:                 Conv
  Operating conditions:   ssg0p81v125c 
  Operating conditions:   tt0p9v25c 
  Interconnect mode:      global
  Area mode:              physical library
============================================================


Path 1: MET (248 ps) Late External Delay Assertion at pin p_output_data_write[19]
           View: analysis_view_0p90v_25c_captyp_nominal
          Group: clk
     Startpoint: (R) r_output_write_count_reg[1]/CP
          Clock: (R) clk
       Endpoint: (F) p_output_data_write[19]
          Clock: (R) clk

                     Capture       Launch     
        Clock Edge:+    2000            0     
       Src Latency:+       0            0     
       Net Latency:+       0 (I)        0 (I) 
           Arrival:=    2000            0     
                                              
      Output Delay:-    1000                  
     Required Time:=    1000                  
      Launch Clock:-       0                  
         Data Path:-     752                  
             Slack:=     248                  

Exceptions/Constraints:
  output_delay             1000            tmp_sdc_analysis_vie_line_593 

#-----------------------------------------------------------------------------------------------------------------
#         Timing Point           Flags    Arc   Edge        Cell         Fanout Load Trans Delay Arrival Instance 
#                                                                               (fF)  (ps)  (ps)   (ps)  Location 
#-----------------------------------------------------------------------------------------------------------------
  r_output_write_count_reg[1]/CP -       -      R     (arrival)              67    -     0     0       0    (-,-) 
  r_output_write_count_reg[1]/QN -       CP->QN F     EDFCND1BWP30P140        2  3.5    18    57      57    (-,-) 
  g23959/ZN                      -       A1->ZN R     ND2D1BWP30P140          3  6.1    29    23      80    (-,-) 
  g23946/ZN                      -       I->ZN  F     INVD6BWP30P140         38 38.9    30    26     106    (-,-) 
  g23757/ZN                      -       A1->ZN R     AOI22D1BWP30P140        1  1.5    23    22     128    (-,-) 
  g23673/ZN                      -       A2->ZN F     ND2D1BWP30P140          1  2.9    27    22     150    (-,-) 
  add_889_69_g480/CO             -       A->CO  F     FA1D1BWP30P140          1  2.2    16    41     191    (-,-) 
  add_889_69_g479/CO             -       CI->CO F     FA1D1BWP30P140          1  2.2    16    32     223    (-,-) 
  add_889_69_g478/CO             -       CI->CO F     FA1D1BWP30P140          1  2.2    16    32     255    (-,-) 
  add_889_69_g477/CO             -       CI->CO F     FA1D1BWP30P140          1  2.2    16    32     287    (-,-) 
  add_889_69_g476/CO             -       CI->CO F     FA1D1BWP30P140          1  2.2    16    32     319    (-,-) 
  add_889_69_g475/CO             -       CI->CO F     FA1D1BWP30P140          1  2.7    17    33     353    (-,-) 
  add_889_69_g474/CO             -       CI->CO F     FA1OPTCD1BWP30P140      1  2.7    18    25     378    (-,-) 
  add_889_69_g473/CO             -       CI->CO F     FA1OPTCD1BWP30P140      1  2.7    18    25     403    (-,-) 
  add_889_69_g472/CO             -       CI->CO F     FA1OPTCD1BWP30P140      1  2.2    16    24     428    (-,-) 
  add_889_69_g471/CO             -       CI->CO F     FA1D1BWP30P140          1  2.2    16    32     460    (-,-) 
  add_889_69_g470/CO             -       CI->CO F     FA1D1BWP30P140          1  2.2    16    32     492    (-,-) 
  add_889_69_g469/CO             -       CI->CO F     FA1D1BWP30P140          1  2.2    16    32     524    (-,-) 
  add_889_69_g468/CO             -       CI->CO F     FA1D1BWP30P140          1  2.2    16    32     556    (-,-) 
  add_889_69_g467/CO             -       CI->CO F     FA1D1BWP30P140          1  2.2    16    32     588    (-,-) 
  add_889_69_g466/CO             -       CI->CO F     FA1D1BWP30P140          1  2.2    16    32     620    (-,-) 
  add_889_69_g465/CO             -       CI->CO F     FA1D1BWP30P140          1  2.2    16    32     652    (-,-) 
  add_889_69_g464/CO             -       CI->CO F     FA1D1BWP30P140          1  2.2    16    32     684    (-,-) 
  add_889_69_g463/CO             -       CI->CO F     FA1D1BWP30P140          1  1.5    13    30     713    (-,-) 
  add_889_69_g462/Z              -       A3->Z  F     XOR3UD1BWP30P140        1  5.0    45    38     752    (-,-) 
  p_output_data_write[19]        <<<     -      F     (port)                  -    -     -     0     752    (-,-) 
#-----------------------------------------------------------------------------------------------------------------


