============================================================
  Generated by:           Genus(TM) Synthesis Solution 21.12-s068_1
  Generated on:           Aug 30 2026  06:32:50 pm
  Module:                 Conv
  Library domain:         timing_cond_0p81v_125c
    Domain index:         0
    Technology library:   tcbn28hpcplusbwp30p140ssg0p81v125c 110
  Operating conditions:   ssg0p81v125c 
  Interconnect mode:      global
  Area mode:              physical library
============================================================

                                                                                    Library 
          Gate           Instances    Area                   Library                 Domain 
--------------------------------------------------------------------------------------------
AN2D1BWP30P140                  41     20.664    tcbn28hpcplusbwp30p140ssg0p81v125c       0 
AN2D2BWP30P140                   1      0.630    tcbn28hpcplusbwp30p140ssg0p81v125c       0 
AN2D4BWP30P140                   1      1.134    tcbn28hpcplusbwp30p140ssg0p81v125c       0 
AO21D1BWP30P140                167    105.210    tcbn28hpcplusbwp30p140ssg0p81v125c       0 
AO22D0BWP30P140                 40     30.240    tcbn28hpcplusbwp30p140ssg0p81v125c       0 
AOI211D1BWP30P140                4      2.520    tcbn28hpcplusbwp30p140ssg0p81v125c       0 
AOI21D1BWP30P140               108     54.432    tcbn28hpcplusbwp30p140ssg0p81v125c       0 
AOI21D2BWP30P140                17     14.994    tcbn28hpcplusbwp30p140ssg0p81v125c       0 
AOI21D4BWP30P140                 1      1.764    tcbn28hpcplusbwp30p140ssg0p81v125c       0 
AOI21OPTREPBD1BWP30P140         35     26.460    tcbn28hpcplusbwp30p140ssg0p81v125c       0 
AOI221D1BWP30P140                1      0.756    tcbn28hpcplusbwp30p140ssg0p81v125c       0 
AOI22D1BWP30P140               152     95.760    tcbn28hpcplusbwp30p140ssg0p81v125c       0 
AOI31D1BWP30P140                 3      1.890    tcbn28hpcplusbwp30p140ssg0p81v125c       0 
AOI32D1BWP30P140                 2      1.512    tcbn28hpcplusbwp30p140ssg0p81v125c       0 
CKAN2D1BWP30P140               150     75.600    tcbn28hpcplusbwp30p140ssg0p81v125c       0 
CKLNQD1BWP30P140                52     98.280    tcbn28hpcplusbwp30p140ssg0p81v125c       0 
CKMUX2D0BWP30P140               25     22.050    tcbn28hpcplusbwp30p140ssg0p81v125c       0 
CKND1BWP30P140                1171    295.092    tcbn28hpcplusbwp30p140ssg0p81v125c       0 
CKND2BWP30P140                  11      4.158    tcbn28hpcplusbwp30p140ssg0p81v125c       0 
CKND2D1BWP30P140               143     54.054    tcbn28hpcplusbwp30p140ssg0p81v125c       0 
CKND4BWP30P140                   1      0.630    tcbn28hpcplusbwp30p140ssg0p81v125c       0 
CKND6BWP30P140                   1      0.882    tcbn28hpcplusbwp30p140ssg0p81v125c       0 
DFCND1BWP30P140                 11     27.720    tcbn28hpcplusbwp30p140ssg0p81v125c       0 
DFCNQD1BWP30P140               755   1712.340    tcbn28hpcplusbwp30p140ssg0p81v125c       0 
DFKCND1BWP30P140                 7     14.994    tcbn28hpcplusbwp30p140ssg0p81v125c       0 
DFKCNQD2BWP30P140              153    308.448    tcbn28hpcplusbwp30p140ssg0p81v125c       0 
DFSNQD2BWP30P140                 1      2.268    tcbn28hpcplusbwp30p140ssg0p81v125c       0 
EDFCND1BWP30P140                 5     15.120    tcbn28hpcplusbwp30p140ssg0p81v125c       0 
EDFCNQD1BWP30P140                5     14.490    tcbn28hpcplusbwp30p140ssg0p81v125c       0 
FA1D1BWP30P140                2769   5931.198    tcbn28hpcplusbwp30p140ssg0p81v125c       0 
FA1OPTCD1BWP30P140               6     15.120    tcbn28hpcplusbwp30p140ssg0p81v125c       0 
HA1D1BWP30P140                 229    375.102    tcbn28hpcplusbwp30p140ssg0p81v125c       0 
IAO21D0BWP30P140                40     25.200    tcbn28hpcplusbwp30p140ssg0p81v125c       0 
IAO21D1BWP30P140                21     13.230    tcbn28hpcplusbwp30p140ssg0p81v125c       0 
IAO21D2BWP30P140                15     13.230    tcbn28hpcplusbwp30p140ssg0p81v125c       0 
IAO22D1BWP30P140                14     12.348    tcbn28hpcplusbwp30p140ssg0p81v125c       0 
IND2D1BWP30P140                552    278.208    tcbn28hpcplusbwp30p140ssg0p81v125c       0 
IND2D2BWP30P140                  3      2.268    tcbn28hpcplusbwp30p140ssg0p81v125c       0 
IND3D1BWP30P140                  6      3.780    tcbn28hpcplusbwp30p140ssg0p81v125c       0 
IND4D1BWP30P140                  3      2.268    tcbn28hpcplusbwp30p140ssg0p81v125c       0 
INR2D1BWP30P140                785    395.640    tcbn28hpcplusbwp30p140ssg0p81v125c       0 
INR2D2BWP30P140                  2      1.512    tcbn28hpcplusbwp30p140ssg0p81v125c       0 
INR3D0BWP30P140                  6      3.780    tcbn28hpcplusbwp30p140ssg0p81v125c       0 
INR4D0BWP30P140                  2      1.512    tcbn28hpcplusbwp30p140ssg0p81v125c       0 
INVD0P7BWP30P140                 9      2.268    tcbn28hpcplusbwp30p140ssg0p81v125c       0 
INVD1BWP30P140                   9      2.268    tcbn28hpcplusbwp30p140ssg0p81v125c       0 
INVD6BWP30P140                   1      0.882    tcbn28hpcplusbwp30p140ssg0p81v125c       0 
IOA21D0BWP30P140                 4      2.520    tcbn28hpcplusbwp30p140ssg0p81v125c       0 
IOA21D1BWP30P140               100     63.000    tcbn28hpcplusbwp30p140ssg0p81v125c       0 
IOA21D2BWP30P140                 2      1.764    tcbn28hpcplusbwp30p140ssg0p81v125c       0 
IOA22D1BWP30P140                 1      0.882    tcbn28hpcplusbwp30p140ssg0p81v125c       0 
MAOI222D1BWP30P140             158    119.448    tcbn28hpcplusbwp30p140ssg0p81v125c       0 
MAOI22D1BWP30P140               61     46.116    tcbn28hpcplusbwp30p140ssg0p81v125c       0 
MOAI22D1BWP30P140              372    281.232    tcbn28hpcplusbwp30p140ssg0p81v125c       0 
MUX2D0BWP30P140                  7      6.174    tcbn28hpcplusbwp30p140ssg0p81v125c       0 
MUX2D1BWP30P140                 12     12.096    tcbn28hpcplusbwp30p140ssg0p81v125c       0 
MUX2ND2BWP30P140                 1      1.260    tcbn28hpcplusbwp30p140ssg0p81v125c       0 
MUX2NUD1BWP30P140                9      6.804    tcbn28hpcplusbwp30p140ssg0p81v125c       0 
ND2D1BWP30P140                 118     44.604    tcbn28hpcplusbwp30p140ssg0p81v125c       0 
ND2OPTIBD1BWP30P140             37     13.986    tcbn28hpcplusbwp30p140ssg0p81v125c       0 
ND3D1BWP30P140                   6      3.024    tcbn28hpcplusbwp30p140ssg0p81v125c       0 
ND4D1BWP30P140                   1      0.630    tcbn28hpcplusbwp30p140ssg0p81v125c       0 
NR2D1BWP30P140                 142     53.676    tcbn28hpcplusbwp30p140ssg0p81v125c       0 
NR2OPTIBD1BWP30P140            237     89.586    tcbn28hpcplusbwp30p140ssg0p81v125c       0 
NR2OPTPAD1BWP30P140              1      0.504    tcbn28hpcplusbwp30p140ssg0p81v125c       0 
NR3D0BWP30P140                   7      3.528    tcbn28hpcplusbwp30p140ssg0p81v125c       0 
NR3D0P7BWP30P140                 8      4.032    tcbn28hpcplusbwp30p140ssg0p81v125c       0 
NR4D0BWP30P140                   2      1.260    tcbn28hpcplusbwp30p140ssg0p81v125c       0 
OA211D1BWP30P140                 3      2.268    tcbn28hpcplusbwp30p140ssg0p81v125c       0 
OA21D1BWP30P140                 81     51.030    tcbn28hpcplusbwp30p140ssg0p81v125c       0 
OA21D2BWP30P140                  1      0.756    tcbn28hpcplusbwp30p140ssg0p81v125c       0 
OA22D1BWP30P140                 16     14.112    tcbn28hpcplusbwp30p140ssg0p81v125c       0 
OAI211D1BWP30P140               11      6.930    tcbn28hpcplusbwp30p140ssg0p81v125c       0 
OAI21D0P7BWP30P140              35     17.640    tcbn28hpcplusbwp30p140ssg0p81v125c       0 
OAI21D1BWP30P140               176     88.704    tcbn28hpcplusbwp30p140ssg0p81v125c       0 
OAI21D2BWP30P140                 4      3.528    tcbn28hpcplusbwp30p140ssg0p81v125c       0 
OAI21D4BWP30P140                 2      3.528    tcbn28hpcplusbwp30p140ssg0p81v125c       0 
OAI21OPTREPBD1BWP30P140          7      5.292    tcbn28hpcplusbwp30p140ssg0p81v125c       0 
OAI221D1BWP30P140                3      2.646    tcbn28hpcplusbwp30p140ssg0p81v125c       0 
OAI221D2BWP30P140                1      1.512    tcbn28hpcplusbwp30p140ssg0p81v125c       0 
OAI222D1BWP30P140                1      1.008    tcbn28hpcplusbwp30p140ssg0p81v125c       0 
OAI22D1BWP30P140              2003   1261.890    tcbn28hpcplusbwp30p140ssg0p81v125c       0 
OAI31D1BWP30P140                57     35.910    tcbn28hpcplusbwp30p140ssg0p81v125c       0 
OAI32D1BWP30P140                 3      2.268    tcbn28hpcplusbwp30p140ssg0p81v125c       0 
OR2D0BWP30P140                 104     52.416    tcbn28hpcplusbwp30p140ssg0p81v125c       0 
OR2D1BWP30P140                 111     55.944    tcbn28hpcplusbwp30p140ssg0p81v125c       0 
OR3D1BWP30P140                  10      6.300    tcbn28hpcplusbwp30p140ssg0p81v125c       0 
SDFCNQARD1BWP30P140             80    231.840    tcbn28hpcplusbwp30p140ssg0p81v125c       0 
SDFSNQD2BWP30P140                2      5.796    tcbn28hpcplusbwp30p140ssg0p81v125c       0 
XNR2D1BWP30P140                 86     86.688    tcbn28hpcplusbwp30p140ssg0p81v125c       0 
XNR2UD1BWP30P140              2247   1981.854    tcbn28hpcplusbwp30p140ssg0p81v125c       0 
XNR3D1BWP30P140                  2      3.780    tcbn28hpcplusbwp30p140ssg0p81v125c       0 
XNR3UD1BWP30P140               110    194.040    tcbn28hpcplusbwp30p140ssg0p81v125c       0 
XOR2D1BWP30P140                 18     18.144    tcbn28hpcplusbwp30p140ssg0p81v125c       0 
XOR2D2BWP30P140                  1      1.134    tcbn28hpcplusbwp30p140ssg0p81v125c       0 
XOR2UD1BWP30P140              1149   1013.418    tcbn28hpcplusbwp30p140ssg0p81v125c       0 
XOR3D1BWP30P140                  1      1.890    tcbn28hpcplusbwp30p140ssg0p81v125c       0 
XOR3UD1BWP30P140                41     72.324    tcbn28hpcplusbwp30p140ssg0p81v125c       0 
XOR4D1BWP30P140                 12     31.752    tcbn28hpcplusbwp30p140ssg0p81v125c       0 
--------------------------------------------------------------------------------------------
total                        15200  16096.374                                       


                                                        
            Type             Instances    Area   Area % 
--------------------------------------------------------
sequential                        1019  2333.016   14.5 
inverter                          1203   306.180    1.9 
clock_gating_integrated_cell        52    98.280    0.6 
logic                            12926 13358.898   83.0 
physical_cells                       0     0.000    0.0 
--------------------------------------------------------
total                            15200 16096.374  100.0 

