============================================================
  Generated by:           Genus(TM) Synthesis Solution 21.12-s068_1
  Generated on:           Aug 30 2026  06:32:50 pm
  Module:                 Conv
  Library domain:         timing_cond_0p81v_125c
    Domain index:         0
    Technology library:   tcbn28hpcplusbwp30p140ssg0p81v125c 110
  Operating conditions:   ssg0p81v125c 
  Interconnect mode:      global
  Area mode:              physical library
============================================================

         Instance           Module    Cell Count  Cell Area  Net Area   Total Area 
-----------------------------------------------------------------------------------
Conv                                       15200  16096.374  7033.262    23129.636 
  MULTIP_BLOCK[0].multip  Multip             634    650.664   275.115      925.779 
  MULTIP_BLOCK[1].multip  Multip_193         643    652.806   277.502      930.308 
  MULTIP_BLOCK[2].multip  Multip_192         604    634.032   250.491      884.523 
  MULTIP_BLOCK[3].multip  Multip_191         600    632.394   248.758      881.152 
  MULTIP_BLOCK[4].multip  Multip_190         639    651.924   276.363      928.287 
  MULTIP_BLOCK[5].multip  Multip_189         649    653.688   278.886      932.574 
  MULTIP_BLOCK[6].multip  Multip_188         612    636.174   252.859      889.033 
  MULTIP_BLOCK[7].multip  Multip_187         599    633.528   249.366      882.894 
  MULTIP_BLOCK[8].multip  Multip_186         602    634.410   249.993      884.403 
  MULTIP_BLOCK[9].multip  Multip_185         606    634.536   250.990      885.526 
  MULTIP_BLOCK[10].multip Multip_184         618    637.182   253.894      891.076 
  MULTIP_BLOCK[11].multip Multip_183         599    633.906   249.120      883.026 
  MULTIP_BLOCK[12].multip Multip_182         603    633.402   250.129      883.531 
  MULTIP_BLOCK[13].multip Multip_181         606    634.158   249.534      883.692 
  MULTIP_BLOCK[14].multip Multip_180         605    634.662   250.873      885.535 
  MULTIP_BLOCK[15].multip Multip_179         598    632.520   248.506      881.026 
  inv                     Inverse            583   1019.466   248.829     1268.295 
    matrix_a0             MatrixA0           194    339.696    66.090      405.786 
    matrix_a1             MatrixA1           389    679.770   132.302      812.072 
  trf                     Transform         2924   1830.528   961.852     2792.380 
    matrix_c0             MatrixC0          1586    938.700   427.151     1365.851 
    matrix_c1             MatrixC1          1338    891.828   358.500     1250.328 
