============================================================
  Generated by:           Genus(TM) Synthesis Solution 21.12-s068_1
  Generated on:           Aug 30 2026  06:32:50 pm
  Module:                 Conv
  Operating conditions:   ssg0p81v125c 
  Interconnect mode:      global
  Area mode:              physical library
============================================================


Path 1: MET (0 ps) Setup Check with Pin r_conv_result_reg[1][18]/CP->D
           View: analysis_view_0p81v_125c_capwst_slowest
          Group: clk
     Startpoint: (R) r_input_feat_reg[10][1]/CP
          Clock: (R) clk
       Endpoint: (R) r_conv_result_reg[1][18]/D
          Clock: (R) clk

                     Capture       Launch     
        Clock Edge:+    2000            0     
       Src Latency:+       0            0     
       Net Latency:+       0 (I)        0 (I) 
           Arrival:=    2000            0     
                                              
             Setup:-      25                  
     Required Time:=    1975                  
      Launch Clock:-       0                  
         Data Path:-    1975                  
             Slack:=       0                  

#----------------------------------------------------------------------------------------------------------------------------------------------
#                     Timing Point                       Flags    Arc   Edge          Cell            Fanout Load Trans Delay Arrival Instance 
#                                                                                                            (fF)  (ps)  (ps)   (ps)  Location 
#----------------------------------------------------------------------------------------------------------------------------------------------
  r_input_feat_reg[10][1]/CP                             -       -      R     (arrival)                   20    -     0     0       0    (-,-) 
  r_input_feat_reg[10][1]/Q                              -       CP->Q  F     DFCNQD1BWP30P140             7  6.3    37    76      76    (-,-) 
  trf/matrix_c0/add_90_25_g1287/ZN                       -       A1->ZN R     NR2D1BWP30P140               2  2.1    31    29     105    (-,-) 
  trf/matrix_c0/add_90_25_g1234/Z                        -       A2->Z  R     OA21D1BWP30P140              2  2.7    21    37     142    (-,-) 
  trf/matrix_c0/add_90_25_g1232/Z                        -       A1->Z  R     OA21D1BWP30P140              2  2.7    21    31     174    (-,-) 
  trf/matrix_c0/add_90_25_g1230/Z                        -       A1->Z  R     OA21D1BWP30P140              2  3.2    24    33     206    (-,-) 
  trf/matrix_c0/add_90_25_g1229/ZN                       -       I->ZN  F     CKND2BWP30P140               1  1.6    11    10     216    (-,-) 
  trf/matrix_c0/add_90_25_g1227/ZN                       -       A1->ZN R     AOI21OPTREPBD1BWP30P140      2  3.2    35    24     240    (-,-) 
  trf/matrix_c0/add_90_25_g1226/ZN                       -       I->ZN  F     CKND2BWP30P140               1  1.6    14    11     251    (-,-) 
  trf/matrix_c0/add_90_25_g1224/ZN                       -       A1->ZN R     AOI21OPTREPBD1BWP30P140      2  2.6    31    22     274    (-,-) 
  trf/matrix_c0/g1395/ZN                                 -       A1->ZN R     IAO21D0BWP30P140             2  2.7    57    51     325    (-,-) 
  trf/matrix_c0/add_90_25_g1219/Z                        -       A1->Z  R     OA21D1BWP30P140              2  2.7    22    37     362    (-,-) 
  trf/matrix_c0/add_90_25_g1217/Z                        -       A1->Z  R     XOR2UD1BWP30P140             6  5.6    75    40     402    (-,-) 
  trf/matrix_c1/sub_112_25_g760/ZN                       -       A1->ZN R     IND2D1BWP30P140              2  2.1    21    32     433    (-,-) 
  trf/matrix_c1/sub_112_25_g747/ZN                       -       A1->ZN R     INR2D1BWP30P140              1  1.4    22    29     463    (-,-) 
  trf/matrix_c1/sub_112_25_g714/ZN                       -       A2->ZN R     XNR2UD1BWP30P140            10 15.1   226   130     593    (-,-) 
  MULTIP_BLOCK[1].multip/mul_14_62_g4531__6260/Z         -       A1->Z  R     XOR2UD1BWP30P140             2  2.1    60    39     632    (-,-) 
  MULTIP_BLOCK[1].multip/mul_14_62_g4365__2802/ZN        -       A1->ZN F     MOAI22D1BWP30P140            1  2.6    87    35     667    (-,-) 
  MULTIP_BLOCK[1].multip/mul_14_62_cdnfadd_010_2__1881/S -       B->S   R     FA1D1BWP30P140               1  2.1    28   106     773    (-,-) 
  MULTIP_BLOCK[1].multip/mul_14_62_cdnfadd_010_3__5115/S -       CI->S  F     FA1D1BWP30P140               1  1.3    22    66     838    (-,-) 
  MULTIP_BLOCK[1].multip/mul_14_62_g4207/ZN              -       I->ZN  R     CKND1BWP30P140               2  2.1    19    18     857    (-,-) 
  MULTIP_BLOCK[1].multip/mul_14_62_g4206__4319/ZN        -       A1->ZN F     ND2OPTIBD1BWP30P140          2  2.0    26    20     877    (-,-) 
  MULTIP_BLOCK[1].multip/mul_14_62_g4203__2398/Z         -       A2->Z  F     AO21D1BWP30P140              1  2.1    18    34     911    (-,-) 
  MULTIP_BLOCK[1].multip/mul_14_62_g4201__6417/CO        -       CI->CO F     FA1D1BWP30P140               1  2.1    21    42     953    (-,-) 
  MULTIP_BLOCK[1].multip/mul_14_62_g4200__7410/S         -       CI->S  R     FA1D1BWP30P140               2  4.8    41    84    1037    (-,-) 
  inv/matrix_a1/csa_tree_SUB_TC_OP_groupi203_g1069/S     -       A->S   F     FA1D1BWP30P140               1  2.6    28    77    1114    (-,-) 
  inv/matrix_a1/csa_tree_SUB_TC_OP_groupi203_g1056/S     -       B->S   R     FA1D1BWP30P140               1  2.7    30    90    1204    (-,-) 
  inv/matrix_a0/csa_tree_ADD_TC_OP_1_groupi_g2146/S      -       A->S   F     FA1D1BWP30P140               1  2.6    28    75    1279    (-,-) 
  inv/matrix_a0/csa_tree_ADD_TC_OP_1_groupi_g2136/CO     -       B->CO  F     FA1D1BWP30P140               1  2.6    24    54    1333    (-,-) 
  inv/matrix_a0/csa_tree_ADD_TC_OP_1_groupi_g2135/CO     -       B->CO  F     FA1D1BWP30P140               1  2.1    21    51    1384    (-,-) 
  inv/matrix_a0/csa_tree_ADD_TC_OP_1_groupi_g2134/CO     -       CI->CO F     FA1D1BWP30P140               1  2.1    21    43    1427    (-,-) 
  inv/matrix_a0/csa_tree_ADD_TC_OP_1_groupi_g2133/CO     -       CI->CO F     FA1D1BWP30P140               1  2.1    21    43    1471    (-,-) 
  inv/matrix_a0/csa_tree_ADD_TC_OP_1_groupi_g2132/CO     -       CI->CO F     FA1D1BWP30P140               1  2.1    21    43    1514    (-,-) 
  inv/matrix_a0/csa_tree_ADD_TC_OP_1_groupi_g2131/CO     -       CI->CO F     FA1D1BWP30P140               1  2.1    21    43    1557    (-,-) 
  inv/matrix_a0/csa_tree_ADD_TC_OP_1_groupi_g2130/CO     -       CI->CO F     FA1D1BWP30P140               1  2.1    21    43    1600    (-,-) 
  inv/matrix_a0/csa_tree_ADD_TC_OP_1_groupi_g2129/CO     -       CI->CO F     FA1D1BWP30P140               1  2.1    21    43    1644    (-,-) 
  inv/matrix_a0/csa_tree_ADD_TC_OP_1_groupi_g2128/CO     -       CI->CO F     FA1D1BWP30P140               1  2.1    21    43    1687    (-,-) 
  inv/matrix_a0/csa_tree_ADD_TC_OP_1_groupi_g2127/CO     -       CI->CO F     FA1D1BWP30P140               1  2.1    21    43    1730    (-,-) 
  inv/matrix_a0/csa_tree_ADD_TC_OP_1_groupi_g2126/CO     -       CI->CO F     FA1D1BWP30P140               1  2.1    21    43    1774    (-,-) 
  inv/matrix_a0/csa_tree_ADD_TC_OP_1_groupi_g2125/CO     -       CI->CO F     FA1D1BWP30P140               1  2.1    21    43    1817    (-,-) 
  inv/matrix_a0/csa_tree_ADD_TC_OP_1_groupi_g2124/CO     -       CI->CO F     FA1D1BWP30P140               1  2.1    21    43    1860    (-,-) 
  inv/matrix_a0/csa_tree_ADD_TC_OP_1_groupi_g2123/CO     -       CI->CO F     FA1D1BWP30P140               1  2.1    21    43    1904    (-,-) 
  inv/matrix_a0/csa_tree_ADD_TC_OP_1_groupi_g2122/S      -       CI->S  R     FA1D1BWP30P140               1  1.3    23    71    1975    (-,-) 
  r_conv_result_reg[1][18]/D                             <<<     -      R     DFCNQD1BWP30P140             1    -     -     0    1975    (-,-) 
#----------------------------------------------------------------------------------------------------------------------------------------------


