============================================================
  Generated by:           Genus(TM) Synthesis Solution 21.12-s068_1
  Generated on:           Oct 06 2026  02:37:03 am
  Module:                 Conv
  Library domain:         timing_cond_0p81v_125c
    Domain index:         0
    Technology library:   tcbn28hpcplusbwp30p140ssg0p81v125c 110
  Operating conditions:   ssg0p81v125c 
  Interconnect mode:      global
  Area mode:              physical library
============================================================

                                                                                    Library 
          Gate           Instances    Area                   Library                 Domain 
--------------------------------------------------------------------------------------------
AN2D1BWP30P140                  38     19.152    tcbn28hpcplusbwp30p140ssg0p81v125c       0 
AN2D2BWP30P140                   1      0.630    tcbn28hpcplusbwp30p140ssg0p81v125c       0 
AN2D4BWP30P140                   1      1.134    tcbn28hpcplusbwp30p140ssg0p81v125c       0 
AO211D1BWP30P140                 1      0.756    tcbn28hpcplusbwp30p140ssg0p81v125c       0 
AO21D1BWP30P140                163    102.690    tcbn28hpcplusbwp30p140ssg0p81v125c       0 
AO22D0BWP30P140                 32     24.192    tcbn28hpcplusbwp30p140ssg0p81v125c       0 
AOI211D1BWP30P140                2      1.260    tcbn28hpcplusbwp30p140ssg0p81v125c       0 
AOI21D1BWP30P140               112     56.448    tcbn28hpcplusbwp30p140ssg0p81v125c       0 
AOI21D2BWP30P140                19     16.758    tcbn28hpcplusbwp30p140ssg0p81v125c       0 
AOI21OPTREPBD1BWP30P140         30     22.680    tcbn28hpcplusbwp30p140ssg0p81v125c       0 
AOI22D1BWP30P140               150     94.500    tcbn28hpcplusbwp30p140ssg0p81v125c       0 
AOI31D1BWP30P140                 3      1.890    tcbn28hpcplusbwp30p140ssg0p81v125c       0 
AOI32D1BWP30P140                 3      2.268    tcbn28hpcplusbwp30p140ssg0p81v125c       0 
CKAN2D1BWP30P140               169     85.176    tcbn28hpcplusbwp30p140ssg0p81v125c       0 
CKLNQD1BWP30P140                51     96.390    tcbn28hpcplusbwp30p140ssg0p81v125c       0 
CKMUX2D0BWP30P140               28     24.696    tcbn28hpcplusbwp30p140ssg0p81v125c       0 
CKND1BWP30P140                1128    284.256    tcbn28hpcplusbwp30p140ssg0p81v125c       0 
CKND2BWP30P140                  11      4.158    tcbn28hpcplusbwp30p140ssg0p81v125c       0 
CKND2D1BWP30P140               149     56.322    tcbn28hpcplusbwp30p140ssg0p81v125c       0 
CKND4BWP30P140                   1      0.630    tcbn28hpcplusbwp30p140ssg0p81v125c       0 
DFCND1BWP30P140                  8     20.160    tcbn28hpcplusbwp30p140ssg0p81v125c       0 
DFCNQD1BWP30P140               678   1537.704    tcbn28hpcplusbwp30p140ssg0p81v125c       0 
DFKCND1BWP30P140                 7     14.994    tcbn28hpcplusbwp30p140ssg0p81v125c       0 
DFKCNQD1BWP30P140                8     16.128    tcbn28hpcplusbwp30p140ssg0p81v125c       0 
DFKCNQD2BWP30P140              145    292.320    tcbn28hpcplusbwp30p140ssg0p81v125c       0 
DFSND1BWP30P140                  1      2.394    tcbn28hpcplusbwp30p140ssg0p81v125c       0 
DFSNQD2BWP30P140                 1      2.268    tcbn28hpcplusbwp30p140ssg0p81v125c       0 
EDFCND1BWP30P140                 5     15.120    tcbn28hpcplusbwp30p140ssg0p81v125c       0 
EDFCNQD1BWP30P140                5     14.490    tcbn28hpcplusbwp30p140ssg0p81v125c       0 
FA1D1BWP30P140                2769   5931.198    tcbn28hpcplusbwp30p140ssg0p81v125c       0 
FA1D2BWP30P140                   1      2.394    tcbn28hpcplusbwp30p140ssg0p81v125c       0 
FA1OPTCD1BWP30P140               5     12.600    tcbn28hpcplusbwp30p140ssg0p81v125c       0 
HA1D0BWP30P140                   1      1.638    tcbn28hpcplusbwp30p140ssg0p81v125c       0 
HA1D1BWP30P140                 193    316.134    tcbn28hpcplusbwp30p140ssg0p81v125c       0 
IAO21D0BWP30P140                36     22.680    tcbn28hpcplusbwp30p140ssg0p81v125c       0 
IAO21D1BWP30P140                26     16.380    tcbn28hpcplusbwp30p140ssg0p81v125c       0 
IAO21D2BWP30P140                28     24.696    tcbn28hpcplusbwp30p140ssg0p81v125c       0 
IAO22D1BWP30P140                13     11.466    tcbn28hpcplusbwp30p140ssg0p81v125c       0 
IND2D1BWP30P140                515    259.560    tcbn28hpcplusbwp30p140ssg0p81v125c       0 
IND2D2BWP30P140                  3      2.268    tcbn28hpcplusbwp30p140ssg0p81v125c       0 
IND3D1BWP30P140                  9      5.670    tcbn28hpcplusbwp30p140ssg0p81v125c       0 
IND4D1BWP30P140                  4      3.024    tcbn28hpcplusbwp30p140ssg0p81v125c       0 
INR2D1BWP30P140                815    410.760    tcbn28hpcplusbwp30p140ssg0p81v125c       0 
INR3D0BWP30P140                  6      3.780    tcbn28hpcplusbwp30p140ssg0p81v125c       0 
INR4D0BWP30P140                  1      0.756    tcbn28hpcplusbwp30p140ssg0p81v125c       0 
INVD0P7BWP30P140                 7      1.764    tcbn28hpcplusbwp30p140ssg0p81v125c       0 
INVD1BWP30P140                   6      1.512    tcbn28hpcplusbwp30p140ssg0p81v125c       0 
INVD3BWP30P140                   1      0.504    tcbn28hpcplusbwp30p140ssg0p81v125c       0 
INVD6BWP30P140                   2      1.764    tcbn28hpcplusbwp30p140ssg0p81v125c       0 
IOA21D0BWP30P140                 2      1.260    tcbn28hpcplusbwp30p140ssg0p81v125c       0 
IOA21D1BWP30P140                99     62.370    tcbn28hpcplusbwp30p140ssg0p81v125c       0 
IOA21D2BWP30P140                 2      1.764    tcbn28hpcplusbwp30p140ssg0p81v125c       0 
MAOI222D1BWP30P140             174    131.544    tcbn28hpcplusbwp30p140ssg0p81v125c       0 
MAOI22D1BWP30P140               69     52.164    tcbn28hpcplusbwp30p140ssg0p81v125c       0 
MOAI22D1BWP30P140              377    285.012    tcbn28hpcplusbwp30p140ssg0p81v125c       0 
MUX2D0BWP30P140                  4      3.528    tcbn28hpcplusbwp30p140ssg0p81v125c       0 
MUX2D1BWP30P140                 13     13.104    tcbn28hpcplusbwp30p140ssg0p81v125c       0 
MUX2NUD1BWP30P140               11      8.316    tcbn28hpcplusbwp30p140ssg0p81v125c       0 
ND2D1BWP30P140                 123     46.494    tcbn28hpcplusbwp30p140ssg0p81v125c       0 
ND2D2BWP30P140                   1      0.630    tcbn28hpcplusbwp30p140ssg0p81v125c       0 
ND2OPTIBD1BWP30P140             31     11.718    tcbn28hpcplusbwp30p140ssg0p81v125c       0 
ND3D1BWP30P140                   4      2.016    tcbn28hpcplusbwp30p140ssg0p81v125c       0 
ND4D1BWP30P140                   1      0.630    tcbn28hpcplusbwp30p140ssg0p81v125c       0 
NR2D1BWP30P140                 149     56.322    tcbn28hpcplusbwp30p140ssg0p81v125c       0 
NR2OPTIBD1BWP30P140            247     93.366    tcbn28hpcplusbwp30p140ssg0p81v125c       0 
NR2OPTPAD1BWP30P140              3      1.512    tcbn28hpcplusbwp30p140ssg0p81v125c       0 
NR3D0BWP30P140                   7      3.528    tcbn28hpcplusbwp30p140ssg0p81v125c       0 
NR3D0P7BWP30P140                 9      4.536    tcbn28hpcplusbwp30p140ssg0p81v125c       0 
NR4D0BWP30P140                   2      1.260    tcbn28hpcplusbwp30p140ssg0p81v125c       0 
OA211D1BWP30P140                 1      0.756    tcbn28hpcplusbwp30p140ssg0p81v125c       0 
OA21D1BWP30P140                 81     51.030    tcbn28hpcplusbwp30p140ssg0p81v125c       0 
OA22D1BWP30P140                 15     13.230    tcbn28hpcplusbwp30p140ssg0p81v125c       0 
OAI211D1BWP30P140                5      3.150    tcbn28hpcplusbwp30p140ssg0p81v125c       0 
OAI21D0P7BWP30P140              34     17.136    tcbn28hpcplusbwp30p140ssg0p81v125c       0 
OAI21D1BWP30P140               155     78.120    tcbn28hpcplusbwp30p140ssg0p81v125c       0 
OAI21D2BWP30P140                 8      7.056    tcbn28hpcplusbwp30p140ssg0p81v125c       0 
OAI21OPTREPBD1BWP30P140          5      3.780    tcbn28hpcplusbwp30p140ssg0p81v125c       0 
OAI221D1BWP30P140                4      3.528    tcbn28hpcplusbwp30p140ssg0p81v125c       0 
OAI221D2BWP30P140                1      1.512    tcbn28hpcplusbwp30p140ssg0p81v125c       0 
OAI222D1BWP30P140                4      4.032    tcbn28hpcplusbwp30p140ssg0p81v125c       0 
OAI22D1BWP30P140              2006   1263.780    tcbn28hpcplusbwp30p140ssg0p81v125c       0 
OAI31D1BWP30P140                46     28.980    tcbn28hpcplusbwp30p140ssg0p81v125c       0 
OAI32D1BWP30P140                 2      1.512    tcbn28hpcplusbwp30p140ssg0p81v125c       0 
OR2D0BWP30P140                 102     51.408    tcbn28hpcplusbwp30p140ssg0p81v125c       0 
OR2D1BWP30P140                 132     66.528    tcbn28hpcplusbwp30p140ssg0p81v125c       0 
OR2D2BWP30P140                   1      0.630    tcbn28hpcplusbwp30p140ssg0p81v125c       0 
OR3D1BWP30P140                   8      5.040    tcbn28hpcplusbwp30p140ssg0p81v125c       0 
OR4D1BWP30P140                   3      2.268    tcbn28hpcplusbwp30p140ssg0p81v125c       0 
SDFCNQARD1BWP30P140             80    231.840    tcbn28hpcplusbwp30p140ssg0p81v125c       0 
SDFSNQD2BWP30P140                1      2.898    tcbn28hpcplusbwp30p140ssg0p81v125c       0 
XNR2D1BWP30P140                100    100.800    tcbn28hpcplusbwp30p140ssg0p81v125c       0 
XNR2D2BWP30P140                  1      1.134    tcbn28hpcplusbwp30p140ssg0p81v125c       0 
XNR2UD1BWP30P140              2413   2128.266    tcbn28hpcplusbwp30p140ssg0p81v125c       0 
XNR3UD1BWP30P140               107    188.748    tcbn28hpcplusbwp30p140ssg0p81v125c       0 
XOR2D1BWP30P140                 18     18.144    tcbn28hpcplusbwp30p140ssg0p81v125c       0 
XOR2D2BWP30P140                  1      1.134    tcbn28hpcplusbwp30p140ssg0p81v125c       0 
XOR2UD1BWP30P140              1010    890.820    tcbn28hpcplusbwp30p140ssg0p81v125c       0 
XOR3D1BWP30P140                  1      1.890    tcbn28hpcplusbwp30p140ssg0p81v125c       0 
XOR3D2BWP30P140                  1      2.016    tcbn28hpcplusbwp30p140ssg0p81v125c       0 
XOR3UD1BWP30P140                32     56.448    tcbn28hpcplusbwp30p140ssg0p81v125c       0 
XOR4D1BWP30P140                 14     37.044    tcbn28hpcplusbwp30p140ssg0p81v125c       0 
--------------------------------------------------------------------------------------------
total                        15111  15887.844                                       


                                                        
            Type             Instances    Area   Area % 
--------------------------------------------------------
sequential                         939  2150.316   13.5 
inverter                          1156   294.588    1.9 
clock_gating_integrated_cell        51    96.390    0.6 
logic                            12965 13346.550   84.0 
physical_cells                       0     0.000    0.0 
--------------------------------------------------------
total                            15111 15887.844  100.0 

