============================================================
  Generated by:           Genus(TM) Synthesis Solution 21.12-s068_1
  Generated on:           Oct 05 2026  10:33:52 pm
  Module:                 Conv
  Library domain:         timing_cond_0p81v_125c
    Domain index:         0
    Technology library:   tcbn28hpcplusbwp30p140ssg0p81v125c 110
  Operating conditions:   ssg0p81v125c 
  Interconnect mode:      global
  Area mode:              physical library
============================================================

                 Instance                           Module           Cell Count  Cell Area  Net Area   Total Area 
------------------------------------------------------------------------------------------------------------------
Conv                                                                      18326  21837.060  9245.126    31082.186 
  INVERSE_ROW_BATCH[0].inverse_row        InverseRow                        117    246.834    42.378      289.212 
  INVERSE_ROW_BATCH[1].inverse_row        InverseRow_492                    117    246.834    42.378      289.212 
  MAC_LANES[0].multip                     Multip                            564    604.296   236.126      840.422 
  MAC_LANES[1].multip                     Multip_503                        564    604.296   236.126      840.422 
  MAC_LANES[2].multip                     Multip_502                        564    604.296   236.126      840.422 
  MAC_LANES[3].multip                     Multip_501                        564    604.296   236.126      840.422 
  MAC_LANES[4].multip                     Multip_500                        564    604.296   236.126      840.422 
  MAC_LANES[5].multip                     Multip_499                        564    604.296   236.126      840.422 
  MAC_LANES[6].multip                     Multip_498                        564    604.296   236.126      840.422 
  MAC_LANES[7].multip                     Multip_497                        564    604.296   236.126      840.422 
  MAC_LANES[8].multip                     Multip_496                        564    604.296   236.126      840.422 
  MAC_LANES[9].multip                     Multip_495                        564    604.296   236.126      840.422 
  MAC_LANES[10].multip                    Multip_494                        564    604.296   236.126      840.422 
  MAC_LANES[11].multip                    Multip_493                        564    604.296   236.126      840.422 
  WEIGHT_TRANSFORM_ROWS[0].weight_trf_row WeightTransformRowConst           180    186.354    29.513      215.867 
  WEIGHT_TRANSFORM_ROWS[1].weight_trf_row WeightTransformRowConst_0         180    186.354    29.513      215.867 
  WEIGHT_TRANSFORM_ROWS[2].weight_trf_row WeightTransformRowConst_1         180    186.354    29.513      215.867 
  WEIGHT_TRANSFORM_ROWS[3].weight_trf_row WeightTransformRowConst_2         356    558.180   116.410      674.590 
  WEIGHT_TRANSFORM_ROWS[4].weight_trf_row WeightTransformRowConst_3         356    558.180   116.410      674.590 
  WEIGHT_TRANSFORM_ROWS[5].weight_trf_row WeightTransformRowConst_4         356    558.180   116.410      674.590 
  inverse_row_acc                         InverseRowAccumulate              548    749.196   208.961      958.157 
  trf                                     Transform                        2291   2950.416   776.104     3726.520 
    matrix_c0                             MatrixC0                          905   1301.580   321.296     1622.876 
    matrix_c1                             MatrixC1                         1386   1648.836   424.538     2073.374 
