============================================================
  Generated by:           Genus(TM) Synthesis Solution 21.12-s068_1
  Generated on:           Oct 05 2026  05:16:54 pm
  Module:                 Conv
  Operating conditions:   ssg0p81v125c 
  Interconnect mode:      global
  Area mode:              physical library
============================================================


Path 1: MET (0 ps) Setup Check with Pin r_input_weight_reg[1][18]/CP->D
           View: analysis_view_0p81v_125c_capwst_slowest
          Group: clk
     Startpoint: (R) r_weight_spatial_reg[8][1]/CP
          Clock: (R) clk
       Endpoint: (R) r_input_weight_reg[1][18]/D
          Clock: (R) clk

                     Capture       Launch     
        Clock Edge:+    2000            0     
       Src Latency:+       0            0     
       Net Latency:+       0 (I)        0 (I) 
           Arrival:=    2000            0     
                                              
             Setup:-       4                  
     Required Time:=    1996                  
      Launch Clock:-       0                  
         Data Path:-    1996                  
             Slack:=       0                  

#-------------------------------------------------------------------------------------------------------------------------------------------------------------------------
#                                   Timing Point                                    Flags    Arc   Edge          Cell            Fanout Load Trans Delay Arrival Instance 
#                                                                                                                                       (fF)  (ps)  (ps)   (ps)  Location 
#-------------------------------------------------------------------------------------------------------------------------------------------------------------------------
  r_weight_spatial_reg[8][1]/CP                                                     -       -      R     (arrival)                   20    -     0     0       0    (-,-) 
  r_weight_spatial_reg[8][1]/QN                                                     -       CP->QN R     SDFCNOPTMAD4BWP30P140        1  8.0    20    40      40    (-,-) 
  g76174/ZN                                                                         -       I->ZN  F     INVD15BWP30P140             45 50.9    22    19      59    (-,-) 
  WEIGHT_TRANSFORM_ROWS[2].weight_trf_row/g3445/Z                                   -       I->Z   F     CKBD4BWP30P140              11 13.8    21    27      86    (-,-) 
  WEIGHT_TRANSFORM_ROWS[2].weight_trf_row/csa_tree_add_1096_168_groupi_g11685/ZN    -       A2->ZN R     NR2D1P5BWP30P140             3  3.4    33    27     113    (-,-) 
  WEIGHT_TRANSFORM_ROWS[2].weight_trf_row/g36795/ZN                                 -       B->ZN  F     AOI21OPTREPBD1BWP30P140      2  2.4    33    20     133    (-,-) 
  WEIGHT_TRANSFORM_ROWS[2].weight_trf_row/csa_tree_add_1096_168_groupi_g11542/ZN    -       I->ZN  R     CKND1BWP30P140               2  2.0    21    21     154    (-,-) 
  WEIGHT_TRANSFORM_ROWS[2].weight_trf_row/csa_tree_add_1096_168_groupi_g11423/ZN    -       A1->ZN F     NR2D1BWP30P140               1  1.2    15    12     166    (-,-) 
  WEIGHT_TRANSFORM_ROWS[2].weight_trf_row/g36775/ZN                                 -       A1->ZN R     MOAI22D0BWP30P140            2  4.4    87    57     224    (-,-) 
  WEIGHT_TRANSFORM_ROWS[2].weight_trf_row/csa_tree_add_1096_168_groupi_g11215/Z     -       A2->Z  R     XOR2OPTND4BWP30P140          1  2.8    41    32     256    (-,-) 
  WEIGHT_TRANSFORM_ROWS[2].weight_trf_row/csa_tree_add_1096_168_groupi_g11199/Z     -       A2->Z  R     XOR2OPTND4BWP30P140          1  4.2    32    30     286    (-,-) 
  WEIGHT_TRANSFORM_ROWS[2].weight_trf_row/csa_tree_add_1096_168_groupi_g11044/CO    -       B->CO  R     FA1D4BWP30P140               1  2.9    14    39     325    (-,-) 
  WEIGHT_TRANSFORM_ROWS[2].weight_trf_row/csa_tree_add_1096_168_groupi_g11008/S     -       CI->S  F     FA1D4BWP30P140               4  5.1    23    70     396    (-,-) 
  WEIGHT_TRANSFORM_ROWS[2].weight_trf_row/f_floor_div_1126_22:rem_1058_18_g20936/ZN -       A1->ZN R     NR2OPTPAD1BWP30P140          2  3.1    30    26     422    (-,-) 
  WEIGHT_TRANSFORM_ROWS[2].weight_trf_row/f_floor_div_1126_22:rem_1058_18_g20933/ZN -       B1->ZN F     IND2D2BWP30P140              2  2.4    21    19     440    (-,-) 
  WEIGHT_TRANSFORM_ROWS[2].weight_trf_row/f_floor_div_1126_22:rem_1058_18_g20928/ZN -       A2->ZN R     NR2OPTPAD1BWP30P140          3  3.4    33    27     467    (-,-) 
  WEIGHT_TRANSFORM_ROWS[2].weight_trf_row/f_floor_div_1126_22:rem_1058_18_g20926/ZN -       A2->ZN F     CKND2D2BWP30P140             2  3.1    24    21     488    (-,-) 
  WEIGHT_TRANSFORM_ROWS[2].weight_trf_row/f_floor_div_1126_22:rem_1058_18_g20923/ZN -       A1->ZN R     NR2OPTPAD2BWP30P140          2  3.2    19    18     506    (-,-) 
  WEIGHT_TRANSFORM_ROWS[2].weight_trf_row/f_floor_div_1126_22:rem_1058_18_g20919/ZN -       A1->ZN F     CKND2D3BWP30P140             2  4.1    21    16     522    (-,-) 
  WEIGHT_TRANSFORM_ROWS[2].weight_trf_row/f_floor_div_1126_22:rem_1058_18_g20913/ZN -       A1->ZN R     NR2OPTPAD4BWP30P140          2  3.6    14    13     536    (-,-) 
  WEIGHT_TRANSFORM_ROWS[2].weight_trf_row/f_floor_div_1126_22:rem_1058_18_g20909/ZN -       A1->ZN F     CKND2D4BWP30P140             2  4.1    17    13     549    (-,-) 
  WEIGHT_TRANSFORM_ROWS[2].weight_trf_row/f_floor_div_1126_22:rem_1058_18_g20903/ZN -       A1->ZN R     NR2OPTPAD4BWP30P140          2  3.7    13    12     561    (-,-) 
  WEIGHT_TRANSFORM_ROWS[2].weight_trf_row/f_floor_div_1126_22:rem_1058_18_g20900/ZN -       A1->ZN F     CKND2D4BWP30P140             2  4.1    17    13     574    (-,-) 
  WEIGHT_TRANSFORM_ROWS[2].weight_trf_row/f_floor_div_1126_22:rem_1058_18_g20894/ZN -       A1->ZN R     NR2OPTPAD4BWP30P140          2  5.0    18    14     588    (-,-) 
  WEIGHT_TRANSFORM_ROWS[2].weight_trf_row/f_floor_div_1126_22:rem_1058_18_g20981/ZN -       B1->ZN F     IND2D6BWP30P140              2  3.8    16    13     601    (-,-) 
  WEIGHT_TRANSFORM_ROWS[2].weight_trf_row/f_floor_div_1126_22:rem_1058_18_g20884/ZN -       A1->ZN R     NR2OPTIBD4BWP30P140          2  4.8    22    16     617    (-,-) 
  WEIGHT_TRANSFORM_ROWS[2].weight_trf_row/f_floor_div_1126_22:rem_1058_18_g20880/ZN -       A1->ZN F     CKND2D8BWP30P140             3  6.0    16    12     630    (-,-) 
  WEIGHT_TRANSFORM_ROWS[2].weight_trf_row/f_floor_div_1126_22:rem_1058_18_g20873/ZN -       A1->ZN R     NR2OPTPAD4BWP30P140          1  3.6    13    12     642    (-,-) 
  WEIGHT_TRANSFORM_ROWS[2].weight_trf_row/f_floor_div_1126_22:rem_1058_18_g20868/Z  -       A1->Z  F     XOR2OPTND4BWP30P140          6 11.6    44    23     664    (-,-) 
  WEIGHT_TRANSFORM_ROWS[2].weight_trf_row/f_floor_div_1126_22:rem_1058_18_g20859/ZN -       A2->ZN R     ND2OPTPAD4BWP30P140          2  3.4    18    20     684    (-,-) 
  WEIGHT_TRANSFORM_ROWS[2].weight_trf_row/f_floor_div_1126_22:rem_1058_18_g20852/ZN -       A1->ZN F     NR2D3BWP30P140               1  2.2    12     9     693    (-,-) 
  WEIGHT_TRANSFORM_ROWS[2].weight_trf_row/g36964/Z                                  -       A2->Z  F     OA21D8BWP30P140              6  9.3    14    29     723    (-,-) 
  WEIGHT_TRANSFORM_ROWS[2].weight_trf_row/f_floor_div_1126_22:rem_1058_18_g20845/ZN -       A1->ZN R     NR2D2BWP30P140               2  2.6    21    17     740    (-,-) 
  WEIGHT_TRANSFORM_ROWS[2].weight_trf_row/f_floor_div_1126_22:rem_1058_18_g20838/ZN -       A1->ZN F     ND2D2BWP30P140               1  3.0    24    19     759    (-,-) 
  WEIGHT_TRANSFORM_ROWS[2].weight_trf_row/f_floor_div_1126_22:rem_1058_18_g20831/ZN -       A2->ZN R     ND3OPTPAD4BWP30P140          1  2.6    14    14     774    (-,-) 
  WEIGHT_TRANSFORM_ROWS[2].weight_trf_row/f_floor_div_1126_22:rem_1058_18_g20824/ZN -       A1->ZN F     MAOI22D4BWP30P140            3  5.0    23    17     791    (-,-) 
  WEIGHT_TRANSFORM_ROWS[2].weight_trf_row/f_floor_div_1126_22:rem_1058_18_g20821/ZN -       A1->ZN R     NR2D3BWP30P140               2  3.2    19    18     808    (-,-) 
  WEIGHT_TRANSFORM_ROWS[2].weight_trf_row/g37106/ZN                                 -       A1->ZN R     IND2D6BWP30P140              2  4.2    11    22     831    (-,-) 
  WEIGHT_TRANSFORM_ROWS[2].weight_trf_row/g36537/ZN                                 -       A1->ZN R     INR2D4BWP30P140              3  5.1    18    25     856    (-,-) 
  WEIGHT_TRANSFORM_ROWS[2].weight_trf_row/f_floor_div_1126_22:rem_1058_18_g20807/ZN -       I->ZN  F     CKND2BWP30P140               2  3.5    15    13     868    (-,-) 
  WEIGHT_TRANSFORM_ROWS[2].weight_trf_row/f_floor_div_1126_22:rem_1058_18_g20799/ZN -       A1->ZN R     NR2OPTPAD2BWP30P140          1  2.3    16    13     882    (-,-) 
  WEIGHT_TRANSFORM_ROWS[2].weight_trf_row/f_floor_div_1126_22:rem_1058_18_g20793/ZN -       A2->ZN F     NR2D3BWP30P140               4  5.0    15    14     895    (-,-) 
  WEIGHT_TRANSFORM_ROWS[2].weight_trf_row/f_floor_div_1126_22:rem_1058_18_g20783/ZN -       B->ZN  R     AOI21D2BWP30P140             1  2.9    30    24     919    (-,-) 
  WEIGHT_TRANSFORM_ROWS[2].weight_trf_row/f_floor_div_1126_22:rem_1058_18_g20779/ZN -       A2->ZN F     NR3D3BWP30P140               4  6.5    26    22     942    (-,-) 
  WEIGHT_TRANSFORM_ROWS[2].weight_trf_row/f_floor_div_1126_22:rem_1058_18_g20772/ZN -       B1->ZN F     MOAI22D2BWP30P140            1  1.8    25    35     977    (-,-) 
  WEIGHT_TRANSFORM_ROWS[2].weight_trf_row/f_floor_div_1126_22:rem_1058_18_g20761/ZN -       A2->ZN R     NR2D2BWP30P140               1  3.2    24    25    1002    (-,-) 
  WEIGHT_TRANSFORM_ROWS[2].weight_trf_row/f_floor_div_1126_22:rem_1058_18_g20758/ZN -       A1->ZN F     ND2OPTIBD6BWP30P140          3  7.0    20    16    1018    (-,-) 
  WEIGHT_TRANSFORM_ROWS[2].weight_trf_row/f_floor_div_1126_22:rem_1058_18_g20748/ZN -       B->ZN  R     OAI21D2BWP30P140             1  3.5    28    18    1036    (-,-) 
  WEIGHT_TRANSFORM_ROWS[2].weight_trf_row/f_floor_div_1126_22:rem_1058_18_g20744/ZN -       A1->ZN F     ND3D6BWP30P140               3  5.8    32    24    1060    (-,-) 
  WEIGHT_TRANSFORM_ROWS[2].weight_trf_row/f_floor_div_1126_22:rem_1058_18_g20732/ZN -       A2->ZN R     ND2D4BWP30P140               2  3.0    14    15    1075    (-,-) 
  WEIGHT_TRANSFORM_ROWS[2].weight_trf_row/f_floor_div_1126_22:rem_1058_18_g20731/ZN -       I->ZN  F     CKND2BWP30P140               2  3.2    13    12    1086    (-,-) 
  WEIGHT_TRANSFORM_ROWS[2].weight_trf_row/f_floor_div_1126_22:rem_1058_18_g20970/ZN -       B1->ZN R     IND2D2BWP30P140              1  3.5    15    13    1100    (-,-) 
  WEIGHT_TRANSFORM_ROWS[2].weight_trf_row/f_floor_div_1126_22:rem_1058_18_g20721/ZN -       A1->ZN F     ND3D6BWP30P140               3  7.3    36    24    1123    (-,-) 
  WEIGHT_TRANSFORM_ROWS[2].weight_trf_row/f_floor_div_1126_22:rem_1058_18_g20720/ZN -       I->ZN  R     INVD6BWP30P140               2  3.6    12    12    1135    (-,-) 
  WEIGHT_TRANSFORM_ROWS[2].weight_trf_row/f_floor_div_1126_22:rem_1058_18_g20711/ZN -       A2->ZN F     NR2D4BWP30P140               2  3.8    16    10    1145    (-,-) 
  WEIGHT_TRANSFORM_ROWS[2].weight_trf_row/f_floor_div_1126_22:rem_1058_18_g20707/ZN -       A1->ZN R     AOI21D4BWP30P140             4  4.9    27    18    1164    (-,-) 
  WEIGHT_TRANSFORM_ROWS[2].weight_trf_row/f_floor_div_1126_22:rem_1058_18_g20700/ZN -       A2->ZN F     ND2D3BWP30P140               3  3.9    22    20    1184    (-,-) 
  WEIGHT_TRANSFORM_ROWS[2].weight_trf_row/f_floor_div_1126_22:rem_1058_18_g20690/ZN -       A1->ZN R     ND2D3BWP30P140               2  4.6    15    15    1198    (-,-) 
  WEIGHT_TRANSFORM_ROWS[2].weight_trf_row/f_floor_div_1126_22:rem_1058_18_g20686/Z  -       S->Z   F     MUX2OPTD4BWP30P140           5  7.1    17    33    1231    (-,-) 
  WEIGHT_TRANSFORM_ROWS[2].weight_trf_row/f_floor_div_1126_22:rem_1058_18_g20681/ZN -       A1->ZN R     NR2D3BWP30P140               3  6.3    30    22    1254    (-,-) 
  WEIGHT_TRANSFORM_ROWS[2].weight_trf_row/f_floor_div_1126_22:rem_1058_18_g20669/ZN -       A2->ZN F     OAI21OPTREPBD4BWP30P140      3  4.5    21    19    1273    (-,-) 
  WEIGHT_TRANSFORM_ROWS[2].weight_trf_row/f_floor_div_1126_22:rem_1058_18_g20668/ZN -       I->ZN  R     CKND1BWP30P140               2  1.9    18    17    1290    (-,-) 
  WEIGHT_TRANSFORM_ROWS[2].weight_trf_row/g36958/ZN                                 -       A1->ZN R     IAO21D1BWP30P140             1  1.9    26    33    1323    (-,-) 
  WEIGHT_TRANSFORM_ROWS[2].weight_trf_row/f_floor_div_1126_22:rem_1058_18_g20647/ZN -       I0->ZN F     MUX2ND4BWP30P140             3  8.2    14    41    1363    (-,-) 
  WEIGHT_TRANSFORM_ROWS[2].weight_trf_row/f_floor_div_1126_22:rem_1058_18_g20631/ZN -       B->ZN  R     AOI21D4BWP30P140             1  2.2    22    20    1383    (-,-) 
  WEIGHT_TRANSFORM_ROWS[2].weight_trf_row/f_floor_div_1126_22:rem_1058_18_g20627/ZN -       A1->ZN F     CKND2D4BWP30P140             2  5.1    20    16    1399    (-,-) 
  WEIGHT_TRANSFORM_ROWS[2].weight_trf_row/f_floor_div_1126_22:rem_1058_18_g20622/ZN -       A2->ZN R     ND2OPTIBD6BWP30P140          3  6.1    15    16    1414    (-,-) 
  WEIGHT_TRANSFORM_ROWS[2].weight_trf_row/f_floor_div_1126_22:rem_1058_18_g20617/ZN -       A1->ZN F     ND2OPTD6BWP30P140            2  5.5    18    14    1429    (-,-) 
  WEIGHT_TRANSFORM_ROWS[2].weight_trf_row/f_floor_div_1126_22:rem_1058_18_g20613/ZN -       A1->ZN F     XNR2OPTND4BWP30P140          3  4.2    38    21    1450    (-,-) 
  WEIGHT_TRANSFORM_ROWS[2].weight_trf_row/f_floor_div_1126_22:rem_1058_18_g20606/ZN -       B1->ZN R     IND2D4BWP30P140              2  3.2    15    14    1464    (-,-) 
  WEIGHT_TRANSFORM_ROWS[2].weight_trf_row/f_floor_div_1126_22:rem_1058_18_g20599/ZN -       A1->ZN F     ND2OPTIBD4BWP30P140          1  3.2    15    12    1476    (-,-) 
  WEIGHT_TRANSFORM_ROWS[2].weight_trf_row/f_floor_div_1126_22:rem_1058_18_g20596/ZN -       A1->ZN R     OAI21D6BWP30P140             4  7.3    22    18    1494    (-,-) 
  WEIGHT_TRANSFORM_ROWS[2].weight_trf_row/f_floor_div_1126_22:rem_1058_18_g20592/ZN -       A1->ZN F     NR2D4BWP30P140               2  4.2    13    11    1505    (-,-) 
  WEIGHT_TRANSFORM_ROWS[2].weight_trf_row/f_floor_div_1126_22:rem_1058_18_g20590/ZN -       A1->ZN R     NR2OPTIBD6BWP30P140          2  5.3    16    14    1519    (-,-) 
  WEIGHT_TRANSFORM_ROWS[2].weight_trf_row/f_floor_div_1126_22:rem_1058_18_g20588/ZN -       A1->ZN F     MOAI22D4BWP30P140            2  3.4    34    16    1535    (-,-) 
  WEIGHT_TRANSFORM_ROWS[2].weight_trf_row/f_floor_div_1126_22:rem_1058_18_g20584/ZN -       A1->ZN R     NR2OPTPAD2BWP30P140          2  3.0    21    20    1555    (-,-) 
  WEIGHT_TRANSFORM_ROWS[2].weight_trf_row/f_floor_div_1126_22:rem_1058_18_g20579/ZN -       A1->ZN F     NR2D2BWP30P140               1  2.1    14    11    1566    (-,-) 
  WEIGHT_TRANSFORM_ROWS[2].weight_trf_row/f_floor_div_1126_22:rem_1058_18_g20576/ZN -       A1->ZN R     ND2D3BWP30P140               2  3.3    14    11    1577    (-,-) 
  WEIGHT_TRANSFORM_ROWS[2].weight_trf_row/f_floor_div_1126_22:rem_1058_18_g20574/ZN -       B1->ZN R     MAOI22D2BWP30P140            1  1.7    23    31    1608    (-,-) 
  WEIGHT_TRANSFORM_ROWS[2].weight_trf_row/f_floor_div_1126_22:rem_1058_18_g20573/ZN -       A1->ZN F     MOAI22D2BWP30P140            1  2.5    30    21    1628    (-,-) 
  WEIGHT_TRANSFORM_ROWS[2].weight_trf_row/f_floor_div_1126_22:rem_1058_18_g20572/ZN -       A1->ZN R     AOI21D4BWP30P140             2  3.4    25    20    1648    (-,-) 
  WEIGHT_TRANSFORM_ROWS[2].weight_trf_row/g6710/ZN                                  -       A1->ZN F     ND2D4BWP30P140               3  4.5    21    17    1666    (-,-) 
  WEIGHT_TRANSFORM_ROWS[2].weight_trf_row/g6686/ZN                                  -       A1->ZN R     NR2OPTPAD4BWP30P140          3  4.4    15    14    1680    (-,-) 
  WEIGHT_TRANSFORM_ROWS[2].weight_trf_row/g6831/ZN                                  -       B1->ZN F     IND2D4BWP30P140              3  3.9    18    14    1695    (-,-) 
  WEIGHT_TRANSFORM_ROWS[2].weight_trf_row/g6646/ZN                                  -       A1->ZN R     NR2D3BWP30P140               3  4.4    22    19    1714    (-,-) 
  WEIGHT_TRANSFORM_ROWS[2].weight_trf_row/g6840/ZN                                  -       B1->ZN F     IND2D4BWP30P140              3  3.5    18    15    1729    (-,-) 
  WEIGHT_TRANSFORM_ROWS[2].weight_trf_row/g6598/ZN                                  -       A1->ZN R     NR2OPTPAD2BWP30P140          3  4.4    24    19    1748    (-,-) 
  WEIGHT_TRANSFORM_ROWS[2].weight_trf_row/g6834/ZN                                  -       B1->ZN F     IND2D4BWP30P140              3  3.9    20    16    1764    (-,-) 
  WEIGHT_TRANSFORM_ROWS[2].weight_trf_row/g6538/ZN                                  -       A1->ZN R     NR2D3BWP30P140               3  4.4    22    19    1783    (-,-) 
  WEIGHT_TRANSFORM_ROWS[2].weight_trf_row/g6837/ZN                                  -       B1->ZN F     IND2D4BWP30P140              3  4.4    20    17    1800    (-,-) 
  WEIGHT_TRANSFORM_ROWS[2].weight_trf_row/g6501/ZN                                  -       A1->ZN R     NR2OPTPAD4BWP30P140          3  4.4    19    14    1814    (-,-) 
  WEIGHT_TRANSFORM_ROWS[2].weight_trf_row/g36498/ZN                                 -       B1->ZN F     IND2D4BWP30P140              3  4.4    20    16    1830    (-,-) 
  WEIGHT_TRANSFORM_ROWS[2].weight_trf_row/g6444/ZN                                  -       A1->ZN R     NR2OPTPAD4BWP30P140          3  4.9    16    15    1845    (-,-) 
  WEIGHT_TRANSFORM_ROWS[2].weight_trf_row/g6417/ZN                                  -       A1->ZN F     ND2OPTIBD6BWP30P140          3  4.5    16    12    1857    (-,-) 
  WEIGHT_TRANSFORM_ROWS[2].weight_trf_row/g6395/ZN                                  -       A1->ZN R     NR2OPTPAD4BWP30P140          3  5.1    17    14    1871    (-,-) 
  WEIGHT_TRANSFORM_ROWS[2].weight_trf_row/g6370/ZN                                  -       A1->ZN F     CKND2D8BWP30P140             3  4.5    13    10    1881    (-,-) 
  WEIGHT_TRANSFORM_ROWS[2].weight_trf_row/g6350/ZN                                  -       A1->ZN R     NR2OPTPAD4BWP30P140          3  3.9    15    12    1893    (-,-) 
  WEIGHT_TRANSFORM_ROWS[2].weight_trf_row/g6318/ZN                                  -       A1->ZN F     CKND2D4BWP30P140             3  3.8    16    13    1906    (-,-) 
  WEIGHT_TRANSFORM_ROWS[2].weight_trf_row/g6284/ZN                                  -       A1->ZN R     NR2OPTPAD2BWP30P140          2  3.8    20    17    1923    (-,-) 
  WEIGHT_TRANSFORM_ROWS[2].weight_trf_row/g6279/ZN                                  -       A1->ZN F     ND2D4BWP30P140               3  3.7    32    15    1938    (-,-) 
  WEIGHT_TRANSFORM_ROWS[2].weight_trf_row/g6276/ZN                                  -       A1->ZN R     OAI22D1P5BWP30P140           1  1.3    29    20    1957    (-,-) 
  g71511/ZN                                                                         -       A1->ZN F     AOI21D1BWP30P140             1  1.7    32    24    1981    (-,-) 
  g76929/ZN                                                                         -       B->ZN  R     IOA21D2BWP30P140             1  1.7    16    14    1996    (-,-) 
  r_input_weight_reg[1][18]/D                                                       <<<     -      R     SDFCNOPTSADD4BWP30P140       1    -     -     0    1996    (-,-) 
#-------------------------------------------------------------------------------------------------------------------------------------------------------------------------


