============================================================
  Generated by:           Genus(TM) Synthesis Solution 21.12-s068_1
  Generated on:           Oct 05 2026  05:17:21 pm
  Module:                 Conv
  Operating conditions:   ssg0p81v125c 
  Operating conditions:   tt0p9v25c 
  Operating conditions:   ffg0p99vm40c 
  Interconnect mode:      global
  Area mode:              physical library
============================================================


Path 1: MET (404 ps) Late External Delay Assertion at pin p_output_data_write[19]
           View: analysis_view_0p99v_m40c_capbst_fastest
          Group: clk
     Startpoint: (R) r_output_write_count_reg[0]/CP
          Clock: (R) clk
       Endpoint: (F) p_output_data_write[19]
          Clock: (R) clk

                     Capture       Launch     
        Clock Edge:+    2000            0     
       Src Latency:+       0            0     
       Net Latency:+       0 (I)        0 (I) 
           Arrival:=    2000            0     
                                              
      Output Delay:-    1000                  
     Required Time:=    1000                  
      Launch Clock:-       0                  
         Data Path:-     596                  
             Slack:=     404                  

Exceptions/Constraints:
  output_delay             1000            tmp_sdc_analysis_vie_1_line_533 

#------------------------------------------------------------------------------------------------------------------
#         Timing Point           Flags    Arc   Edge        Cell         Fanout  Load Trans Delay Arrival Instance 
#                                                                                (fF)  (ps)  (ps)   (ps)  Location 
#------------------------------------------------------------------------------------------------------------------
  r_output_write_count_reg[0]/CP -       -      R     (arrival)               4     -     0     0       0    (-,-) 
  r_output_write_count_reg[0]/Q  -       CP->Q  F     DFCND1BWP30P140         4   5.2    19    46      46    (-,-) 
  g12885/ZN                      -       A1->ZN F     INR2D2BWP30P140        25  28.8    47    38      84    (-,-) 
  g12538/Z                       -       I->Z   F     BUFFD6BWP30P140       137 151.9    80    62     146    (-,-) 
  g12168/ZN                      -       B1->ZN R     AOI22D1BWP30P140        1   1.7    24    31     177    (-,-) 
  g11650/ZN                      -       A1->ZN F     ND2D1BWP30P140          1   3.8    26    20     197    (-,-) 
  add_1007_76_I1_g478/CO         -       A->CO  F     FA1OPTCD1BWP30P140      1   2.4    13    30     228    (-,-) 
  add_1007_76_I1_g477/CO         -       CI->CO F     FA1D1BWP30P140          1   2.4    13    24     252    (-,-) 
  add_1007_76_I1_g476/CO         -       CI->CO F     FA1D1BWP30P140          1   2.4    13    24     276    (-,-) 
  add_1007_76_I1_g475/CO         -       CI->CO F     FA1D1BWP30P140          1   2.4    13    24     300    (-,-) 
  add_1007_76_I1_g474/CO         -       CI->CO F     FA1D1BWP30P140          1   2.4    13    24     324    (-,-) 
  add_1007_76_I1_g473/CO         -       CI->CO F     FA1D1BWP30P140          1   3.0    14    25     350    (-,-) 
  add_1007_76_I1_g472/CO         -       CI->CO F     FA1OPTCD1BWP30P140      1   3.0    14    20     369    (-,-) 
  add_1007_76_I1_g471/CO         -       CI->CO F     FA1OPTCD1BWP30P140      1   3.0    14    20     389    (-,-) 
  add_1007_76_I1_g470/CO         -       CI->CO F     FA1OPTCD2BWP30P140      1   3.0    10    16     405    (-,-) 
  add_1007_76_I1_g469/CO         -       CI->CO F     FA1OPTCD1BWP30P140      1   2.4    13    17     422    (-,-) 
  add_1007_76_I1_g468/CO         -       CI->CO F     FA1D1BWP30P140          1   2.4    13    24     446    (-,-) 
  add_1007_76_I1_g467/CO         -       CI->CO F     FA1D1BWP30P140          1   2.4    13    24     470    (-,-) 
  add_1007_76_I1_g466/CO         -       CI->CO F     FA1D1BWP30P140          1   2.4    13    24     495    (-,-) 
  add_1007_76_I1_g465/CO         -       CI->CO F     FA1D1BWP30P140          1   2.4    13    24     519    (-,-) 
  add_1007_76_I1_g464/CO         -       CI->CO F     FA1D1BWP30P140          1   2.4    12    24     543    (-,-) 
  add_1007_76_I1_g463/CO         -       CI->CO F     FA1D1BWP30P140          1   1.8    11    23     566    (-,-) 
  add_1007_76_I1_g462/Z          -       A3->Z  F     XOR3UD1BWP30P140        1   5.2    34    30     596    (-,-) 
  p_output_data_write[19]        <<<     -      F     (port)                  -     -     -     0     596    (-,-) 
#------------------------------------------------------------------------------------------------------------------


