============================================================
  Generated by:           Genus(TM) Synthesis Solution 21.12-s068_1
  Generated on:           Jan 26 2026  10:26:29 pm
  Module:                 System
  Library domain:         timing_cond_0p81v_125c
    Domain index:         0
    Technology library:   tcbn28hpcplusbwp30p140ssg0p81v125c 110
  Operating conditions:   ssg0p81v125c 
  Interconnect mode:      global
  Area mode:              physical library
============================================================

       Instance         Module    Cell Count  Cell Area  Net Area   Total Area 
-------------------------------------------------------------------------------
System                                 17394  19963.944  9268.249    29232.193 
  control             Control           5083   5535.180  2138.349     7673.529 
  conv                Conv             12311  14428.764  6368.510    20797.274 
    genblk1[0].multip Multip             639    616.014   265.077      881.091 
    genblk1[1].multip Multip_333         645    616.266   270.542      886.808 
    genblk1[2].multip Multip_332         643    616.644   265.717      882.361 
    genblk1[3].multip Multip_331         643    616.770   265.717      882.487 
    genblk1[4].multip Multip_330         645    616.266   270.542      886.808 
    inv               Inverse           1402   2663.766   650.768     3314.534 
      matrix_a0       MatrixA0           527    999.306   199.142     1198.448 
      matrix_a1       MatrixA1           875   1664.460   331.710     1996.170 
    mux_mult          MuxMult             16     11.466     2.620       14.086 
    trf               Transform         3033   4960.368  1393.394     6353.762 
      matrix_c0       MatrixC0          1453   2454.606   571.607     3026.213 
      matrix_c1       MatrixC1          1580   2505.762   604.173     3109.935 
