============================================================
  Generated by:           Genus(TM) Synthesis Solution 21.12-s068_1
  Generated on:           Jan 17 2026  10:42:23 pm
  Module:                 System
  Operating conditions:   ssg0p81v125c 
  Interconnect mode:      global
  Area mode:              physical library
============================================================


Path 1: MET (0 ps) Setup Check with Pin conv/r_feat_reg[32][17]/CP->D
           View: analysis_view_0p81v_125c_capwst_slowest
          Group: clk
     Startpoint: (R) conv/r_idx_in_reg[1]/CP
          Clock: (R) clk
       Endpoint: (R) conv/r_feat_reg[32][17]/D
          Clock: (R) clk

                     Capture       Launch     
        Clock Edge:+    2000            0     
       Src Latency:+       0            0     
       Net Latency:+       0 (I)        0 (I) 
           Arrival:=    2000            0     
                                              
             Setup:-      23                  
     Required Time:=    1977                  
      Launch Clock:-       0                  
         Data Path:-    1977                  
             Slack:=       0                  

#--------------------------------------------------------------------------------------------------------------------------------------
#                   Timing Point                     Flags    Arc   Edge        Cell          Fanout Load Trans Delay Arrival Instance 
#                                                                                                    (fF)  (ps)  (ps)   (ps)  Location 
#--------------------------------------------------------------------------------------------------------------------------------------
  conv/r_idx_in_reg[1]/CP                            -       -      R     (arrival)                4    -     0     0       0    (-,-) 
  conv/r_idx_in_reg[1]/Q                             -       CP->Q  F     DFKCNQD2BWP30P140        7  8.9    26    74      74    (-,-) 
  conv/mux_mult/g196/ZN                              -       I->ZN  R     CKND2BWP30P140           2  3.8    17    17      91    (-,-) 
  conv/mux_mult/g187/ZN                              -       A1->ZN F     NR3OPTPAD4BWP30P140      8 10.5    26    16     107    (-,-) 
  conv/mux_mult/g181/ZN                              -       A1->ZN R     ND2D3BWP30P140           2  4.5    18    16     123    (-,-) 
  conv/mux_mult/g176/ZN                              -       A1->ZN F     ND2D4BWP30P140           8  8.0    28    21     144    (-,-) 
  conv/g68093/Z                                      -       A2->Z  F     CKAN2D1BWP30P140         3  6.2    38    44     188    (-,-) 
  conv/g68080/ZN                                     -       I->ZN  R     CKND1BWP30P140           2  2.9    26    26     215    (-,-) 
  conv/g68060/ZN                                     -       A1->ZN F     NR2D2BWP30P140          17 15.0    44    33     248    (-,-) 
  conv/g66592/Z                                      -       A1->Z  F     AO22D0BWP30P140          1  1.3    20    44     291    (-,-) 
  conv/g65148/ZN                                     -       A3->ZN R     NR3D0P7BWP30P140         1  2.6    53    43     334    (-,-) 
  conv/g64972/ZN                                     -       A2->ZN F     ND2OPTIBD4BWP30P140     28 25.9    73    52     386    (-,-) 
  conv/genblk1[0].multip/mul_153_63_g5977/ZN         -       I->ZN  R     CKND1BWP30P140           3  3.0    36    37     423    (-,-) 
  conv/genblk1[0].multip/mul_153_63_g5964/ZN         -       A2->ZN F     NR2OPTIBD1BWP30P140      2  2.1    23    20     443    (-,-) 
  conv/genblk1[0].multip/mul_153_63_g5947/ZN         -       A1->ZN F     IND2D1BWP30P140          2  2.0    29    35     478    (-,-) 
  conv/genblk1[0].multip/mul_153_63_g5918/Z          -       A1->Z  F     CKAN2D1BWP30P140        22 19.5   108    82     560    (-,-) 
  conv/genblk1[0].multip/mul_153_63_g5871/Z          -       A2->Z  F     OA21D1BWP30P140          1  1.8    18    48     608    (-,-) 
  conv/genblk1[0].multip/mul_153_63_g5776/Z          -       A1->Z  R     XOR2UD1BWP30P140         1  2.5    56    26     635    (-,-) 
  conv/genblk1[0].multip/mul_153_63_g5719/CO         -       B->CO  R     HA1D1BWP30P140           2  2.7    21    36     671    (-,-) 
  conv/genblk1[0].multip/mul_153_63_g5715/ZN         -       A1->ZN R     INR2D1BWP30P140          1  2.5    35    35     706    (-,-) 
  conv/genblk1[0].multip/mul_153_63_g5674/CO         -       B->CO  R     HA1D1BWP30P140           1  2.6    20    33     739    (-,-) 
  conv/genblk1[0].multip/mul_153_63_cdnfadd_006_0/CO -       B->CO  R     FA1D1BWP30P140           1  2.1    22    40     779    (-,-) 
  conv/genblk1[0].multip/mul_153_63_cdnfadd_007_0/S  -       CI->S  F     FA1D1BWP30P140           2  2.1    26    68     847    (-,-) 
  conv/genblk1[0].multip/mul_153_63_g5603/Z          -       A1->Z  F     OR2D1BWP30P140           2  2.1    17    29     876    (-,-) 
  conv/genblk1[0].multip/mul_153_63_g5602/ZN         -       B->ZN  R     OAI21D1BWP30P140         2  2.3    35    20     896    (-,-) 
  conv/genblk1[0].multip/mul_153_63_g5593/Z          -       B->Z   R     AO211D1BWP30P140         1  1.3    15    29     926    (-,-) 
  conv/genblk1[0].multip/mul_153_63_g5586/ZN         -       A1->ZN F     OAI221D1BWP30P140        1  2.1    62    38     964    (-,-) 
  conv/genblk1[0].multip/mul_153_63_g5554/CO         -       CI->CO F     FA1D1BWP30P140           1  2.1    22    57    1021    (-,-) 
  conv/genblk1[0].multip/mul_153_63_g5527/CO         -       CI->CO F     FA1D1BWP30P140           1  2.1    22    44    1064    (-,-) 
  conv/genblk1[0].multip/mul_153_63_g5507/CO         -       CI->CO F     FA1D1BWP30P140           1  2.1    22    44    1108    (-,-) 
  conv/genblk1[0].multip/mul_153_63_g5490/CO         -       CI->CO F     FA1D1BWP30P140           1  2.1    22    44    1152    (-,-) 
  conv/genblk1[0].multip/mul_153_63_g5488/CO         -       CI->CO F     FA1D1BWP30P140           1  2.1    22    44    1195    (-,-) 
  conv/genblk1[0].multip/mul_153_63_g5486/CO         -       CI->CO F     FA1D2BWP30P140           1  2.1    17    42    1237    (-,-) 
  conv/genblk1[0].multip/mul_153_63_g5485/CO         -       CI->CO F     FA1D2BWP30P140           1  2.1    17    40    1277    (-,-) 
  conv/genblk1[0].multip/mul_153_63_g5484/CO         -       CI->CO F     FA1D2BWP30P140           1  2.1    17    40    1318    (-,-) 
  conv/genblk1[0].multip/mul_153_63_g5478/CO         -       CI->CO F     FA1D2BWP30P140           1  2.1    17    40    1358    (-,-) 
  conv/genblk1[0].multip/mul_153_63_g5471/CO         -       CI->CO F     FA1D2BWP30P140           1  2.1    17    40    1398    (-,-) 
  conv/genblk1[0].multip/mul_153_63_g5466/CO         -       CI->CO F     FA1D2BWP30P140           1  2.1    17    40    1438    (-,-) 
  conv/genblk1[0].multip/mul_153_63_g5465/CO         -       CI->CO F     FA1D2BWP30P140           2  2.1    17    40    1479    (-,-) 
  conv/genblk1[0].multip/mul_153_63_g5464/ZN         -       A1->ZN R     ND2D1BWP30P140           2  2.2    18    16    1495    (-,-) 
  conv/genblk1[0].multip/mul_153_63_g5461/ZN         -       A2->ZN F     OAI221D1BWP30P140        1  2.1    60    40    1535    (-,-) 
  conv/genblk1[0].multip/mul_153_63_g5459/CO         -       CI->CO F     FA1D2BWP30P140           1  2.1    18    55    1590    (-,-) 
  conv/genblk1[0].multip/mul_153_63_g5458/CO         -       CI->CO F     FA1D2BWP30P140           3  3.3    20    44    1634    (-,-) 
  conv/genblk1[0].multip/mul_153_63_g5454/ZN         -       A1->ZN R     AOI21D1BWP30P140         1  1.9    33    25    1659    (-,-) 
  conv/genblk1[0].multip/mul_153_63_g5453/ZN         -       A1->ZN R     XNR2UD1BWP30P140        16 14.0   211   105    1764    (-,-) 
  conv/g68026/ZN                                     -       I->ZN  F     CKND1BWP30P140          19 16.0   134   110    1875    (-,-) 
  conv/g69244/ZN                                     -       A1->ZN R     NR2OPTIBD1BWP30P140      2  2.2    54    51    1926    (-,-) 
  conv/g68832/ZN                                     -       C->ZN  F     AOI221D1BWP30P140        1  1.3    76    24    1950    (-,-) 
  conv/g68799/ZN                                     -       I->ZN  R     CKND1BWP30P140           1  1.3    28    27    1977    (-,-) 
  conv/r_feat_reg[32][17]/D                          <<<     -      R     DFQD2BWP30P140           1    -     -     0    1977    (-,-) 
#--------------------------------------------------------------------------------------------------------------------------------------


