============================================================
  Generated by:           Genus(TM) Synthesis Solution 21.12-s068_1
  Generated on:           Jan 17 2026  02:53:11 pm
  Module:                 System
  Library domain:         timing_cond_0p81v_125c
    Domain index:         0
    Technology library:   tcbn28hpcplusbwp30p140ssg0p81v125c 110
  Operating conditions:   ssg0p81v125c 
  Interconnect mode:      global
  Area mode:              physical library
============================================================

       Instance         Module    Cell Count  Cell Area  Net Area   Total Area 
-------------------------------------------------------------------------------
System                                 15601  18097.254  8040.480    26137.734 
  control             Control           3067   4609.962  1049.544     5659.506 
  conv                Conv             12534  13487.292  6374.622    19861.914 
    genblk1[0].multip Multip             642    616.392   265.711      882.103 
    genblk1[1].multip Multip_374         644    616.896   266.092      882.988 
    genblk1[2].multip Multip_373         643    616.770   265.840      882.610 
    genblk1[3].multip Multip_372         631    614.124   261.966      876.090 
    genblk1[4].multip Multip_371         643    616.518   266.584      883.102 
    genblk1[5].multip Multip_370         599    629.622   246.779      876.401 
    inv               Inverse           1053   2221.506   494.334     2715.840 
      matrix_a0       MatrixA0           351    740.502   127.134      867.636 
        csa_p0        CSA_3_326           39     82.278    14.126       96.404 
          layer1      FA_352              20     42.462     0.000       42.462 
        csa_p1        CSA_3_325           39     82.278    14.126       96.404 
          layer1      FA_351              20     42.462     0.000       42.462 
        csa_p2        CSA_3_324           39     82.278    14.126       96.404 
          layer1      FA_350              20     42.462     0.000       42.462 
        csa_p3        CSA_3_323           39     82.278    14.126       96.404 
          layer1      FA_349              20     42.462     0.000       42.462 
        csa_p4        CSA_3_322           39     82.278    14.126       96.404 
          layer1      FA_348              20     42.462     0.000       42.462 
        csa_p5        CSA_3_321           39     82.278    14.126       96.404 
          layer1      FA_347              20     42.462     0.000       42.462 
        csa_p6        CSA_3_320           39     82.278    14.126       96.404 
          layer1      FA_346              20     42.462     0.000       42.462 
        csa_p7        CSA_3_319           39     82.278    14.126       96.404 
          layer1      FA_345              20     42.462     0.000       42.462 
        csa_p8        CSA_3_318           39     82.278    14.126       96.404 
          layer1      FA_344              20     42.462     0.000       42.462 
      matrix_a1       MatrixA1           702   1481.004   254.269     1735.273 
        csa_p0        CSA_3               39     82.278    14.126       96.404 
          layer1      FA                  20     42.462     0.000       42.462 
        csa_p1        CSA_3_343           39     82.278    14.126       96.404 
          layer1      FA_369              20     42.462     0.000       42.462 
        csa_p2        CSA_3_342           39     82.278    14.126       96.404 
          layer1      FA_368              20     42.462     0.000       42.462 
        csa_p3        CSA_3_341           39     82.278    14.126       96.404 
          layer1      FA_367              20     42.462     0.000       42.462 
        csa_p4        CSA_3_340           39     82.278    14.126       96.404 
          layer1      FA_366              20     42.462     0.000       42.462 
        csa_p5        CSA_3_339           39     82.278    14.126       96.404 
          layer1      FA_365              20     42.462     0.000       42.462 
        csa_p6        CSA_3_338           39     82.278    14.126       96.404 
          layer1      FA_364              20     42.462     0.000       42.462 
        csa_p7        CSA_3_337           39     82.278    14.126       96.404 
          layer1      FA_363              20     42.462     0.000       42.462 
        csa_p8        CSA_3_336           39     82.278    14.126       96.404 
          layer1      FA_362              20     42.462     0.000       42.462 
        csa_p9        CSA_3_335           39     82.278    14.126       96.404 
          layer1      FA_361              20     42.462     0.000       42.462 
        csa_p10       CSA_3_334           39     82.278    14.126       96.404 
          layer1      FA_360              20     42.462     0.000       42.462 
        csa_p11       CSA_3_333           39     82.278    14.126       96.404 
          layer1      FA_359              20     42.462     0.000       42.462 
        csa_p12       CSA_3_332           39     82.278    14.126       96.404 
          layer1      FA_358              20     42.462     0.000       42.462 
        csa_p13       CSA_3_331           39     82.278    14.126       96.404 
          layer1      FA_357              20     42.462     0.000       42.462 
        csa_p14       CSA_3_330           39     82.278    14.126       96.404 
          layer1      FA_356              20     42.462     0.000       42.462 
        csa_p15       CSA_3_329           39     82.278    14.126       96.404 
          layer1      FA_355              20     42.462     0.000       42.462 
        csa_p16       CSA_3_328           39     82.278    14.126       96.404 
          layer1      FA_354              20     42.462     0.000       42.462 
        csa_p17       CSA_3_327           39     82.278    14.126       96.404 
          layer1      FA_353              20     42.462     0.000       42.462 
    mux_mult          MuxMult             23     22.176     4.877       27.053 
    trf               Transform         1974   2903.796   680.417     3584.213 
      matrix_c0       MatrixC0           894   1320.732   293.892     1614.624 
        csa_n0        CSA_2               20     41.958     4.793       46.751 
        csa_n1        CSA_2_313           20     41.958     4.793       46.751 
        csa_n2        CSA_2_308           20     41.958     4.793       46.751 
        csa_n6        CSA_2_317           20     41.958     4.793       46.751 
        csa_n7        CSA_2_312           20     41.958     4.793       46.751 
        csa_n8        CSA_2_307           20     41.958     4.793       46.751 
        csa_n12       CSA_2_316           20     41.958     4.793       46.751 
        csa_n13       CSA_2_311           20     41.958     4.793       46.751 
        csa_n14       CSA_2_306           20     41.958     4.793       46.751 
        csa_n18       CSA_2_315           20     41.958     4.793       46.751 
        csa_n19       CSA_2_310           20     41.958     4.793       46.751 
        csa_n20       CSA_2_305           20     41.958     4.793       46.751 
        csa_n24       CSA_2_314           20     41.958     4.793       46.751 
        csa_n25       CSA_2_309           20     41.958     4.793       46.751 
        csa_n26       CSA_2_304           20     41.958     4.793       46.751 
      matrix_c1       MatrixC1          1080   1583.064   356.256     1939.320 
        csa_n0        CSA_2_303           20     41.958     4.793       46.751 
        csa_n1        CSA_2_302           20     41.958     4.793       46.751 
        csa_n2        CSA_2_301           20     41.958     4.793       46.751 
        csa_n3        CSA_2_300           20     41.958     4.793       46.751 
        csa_n4        CSA_2_299           20     41.958     4.793       46.751 
        csa_n5        CSA_2_298           20     41.958     4.793       46.751 
        csa_n6        CSA_2_297           20     41.958     4.793       46.751 
        csa_n7        CSA_2_296           20     41.958     4.793       46.751 
        csa_n8        CSA_2_295           20     41.958     4.793       46.751 
        csa_n9        CSA_2_294           20     41.958     4.793       46.751 
        csa_n10       CSA_2_293           20     41.958     4.793       46.751 
        csa_n11       CSA_2_292           20     41.958     4.793       46.751 
        csa_n12       CSA_2_291           20     41.958     4.793       46.751 
        csa_n13       CSA_2_290           20     41.958     4.793       46.751 
        csa_n14       CSA_2_289           20     41.958     4.793       46.751 
        csa_n15       CSA_2_288           20     41.958     4.793       46.751 
        csa_n16       CSA_2_287           20     41.958     4.793       46.751 
        csa_n17       CSA_2_286           20     41.958     4.793       46.751 
