============================================================
  Generated by:           Genus(TM) Synthesis Solution 21.12-s068_1
  Generated on:           Sep 12 2026  09:14:31 am
  Module:                 Conv
  Library domain:         timing_cond_0p81v_125c
    Domain index:         0
    Technology library:   tcbn28hpcplusbwp30p140ssg0p81v125c 110
  Operating conditions:   ssg0p81v125c 
  Interconnect mode:      global
  Area mode:              physical library
============================================================

        Instance                  Module           Cell Count  Cell Area  Net Area   Total Area 
------------------------------------------------------------------------------------------------
Conv                                                    11153  12022.416  4985.310    17007.726 
  inverse_row_acc        InverseRowAccumulate             262    292.824    65.068      357.892 
  inverse_row_acc_second InverseRowAccumulate_264         176    208.908    38.200      247.108 
  inverse_row_current    InverseRow                       107    187.488    36.576      224.064 
  inverse_row_lane1      InverseRow_263                   107    187.488    36.576      224.064 
  multip0                MultipExact                      684    697.536   292.805      990.341 
  multip1                MultipExact_271                  655    676.242   269.145      945.387 
  multip2                MultipExact_270                  655    676.242   269.145      945.387 
  multip3                MultipExact_269                  655    675.612   269.145      944.757 
  multip4                MultipExact_268                  694    695.394   282.501      977.895 
  multip5                MultipExact_267                  708    698.166   286.738      984.904 
  multip6                MultipExact_266                  700    699.174   284.500      983.674 
  multip7                MultipExact_265                  708    698.922   286.738      985.660 
  trf                    Transform                       2441   1744.596   807.306     2551.902 
    matrix_c0            MatrixC0                        1313    893.718   353.203     1246.921 
    matrix_c1            MatrixC1                        1128    850.878   296.944     1147.822 
