============================================================
  Generated by:           Genus(TM) Synthesis Solution 22.17-s071_1
  Generated on:           May 02 2025  10:19:40 am
  Module:                 conv
  Library domain:         timing_cond_0p81v_125c
    Domain index:         0
    Technology library:   tcbn28hpcplusbwp30p140ssg0p81v125c 110
  Operating conditions:   ssg0p81v125c 
  Interconnect mode:      global
  Area mode:              physical library
============================================================

  Instance     Module    Cell Count  Cell Area  Net Area   Total Area 
----------------------------------------------------------------------
conv                          11626  13246.506  6347.994    19594.500 
  matrix_a0  MatrixA0           198    340.452    67.590      408.042 
    csa_p0   CSA_3_122           39     82.278    14.126       96.404 
      layer1 FA_127              20     42.462     0.000       42.462 
    csa_p1   CSA_2_109           20     41.958     4.793       46.751 
    csa_p2   CSA_3_121           39     82.278    14.126       96.404 
      layer1 FA_126              20     42.462     0.000       42.462 
    csa_p3   CSA_2_108           20     41.958     4.793       46.751 
  matrix_a1  MatrixA1           396    680.904   135.181      816.085 
    csa_p0   CSA_3               39     82.278    14.126       96.404 
      layer1 FA                  20     42.462     0.000       42.462 
    csa_p1   CSA_2_113           20     41.958     4.793       46.751 
    csa_p2   CSA_3_125           39     82.278    14.126       96.404 
      layer1 FA_130              20     42.462     0.000       42.462 
    csa_p3   CSA_2_112           20     41.958     4.793       46.751 
    csa_p4   CSA_3_124           39     82.278    14.126       96.404 
      layer1 FA_129              20     42.462     0.000       42.462 
    csa_p5   CSA_2_111           20     41.958     4.793       46.751 
    csa_p6   CSA_3_123           39     82.278    14.126       96.404 
      layer1 FA_128              20     42.462     0.000       42.462 
    csa_p7   CSA_2_110           20     41.958     4.793       46.751 
  matrix_c0  MatrixC0           483    701.568   126.449      828.017 
    csa_p1   CSA_2               20     41.958     4.793       46.751 
    csa_p5   CSA_2_120           20     41.958     4.793       46.751 
    csa_p9   CSA_2_119           20     41.958     4.793       46.751 
    csa_p13  CSA_2_118           20     41.958     4.793       46.751 
  matrix_c1  MatrixC1           484    700.560   127.315      827.875 
    csa_p4   CSA_2_117           20     41.958     4.793       46.751 
    csa_p5   CSA_2_116           20     41.958     4.793       46.751 
    csa_p6   CSA_2_115           20     41.958     4.793       46.751 
    csa_p7   CSA_2_114           20     41.958     4.793       46.751 
  multip00   Multip             563    598.374   237.840      836.214 
  multip01   Multip_145         563    598.374   237.840      836.214 
  multip02   Multip_144         563    598.374   237.840      836.214 
  multip03   Multip_143         563    598.374   237.840      836.214 
  multip04   Multip_142         563    598.374   237.840      836.214 
  multip05   Multip_141         563    598.374   237.840      836.214 
  multip06   Multip_140         563    598.374   237.840      836.214 
  multip07   Multip_139         563    598.374   237.840      836.214 
  multip08   Multip_138         563    598.374   237.840      836.214 
  multip09   Multip_137         563    598.374   237.840      836.214 
  multip10   Multip_136         563    598.374   237.840      836.214 
  multip11   Multip_135         563    598.374   237.840      836.214 
  multip12   Multip_134         563    598.374   237.840      836.214 
  multip13   Multip_133         563    598.374   237.840      836.214 
  multip14   Multip_132         563    598.374   237.840      836.214 
  multip15   Multip_131         563    598.374   237.840      836.214 
