============================================================
  Generated by:           Genus(TM) Synthesis Solution 21.12-s068_1
  Generated on:           Aug 30 2026  06:45:15 pm
  Module:                 Conv
  Library domain:         timing_cond_0p81v_125c
    Domain index:         0
    Technology library:   tcbn28hpcplusbwp30p140ssg0p81v125c 110
  Operating conditions:   ssg0p81v125c 
  Interconnect mode:      global
  Area mode:              physical library
============================================================

                                                                               Library 
        Gate         Instances    Area                  Library                 Domain 
---------------------------------------------------------------------------------------
AN2D1BWP30P140               5     2.520    tcbn28hpcplusbwp30p140ssg0p81v125c       0 
AN2D4BWP30P140               1     1.134    tcbn28hpcplusbwp30p140ssg0p81v125c       0 
AO211D1BWP30P140             3     2.268    tcbn28hpcplusbwp30p140ssg0p81v125c       0 
AO21D1BWP30P140             11     6.930    tcbn28hpcplusbwp30p140ssg0p81v125c       0 
AO22D0BWP30P140             48    36.288    tcbn28hpcplusbwp30p140ssg0p81v125c       0 
AOI211D1BWP30P140            1     0.630    tcbn28hpcplusbwp30p140ssg0p81v125c       0 
AOI21D1BWP30P140            14     7.056    tcbn28hpcplusbwp30p140ssg0p81v125c       0 
AOI221D1BWP30P140            2     1.512    tcbn28hpcplusbwp30p140ssg0p81v125c       0 
AOI222D1BWP30P140            8     8.064    tcbn28hpcplusbwp30p140ssg0p81v125c       0 
AOI22D1BWP30P140           377   237.510    tcbn28hpcplusbwp30p140ssg0p81v125c       0 
AOI31D1BWP30P140             2     1.260    tcbn28hpcplusbwp30p140ssg0p81v125c       0 
AOI32D1BWP30P140             3     2.268    tcbn28hpcplusbwp30p140ssg0p81v125c       0 
CKAN2D1BWP30P140            48    24.192    tcbn28hpcplusbwp30p140ssg0p81v125c       0 
CKAN2D8BWP30P140             1     1.386    tcbn28hpcplusbwp30p140ssg0p81v125c       0 
CKLNQD1BWP30P140            55   103.950    tcbn28hpcplusbwp30p140ssg0p81v125c       0 
CKMUX2D0BWP30P140           19    16.758    tcbn28hpcplusbwp30p140ssg0p81v125c       0 
CKND1BWP30P140             544   137.088    tcbn28hpcplusbwp30p140ssg0p81v125c       0 
CKND2BWP30P140               3     1.134    tcbn28hpcplusbwp30p140ssg0p81v125c       0 
CKND2D1BWP30P140           114    43.092    tcbn28hpcplusbwp30p140ssg0p81v125c       0 
CKND4BWP30P140               1     0.630    tcbn28hpcplusbwp30p140ssg0p81v125c       0 
DFCND1BWP30P140             13    32.760    tcbn28hpcplusbwp30p140ssg0p81v125c       0 
DFCNQD1BWP30P140           840  1905.120    tcbn28hpcplusbwp30p140ssg0p81v125c       0 
DFKCND1BWP30P140             7    14.994    tcbn28hpcplusbwp30p140ssg0p81v125c       0 
DFKCNQD2BWP30P140          153   308.448    tcbn28hpcplusbwp30p140ssg0p81v125c       0 
DFSND1BWP30P140              1     2.394    tcbn28hpcplusbwp30p140ssg0p81v125c       0 
DFSNQD2BWP30P140             1     2.268    tcbn28hpcplusbwp30p140ssg0p81v125c       0 
EDFCND1BWP30P140             6    18.144    tcbn28hpcplusbwp30p140ssg0p81v125c       0 
EDFCNQD1BWP30P140            5    14.490    tcbn28hpcplusbwp30p140ssg0p81v125c       0 
FA1D1BWP30P140            1312  2810.304    tcbn28hpcplusbwp30p140ssg0p81v125c       0 
FA1OPTCD1BWP30P140           7    17.640    tcbn28hpcplusbwp30p140ssg0p81v125c       0 
HA1D1BWP30P140             107   175.266    tcbn28hpcplusbwp30p140ssg0p81v125c       0 
IAO21D1BWP30P140             5     3.150    tcbn28hpcplusbwp30p140ssg0p81v125c       0 
IND2D1BWP30P140             27    13.608    tcbn28hpcplusbwp30p140ssg0p81v125c       0 
IND3D1BWP30P140              7     4.410    tcbn28hpcplusbwp30p140ssg0p81v125c       0 
IND4D1BWP30P140              2     1.512    tcbn28hpcplusbwp30p140ssg0p81v125c       0 
INR2D1BWP30P140            132    66.528    tcbn28hpcplusbwp30p140ssg0p81v125c       0 
INR3D0BWP30P140              7     4.410    tcbn28hpcplusbwp30p140ssg0p81v125c       0 
INR4D0BWP30P140              2     1.512    tcbn28hpcplusbwp30p140ssg0p81v125c       0 
INVD0P7BWP30P140             4     1.008    tcbn28hpcplusbwp30p140ssg0p81v125c       0 
INVD1BWP30P140               8     2.016    tcbn28hpcplusbwp30p140ssg0p81v125c       0 
INVD3BWP30P140               1     0.504    tcbn28hpcplusbwp30p140ssg0p81v125c       0 
INVD6BWP30P140               3     2.646    tcbn28hpcplusbwp30p140ssg0p81v125c       0 
IOA21D1BWP30P140           461   290.430    tcbn28hpcplusbwp30p140ssg0p81v125c       0 
MAOI222D1BWP30P140          52    39.312    tcbn28hpcplusbwp30p140ssg0p81v125c       0 
MAOI22D1BWP30P140           12     9.072    tcbn28hpcplusbwp30p140ssg0p81v125c       0 
MOAI22D1BWP30P140           15    11.340    tcbn28hpcplusbwp30p140ssg0p81v125c       0 
MUX2D0BWP30P140              4     3.528    tcbn28hpcplusbwp30p140ssg0p81v125c       0 
MUX2D1BWP30P140              1     1.008    tcbn28hpcplusbwp30p140ssg0p81v125c       0 
MUX2NUD1BWP30P140            6     4.536    tcbn28hpcplusbwp30p140ssg0p81v125c       0 
ND2D1BWP30P140             179    67.662    tcbn28hpcplusbwp30p140ssg0p81v125c       0 
ND2D2BWP30P140               1     0.630    tcbn28hpcplusbwp30p140ssg0p81v125c       0 
ND2OPTIBD1BWP30P140         25     9.450    tcbn28hpcplusbwp30p140ssg0p81v125c       0 
ND3D1BWP30P140               7     3.528    tcbn28hpcplusbwp30p140ssg0p81v125c       0 
ND4D1BWP30P140               2     1.260    tcbn28hpcplusbwp30p140ssg0p81v125c       0 
NR2D1BWP30P140              29    10.962    tcbn28hpcplusbwp30p140ssg0p81v125c       0 
NR2D2BWP30P140               1     0.630    tcbn28hpcplusbwp30p140ssg0p81v125c       0 
NR2OPTIBD1BWP30P140         88    33.264    tcbn28hpcplusbwp30p140ssg0p81v125c       0 
NR2OPTPAD1BWP30P140          1     0.504    tcbn28hpcplusbwp30p140ssg0p81v125c       0 
NR3D0BWP30P140              11     5.544    tcbn28hpcplusbwp30p140ssg0p81v125c       0 
NR3D1P5BWP30P140             1     0.882    tcbn28hpcplusbwp30p140ssg0p81v125c       0 
NR4D0BWP30P140               2     1.260    tcbn28hpcplusbwp30p140ssg0p81v125c       0 
OA211D1BWP30P140             1     0.756    tcbn28hpcplusbwp30p140ssg0p81v125c       0 
OAI211D1BWP30P140            3     1.890    tcbn28hpcplusbwp30p140ssg0p81v125c       0 
OAI21D1BWP30P140            70    35.280    tcbn28hpcplusbwp30p140ssg0p81v125c       0 
OAI221D1BWP30P140            2     1.764    tcbn28hpcplusbwp30p140ssg0p81v125c       0 
OAI222D1BWP30P140            3     3.024    tcbn28hpcplusbwp30p140ssg0p81v125c       0 
OAI22D1BWP30P140           586   369.180    tcbn28hpcplusbwp30p140ssg0p81v125c       0 
OAI31D1BWP30P140            13     8.190    tcbn28hpcplusbwp30p140ssg0p81v125c       0 
OAI32D1BWP30P140             2     1.512    tcbn28hpcplusbwp30p140ssg0p81v125c       0 
OR2D0BWP30P140              26    13.104    tcbn28hpcplusbwp30p140ssg0p81v125c       0 
OR2D1BWP30P140              21    10.584    tcbn28hpcplusbwp30p140ssg0p81v125c       0 
OR2D2BWP30P140               1     0.630    tcbn28hpcplusbwp30p140ssg0p81v125c       0 
OR2D4BWP30P140               1     1.134    tcbn28hpcplusbwp30p140ssg0p81v125c       0 
OR3D1BWP30P140               7     4.410    tcbn28hpcplusbwp30p140ssg0p81v125c       0 
SDFCNQARD1BWP30P140         80   231.840    tcbn28hpcplusbwp30p140ssg0p81v125c       0 
SDFSNQD2BWP30P140            1     2.898    tcbn28hpcplusbwp30p140ssg0p81v125c       0 
XNR2D1BWP30P140              2     2.016    tcbn28hpcplusbwp30p140ssg0p81v125c       0 
XNR2UD1BWP30P140           623   549.486    tcbn28hpcplusbwp30p140ssg0p81v125c       0 
XNR3UD1BWP30P140            43    75.852    tcbn28hpcplusbwp30p140ssg0p81v125c       0 
XOR2UD1BWP30P140           172   151.704    tcbn28hpcplusbwp30p140ssg0p81v125c       0 
XOR3UD1BWP30P140            14    24.696    tcbn28hpcplusbwp30p140ssg0p81v125c       0 
XOR4D1BWP30P140              4    10.584    tcbn28hpcplusbwp30p140ssg0p81v125c       0 
---------------------------------------------------------------------------------------
total                     6483  8034.138                                       


                                                       
            Type             Instances   Area   Area % 
-------------------------------------------------------
sequential                        1107 2533.356   31.5 
inverter                           564  145.026    1.8 
clock_gating_integrated_cell        55  103.950    1.3 
logic                             4757 5251.806   65.4 
physical_cells                       0    0.000    0.0 
-------------------------------------------------------
total                             6483 8034.138  100.0 

