============================================================
  Generated by:           Genus(TM) Synthesis Solution 21.12-s068_1
  Generated on:           Oct 03 2026  12:15:05 pm
  Module:                 Conv
  Library domain:         timing_cond_0p81v_125c
    Domain index:         0
    Technology library:   tcbn28hpcplusbwp30p140ssg0p81v125c 110
  Operating conditions:   ssg0p81v125c 
  Interconnect mode:      global
  Area mode:              physical library
============================================================

         Instance           Module    Cell Count  Cell Area  Net Area   Total Area 
-----------------------------------------------------------------------------------
Conv                                       34913  44556.876 17803.231    62360.107 
  MULTIP_BLOCK[0].multip  Multip             565    604.422   236.378      840.800 
  MULTIP_BLOCK[1].multip  Multip_510         565    604.422   236.378      840.800 
  MULTIP_BLOCK[2].multip  Multip_509         565    604.422   236.378      840.800 
  MULTIP_BLOCK[3].multip  Multip_508         565    604.422   236.378      840.800 
  MULTIP_BLOCK[4].multip  Multip_507         565    604.422   236.378      840.800 
  MULTIP_BLOCK[5].multip  Multip_506         565    604.422   236.378      840.800 
  MULTIP_BLOCK[6].multip  Multip_505         565    604.422   236.378      840.800 
  MULTIP_BLOCK[7].multip  Multip_504         565    604.422   236.378      840.800 
  MULTIP_BLOCK[8].multip  Multip_503         565    604.422   236.378      840.800 
  MULTIP_BLOCK[9].multip  Multip_502         565    604.422   236.378      840.800 
  MULTIP_BLOCK[10].multip Multip_501         565    604.422   236.378      840.800 
  MULTIP_BLOCK[11].multip Multip_500         565    604.422   236.378      840.800 
  MULTIP_BLOCK[12].multip Multip_499         565    604.422   236.378      840.800 
  MULTIP_BLOCK[13].multip Multip_498         565    604.422   236.378      840.800 
  MULTIP_BLOCK[14].multip Multip_497         565    604.422   236.378      840.800 
  MULTIP_BLOCK[15].multip Multip_496         565    604.422   236.378      840.800 
  MULTIP_BLOCK[16].multip Multip_495         565    604.422   236.378      840.800 
  MULTIP_BLOCK[17].multip Multip_494         565    604.422   236.378      840.800 
  MULTIP_BLOCK[18].multip Multip_493         565    604.422   236.378      840.800 
  MULTIP_BLOCK[19].multip Multip_492         565    604.422   236.378      840.800 
  MULTIP_BLOCK[20].multip Multip_491         565    604.422   236.378      840.800 
  MULTIP_BLOCK[21].multip Multip_490         565    604.422   236.378      840.800 
  MULTIP_BLOCK[22].multip Multip_489         565    604.422   236.378      840.800 
  MULTIP_BLOCK[23].multip Multip_488         565    604.422   236.378      840.800 
  MULTIP_BLOCK[24].multip Multip_487         565    604.422   236.378      840.800 
  MULTIP_BLOCK[25].multip Multip_486         565    604.422   236.378      840.800 
  MULTIP_BLOCK[26].multip Multip_485         565    604.422   236.378      840.800 
  MULTIP_BLOCK[27].multip Multip_484         565    604.422   236.378      840.800 
  MULTIP_BLOCK[28].multip Multip_483         565    604.422   236.378      840.800 
  MULTIP_BLOCK[29].multip Multip_482         565    604.422   236.378      840.800 
  MULTIP_BLOCK[30].multip Multip_481         565    604.422   236.378      840.800 
  MULTIP_BLOCK[31].multip Multip_480         565    604.422   236.378      840.800 
  inv                     Inverse           3824   6658.218  1746.403     8404.621 
    matrix_a0             MatrixA0          1280   2218.986   505.349     2724.335 
    matrix_a1             MatrixA1          2544   4439.232  1006.985     5446.217 
  trf                     Transform         4495   6761.790  1886.059     8647.849 
    matrix_c0             MatrixC0          2066   3122.028   682.791     3804.819 
    matrix_c1             MatrixC1          2429   3639.762   803.108     4442.870 
