============================================================
  Generated by:           Genus(TM) Synthesis Solution 21.12-s068_1
  Generated on:           Jul 09 2025  10:05:49 pm
  Module:                 conv
  Library domain:         timing_cond_0p81v_125c
    Domain index:         0
    Technology library:   tcbn28hpcplusbwp30p140ssg0p81v125c 110
  Operating conditions:   ssg0p81v125c 
  Interconnect mode:      global
  Area mode:              physical library
============================================================

      Instance        Module   Cell Count  Cell Area  Net Area   Total Area 
----------------------------------------------------------------------------
conv                                 8448   9843.120  4260.528    14103.648 
  genblk1[0].multip Multip            696    680.526   288.782      969.308 
  genblk1[1].multip Multip_89         701    690.606   287.430      978.036 
  genblk1[2].multip Multip_88         671    688.212   280.315      968.527 
  genblk1[3].multip Multip_87         701    690.606   287.430      978.036 
  genblk1[4].multip Multip_86         661    670.698   272.968      943.666 
  genblk1[5].multip Multip_85         661    672.210   272.968      945.178 
  genblk1[6].multip Multip_84         661    670.698   272.968      943.666 
  genblk1[7].multip Multip_83         661    673.344   272.968      946.312 
  inv               Inverse           592   1021.860   252.458     1274.318 
    matrix_a0       MatrixA0          198    340.452    67.590      408.042 
      csa_p0        CSA_3_74           39     82.278    14.126       96.404 
        layer1      FA_79              20     42.462     0.000       42.462 
      csa_p1        CSA_2_61           20     41.958     4.793       46.751 
      csa_p2        CSA_3_73           39     82.278    14.126       96.404 
        layer1      FA_78              20     42.462     0.000       42.462 
      csa_p3        CSA_2_60           20     41.958     4.793       46.751 
    matrix_a1       MatrixA1          394    681.408   134.430      815.838 
      csa_p0        CSA_3              39     82.278    14.126       96.404 
        layer1      FA                 20     42.462     0.000       42.462 
      csa_p1        CSA_2_65           20     41.958     4.793       46.751 
      csa_p2        CSA_3_77           39     82.278    14.126       96.404 
        layer1      FA_82              20     42.462     0.000       42.462 
      csa_p3        CSA_2_64           20     41.958     4.793       46.751 
      csa_p4        CSA_3_76           39     82.278    14.126       96.404 
        layer1      FA_81              20     42.462     0.000       42.462 
      csa_p5        CSA_2_63           20     41.958     4.793       46.751 
      csa_p6        CSA_3_75           39     82.278    14.126       96.404 
        layer1      FA_80              20     42.462     0.000       42.462 
      csa_p7        CSA_2_62           20     41.958     4.793       46.751 
  trf               Transform         968   1402.128   366.443     1768.571 
    matrix_c0       MatrixC0          484    701.568   126.947      828.515 
      csa_p1        CSA_2              20     41.958     4.793       46.751 
      csa_p5        CSA_2_72           20     41.958     4.793       46.751 
      csa_p9        CSA_2_71           20     41.958     4.793       46.751 
      csa_p13       CSA_2_70           20     41.958     4.793       46.751 
    matrix_c1       MatrixC1          484    700.560   127.315      827.875 
      csa_p4        CSA_2_69           20     41.958     4.793       46.751 
      csa_p5        CSA_2_68           20     41.958     4.793       46.751 
      csa_p6        CSA_2_67           20     41.958     4.793       46.751 
      csa_p7        CSA_2_66           20     41.958     4.793       46.751 
