============================================================
  Generated by:           Genus(TM) Synthesis Solution 21.12-s068_1
  Generated on:           Jan 25 2026  10:21:22 pm
  Module:                 Conv
  Operating conditions:   ssg0p81v125c 
  Interconnect mode:      global
  Area mode:              physical library
============================================================


Path 1: MET (0 ps) Late External Delay Assertion at pin p_output[3][19]
           View: analysis_view_0p81v_125c_capwst_slowest
          Group: clk
     Startpoint: (R) r_feat_reg[22][1]/CP
          Clock: (R) clk
       Endpoint: (F) p_output[3][19]
          Clock: (R) clk

                     Capture       Launch     
        Clock Edge:+    2000            0     
       Src Latency:+       0            0     
       Net Latency:+       0 (I)        0 (I) 
           Arrival:=    2000            0     
                                              
      Output Delay:-    1000                  
     Required Time:=    1000                  
      Launch Clock:-       0                  
         Data Path:-    1000                  
             Slack:=       0                  

Exceptions/Constraints:
  output_delay             1000            constraints.sdc_line_25_1282_1 

#-------------------------------------------------------------------------------------------------------------------------------
#              Timing Point               Flags    Arc   Edge          Cell            Fanout Load Trans Delay Arrival Instance 
#                                                                                             (fF)  (ps)  (ps)   (ps)  Location 
#-------------------------------------------------------------------------------------------------------------------------------
  r_feat_reg[22][1]/CP                    -       -      R     (arrival)                   40    -     0     0       0    (-,-) 
  r_feat_reg[22][1]/Q                     -       CP->Q  F     DFQD2BWP30P140              11 18.0    49    85      85    (-,-) 
  inv/matrix_a1/csa_p9/layer1/g1167/Z     -       A1->Z  R     XOR3D4BWP30P140              2  3.2    15    66     151    (-,-) 
  inv/matrix_a1/csa_p9/add_69_22_g1259/ZN -       A1->ZN F     ND2D2BWP30P140               3  5.2    35    25     176    (-,-) 
  inv/matrix_a1/csa_p9/add_69_22_g1203/Z  -       A1->Z  F     OA21D1BWP30P140              2  3.0    22    35     211    (-,-) 
  inv/matrix_a1/csa_p9/add_69_22_g1201/ZN -       A1->ZN R     OAI21OPTREPBD1BWP30P140      2  2.8    36    30     241    (-,-) 
  inv/matrix_a1/csa_p9/add_69_22_g1199/ZN -       A1->ZN F     AOI21D1BWP30P140             2  2.6    38    31     272    (-,-) 
  inv/matrix_a1/csa_p9/g1263/ZN           -       A1->ZN F     IAO21D2BWP30P140             2  2.6    15    36     308    (-,-) 
  inv/matrix_a1/csa_p9/add_69_22_g1194/ZN -       A1->ZN F     XNR2UD1BWP30P140             2  4.7    63    36     344    (-,-) 
  inv/matrix_a0/csa_p3/layer1/g1043/S     -       B->S   R     FA1D1BWP30P140               1  3.2    34   103     447    (-,-) 
  inv/matrix_a0/csa_p3/add_69_22_g457/CO  -       B->CO  R     FA1OPTCD1BWP30P140           1  2.6    24    54     501    (-,-) 
  inv/matrix_a0/csa_p3/add_69_22_g456/CO  -       CI->CO R     FA1OPTCD1BWP30P140           1  2.6    24    34     536    (-,-) 
  inv/matrix_a0/csa_p3/add_69_22_g455/CO  -       CI->CO R     FA1OPTCD1BWP30P140           1  2.6    24    34     570    (-,-) 
  inv/matrix_a0/csa_p3/add_69_22_g454/CO  -       CI->CO R     FA1OPTCD1BWP30P140           1  2.1    22    33     603    (-,-) 
  inv/matrix_a0/csa_p3/add_69_22_g453/CO  -       CI->CO R     FA1D1BWP30P140               1  2.6    24    40     643    (-,-) 
  inv/matrix_a0/csa_p3/add_69_22_g452/CO  -       CI->CO R     FA1OPTCD1BWP30P140           1  2.6    24    34     677    (-,-) 
  inv/matrix_a0/csa_p3/add_69_22_g451/CO  -       CI->CO R     FA1OPTCD1BWP30P140           1  2.6    24    34     711    (-,-) 
  inv/matrix_a0/csa_p3/add_69_22_g450/CO  -       CI->CO R     FA1OPTCD1BWP30P140           1  2.1    22    33     744    (-,-) 
  inv/matrix_a0/csa_p3/add_69_22_g449/CO  -       CI->CO R     FA1D1BWP30P140               1  2.6    24    40     785    (-,-) 
  inv/matrix_a0/csa_p3/add_69_22_g448/CO  -       CI->CO R     FA1OPTCD1BWP30P140           1  2.1    22    33     817    (-,-) 
  inv/matrix_a0/csa_p3/add_69_22_g447/CO  -       CI->CO R     FA1D1BWP30P140               1  2.1    21    39     856    (-,-) 
  inv/matrix_a0/csa_p3/add_69_22_g446/CO  -       CI->CO R     FA1D1BWP30P140               1  2.1    21    38     894    (-,-) 
  inv/matrix_a0/csa_p3/add_69_22_g445/CO  -       CI->CO R     FA1D1BWP30P140               1  1.4    18    35     930    (-,-) 
  inv/matrix_a0/csa_p3/g2/Z               -       A1->Z  F     XOR3D2BWP30P140              1  4.8    21    70    1000    (-,-) 
  p_output[3][19]                         <<<     -      F     (port)                       -    -     -     0    1000    (-,-) 
#-------------------------------------------------------------------------------------------------------------------------------


