============================================================
  Generated by:           Genus(TM) Synthesis Solution 21.12-s068_1
  Generated on:           Jan 25 2026  10:21:40 pm
  Module:                 Conv
  Operating conditions:   ssg0p81v125c 
  Operating conditions:   tt0p9v25c 
  Operating conditions:   ffg0p99vm40c 
  Interconnect mode:      global
  Area mode:              physical library
============================================================


Path 1: MET (368 ps) Setup Check with Pin r_feat_reg[27][15]/CP->D
           View: analysis_view_0p99v_m40c_capbst_fastest
          Group: clk
     Startpoint: (F) p_weight[9][4]
          Clock: (R) clk
       Endpoint: (R) r_feat_reg[27][15]/D
          Clock: (R) clk

                     Capture       Launch     
        Clock Edge:+    2000            0     
        Drv Adjust:+       0            5     
       Src Latency:+       0            0     
       Net Latency:+       0 (I)        0 (I) 
           Arrival:=    2000            5     
                                              
             Setup:-      12                  
     Required Time:=    1988                  
      Launch Clock:-       5                  
       Input Delay:-    1000                  
         Data Path:-     615                  
             Slack:=     368                  

Exceptions/Constraints:
  input_delay             1000            tmp_sdc_analysis_vie_1_line_938 

#----------------------------------------------------------------------------------------------------------------------------------------
#                   Timing Point                     Flags    Arc   Edge         Cell           Fanout Load Trans Delay Arrival Instance 
#                                                                                                      (fF)  (ps)  (ps)   (ps)  Location 
#----------------------------------------------------------------------------------------------------------------------------------------
  p_weight[9][4]                                     -       -      F     (arrival)                  2  2.8    11     0    1005    (-,-) 
  g69117/ZN                                          -       I->ZN  R     INVD1BWP30P140             2  2.8    12    11    1016    (-,-) 
  g68769/ZN                                          -       B1->ZN F     INR2D1BWP30P140            1  2.2    11     9    1025    (-,-) 
  g68566/ZN                                          -       B->ZN  R     IAO21D2BWP30P140           1  1.8     9     8    1033    (-,-) 
  g66773/ZN                                          -       A2->ZN F     ND2D1BWP30P140             1  2.0    17    12    1045    (-,-) 
  g66440/ZN                                          -       A2->ZN R     NR2OPTPAD1BWP30P140        1  2.9    16    15    1060    (-,-) 
  g66036/ZN                                          -       A1->ZN F     ND2OPTIBD4BWP30P140        3  9.8    19    14    1074    (-,-) 
  genblk1[1].multip/mul_153_63_g4711/ZN              -       S->ZN  F     MUX2NOPTD8BWP30P140       22 28.4    29    21    1095    (-,-) 
  genblk1[1].multip/mul_153_63_g4600/ZN              -       A1->ZN R     ND2OPTD6BWP30P140         20 22.8    19    17    1112    (-,-) 
  genblk1[1].multip/mul_153_63_g4553/ZN              -       A1->ZN F     OAI22OPTPBD1BWP30P140      1  2.4    22    16    1128    (-,-) 
  genblk1[1].multip/mul_153_63_cdnfadd_007_0__1705/S -       CI->S  R     FA1D1BWP30P140             1  3.0    18    46    1174    (-,-) 
  genblk1[1].multip/mul_153_63_cdnfadd_007_1__5122/S -       CI->S  F     FA1OPTCD1BWP30P140         2  3.4    18    37    1211    (-,-) 
  genblk1[1].multip/mul_153_63_g4365__1881/ZN        -       A1->ZN R     NR2OPTPAD1BWP30P140        1  2.2    14    13    1224    (-,-) 
  genblk1[1].multip/mul_153_63_g4363__7098/ZN        -       B->ZN  F     IAO21D2BWP30P140           2  2.6     9     7    1231    (-,-) 
  genblk1[1].multip/mul_153_63_g4361__8246/ZN        -       A1->ZN R     ND2OPTIBD1BWP30P140        1  2.7    17    12    1243    (-,-) 
  genblk1[1].multip/mul_153_63_g4355__6783/ZN        -       A3->ZN F     ND3OPTPAD2BWP30P140        2  2.7    16    12    1256    (-,-) 
  genblk1[1].multip/mul_153_63_g4349__5526/ZN        -       A1->ZN R     ND2OPTIBD1BWP30P140        2  2.7    17    14    1270    (-,-) 
  genblk1[1].multip/mul_153_63_g4333__9315/Z         -       A1->Z  R     OA21D2BWP30P140            3  3.8    10    19    1290    (-,-) 
  genblk1[1].multip/mul_153_63_g4327__6131/ZN        -       A1->ZN F     OAI21D1BWP30P140           1  2.1    21    14    1304    (-,-) 
  genblk1[1].multip/mul_153_63_g4315__8246/ZN        -       A1->ZN R     AOI21D2BWP30P140           2  3.4    17    15    1318    (-,-) 
  genblk1[1].multip/mul_153_63_g4296__7410/ZN        -       A1->ZN F     NR2OPTPAD1BWP30P140        2  2.7    13    11    1329    (-,-) 
  genblk1[1].multip/mul_153_63_g4291__9945/ZN        -       A1->ZN R     ND2OPTIBD1BWP30P140        2  2.7    18    14    1343    (-,-) 
  genblk1[1].multip/mul_153_63_g4287__7482/ZN        -       A1->ZN F     ND2D1BWP30P140             1  1.7    15    12    1355    (-,-) 
  genblk1[1].multip/mul_153_63_g4281__5122/Z         -       A1->Z  F     AO21D1BWP30P140            1  2.1    10    17    1372    (-,-) 
  genblk1[1].multip/mul_153_63_g4263__5107/ZN        -       A1->ZN R     AOI21D2BWP30P140           2  3.2    16    12    1384    (-,-) 
  genblk1[1].multip/mul_153_63_g4249__5115/ZN        -       A1->ZN F     NR2OPTPAD2BWP30P140        2  2.6    11     7    1391    (-,-) 
  genblk1[1].multip/mul_153_63_g4245__7098/ZN        -       A1->ZN R     CKND2D1BWP30P140           2  2.7    21    15    1406    (-,-) 
  genblk1[1].multip/mul_153_63_g4241__1705/Z         -       A1->Z  R     AO21D1BWP30P140            1  1.7     9    17    1423    (-,-) 
  genblk1[1].multip/mul_153_63_g4238__3680/ZN        -       A1->ZN F     AOI21D1BWP30P140           1  1.7    16    12    1435    (-,-) 
  genblk1[1].multip/mul_153_63_g4236__5526/ZN        -       A1->ZN R     NR2OPTPAD1BWP30P140        2  2.8    16    14    1449    (-,-) 
  genblk1[1].multip/mul_153_63_g4235/ZN              -       I->ZN  F     CKND1BWP30P140             2  3.3    15    13    1462    (-,-) 
  genblk1[1].multip/mul_153_63_g4232__6260/ZN        -       A1->ZN R     AOI31D1BWP30P140           2  3.4    31    20    1482    (-,-) 
  genblk1[1].multip/mul_153_63_g4227__7410/Z         -       A1->Z  R     OA21D1BWP30P140            1  2.3    11    20    1501    (-,-) 
  genblk1[1].multip/mul_153_63_g4225__2346/ZN        -       A1->ZN R     XNR2UD1BWP30P140          13 16.2   132    68    1569    (-,-) 
  g65080/ZN                                          -       I->ZN  F     CKND1BWP30P140             4  5.1    45    30    1599    (-,-) 
  g63259/ZN                                          -       A1->ZN R     OAI221D1BWP30P140          1  1.7    30    21    1620    (-,-) 
  r_feat_reg[27][15]/D                               <<<     -      R     DFQD2BWP30P140             1    -     -     0    1620    (-,-) 
#----------------------------------------------------------------------------------------------------------------------------------------


