============================================================
  Generated by:           Genus(TM) Synthesis Solution 21.12-s068_1
  Generated on:           Feb 03 2026  02:52:14 am
  Module:                 System
  Operating conditions:   ssg0p81v125c 
  Operating conditions:   tt0p9v25c 
  Operating conditions:   ffg0p99vm40c 
  Interconnect mode:      global
  Area mode:              physical library
============================================================


Path 1: MET (390 ps) Late External Delay Assertion at pin p_output_data_write[2][18]
           View: analysis_view_0p99v_m40c_capbst_fastest
          Group: clk
     Startpoint: (R) control/r_addr_count_write_out_reg[3]/CP
          Clock: (R) clk
       Endpoint: (R) p_output_data_write[2][18]
          Clock: (R) clk

                     Capture       Launch     
        Clock Edge:+    2000            0     
       Src Latency:+       0            0     
       Net Latency:+       0 (I)        0 (I) 
           Arrival:=    2000            0     
                                              
      Output Delay:-    1000                  
     Required Time:=    1000                  
      Launch Clock:-       0                  
         Data Path:-     610                  
             Slack:=     390                  

Exceptions/Constraints:
  output_delay             1000            tmp_sdc_analysis_vie_1_line_540 

#---------------------------------------------------------------------------------------------------------------------------
#              Timing Point                Flags    Arc   Edge        Cell         Fanout Load Trans Delay Arrival Instance 
#                                                                                         (fF)  (ps)  (ps)   (ps)  Location 
#---------------------------------------------------------------------------------------------------------------------------
  control/r_addr_count_write_out_reg[3]/CP -       -      R     (arrival)               4    -     0     0       0    (-,-) 
  control/r_addr_count_write_out_reg[3]/Q  -       CP->Q  F     DFD2BWP30P140          31 39.6    63    70      70    (-,-) 
  control/g97861/ZN                        -       A2->ZN R     NR2D3BWP30P140          2  3.3    16    19      89    (-,-) 
  control/g104763/ZN                       -       B->ZN  F     IAO21D2BWP30P140       28 33.2    54    36     125    (-,-) 
  control/g97024/ZN                        -       I->ZN  R     CKND4BWP30P140         13 15.0    24    22     147    (-,-) 
  control/g96931__3680/ZN                  -       A1->ZN F     MOAI22D1BWP30P140       1  1.7    18    14     161    (-,-) 
  control/g96761__1705/ZN                  -       A1->ZN R     NR2D1BWP30P140          1  1.7    14    13     175    (-,-) 
  control/g96709__6131/ZN                  -       A1->ZN F     ND3D1BWP30P140          1  2.8    28    20     195    (-,-) 
  control/add_1044_62_I3_g1258/CO          -       B->CO  F     HA1D1BWP30P140          1  3.0    12    20     214    (-,-) 
  control/add_1044_62_I3_g1257/CO          -       CI->CO F     FA1OPTCD1BWP30P140      1  3.0    14    19     234    (-,-) 
  control/add_1044_62_I3_g1256/CO          -       CI->CO F     FA1OPTCD1BWP30P140      1  3.0    14    20     253    (-,-) 
  control/add_1044_62_I3_g1255/CO          -       CI->CO F     FA1OPTCD1BWP30P140      1  2.4    12    18     272    (-,-) 
  control/add_1044_62_I3_g1254/CO          -       CI->CO F     FA1D1BWP30P140          1  3.0    14    25     297    (-,-) 
  control/add_1044_62_I3_g1253/CO          -       CI->CO F     FA1OPTCD1BWP30P140      1  3.0    14    20     316    (-,-) 
  control/add_1044_62_I3_g1252/CO          -       CI->CO F     FA1OPTCD1BWP30P140      1  3.0    14    20     336    (-,-) 
  control/add_1044_62_I3_g1251/CO          -       CI->CO F     FA1OPTCD1BWP30P140      3  4.4    18    22     358    (-,-) 
  control/add_1044_62_I3_g1249/Z           -       A1->Z  F     AO21D1BWP30P140         1  3.0    13    20     378    (-,-) 
  control/add_1044_62_I3_g1246/CO          -       CI->CO F     FA1OPTCD1BWP30P140      1  3.0    14    19     397    (-,-) 
  control/add_1044_62_I3_g1245/CO          -       CI->CO F     FA1OPTCD1BWP30P140      1  3.0    14    20     416    (-,-) 
  control/add_1044_62_I3_g1244/CO          -       CI->CO F     FA1OPTCD1BWP30P140      1  3.0    14    20     436    (-,-) 
  control/add_1044_62_I3_g1243/CO          -       CI->CO F     FA1OPTCD1BWP30P140      1  3.0    14    20     455    (-,-) 
  control/add_1044_62_I3_g1242/CO          -       CI->CO F     FA1OPTCD1BWP30P140      1  3.0    14    20     475    (-,-) 
  control/add_1044_62_I3_g1241/CO          -       CI->CO F     FA1OPTCD1BWP30P140      1  2.4    12    18     493    (-,-) 
  control/add_1044_62_I3_g1240/CO          -       CI->CO F     FA1D1BWP30P140          1  2.4    12    24     517    (-,-) 
  control/add_1044_62_I3_g1239/CO          -       CI->CO F     FA1D1BWP30P140          1  2.4    12    24     542    (-,-) 
  control/add_1044_62_I3_g1238/S           -       CI->S  R     FA1D1BWP30P140          1  1.7    14    40     581    (-,-) 
  control/g98081/ZN                        -       A1->ZN R     INR2D1BWP30P140         1  5.2    75    28     610    (-,-) 
  p_output_data_write[2][18]               <<<     -      R     (port)                  -    -     -     0     610    (-,-) 
#---------------------------------------------------------------------------------------------------------------------------


