============================================================
  Generated by:           Genus(TM) Synthesis Solution 21.12-s068_1
  Generated on:           Sep 01 2026  04:21:46 pm
  Module:                 Conv
  Operating conditions:   ssg0p81v125c 
  Interconnect mode:      global
  Area mode:              physical library
============================================================


Path 1: MET (0 ps) Setup Check with Pin r_output_write_reg[0][19]/CP->D
           View: analysis_view_0p81v_125c_capwst_slowest
          Group: clk
     Startpoint: (R) r_input_feat_reg[6][1]/CP
          Clock: (R) clk
       Endpoint: (R) r_output_write_reg[0][19]/D
          Clock: (R) clk

                     Capture       Launch     
        Clock Edge:+    2000            0     
       Src Latency:+       0            0     
       Net Latency:+       0 (I)        0 (I) 
           Arrival:=    2000            0     
                                              
             Setup:-      29                  
     Required Time:=    1971                  
      Launch Clock:-       0                  
         Data Path:-    1971                  
             Slack:=       0                  

#----------------------------------------------------------------------------------------------------------------------------------------------------
#                        Timing Point                          Flags    Arc   Edge          Cell            Fanout Load Trans Delay Arrival Instance 
#                                                                                                                  (fF)  (ps)  (ps)   (ps)  Location 
#----------------------------------------------------------------------------------------------------------------------------------------------------
  r_input_feat_reg[6][1]/CP                                    -       -      R     (arrival)                   20    -     0     0       0    (-,-) 
  r_input_feat_reg[6][1]/Q                                     -       CP->Q  F     DFCNQD1BWP30P140             8  7.1    42    79      79    (-,-) 
  trf/matrix_c0/sub_136_25_g1361/ZN                            -       A1->ZN F     IND2D1BWP30P140              2  2.7    35    44     123    (-,-) 
  trf/matrix_c0/sub_136_25_g1305/ZN                            -       A2->ZN R     AOI21D2BWP30P140             2  3.1    29    27     150    (-,-) 
  trf/matrix_c0/sub_136_25_g1303/ZN                            -       A1->ZN F     OAI21OPTREPBD1BWP30P140      2  2.6    34    25     175    (-,-) 
  trf/matrix_c0/sub_136_25_g1300/ZN                            -       A1->ZN R     AOI21D1BWP30P140             2  2.7    41    34     209    (-,-) 
  trf/matrix_c0/sub_136_25_g1298/Z                             -       A1->Z  R     OA21D1BWP30P140              2  2.7    21    35     244    (-,-) 
  trf/matrix_c0/sub_136_25_g1297/ZN                            -       I->ZN  F     CKND1BWP30P140               1  1.6    16    14     258    (-,-) 
  trf/matrix_c0/sub_136_25_g1295/ZN                            -       A1->ZN R     AOI21OPTREPBD1BWP30P140      2  2.7    32    23     281    (-,-) 
  trf/matrix_c0/sub_136_25_g1294/ZN                            -       I->ZN  F     CKND1BWP30P140               1  1.3    17    15     296    (-,-) 
  trf/matrix_c0/sub_136_25_g1292/ZN                            -       A1->ZN R     AOI21D1BWP30P140             2  2.6    39    28     325    (-,-) 
  trf/matrix_c0/g1404/ZN                                       -       A1->ZN R     IAO21D0BWP30P140             2  2.7    57    52     377    (-,-) 
  trf/matrix_c0/sub_136_25_g1288/ZN                            -       I->ZN  F     CKND1BWP30P140               1  1.6    25    19     396    (-,-) 
  trf/matrix_c0/sub_136_25_g1286/ZN                            -       A1->ZN R     AOI21OPTREPBD1BWP30P140      2  2.7    32    26     422    (-,-) 
  trf/matrix_c0/sub_136_25_g1285/ZN                            -       I->ZN  F     CKND1BWP30P140               1  1.3    17    15     437    (-,-) 
  trf/matrix_c0/sub_136_25_g1283/ZN                            -       A1->ZN R     AOI21D1BWP30P140             2  2.7    40    29     466    (-,-) 
  trf/matrix_c0/g1403/ZN                                       -       A1->ZN R     IAO21D2BWP30P140             2  2.7    20    34     500    (-,-) 
  trf/matrix_c0/sub_136_25_g1278/ZN                            -       A1->ZN F     XNR2D1BWP30P140              5  4.7    29    39     539    (-,-) 
  trf/matrix_c1/add_166_25_g1307/Z                             -       A2->Z  F     CKAN2D1BWP30P140             2  2.1    17    32     571    (-,-) 
  trf/matrix_c1/add_166_25_g1274/ZN                            -       A1->ZN R     NR2OPTIBD1BWP30P140          1  1.4    22    18     590    (-,-) 
  trf/matrix_c1/add_166_25_g1243/ZN                            -       A2->ZN R     XNR2UD1BWP30P140             1  1.4    38    40     629    (-,-) 
  g24489/Z                                                     -       I1->Z  R     MUX2D1BWP30P140              9 13.6    78    72     702    (-,-) 
  multip4/mul_14_62_g7425/Z                                    -       A1->Z  R     XOR2UD1BWP30P140             2  2.1    62    34     736    (-,-) 
  multip4/mul_14_62_g7191/ZN                                   -       A1->ZN F     MOAI22D1BWP30P140            1  2.1    40    32     768    (-,-) 
  multip4/mul_14_62_g7087/S                                    -       CI->S  R     FA1D1BWP30P140               1  2.1    28    81     849    (-,-) 
  multip4/mul_14_62_g7055/S                                    -       CI->S  F     FA1D1BWP30P140               1  2.6    28    71     920    (-,-) 
  multip4/mul_14_62_g7021/S                                    -       B->S   R     FA1D1BWP30P140               1  2.7    30    90    1010    (-,-) 
  inverse_row_lane1/csa_tree_ADD_TC_OP_1_groupi_g2149__7410/S  -       A->S   F     FA1D1BWP30P140               1  2.6    28    75    1085    (-,-) 
  inverse_row_lane1/csa_tree_ADD_TC_OP_1_groupi_g2130__6783/CO -       B->CO  F     FA1D1BWP30P140               1  2.1    21    53    1137    (-,-) 
  inverse_row_lane1/csa_tree_ADD_TC_OP_1_groupi_g2129__5526/CO -       CI->CO F     FA1D1BWP30P140               1  2.1    21    43    1181    (-,-) 
  inverse_row_lane1/csa_tree_ADD_TC_OP_1_groupi_g2128__8428/CO -       CI->CO F     FA1D1BWP30P140               1  2.1    21    43    1224    (-,-) 
  inverse_row_lane1/csa_tree_ADD_TC_OP_1_groupi_g2127__4319/CO -       CI->CO F     FA1D1BWP30P140               1  2.1    21    43    1267    (-,-) 
  inverse_row_lane1/csa_tree_ADD_TC_OP_1_groupi_g2126__6260/CO -       CI->CO F     FA1D1BWP30P140               1  2.1    21    43    1310    (-,-) 
  inverse_row_lane1/csa_tree_ADD_TC_OP_1_groupi_g2125__5107/CO -       CI->CO F     FA1D1BWP30P140               1  2.1    21    43    1354    (-,-) 
  inverse_row_lane1/csa_tree_ADD_TC_OP_1_groupi_g2124__2398/CO -       CI->CO F     FA1D1BWP30P140               1  2.1    21    43    1397    (-,-) 
  inverse_row_lane1/csa_tree_ADD_TC_OP_1_groupi_g2123__5477/CO -       CI->CO F     FA1D1BWP30P140               1  2.1    21    43    1440    (-,-) 
  inverse_row_lane1/csa_tree_ADD_TC_OP_1_groupi_g2122__6417/CO -       CI->CO F     FA1D1BWP30P140               1  2.1    21    43    1484    (-,-) 
  inverse_row_lane1/csa_tree_ADD_TC_OP_1_groupi_g2121__7410/CO -       CI->CO F     FA1D1BWP30P140               1  2.1    21    43    1527    (-,-) 
  inverse_row_lane1/csa_tree_ADD_TC_OP_1_groupi_g2120__1666/CO -       CI->CO F     FA1D1BWP30P140               1  2.1    21    43    1570    (-,-) 
  inverse_row_lane1/csa_tree_ADD_TC_OP_1_groupi_g2119__2346/CO -       CI->CO F     FA1D1BWP30P140               1  2.1    21    43    1614    (-,-) 
  inverse_row_lane1/csa_tree_ADD_TC_OP_1_groupi_g2118__2883/CO -       CI->CO F     FA1D1BWP30P140               1  2.1    21    43    1657    (-,-) 
  inverse_row_lane1/csa_tree_ADD_TC_OP_1_groupi_g2117__9945/CO -       CI->CO F     FA1D1BWP30P140               1  2.1    21    43    1700    (-,-) 
  inverse_row_lane1/csa_tree_ADD_TC_OP_1_groupi_g2116__9315/CO -       CI->CO F     FA1D1BWP30P140               1  2.1    21    43    1744    (-,-) 
  inverse_row_lane1/csa_tree_ADD_TC_OP_1_groupi_g2115__6161/S  -       CI->S  R     FA1D1BWP30P140               2  3.3    33    79    1822    (-,-) 
  inverse_row_acc_second/add_73_48_Y_add_80_55_g1164__7098/CO  -       B->CO  R     FA1D1BWP30P140               1  1.3    18    39    1862    (-,-) 
  inverse_row_acc_second/add_73_48_Y_add_80_55_g1163__8246/Z   -       A3->Z  R     XOR3UD1BWP30P140             2  1.9    36    40    1901    (-,-) 
  inverse_row_acc_second/g1528__1617/Z                         -       I0->Z  R     CKMUX2D0BWP30P140            1  1.3    35    38    1939    (-,-) 
  g25820/ZN                                                    -       A1->ZN R     INR2D1BWP30P140              1  1.3    45    31    1970    (-,-) 
  r_output_write_reg[0][19]/D                                  <<<     -      R     DFCNQD1BWP30P140             1    -     -     0    1971    (-,-) 
#----------------------------------------------------------------------------------------------------------------------------------------------------


