============================================================
  Generated by:           Genus(TM) Synthesis Solution 21.12-s068_1
  Generated on:           Jan 27 2026  06:46:29 pm
  Module:                 Conv
  Operating conditions:   ssg0p81v125c 
  Interconnect mode:      global
  Area mode:              physical library
============================================================


Path 1: MET (0 ps) Late External Delay Assertion at pin p_output[0][19]
           View: analysis_view_0p81v_125c_capwst_slowest
          Group: clk
     Startpoint: (R) r_feat_reg[13][1]/CP
          Clock: (R) clk
       Endpoint: (R) p_output[0][19]
          Clock: (R) clk

                     Capture       Launch     
        Clock Edge:+    2000            0     
       Src Latency:+       0            0     
       Net Latency:+       0 (I)        0 (I) 
           Arrival:=    2000            0     
                                              
      Output Delay:-    1000                  
     Required Time:=    1000                  
      Launch Clock:-       0                  
         Data Path:-    1000                  
             Slack:=       0                  

Exceptions/Constraints:
  output_delay             1000            constraints.sdc_line_25_2002_1 

#------------------------------------------------------------------------------------------------------------------------------------------------
#                        Timing Point                          Flags    Arc   Edge        Cell          Fanout Load Trans Delay Arrival Instance 
#                                                                                                              (fF)  (ps)  (ps)   (ps)  Location 
#------------------------------------------------------------------------------------------------------------------------------------------------
  r_feat_reg[13][1]/CP                                         -       -      R     (arrival)              160    -     0     0       0    (-,-) 
  r_feat_reg[13][1]/Q                                          -       CP->Q  F     DFQD2BWP30P140          14 18.7    51    86      86    (-,-) 
  inv/matrix_a1/WALLACE_CSA_DUMMY_OP_groupi570_g2108/Z         -       A1->Z  F     XOR2UD1BWP30P140         2  3.3    52    45     131    (-,-) 
  inv/matrix_a1/WALLACE_CSA_DUMMY_OP_groupi570_g2058/Z         -       A2->Z  F     XOR3D2BWP30P140          1  2.9    16    68     199    (-,-) 
  inv/matrix_a1/WALLACE_CSA_DUMMY_OP_groupi570_g2022/CO        -       CI->CO F     FA1D4BWP30P140           1  2.1    12    30     229    (-,-) 
  inv/matrix_a1/WALLACE_CSA_DUMMY_OP_groupi570_g2006/CO        -       CI->CO F     FA1D1BWP30P140           1  2.1    21    40     269    (-,-) 
  inv/matrix_a1/WALLACE_CSA_DUMMY_OP_groupi570_g1998/CO        -       CI->CO F     FA1D1BWP30P140           2  3.1    26    46     315    (-,-) 
  inv/matrix_a1/WALLACE_CSA_DUMMY_OP_groupi570_g1996/ZN        -       A1->ZN R     AOI21D2BWP30P140         2  3.2    27    24     339    (-,-) 
  inv/matrix_a1/WALLACE_CSA_DUMMY_OP_groupi570_g1994/ZN        -       B->ZN  F     IAO21D2BWP30P140         1  1.8    13    11     350    (-,-) 
  inv/matrix_a1/WALLACE_CSA_DUMMY_OP_groupi570_g1992/ZN        -       A1->ZN R     NR2D2BWP30P140           2  3.2    24    19     369    (-,-) 
  inv/matrix_a1/WALLACE_CSA_DUMMY_OP_groupi570_g1990/ZN        -       B->ZN  F     IAO21D2BWP30P140         1  2.2    14    12     380    (-,-) 
  inv/matrix_a1/WALLACE_CSA_DUMMY_OP_groupi570_g1988/ZN        -       A1->ZN R     NR2D3BWP30P140           2  3.2    18    16     396    (-,-) 
  inv/matrix_a1/WALLACE_CSA_DUMMY_OP_groupi570_g1986/ZN        -       B->ZN  F     IAO21D2BWP30P140         1  1.8    13    10     405    (-,-) 
  inv/matrix_a1/WALLACE_CSA_DUMMY_OP_groupi570_g1984/ZN        -       A1->ZN R     NR2OPTPAD2BWP30P140      2  3.2    17    15     420    (-,-) 
  inv/matrix_a1/WALLACE_CSA_DUMMY_OP_groupi570_g1982/ZN        -       B->ZN  F     IAO21D2BWP30P140         1  2.2    14    10     431    (-,-) 
  inv/matrix_a1/WALLACE_CSA_DUMMY_OP_groupi570_g1980/ZN        -       A1->ZN R     NR2D3BWP30P140           2  2.6    16    14     445    (-,-) 
  inv/matrix_a1/WALLACE_CSA_DUMMY_OP_groupi570_g1979/ZN        -       B->ZN  F     IAO21D0BWP30P140         1  1.8    23    18     463    (-,-) 
  inv/matrix_a1/WALLACE_CSA_DUMMY_OP_groupi570_g1977/ZN        -       A1->ZN R     NR2D2BWP30P140           2  3.2    25    22     484    (-,-) 
  inv/matrix_a1/WALLACE_CSA_DUMMY_OP_groupi570_g1975/ZN        -       B->ZN  F     IAO21D2BWP30P140         1  2.2    14    12     496    (-,-) 
  inv/matrix_a1/WALLACE_CSA_DUMMY_OP_groupi570_g1973/ZN        -       A1->ZN R     NR2D3BWP30P140           2  3.2    18    16     512    (-,-) 
  inv/matrix_a1/WALLACE_CSA_DUMMY_OP_groupi570_g1971/ZN        -       B->ZN  F     IAO21D2BWP30P140         1  1.8    13    10     522    (-,-) 
  inv/matrix_a1/WALLACE_CSA_DUMMY_OP_groupi570_g1969/ZN        -       A1->ZN R     NR2OPTPAD2BWP30P140      2  3.2    17    15     536    (-,-) 
  inv/matrix_a1/WALLACE_CSA_DUMMY_OP_groupi570_g1967/ZN        -       B->ZN  F     IAO21D2BWP30P140         1  2.6    15    11     548    (-,-) 
  inv/matrix_a1/WALLACE_CSA_DUMMY_OP_groupi570_g1965/ZN        -       A1->ZN R     NR2D4BWP30P140           2  4.0    17    15     562    (-,-) 
  inv/matrix_a1/WALLACE_CSA_DUMMY_OP_groupi570_g1964/ZN        -       B->ZN  F     IAO21D4BWP30P140         1  2.6    15     8     571    (-,-) 
  inv/matrix_a1/WALLACE_CSA_DUMMY_OP_groupi570_g1962/ZN        -       A1->ZN R     NR2D4BWP30P140           2  3.2    15    14     584    (-,-) 
  inv/matrix_a1/WALLACE_CSA_DUMMY_OP_groupi570_g1961/ZN        -       B->ZN  F     IAO21D2BWP30P140         1  2.6    15    11     595    (-,-) 
  inv/matrix_a1/WALLACE_CSA_DUMMY_OP_groupi570_g1959/ZN        -       A1->ZN R     NR2D4BWP30P140           2  4.0    17    15     610    (-,-) 
  inv/matrix_a1/WALLACE_CSA_DUMMY_OP_groupi570_g1958/ZN        -       B->ZN  F     IAO21D4BWP30P140         1  2.2    14     8     618    (-,-) 
  inv/matrix_a1/WALLACE_CSA_DUMMY_OP_groupi570_g1956/ZN        -       A1->ZN R     NR2D3BWP30P140           2  3.2    18    16     634    (-,-) 
  inv/matrix_a1/WALLACE_CSA_DUMMY_OP_groupi570_g1955/ZN        -       B->ZN  F     IAO21D2BWP30P140         1  2.2    14    10     644    (-,-) 
  inv/matrix_a1/WALLACE_CSA_DUMMY_OP_groupi570_g1953/ZN        -       A1->ZN R     NR2D3BWP30P140           2  2.6    16    14     658    (-,-) 
  inv/matrix_a1/WALLACE_CSA_DUMMY_OP_groupi570_g1951/ZN        -       A1->ZN F     XNR2D1BWP30P140          2  4.7    29    38     696    (-,-) 
  inv/matrix_a0/WALLACE_CSA_DUMMY_OP_groupi135_cdnfadd_017_0/S -       B->S   R     FA1D1BWP30P140           1  2.6    30    90     786    (-,-) 
  inv/matrix_a0/WALLACE_CSA_DUMMY_OP_groupi135_cdnfadd_017_2/S -       B->S   F     FA1D1BWP30P140           2  2.6    28    73     859    (-,-) 
  inv/matrix_a0/WALLACE_CSA_DUMMY_OP_groupi135_g888/ZN         -       A1->ZN R     NR2D2BWP30P140           3  3.0    25    22     881    (-,-) 
  inv/matrix_a0/WALLACE_CSA_DUMMY_OP_groupi135_g853/ZN         -       A1->ZN F     OAI21D1BWP30P140         1  1.9    33    26     907    (-,-) 
  inv/matrix_a0/WALLACE_CSA_DUMMY_OP_groupi135_g821/ZN         -       B->ZN  R     AOI21D2BWP30P140         2  3.1    27    30     937    (-,-) 
  inv/matrix_a0/WALLACE_CSA_DUMMY_OP_groupi135_g817/ZN         -       A1->ZN F     OAI21D2BWP30P140         1  1.8    24    18     955    (-,-) 
  inv/matrix_a0/WALLACE_CSA_DUMMY_OP_groupi135_g816/ZN         -       A1->ZN R     XNR2D1BWP30P140          1  4.8    31    45    1000    (-,-) 
  p_output[0][19]                                              <<<     -      R     (port)                   -    -     -     0    1000    (-,-) 
#------------------------------------------------------------------------------------------------------------------------------------------------


