============================================================
  Generated by:           Genus(TM) Synthesis Solution 21.12-s068_1
  Generated on:           Oct 06 2026  02:37:04 am
  Module:                 Conv
  Operating conditions:   ssg0p81v125c 
  Interconnect mode:      global
  Area mode:              physical library
============================================================


Path 1: MET (0 ps) Setup Check with Pin r_output_write_reg[3][18]/CP->D
           View: analysis_view_0p81v_125c_capwst_slowest
          Group: clk
     Startpoint: (R) r_input_feat_reg[15][0]/CP
          Clock: (R) clk
       Endpoint: (R) r_output_write_reg[3][18]/D
          Clock: (R) clk

                     Capture       Launch     
        Clock Edge:+    2000            0     
       Src Latency:+       0            0     
       Net Latency:+       0 (I)        0 (I) 
           Arrival:=    2000            0     
                                              
             Setup:-      28                  
     Required Time:=    1972                  
      Launch Clock:-       0                  
         Data Path:-    1972                  
             Slack:=       0                  

#---------------------------------------------------------------------------------------------------------------------------------------
#                  Timing Point                   Flags    Arc   Edge          Cell            Fanout Load Trans Delay Arrival Instance 
#                                                                                                     (fF)  (ps)  (ps)   (ps)  Location 
#---------------------------------------------------------------------------------------------------------------------------------------
  r_input_feat_reg[15][0]/CP                      -       -      R     (arrival)                   20    -     0     0       0    (-,-) 
  r_input_feat_reg[15][0]/Q                       -       CP->Q  F     DFCNQD1BWP30P140             3  2.7    19    66      66    (-,-) 
  trf/matrix_c0/sub_96_27_g1358/ZN                -       A1->ZN F     IND2D1BWP30P140              2  2.8    38    38     104    (-,-) 
  trf/matrix_c0/g1447/CO                          -       CI->CO F     FA1D1BWP30P140               2  2.6    24    51     154    (-,-) 
  trf/matrix_c0/sub_96_27_g1300/ZN                -       A1->ZN R     AOI21D1BWP30P140             2  2.2    36    28     183    (-,-) 
  trf/matrix_c0/sub_96_27_g1299/ZN                -       I->ZN  F     CKND1BWP30P140               1  1.7    20    17     200    (-,-) 
  trf/matrix_c0/sub_96_27_g1297/ZN                -       A1->ZN R     AOI21D2BWP30P140             2  2.7    28    20     220    (-,-) 
  trf/matrix_c0/sub_96_27_g1296/ZN                -       I->ZN  F     CKND1BWP30P140               1  1.3    16    14     234    (-,-) 
  trf/matrix_c0/sub_96_27_g1294/ZN                -       A1->ZN R     AOI21D1BWP30P140             2  2.7    40    29     263    (-,-) 
  trf/matrix_c0/sub_96_27_g1292/Z                 -       A1->Z  R     OA21D1BWP30P140              2  2.7    21    34     297    (-,-) 
  trf/matrix_c0/sub_96_27_g1291/ZN                -       I->ZN  F     CKND1BWP30P140               1  1.6    16    14     311    (-,-) 
  trf/matrix_c0/sub_96_27_g1289/ZN                -       A1->ZN R     AOI21OPTREPBD1BWP30P140      2  2.7    32    23     335    (-,-) 
  trf/matrix_c0/sub_96_27_g1288/ZN                -       I->ZN  F     CKND1BWP30P140               1  1.6    18    16     351    (-,-) 
  trf/matrix_c0/sub_96_27_g1286/ZN                -       A1->ZN R     AOI21OPTREPBD1BWP30P140      2  2.7    32    24     375    (-,-) 
  trf/matrix_c0/sub_96_27_g1285/ZN                -       I->ZN  F     CKND1BWP30P140               1  1.6    18    16     391    (-,-) 
  trf/matrix_c0/sub_96_27_g1283/ZN                -       A1->ZN R     AOI21OPTREPBD1BWP30P140      2  2.6    31    24     415    (-,-) 
  trf/matrix_c0/g1446/ZN                          -       A1->ZN R     IAO21D0BWP30P140             2  2.7    58    52     466    (-,-) 
  trf/matrix_c0/sub_96_27_g1278/Z                 -       A1->Z  R     XOR2UD1BWP30P140             2  2.1    42    33     499    (-,-) 
  trf/matrix_c1/sub_126_27_g1408/ZN               -       A1->ZN R     INR2D1BWP30P140              2  2.2    38    37     536    (-,-) 
  trf/matrix_c1/sub_126_27_g1377/ZN               -       A1->ZN R     IND2D1BWP30P140              1  1.4    20    26     562    (-,-) 
  trf/matrix_c1/sub_126_27_g1347/ZN               -       A2->ZN R     XNR2UD1BWP30P140             9 13.6   206   120     682    (-,-) 
  MULTIP_BLOCK[15].multip/mul_14_62_g7429/ZN      -       A1->ZN F     XNR2UD1BWP30P140             2  2.1    67    31     712    (-,-) 
  MULTIP_BLOCK[15].multip/mul_14_62_g7195/ZN      -       B1->ZN F     MOAI22D1BWP30P140            1  2.1    50    47     759    (-,-) 
  MULTIP_BLOCK[15].multip/mul_14_62_g7091/S       -       CI->S  R     FA1D1BWP30P140               1  2.1    28    84     844    (-,-) 
  MULTIP_BLOCK[15].multip/mul_14_62_g7059/S       -       CI->S  F     FA1D1BWP30P140               1  2.6    28    71     915    (-,-) 
  MULTIP_BLOCK[15].multip/mul_14_62_g7025/CO      -       B->CO  F     FA1D1BWP30P140               1  2.1    21    53     968    (-,-) 
  MULTIP_BLOCK[15].multip/mul_14_62_g7018/CO      -       CI->CO F     FA1D1BWP30P140               1  2.1    21    43    1011    (-,-) 
  MULTIP_BLOCK[15].multip/mul_14_62_g7014/CO      -       CI->CO F     FA1D1BWP30P140               1  2.1    21    43    1054    (-,-) 
  MULTIP_BLOCK[15].multip/mul_14_62_g7012/CO      -       CI->CO F     FA1D1BWP30P140               1  2.1    21    43    1097    (-,-) 
  MULTIP_BLOCK[15].multip/mul_14_62_g7011/CO      -       CI->CO F     FA1D1BWP30P140               1  2.1    21    43    1141    (-,-) 
  MULTIP_BLOCK[15].multip/mul_14_62_g7010/CO      -       CI->CO F     FA1D1BWP30P140               1  2.1    21    43    1184    (-,-) 
  MULTIP_BLOCK[15].multip/mul_14_62_g7009/CO      -       CI->CO F     FA1D1BWP30P140               1  2.1    21    43    1227    (-,-) 
  MULTIP_BLOCK[15].multip/mul_14_62_g7008/CO      -       CI->CO F     FA1D1BWP30P140               1  2.1    21    43    1271    (-,-) 
  MULTIP_BLOCK[15].multip/mul_14_62_g7007/CO      -       CI->CO F     FA1D1BWP30P140               1  2.1    21    43    1314    (-,-) 
  MULTIP_BLOCK[15].multip/mul_14_62_g7006/CO      -       CI->CO F     FA1D1BWP30P140               1  2.1    21    43    1357    (-,-) 
  MULTIP_BLOCK[15].multip/mul_14_62_g7005/CO      -       CI->CO F     FA1D1BWP30P140               1  2.1    21    43    1400    (-,-) 
  MULTIP_BLOCK[15].multip/mul_14_62_g7004/CO      -       CI->CO F     FA1D1BWP30P140               1  2.1    21    43    1444    (-,-) 
  MULTIP_BLOCK[15].multip/mul_14_62_g7003/CO      -       CI->CO F     FA1D1BWP30P140               1  2.1    21    43    1487    (-,-) 
  MULTIP_BLOCK[15].multip/mul_14_62_g7002/CO      -       CI->CO F     FA1D1BWP30P140               1  2.1    21    43    1530    (-,-) 
  MULTIP_BLOCK[15].multip/mul_14_62_g7001/CO      -       CI->CO F     FA1D1BWP30P140               1  2.1    21    43    1574    (-,-) 
  MULTIP_BLOCK[15].multip/mul_14_62_g7000/S       -       CI->S  R     FA1D1BWP30P140               1  2.6    30    76    1650    (-,-) 
  inv/matrix_a1/csa_tree_SUB_TC_OP_groupi_g2314/S -       B->S   F     FA1D1BWP30P140               1  2.6    28    73    1723    (-,-) 
  inv/matrix_a1/csa_tree_SUB_TC_OP_groupi_g2287/S -       B->S   R     FA1D1BWP30P140               1  2.7    30    90    1813    (-,-) 
  inv/matrix_a0/csa_tree_SUB_TC_OP_groupi_g2221/S -       A->S   F     FA1D1BWP30P140               1  2.6    28    75    1888    (-,-) 
  inv/matrix_a0/csa_tree_SUB_TC_OP_groupi_g2194/S -       B->S   R     FA1D1BWP30P140               1  1.3    23    84    1972    (-,-) 
  r_output_write_reg[3][18]/D                     <<<     -      R     DFKCNQD1BWP30P140            1    -     -     0    1972    (-,-) 
#---------------------------------------------------------------------------------------------------------------------------------------


