============================================================
  Generated by:           Genus(TM) Synthesis Solution 21.12-s068_1
  Generated on:           Oct 08 2026  11:20:38 pm
  Module:                 Conv
  Library domain:         timing_cond_0p81v_125c
    Domain index:         0
    Technology library:   tcbn28hpcplusbwp30p140ssg0p81v125c 110
  Operating conditions:   ssg0p81v125c 
  Interconnect mode:      global
  Area mode:              physical library
============================================================

        Instance                   Module           Cell Count  Cell Area  Net Area   Total Area 
-------------------------------------------------------------------------------------------------
Conv                                                      8887  10810.044  4276.077    15086.121 
  inverse_row_acc        InverseRowAccumulate              190    211.176    46.906      258.082 
  inverse_row_acc_second InverseRowAccumulate_347          128    151.452    27.644      179.096 
  inverse_row_current    InverseRow                         77    134.568    25.982      160.550 
  inverse_row_lane1      InverseRow_346                     77    134.568    25.982      160.550 
  multip0                Multip                            416    428.022   170.670      598.692 
  multip1                Multip_354                        416    428.022   170.670      598.692 
  multip2                Multip_353                        416    428.022   170.670      598.692 
  multip3                Multip_352                        416    428.022   170.670      598.692 
  multip4                Multip_351                        416    428.022   170.670      598.692 
  multip5                Multip_350                        416    428.022   170.670      598.692 
  multip6                Multip_349                        416    428.022   170.670      598.692 
  multip7                Multip_348                        416    428.022   170.670      598.692 
  trf                    Transform                         776   1111.572   292.404     1403.976 
    matrix_c0            MatrixC0                          388    556.164   101.133      657.297 
    matrix_c1            MatrixC1                          388    555.408   101.133      656.541 
  weight_trf_row0        WeightTransformRowConst           221    205.002    61.866      266.868 
  weight_trf_row1        WeightTransformRowConst_0         390    545.328   152.715      698.043 
  weight_trf_row2        WeightTransformRowConst_1         408    525.042   159.235      684.277 
  weight_trf_row3        WeightTransformRowConst_2         181    187.740    50.288      238.028 
