xrun(64): 23.03-s003: (c) Copyright 1995-2023 Cadence Design Systems, Inc.
TOOL:	xrun(64)	23.03-s003: Started on Sep 28, 2026 at 15:05:14 -03
xrun
	-64bit
	-sv
	-access +r
	-cdslib /tmp/fastconv-stream08-49e2a22b/rtl/conv2x2/fpga_zcu104/stream08_pipeline_campaign/reports/simlibs_unisim/cds.lib
	-hdlvar /tmp/fastconv-stream08-49e2a22b/rtl/conv2x2/fpga_zcu104/stream08_pipeline_campaign/reports/simlibs_unisim/hdl.var
	-reflib /tmp/fastconv-stream08-49e2a22b/rtl/conv2x2/fpga_zcu104/stream08_pipeline_campaign/reports/simlibs_unisim/unisims_ver:unisims_ver
	-define GATE_LEVEL
	-top tb_power
	-top glbl
	-timescale 1ns/1ps
	-input /tmp/fastconv-stream08-49e2a22b/rtl/conv2x2/fpga_zcu104/column_power_comparison/scripts/capture_dut_saif.tcl
	-l xrun.log
	/tmp/fastconv-stream08-49e2a22b/rtl/conv2x2/pack-param/tcn4/pack_param.sv
	/tmp/fastconv-stream08-49e2a22b/rtl/conv2x2/data/tcn4/sim/sim-032-3-3-normal/pack_data.sv
	/tmp/fastconv-stream08-49e2a22b/rtl/mem/mem.sv
	/tmp/fastconv-stream08-49e2a22b/rtl/conv2x2/fpga_zcu104/stream08_pipeline_campaign/reports/rowconst4/design_routed_funcsim.v
	/soft64/xilinx/ferramentas/Vivado/2023.2/Vivado/2023.2/data/verilog/src/glbl.v
	/tmp/fastconv-stream08-49e2a22b/rtl/conv2x2/fpga_zcu104/column_power_comparison/tb/tb_power.sv
file: /tmp/fastconv-stream08-49e2a22b/rtl/conv2x2/pack-param/tcn4/pack_param.sv
	package worklib.pack_param:sv
		errors: 0, warnings: 0
file: /tmp/fastconv-stream08-49e2a22b/rtl/conv2x2/data/tcn4/sim/sim-032-3-3-normal/pack_data.sv
	package worklib.pack_data:sv
		errors: 0, warnings: 0
file: /tmp/fastconv-stream08-49e2a22b/rtl/mem/mem.sv
	module worklib.Memory:sv
		errors: 0, warnings: 0
file: /tmp/fastconv-stream08-49e2a22b/rtl/conv2x2/fpga_zcu104/stream08_pipeline_campaign/reports/rowconst4/design_routed_funcsim.v
	module worklib.Conv:v
		errors: 0, warnings: 0
	module worklib.MatrixC0:v
		errors: 0, warnings: 0
	module worklib.MatrixC1:v
		errors: 0, warnings: 0
	module worklib.Multip:v
		errors: 0, warnings: 0
	module worklib.Multip_0:v
		errors: 0, warnings: 0
	module worklib.Multip_1:v
		errors: 0, warnings: 0
	module worklib.Multip_2:v
		errors: 0, warnings: 0
	module worklib.Multip_3:v
		errors: 0, warnings: 0
	module worklib.Multip_4:v
		errors: 0, warnings: 0
	module worklib.Multip_5:v
		errors: 0, warnings: 0
	module worklib.Multip_6:v
		errors: 0, warnings: 0
	module worklib.Transform:v
		errors: 0, warnings: 0
	module worklib.WeightTransformRowConst:v
		errors: 0, warnings: 0
	module worklib.WeightTransformRowConst__parameterized0:v
		errors: 0, warnings: 0
	module worklib.WeightTransformRowConst__parameterized1:v
		errors: 0, warnings: 0
	module worklib.WeightTransformRowConst__parameterized2:v
		errors: 0, warnings: 0
	module worklib.glbl:v
		errors: 0, warnings: 0
file: /soft64/xilinx/ferramentas/Vivado/2023.2/Vivado/2023.2/data/verilog/src/glbl.v
file: /tmp/fastconv-stream08-49e2a22b/rtl/conv2x2/fpga_zcu104/column_power_comparison/tb/tb_power.sv
	module worklib.tb_power:sv
		errors: 0, warnings: 0
	Elaborating the design hierarchy:
		Caching library 'worklib' ....... Done
		Caching library 'unisims_ver' ....... Done
xmelab: *W,CUSRCH: Resolved design unit 'BUFGCE' at 'clk_IBUF_BUFG_inst' to 'unisims_ver.BUFGCE:module' through a global search of all libraries.
xmelab: *W,CUSRCH: Resolved design unit 'IBUF' at 'clk_IBUF_inst' to 'unisims_ver.IBUF:module' through a global search of all libraries.
xmelab: *W,CUSRCH: Resolved design unit 'LUT2' at 'i__carry__0_i_1__20' to 'unisims_ver.LUT2:module' through a global search of all libraries.
xmelab: *W,CUSRCH: Resolved design unit 'x_lut2_mux4' at '' to 'unisims_ver.x_lut2_mux4:udp' through a global search of all libraries.
xmelab: *W,CUSRCH: Resolved design unit 'DSP48E2' at 'partial_product' to 'unisims_ver.DSP48E2:module' through a global search of all libraries.
xmelab: *W,CUSRCH: Resolved design unit 'CARRY8' at 'partial_product__0_carry' to 'unisims_ver.CARRY8:module' through a global search of all libraries.
xmelab: *W,CUSRCH: Resolved design unit 'LUT6' at 'partial_product__0_carry__0_i_1__3' to 'unisims_ver.LUT6:module' through a global search of all libraries.
xmelab: *W,CUSRCH: Resolved design unit 'LUT3' at 'partial_product__0_carry__0_i_3__3' to 'unisims_ver.LUT3:module' through a global search of all libraries.
xmelab: *W,CUSRCH: Resolved design unit 'x_lut3_mux8' at '' to 'unisims_ver.x_lut3_mux8:udp' through a global search of all libraries.
xmelab: *W,CUSRCH: Resolved design unit 'LUT5' at 'partial_product__0_carry__0_i_7__3' to 'unisims_ver.LUT5:module' through a global search of all libraries.
xmelab: *W,CUSRCH: Resolved design unit 'LUT4' at 'partial_product__0_carry_i_14__3' to 'unisims_ver.LUT4:module' through a global search of all libraries.
xmelab: *W,CUSRCH: Resolved design unit 'OBUF' at 'p_end_OBUF_inst' to 'unisims_ver.OBUF:module' through a global search of all libraries.
xmelab: *W,CUSRCH: Resolved design unit 'FDCE' at 'r_conv_multiply_count_reg[0]' to 'unisims_ver.FDCE:module' through a global search of all libraries.
xmelab: *W,CUSRCH: Resolved design unit 'LUT1' at 'r_input_addr_count[0]_i_1' to 'unisims_ver.LUT1:module' through a global search of all libraries.
xmelab: *W,CUSRCH: Resolved design unit 'x_lut1_mux2' at '' to 'unisims_ver.x_lut1_mux2:udp' through a global search of all libraries.
xmelab: *W,CUSRCH: Resolved design unit 'FDPE' at 'r_input_channel_counter_input_reg[0]' to 'unisims_ver.FDPE:module' through a global search of all libraries.
xmelab: *W,CUSRCH: Resolved design unit 'FDRE' at 'r_output_read_reg[0][0]' to 'unisims_ver.FDRE:module' through a global search of all libraries.
	Top level design units:
		pack_data
		pack_param
		tb_power
		glbl
	Building instance overlay tables: .................... Done
	Generating native compiled code:
		worklib.Memory:sv <0x4d3301c1>
			streams:   7, words:  3545
		worklib.Memory:sv <0x5ce70ee6>
			streams:   6, words:  2805
		worklib.WeightTransformRowConst__parameterized2:v <0x19d823b3>
			streams:  19, words:  4167
		worklib.WeightTransformRowConst__parameterized1:v <0x047ca9ec>
			streams:  45, words: 11389
		worklib.WeightTransformRowConst__parameterized0:v <0x011a96f4>
			streams:  43, words: 10839
		worklib.WeightTransformRowConst:v <0x6a08ad35>
			streams:  25, words:  5573
		worklib.MatrixC1:v <0x3fdf1da1>
			streams:  40, words:  9104
		worklib.MatrixC0:v <0x0d48ac19>
			streams:  24, words:  5274
		worklib.Transform:v <0x6a7eb9c9>
			streams:   0, words:     0
		worklib.Multip_6:v <0x460cceff>
			streams:   5, words:  1698
		worklib.Multip_5:v <0x5bc2a6d3>
			streams:   7, words:  2179
		worklib.Multip_4:v <0x7b6e3c00>
			streams:   7, words:  2179
		worklib.Multip_3:v <0x49787352>
			streams:   5, words:  1698
		worklib.Multip_2:v <0x453056ce>
			streams:   5, words:  1698
		worklib.Multip_1:v <0x37266307>
			streams:   7, words:  2179
		worklib.Multip_0:v <0x79a55314>
			streams:   7, words:  2179
		worklib.Multip:v <0x0d42b9f5>
			streams:   5, words:  1698
		worklib.Conv:v <0x0c9d80a2>
			streams:  22, words:  5031
		worklib.tb_power:sv <0x601afd75>
			streams:  36, words: 17834
		worklib.pack_data:sv <0x380ff8f7>
			streams:   5, words:  3736
		worklib.pack_param:sv <0x58603bfe>
			streams:   1, words:   708
		worklib.glbl:v <0x3a6ea307>
			streams:  12, words:  3717
		unisims_ver.LUT6:module <0x08e38ed9>
			streams:   4, words: 36075
		unisims_ver.LUT6:module <0x6b475a3f>
			streams:   4, words: 36075
		unisims_ver.LUT5:module <0x6d922815>
			streams:   5, words: 20992
		unisims_ver.LUT6:module <0x68a2d7bc>
			streams:   4, words: 36075
		unisims_ver.LUT4:module <0x3b706785>
			streams:   4, words:  9137
		unisims_ver.LUT6:module <0x6c260276>
			streams:   4, words: 36075
		unisims_ver.LUT5:module <0x6bda9615>
			streams:   5, words: 20986
		unisims_ver.LUT3:module <0x222814f7>
			streams:   2, words:   879
		unisims_ver.LUT6:module <0x0cb76b3f>
			streams:   4, words: 36049
		unisims_ver.LUT6:module <0x64fa9ab3>
			streams:   4, words: 36075
		unisims_ver.LUT6:module <0x6572967b>
			streams:   4, words: 36075
		unisims_ver.LUT6:module <0x50cce9b3>
			streams:   4, words: 36075
		unisims_ver.LUT6:module <0x66319cf5>
			streams:   4, words: 36075
		unisims_ver.LUT5:module <0x6ac3399f>
			streams:   5, words: 20992
		unisims_ver.LUT6:module <0x41524168>
			streams:   4, words: 36075
		unisims_ver.LUT6:module <0x343e3512>
			streams:   4, words: 36075
		unisims_ver.LUT5:module <0x7c91193f>
			streams:   5, words: 20992
		unisims_ver.LUT5:module <0x07aca666>
			streams:   5, words: 20986
		unisims_ver.LUT6:module <0x2baeefb2>
			streams:   4, words: 36075
		unisims_ver.LUT6:module <0x0c548161>
			streams:   4, words: 36075
		unisims_ver.LUT5:module <0x6447159b>
			streams:   5, words: 20992
		unisims_ver.LUT4:module <0x79bc68e6>
			streams:   4, words:  9137
		unisims_ver.LUT6:module <0x6b4a161c>
			streams:   4, words: 36075
		unisims_ver.LUT6:module <0x445d7e6a>
			streams:   4, words: 36075
		unisims_ver.LUT6:module <0x52f5c454>
			streams:   4, words: 36061
		unisims_ver.LUT5:module <0x55088a67>
			streams:   5, words: 20992
		unisims_ver.LUT6:module <0x1b6759d2>
			streams:   4, words: 36075
		unisims_ver.LUT6:module <0x31c3ae6a>
			streams:   4, words: 36075
		unisims_ver.LUT5:module <0x093294a8>
			streams:   5, words: 20986
		unisims_ver.LUT6:module <0x69a50174>
			streams:   4, words: 36075
		unisims_ver.LUT6:module <0x065109fe>
			streams:   4, words: 36075
		unisims_ver.LUT5:module <0x2521bdd0>
			streams:   5, words: 20986
		unisims_ver.LUT6:module <0x0bb1bb80>
			streams:   4, words: 36075
		unisims_ver.LUT4:module <0x56df4d97>
			streams:   4, words:  9137
		unisims_ver.LUT6:module <0x2266afd0>
			streams:   4, words: 36075
		unisims_ver.LUT6:module <0x607f9cb3>
			streams:   4, words: 36075
		unisims_ver.LUT6:module <0x2867dc44>
			streams:   4, words: 36075
		unisims_ver.LUT6:module <0x644d51ca>
			streams:   4, words: 36075
		unisims_ver.LUT3:module <0x6f6ee6bd>
			streams:   2, words:   902
		unisims_ver.LUT3:module <0x1486d5a7>
			streams:   2, words:   883
		unisims_ver.LUT4:module <0x5bbf339d>
			streams:   4, words:  9137
		unisims_ver.LUT3:module <0x4d2b9f66>
			streams:   2, words:   891
		unisims_ver.LUT6:module <0x70487b8f>
			streams:   4, words: 36075
		unisims_ver.LUT5:module <0x196dfd11>
			streams:   5, words: 20986
		unisims_ver.LUT5:module <0x78751928>
			streams:   5, words: 20992
		unisims_ver.LUT6:module <0x2d97f254>
			streams:   4, words: 36075
		unisims_ver.LUT6:module <0x7ebcd775>
			streams:   4, words: 36075
		unisims_ver.LUT3:module <0x38995e73>
			streams:   2, words:   903
		unisims_ver.LUT6:module <0x253b3222>
			streams:   4, words: 36075
		unisims_ver.LUT5:module <0x754898d3>
			streams:   5, words: 20992
		unisims_ver.LUT6:module <0x0e44c238>
			streams:   4, words: 36075
		unisims_ver.LUT6:module <0x7012129b>
			streams:   4, words: 36075
		unisims_ver.LUT5:module <0x789d4077>
			streams:   5, words: 20992
		unisims_ver.LUT6:module <0x2e9e6360>
			streams:   4, words: 36075
		unisims_ver.LUT6:module <0x4d78afe6>
			streams:   4, words: 36075
		unisims_ver.LUT6:module <0x4ac3a46f>
			streams:   4, words: 36075
		unisims_ver.LUT6:module <0x2c690a4c>
			streams:   4, words: 36075
		unisims_ver.LUT6:module <0x1c4ad31a>
			streams:   4, words: 36061
		unisims_ver.LUT6:module <0x5ce6acbf>
			streams:   4, words: 36061
		unisims_ver.LUT3:module <0x5560ff8b>
			streams:   2, words:   895
		unisims_ver.LUT6:module <0x3a43179c>
			streams:   4, words: 36075
		unisims_ver.LUT5:module <0x7983f428>
			streams:   5, words: 20986
		unisims_ver.LUT5:module <0x7157f32d>
			streams:   5, words: 20986
		unisims_ver.LUT6:module <0x1b62b3e4>
			streams:   4, words: 36075
		unisims_ver.LUT6:module <0x1b261ee9>
			streams:   4, words: 36075
		unisims_ver.LUT6:module <0x0a370500>
			streams:   4, words: 36075
		unisims_ver.LUT3:module <0x0ccdb54a>
			streams:   2, words:   887
		unisims_ver.LUT4:module <0x74e011d1>
			streams:   4, words:  9137
		unisims_ver.LUT6:module <0x241bdeeb>
			streams:   4, words: 36075
		unisims_ver.LUT6:module <0x026452a7>
			streams:   4, words: 36075
		unisims_ver.LUT5:module <0x1412a482>
			streams:   5, words: 20986
		unisims_ver.LUT5:module <0x0c7dcb8c>
			streams:   5, words: 20986
		unisims_ver.LUT6:module <0x24c0b10e>
			streams:   4, words: 36075
		unisims_ver.LUT5:module <0x1a209d96>
			streams:   5, words: 20986
		unisims_ver.LUT5:module <0x0c2f5cfa>
			streams:   5, words: 20986
		unisims_ver.LUT5:module <0x55c8ee94>
			streams:   5, words: 20986
		unisims_ver.LUT5:module <0x17427fe2>
			streams:   5, words: 20986
		unisims_ver.LUT6:module <0x04be1e96>
			streams:   4, words: 36075
		unisims_ver.LUT6:module <0x4f5449e8>
			streams:   4, words: 36075
		unisims_ver.LUT6:module <0x397d71c0>
			streams:   4, words: 36075
		unisims_ver.LUT6:module <0x558d24fd>
			streams:   4, words: 36061
		unisims_ver.LUT5:module <0x6c5821c2>
			streams:   5, words: 20986
		unisims_ver.LUT5:module <0x21bbbaf2>
			streams:   5, words: 20986
		unisims_ver.LUT6:module <0x06f826da>
			streams:   4, words: 36052
		unisims_ver.LUT5:module <0x0688873a>
			streams:   5, words: 20986
		unisims_ver.LUT5:module <0x65552902>
			streams:   5, words: 20992
		unisims_ver.LUT6:module <0x3222e423>
			streams:   4, words: 36075
		unisims_ver.LUT6:module <0x0a2b2eea>
			streams:   4, words: 36075
		unisims_ver.LUT3:module <0x61f05e7a>
			streams:   2, words:   902
		unisims_ver.LUT6:module <0x18aeaeef>
			streams:   4, words: 36075
		unisims_ver.LUT3:module <0x0b078139>
			streams:   2, words:   894
		unisims_ver.LUT3:module <0x604465fa>
			streams:   2, words:   894
		unisims_ver.LUT4:module <0x25f4a919>
			streams:   4, words:  9137
		unisims_ver.LUT3:module <0x4c9fa4e6>
			streams:   2, words:   899
		unisims_ver.LUT3:module <0x3bd74f9a>
			streams:   2, words:   883
		unisims_ver.LUT3:module <0x28f6c362>
			streams:   2, words:   891
		unisims_ver.LUT6:module <0x5c449b03>
			streams:   4, words: 36075
		unisims_ver.LUT3:module <0x042d027e>
			streams:   2, words:   902
		unisims_ver.LUT3:module <0x26687ba5>
			streams:   2, words:   891
		unisims_ver.LUT4:module <0x63e50c80>
			streams:   4, words:  9137
		unisims_ver.LUT3:module <0x0dbdc402>
			streams:   2, words:   894
		unisims_ver.CARRY8:module <0x0fd51665>
			streams:  14, words:  6655
		unisims_ver.CARRY8:module <0x1ff595ff>
			streams:  14, words:  6484
		unisims_ver.LUT6:module <0x363606dd>
			streams:   4, words: 36061
		unisims_ver.LUT4:module <0x5aa5c798>
			streams:   4, words:  9137
		unisims_ver.LUT5:module <0x783de368>
			streams:   5, words: 20986
		unisims_ver.LUT4:module <0x62ecb8af>
			streams:   4, words:  9134
		unisims_ver.LUT4:module <0x5ab687b2>
			streams:   4, words:  9137
		unisims_ver.LUT6:module <0x6fe2af06>
			streams:   4, words: 36075
		unisims_ver.LUT6:module <0x01d46483>
			streams:   4, words: 36049
		unisims_ver.LUT6:module <0x08756d71>
			streams:   4, words: 36075
		unisims_ver.LUT6:module <0x7a57ab05>
			streams:   4, words: 36075
		unisims_ver.LUT6:module <0x2537ace5>
			streams:   4, words: 36061
		unisims_ver.LUT6:module <0x7b966280>
			streams:   4, words: 36075
		unisims_ver.LUT5:module <0x4b06e9b1>
			streams:   5, words: 20992
		unisims_ver.LUT4:module <0x11549dcc>
			streams:   4, words:  9137
		unisims_ver.LUT4:module <0x0e9ecf68>
			streams:   4, words:  9137
		unisims_ver.LUT6:module <0x77cde12f>
			streams:   4, words: 36075
		unisims_ver.LUT3:module <0x7655f718>
			streams:   2, words:   891
		unisims_ver.LUT4:module <0x557e81ac>
			streams:   4, words:  9137
		unisims_ver.LUT3:module <0x2c72e6f8>
			streams:   2, words:   894
		unisims_ver.CARRY8:module <0x404e68ba>
			streams:  14, words:  6691
		unisims_ver.LUT4:module <0x6d24beb1>
			streams:   4, words:  9137
		unisims_ver.LUT6:module <0x1f0b38ea>
			streams:   4, words: 36075
		unisims_ver.LUT5:module <0x3f401ed8>
			streams:   5, words: 20986
		unisims_ver.LUT4:module <0x67fb5e7f>
			streams:   4, words:  9137
		unisims_ver.LUT6:module <0x413859e8>
			streams:   4, words: 36075
		unisims_ver.LUT6:module <0x3d4484af>
			streams:   4, words: 36075
		unisims_ver.LUT4:module <0x70039ef9>
			streams:   4, words:  9137
		unisims_ver.LUT6:module <0x7fe043d7>
			streams:   4, words: 36075
		unisims_ver.LUT6:module <0x0c513404>
			streams:   4, words: 36075
		unisims_ver.LUT6:module <0x0698d6fb>
			streams:   4, words: 36075
		unisims_ver.LUT6:module <0x159ea5c6>
			streams:   4, words: 36075
		unisims_ver.LUT6:module <0x655a133d>
			streams:   4, words: 36075
		unisims_ver.LUT6:module <0x260cf225>
			streams:   4, words: 36075
		unisims_ver.LUT6:module <0x1e23ebdc>
			streams:   4, words: 36075
		unisims_ver.LUT6:module <0x52135134>
			streams:   4, words: 36075
		unisims_ver.LUT6:module <0x7319683c>
			streams:   4, words: 36075
		unisims_ver.LUT5:module <0x25888d63>
			streams:   5, words: 20983
		unisims_ver.LUT6:module <0x7e9942e9>
			streams:   4, words: 36075
		unisims_ver.LUT6:module <0x0d84d7c9>
			streams:   4, words: 36075
		unisims_ver.LUT6:module <0x74823a34>
			streams:   4, words: 36075
		unisims_ver.LUT4:module <0x5d3b8369>
			streams:   4, words:  9137
		unisims_ver.LUT6:module <0x43bd35a7>
			streams:   4, words: 36061
		unisims_ver.LUT6:module <0x47b9acd9>
			streams:   4, words: 36075
		unisims_ver.LUT6:module <0x421b5d82>
			streams:   4, words: 36075
		unisims_ver.LUT6:module <0x3e2797b6>
			streams:   4, words: 36075
		unisims_ver.LUT4:module <0x47381210>
			streams:   4, words:  9137
		unisims_ver.LUT6:module <0x7b822bb1>
			streams:   4, words: 36075
		unisims_ver.LUT6:module <0x5bf1af5d>
			streams:   4, words: 36075
		unisims_ver.LUT5:module <0x03313234>
			streams:   5, words: 20986
		unisims_ver.LUT6:module <0x14ca2675>
			streams:   4, words: 36075
		unisims_ver.LUT4:module <0x53f2df40>
			streams:   4, words:  9137
		unisims_ver.LUT6:module <0x6c39bb21>
			streams:   4, words: 36075
		unisims_ver.LUT4:module <0x77ca5fb4>
			streams:   4, words:  9137
		unisims_ver.LUT6:module <0x578530d6>
			streams:   4, words: 36075
		unisims_ver.LUT4:module <0x3699385d>
			streams:   4, words:  9137
		unisims_ver.LUT6:module <0x2301625d>
			streams:   4, words: 36061
		unisims_ver.LUT6:module <0x4193b165>
			streams:   4, words: 36061
		unisims_ver.LUT6:module <0x1b19e732>
			streams:   4, words: 36061
		unisims_ver.LUT6:module <0x69ba10ab>
			streams:   4, words: 36061
		unisims_ver.LUT6:module <0x788d6fd6>
			streams:   4, words: 36052
		unisims_ver.LUT6:module <0x7295f5a7>
			streams:   4, words: 36052
		unisims_ver.LUT6:module <0x5f9dec21>
			streams:   4, words: 36052
		unisims_ver.LUT5:module <0x5d024e40>
			streams:   5, words: 20986
		unisims_ver.LUT5:module <0x22e54bff>
			streams:   5, words: 20986
		unisims_ver.LUT6:module <0x259d6c94>
			streams:   4, words: 36075
		unisims_ver.LUT3:module <0x414f0dc8>
			streams:   2, words:   887
		unisims_ver.LUT6:module <0x65595504>
			streams:   4, words: 36075
		unisims_ver.LUT5:module <0x7bb76816>
			streams:   5, words: 20992
		unisims_ver.LUT3:module <0x2cb6ac30>
			streams:   2, words:   887
		unisims_ver.LUT5:module <0x632bd58f>
			streams:   5, words: 20992
		unisims_ver.LUT2:module <0x7b57d4a1>
			streams:   2, words:   598
		unisims_ver.LUT4:module <0x75ec3b45>
			streams:   4, words:  9137
		unisims_ver.LUT4:module <0x2eb2d194>
			streams:   4, words:  9137
		unisims_ver.LUT3:module <0x7b4114fe>
			streams:   2, words:   894
		unisims_ver.LUT4:module <0x75120b13>
			streams:   4, words:  9137
		unisims_ver.LUT5:module <0x719e2be1>
			streams:   5, words: 20992
		unisims_ver.LUT5:module <0x352d2384>
			streams:   5, words: 20986
		unisims_ver.LUT5:module <0x290147fc>
			streams:   5, words: 20986
		unisims_ver.LUT5:module <0x63c28cc8>
			streams:   5, words: 20986
		unisims_ver.LUT3:module <0x4fd1b50f>
			streams:   2, words:   879
		unisims_ver.LUT4:module <0x33476b1c>
			streams:   4, words:  9137
		unisims_ver.LUT4:module <0x6561bc74>
			streams:   4, words:  9137
		unisims_ver.FDRE:module <0x47e8d405>
			streams:   9, words:  3925
		unisims_ver.LUT5:module <0x7bf6f20c>
			streams:   5, words: 20986
		unisims_ver.LUT4:module <0x1ffc8f93>
			streams:   4, words:  9137
		unisims_ver.LUT5:module <0x02472442>
			streams:   5, words: 20986
		unisims_ver.LUT6:module <0x2a8b10b4>
			streams:   4, words: 36061
		unisims_ver.LUT6:module <0x5f8ed60d>
			streams:   4, words: 36061
		unisims_ver.LUT6:module <0x3c743583>
			streams:   4, words: 36049
		unisims_ver.LUT4:module <0x33c33a6d>
			streams:   4, words:  9137
		unisims_ver.LUT5:module <0x432a387a>
			streams:   5, words: 20986
		unisims_ver.LUT6:module <0x4c479e51>
			streams:   4, words: 36061
		unisims_ver.LUT4:module <0x27854854>
			streams:   4, words:  9137
		unisims_ver.LUT5:module <0x741fd0aa>
			streams:   5, words: 20986
		unisims_ver.LUT5:module <0x21cdd6a2>
			streams:   5, words: 20986
		unisims_ver.LUT6:module <0x07d67c32>
			streams:   4, words: 36075
		unisims_ver.LUT5:module <0x7b4cbd6e>
			streams:   5, words: 20986
		unisims_ver.LUT4:module <0x5c5e0993>
			streams:   4, words:  9137
		unisims_ver.LUT5:module <0x4c582b78>
			streams:   5, words: 20992
		unisims_ver.LUT5:module <0x4903ac9a>
			streams:   5, words: 20986
		unisims_ver.LUT6:module <0x15d0c98d>
			streams:   4, words: 36075
		unisims_ver.LUT6:module <0x2f158a3d>
			streams:   4, words: 36075
		unisims_ver.LUT5:module <0x16118c9b>
			streams:   5, words: 20986
		unisims_ver.LUT5:module <0x10cb8ae6>
			streams:   5, words: 20986
		unisims_ver.LUT6:module <0x2d82c0aa>
			streams:   4, words: 36075
		unisims_ver.LUT6:module <0x76eed69c>
			streams:   4, words: 36075
		unisims_ver.LUT5:module <0x714f010f>
			streams:   5, words: 20986
		unisims_ver.LUT6:module <0x1874fd8f>
			streams:   4, words: 36075
		unisims_ver.LUT5:module <0x40e968f9>
			streams:   5, words: 20986
		unisims_ver.LUT4:module <0x033a7450>
			streams:   4, words:  9137
		unisims_ver.LUT5:module <0x6dc16403>
			streams:   5, words: 20986
		unisims_ver.LUT5:module <0x27160f40>
			streams:   5, words: 20986
		unisims_ver.LUT6:module <0x0b6121b1>
			streams:   4, words: 36052
		unisims_ver.LUT4:module <0x284a737d>
			streams:   4, words:  9137
		unisims_ver.LUT5:module <0x6b9d7eb7>
			streams:   5, words: 20983
		unisims_ver.LUT6:module <0x61745ef4>
			streams:   4, words: 36061
		unisims_ver.LUT3:module <0x6910e94e>
			streams:   2, words:   887
		unisims_ver.LUT5:module <0x6edb5cfd>
			streams:   5, words: 20986
		unisims_ver.LUT5:module <0x006bb2a7>
			streams:   5, words: 20986
		unisims_ver.LUT6:module <0x4e4063f4>
			streams:   4, words: 36075
		unisims_ver.LUT5:module <0x6407cfba>
			streams:   5, words: 20986
		unisims_ver.LUT5:module <0x23d41805>
			streams:   5, words: 20986
		unisims_ver.LUT4:module <0x4a46ddf0>
			streams:   4, words:  9137
		unisims_ver.LUT3:module <0x16b8b506>
			streams:   2, words:   886
		unisims_ver.LUT6:module <0x4c0bf460>
			streams:   4, words: 36075
		unisims_ver.LUT5:module <0x63391a6f>
			streams:   5, words: 20986
		unisims_ver.LUT4:module <0x2e938ac2>
			streams:   4, words:  9134
		unisims_ver.LUT5:module <0x1267ce0d>
			streams:   5, words: 20986
		unisims_ver.LUT4:module <0x79d62509>
			streams:   4, words:  9134
		unisims_ver.LUT4:module <0x5a356a97>
			streams:   4, words:  9134
		unisims_ver.LUT5:module <0x6f429fe8>
			streams:   5, words: 20986
		unisims_ver.LUT4:module <0x42744fd2>
			streams:   4, words:  9137
		unisims_ver.LUT6:module <0x2733f766>
			streams:   4, words: 36075
		unisims_ver.LUT5:module <0x3155fd55>
			streams:   5, words: 20986
		unisims_ver.LUT4:module <0x14c235b5>
			streams:   4, words:  9137
		unisims_ver.LUT3:module <0x34fdccdd>
			streams:   2, words:   883
		unisims_ver.LUT2:module <0x7f9ee439>
			streams:   2, words:   602
		unisims_ver.LUT3:module <0x7691bdd0>
			streams:   2, words:   898
		unisims_ver.LUT4:module <0x7f622d0d>
			streams:   4, words:  9134
		unisims_ver.LUT5:module <0x5005fcde>
			streams:   5, words: 20983
		unisims_ver.LUT5:module <0x48105e08>
			streams:   5, words: 20986
		unisims_ver.LUT5:module <0x69379ff3>
			streams:   5, words: 20986
		unisims_ver.LUT6:module <0x5047106a>
			streams:   4, words: 36075
		unisims_ver.LUT6:module <0x14d002a9>
			streams:   4, words: 36075
		unisims_ver.LUT5:module <0x3b19203d>
			streams:   5, words: 20986
		unisims_ver.LUT6:module <0x0cdd2b25>
			streams:   4, words: 36075
		unisims_ver.LUT6:module <0x2a733937>
			streams:   4, words: 36052
		unisims_ver.LUT6:module <0x78a64664>
			streams:   4, words: 36052
		unisims_ver.LUT4:module <0x419c36dc>
			streams:   4, words:  9134
		unisims_ver.LUT5:module <0x0d0eff20>
			streams:   5, words: 20992
		unisims_ver.LUT5:module <0x74d6d369>
			streams:   5, words: 20986
		unisims_ver.LUT6:module <0x29925159>
			streams:   4, words: 36075
		unisims_ver.LUT6:module <0x389b095f>
			streams:   4, words: 36075
		unisims_ver.LUT6:module <0x3765a0f4>
			streams:   4, words: 36052
		unisims_ver.LUT6:module <0x7160aa32>
			streams:   4, words: 36075
		unisims_ver.LUT6:module <0x6e798b7f>
			streams:   4, words: 36075
		unisims_ver.LUT6:module <0x430da4ca>
			streams:   4, words: 36075
		unisims_ver.LUT6:module <0x6eac0635>
			streams:   4, words: 36052
		unisims_ver.FDPE:module <0x23d00bfa>
			streams:  12, words:  8281
		unisims_ver.LUT2:module <0x753c48d9>
			streams:   2, words:   591
		unisims_ver.LUT4:module <0x0bc4cd58>
			streams:   4, words:  9134
		unisims_ver.LUT6:module <0x1dffc35f>
			streams:   4, words: 36075
		unisims_ver.LUT6:module <0x02ecb41e>
			streams:   4, words: 36061
		unisims_ver.LUT5:module <0x440cc1eb>
			streams:   5, words: 20986
		unisims_ver.LUT4:module <0x7f578a25>
			streams:   4, words:  9137
		unisims_ver.LUT5:module <0x7767a0b5>
			streams:   5, words: 20986
		unisims_ver.LUT3:module <0x1bac56e0>
			streams:   2, words:   883
		unisims_ver.LUT6:module <0x4be344d7>
			streams:   4, words: 36075
		unisims_ver.LUT5:module <0x510b012d>
			streams:   5, words: 20992
		unisims_ver.LUT3:module <0x1a186d60>
			streams:   2, words:   883
		unisims_ver.LUT5:module <0x6380802b>
			streams:   5, words: 20983
		unisims_ver.LUT4:module <0x5b9d854a>
			streams:   4, words:  9137
		unisims_ver.LUT6:module <0x78f8f8ed>
			streams:   4, words: 36075
		unisims_ver.LUT4:module <0x5afefde9>
			streams:   4, words:  9134
		unisims_ver.LUT6:module <0x4c6a801e>
			streams:   4, words: 36075
		unisims_ver.LUT5:module <0x70f58219>
			streams:   5, words: 20992
		unisims_ver.LUT4:module <0x47507d10>
			streams:   4, words:  9137
		unisims_ver.LUT5:module <0x5441d249>
			streams:   5, words: 20986
		unisims_ver.LUT3:module <0x19923641>
			streams:   2, words:   902
		unisims_ver.LUT2:module <0x46725373>
			streams:   2, words:   591
		unisims_ver.LUT4:module <0x360b36de>
			streams:   4, words:  9137
		unisims_ver.LUT4:module <0x57db0878>
			streams:   4, words:  9137
		unisims_ver.LUT6:module <0x6ffd08d8>
			streams:   4, words: 36075
		unisims_ver.LUT5:module <0x0ea8b1eb>
			streams:   5, words: 20992
		unisims_ver.LUT4:module <0x70d326d6>
			streams:   4, words:  9137
		unisims_ver.LUT6:module <0x3211c319>
			streams:   4, words: 36075
		unisims_ver.LUT6:module <0x63f7334b>
			streams:   4, words: 36075
		unisims_ver.LUT4:module <0x51432b89>
			streams:   4, words:  9137
		unisims_ver.LUT6:module <0x6b6e9087>
			streams:   4, words: 36075
		unisims_ver.LUT4:module <0x0b2371d3>
			streams:   4, words:  9137
		unisims_ver.LUT3:module <0x6a5ef8a7>
			streams:   2, words:   891
		unisims_ver.LUT2:module <0x72c5b591>
			streams:   2, words:   599
		unisims_ver.LUT6:module <0x0558ac5d>
			streams:   4, words: 36075
		unisims_ver.LUT6:module <0x7761bf84>
			streams:   4, words: 36061
		unisims_ver.LUT6:module <0x5de5cb93>
			streams:   4, words: 36075
		unisims_ver.LUT5:module <0x7abc65a0>
			streams:   5, words: 20986
		unisims_ver.LUT6:module <0x7da810e3>
			streams:   4, words: 36075
		unisims_ver.LUT6:module <0x0a1ac215>
			streams:   4, words: 36075
		unisims_ver.LUT6:module <0x267f8362>
			streams:   4, words: 36075
		unisims_ver.LUT5:module <0x44693562>
			streams:   5, words: 20992
		unisims_ver.LUT6:module <0x40994e2f>
			streams:   4, words: 36075
		unisims_ver.LUT6:module <0x1895b70e>
			streams:   4, words: 36075
		unisims_ver.LUT6:module <0x125c1869>
			streams:   4, words: 36075
		unisims_ver.LUT3:module <0x64040aa8>
			streams:   2, words:   906
		unisims_ver.LUT6:module <0x309ddae9>
			streams:   4, words: 36075
		unisims_ver.LUT5:module <0x6878bc11>
			streams:   5, words: 20986
		unisims_ver.LUT6:module <0x2f09a90f>
			streams:   4, words: 36075
		unisims_ver.LUT4:module <0x488919cb>
			streams:   4, words:  9137
		unisims_ver.LUT6:module <0x23c0fe29>
			streams:   4, words: 36075
		unisims_ver.LUT6:module <0x3418a64a>
			streams:   4, words: 36075
		unisims_ver.LUT6:module <0x5889b73d>
			streams:   4, words: 36075
		unisims_ver.LUT5:module <0x7d7d73c4>
			streams:   5, words: 20986
		unisims_ver.LUT6:module <0x5186498b>
			streams:   4, words: 36075
		unisims_ver.LUT4:module <0x7f6fdccd>
			streams:   4, words:  9137
		unisims_ver.LUT4:module <0x3e3cbb24>
			streams:   4, words:  9137
		unisims_ver.LUT4:module <0x17fa75f7>
			streams:   4, words:  9137
		unisims_ver.LUT6:module <0x344088a7>
			streams:   4, words: 36075
		unisims_ver.LUT6:module <0x2a049984>
			streams:   4, words: 36075
		unisims_ver.LUT4:module <0x6f813765>
			streams:   4, words:  9137
		unisims_ver.LUT6:module <0x0ff2a313>
			streams:   4, words: 36061
		unisims_ver.LUT6:module <0x007f6bec>
			streams:   4, words: 36075
		unisims_ver.LUT6:module <0x1f5572d7>
			streams:   4, words: 36075
		unisims_ver.LUT3:module <0x7eb5402c>
			streams:   2, words:   882
		unisims_ver.LUT5:module <0x6153e806>
			streams:   5, words: 20992
		unisims_ver.LUT6:module <0x4c34f6a3>
			streams:   4, words: 36061
		unisims_ver.LUT5:module <0x6c0c0f0d>
			streams:   5, words: 20992
		unisims_ver.LUT6:module <0x7ffb68a2>
			streams:   4, words: 36075
		unisims_ver.LUT4:module <0x744c3a80>
			streams:   4, words:  9137
		unisims_ver.LUT1:module <0x0ba8e279>
			streams:   2, words:   447
		unisims_ver.FDCE:module <0x4c8351b7>
			streams:  12, words:  8244
		unisims_ver.LUT4:module <0x51648286>
			streams:   4, words:  9137
		unisims_ver.LUT3:module <0x10c6baf5>
			streams:   2, words:   887
		unisims_ver.LUT3:module <0x6faaac75>
			streams:   2, words:   879
		unisims_ver.LUT3:module <0x2942f8e2>
			streams:   2, words:   883
		unisims_ver.LUT6:module <0x60c19db7>
			streams:   4, words: 36075
		unisims_ver.LUT6:module <0x7441d7dd>
			streams:   4, words: 36075
		unisims_ver.LUT6:module <0x25248501>
			streams:   4, words: 36075
		unisims_ver.LUT6:module <0x4c6f02cb>
			streams:   4, words: 36075
		unisims_ver.LUT6:module <0x48a467f8>
			streams:   4, words: 36075
		unisims_ver.LUT6:module <0x565d6702>
			streams:   4, words: 36075
		unisims_ver.LUT6:module <0x185d07a5>
			streams:   4, words: 36075
		unisims_ver.LUT6:module <0x1bb5df57>
			streams:   4, words: 36075
		unisims_ver.LUT5:module <0x6ad59b37>
			streams:   5, words: 20986
		unisims_ver.LUT3:module <0x7215984a>
			streams:   2, words:   879
		unisims_ver.LUT6:module <0x09ba8c84>
			streams:   4, words: 36075
		unisims_ver.LUT6:module <0x28e3a106>
			streams:   4, words: 36075
		unisims_ver.CARRY8:module <0x44429eb0>
			streams:  14, words:  6754
		unisims_ver.LUT3:module <0x2ff8bdd9>
			streams:   2, words:   891
		unisims_ver.LUT6:module <0x6e50d9db>
			streams:   4, words: 36075
		unisims_ver.LUT6:module <0x17bb51e9>
			streams:   4, words: 36061
		unisims_ver.LUT5:module <0x04069a6d>
			streams:   5, words: 20986
		unisims_ver.LUT5:module <0x6b1ddd97>
			streams:   5, words: 20986
		unisims_ver.LUT5:module <0x74a221ca>
			streams:   5, words: 20986
		unisims_ver.LUT5:module <0x06b2269d>
			streams:   5, words: 20986
		unisims_ver.LUT5:module <0x154c2694>
			streams:   5, words: 20986
		unisims_ver.LUT6:module <0x1773e3c5>
			streams:   4, words: 36075
		unisims_ver.LUT6:module <0x73e671de>
			streams:   4, words: 36075
		unisims_ver.LUT6:module <0x5dd6eca9>
			streams:   4, words: 36075
		unisims_ver.LUT5:module <0x003f9c68>
			streams:   5, words: 20986
		unisims_ver.LUT4:module <0x0c9a9c2d>
			streams:   4, words:  9137
		unisims_ver.LUT5:module <0x5fce4f35>
			streams:   5, words: 20986
		unisims_ver.LUT4:module <0x3ced4f96>
			streams:   4, words:  9134
		unisims_ver.CARRY8:module <0x49e3ba6a>
			streams:  14, words:  6331
		unisims_ver.LUT6:module <0x51af8b66>
			streams:   4, words: 36075
		unisims_ver.LUT6:module <0x665079ab>
			streams:   4, words: 36061
		unisims_ver.OBUF:module <0x5290dd3e>
			streams:   2, words:  1453
		unisims_ver.LUT4:module <0x7705991f>
			streams:   4, words:  9137
		unisims_ver.LUT6:module <0x485cb0de>
			streams:   4, words: 36075
		unisims_ver.LUT6:module <0x386aeb6d>
			streams:   4, words: 36075
		unisims_ver.LUT2:module <0x78671971>
			streams:   2, words:   602
		unisims_ver.LUT3:module <0x6edadd3d>
			streams:   2, words:   894
		unisims_ver.LUT4:module <0x433b9de7>
			streams:   4, words:  9137
		unisims_ver.LUT6:module <0x31045c29>
			streams:   4, words: 36075
		unisims_ver.LUT3:module <0x3079e947>
			streams:   2, words:   894
		unisims_ver.LUT3:module <0x059939fe>
			streams:   2, words:   894
		unisims_ver.LUT4:module <0x7b61a2fa>
			streams:   4, words:  9137
		unisims_ver.LUT6:module <0x361681c3>
			streams:   4, words: 36075
		unisims_ver.LUT4:module <0x4442e4fe>
			streams:   4, words:  9137
		unisims_ver.LUT6:module <0x288c3b53>
			streams:   4, words: 36075
		unisims_ver.LUT2:module <0x4b2902db>
			streams:   2, words:   594
		unisims_ver.LUT4:module <0x037ae013>
			streams:   4, words:  9137
		unisims_ver.LUT6:module <0x1d088bb9>
			streams:   4, words: 36075
		unisims_ver.LUT5:module <0x55dfce63>
			streams:   5, words: 20986
		unisims_ver.LUT6:module <0x72fc8333>
			streams:   4, words: 36075
		unisims_ver.LUT5:module <0x3b33c5d8>
			streams:   5, words: 20986
		unisims_ver.LUT6:module <0x1fbc9997>
			streams:   4, words: 36075
		unisims_ver.LUT3:module <0x1e9c48fa>
			streams:   2, words:   894
		unisims_ver.LUT6:module <0x38d34b66>
			streams:   4, words: 36075
		unisims_ver.CARRY8:module <0x59c339f0>
			streams:  14, words:  6460
		unisims_ver.CARRY8:module <0x54621d2a>
			streams:  14, words:  6583
		unisims_ver.DSP48E2:module <0x37c963c4>
			streams: 217, words: 159159
		unisims_ver.LUT2:module <0x42bb63eb>
			streams:   2, words:   595
		unisims_ver.IBUF:module <0x27ff62ac>
			streams:   1, words:  1277
		unisims_ver.BUFGCE:module <0x7e77d314>
			streams:  22, words: 17792
	Building instance specific data structures.
	Loading native compiled code:     .................... Done
	Design hierarchy summary:
		                   Instances  Unique
		Modules:                6868      33
		Verilog packages:          2       2
		UDPs:                   2903       3
		Primitives:              101       2
		Registers:             28168     231
		Scalar wires:          31926       -
		Expanded wires:         5764     674
		Vectored wires:         1492       -
		Always blocks:          5808      63
		Initial blocks:        16453     106
		Cont. assignments:      7013     332
		Pseudo assignments:      289       -
		Simulation timescale:    1ps
	Writing initial simulation snapshot: worklib.tb_power:sv
Loading snapshot worklib.tb_power:sv .................... Done
xcelium> source /soft64/cadence/ferramentas/XCELIUM2303/tools/xcelium/files/xmsimrc
xcelium> stop -condition {#%d/tb_power/p_start == 1}
Created stop 1
xcelium> run
246012 PS + 0 (stop 1: tb_power.p_start = 1)
/tmp/fastconv-stream08-49e2a22b/rtl/conv2x2/fpga_zcu104/column_power_comparison/tb/tb_power.sv:160     p_start = 1'b1;
xcelium> dumpsaif -scope tb_power.dut -internal -divider / -overwrite -output activity_dut.saif
xcelium> stop -condition {#%d/tb_power/p_end == 1}
Created stop 2
xcelium> stop -time 90 us -execute {puts "P3F_TIMEOUT_BEFORE_P_END"; exit}
Created stop 3
xcelium> run
81075247 PS + 1 (stop 2: tb_power.p_end = 1)
/tmp/fastconv-stream08-49e2a22b/rtl/conv2x2/fpga_zcu104/column_power_comparison/tb/tb_power.sv:65     .clk(clk), .reset(reset), .p_start(p_start), .p_end(p_end),
xcelium> dumpsaif -end
xcelium> run
POWER_RESULT PASS writes=8100 final_words=2700 mismatches=0 active_cycles=25628
Simulation complete via $finish(1) at time 81079878 PS + 0
/tmp/fastconv-stream08-49e2a22b/rtl/conv2x2/fpga_zcu104/column_power_comparison/tb/tb_power.sv:173     $finish;
xcelium> quit
TOOL:	xrun(64)	23.03-s003: Exiting on Sep 28, 2026 at 15:05:31 -03  (total: 00:00:17)
