#-----------------------------------------------------------
# Vivado v2023.2 (64-bit)
# SW Build 4029153 on Fri Oct 13 20:13:54 MDT 2023
# IP Build 4028589 on Sat Oct 14 00:45:43 MDT 2023
# SharedData Build 4025554 on Tue Oct 10 17:18:54 MDT 2023
# Start of session at: Wed Sep 30 02:17:12 2026
# Process ID: 3262280
# Current directory: /tmp/fastconv-trunc-column-refresh-4184991/rtl/conv2x2/fpga_zcu104/stream08_pipeline_campaign/reports/refresh-4184991-m08-nbits16/top
# Command line: vivado -mode batch -source /tmp/fastconv-trunc-column-refresh-4184991/rtl/conv2x2/fpga_zcu104/column_power_comparison/scripts/power_p3f.tcl -log /tmp/fastconv-trunc-column-refresh-4184991/rtl/conv2x2/fpga_zcu104/stream08_pipeline_campaign/reports/refresh-4184991-m08-nbits16/p3f.vivado.log -journal /tmp/fastconv-trunc-column-refresh-4184991/rtl/conv2x2/fpga_zcu104/stream08_pipeline_campaign/reports/refresh-4184991-m08-nbits16/p3f.vivado.jou -tclargs /tmp/fastconv-trunc-column-refresh-4184991/rtl/conv2x2/fpga_zcu104/stream08_pipeline_campaign refresh-4184991-m08-nbits16 /tmp/fastconv-trunc-column-refresh-4184991/rtl/conv2x2/fpga_zcu104/stream08_pipeline_campaign/reports/refresh-4184991-m08-nbits16/dut/activity_dut.saif /tmp/fastconv-trunc-column-refresh-4184991/rtl/conv2x2/fpga_zcu104/stream08_pipeline_campaign/reports/refresh-4184991-m08-nbits16/top/activity_top.saif
# Log file: /tmp/fastconv-trunc-column-refresh-4184991/rtl/conv2x2/fpga_zcu104/stream08_pipeline_campaign/reports/refresh-4184991-m08-nbits16/p3f.vivado.log
# Journal file: /tmp/fastconv-trunc-column-refresh-4184991/rtl/conv2x2/fpga_zcu104/stream08_pipeline_campaign/reports/refresh-4184991-m08-nbits16/p3f.vivado.jou
# Running On: paxos.inf.pucrs.br, OS: Linux, CPU Frequency: 3100.000 MHz, CPU Physical cores: 14, Host memory: 134319 MB
#-----------------------------------------------------------
source /tmp/fastconv-trunc-column-refresh-4184991/rtl/conv2x2/fpga_zcu104/column_power_comparison/scripts/power_p3f.tcl
# if {$argc != 4} { error "usage: power_p3f.tcl <bench-dir> <run> <dut-saif> <top-saif>" }
# set bench_dir [file normalize [lindex $argv 0]]
# set run_name [lindex $argv 1]
# set dut_saif [file normalize [lindex $argv 2]]
# set top_saif [file normalize [lindex $argv 3]]
# set run_dir [file join $bench_dir reports $run_name]
# foreach corner {typical maximum} {
#   open_checkpoint [file join $run_dir design_routed.dcp]
#   reset_switching_activity -all
#   read_saif -strip_path tb_power/dut -out_file [file join $run_dir p3f_mapping_internal_${corner}.rpt] $dut_saif
#   read_saif -strip_path tb_power -out_file [file join $run_dir p3f_mapping_ports_${corner}.rpt] $top_saif
#   reset_operating_conditions
#   set_operating_conditions -process $corner -ambient_temp 25
#   report_operating_conditions -file [file join $run_dir operating_conditions_p3f_${corner}.rpt]
#   report_power -hier all -file [file join $run_dir power_p3f_${corner}.rpt]
#   close_design
# }
Command: open_checkpoint /tmp/fastconv-trunc-column-refresh-4184991/rtl/conv2x2/fpga_zcu104/stream08_pipeline_campaign/reports/refresh-4184991-m08-nbits16/design_routed.dcp

Starting open_checkpoint Task

Time (s): cpu = 00:00:00.02 ; elapsed = 00:00:00.02 . Memory (MB): peak = 1358.676 ; gain = 0.000 ; free physical = 18642 ; free virtual = 118016
INFO: [Device 21-403] Loading part xczu7ev-ffvc1156-2-e
Netlist sorting complete. Time (s): cpu = 00:00:00.01 ; elapsed = 00:00:00.01 . Memory (MB): peak = 2416.754 ; gain = 0.000 ; free physical = 17610 ; free virtual = 116984
INFO: [Netlist 29-17] Analyzing 286 Unisim elements for replacement
INFO: [Netlist 29-28] Unisim Transformation completed in 0 CPU seconds
INFO: [Project 1-479] Netlist was created with Vivado 2023.2
INFO: [Project 1-570] Preparing netlist for logic optimization
Read ShapeDB Complete: Time (s): cpu = 00:00:00.01 ; elapsed = 00:00:00.01 . Memory (MB): peak = 2416.754 ; gain = 0.000 ; free physical = 17593 ; free virtual = 116967
INFO: [Timing 38-478] Restoring timing data from binary archive.
INFO: [Timing 38-479] Binary timing data restore complete.
INFO: [Project 1-856] Restoring constraints from binary archive.
INFO: [Project 1-853] Binary constraint restore complete.
INFO: [Designutils 20-5722] Start Reading Physical Databases.
Reading placement.
Read Netlist Cache: Time (s): cpu = 00:00:00.01 ; elapsed = 00:00:00 . Memory (MB): peak = 2853.801 ; gain = 0.000 ; free physical = 17318 ; free virtual = 116692
Reading placer database...
Read Device Cache: Time (s): cpu = 00:00:00.02 ; elapsed = 00:00:00.03 . Memory (MB): peak = 2853.801 ; gain = 0.000 ; free physical = 17315 ; free virtual = 116689
Read PlaceDB: Time (s): cpu = 00:00:00.12 ; elapsed = 00:00:00.12 . Memory (MB): peak = 2853.801 ; gain = 0.000 ; free physical = 17314 ; free virtual = 116688
Read PulsedLatchDB: Time (s): cpu = 00:00:00 ; elapsed = 00:00:00 . Memory (MB): peak = 2853.801 ; gain = 0.000 ; free physical = 17314 ; free virtual = 116688
Reading routing.
Read RouteStorage: Time (s): cpu = 00:00:00.07 ; elapsed = 00:00:00.07 . Memory (MB): peak = 2869.645 ; gain = 15.844 ; free physical = 17313 ; free virtual = 116687
Read Physdb Files: Time (s): cpu = 00:00:00.22 ; elapsed = 00:00:00.23 . Memory (MB): peak = 2869.645 ; gain = 15.844 ; free physical = 17313 ; free virtual = 116687
Restored from archive | CPU: 0.260000 secs | Memory: 6.272865 MB |
Finished XDEF File Restore: Time (s): cpu = 00:00:00.25 ; elapsed = 00:00:00.26 . Memory (MB): peak = 2869.645 ; gain = 15.844 ; free physical = 17313 ; free virtual = 116687
Netlist sorting complete. Time (s): cpu = 00:00:00 ; elapsed = 00:00:00 . Memory (MB): peak = 3249.668 ; gain = 0.000 ; free physical = 16913 ; free virtual = 116287
INFO: [Project 1-111] Unisim Transformation Summary:
  A total of 109 instances were transformed.
  DSP48E2 => DSP48E2 (DSP_ALU, DSP_A_B_DATA, DSP_C_DATA, DSP_MULTIPLIER, DSP_M_DATA, DSP_OUTPUT, DSP_PREADD, DSP_PREADD_DATA): 8 instances
  IBUF => IBUF (IBUFCTRL, INBUF): 101 instances

INFO: [Project 1-604] Checkpoint was created with Vivado v2023.2 (64-bit) build 4029153
open_checkpoint: Time (s): cpu = 00:00:20 ; elapsed = 00:00:21 . Memory (MB): peak = 3249.703 ; gain = 1891.027 ; free physical = 16912 ; free virtual = 116286
INFO: [Power 33-167] Parsing SAIF file /tmp/fastconv-trunc-column-refresh-4184991/rtl/conv2x2/fpga_zcu104/stream08_pipeline_campaign/reports/refresh-4184991-m08-nbits16/dut/activity_dut.saif
WARNING: [Power 33-330] Read_saif is trying to annotate activities on clock net and this will be ignored. Users shall manually specify clock net frequency using sdc timing constraints(e.g. create_clock)
INFO: [Power 33-177] SAIF annotation done from file /tmp/fastconv-trunc-column-refresh-4184991/rtl/conv2x2/fpga_zcu104/stream08_pipeline_campaign/reports/refresh-4184991-m08-nbits16/dut/activity_dut.saif
INFO: [Power 33-26] Design nets matched = 5600 of 5768
INFO: [Power 33-167] Parsing SAIF file /tmp/fastconv-trunc-column-refresh-4184991/rtl/conv2x2/fpga_zcu104/stream08_pipeline_campaign/reports/refresh-4184991-m08-nbits16/top/activity_top.saif
WARNING: [Power 33-330] Read_saif is trying to annotate activities on clock net and this will be ignored. Users shall manually specify clock net frequency using sdc timing constraints(e.g. create_clock)
INFO: [Power 33-177] SAIF annotation done from file /tmp/fastconv-trunc-column-refresh-4184991/rtl/conv2x2/fpga_zcu104/stream08_pipeline_campaign/reports/refresh-4184991-m08-nbits16/top/activity_top.saif
INFO: [Power 33-26] Design nets matched = 5768 of 5768
Command: report_power -hier all -file /tmp/fastconv-trunc-column-refresh-4184991/rtl/conv2x2/fpga_zcu104/stream08_pipeline_campaign/reports/refresh-4184991-m08-nbits16/power_p3f_typical.rpt
18 Infos, 2 Warnings, 0 Critical Warnings and 0 Errors encountered.
report_power completed successfully
Command: open_checkpoint /tmp/fastconv-trunc-column-refresh-4184991/rtl/conv2x2/fpga_zcu104/stream08_pipeline_campaign/reports/refresh-4184991-m08-nbits16/design_routed.dcp

Starting open_checkpoint Task

Time (s): cpu = 00:00:00 ; elapsed = 00:00:00.01 . Memory (MB): peak = 3536.941 ; gain = 0.000 ; free physical = 16820 ; free virtual = 116207
Netlist sorting complete. Time (s): cpu = 00:00:00.02 ; elapsed = 00:00:00.01 . Memory (MB): peak = 3536.941 ; gain = 0.000 ; free physical = 16821 ; free virtual = 116207
INFO: [Netlist 29-17] Analyzing 286 Unisim elements for replacement
INFO: [Netlist 29-28] Unisim Transformation completed in 0 CPU seconds
INFO: [Project 1-479] Netlist was created with Vivado 2023.2
INFO: [Project 1-570] Preparing netlist for logic optimization
Read ShapeDB Complete: Time (s): cpu = 00:00:00.01 ; elapsed = 00:00:00.01 . Memory (MB): peak = 3536.941 ; gain = 0.000 ; free physical = 16821 ; free virtual = 116207
INFO: [Timing 38-478] Restoring timing data from binary archive.
INFO: [Timing 38-479] Binary timing data restore complete.
INFO: [Project 1-856] Restoring constraints from binary archive.
INFO: [Project 1-853] Binary constraint restore complete.
INFO: [Designutils 20-5722] Start Reading Physical Databases.
Reading placement.
Read Netlist Cache: Time (s): cpu = 00:00:00.01 ; elapsed = 00:00:00.01 . Memory (MB): peak = 3536.941 ; gain = 0.000 ; free physical = 16813 ; free virtual = 116199
Reading placer database...
Read Device Cache: Time (s): cpu = 00:00:00.02 ; elapsed = 00:00:00.02 . Memory (MB): peak = 3536.941 ; gain = 0.000 ; free physical = 16812 ; free virtual = 116199
Read PlaceDB: Time (s): cpu = 00:00:00.12 ; elapsed = 00:00:00.12 . Memory (MB): peak = 3536.941 ; gain = 0.000 ; free physical = 16812 ; free virtual = 116199
Read PulsedLatchDB: Time (s): cpu = 00:00:00 ; elapsed = 00:00:00 . Memory (MB): peak = 3536.941 ; gain = 0.000 ; free physical = 16812 ; free virtual = 116199
Reading routing.
Read RouteStorage: Time (s): cpu = 00:00:00.07 ; elapsed = 00:00:00.06 . Memory (MB): peak = 3536.941 ; gain = 0.000 ; free physical = 16812 ; free virtual = 116198
Read Physdb Files: Time (s): cpu = 00:00:00.23 ; elapsed = 00:00:00.23 . Memory (MB): peak = 3536.941 ; gain = 0.000 ; free physical = 16812 ; free virtual = 116198
Restored from archive | CPU: 0.230000 secs | Memory: 5.212761 MB |
Finished XDEF File Restore: Time (s): cpu = 00:00:00.23 ; elapsed = 00:00:00.23 . Memory (MB): peak = 3536.941 ; gain = 0.000 ; free physical = 16812 ; free virtual = 116198
Netlist sorting complete. Time (s): cpu = 00:00:00 ; elapsed = 00:00:00 . Memory (MB): peak = 3536.941 ; gain = 0.000 ; free physical = 16812 ; free virtual = 116198
INFO: [Project 1-111] Unisim Transformation Summary:
  A total of 109 instances were transformed.
  DSP48E2 => DSP48E2 (DSP_ALU, DSP_A_B_DATA, DSP_C_DATA, DSP_MULTIPLIER, DSP_M_DATA, DSP_OUTPUT, DSP_PREADD, DSP_PREADD_DATA): 8 instances
  IBUF => IBUF (IBUFCTRL, INBUF): 101 instances

INFO: [Project 1-604] Checkpoint was created with Vivado v2023.2 (64-bit) build 4029153
INFO: [Power 33-167] Parsing SAIF file /tmp/fastconv-trunc-column-refresh-4184991/rtl/conv2x2/fpga_zcu104/stream08_pipeline_campaign/reports/refresh-4184991-m08-nbits16/dut/activity_dut.saif
WARNING: [Power 33-330] Read_saif is trying to annotate activities on clock net and this will be ignored. Users shall manually specify clock net frequency using sdc timing constraints(e.g. create_clock)
INFO: [Power 33-177] SAIF annotation done from file /tmp/fastconv-trunc-column-refresh-4184991/rtl/conv2x2/fpga_zcu104/stream08_pipeline_campaign/reports/refresh-4184991-m08-nbits16/dut/activity_dut.saif
INFO: [Power 33-26] Design nets matched = 5600 of 5768
INFO: [Power 33-167] Parsing SAIF file /tmp/fastconv-trunc-column-refresh-4184991/rtl/conv2x2/fpga_zcu104/stream08_pipeline_campaign/reports/refresh-4184991-m08-nbits16/top/activity_top.saif
WARNING: [Power 33-330] Read_saif is trying to annotate activities on clock net and this will be ignored. Users shall manually specify clock net frequency using sdc timing constraints(e.g. create_clock)
INFO: [Power 33-177] SAIF annotation done from file /tmp/fastconv-trunc-column-refresh-4184991/rtl/conv2x2/fpga_zcu104/stream08_pipeline_campaign/reports/refresh-4184991-m08-nbits16/top/activity_top.saif
INFO: [Power 33-26] Design nets matched = 5768 of 5768
Command: report_power -hier all -file /tmp/fastconv-trunc-column-refresh-4184991/rtl/conv2x2/fpga_zcu104/stream08_pipeline_campaign/reports/refresh-4184991-m08-nbits16/power_p3f_maximum.rpt
17 Infos, 2 Warnings, 0 Critical Warnings and 0 Errors encountered.
report_power completed successfully
# exit
INFO: [Common 17-206] Exiting Vivado at Wed Sep 30 02:17:51 2026...
