============================================================
  Generated by:           Genus(TM) Synthesis Solution 21.12-s068_1
  Generated on:           Oct 05 2026  02:49:48 pm
  Module:                 Conv
  Library domain:         timing_cond_0p81v_125c
    Domain index:         0
    Technology library:   tcbn28hpcplusbwp30p140ssg0p81v125c 110
  Operating conditions:   ssg0p81v125c 
  Interconnect mode:      global
  Area mode:              physical library
============================================================

                 Instance                           Module           Cell Count  Cell Area  Net Area   Total Area 
------------------------------------------------------------------------------------------------------------------
Conv                                                                      58608  65592.450 25540.985    91133.435 
  MAC_LANES[0].multip                     Multip                            566    604.800   236.631      841.431 
  MAC_LANES[1].multip                     Multip_1                          566    604.800   236.631      841.431 
  MAC_LANES[2].multip                     Multip_2                          566    604.800   236.631      841.431 
  MAC_LANES[3].multip                     Multip_3                          566    604.800   236.631      841.431 
  MAC_LANES[4].multip                     Multip_4                          566    604.800   236.631      841.431 
  MAC_LANES[5].multip                     Multip_5                          566    604.800   236.631      841.431 
  WEIGHT_TRANSFORM_ROWS[0].weight_trf_row WeightTransformRowConst          5460   5246.262  2074.245     7320.507 
  WEIGHT_TRANSFORM_ROWS[1].weight_trf_row WeightTransformRowConst_0        7263   7684.110  2721.204    10405.314 
  WEIGHT_TRANSFORM_ROWS[2].weight_trf_row WeightTransformRowConst_1        7438   7671.384  2820.810    10492.194 
  WEIGHT_TRANSFORM_ROWS[3].weight_trf_row WeightTransformRowConst_2        6671   6941.088  2518.064     9459.152 
  WEIGHT_TRANSFORM_ROWS[4].weight_trf_row WeightTransformRowConst_3        6904   6952.932  2598.759     9551.691 
  WEIGHT_TRANSFORM_ROWS[5].weight_trf_row WeightTransformRowConst_4        6363   6465.690  2410.825     8876.515 
  inverse_row_acc                         InverseRowAccumulate             1694   1687.896   687.364     2375.260 
  inverse_row_current                     InverseRow                        285    523.656   114.276      637.932 
  trf                                     Transform                        4788   8500.212  2342.646    10842.858 
    matrix_c0                             MatrixC0                         2337   4187.106   988.241     5175.347 
    matrix_c1                             MatrixC1                         2451   4313.106  1031.492     5344.598 
