============================================================
  Generated by:           Genus(TM) Synthesis Solution 21.12-s068_1
  Generated on:           Jan 27 2026  08:12:05 pm
  Module:                 Conv
  Operating conditions:   ssg0p81v125c 
  Operating conditions:   tt0p9v25c 
  Operating conditions:   ffg0p99vm40c 
  Interconnect mode:      global
  Area mode:              physical library
============================================================


Path 1: MET (384 ps) Late External Delay Assertion at pin p_output[6][19]
           View: analysis_view_0p99v_m40c_capbst_fastest
          Group: clk
     Startpoint: (R) r_feat_reg[28][1]/CP
          Clock: (R) clk
       Endpoint: (F) p_output[6][19]
          Clock: (R) clk

                     Capture       Launch     
        Clock Edge:+    2000            0     
       Src Latency:+       0            0     
       Net Latency:+       0 (I)        0 (I) 
           Arrival:=    2000            0     
                                              
      Output Delay:-    1000                  
     Required Time:=    1000                  
      Launch Clock:-       0                  
         Data Path:-     616                  
             Slack:=     384                  

Exceptions/Constraints:
  output_delay             1000            tmp_sdc_analysis_vie_1_line_1911 

#--------------------------------------------------------------------------------------------------------------------------------------------------
#                       Timing Point                         Flags    Arc   Edge          Cell            Fanout Load Trans Delay Arrival Instance 
#                                                                                                                (fF)  (ps)  (ps)   (ps)  Location 
#--------------------------------------------------------------------------------------------------------------------------------------------------
  r_feat_reg[28][1]/CP                                       -       -      R     (arrival)                  240    -     0     0       0    (-,-) 
  r_feat_reg[28][1]/Q                                        -       CP->Q  F     DFQD2BWP30P140              12 22.2    36    54      54    (-,-) 
  inv/matrix_a1/csa_tree_ADD_TC_OP_8_groupi426_g1583/Z       -       A2->Z  F     XOR2UD1BWP30P140             2  4.1    36    34      88    (-,-) 
  inv/matrix_a1/g2/ZN                                        -       A->ZN  R     MAOI222D1BWP30P140           1  1.7    27    24     112    (-,-) 
  inv/matrix_a1/csa_tree_ADD_TC_OP_8_groupi426_g1563/ZN      -       I->ZN  F     CKND1BWP30P140               2  2.8    16    14     126    (-,-) 
  inv/matrix_a1/csa_tree_ADD_TC_OP_8_groupi426_g1527/Z       -       A2->Z  F     AN2D2BWP30P140               2  2.8     7    15     141    (-,-) 
  inv/matrix_a1/csa_tree_ADD_TC_OP_8_groupi426_g1519/ZN      -       A1->ZN F     IND2D1BWP30P140              1  1.8    15    17     158    (-,-) 
  inv/matrix_a1/csa_tree_ADD_TC_OP_8_groupi426_g1467/ZN      -       A2->ZN R     XNR2D1BWP30P140              3  6.9    24    34     192    (-,-) 
  inv/matrix_a0/csa_tree_SUB_TC_OP_14_groupi133_g919/ZN      -       I->ZN  F     CKND1BWP30P140               2  5.4    24    19     211    (-,-) 
  inv/matrix_a0/csa_tree_SUB_TC_OP_groupi134_cdnfadd_005_0/S -       B->S   R     FA1D1BWP30P140               1  2.5    16    50     262    (-,-) 
  inv/matrix_a0/csa_tree_SUB_TC_OP_groupi134_cdnfadd_005_1/S -       CI->S  F     FA1D1BWP30P140               1  1.7    13    36     298    (-,-) 
  inv/matrix_a0/csa_tree_SUB_TC_OP_groupi134_g887/ZN         -       I->ZN  R     CKND1BWP30P140               2  2.8    13    12     310    (-,-) 
  inv/matrix_a0/csa_tree_SUB_TC_OP_groupi134_g876/ZN         -       A1->ZN F     ND2D1BWP30P140               2  2.7    19    14     324    (-,-) 
  inv/matrix_a0/csa_tree_SUB_TC_OP_groupi134_g850/Z          -       A2->Z  F     AO21D1BWP30P140              1  3.0    13    21     346    (-,-) 
  inv/matrix_a0/csa_tree_SUB_TC_OP_groupi134_g849/CO         -       CI->CO F     FA1OPTCD2BWP30P140           2  3.6    11    16     362    (-,-) 
  inv/matrix_a0/csa_tree_SUB_TC_OP_groupi134_g847/ZN         -       A1->ZN R     AOI21OPTREPBD1BWP30P140      2  3.4    21    16     378    (-,-) 
  inv/matrix_a0/csa_tree_SUB_TC_OP_groupi134_g845/ZN         -       A1->ZN F     NR2OPTIBD1BWP30P140          2  2.6    15    12     390    (-,-) 
  inv/matrix_a0/csa_tree_SUB_TC_OP_groupi134_g842/ZN         -       A2->ZN F     IOA21D0BWP30P140             1  3.0    34    30     420    (-,-) 
  inv/matrix_a0/csa_tree_SUB_TC_OP_groupi134_g840/CO         -       CI->CO F     FA1OPTCD1BWP30P140           1  3.0    14    24     444    (-,-) 
  inv/matrix_a0/csa_tree_SUB_TC_OP_groupi134_g839/CO         -       CI->CO F     FA1OPTCD1BWP30P140           2  3.2    15    20     464    (-,-) 
  inv/matrix_a0/csa_tree_SUB_TC_OP_groupi134_g838/ZN         -       A1->ZN R     CKND2D1BWP30P140             2  2.7    20    16     480    (-,-) 
  inv/matrix_a0/csa_tree_SUB_TC_OP_groupi134_g835/ZN         -       A1->ZN F     OAI21D1BWP30P140             1  3.0    26    19     499    (-,-) 
  inv/matrix_a0/csa_tree_SUB_TC_OP_groupi134_g833/CO         -       CI->CO F     FA1OPTCD1BWP30P140           1  3.0    14    22     522    (-,-) 
  inv/matrix_a0/csa_tree_SUB_TC_OP_groupi134_g832/CO         -       CI->CO F     FA1OPTCD1BWP30P140           1  3.0    14    20     541    (-,-) 
  inv/matrix_a0/csa_tree_SUB_TC_OP_groupi134_g831/CO         -       CI->CO F     FA1OPTCD1BWP30P140           1  3.0    14    20     560    (-,-) 
  inv/matrix_a0/csa_tree_SUB_TC_OP_groupi134_g830/CO         -       CI->CO F     FA1OPTCD1BWP30P140           2  3.3    15    20     581    (-,-) 
  inv/matrix_a0/csa_tree_SUB_TC_OP_groupi134_g828/Z          -       A1->Z  F     AO21D1BWP30P140              1  2.7    12    18     599    (-,-) 
  inv/matrix_a0/csa_tree_SUB_TC_OP_groupi134_g827/Z          -       A1->Z  F     XOR2OPTND2BWP30P140          1  5.2    26    17     616    (-,-) 
  p_output[6][19]                                            <<<     -      F     (port)                       -    -     -     0     616    (-,-) 
#--------------------------------------------------------------------------------------------------------------------------------------------------


