============================================================
  Generated by:           Genus(TM) Synthesis Solution 21.12-s068_1
  Generated on:           Jun 07 2026  02:00:18 am
  Module:                 Conv
  Library domain:         timing_cond_0p81v_125c
    Domain index:         0
    Technology library:   tcbn28hpcplusbwp30p140ssg0p81v125c 110
  Operating conditions:   ssg0p81v125c 
  Interconnect mode:      global
  Area mode:              physical library
============================================================

      Instance         Module    Cell Count  Cell Area  Net Area   Total Area 
------------------------------------------------------------------------------
Conv                                  22186  26806.752 11226.757    38033.509 
  genblk1[0].multip  Multip             649    665.406   266.364      931.770 
  genblk1[1].multip  Multip_114         658    670.824   270.607      941.431 
  genblk1[2].multip  Multip_113         658    666.540   270.607      937.147 
  genblk1[3].multip  Multip_112         658    668.430   270.730      939.160 
  genblk1[4].multip  Multip_111         658    666.792   270.607      937.399 
  genblk1[5].multip  Multip_110         658    671.328   270.607      941.935 
  genblk1[6].multip  Multip_109         658    669.942   270.607      940.549 
  genblk1[7].multip  Multip_108         659    669.060   271.228      940.288 
  genblk1[8].multip  Multip_107         658    669.690   270.115      939.805 
  genblk1[9].multip  Multip_106         658    668.556   270.115      938.671 
  genblk1[10].multip Multip_105         658    672.336   270.115      942.451 
  genblk1[11].multip Multip_104         658    672.588   270.115      942.703 
  inv                Inverse           5730   6571.530  2271.939     8843.469 
    matrix_a0        MatrixA0          1975   2463.678   737.911     3201.589 
    matrix_a1        MatrixA1          3755   4107.852  1307.629     5415.481 
  mux_mult           MuxMult              3      1.386     0.000        1.386 
  trf                Transform         4918   8544.816  2366.655    10911.471 
    matrix_c0        MatrixC0          2420   4209.912   998.816     5208.728 
    matrix_c1        MatrixC1          2498   4334.904  1042.591     5377.495 
