============================================================
  Generated by:           Genus(TM) Synthesis Solution 21.12-s068_1
  Generated on:           Jan 19 2026  01:35:18 am
  Module:                 System
  Operating conditions:   ssg0p81v125c 
  Operating conditions:   tt0p9v25c 
  Operating conditions:   ffg0p99vm40c 
  Interconnect mode:      global
  Area mode:              physical library
============================================================


Path 1: MET (392 ps) Late External Delay Assertion at pin p_output_data_write[19]
           View: analysis_view_0p99v_m40c_capbst_fastest
          Group: clk
     Startpoint: (R) control/r_addr_count_write_out_reg[3]/CP
          Clock: (R) clk
       Endpoint: (F) p_output_data_write[19]
          Clock: (R) clk

                     Capture       Launch     
        Clock Edge:+    2000            0     
       Src Latency:+       0            0     
       Net Latency:+       0 (I)        0 (I) 
           Arrival:=    2000            0     
                                              
      Output Delay:-    1000                  
     Required Time:=    1000                  
      Launch Clock:-       0                  
         Data Path:-     608                  
             Slack:=     392                  

Exceptions/Constraints:
  output_delay             1000            tmp_sdc_analysis_vie_1_line_365 

#---------------------------------------------------------------------------------------------------------------------------
#              Timing Point                Flags    Arc   Edge        Cell         Fanout Load Trans Delay Arrival Instance 
#                                                                                         (fF)  (ps)  (ps)   (ps)  Location 
#---------------------------------------------------------------------------------------------------------------------------
  control/r_addr_count_write_out_reg[3]/CP -       -      R     (arrival)               4    -     0     0       0    (-,-) 
  control/r_addr_count_write_out_reg[3]/Q  -       CP->Q  R     DFD1BWP30P140          42 53.1   169   126     126    (-,-) 
  control/g35545__6161/ZN                  -       A2->ZN F     NR2D8BWP30P140         40 45.6    51    33     159    (-,-) 
  control/g35420__6161/ZN                  -       A1->ZN R     AOI222D2BWP30P140       1  2.2    27    26     185    (-,-) 
  control/g35266__2802/ZN                  -       A1->ZN F     ND3D2BWP30P140          1  2.8    20    15     201    (-,-) 
  control/add_1022_65_g1249/CO             -       B->CO  F     HA1D1BWP30P140          1  2.4    10    17     218    (-,-) 
  control/add_1022_65_g1248/CO             -       CI->CO F     FA1D1BWP30P140          1  3.0    14    25     242    (-,-) 
  control/add_1022_65_g1247/CO             -       CI->CO F     FA1OPTCD1BWP30P140      1  2.4    13    18     260    (-,-) 
  control/add_1022_65_g1246/CO             -       CI->CO F     FA1D1BWP30P140          1  3.0    14    26     286    (-,-) 
  control/add_1022_65_g1245/CO             -       CI->CO F     FA1OPTCD1BWP30P140      1  3.0    15    20     306    (-,-) 
  control/add_1022_65_g1244/CO             -       CI->CO F     FA1OPTCD2BWP30P140      1  3.0    10    16     322    (-,-) 
  control/add_1022_65_g1243/CO             -       CI->CO F     FA1OPTCD1BWP30P140      1  3.0    14    19     340    (-,-) 
  control/add_1022_65_g1242/CO             -       CI->CO F     FA1OPTCD1BWP30P140      3  4.4    18    22     362    (-,-) 
  control/add_1022_65_g1240/Z              -       A1->Z  F     AO21D1BWP30P140         1  3.0    13    20     382    (-,-) 
  control/add_1022_65_g1237/CO             -       CI->CO F     FA1OPTCD1BWP30P140      1  2.4    13    18     400    (-,-) 
  control/add_1022_65_g1236/CO             -       CI->CO F     FA1D1BWP30P140          1  3.0    14    25     425    (-,-) 
  control/add_1022_65_g1235/CO             -       CI->CO F     FA1OPTCD2BWP30P140      1  3.0    10    16     441    (-,-) 
  control/add_1022_65_g1234/CO             -       CI->CO F     FA1OPTCD1BWP30P140      1  2.4    13    17     459    (-,-) 
  control/add_1022_65_g1233/CO             -       CI->CO F     FA1D1BWP30P140          1  2.4    13    24     483    (-,-) 
  control/add_1022_65_g1232/CO             -       CI->CO F     FA1D1BWP30P140          1  2.4    13    24     507    (-,-) 
  control/add_1022_65_g1231/CO             -       CI->CO F     FA1D1BWP30P140          1  2.4    13    24     531    (-,-) 
  control/add_1022_65_g1230/CO             -       CI->CO F     FA1D1BWP30P140          1  2.4    13    24     555    (-,-) 
  control/add_1022_65_g1229/CO             -       CI->CO F     FA1D1BWP30P140          1  1.8    11    23     578    (-,-) 
  control/add_1022_65_g1228/Z              -       A3->Z  F     XOR3UD1BWP30P140        1  5.2    34    30     608    (-,-) 
  p_output_data_write[19]                  <<<     -      F     (port)                  -    -     -     0     608    (-,-) 
#---------------------------------------------------------------------------------------------------------------------------


