============================================================
  Generated by:           Genus(TM) Synthesis Solution 21.12-s068_1
  Generated on:           Sep 03 2025  09:00:11 pm
  Module:                 conv
  Library domain:         timing_cond_0p81v_125c
    Domain index:         0
    Technology library:   tcbn28hpcplusbwp30p140ssg0p81v125c 110
  Operating conditions:   ssg0p81v125c 
  Interconnect mode:      global
  Area mode:              physical library
============================================================

   Instance      Module   Cell Count  Cell Area  Net Area   Total Area 
-----------------------------------------------------------------------
conv                            7398   9523.458  3980.659    13504.117 
  inv          Inverse          1053   2221.506   494.334     2715.840 
    matrix_a0  MatrixA0          351    740.502   127.134      867.636 
      csa_p0   CSA_3_88           39     82.278    14.126       96.404 
        layer1 FA_114             20     42.462     0.000       42.462 
      csa_p1   CSA_3_87           39     82.278    14.126       96.404 
        layer1 FA_113             20     42.462     0.000       42.462 
      csa_p2   CSA_3_86           39     82.278    14.126       96.404 
        layer1 FA_112             20     42.462     0.000       42.462 
      csa_p3   CSA_3_85           39     82.278    14.126       96.404 
        layer1 FA_111             20     42.462     0.000       42.462 
      csa_p4   CSA_3_84           39     82.278    14.126       96.404 
        layer1 FA_110             20     42.462     0.000       42.462 
      csa_p5   CSA_3_83           39     82.278    14.126       96.404 
        layer1 FA_109             20     42.462     0.000       42.462 
      csa_p6   CSA_3_82           39     82.278    14.126       96.404 
        layer1 FA_108             20     42.462     0.000       42.462 
      csa_p7   CSA_3_81           39     82.278    14.126       96.404 
        layer1 FA_107             20     42.462     0.000       42.462 
      csa_p8   CSA_3_80           39     82.278    14.126       96.404 
        layer1 FA_106             20     42.462     0.000       42.462 
    matrix_a1  MatrixA1          702   1481.004   254.269     1735.273 
      csa_p0   CSA_3              39     82.278    14.126       96.404 
        layer1 FA                 20     42.462     0.000       42.462 
      csa_p1   CSA_3_105          39     82.278    14.126       96.404 
        layer1 FA_131             20     42.462     0.000       42.462 
      csa_p2   CSA_3_104          39     82.278    14.126       96.404 
        layer1 FA_130             20     42.462     0.000       42.462 
      csa_p3   CSA_3_103          39     82.278    14.126       96.404 
        layer1 FA_129             20     42.462     0.000       42.462 
      csa_p4   CSA_3_102          39     82.278    14.126       96.404 
        layer1 FA_128             20     42.462     0.000       42.462 
      csa_p5   CSA_3_101          39     82.278    14.126       96.404 
        layer1 FA_127             20     42.462     0.000       42.462 
      csa_p6   CSA_3_100          39     82.278    14.126       96.404 
        layer1 FA_126             20     42.462     0.000       42.462 
      csa_p7   CSA_3_99           39     82.278    14.126       96.404 
        layer1 FA_125             20     42.462     0.000       42.462 
      csa_p8   CSA_3_98           39     82.278    14.126       96.404 
        layer1 FA_124             20     42.462     0.000       42.462 
      csa_p9   CSA_3_97           39     82.278    14.126       96.404 
        layer1 FA_123             20     42.462     0.000       42.462 
      csa_p10  CSA_3_96           39     82.278    14.126       96.404 
        layer1 FA_122             20     42.462     0.000       42.462 
      csa_p11  CSA_3_95           39     82.278    14.126       96.404 
        layer1 FA_121             20     42.462     0.000       42.462 
      csa_p12  CSA_3_94           39     82.278    14.126       96.404 
        layer1 FA_120             20     42.462     0.000       42.462 
      csa_p13  CSA_3_93           39     82.278    14.126       96.404 
        layer1 FA_119             20     42.462     0.000       42.462 
      csa_p14  CSA_3_92           39     82.278    14.126       96.404 
        layer1 FA_118             20     42.462     0.000       42.462 
      csa_p15  CSA_3_91           39     82.278    14.126       96.404 
        layer1 FA_117             20     42.462     0.000       42.462 
      csa_p16  CSA_3_90           39     82.278    14.126       96.404 
        layer1 FA_116             20     42.462     0.000       42.462 
      csa_p17  CSA_3_89           39     82.278    14.126       96.404 
        layer1 FA_115             20     42.462     0.000       42.462 
  multip0      Multip            645    670.446   264.876      935.322 
  trf          Transform        1972   2904.300   679.421     3583.721 
    matrix_c0  MatrixC0          892   1321.236   292.895     1614.131 
      csa_n0   CSA_2              20     41.958     4.793       46.751 
      csa_n1   CSA_2_75           20     41.958     4.793       46.751 
      csa_n2   CSA_2_70           20     41.958     4.793       46.751 
      csa_n6   CSA_2_79           20     41.958     4.793       46.751 
      csa_n7   CSA_2_74           20     41.958     4.793       46.751 
      csa_n8   CSA_2_69           20     41.958     4.793       46.751 
      csa_n12  CSA_2_78           20     41.958     4.793       46.751 
      csa_n13  CSA_2_73           20     41.958     4.793       46.751 
      csa_n14  CSA_2_68           20     41.958     4.793       46.751 
      csa_n18  CSA_2_77           20     41.958     4.793       46.751 
      csa_n19  CSA_2_72           20     41.958     4.793       46.751 
      csa_n20  CSA_2_67           20     41.958     4.793       46.751 
      csa_n24  CSA_2_76           20     41.958     4.793       46.751 
      csa_n25  CSA_2_71           20     41.958     4.793       46.751 
      csa_n26  CSA_2_66           20     41.958     4.793       46.751 
    matrix_c1  MatrixC1         1080   1583.064   356.256     1939.320 
      csa_n0   CSA_2_65           20     41.958     4.793       46.751 
      csa_n1   CSA_2_64           20     41.958     4.793       46.751 
      csa_n2   CSA_2_63           20     41.958     4.793       46.751 
      csa_n3   CSA_2_62           20     41.958     4.793       46.751 
      csa_n4   CSA_2_61           20     41.958     4.793       46.751 
      csa_n5   CSA_2_60           20     41.958     4.793       46.751 
      csa_n6   CSA_2_59           20     41.958     4.793       46.751 
      csa_n7   CSA_2_58           20     41.958     4.793       46.751 
      csa_n8   CSA_2_57           20     41.958     4.793       46.751 
      csa_n9   CSA_2_56           20     41.958     4.793       46.751 
      csa_n10  CSA_2_55           20     41.958     4.793       46.751 
      csa_n11  CSA_2_54           20     41.958     4.793       46.751 
      csa_n12  CSA_2_53           20     41.958     4.793       46.751 
      csa_n13  CSA_2_52           20     41.958     4.793       46.751 
      csa_n14  CSA_2_51           20     41.958     4.793       46.751 
      csa_n15  CSA_2_50           20     41.958     4.793       46.751 
      csa_n16  CSA_2_49           20     41.958     4.793       46.751 
      csa_n17  CSA_2_48           20     41.958     4.793       46.751 
