============================================================
  Generated by:           Genus(TM) Synthesis Solution 21.12-s068_1
  Generated on:           Jul 08 2025  03:54:25 pm
  Module:                 conv
  Operating conditions:   ssg0p81v125c 
  Operating conditions:   tt0p9v25c 
  Interconnect mode:      global
  Area mode:              physical library
============================================================


Path 1: MET (209 ps) Setup Check with Pin registers_reg[1][19]/CP->D
           View: analysis_view_0p90v_25c_captyp_nominal
          Group: clk
     Startpoint: (F) weights[33][11]
          Clock: (R) clk
       Endpoint: (F) registers_reg[1][19]/D
          Clock: (R) clk

                     Capture       Launch     
        Clock Edge:+    2000            0     
        Drv Adjust:+       0            3     
       Src Latency:+       0            0     
       Net Latency:+       0 (I)        0 (I) 
           Arrival:=    2000            3     
                                              
             Setup:-      13                  
     Required Time:=    1987                  
      Launch Clock:-       3                  
       Input Delay:-    1000                  
         Data Path:-     774                  
             Slack:=     209                  

Exceptions/Constraints:
  input_delay             1000            tmp_sdc_analysis_vie_line_1452 

#--------------------------------------------------------------------------------------------------------------------------------------
#                   Timing Point                     Flags    Arc   Edge        Cell          Fanout Load Trans Delay Arrival Instance 
#                                                                                                    (fF)  (ps)  (ps)   (ps)  Location 
#--------------------------------------------------------------------------------------------------------------------------------------
  weights[33][11]                                    -       -      F     (arrival)                1  1.5     8     0    1003    (-,-) 
  g39227/ZN                                          -       C1->ZN R     AOI222D1BWP30P140        1  1.5    55    34    1037    (-,-) 
  g38956/ZN                                          -       A1->ZN F     ND2OPTIBD1BWP30P140      1  2.1    29    23    1060    (-,-) 
  g38888/Z                                           -       A1->Z  F     OR3D8BWP30P140          22 32.9    23    39    1099    (-,-) 
  genblk1[1].multip/mul_24_61_g5018/ZN               -       A2->ZN R     XNR2D2BWP30P140         17 18.6    40    53    1152    (-,-) 
  genblk1[1].multip/mul_24_61_g4924/ZN               -       I->ZN  F     CKND1BWP30P140           1  1.4    16    14    1166    (-,-) 
  genblk1[1].multip/mul_24_61_g4795/Z                -       A1->Z  F     OR2D1BWP30P140          15 15.7    68    52    1218    (-,-) 
  genblk1[1].multip/mul_24_61_g4706__9315/ZN         -       A1->ZN R     OAI22D1BWP30P140         1  2.3    37    32    1250    (-,-) 
  genblk1[1].multip/mul_24_61_cdnfadd_016_2__5477/CO -       CI->CO R     FA1D1BWP30P140           1  2.8    19    35    1285    (-,-) 
  genblk1[1].multip/mul_24_61_cdnfadd_017_3__3680/S  -       B->S   F     FA1D1BWP30P140           1  2.8    20    54    1339    (-,-) 
  genblk1[1].multip/mul_24_61_cdnfadd_017_5__2802/S  -       B->S   R     FA1D1BWP30P140           1  2.3    21    64    1403    (-,-) 
  genblk1[1].multip/mul_24_61_cdnfadd_017_6__1705/S  -       CI->S  F     FA1D1BWP30P140           1  1.5    16    49    1452    (-,-) 
  genblk1[1].multip/mul_24_61_g4560/ZN               -       I->ZN  R     CKND1BWP30P140           2  2.5    16    15    1467    (-,-) 
  genblk1[1].multip/mul_24_61_g4559__4319/ZN         -       A1->ZN F     CKND2D1BWP30P140         3  3.6    29    22    1488    (-,-) 
  genblk1[1].multip/mul_24_61_g4554__5477/ZN         -       A1->ZN R     AOI21D1BWP30P140         2  2.5    29    26    1514    (-,-) 
  genblk1[1].multip/mul_24_61_g4553/ZN               -       I->ZN  F     CKND1BWP30P140           1  1.5    14    13    1527    (-,-) 
  genblk1[1].multip/mul_24_61_g4548__2883/ZN         -       A2->ZN R     AOI21D1BWP30P140         1  1.5    23    17    1544    (-,-) 
  genblk1[1].multip/mul_24_61_g4526__8428/ZN         -       A1->ZN F     OAI21D1BWP30P140         2  2.6    32    24    1568    (-,-) 
  genblk1[1].multip/mul_24_61_g4513__9315/Z          -       A2->Z  F     AO21D1BWP30P140          1  1.6    12    27    1595    (-,-) 
  genblk1[1].multip/mul_24_61_g4501__1617/ZN         -       C->ZN  R     AOI221D1BWP30P140        3  4.2    62    46    1641    (-,-) 
  genblk1[1].multip/mul_24_61_g4494__5107/ZN         -       A3->ZN F     OAI31D1BWP30P140         1  2.2    35    28    1669    (-,-) 
  genblk1[1].multip/mul_24_61_g4487__2883/CO         -       CI->CO F     FA1D1BWP30P140           1  1.5    14    36    1705    (-,-) 
  genblk1[1].multip/mul_24_61_g4486__9945/Z          -       A3->Z  F     XOR3UD1BWP30P140         1  1.9    24    26    1732    (-,-) 
  g50281/ZN                                          -       I->ZN  R     CKND2BWP30P140           9  9.6    25    22    1754    (-,-) 
  g48097/ZN                                          -       A2->ZN F     OAI211D1BWP30P140        1  1.5    52    24    1778    (-,-) 
  registers_reg[1][19]/D                             <<<     -      F     DFCNQD1BWP30P140         1    -     -     0    1778    (-,-) 
#--------------------------------------------------------------------------------------------------------------------------------------


