============================================================
  Generated by:           Genus(TM) Synthesis Solution 22.17-s071_1
  Generated on:           May 07 2025  09:23:50 pm
  Module:                 conv
  Library domain:         timing_cond_0p81v_125c
    Domain index:         0
    Technology library:   tcbn28hpcplusbwp30p140ssg0p81v125c 110
  Operating conditions:   ssg0p81v125c 
  Interconnect mode:      global
  Area mode:              physical library
============================================================

      Instance        Module    Cell Count  Cell Area  Net Area   Total Area 
-----------------------------------------------------------------------------
conv                                  9211  11060.784  4932.925    15993.709 
  genblk1[0].multip Multip             640    615.258   265.329      880.587 
  genblk1[1].multip Multip_557         637    615.132   264.449      879.581 
  genblk1[2].multip Multip_556         637    615.132   264.449      879.581 
  genblk1[3].multip Multip_555         637    615.132   264.449      879.581 
  inv               Inverse           1053   2221.506   494.334     2715.840 
    matrix_a0       MatrixA0           351    740.502   127.134      867.636 
      csa_p0        CSA_3_511           39     82.278    14.126       96.404 
        layer1      FA_537              20     42.462     0.000       42.462 
      csa_p1        CSA_3_510           39     82.278    14.126       96.404 
        layer1      FA_536              20     42.462     0.000       42.462 
      csa_p2        CSA_3_509           39     82.278    14.126       96.404 
        layer1      FA_535              20     42.462     0.000       42.462 
      csa_p3        CSA_3_508           39     82.278    14.126       96.404 
        layer1      FA_534              20     42.462     0.000       42.462 
      csa_p4        CSA_3_507           39     82.278    14.126       96.404 
        layer1      FA_533              20     42.462     0.000       42.462 
      csa_p5        CSA_3_506           39     82.278    14.126       96.404 
        layer1      FA_532              20     42.462     0.000       42.462 
      csa_p6        CSA_3_505           39     82.278    14.126       96.404 
        layer1      FA_531              20     42.462     0.000       42.462 
      csa_p7        CSA_3_504           39     82.278    14.126       96.404 
        layer1      FA_530              20     42.462     0.000       42.462 
      csa_p8        CSA_3_503           39     82.278    14.126       96.404 
        layer1      FA_529              20     42.462     0.000       42.462 
    matrix_a1       MatrixA1           702   1481.004   254.269     1735.273 
      csa_p0        CSA_3               39     82.278    14.126       96.404 
        layer1      FA                  20     42.462     0.000       42.462 
      csa_p1        CSA_3_528           39     82.278    14.126       96.404 
        layer1      FA_554              20     42.462     0.000       42.462 
      csa_p2        CSA_3_527           39     82.278    14.126       96.404 
        layer1      FA_553              20     42.462     0.000       42.462 
      csa_p3        CSA_3_526           39     82.278    14.126       96.404 
        layer1      FA_552              20     42.462     0.000       42.462 
      csa_p4        CSA_3_525           39     82.278    14.126       96.404 
        layer1      FA_551              20     42.462     0.000       42.462 
      csa_p5        CSA_3_524           39     82.278    14.126       96.404 
        layer1      FA_550              20     42.462     0.000       42.462 
      csa_p6        CSA_3_523           39     82.278    14.126       96.404 
        layer1      FA_549              20     42.462     0.000       42.462 
      csa_p7        CSA_3_522           39     82.278    14.126       96.404 
        layer1      FA_548              20     42.462     0.000       42.462 
      csa_p8        CSA_3_521           39     82.278    14.126       96.404 
        layer1      FA_547              20     42.462     0.000       42.462 
      csa_p9        CSA_3_520           39     82.278    14.126       96.404 
        layer1      FA_546              20     42.462     0.000       42.462 
      csa_p10       CSA_3_519           39     82.278    14.126       96.404 
        layer1      FA_545              20     42.462     0.000       42.462 
      csa_p11       CSA_3_518           39     82.278    14.126       96.404 
        layer1      FA_544              20     42.462     0.000       42.462 
      csa_p12       CSA_3_517           39     82.278    14.126       96.404 
        layer1      FA_543              20     42.462     0.000       42.462 
      csa_p13       CSA_3_516           39     82.278    14.126       96.404 
        layer1      FA_542              20     42.462     0.000       42.462 
      csa_p14       CSA_3_515           39     82.278    14.126       96.404 
        layer1      FA_541              20     42.462     0.000       42.462 
      csa_p15       CSA_3_514           39     82.278    14.126       96.404 
        layer1      FA_540              20     42.462     0.000       42.462 
      csa_p16       CSA_3_513           39     82.278    14.126       96.404 
        layer1      FA_539              20     42.462     0.000       42.462 
      csa_p17       CSA_3_512           39     82.278    14.126       96.404 
        layer1      FA_538              20     42.462     0.000       42.462 
  trf               Transform         1971   2904.552   678.923     3583.475 
    matrix_c0       MatrixC0           891   1321.488   292.397     1613.885 
      csa_n0        CSA_2               20     41.958     4.793       46.751 
      csa_n1        CSA_2_498           20     41.958     4.793       46.751 
      csa_n2        CSA_2_493           20     41.958     4.793       46.751 
      csa_n6        CSA_2_502           20     41.958     4.793       46.751 
      csa_n7        CSA_2_497           20     41.958     4.793       46.751 
      csa_n8        CSA_2_492           20     41.958     4.793       46.751 
      csa_n12       CSA_2_501           20     41.958     4.793       46.751 
      csa_n13       CSA_2_496           20     41.958     4.793       46.751 
      csa_n14       CSA_2_491           20     41.958     4.793       46.751 
      csa_n18       CSA_2_500           20     41.958     4.793       46.751 
      csa_n19       CSA_2_495           20     41.958     4.793       46.751 
      csa_n20       CSA_2_490           20     41.958     4.793       46.751 
      csa_n24       CSA_2_499           20     41.958     4.793       46.751 
      csa_n25       CSA_2_494           20     41.958     4.793       46.751 
      csa_n26       CSA_2_489           20     41.958     4.793       46.751 
    matrix_c1       MatrixC1          1080   1583.064   356.256     1939.320 
      csa_n0        CSA_2_488           20     41.958     4.793       46.751 
      csa_n1        CSA_2_487           20     41.958     4.793       46.751 
      csa_n2        CSA_2_486           20     41.958     4.793       46.751 
      csa_n3        CSA_2_485           20     41.958     4.793       46.751 
      csa_n4        CSA_2_484           20     41.958     4.793       46.751 
      csa_n5        CSA_2_483           20     41.958     4.793       46.751 
      csa_n6        CSA_2_482           20     41.958     4.793       46.751 
      csa_n7        CSA_2_481           20     41.958     4.793       46.751 
      csa_n8        CSA_2_480           20     41.958     4.793       46.751 
      csa_n9        CSA_2_479           20     41.958     4.793       46.751 
      csa_n10       CSA_2_478           20     41.958     4.793       46.751 
      csa_n11       CSA_2_477           20     41.958     4.793       46.751 
      csa_n12       CSA_2_476           20     41.958     4.793       46.751 
      csa_n13       CSA_2_475           20     41.958     4.793       46.751 
      csa_n14       CSA_2_474           20     41.958     4.793       46.751 
      csa_n15       CSA_2_473           20     41.958     4.793       46.751 
      csa_n16       CSA_2_472           20     41.958     4.793       46.751 
      csa_n17       CSA_2_471           20     41.958     4.793       46.751 
