============================================================
  Generated by:           Genus(TM) Synthesis Solution 21.12-s068_1
  Generated on:           Jan 28 2026  01:00:02 am
  Module:                 System
  Library domain:         timing_cond_0p81v_125c
    Domain index:         0
    Technology library:   tcbn28hpcplusbwp30p140ssg0p81v125c 110
  Operating conditions:   ssg0p81v125c 
  Interconnect mode:      global
  Area mode:              physical library
============================================================

       Instance         Module    Cell Count  Cell Area  Net Area   Total Area 
-------------------------------------------------------------------------------
System                                 22764  30503.088 11405.751    41908.839 
  control             Control           4469   6933.654  1487.872     8421.526 
  conv                Conv             18295  23569.434  9181.326    32750.760 
    genblk1[0].multip Multip             644    616.644   265.969      882.613 
    genblk1[1].multip Multip_378         560    601.272   236.851      838.123 
    genblk1[2].multip Multip_377         564    602.406   238.105      840.511 
    genblk1[3].multip Multip_376         560    601.272   236.851      838.123 
    genblk1[4].multip Multip_375         564    602.406   238.105      840.511 
    genblk1[5].multip Multip_374         564    602.406   238.105      840.511 
    genblk1[6].multip Multip_373         564    602.406   238.105      840.511 
    genblk1[7].multip Multip_372         564    602.406   238.105      840.511 
    inv               Inverse           3834   6662.124  1749.275     8411.399 
      matrix_a0       MatrixA0          1290   2222.892   507.483     2730.375 
      matrix_a1       MatrixA1          2544   4439.232  1006.985     5446.217 
    mux_mult          MuxMult              3      2.268     0.000        2.268 
    trf               Transform         4502   6763.932  1887.088     8651.020 
      matrix_c0       MatrixC0          2064   3122.280   681.426     3803.706 
      matrix_c1       MatrixC1          2438   3641.652   804.272     4445.924 
