============================================================
  Generated by:           Genus(TM) Synthesis Solution 21.12-s068_1
  Generated on:           Jan 23 2026  10:46:23 pm
  Module:                 conv
  Library domain:         timing_cond_0p81v_125c
    Domain index:         0
    Technology library:   tcbn28hpcplusbwp30p140ssg0p81v125c 110
  Operating conditions:   ssg0p81v125c 
  Interconnect mode:      global
  Area mode:              physical library
============================================================

 Instance    Module     Cell Count  Cell Area  Net Area   Total Area 
---------------------------------------------------------------------
conv                         13327  15345.666  5948.875    21294.541 
  macOp   macoperation        9399  10188.360  3859.308    14047.668 
    sps   CSA_9                594    679.896   197.551      877.447 
      L1a FA                    85     95.634     7.820      103.454 
      L1b FA_31                 60     84.924     4.036       88.960 
      L1c FA_30                 73     94.122     5.802       99.924 
      L2a FA_5_32               76     85.554     6.559       92.113 
      L2b FA_4                  73     75.852     5.802       81.654 
      L3  FA_5                  68     74.970     5.297       80.267 
      L4  FA_6                  64     78.498     4.288       82.786 
