============================================================
  Generated by:           Genus(TM) Synthesis Solution 21.12-s068_1
  Generated on:           Jan 23 2026  10:46:40 pm
  Module:                 conv
  Operating conditions:   ssg0p81v125c 
  Operating conditions:   tt0p9v25c 
  Operating conditions:   ffg0p99vm40c 
  Interconnect mode:      global
  Area mode:              physical library
============================================================


Path 1: MET (373 ps) Setup Check with Pin outputMAP_reg[0][13]/CP->D
           View: analysis_view_0p99v_m40c_capbst_fastest
          Group: clk
     Startpoint: (R) weights[5][7]
          Clock: (R) clk
       Endpoint: (R) outputMAP_reg[0][13]/D
          Clock: (R) clk

                     Capture       Launch     
        Clock Edge:+    2000            0     
        Drv Adjust:+       0            5     
       Src Latency:+       0            0     
       Net Latency:+       0 (I)        0 (I) 
           Arrival:=    2000            5     
                                              
             Setup:-      18                  
     Required Time:=    1982                  
      Launch Clock:-       5                  
       Input Delay:-    1000                  
         Data Path:-     604                  
             Slack:=     373                  

Exceptions/Constraints:
  input_delay             1000            tmp_sdc_analysis_vie_1_line_796 

#---------------------------------------------------------------------------------------------------------------------
#           Timing Point            Flags    Arc   Edge        Cell          Fanout Load Trans Delay Arrival Instance 
#                                                                                   (fF)  (ps)  (ps)   (ps)  Location 
#---------------------------------------------------------------------------------------------------------------------
  weights[5][7]                     -       -      R     (arrival)                1  2.8    11     0    1005    (-,-) 
  macOp/mul_87_50_I6_g14911/ZN      -       I->ZN  F     INVD3BWP30P140           6 12.6    15    12    1017    (-,-) 
  macOp/mul_87_50_I6_g14903/ZN      -       I->ZN  R     INVD6BWP30P140          22 40.0    23    18    1036    (-,-) 
  macOp/mul_87_50_I6_g14834/Z       -       I0->Z  R     MUX2OPTD4BWP30P140       7 11.1    13    22    1058    (-,-) 
  macOp/mul_87_50_I6_g14531/Z       -       A1->Z  R     OR2D4BWP30P140          17 23.7    21    24    1082    (-,-) 
  macOp/mul_87_50_I6_g14505/ZN      -       I->ZN  F     INVD3BWP30P140           3  4.8    10     8    1090    (-,-) 
  macOp/mul_87_50_I6_g14480/ZN      -       A1->ZN F     INR2D1BWP30P140          1  2.2    12    16    1106    (-,-) 
  macOp/g15539/ZN                   -       B->ZN  R     IAO21D2BWP30P140         3  4.1    14    12    1118    (-,-) 
  macOp/mul_87_50_I6_g14160/ZN      -       A1->ZN F     AOI21D1BWP30P140         1  2.2    18    14    1133    (-,-) 
  macOp/g15516/ZN                   -       B->ZN  R     IAO21D2BWP30P140         2  5.0    18    15    1148    (-,-) 
  macOp/mul_87_50_I6_g14049/ZN      -       A1->ZN F     XNR2D1BWP30P140          1  2.7    12    20    1168    (-,-) 
  macOp/mul_87_50_I6_g15019/Z       -       A1->Z  F     XOR2OPTND2BWP30P140      2  3.5    21    15    1183    (-,-) 
  macOp/mul_87_50_I6_g13923/ZN      -       B->ZN  R     MAOI222D1BWP30P140       1  2.3    26    23    1206    (-,-) 
  macOp/mul_87_50_I6_g13916/ZN      -       I->ZN  F     INVD2BWP30P140           2  2.8    10     8    1214    (-,-) 
  macOp/mul_87_50_I6_g13900/Z       -       A2->Z  F     OR2D1BWP30P140           3  3.9    15    20    1233    (-,-) 
  macOp/mul_87_50_I6_g13887/ZN      -       A2->ZN R     ND2OPTIBD1BWP30P140      1  2.3    16    14    1247    (-,-) 
  macOp/mul_87_50_I6_g13811/ZN      -       A2->ZN F     OAI21D2BWP30P140         1  3.0    15    13    1260    (-,-) 
  macOp/mul_87_50_I6_g13808/CO      -       CI->CO F     FA1OPTCD2BWP30P140       1  3.0    10    16    1276    (-,-) 
  macOp/mul_87_50_I6_g13807/CO      -       CI->CO F     FA1OPTCD2BWP30P140       4  7.3    16    19    1295    (-,-) 
  macOp/mul_87_50_I6_g13806/ZN      -       I->ZN  R     CKND1BWP30P140           1  2.2    12    11    1307    (-,-) 
  macOp/mul_87_50_I6_g13802/ZN      -       A1->ZN F     OAI21D2BWP30P140         1  2.7    17    11    1317    (-,-) 
  macOp/mul_87_50_I6_g13800/ZN      -       A1->ZN F     XNR2OPTND2BWP30P140      2  3.5    20    16    1334    (-,-) 
  macOp/sps/L1b/g1580__6783/ZN      -       B->ZN  R     MAOI222D1BWP30P140       1  1.7    23    20    1354    (-,-) 
  macOp/sps/L1b/g1563/ZN            -       I->ZN  F     CKND1BWP30P140           2  3.0    16    14    1368    (-,-) 
  macOp/sps/L2b/g1634__6417/Z       -       A1->Z  R     XOR3D1BWP30P140          2  4.1    17    43    1411    (-,-) 
  macOp/sps/L3/g1432__6161/Z        -       A2->Z  F     XOR3D1BWP30P140          2  3.5    15    36    1446    (-,-) 
  macOp/sps/L4/g1562__4733/ZN       -       B->ZN  R     MAOI222D1BWP30P140       1  1.7    23    19    1465    (-,-) 
  macOp/sps/L4/g1542/ZN             -       I->ZN  F     CKND1BWP30P140           2  3.1    16    14    1479    (-,-) 
  macOp/sps/add_49_22_g978__3680/ZN -       A2->ZN R     NR2OPTPAD1BWP30P140      4  5.5    26    21    1500    (-,-) 
  macOp/sps/add_49_22_g925__8246/Z  -       A2->Z  R     OA21D1BWP30P140          1  1.7    10    20    1520    (-,-) 
  macOp/sps/add_49_22_g922__2802/Z  -       A1->Z  R     OA21D1BWP30P140          1  2.1    11    16    1537    (-,-) 
  macOp/sps/add_49_22_g904__9945/ZN -       A2->ZN F     ND2OPTIBD2BWP30P140      2  3.2    13    11    1548    (-,-) 
  macOp/sps/add_49_22_g903/ZN       -       I->ZN  R     CKND1BWP30P140           1  2.3    12    11    1559    (-,-) 
  macOp/sps/add_49_22_g897__1881/ZN -       A1->ZN R     XNR2UD1BWP30P140         9 11.5    96    50    1609    (-,-) 
  outputMAP_reg[0][13]/D            <<<     -      R     DFCNQD1BWP30P140         9    -     -     0    1609    (-,-) 
#---------------------------------------------------------------------------------------------------------------------


