============================================================
  Generated by:           Genus(TM) Synthesis Solution 21.12-s068_1
  Generated on:           Aug 30 2026  06:33:04 pm
  Module:                 Conv
  Operating conditions:   ssg0p81v125c 
  Operating conditions:   tt0p9v25c 
  Operating conditions:   ffg0p99vm40c 
  Interconnect mode:      global
  Area mode:              physical library
============================================================


Path 1: MET (411 ps) Late External Delay Assertion at pin p_output_data_write[19]
           View: analysis_view_0p99v_m40c_capbst_fastest
          Group: clk
     Startpoint: (R) r_output_write_count_reg[0]/CP
          Clock: (R) clk
       Endpoint: (F) p_output_data_write[19]
          Clock: (R) clk

                     Capture       Launch     
        Clock Edge:+    2000            0     
       Src Latency:+       0            0     
       Net Latency:+       0 (I)        0 (I) 
           Arrival:=    2000            0     
                                              
      Output Delay:-    1000                  
     Required Time:=    1000                  
      Launch Clock:-       0                  
         Data Path:-     589                  
             Slack:=     411                  

Exceptions/Constraints:
  output_delay             1000            tmp_sdc_analysis_vie_1_line_259 

#-----------------------------------------------------------------------------------------------------------------
#         Timing Point           Flags    Arc   Edge        Cell         Fanout Load Trans Delay Arrival Instance 
#                                                                               (fF)  (ps)  (ps)   (ps)  Location 
#-----------------------------------------------------------------------------------------------------------------
  r_output_write_count_reg[0]/CP -       -      R     (arrival)               8    -     0     0       0    (-,-) 
  r_output_write_count_reg[0]/Q  -       CP->Q  F     EDFCND1BWP30P140        8  9.6    32    45      45    (-,-) 
  g20848/ZN                      -       A2->ZN R     ND2D1BWP30P140          7 11.5    42    34      80    (-,-) 
  g20794/ZN                      -       I->ZN  F     CKND6BWP30P140         37 41.5    29    24     104    (-,-) 
  g20553/ZN                      -       B1->ZN R     AOI22D1BWP30P140        1  1.7    19    21     125    (-,-) 
  g20409/ZN                      -       A1->ZN F     ND2D1BWP30P140          1  3.1    22    17     142    (-,-) 
  add_657_69_g480/CO             -       A->CO  F     FA1D1BWP30P140          1  2.4    12    31     172    (-,-) 
  add_657_69_g479/CO             -       CI->CO F     FA1D1BWP30P140          1  2.4    12    24     197    (-,-) 
  add_657_69_g478/CO             -       CI->CO F     FA1D1BWP30P140          1  2.4    13    24     221    (-,-) 
  add_657_69_g477/CO             -       CI->CO F     FA1D1BWP30P140          1  3.0    14    25     246    (-,-) 
  add_657_69_g476/CO             -       CI->CO F     FA1OPTCD1BWP30P140      1  3.0    14    20     266    (-,-) 
  add_657_69_g475/CO             -       CI->CO F     FA1OPTCD1BWP30P140      1  3.0    14    20     285    (-,-) 
  add_657_69_g474/CO             -       CI->CO F     FA1OPTCD1BWP30P140      1  2.4    13    18     304    (-,-) 
  add_657_69_g473/CO             -       CI->CO F     FA1D1BWP30P140          1  3.0    14    25     329    (-,-) 
  add_657_69_g472/CO             -       CI->CO F     FA1OPTCD1BWP30P140      1  3.0    14    20     349    (-,-) 
  add_657_69_g471/CO             -       CI->CO F     FA1OPTCD1BWP30P140      1  2.4    13    18     367    (-,-) 
  add_657_69_g470/CO             -       CI->CO F     FA1D1BWP30P140          1  2.4    12    24     391    (-,-) 
  add_657_69_g469/CO             -       CI->CO F     FA1D1BWP30P140          1  2.4    12    24     416    (-,-) 
  add_657_69_g468/CO             -       CI->CO F     FA1D1BWP30P140          1  2.4    12    24     440    (-,-) 
  add_657_69_g467/CO             -       CI->CO F     FA1D1BWP30P140          1  2.4    12    24     464    (-,-) 
  add_657_69_g466/CO             -       CI->CO F     FA1D1BWP30P140          1  2.4    12    24     488    (-,-) 
  add_657_69_g465/CO             -       CI->CO F     FA1D1BWP30P140          1  2.4    12    24     512    (-,-) 
  add_657_69_g464/CO             -       CI->CO F     FA1D1BWP30P140          1  2.4    12    24     536    (-,-) 
  add_657_69_g463/CO             -       CI->CO F     FA1D1BWP30P140          1  1.8    11    23     559    (-,-) 
  add_657_69_g462/Z              -       A3->Z  F     XOR3UD1BWP30P140        1  5.2    34    30     589    (-,-) 
  p_output_data_write[19]        <<<     -      F     (port)                  -    -     -     0     589    (-,-) 
#-----------------------------------------------------------------------------------------------------------------


