============================================================
  Generated by:           Genus(TM) Synthesis Solution 21.12-s068_1
  Generated on:           Oct 08 2026  11:34:37 pm
  Module:                 Conv
  Operating conditions:   ssg0p81v125c 
  Operating conditions:   tt0p9v25c 
  Operating conditions:   ffg0p99vm40c 
  Interconnect mode:      global
  Area mode:              physical library
============================================================


Path 1: MET (394 ps) Late External Delay Assertion at pin p_output_data_write[31]
           View: analysis_view_0p99v_m40c_capbst_fastest
          Group: clk
     Startpoint: (R) r_output_write_count_reg[1]/CP
          Clock: (R) clk
       Endpoint: (F) p_output_data_write[31]
          Clock: (R) clk

                     Capture       Launch     
        Clock Edge:+    2000            0     
       Src Latency:+       0            0     
       Net Latency:+       0 (I)        0 (I) 
           Arrival:=    2000            0     
                                              
      Output Delay:-    1000                  
     Required Time:=    1000                  
      Launch Clock:-       0                  
         Data Path:-     606                  
             Slack:=     394                  

Exceptions/Constraints:
  output_delay             1000            tmp_sdc_analysis_vie_1_line_379 

#----------------------------------------------------------------------------------------------------------------
#         Timing Point           Flags    Arc   Edge       Cell         Fanout Load Trans Delay Arrival Instance 
#                                                                              (fF)  (ps)  (ps)   (ps)  Location 
#----------------------------------------------------------------------------------------------------------------
  r_output_write_count_reg[1]/CP -       -      R     (arrival)              4    -     0     0       0    (-,-) 
  r_output_write_count_reg[1]/Q  -       CP->Q  F     DFCNQD2BWP30P140      36 42.9    67    73      73    (-,-) 
  g153325/CO                     -       B->CO  F     HA1D2BWP30P140        59 66.0   105    80     153    (-,-) 
  g124107/ZN                     -       I->ZN  R     CKND1BWP30P140        12 14.4    70    64     218    (-,-) 
  g123300/ZN                     -       A1->ZN F     OAI211D1BWP30P140      1  3.0    43    33     251    (-,-) 
  add_1011_76_I2_g379/CO         -       B->CO  F     FA1D1BWP30P140         1  2.4    13    36     287    (-,-) 
  add_1011_76_I2_g378/CO         -       CI->CO F     FA1D1BWP30P140         1  2.4    13    24     311    (-,-) 
  add_1011_76_I2_g377/CO         -       CI->CO F     FA1D1BWP30P140         1  2.4    13    24     336    (-,-) 
  add_1011_76_I2_g376/CO         -       CI->CO F     FA1D1BWP30P140         1  2.4    12    24     360    (-,-) 
  add_1011_76_I2_g375/CO         -       CI->CO F     FA1D1BWP30P140         1  2.4    12    24     384    (-,-) 
  add_1011_76_I2_g374/CO         -       CI->CO F     FA1D1BWP30P140         1  2.4    12    24     408    (-,-) 
  add_1011_76_I2_g373/CO         -       CI->CO F     FA1D1BWP30P140         1  2.4    12    24     432    (-,-) 
  add_1011_76_I2_g372/CO         -       CI->CO F     FA1D1BWP30P140         1  2.4    12    24     457    (-,-) 
  add_1011_76_I2_g371/CO         -       CI->CO F     FA1D1BWP30P140         1  2.4    12    24     481    (-,-) 
  add_1011_76_I2_g370/CO         -       CI->CO F     FA1D1BWP30P140         1  2.4    12    24     505    (-,-) 
  add_1011_76_I2_g369/CO         -       CI->CO F     FA1D1BWP30P140         1  2.4    12    24     529    (-,-) 
  add_1011_76_I2_g368/CO         -       CI->CO F     FA1D1BWP30P140         1  2.4    12    24     553    (-,-) 
  add_1011_76_I2_g367/CO         -       CI->CO F     FA1D1BWP30P140         1  1.8    11    23     576    (-,-) 
  add_1011_76_I2_g366/Z          -       A3->Z  F     XOR3UD1BWP30P140       1  5.2    34    30     606    (-,-) 
  p_output_data_write[31]        <<<     -      F     (port)                 -    -     -     0     606    (-,-) 
#----------------------------------------------------------------------------------------------------------------


