============================================================
  Generated by:           Genus(TM) Synthesis Solution 21.12-s068_1
  Generated on:           Oct 08 2026  11:15:26 pm
  Module:                 Conv
  Operating conditions:   ssg0p81v125c 
  Interconnect mode:      global
  Area mode:              physical library
============================================================


Path 1: MET (45 ps) Late External Delay Assertion at pin p_output_data_write[31]
           View: analysis_view_0p81v_125c_capwst_slowest
          Group: clk
     Startpoint: (R) r_output_write_count_reg[0]/CP
          Clock: (R) clk
       Endpoint: (F) p_output_data_write[31]
          Clock: (R) clk

                     Capture       Launch     
        Clock Edge:+    2000            0     
       Src Latency:+       0            0     
       Net Latency:+       0 (I)        0 (I) 
           Arrival:=    2000            0     
                                              
      Output Delay:-    1000                  
     Required Time:=    1000                  
      Launch Clock:-       0                  
         Data Path:-     955                  
             Slack:=      45                  

Exceptions/Constraints:
  output_delay             1000            constraints.sdc_line_25_134_1 

#------------------------------------------------------------------------------------------------------------------
#         Timing Point           Flags    Arc   Edge        Cell          Fanout Load Trans Delay Arrival Instance 
#                                                                                (fF)  (ps)  (ps)   (ps)  Location 
#------------------------------------------------------------------------------------------------------------------
  r_output_write_count_reg[0]/CP -       -      R     (arrival)               53    -     0     0       0    (-,-) 
  r_output_write_count_reg[0]/Q  -       CP->Q  R     SDFCNQARD1BWP30P140     40 46.4   266   194     194    (-,-) 
  g37549/ZN                      -       I->ZN  F     CKND2BWP30P140          29 31.0   142   113     308    (-,-) 
  g36919/Z                       -       S->Z   F     CKMUX2D0BWP30P140        1  2.7    35    68     375    (-,-) 
  add_1025_76_I2_g378/CO         -       A->CO  F     FA1D1BWP30P140           1  2.1    22    55     431    (-,-) 
  add_1025_76_I2_g377/CO         -       CI->CO F     FA1D1BWP30P140           1  2.1    22    43     474    (-,-) 
  add_1025_76_I2_g376/CO         -       CI->CO F     FA1D1BWP30P140           1  2.1    22    43     517    (-,-) 
  add_1025_76_I2_g375/CO         -       CI->CO F     FA1D1BWP30P140           1  2.1    22    43     561    (-,-) 
  add_1025_76_I2_g374/CO         -       CI->CO F     FA1D1BWP30P140           1  2.1    22    43     604    (-,-) 
  add_1025_76_I2_g373/CO         -       CI->CO F     FA1D1BWP30P140           1  2.1    22    43     648    (-,-) 
  add_1025_76_I2_g372/CO         -       CI->CO F     FA1D1BWP30P140           1  2.1    22    43     691    (-,-) 
  add_1025_76_I2_g371/CO         -       CI->CO F     FA1D1BWP30P140           1  2.1    22    43     734    (-,-) 
  add_1025_76_I2_g370/CO         -       CI->CO F     FA1D1BWP30P140           1  2.1    22    43     778    (-,-) 
  add_1025_76_I2_g369/CO         -       CI->CO F     FA1D1BWP30P140           1  2.1    22    43     821    (-,-) 
  add_1025_76_I2_g368/CO         -       CI->CO F     FA1D1BWP30P140           1  2.1    22    43     865    (-,-) 
  add_1025_76_I2_g367/CO         -       CI->CO F     FA1D1BWP30P140           1  1.3    18    40     904    (-,-) 
  add_1025_76_I2_g366/Z          -       A3->Z  F     XOR3UD1BWP30P140         1  4.8    58    50     954    (-,-) 
  p_output_data_write[31]        <<<     -      F     (port)                   -    -     -     0     955    (-,-) 
#------------------------------------------------------------------------------------------------------------------


