#-----------------------------------------------------------
# Vivado v2023.2 (64-bit)
# SW Build 4029153 on Fri Oct 13 20:13:54 MDT 2023
# IP Build 4028589 on Sat Oct 14 00:45:43 MDT 2023
# SharedData Build 4025554 on Tue Oct 10 17:18:54 MDT 2023
# Start of session at: Thu Oct  1 12:37:31 2026
# Process ID: 872767
# Current directory: /home/tarsio.onofrio
# Command line: vivado -mode batch -source /sim/tarsio/fastconv-ifn9-explore-bfb5ba8a/rtl/stream-column/fpga_zcu104/scripts/power_p3f.tcl -log /sim/tarsio/reports-conv3x3-ifn9-explore-149bd5be/ifn9.p3f.vivado.log -journal /sim/tarsio/reports-conv3x3-ifn9-explore-149bd5be/ifn9.p3f.vivado.jou -tclargs /sim/tarsio/reports-conv3x3-ifn9-explore-149bd5be ifn9 /sim/tarsio/reports-conv3x3-ifn9-explore-149bd5be/ifn9/dut/activity_dut.saif /sim/tarsio/reports-conv3x3-ifn9-explore-149bd5be/ifn9/top/activity_top.saif
# Log file: /sim/tarsio/reports-conv3x3-ifn9-explore-149bd5be/ifn9.p3f.vivado.log
# Journal file: /sim/tarsio/reports-conv3x3-ifn9-explore-149bd5be/ifn9.p3f.vivado.jou
# Running On: paxos.inf.pucrs.br, OS: Linux, CPU Frequency: 3100.000 MHz, CPU Physical cores: 14, Host memory: 134319 MB
#-----------------------------------------------------------
source /sim/tarsio/fastconv-ifn9-explore-bfb5ba8a/rtl/stream-column/fpga_zcu104/scripts/power_p3f.tcl
# if {$argc != 4} { error "usage: power_p3f.tcl <output-root> <algorithm> <dut-saif> <top-saif>" }
# set output_root [file normalize [lindex $argv 0]]
# set algorithm [lindex $argv 1]
# set dut_saif [file normalize [lindex $argv 2]]
# set top_saif [file normalize [lindex $argv 3]]
# set run_dir [file join $output_root $algorithm]
# foreach corner {typical maximum} {
#   open_checkpoint [file join $run_dir design_routed.dcp]
#   reset_switching_activity -all
#   read_saif -strip_path tb_power_stream_column/dut -out_file [file join $run_dir p3f_mapping_internal_${corner}.rpt] $dut_saif
#   read_saif -strip_path tb_power_stream_column -out_file [file join $run_dir p3f_mapping_ports_${corner}.rpt] $top_saif
#   reset_operating_conditions
#   set_operating_conditions -process $corner -ambient_temp 25
#   report_operating_conditions -file [file join $run_dir operating_conditions_p3f_${corner}.rpt]
#   report_power -hier all -file [file join $run_dir power_p3f_${corner}.rpt]
#   close_design
# }
Command: open_checkpoint /sim/tarsio/reports-conv3x3-ifn9-explore-149bd5be/ifn9/design_routed.dcp

Starting open_checkpoint Task

Time (s): cpu = 00:00:00.03 ; elapsed = 00:00:00.02 . Memory (MB): peak = 1307.578 ; gain = 0.000 ; free physical = 25134 ; free virtual = 107885
INFO: [Device 21-403] Loading part xczu7ev-ffvc1156-2-e
Netlist sorting complete. Time (s): cpu = 00:00:00.01 ; elapsed = 00:00:00.02 . Memory (MB): peak = 2417.578 ; gain = 0.000 ; free physical = 24019 ; free virtual = 106770
INFO: [Netlist 29-17] Analyzing 737 Unisim elements for replacement
INFO: [Netlist 29-28] Unisim Transformation completed in 0 CPU seconds
WARNING: [Netlist 29-101] Netlist 'Conv' is not ideal for floorplanning, since the cellview 'Conv' contains a large number of primitives.  Please consider enabling hierarchy in synthesis if you want to do floorplanning.
INFO: [Project 1-479] Netlist was created with Vivado 2023.2
INFO: [Project 1-570] Preparing netlist for logic optimization
Read ShapeDB Complete: Time (s): cpu = 00:00:00.01 ; elapsed = 00:00:00.01 . Memory (MB): peak = 2417.578 ; gain = 0.000 ; free physical = 24019 ; free virtual = 106770
INFO: [Timing 38-478] Restoring timing data from binary archive.
INFO: [Timing 38-479] Binary timing data restore complete.
INFO: [Project 1-856] Restoring constraints from binary archive.
INFO: [Project 1-853] Binary constraint restore complete.
INFO: [Designutils 20-5722] Start Reading Physical Databases.
Reading placement.
Read Netlist Cache: Time (s): cpu = 00:00:00.01 ; elapsed = 00:00:00 . Memory (MB): peak = 2862.133 ; gain = 0.000 ; free physical = 23745 ; free virtual = 106496
Reading placer database...
Read Device Cache: Time (s): cpu = 00:00:00.02 ; elapsed = 00:00:00.02 . Memory (MB): peak = 2862.133 ; gain = 0.000 ; free physical = 23739 ; free virtual = 106490
Read PlaceDB: Time (s): cpu = 00:00:00.2 ; elapsed = 00:00:00.2 . Memory (MB): peak = 2862.133 ; gain = 0.000 ; free physical = 23735 ; free virtual = 106486
Read PulsedLatchDB: Time (s): cpu = 00:00:00 ; elapsed = 00:00:00 . Memory (MB): peak = 2862.133 ; gain = 0.000 ; free physical = 23735 ; free virtual = 106486
Reading routing.
Read RouteStorage: Time (s): cpu = 00:00:00.14 ; elapsed = 00:00:00.15 . Memory (MB): peak = 2881.977 ; gain = 19.844 ; free physical = 23733 ; free virtual = 106484
Read Physdb Files: Time (s): cpu = 00:00:00.38 ; elapsed = 00:00:00.38 . Memory (MB): peak = 2881.977 ; gain = 19.844 ; free physical = 23733 ; free virtual = 106484
Restored from archive | CPU: 0.420000 secs | Memory: 10.134521 MB |
Finished XDEF File Restore: Time (s): cpu = 00:00:00.41 ; elapsed = 00:00:00.42 . Memory (MB): peak = 2881.977 ; gain = 19.844 ; free physical = 23733 ; free virtual = 106484
Netlist sorting complete. Time (s): cpu = 00:00:00 ; elapsed = 00:00:00 . Memory (MB): peak = 3262.555 ; gain = 0.000 ; free physical = 23332 ; free virtual = 106083
INFO: [Project 1-111] Unisim Transformation Summary:
  A total of 171 instances were transformed.
  DSP48E2 => DSP48E2 (DSP_ALU, DSP_A_B_DATA, DSP_C_DATA, DSP_MULTIPLIER, DSP_M_DATA, DSP_OUTPUT, DSP_PREADD, DSP_PREADD_DATA): 6 instances
  IBUF => IBUF (IBUFCTRL, INBUF): 165 instances

INFO: [Project 1-604] Checkpoint was created with Vivado v2023.2 (64-bit) build 4029153
open_checkpoint: Time (s): cpu = 00:00:20 ; elapsed = 00:00:21 . Memory (MB): peak = 3262.590 ; gain = 1955.012 ; free physical = 23332 ; free virtual = 106083
INFO: [Power 33-167] Parsing SAIF file /sim/tarsio/reports-conv3x3-ifn9-explore-149bd5be/ifn9/dut/activity_dut.saif
WARNING: [Power 33-330] Read_saif is trying to annotate activities on clock net and this will be ignored. Users shall manually specify clock net frequency using sdc timing constraints(e.g. create_clock)
INFO: [Power 33-177] SAIF annotation done from file /sim/tarsio/reports-conv3x3-ifn9-explore-149bd5be/ifn9/dut/activity_dut.saif
INFO: [Power 33-26] Design nets matched = 10045 of 10297
INFO: [Power 33-167] Parsing SAIF file /sim/tarsio/reports-conv3x3-ifn9-explore-149bd5be/ifn9/top/activity_top.saif
WARNING: [Power 33-330] Read_saif is trying to annotate activities on clock net and this will be ignored. Users shall manually specify clock net frequency using sdc timing constraints(e.g. create_clock)
INFO: [Power 33-177] SAIF annotation done from file /sim/tarsio/reports-conv3x3-ifn9-explore-149bd5be/ifn9/top/activity_top.saif
INFO: [Power 33-26] Design nets matched = 10297 of 10297
Command: report_power -hier all -file /sim/tarsio/reports-conv3x3-ifn9-explore-149bd5be/ifn9/power_p3f_typical.rpt
18 Infos, 3 Warnings, 0 Critical Warnings and 0 Errors encountered.
report_power completed successfully
Command: open_checkpoint /sim/tarsio/reports-conv3x3-ifn9-explore-149bd5be/ifn9/design_routed.dcp

Starting open_checkpoint Task

Time (s): cpu = 00:00:00 ; elapsed = 00:00:00.01 . Memory (MB): peak = 3551.867 ; gain = 0.000 ; free physical = 23254 ; free virtual = 106005
Netlist sorting complete. Time (s): cpu = 00:00:00.02 ; elapsed = 00:00:00.03 . Memory (MB): peak = 3551.867 ; gain = 0.000 ; free physical = 23254 ; free virtual = 106005
INFO: [Netlist 29-17] Analyzing 737 Unisim elements for replacement
INFO: [Netlist 29-28] Unisim Transformation completed in 0 CPU seconds
WARNING: [Netlist 29-101] Netlist 'Conv' is not ideal for floorplanning, since the cellview 'Conv' contains a large number of primitives.  Please consider enabling hierarchy in synthesis if you want to do floorplanning.
INFO: [Project 1-479] Netlist was created with Vivado 2023.2
INFO: [Project 1-570] Preparing netlist for logic optimization
Read ShapeDB Complete: Time (s): cpu = 00:00:00.01 ; elapsed = 00:00:00.02 . Memory (MB): peak = 3551.867 ; gain = 0.000 ; free physical = 23254 ; free virtual = 106005
INFO: [Timing 38-478] Restoring timing data from binary archive.
INFO: [Timing 38-479] Binary timing data restore complete.
INFO: [Project 1-856] Restoring constraints from binary archive.
INFO: [Project 1-853] Binary constraint restore complete.
INFO: [Designutils 20-5722] Start Reading Physical Databases.
Reading placement.
Read Netlist Cache: Time (s): cpu = 00:00:00.01 ; elapsed = 00:00:00.01 . Memory (MB): peak = 3551.867 ; gain = 0.000 ; free physical = 23242 ; free virtual = 105993
Reading placer database...
Read Device Cache: Time (s): cpu = 00:00:00.02 ; elapsed = 00:00:00.02 . Memory (MB): peak = 3551.867 ; gain = 0.000 ; free physical = 23242 ; free virtual = 105993
Read PlaceDB: Time (s): cpu = 00:00:00.21 ; elapsed = 00:00:00.2 . Memory (MB): peak = 3551.867 ; gain = 0.000 ; free physical = 23242 ; free virtual = 105993
Read PulsedLatchDB: Time (s): cpu = 00:00:00 ; elapsed = 00:00:00 . Memory (MB): peak = 3551.867 ; gain = 0.000 ; free physical = 23242 ; free virtual = 105993
Reading routing.
Read RouteStorage: Time (s): cpu = 00:00:00.13 ; elapsed = 00:00:00.14 . Memory (MB): peak = 3551.867 ; gain = 0.000 ; free physical = 23242 ; free virtual = 105993
Read Physdb Files: Time (s): cpu = 00:00:00.38 ; elapsed = 00:00:00.39 . Memory (MB): peak = 3551.867 ; gain = 0.000 ; free physical = 23242 ; free virtual = 105993
Restored from archive | CPU: 0.390000 secs | Memory: 9.074417 MB |
Finished XDEF File Restore: Time (s): cpu = 00:00:00.38 ; elapsed = 00:00:00.39 . Memory (MB): peak = 3551.867 ; gain = 0.000 ; free physical = 23242 ; free virtual = 105993
Netlist sorting complete. Time (s): cpu = 00:00:00 ; elapsed = 00:00:00 . Memory (MB): peak = 3551.867 ; gain = 0.000 ; free physical = 23242 ; free virtual = 105993
INFO: [Project 1-111] Unisim Transformation Summary:
  A total of 171 instances were transformed.
  DSP48E2 => DSP48E2 (DSP_ALU, DSP_A_B_DATA, DSP_C_DATA, DSP_MULTIPLIER, DSP_M_DATA, DSP_OUTPUT, DSP_PREADD, DSP_PREADD_DATA): 6 instances
  IBUF => IBUF (IBUFCTRL, INBUF): 165 instances

INFO: [Project 1-604] Checkpoint was created with Vivado v2023.2 (64-bit) build 4029153
INFO: [Power 33-167] Parsing SAIF file /sim/tarsio/reports-conv3x3-ifn9-explore-149bd5be/ifn9/dut/activity_dut.saif
WARNING: [Power 33-330] Read_saif is trying to annotate activities on clock net and this will be ignored. Users shall manually specify clock net frequency using sdc timing constraints(e.g. create_clock)
INFO: [Power 33-177] SAIF annotation done from file /sim/tarsio/reports-conv3x3-ifn9-explore-149bd5be/ifn9/dut/activity_dut.saif
INFO: [Power 33-26] Design nets matched = 10045 of 10297
INFO: [Power 33-167] Parsing SAIF file /sim/tarsio/reports-conv3x3-ifn9-explore-149bd5be/ifn9/top/activity_top.saif
WARNING: [Power 33-330] Read_saif is trying to annotate activities on clock net and this will be ignored. Users shall manually specify clock net frequency using sdc timing constraints(e.g. create_clock)
INFO: [Power 33-177] SAIF annotation done from file /sim/tarsio/reports-conv3x3-ifn9-explore-149bd5be/ifn9/top/activity_top.saif
INFO: [Power 33-26] Design nets matched = 10297 of 10297
Command: report_power -hier all -file /sim/tarsio/reports-conv3x3-ifn9-explore-149bd5be/ifn9/power_p3f_maximum.rpt
17 Infos, 3 Warnings, 0 Critical Warnings and 0 Errors encountered.
report_power completed successfully
# exit
INFO: [Common 17-206] Exiting Vivado at Thu Oct  1 12:38:22 2026...
