#-----------------------------------------------------------
# Vivado v2023.2 (64-bit)
# SW Build 4029153 on Fri Oct 13 20:13:54 MDT 2023
# IP Build 4028589 on Sat Oct 14 00:45:43 MDT 2023
# SharedData Build 4025554 on Tue Oct 10 17:18:54 MDT 2023
# Start of session at: Thu Oct  1 12:36:07 2026
# Process ID: 872191
# Current directory: /home/tarsio.onofrio
# Command line: vivado -mode batch -source /sim/tarsio/fastconv-ifn9-explore-bfb5ba8a/rtl/stream-column/fpga_zcu104/scripts/prepare_funcsim.tcl -log /sim/tarsio/reports-conv3x3-ifn9-explore-149bd5be/ifn9.funcsim_prepare.vivado.log -journal /sim/tarsio/reports-conv3x3-ifn9-explore-149bd5be/ifn9.funcsim_prepare.vivado.jou -tclargs /sim/tarsio/reports-conv3x3-ifn9-explore-149bd5be/ifn9/design_routed.dcp /sim/tarsio/reports-conv3x3-ifn9-explore-149bd5be/ifn9/design_routed_funcsim.v /sim/tarsio/reports-conv3x3-ifn9-explore-149bd5be/simlibs_unisim
# Log file: /sim/tarsio/reports-conv3x3-ifn9-explore-149bd5be/ifn9.funcsim_prepare.vivado.log
# Journal file: /sim/tarsio/reports-conv3x3-ifn9-explore-149bd5be/ifn9.funcsim_prepare.vivado.jou
# Running On: paxos.inf.pucrs.br, OS: Linux, CPU Frequency: 3100.000 MHz, CPU Physical cores: 14, Host memory: 134319 MB
#-----------------------------------------------------------
source /sim/tarsio/fastconv-ifn9-explore-bfb5ba8a/rtl/stream-column/fpga_zcu104/scripts/prepare_funcsim.tcl
# if {$argc != 3} { error "usage: prepare_funcsim.tcl <routed-dcp> <netlist.v> <simlib-dir>" }
# set dcp [file normalize [lindex $argv 0]]
# set netlist [file normalize [lindex $argv 1]]
# set simlib_dir [file normalize [lindex $argv 2]]
# open_checkpoint $dcp
Command: open_checkpoint /sim/tarsio/reports-conv3x3-ifn9-explore-149bd5be/ifn9/design_routed.dcp

Starting open_checkpoint Task

Time (s): cpu = 00:00:00.02 ; elapsed = 00:00:00.02 . Memory (MB): peak = 1360.621 ; gain = 0.000 ; free physical = 25116 ; free virtual = 107866
INFO: [Device 21-403] Loading part xczu7ev-ffvc1156-2-e
Netlist sorting complete. Time (s): cpu = 00:00:00.02 ; elapsed = 00:00:00.02 . Memory (MB): peak = 2417.699 ; gain = 0.000 ; free physical = 24067 ; free virtual = 106817
INFO: [Netlist 29-17] Analyzing 737 Unisim elements for replacement
INFO: [Netlist 29-28] Unisim Transformation completed in 0 CPU seconds
WARNING: [Netlist 29-101] Netlist 'Conv' is not ideal for floorplanning, since the cellview 'Conv' contains a large number of primitives.  Please consider enabling hierarchy in synthesis if you want to do floorplanning.
INFO: [Project 1-479] Netlist was created with Vivado 2023.2
INFO: [Project 1-570] Preparing netlist for logic optimization
Read ShapeDB Complete: Time (s): cpu = 00:00:00.02 ; elapsed = 00:00:00.02 . Memory (MB): peak = 2417.699 ; gain = 0.000 ; free physical = 24066 ; free virtual = 106817
INFO: [Timing 38-478] Restoring timing data from binary archive.
INFO: [Timing 38-479] Binary timing data restore complete.
INFO: [Project 1-856] Restoring constraints from binary archive.
INFO: [Project 1-853] Binary constraint restore complete.
INFO: [Designutils 20-5722] Start Reading Physical Databases.
Reading placement.
Read Netlist Cache: Time (s): cpu = 00:00:00.01 ; elapsed = 00:00:00 . Memory (MB): peak = 2859.746 ; gain = 0.000 ; free physical = 23790 ; free virtual = 106540
Reading placer database...
Read Device Cache: Time (s): cpu = 00:00:00.03 ; elapsed = 00:00:00.02 . Memory (MB): peak = 2859.746 ; gain = 0.000 ; free physical = 23784 ; free virtual = 106535
Read PlaceDB: Time (s): cpu = 00:00:00.2 ; elapsed = 00:00:00.2 . Memory (MB): peak = 2859.746 ; gain = 0.000 ; free physical = 23780 ; free virtual = 106530
Read PulsedLatchDB: Time (s): cpu = 00:00:00 ; elapsed = 00:00:00 . Memory (MB): peak = 2859.746 ; gain = 0.000 ; free physical = 23780 ; free virtual = 106530
Reading routing.
Read RouteStorage: Time (s): cpu = 00:00:00.14 ; elapsed = 00:00:00.15 . Memory (MB): peak = 2881.559 ; gain = 21.812 ; free physical = 23778 ; free virtual = 106528
Read Physdb Files: Time (s): cpu = 00:00:00.39 ; elapsed = 00:00:00.39 . Memory (MB): peak = 2881.559 ; gain = 21.812 ; free physical = 23778 ; free virtual = 106528
Restored from archive | CPU: 0.410000 secs | Memory: 10.134521 MB |
Finished XDEF File Restore: Time (s): cpu = 00:00:00.41 ; elapsed = 00:00:00.43 . Memory (MB): peak = 2881.559 ; gain = 21.812 ; free physical = 23778 ; free virtual = 106528
Netlist sorting complete. Time (s): cpu = 00:00:00 ; elapsed = 00:00:00 . Memory (MB): peak = 3262.137 ; gain = 0.000 ; free physical = 23376 ; free virtual = 106127
INFO: [Project 1-111] Unisim Transformation Summary:
  A total of 171 instances were transformed.
  DSP48E2 => DSP48E2 (DSP_ALU, DSP_A_B_DATA, DSP_C_DATA, DSP_MULTIPLIER, DSP_M_DATA, DSP_OUTPUT, DSP_PREADD, DSP_PREADD_DATA): 6 instances
  IBUF => IBUF (IBUFCTRL, INBUF): 165 instances

INFO: [Project 1-604] Checkpoint was created with Vivado v2023.2 (64-bit) build 4029153
open_checkpoint: Time (s): cpu = 00:00:20 ; elapsed = 00:00:21 . Memory (MB): peak = 3262.172 ; gain = 1901.551 ; free physical = 23376 ; free virtual = 106126
# write_verilog -force -mode funcsim $netlist
# close_design
# if {![file exists [file join $simlib_dir cds.lib]]} {
#   compile_simlib -simulator xcelium -family zynquplus -language verilog -library unisim -directory $simlib_dir -no_ip_compile -force
# } else {
#   puts "Reusing compiled Xcelium UNISIM library: $simlib_dir"
# }
INFO: [Vivado 12-5496] Finding simulator executables and checking version...
INFO: [Vivado 12-12197] Finding GCC compiler executables...
INFO: [Vivado 12-12200] Using GCC executables set by -gcc_exec_path from '/soft64/cadence/ferramentas/XCELIUM2303/tools/cdsgcc/gcc/9.3/bin'
INFO: [Vivado 12-12198] GCC version '9.3.0'
INFO: [Vivado 12-5498] Processing source library information for the selected device family (default:all) ...

Compiling libraries for 'xcelium' simulator in '/sim/tarsio/reports-conv3x3-ifn9-explore-149bd5be/simlibs_unisim'
--> Compiling 'verilog.secureip' library...
    > Source Library = '/soft64/xilinx/ferramentas/Vivado/2023.2/Vivado/2023.2/data/secureip'
    > Compiled Path  = '/sim/tarsio/reports-conv3x3-ifn9-explore-149bd5be/simlibs_unisim/secureip'
    > Log File       = '/sim/tarsio/reports-conv3x3-ifn9-explore-149bd5be/simlibs_unisim/secureip/.cxl.ver.secureip.secureip.log'

compile_simlib[verilog.secureip]: 0 error(s), 1 warning(s), 50.00 % complete
--> Compiling 'verilog.unisim' library...
    > Source Library = '/soft64/xilinx/ferramentas/Vivado/2023.2/Vivado/2023.2/data/verilog/src'
    > Compiled Path  = '/sim/tarsio/reports-conv3x3-ifn9-explore-149bd5be/simlibs_unisim/unisims_ver'
    > Log File       = '/sim/tarsio/reports-conv3x3-ifn9-explore-149bd5be/simlibs_unisim/unisims_ver/.cxl.ver.unisim.unisims_ver.log'
--> Compiling 'verilog.unisim:verilog.unimacro' library...
    > Source Library = '/soft64/xilinx/ferramentas/Vivado/2023.2/Vivado/2023.2/data/verilog/src/unimacro'
    > Compiled Path  = '/sim/tarsio/reports-conv3x3-ifn9-explore-149bd5be/simlibs_unisim/unimacro_ver'
    > Log File       = '/sim/tarsio/reports-conv3x3-ifn9-explore-149bd5be/simlibs_unisim/unimacro_ver/.cxl.ver.unimacro.unimacro_ver.log'
compile_simlib[verilog.unisim:verilog.unimacro]: 0 error(s), 0 warning(s)
--> Compiling 'verilog.unisim:verilog.unifast' library...
    > Source Library = '/soft64/xilinx/ferramentas/Vivado/2023.2/Vivado/2023.2/data/verilog/src/unifast'
    > Compiled Path  = '/sim/tarsio/reports-conv3x3-ifn9-explore-149bd5be/simlibs_unisim/unifast_ver'
    > Log File       = '/sim/tarsio/reports-conv3x3-ifn9-explore-149bd5be/simlibs_unisim/unifast_ver/.cxl.ver.unifast.unifast_ver.log'
compile_simlib[verilog.unisim:verilog.unifast]: 0 error(s), 0 warning(s)

compile_simlib[verilog.unisim]: 0 error(s), 2 warning(s), 100.00 % complete
Copying setup file 'cds.lib' to '/sim/tarsio/reports-conv3x3-ifn9-explore-149bd5be/simlibs_unisim' ...
Copying setup file 'hdl.var' to '/sim/tarsio/reports-conv3x3-ifn9-explore-149bd5be/simlibs_unisim' ...

***********************************************************************************************************************
*                                             COMPILATION SUMMARY                                                     *
*                                                                                                                     *
*  Simulator used: xcelium                                                                                            *
*  Compiled on: Thu Oct  1 12:36:32 2026                                                                              *
*                                                                                                                     *
***********************************************************************************************************************
*  Library                                | Language |          Mapped Library Name           | Error(s) | Warning(s) *
*---------------------------------------------------------------------------------------------------------------------*
*  secureip                               | verilog  | secureip                               | 0        | 1          *
-----------------------------------------------------------------------------------------------------------------------
*  unisim                                 | verilog  | unisims_ver                            | 0        | 2          *
-----------------------------------------------------------------------------------------------------------------------
*  unimacro                               | verilog  | unimacro_ver                           | 0        | 0          *
-----------------------------------------------------------------------------------------------------------------------
*  unifast                                | verilog  | unifast_ver                            | 0        | 0          *
-----------------------------------------------------------------------------------------------------------------------

INFO: [Vivado 12-7167] Writing compiled library information...
INFO: [Vivado 12-7165] Finished writing compiled library information.
compile_simlib: Time (s): cpu = 00:00:18 ; elapsed = 00:00:23 . Memory (MB): peak = 3262.172 ; gain = 0.000 ; free physical = 23329 ; free virtual = 106080
# exit
INFO: [Common 17-206] Exiting Vivado at Thu Oct  1 12:36:55 2026...
