============================================================
  Generated by:           Genus(TM) Synthesis Solution 21.12-s068_1
  Generated on:           Oct 10 2026  10:08:11 am
  Module:                 Conv
  Library domain:         timing_cond_0p81v_125c
    Domain index:         0
    Technology library:   tcbn28hpcplusbwp30p140ssg0p81v125c 110
  Operating conditions:   ssg0p81v125c 
  Interconnect mode:      global
  Area mode:              physical library
============================================================


Summary
-------
--------------------------------------------------------------------------
            Category            Number     %    Average Toggle Saving %   
--------------------------------------------------------------------------
 Total Clock Gating Instances       41  100.00                         -  
--------------------------------------------------------------------------
 RC Clock Gating Instances          41  100.00                     79.28  
 Non-RC Clock Gating Instances       0    0.00                      0.00  
--------------------------------------------------------------------------
 RC Gated Flip-flops              1597   99.50                     81.21  
 Non-RC Gated Flip-flops             0    0.00                      0.00  
--------------------------------------------------------------------------
 Total Gated Flip-flops           1597   99.50                         -  
 Total Ungated Flip-flops            8    0.50                         -  
 Enable not found                    1   12.50                         -  
 Register bank width too small       7   87.50                         -  
--------------------------------------------------------------------------
 Total Flip-flops                 1605  100.00                         -  
--------------------------------------------------------------------------
Multibit Flip-flop Summary
--------------------------
-------------------------------------------------------
Width     Number     Bits     RC Gated     Ungated     
-------------------------------------------------------
1-bit     1605       1605     1597 (99.50%) 8 (0.50%)   
--------------------------------------------------------


