============================================================
  Generated by:           Genus(TM) Synthesis Solution 21.12-s068_1
  Generated on:           Jan 22 2026  05:17:31 pm
  Module:                 System
  Operating conditions:   ssg0p81v125c 
  Interconnect mode:      global
  Area mode:              physical library
============================================================


Path 1: MET (1 ps) Setup Check with Pin conv/r_feat_reg[0][18]/CP->D
           View: analysis_view_0p81v_125c_capwst_slowest
          Group: clk
     Startpoint: (R) conv/r_idx_in_reg[1]/CP
          Clock: (R) clk
       Endpoint: (R) conv/r_feat_reg[0][18]/D
          Clock: (R) clk

                     Capture       Launch     
        Clock Edge:+    2000            0     
       Src Latency:+       0            0     
       Net Latency:+       0 (I)        0 (I) 
           Arrival:=    2000            0     
                                              
             Setup:-      32                  
     Required Time:=    1968                  
      Launch Clock:-       0                  
         Data Path:-    1968                  
             Slack:=       1                  

#------------------------------------------------------------------------------------------------------------------------------
#               Timing Point                 Flags    Arc   Edge        Cell          Fanout Load Trans Delay Arrival Instance 
#                                                                                            (fF)  (ps)  (ps)   (ps)  Location 
#------------------------------------------------------------------------------------------------------------------------------
  conv/r_idx_in_reg[1]/CP                    -       -      R     (arrival)                6    -     0     0       0    (-,-) 
  conv/r_idx_in_reg[1]/Q                     -       CP->Q  F     DFKCNQD2BWP30P140        5  5.4    18    69      69    (-,-) 
  conv/mux_mult/g102/Z                       -       A1->Z  F     OR4D4BWP30P140           2  5.6    18    47     116    (-,-) 
  conv/mux_mult/g84/ZN                       -       A1->ZN R     AOI21D6BWP30P140         5  9.3    29    21     137    (-,-) 
  conv/g31193/ZN                             -       I->ZN  F     CKND6BWP30P140           5  6.8    14    12     148    (-,-) 
  conv/g31167/ZN                             -       A2->ZN R     ND2D1BWP30P140           4  4.1    27    21     170    (-,-) 
  conv/g30971/ZN                             -       A1->ZN F     NR2D1BWP30P140           2  2.6    22    19     189    (-,-) 
  conv/g30820/Z                              -       I->Z   F     BUFFD4BWP30P140         79 69.6    90    65     254    (-,-) 
  conv/g30169/Z                              -       A1->Z  F     AO22D0BWP30P140          1  1.3    22    56     310    (-,-) 
  conv/g29963/ZN                             -       A1->ZN R     NR2OPTIBD1BWP30P140      1  1.2    21    19     328    (-,-) 
  conv/g29823/ZN                             -       A2->ZN F     CKND2D1BWP30P140         1  1.2    19    16     345    (-,-) 
  conv/g29726/Z                              -       A3->Z  F     OR3D2BWP30P140          19 18.0    52    58     402    (-,-) 
  conv/genblk1[0].multip/mul_153_63_g5905/CO -       A->CO  F     HA1D1BWP30P140           1  2.1    16    31     433    (-,-) 
  conv/genblk1[0].multip/mul_153_63_g5805/CO -       CI->CO F     FA1D1BWP30P140           1  2.5    23    42     476    (-,-) 
  conv/genblk1[0].multip/mul_153_63_g5709/CO -       CI->CO F     FA1OPTCD2BWP30P140       1  2.1    16    26     502    (-,-) 
  conv/genblk1[0].multip/mul_153_63_g5683/CO -       CI->CO F     FA1D1BWP30P140           1  2.1    22    41     543    (-,-) 
  conv/genblk1[0].multip/mul_153_63_g5663/CO -       CI->CO F     FA1D1BWP30P140           1  2.1    24    44     587    (-,-) 
  conv/genblk1[0].multip/mul_153_63_g5640/CO -       CI->CO F     FA1D1BWP30P140           1  2.1    24    44     631    (-,-) 
  conv/genblk1[0].multip/mul_153_63_g5626/S  -       CI->S  R     FA1D1BWP30P140           6  5.6    46    88     720    (-,-) 
  conv/genblk1[0].multip/mul_153_63_g5616/ZN -       A1->ZN F     AOI221D1BWP30P140        1  1.8    63    29     748    (-,-) 
  conv/genblk1[0].multip/mul_153_63_g5608/ZN -       A1->ZN F     XNR2UD1BWP30P140         2  2.0    39    40     789    (-,-) 
  conv/genblk1[0].multip/mul_153_63_g5573/Z  -       A2->Z  F     OR2D1BWP30P140           2  2.1    17    34     823    (-,-) 
  conv/genblk1[0].multip/mul_153_63_g5572/ZN -       B->ZN  R     OAI21D1BWP30P140         2  2.3    34    20     843    (-,-) 
  conv/genblk1[0].multip/mul_153_63_g5563/Z  -       B->Z   R     AO211D1BWP30P140         1  1.3    15    29     872    (-,-) 
  conv/genblk1[0].multip/mul_153_63_g5556/ZN -       A1->ZN F     OAI221D1BWP30P140        1  2.1    62    38     911    (-,-) 
  conv/genblk1[0].multip/mul_153_63_g5524/CO -       CI->CO F     FA1D1BWP30P140           1  2.1    22    57     967    (-,-) 
  conv/genblk1[0].multip/mul_153_63_g5497/CO -       CI->CO F     FA1D1BWP30P140           1  2.1    22    44    1011    (-,-) 
  conv/genblk1[0].multip/mul_153_63_g5477/CO -       CI->CO F     FA1D1BWP30P140           1  2.1    22    44    1054    (-,-) 
  conv/genblk1[0].multip/mul_153_63_g5460/CO -       CI->CO F     FA1D1BWP30P140           1  2.1    22    44    1098    (-,-) 
  conv/genblk1[0].multip/mul_153_63_g5458/CO -       CI->CO F     FA1D1BWP30P140           1  2.1    22    44    1142    (-,-) 
  conv/genblk1[0].multip/mul_153_63_g5457/CO -       CI->CO F     FA1D1BWP30P140           1  2.1    21    44    1185    (-,-) 
  conv/genblk1[0].multip/mul_153_63_g5456/CO -       CI->CO F     FA1D1BWP30P140           1  2.1    21    43    1228    (-,-) 
  conv/genblk1[0].multip/mul_153_63_g5453/CO -       CI->CO F     FA1D1BWP30P140           1  2.1    21    43    1272    (-,-) 
  conv/genblk1[0].multip/mul_153_63_g5451/CO -       CI->CO F     FA1D1BWP30P140           1  2.1    21    43    1315    (-,-) 
  conv/genblk1[0].multip/mul_153_63_g5450/CO -       CI->CO F     FA1D1BWP30P140           1  2.1    21    43    1358    (-,-) 
  conv/genblk1[0].multip/mul_153_63_g5446/CO -       CI->CO F     FA1D1BWP30P140           1  2.1    21    43    1402    (-,-) 
  conv/genblk1[0].multip/mul_153_63_g5445/CO -       CI->CO F     FA1D1BWP30P140           2  2.2    22    44    1445    (-,-) 
  conv/genblk1[0].multip/mul_153_63_g5444/ZN -       A1->ZN R     ND2D1BWP30P140           2  2.2    18    18    1463    (-,-) 
  conv/genblk1[0].multip/mul_153_63_g5441/ZN -       A2->ZN F     OAI221D1BWP30P140        1  2.1    60    40    1503    (-,-) 
  conv/genblk1[0].multip/mul_153_63_g5439/CO -       CI->CO F     FA1D1BWP30P140           1  2.1    22    56    1559    (-,-) 
  conv/genblk1[0].multip/mul_153_63_g5438/CO -       CI->CO F     FA1D1BWP30P140           1  2.1    21    44    1603    (-,-) 
  conv/genblk1[0].multip/mul_153_63_g5437/CO -       CI->CO F     FA1D1BWP30P140           1  2.1    21    43    1646    (-,-) 
  conv/genblk1[0].multip/mul_153_63_g5436/CO -       CI->CO F     FA1D1BWP30P140           1  2.1    22    43    1690    (-,-) 
  conv/genblk1[0].multip/mul_153_63_g5435/S  -       CI->S  R     FA1D1BWP30P140           5  5.2    42    86    1775    (-,-) 
  conv/g33440/ZN                             -       I->ZN  F     CKND2BWP30P140          13 11.6    40    33    1808    (-,-) 
  conv/g33415/Z                              -       A1->Z  F     OR2D0BWP30P140          15 13.4   125    98    1906    (-,-) 
  conv/g33399/ZN                             -       I->ZN  R     CKND1BWP30P140           6  5.6    61    62    1968    (-,-) 
  conv/r_feat_reg[0][18]/D                   <<<     -      R     DFKSND1BWP30P140         6    -     -     0    1968    (-,-) 
#------------------------------------------------------------------------------------------------------------------------------


