============================================================
  Generated by:           Genus(TM) Synthesis Solution 21.12-s068_1
  Generated on:           Jul 09 2025  09:55:28 pm
  Module:                 conv
  Library domain:         timing_cond_0p81v_125c
    Domain index:         0
    Technology library:   tcbn28hpcplusbwp30p140ssg0p81v125c 110
  Operating conditions:   ssg0p81v125c 
  Interconnect mode:      global
  Area mode:              physical library
============================================================

                                                                                   Library 
          Gate           Instances    Area                  Library                 Domain 
-------------------------------------------------------------------------------------------
AN2D1BWP30P140                   2     1.008    tcbn28hpcplusbwp30p140ssg0p81v125c       0 
AO211D1BWP30P140                 2     1.512    tcbn28hpcplusbwp30p140ssg0p81v125c       0 
AO21D1BWP30P140                  3     1.890    tcbn28hpcplusbwp30p140ssg0p81v125c       0 
AO22D0BWP30P140                208   157.248    tcbn28hpcplusbwp30p140ssg0p81v125c       0 
AO22D1BWP30P140                 19    16.758    tcbn28hpcplusbwp30p140ssg0p81v125c       0 
AO22D2BWP30P140                  9     9.072    tcbn28hpcplusbwp30p140ssg0p81v125c       0 
AO22D4BWP30P140                 30    52.920    tcbn28hpcplusbwp30p140ssg0p81v125c       0 
AOI211D1BWP30P140                1     0.630    tcbn28hpcplusbwp30p140ssg0p81v125c       0 
AOI21D1BWP30P140                14     7.056    tcbn28hpcplusbwp30p140ssg0p81v125c       0 
AOI21OPTREPBD1BWP30P140          1     0.756    tcbn28hpcplusbwp30p140ssg0p81v125c       0 
AOI221D1BWP30P140                1     0.756    tcbn28hpcplusbwp30p140ssg0p81v125c       0 
AOI221D2BWP30P140                4     6.048    tcbn28hpcplusbwp30p140ssg0p81v125c       0 
AOI222D1BWP30P140              200   201.600    tcbn28hpcplusbwp30p140ssg0p81v125c       0 
AOI22D1BWP30P140               132    83.160    tcbn28hpcplusbwp30p140ssg0p81v125c       0 
AOI32D1BWP30P140                 1     0.756    tcbn28hpcplusbwp30p140ssg0p81v125c       0 
BUFFD12BWP30P140                 1     2.142    tcbn28hpcplusbwp30p140ssg0p81v125c       0 
BUFFD4BWP30P140                  2     1.764    tcbn28hpcplusbwp30p140ssg0p81v125c       0 
CKAN2D1BWP30P140                38    19.152    tcbn28hpcplusbwp30p140ssg0p81v125c       0 
CKAN2D8BWP30P140                 3     4.158    tcbn28hpcplusbwp30p140ssg0p81v125c       0 
CKLNQD1BWP30P140                 2     3.780    tcbn28hpcplusbwp30p140ssg0p81v125c       0 
CKND1BWP30P140                 536   135.072    tcbn28hpcplusbwp30p140ssg0p81v125c       0 
CKND2BWP30P140                   7     2.646    tcbn28hpcplusbwp30p140ssg0p81v125c       0 
CKND2D1BWP30P140                44    16.632    tcbn28hpcplusbwp30p140ssg0p81v125c       0 
CKND2D2BWP30P140                 1     0.630    tcbn28hpcplusbwp30p140ssg0p81v125c       0 
CKND2D3BWP30P140                 5     4.410    tcbn28hpcplusbwp30p140ssg0p81v125c       0 
CKND2D4BWP30P140                 1     1.134    tcbn28hpcplusbwp30p140ssg0p81v125c       0 
CKND2D8BWP30P140                 6    12.852    tcbn28hpcplusbwp30p140ssg0p81v125c       0 
CKND4BWP30P140                   5     3.150    tcbn28hpcplusbwp30p140ssg0p81v125c       0 
DCCKND16BWP30P140                1     4.284    tcbn28hpcplusbwp30p140ssg0p81v125c       0 
DFCNQD1BWP30P140                31    70.308    tcbn28hpcplusbwp30p140ssg0p81v125c       0 
DFSNQD2BWP30P140                 1     2.268    tcbn28hpcplusbwp30p140ssg0p81v125c       0 
EDFCNQD1BWP30P140              316   915.768    tcbn28hpcplusbwp30p140ssg0p81v125c       0 
FA1D1BWP30P140                1255  2688.210    tcbn28hpcplusbwp30p140ssg0p81v125c       0 
FA1D2BWP30P140                   1     2.394    tcbn28hpcplusbwp30p140ssg0p81v125c       0 
FA1OPTCD1BWP30P140               1     2.520    tcbn28hpcplusbwp30p140ssg0p81v125c       0 
FA1OPTCD2BWP30P140              13    39.312    tcbn28hpcplusbwp30p140ssg0p81v125c       0 
HA1D1BWP30P140                  68   111.384    tcbn28hpcplusbwp30p140ssg0p81v125c       0 
IND2D1BWP30P140                 14     7.056    tcbn28hpcplusbwp30p140ssg0p81v125c       0 
IND2D2BWP30P140                  2     1.512    tcbn28hpcplusbwp30p140ssg0p81v125c       0 
IND4D1BWP30P140                  2     1.512    tcbn28hpcplusbwp30p140ssg0p81v125c       0 
IND4D4BWP30P140                  1     2.646    tcbn28hpcplusbwp30p140ssg0p81v125c       0 
INR2D1BWP30P140                 37    18.648    tcbn28hpcplusbwp30p140ssg0p81v125c       0 
INR2D8BWP30P140                  2     5.292    tcbn28hpcplusbwp30p140ssg0p81v125c       0 
INR3D1BWP30P140                  2     2.016    tcbn28hpcplusbwp30p140ssg0p81v125c       0 
INR3D2BWP30P140                  2     2.016    tcbn28hpcplusbwp30p140ssg0p81v125c       0 
INR4D0BWP30P140                  3     2.268    tcbn28hpcplusbwp30p140ssg0p81v125c       0 
INVD0P7BWP30P140                 2     0.504    tcbn28hpcplusbwp30p140ssg0p81v125c       0 
INVD18BWP30P140                  1     2.394    tcbn28hpcplusbwp30p140ssg0p81v125c       0 
INVD3BWP30P140                   3     1.512    tcbn28hpcplusbwp30p140ssg0p81v125c       0 
INVD6BWP30P140                   1     0.882    tcbn28hpcplusbwp30p140ssg0p81v125c       0 
INVD8BWP30P140                   2     2.268    tcbn28hpcplusbwp30p140ssg0p81v125c       0 
IOA21D0BWP30P140                12     7.560    tcbn28hpcplusbwp30p140ssg0p81v125c       0 
IOA21D1BWP30P140               146    91.980    tcbn28hpcplusbwp30p140ssg0p81v125c       0 
IOA21D2BWP30P140                16    14.112    tcbn28hpcplusbwp30p140ssg0p81v125c       0 
MAOI222D1BWP30P140              22    16.632    tcbn28hpcplusbwp30p140ssg0p81v125c       0 
MAOI22D1BWP30P140                1     0.756    tcbn28hpcplusbwp30p140ssg0p81v125c       0 
MOAI22D1BWP30P140                8     6.048    tcbn28hpcplusbwp30p140ssg0p81v125c       0 
MUX2D2BWP30P140                  1     1.134    tcbn28hpcplusbwp30p140ssg0p81v125c       0 
MUX2D4BWP30P140                  1     1.764    tcbn28hpcplusbwp30p140ssg0p81v125c       0 
MUX2NOPTD2BWP30P140              1     1.386    tcbn28hpcplusbwp30p140ssg0p81v125c       0 
MUX2NOPTD8BWP30P140              2     9.576    tcbn28hpcplusbwp30p140ssg0p81v125c       0 
MUX2OPTD2BWP30P140               1     1.134    tcbn28hpcplusbwp30p140ssg0p81v125c       0 
MUX2OPTD6BWP30P140               2     6.300    tcbn28hpcplusbwp30p140ssg0p81v125c       0 
ND2D1BWP30P140                 225    85.050    tcbn28hpcplusbwp30p140ssg0p81v125c       0 
ND2D2BWP30P140                   5     3.150    tcbn28hpcplusbwp30p140ssg0p81v125c       0 
ND2D3BWP30P140                   3     2.646    tcbn28hpcplusbwp30p140ssg0p81v125c       0 
ND2D8BWP30P140                   1     2.142    tcbn28hpcplusbwp30p140ssg0p81v125c       0 
ND2OPTD6BWP30P140                1     1.638    tcbn28hpcplusbwp30p140ssg0p81v125c       0 
ND2OPTIBD12BWP30P140             2     6.300    tcbn28hpcplusbwp30p140ssg0p81v125c       0 
ND2OPTIBD16BWP30P140             9    37.422    tcbn28hpcplusbwp30p140ssg0p81v125c       0 
ND2OPTIBD1BWP30P140             10     3.780    tcbn28hpcplusbwp30p140ssg0p81v125c       0 
ND2OPTIBD2BWP30P140              6     3.780    tcbn28hpcplusbwp30p140ssg0p81v125c       0 
ND2OPTIBD4BWP30P140              1     1.134    tcbn28hpcplusbwp30p140ssg0p81v125c       0 
ND2OPTIBD6BWP30P140              2     3.276    tcbn28hpcplusbwp30p140ssg0p81v125c       0 
ND2OPTPAD1BWP30P140              2     1.260    tcbn28hpcplusbwp30p140ssg0p81v125c       0 
ND3D1BWP30P140                   2     1.008    tcbn28hpcplusbwp30p140ssg0p81v125c       0 
ND3D1P5BWP30P140                 1     0.882    tcbn28hpcplusbwp30p140ssg0p81v125c       0 
NR2D1BWP30P140                  29    10.962    tcbn28hpcplusbwp30p140ssg0p81v125c       0 
NR2D2BWP30P140                   5     3.150    tcbn28hpcplusbwp30p140ssg0p81v125c       0 
NR2D3BWP30P140                   5     4.410    tcbn28hpcplusbwp30p140ssg0p81v125c       0 
NR2D4BWP30P140                   8     9.072    tcbn28hpcplusbwp30p140ssg0p81v125c       0 
NR2OPTD6BWP30P140                5     8.190    tcbn28hpcplusbwp30p140ssg0p81v125c       0 
NR2OPTIBD1BWP30P140             40    15.120    tcbn28hpcplusbwp30p140ssg0p81v125c       0 
NR2OPTIBD2BWP30P140              1     0.630    tcbn28hpcplusbwp30p140ssg0p81v125c       0 
NR2OPTIBD6BWP30P140              1     1.638    tcbn28hpcplusbwp30p140ssg0p81v125c       0 
NR2OPTPAD1BWP30P140              7     3.528    tcbn28hpcplusbwp30p140ssg0p81v125c       0 
NR2OPTPAD4BWP30P140              5     8.190    tcbn28hpcplusbwp30p140ssg0p81v125c       0 
NR2OPTPAD6BWP30P140              1     2.394    tcbn28hpcplusbwp30p140ssg0p81v125c       0 
NR2OPTPAD8BWP30P140              2     6.300    tcbn28hpcplusbwp30p140ssg0p81v125c       0 
NR3D0P7BWP30P140                 2     1.008    tcbn28hpcplusbwp30p140ssg0p81v125c       0 
NR4D0BWP30P140                   4     2.520    tcbn28hpcplusbwp30p140ssg0p81v125c       0 
OA21D1BWP30P140                  4     2.520    tcbn28hpcplusbwp30p140ssg0p81v125c       0 
OAI211D1BWP30P140                3     1.890    tcbn28hpcplusbwp30p140ssg0p81v125c       0 
OAI21D1BWP30P140                60    30.240    tcbn28hpcplusbwp30p140ssg0p81v125c       0 
OAI21D2BWP30P140                 1     0.882    tcbn28hpcplusbwp30p140ssg0p81v125c       0 
OAI21D4BWP30P140                 1     1.764    tcbn28hpcplusbwp30p140ssg0p81v125c       0 
OAI221D1BWP30P140               19    16.758    tcbn28hpcplusbwp30p140ssg0p81v125c       0 
OAI221D2BWP30P140                1     1.512    tcbn28hpcplusbwp30p140ssg0p81v125c       0 
OAI22D1BWP30P140               296   186.480    tcbn28hpcplusbwp30p140ssg0p81v125c       0 
OAI22D2BWP30P140                 1     1.134    tcbn28hpcplusbwp30p140ssg0p81v125c       0 
OAI31D1BWP30P140                 3     1.890    tcbn28hpcplusbwp30p140ssg0p81v125c       0 
OAI32D1BWP30P140                 1     0.756    tcbn28hpcplusbwp30p140ssg0p81v125c       0 
OR2D0BWP30P140                   2     1.008    tcbn28hpcplusbwp30p140ssg0p81v125c       0 
OR2D1BWP30P140                  15     7.560    tcbn28hpcplusbwp30p140ssg0p81v125c       0 
OR2D2BWP30P140                   1     0.630    tcbn28hpcplusbwp30p140ssg0p81v125c       0 
OR3D1BWP30P140                   1     0.630    tcbn28hpcplusbwp30p140ssg0p81v125c       0 
OR4D1BWP30P140                  48    36.288    tcbn28hpcplusbwp30p140ssg0p81v125c       0 
OR4D4BWP30P140                   3     4.914    tcbn28hpcplusbwp30p140ssg0p81v125c       0 
SDFCNQARD1BWP30P140              1     2.898    tcbn28hpcplusbwp30p140ssg0p81v125c       0 
SDFCNQD0BWP30P140                3     8.694    tcbn28hpcplusbwp30p140ssg0p81v125c       0 
SDFSNQD2BWP30P140                1     2.898    tcbn28hpcplusbwp30p140ssg0p81v125c       0 
XNR2D1BWP30P140                  5     5.040    tcbn28hpcplusbwp30p140ssg0p81v125c       0 
XNR2D2BWP30P140                  4     4.536    tcbn28hpcplusbwp30p140ssg0p81v125c       0 
XNR2D4BWP30P140                  1     2.016    tcbn28hpcplusbwp30p140ssg0p81v125c       0 
XNR2OPTND4BWP30P140              1     2.520    tcbn28hpcplusbwp30p140ssg0p81v125c       0 
XNR2UD1BWP30P140               335   295.470    tcbn28hpcplusbwp30p140ssg0p81v125c       0 
XNR3UD1BWP30P140                30    52.920    tcbn28hpcplusbwp30p140ssg0p81v125c       0 
XOR2D4BWP30P140                  1     2.016    tcbn28hpcplusbwp30p140ssg0p81v125c       0 
XOR2OPTND2BWP30P140              2     2.772    tcbn28hpcplusbwp30p140ssg0p81v125c       0 
XOR2UD1BWP30P140                37    32.634    tcbn28hpcplusbwp30p140ssg0p81v125c       0 
XOR3D1BWP30P140                  1     1.890    tcbn28hpcplusbwp30p140ssg0p81v125c       0 
XOR3D2BWP30P140                  1     2.016    tcbn28hpcplusbwp30p140ssg0p81v125c       0 
XOR3UD1BWP30P140                36    63.504    tcbn28hpcplusbwp30p140ssg0p81v125c       0 
-------------------------------------------------------------------------------------------
total                         4556  5803.308                                       


                                                       
            Type             Instances   Area   Area % 
-------------------------------------------------------
sequential                         353 1002.834   17.3 
inverter                           558  152.712    2.6 
buffer                               3    3.906    0.1 
clock_gating_integrated_cell         2    3.780    0.1 
logic                             3640 4640.076   80.0 
physical_cells                       0    0.000    0.0 
-------------------------------------------------------
total                             4556 5803.308  100.0 

