============================================================
  Generated by:           Genus(TM) Synthesis Solution 21.12-s068_1
  Generated on:           Aug 30 2026  07:11:39 pm
  Module:                 Conv
  Library domain:         timing_cond_0p81v_125c
    Domain index:         0
    Technology library:   tcbn28hpcplusbwp30p140ssg0p81v125c 110
  Operating conditions:   ssg0p81v125c 
  Interconnect mode:      global
  Area mode:              physical library
============================================================

                                                                                Library 
        Gate         Instances    Area                   Library                 Domain 
----------------------------------------------------------------------------------------
AN2D0BWP30P140               3      1.512    tcbn28hpcplusbwp30p140ssg0p81v125c       0 
AN2D1BWP30P140              15      7.560    tcbn28hpcplusbwp30p140ssg0p81v125c       0 
AN3D1BWP30P140               2      1.260    tcbn28hpcplusbwp30p140ssg0p81v125c       0 
AN4D1BWP30P140              30     22.680    tcbn28hpcplusbwp30p140ssg0p81v125c       0 
AO211D1BWP30P140             8      6.048    tcbn28hpcplusbwp30p140ssg0p81v125c       0 
AO21D1BWP30P140            132     83.160    tcbn28hpcplusbwp30p140ssg0p81v125c       0 
AO22D0BWP30P140            711    537.516    tcbn28hpcplusbwp30p140ssg0p81v125c       0 
AOI211D1BWP30P140           24     15.120    tcbn28hpcplusbwp30p140ssg0p81v125c       0 
AOI21D1BWP30P140            18      9.072    tcbn28hpcplusbwp30p140ssg0p81v125c       0 
AOI221D1BWP30P140          597    451.332    tcbn28hpcplusbwp30p140ssg0p81v125c       0 
AOI222D1BWP30P140          171    172.368    tcbn28hpcplusbwp30p140ssg0p81v125c       0 
AOI22D1BWP30P140           299    188.370    tcbn28hpcplusbwp30p140ssg0p81v125c       0 
AOI32D1BWP30P140             7      5.292    tcbn28hpcplusbwp30p140ssg0p81v125c       0 
CKAN2D1BWP30P140           263    132.552    tcbn28hpcplusbwp30p140ssg0p81v125c       0 
CKLNQD1BWP30P140            95    179.550    tcbn28hpcplusbwp30p140ssg0p81v125c       0 
CKMUX2D0BWP30P140           44     38.808    tcbn28hpcplusbwp30p140ssg0p81v125c       0 
CKND1BWP30P140             852    214.704    tcbn28hpcplusbwp30p140ssg0p81v125c       0 
CKND2BWP30P140               4      1.512    tcbn28hpcplusbwp30p140ssg0p81v125c       0 
CKND2D1BWP30P140           161     60.858    tcbn28hpcplusbwp30p140ssg0p81v125c       0 
CKND4BWP30P140               2      1.260    tcbn28hpcplusbwp30p140ssg0p81v125c       0 
DFCND1BWP30P140             50    126.000    tcbn28hpcplusbwp30p140ssg0p81v125c       0 
DFCNQD1BWP30P140          1735   3934.980    tcbn28hpcplusbwp30p140ssg0p81v125c       0 
DFKCND1BWP30P140            94    201.348    tcbn28hpcplusbwp30p140ssg0p81v125c       0 
DFKCNQD2BWP30P140          266    536.256    tcbn28hpcplusbwp30p140ssg0p81v125c       0 
DFSNQD2BWP30P140             4      9.072    tcbn28hpcplusbwp30p140ssg0p81v125c       0 
EDFCND1BWP30P140             3      9.072    tcbn28hpcplusbwp30p140ssg0p81v125c       0 
EDFCNQD1BWP30P140            4     11.592    tcbn28hpcplusbwp30p140ssg0p81v125c       0 
FA1D1BWP30P140            2361   5057.262    tcbn28hpcplusbwp30p140ssg0p81v125c       0 
FA1OPTCD1BWP30P140           9     22.680    tcbn28hpcplusbwp30p140ssg0p81v125c       0 
FA1OPTCD2BWP30P140           2      6.048    tcbn28hpcplusbwp30p140ssg0p81v125c       0 
HA1D1BWP30P140             248    406.224    tcbn28hpcplusbwp30p140ssg0p81v125c       0 
IAO21D1BWP30P140             3      1.890    tcbn28hpcplusbwp30p140ssg0p81v125c       0 
IND2D1BWP30P140             53     26.712    tcbn28hpcplusbwp30p140ssg0p81v125c       0 
IND2D2BWP30P140              1      0.756    tcbn28hpcplusbwp30p140ssg0p81v125c       0 
IND3D1BWP30P140             16     10.080    tcbn28hpcplusbwp30p140ssg0p81v125c       0 
IND4D1BWP30P140              4      3.024    tcbn28hpcplusbwp30p140ssg0p81v125c       0 
INR2D1BWP30P140            141     71.064    tcbn28hpcplusbwp30p140ssg0p81v125c       0 
INR2D2BWP30P140              1      0.756    tcbn28hpcplusbwp30p140ssg0p81v125c       0 
INR2D6BWP30P140              1      1.890    tcbn28hpcplusbwp30p140ssg0p81v125c       0 
INR3D0BWP30P140             10      6.300    tcbn28hpcplusbwp30p140ssg0p81v125c       0 
INR3D4BWP30P140              1      2.016    tcbn28hpcplusbwp30p140ssg0p81v125c       0 
INR4D0BWP30P140              5      3.780    tcbn28hpcplusbwp30p140ssg0p81v125c       0 
INVD0P7BWP30P140            10      2.520    tcbn28hpcplusbwp30p140ssg0p81v125c       0 
INVD1BWP30P140               3      0.756    tcbn28hpcplusbwp30p140ssg0p81v125c       0 
INVD3BWP30P140               2      1.008    tcbn28hpcplusbwp30p140ssg0p81v125c       0 
INVD6BWP30P140               3      2.646    tcbn28hpcplusbwp30p140ssg0p81v125c       0 
IOA21D0BWP30P140             2      1.260    tcbn28hpcplusbwp30p140ssg0p81v125c       0 
IOA21D1BWP30P140          1024    645.120    tcbn28hpcplusbwp30p140ssg0p81v125c       0 
IOA21D2BWP30P140             1      0.882    tcbn28hpcplusbwp30p140ssg0p81v125c       0 
MAOI222D1BWP30P140           8      6.048    tcbn28hpcplusbwp30p140ssg0p81v125c       0 
MAOI22D1BWP30P140           10      7.560    tcbn28hpcplusbwp30p140ssg0p81v125c       0 
MOAI22D1BWP30P140            8      6.048    tcbn28hpcplusbwp30p140ssg0p81v125c       0 
MUX2D0BWP30P140              5      4.410    tcbn28hpcplusbwp30p140ssg0p81v125c       0 
MUX2NUD1BWP30P140            4      3.024    tcbn28hpcplusbwp30p140ssg0p81v125c       0 
ND2D1BWP30P140              68     25.704    tcbn28hpcplusbwp30p140ssg0p81v125c       0 
ND2OPTIBD1BWP30P140         11      4.158    tcbn28hpcplusbwp30p140ssg0p81v125c       0 
ND3D1BWP30P140              75     37.800    tcbn28hpcplusbwp30p140ssg0p81v125c       0 
ND4D1BWP30P140               3      1.890    tcbn28hpcplusbwp30p140ssg0p81v125c       0 
NR2D1BWP30P140              24      9.072    tcbn28hpcplusbwp30p140ssg0p81v125c       0 
NR2D3BWP30P140               1      0.882    tcbn28hpcplusbwp30p140ssg0p81v125c       0 
NR2D4BWP30P140               1      1.134    tcbn28hpcplusbwp30p140ssg0p81v125c       0 
NR2OPTD6BWP30P140            3      4.914    tcbn28hpcplusbwp30p140ssg0p81v125c       0 
NR2OPTIBD1BWP30P140         73     27.594    tcbn28hpcplusbwp30p140ssg0p81v125c       0 
NR2OPTPAD1BWP30P140          1      0.504    tcbn28hpcplusbwp30p140ssg0p81v125c       0 
NR3D0BWP30P140              13      6.552    tcbn28hpcplusbwp30p140ssg0p81v125c       0 
NR3D0P7BWP30P140            11      5.544    tcbn28hpcplusbwp30p140ssg0p81v125c       0 
NR4D0BWP30P140              31     19.530    tcbn28hpcplusbwp30p140ssg0p81v125c       0 
OA21D1BWP30P140              5      3.150    tcbn28hpcplusbwp30p140ssg0p81v125c       0 
OA22D1BWP30P140              1      0.882    tcbn28hpcplusbwp30p140ssg0p81v125c       0 
OAI211D1BWP30P140           91     57.330    tcbn28hpcplusbwp30p140ssg0p81v125c       0 
OAI21D0P7BWP30P140           1      0.504    tcbn28hpcplusbwp30p140ssg0p81v125c       0 
OAI21D1BWP30P140           153     77.112    tcbn28hpcplusbwp30p140ssg0p81v125c       0 
OAI221D1BWP30P140            6      5.292    tcbn28hpcplusbwp30p140ssg0p81v125c       0 
OAI222D1BWP30P140           17     17.136    tcbn28hpcplusbwp30p140ssg0p81v125c       0 
OAI22D1BWP30P140            24     15.120    tcbn28hpcplusbwp30p140ssg0p81v125c       0 
OAI31D1BWP30P140             8      5.040    tcbn28hpcplusbwp30p140ssg0p81v125c       0 
OAI32D1BWP30P140             3      2.268    tcbn28hpcplusbwp30p140ssg0p81v125c       0 
OAI33D1BWP30P140             6      5.292    tcbn28hpcplusbwp30p140ssg0p81v125c       0 
OR2D0BWP30P140              20     10.080    tcbn28hpcplusbwp30p140ssg0p81v125c       0 
OR2D1BWP30P140              53     26.712    tcbn28hpcplusbwp30p140ssg0p81v125c       0 
OR2D2BWP30P140               6      3.780    tcbn28hpcplusbwp30p140ssg0p81v125c       0 
OR2D4BWP30P140               1      1.134    tcbn28hpcplusbwp30p140ssg0p81v125c       0 
OR3D1BWP30P140               4      2.520    tcbn28hpcplusbwp30p140ssg0p81v125c       0 
OR4D1BWP30P140              12      9.072    tcbn28hpcplusbwp30p140ssg0p81v125c       0 
XNR2UD1BWP30P140           688    606.816    tcbn28hpcplusbwp30p140ssg0p81v125c       0 
XNR3UD1BWP30P140            39     68.796    tcbn28hpcplusbwp30p140ssg0p81v125c       0 
XNR4D1BWP30P140             16     42.336    tcbn28hpcplusbwp30p140ssg0p81v125c       0 
XOR2UD1BWP30P140           141    124.362    tcbn28hpcplusbwp30p140ssg0p81v125c       0 
XOR3D2BWP30P140              1      2.016    tcbn28hpcplusbwp30p140ssg0p81v125c       0 
XOR3UD1BWP30P140            61    107.604    tcbn28hpcplusbwp30p140ssg0p81v125c       0 
XOR4D0BWP30P140              7     18.522    tcbn28hpcplusbwp30p140ssg0p81v125c       0 
XOR4D1BWP30P140              1      2.646    tcbn28hpcplusbwp30p140ssg0p81v125c       0 
----------------------------------------------------------------------------------------
total                    11210  14621.418                                       


                                                        
            Type             Instances    Area   Area % 
--------------------------------------------------------
sequential                        2156  4828.320   33.0 
inverter                           876   224.406    1.5 
clock_gating_integrated_cell        95   179.550    1.2 
logic                             8083  9389.142   64.2 
physical_cells                       0     0.000    0.0 
--------------------------------------------------------
total                            11210 14621.418  100.0 

