============================================================
  Generated by:           Genus(TM) Synthesis Solution 21.12-s068_1
  Generated on:           Oct 03 2026  11:19:22 am
  Module:                 Conv
  Library domain:         timing_cond_0p81v_125c
    Domain index:         0
    Technology library:   tcbn28hpcplusbwp30p140ssg0p81v125c 110
  Operating conditions:   ssg0p81v125c 
  Interconnect mode:      global
  Area mode:              physical library
============================================================

                                                                                Library 
        Gate         Instances    Area                   Library                 Domain 
----------------------------------------------------------------------------------------
AN2D1BWP30P140               1      0.504    tcbn28hpcplusbwp30p140ssg0p81v125c       0 
AN2D2BWP30P140               1      0.630    tcbn28hpcplusbwp30p140ssg0p81v125c       0 
AN2D4BWP30P140              13     14.742    tcbn28hpcplusbwp30p140ssg0p81v125c       0 
AN3D1BWP30P140              21     13.230    tcbn28hpcplusbwp30p140ssg0p81v125c       0 
AN4D1BWP30P140              12      9.072    tcbn28hpcplusbwp30p140ssg0p81v125c       0 
AO211D1BWP30P140             3      2.268    tcbn28hpcplusbwp30p140ssg0p81v125c       0 
AO21D1BWP30P140             22     13.860    tcbn28hpcplusbwp30p140ssg0p81v125c       0 
AO22D0BWP30P140           1296    979.776    tcbn28hpcplusbwp30p140ssg0p81v125c       0 
AOI211D1BWP30P140            1      0.630    tcbn28hpcplusbwp30p140ssg0p81v125c       0 
AOI21D1BWP30P140             9      4.536    tcbn28hpcplusbwp30p140ssg0p81v125c       0 
AOI221D1BWP30P140          572    432.432    tcbn28hpcplusbwp30p140ssg0p81v125c       0 
AOI222D1BWP30P140           54     54.432    tcbn28hpcplusbwp30p140ssg0p81v125c       0 
AOI22D1BWP30P140           348    219.240    tcbn28hpcplusbwp30p140ssg0p81v125c       0 
AOI31D1BWP30P140             4      2.520    tcbn28hpcplusbwp30p140ssg0p81v125c       0 
AOI32D1BWP30P140             5      3.780    tcbn28hpcplusbwp30p140ssg0p81v125c       0 
CKAN2D1BWP30P140            84     42.336    tcbn28hpcplusbwp30p140ssg0p81v125c       0 
CKLNQD1BWP30P140           110    207.900    tcbn28hpcplusbwp30p140ssg0p81v125c       0 
CKMUX2D0BWP30P140           67     59.094    tcbn28hpcplusbwp30p140ssg0p81v125c       0 
CKND1BWP30P140            1385    349.020    tcbn28hpcplusbwp30p140ssg0p81v125c       0 
CKND2BWP30P140               2      0.756    tcbn28hpcplusbwp30p140ssg0p81v125c       0 
CKND2D1BWP30P140           134     50.652    tcbn28hpcplusbwp30p140ssg0p81v125c       0 
DFCND1BWP30P140             19     47.880    tcbn28hpcplusbwp30p140ssg0p81v125c       0 
DFCNQD1BWP30P140          1475   3345.300    tcbn28hpcplusbwp30p140ssg0p81v125c       0 
DFKCND1BWP30P140            38     81.396    tcbn28hpcplusbwp30p140ssg0p81v125c       0 
DFKCNQD2BWP30P140         1322   2665.152    tcbn28hpcplusbwp30p140ssg0p81v125c       0 
DFSND1BWP30P140              1      2.394    tcbn28hpcplusbwp30p140ssg0p81v125c       0 
DFSNQD2BWP30P140             1      2.268    tcbn28hpcplusbwp30p140ssg0p81v125c       0 
EDFCND1BWP30P140             4     12.096    tcbn28hpcplusbwp30p140ssg0p81v125c       0 
EDFCNQD1BWP30P140            3      8.694    tcbn28hpcplusbwp30p140ssg0p81v125c       0 
FA1D1BWP30P140            6707  14366.394    tcbn28hpcplusbwp30p140ssg0p81v125c       0 
FA1OPTCD1BWP30P140          11     27.720    tcbn28hpcplusbwp30p140ssg0p81v125c       0 
FA1OPTCD2BWP30P140           1      3.024    tcbn28hpcplusbwp30p140ssg0p81v125c       0 
HA1D1BWP30P140             246    402.948    tcbn28hpcplusbwp30p140ssg0p81v125c       0 
IAO21D1BWP30P140             4      2.520    tcbn28hpcplusbwp30p140ssg0p81v125c       0 
IND2D1BWP30P140             56     28.224    tcbn28hpcplusbwp30p140ssg0p81v125c       0 
IND3D1BWP30P140              5      3.150    tcbn28hpcplusbwp30p140ssg0p81v125c       0 
IND4D1BWP30P140              7      5.292    tcbn28hpcplusbwp30p140ssg0p81v125c       0 
INR2D1BWP30P140            137     69.048    tcbn28hpcplusbwp30p140ssg0p81v125c       0 
INR3D0BWP30P140              7      4.410    tcbn28hpcplusbwp30p140ssg0p81v125c       0 
INR4D0BWP30P140              2      1.512    tcbn28hpcplusbwp30p140ssg0p81v125c       0 
INVD0P7BWP30P140            12      3.024    tcbn28hpcplusbwp30p140ssg0p81v125c       0 
INVD16BWP30P140              1      2.142    tcbn28hpcplusbwp30p140ssg0p81v125c       0 
INVD1BWP30P140               4      1.008    tcbn28hpcplusbwp30p140ssg0p81v125c       0 
INVD6BWP30P140               1      0.882    tcbn28hpcplusbwp30p140ssg0p81v125c       0 
INVD8BWP30P140               4      4.536    tcbn28hpcplusbwp30p140ssg0p81v125c       0 
IOA21D1BWP30P140           930    585.900    tcbn28hpcplusbwp30p140ssg0p81v125c       0 
MAOI222D1BWP30P140          76     57.456    tcbn28hpcplusbwp30p140ssg0p81v125c       0 
MAOI22D1BWP30P140            5      3.780    tcbn28hpcplusbwp30p140ssg0p81v125c       0 
MOAI22D1BWP30P140            3      2.268    tcbn28hpcplusbwp30p140ssg0p81v125c       0 
MUX2D0BWP30P140              6      5.292    tcbn28hpcplusbwp30p140ssg0p81v125c       0 
MUX2NUD1BWP30P140            6      4.536    tcbn28hpcplusbwp30p140ssg0p81v125c       0 
ND2D1BWP30P140              67     25.326    tcbn28hpcplusbwp30p140ssg0p81v125c       0 
ND2D2BWP30P140               2      1.260    tcbn28hpcplusbwp30p140ssg0p81v125c       0 
ND2D3BWP30P140               1      0.882    tcbn28hpcplusbwp30p140ssg0p81v125c       0 
ND2OPTIBD1BWP30P140         13      4.914    tcbn28hpcplusbwp30p140ssg0p81v125c       0 
ND3D1BWP30P140              43     21.672    tcbn28hpcplusbwp30p140ssg0p81v125c       0 
ND4D1BWP30P140              63     39.690    tcbn28hpcplusbwp30p140ssg0p81v125c       0 
NR2D1BWP30P140              36     13.608    tcbn28hpcplusbwp30p140ssg0p81v125c       0 
NR2OPTD12BWP30P140           1      3.150    tcbn28hpcplusbwp30p140ssg0p81v125c       0 
NR2OPTIBD1BWP30P140         77     29.106    tcbn28hpcplusbwp30p140ssg0p81v125c       0 
NR3D0BWP30P140              10      5.040    tcbn28hpcplusbwp30p140ssg0p81v125c       0 
NR3D0P7BWP30P140            24     12.096    tcbn28hpcplusbwp30p140ssg0p81v125c       0 
NR4D0BWP30P140              14      8.820    tcbn28hpcplusbwp30p140ssg0p81v125c       0 
OA211D1BWP30P140             2      1.512    tcbn28hpcplusbwp30p140ssg0p81v125c       0 
OAI211D1BWP30P140            2      1.260    tcbn28hpcplusbwp30p140ssg0p81v125c       0 
OAI21D1BWP30P140           112     56.448    tcbn28hpcplusbwp30p140ssg0p81v125c       0 
OAI221D1BWP30P140            1      0.882    tcbn28hpcplusbwp30p140ssg0p81v125c       0 
OAI222D1BWP30P140            2      2.016    tcbn28hpcplusbwp30p140ssg0p81v125c       0 
OAI22D0P7BWP30P140           1      0.630    tcbn28hpcplusbwp30p140ssg0p81v125c       0 
OAI22D1BWP30P140            24     15.120    tcbn28hpcplusbwp30p140ssg0p81v125c       0 
OAI31D1BWP30P140            16     10.080    tcbn28hpcplusbwp30p140ssg0p81v125c       0 
OAI32D1BWP30P140             2      1.512    tcbn28hpcplusbwp30p140ssg0p81v125c       0 
OAI33D1BWP30P140             6      5.292    tcbn28hpcplusbwp30p140ssg0p81v125c       0 
OR2D0BWP30P140              15      7.560    tcbn28hpcplusbwp30p140ssg0p81v125c       0 
OR2D1BWP30P140              68     34.272    tcbn28hpcplusbwp30p140ssg0p81v125c       0 
OR2D2BWP30P140               2      1.260    tcbn28hpcplusbwp30p140ssg0p81v125c       0 
OR3D1BWP30P140               9      5.670    tcbn28hpcplusbwp30p140ssg0p81v125c       0 
OR4D1BWP30P140               6      4.536    tcbn28hpcplusbwp30p140ssg0p81v125c       0 
SDFCNQARD1BWP30P140         35    101.430    tcbn28hpcplusbwp30p140ssg0p81v125c       0 
SDFSNQD2BWP30P140            1      2.898    tcbn28hpcplusbwp30p140ssg0p81v125c       0 
XNR2UD1BWP30P140           705    621.810    tcbn28hpcplusbwp30p140ssg0p81v125c       0 
XNR3UD1BWP30P140           117    206.388    tcbn28hpcplusbwp30p140ssg0p81v125c       0 
XNR4D1BWP30P140             22     58.212    tcbn28hpcplusbwp30p140ssg0p81v125c       0 
XOR2UD1BWP30P140           204    179.928    tcbn28hpcplusbwp30p140ssg0p81v125c       0 
XOR3UD1BWP30P140           147    259.308    tcbn28hpcplusbwp30p140ssg0p81v125c       0 
XOR4D0BWP30P140             16     42.336    tcbn28hpcplusbwp30p140ssg0p81v125c       0 
XOR4D1BWP30P140             76    201.096    tcbn28hpcplusbwp30p140ssg0p81v125c       0 
----------------------------------------------------------------------------------------
total                    17180  26198.676                                       


                                                        
            Type             Instances    Area   Area % 
--------------------------------------------------------
sequential                        2899  6269.508   23.9 
inverter                          1409   361.368    1.4 
clock_gating_integrated_cell       110   207.900    0.8 
logic                            12762 19359.900   73.9 
physical_cells                       0     0.000    0.0 
--------------------------------------------------------
total                            17180 26198.676  100.0 

