============================================================
  Generated by:           Genus(TM) Synthesis Solution 21.12-s068_1
  Generated on:           Oct 05 2026  05:46:19 pm
  Module:                 Conv
  Library domain:         timing_cond_0p81v_125c
    Domain index:         0
    Technology library:   tcbn28hpcplusbwp30p140ssg0p81v125c 110
  Operating conditions:   ssg0p81v125c 
  Interconnect mode:      global
  Area mode:              physical library
============================================================

                 Instance                           Module           Cell Count  Cell Area  Net Area   Total Area 
------------------------------------------------------------------------------------------------------------------
Conv                                                                      62760  70205.436 27808.875    98014.311 
  INVERSE_ROW_BATCH[0].inverse_row        InverseRow                        283    523.782   113.649      637.431 
  INVERSE_ROW_BATCH[1].inverse_row        InverseRow_1                      283    523.782   113.649      637.431 
  MAC_LANES[0].multip                     Multip                            564    604.296   236.126      840.422 
  MAC_LANES[1].multip                     Multip_1                          564    604.296   236.126      840.422 
  MAC_LANES[2].multip                     Multip_2                          564    604.296   236.126      840.422 
  MAC_LANES[3].multip                     Multip_3                          564    604.296   236.126      840.422 
  MAC_LANES[4].multip                     Multip_4                          564    604.296   236.126      840.422 
  MAC_LANES[5].multip                     Multip_5                          564    604.296   236.126      840.422 
  MAC_LANES[6].multip                     Multip_6                          564    604.296   236.126      840.422 
  MAC_LANES[7].multip                     Multip_7                          564    604.296   236.126      840.422 
  MAC_LANES[8].multip                     Multip_8                          564    604.296   236.126      840.422 
  MAC_LANES[9].multip                     Multip_9                          564    604.296   236.126      840.422 
  MAC_LANES[10].multip                    Multip_10                         564    604.296   236.126      840.422 
  MAC_LANES[11].multip                    Multip_11                         564    604.296   236.126      840.422 
  WEIGHT_TRANSFORM_ROWS[0].weight_trf_row WeightTransformRowConst          5344   5081.454  2043.354     7124.808 
  WEIGHT_TRANSFORM_ROWS[1].weight_trf_row WeightTransformRowConst_0        7359   7567.686  2764.164    10331.850 
  WEIGHT_TRANSFORM_ROWS[2].weight_trf_row WeightTransformRowConst_1        7333   7525.350  2766.868    10292.218 
  WEIGHT_TRANSFORM_ROWS[3].weight_trf_row WeightTransformRowConst_2        6675   6784.092  2513.317     9297.409 
  WEIGHT_TRANSFORM_ROWS[4].weight_trf_row WeightTransformRowConst_3        6813   6815.340  2563.780     9379.120 
  WEIGHT_TRANSFORM_ROWS[5].weight_trf_row WeightTransformRowConst_4        6254   6288.408  2367.302     8655.710 
  inverse_row_acc                         InverseRowAccumulate             2361   2559.312   950.578     3509.890 
  trf                                     Transform                        4869   8520.624  2354.062    10874.686 
    matrix_c0                             MatrixC0                         2406   4207.140   993.674     5200.814 
    matrix_c1                             MatrixC1                         2463   4313.484  1039.810     5353.294 
