============================================================
  Generated by:           Genus(TM) Synthesis Solution 21.12-s068_1
  Generated on:           Oct 05 2026  05:46:19 pm
  Module:                 Conv
  Library domain:         timing_cond_0p81v_125c
    Domain index:         0
    Technology library:   tcbn28hpcplusbwp30p140ssg0p81v125c 110
  Operating conditions:   ssg0p81v125c 
  Interconnect mode:      global
  Area mode:              physical library
============================================================

                                                                                     Library 
          Gate            Instances    Area                   Library                 Domain 
---------------------------------------------------------------------------------------------
AN2D16BWP30P140                   1      3.402    tcbn28hpcplusbwp30p140ssg0p81v125c       0 
AN2D1BWP30P140                   64     32.256    tcbn28hpcplusbwp30p140ssg0p81v125c       0 
AN2D2BWP30P140                   21     13.230    tcbn28hpcplusbwp30p140ssg0p81v125c       0 
AN2D4BWP30P140                   22     24.948    tcbn28hpcplusbwp30p140ssg0p81v125c       0 
AN3D0BWP30P140                    2      1.260    tcbn28hpcplusbwp30p140ssg0p81v125c       0 
AN3D1BWP30P140                   50     31.500    tcbn28hpcplusbwp30p140ssg0p81v125c       0 
AN3D2BWP30P140                    7      5.292    tcbn28hpcplusbwp30p140ssg0p81v125c       0 
AN3D4BWP30P140                    9     12.474    tcbn28hpcplusbwp30p140ssg0p81v125c       0 
AN4D1BWP30P140                   15     11.340    tcbn28hpcplusbwp30p140ssg0p81v125c       0 
AN4D4BWP30P140                    1      1.638    tcbn28hpcplusbwp30p140ssg0p81v125c       0 
AO211D1BWP30P140                 19     14.364    tcbn28hpcplusbwp30p140ssg0p81v125c       0 
AO211D2BWP30P140                  4      3.528    tcbn28hpcplusbwp30p140ssg0p81v125c       0 
AO211D4BWP30P140                 81    132.678    tcbn28hpcplusbwp30p140ssg0p81v125c       0 
AO21D1BWP30P140                 157     98.910    tcbn28hpcplusbwp30p140ssg0p81v125c       0 
AO21D2BWP30P140                  38     28.728    tcbn28hpcplusbwp30p140ssg0p81v125c       0 
AO21D4BWP30P140                  86    119.196    tcbn28hpcplusbwp30p140ssg0p81v125c       0 
AO22D0BWP30P140                1340   1013.040    tcbn28hpcplusbwp30p140ssg0p81v125c       0 
AO22D1BWP30P140                   6      5.292    tcbn28hpcplusbwp30p140ssg0p81v125c       0 
AO22D2BWP30P140                   7      7.056    tcbn28hpcplusbwp30p140ssg0p81v125c       0 
AO22D4BWP30P140                  27     47.628    tcbn28hpcplusbwp30p140ssg0p81v125c       0 
AOI211D1BWP30P140                15      9.450    tcbn28hpcplusbwp30p140ssg0p81v125c       0 
AOI211D2BWP30P140                50     56.700    tcbn28hpcplusbwp30p140ssg0p81v125c       0 
AOI211D4BWP30P140                60    136.080    tcbn28hpcplusbwp30p140ssg0p81v125c       0 
AOI211D6BWP30P140                18     58.968    tcbn28hpcplusbwp30p140ssg0p81v125c       0 
AOI211OPTREPBD1BWP30P140          5      5.670    tcbn28hpcplusbwp30p140ssg0p81v125c       0 
AOI211OPTREPBD2BWP30P140         39     68.796    tcbn28hpcplusbwp30p140ssg0p81v125c       0 
AOI211OPTREPBD4BWP30P140         37    130.536    tcbn28hpcplusbwp30p140ssg0p81v125c       0 
AOI211OPTREPBD6BWP30P140          1      5.166    tcbn28hpcplusbwp30p140ssg0p81v125c       0 
AOI21D0P7BWP30P140                2      1.008    tcbn28hpcplusbwp30p140ssg0p81v125c       0 
AOI21D1BWP30P140                984    495.936    tcbn28hpcplusbwp30p140ssg0p81v125c       0 
AOI21D2BWP30P140                364    321.048    tcbn28hpcplusbwp30p140ssg0p81v125c       0 
AOI21D4BWP30P140                375    661.500    tcbn28hpcplusbwp30p140ssg0p81v125c       0 
AOI21D6BWP30P140                165    415.800    tcbn28hpcplusbwp30p140ssg0p81v125c       0 
AOI21D8BWP30P140                 14     45.864    tcbn28hpcplusbwp30p140ssg0p81v125c       0 
AOI21OPTREPBD1BWP30P140         145    109.620    tcbn28hpcplusbwp30p140ssg0p81v125c       0 
AOI21OPTREPBD2BWP30P140          68     94.248    tcbn28hpcplusbwp30p140ssg0p81v125c       0 
AOI21OPTREPBD4BWP30P140          29     76.734    tcbn28hpcplusbwp30p140ssg0p81v125c       0 
AOI21OPTREPBD6BWP30P140           4     15.624    tcbn28hpcplusbwp30p140ssg0p81v125c       0 
AOI221D1BWP30P140              1419   1072.764    tcbn28hpcplusbwp30p140ssg0p81v125c       0 
AOI221D4BWP30P140                 8     23.184    tcbn28hpcplusbwp30p140ssg0p81v125c       0 
AOI222D1BWP30P140               330    332.640    tcbn28hpcplusbwp30p140ssg0p81v125c       0 
AOI22D0P7BWP30P140               10      6.300    tcbn28hpcplusbwp30p140ssg0p81v125c       0 
AOI22D1BWP30P140               1727   1088.010    tcbn28hpcplusbwp30p140ssg0p81v125c       0 
AOI22D2BWP30P140                 48     54.432    tcbn28hpcplusbwp30p140ssg0p81v125c       0 
AOI22D4BWP30P140                 11     24.948    tcbn28hpcplusbwp30p140ssg0p81v125c       0 
AOI22D6BWP30P140                  1      3.276    tcbn28hpcplusbwp30p140ssg0p81v125c       0 
AOI31D1BWP30P140                  7      4.410    tcbn28hpcplusbwp30p140ssg0p81v125c       0 
AOI31D2BWP30P140                 20     22.680    tcbn28hpcplusbwp30p140ssg0p81v125c       0 
AOI31D4BWP30P140                 43     97.524    tcbn28hpcplusbwp30p140ssg0p81v125c       0 
AOI32D1BWP30P140                  1      0.756    tcbn28hpcplusbwp30p140ssg0p81v125c       0 
AOI32D2BWP30P140                  2      2.772    tcbn28hpcplusbwp30p140ssg0p81v125c       0 
BUFFD0BWP30P140                   1      0.378    tcbn28hpcplusbwp30p140ssg0p81v125c       0 
BUFFD1P5BWP30P140                13      6.552    tcbn28hpcplusbwp30p140ssg0p81v125c       0 
BUFFD2BWP30P140                   2      1.008    tcbn28hpcplusbwp30p140ssg0p81v125c       0 
BUFFD3BWP30P140                   2      1.260    tcbn28hpcplusbwp30p140ssg0p81v125c       0 
BUFFD4BWP30P140                  34     29.988    tcbn28hpcplusbwp30p140ssg0p81v125c       0 
BUFFD8BWP30P140                   1      1.512    tcbn28hpcplusbwp30p140ssg0p81v125c       0 
CKAN2D1BWP30P140                859    432.936    tcbn28hpcplusbwp30p140ssg0p81v125c       0 
CKAN2D2BWP30P140                 21     13.230    tcbn28hpcplusbwp30p140ssg0p81v125c       0 
CKAN2D4BWP30P140                  3      2.646    tcbn28hpcplusbwp30p140ssg0p81v125c       0 
CKAN2D8BWP30P140                  4      5.544    tcbn28hpcplusbwp30p140ssg0p81v125c       0 
CKBD1BWP30P140                   34     12.852    tcbn28hpcplusbwp30p140ssg0p81v125c       0 
CKBD2BWP30P140                    8      4.032    tcbn28hpcplusbwp30p140ssg0p81v125c       0 
CKBD4BWP30P140                    2      1.764    tcbn28hpcplusbwp30p140ssg0p81v125c       0 
CKLNQD1BWP30P140                 49     92.610    tcbn28hpcplusbwp30p140ssg0p81v125c       0 
CKMUX2D0BWP30P140               466    411.012    tcbn28hpcplusbwp30p140ssg0p81v125c       0 
CKND12BWP30P140                   7     11.466    tcbn28hpcplusbwp30p140ssg0p81v125c       0 
CKND16BWP30P140                   2      4.284    tcbn28hpcplusbwp30p140ssg0p81v125c       0 
CKND1BWP30P140                 5277   1329.804    tcbn28hpcplusbwp30p140ssg0p81v125c       0 
CKND2BWP30P140                 1232    465.696    tcbn28hpcplusbwp30p140ssg0p81v125c       0 
CKND2D0BWP30P140                  1      0.378    tcbn28hpcplusbwp30p140ssg0p81v125c       0 
CKND2D1BWP30P140                637    240.786    tcbn28hpcplusbwp30p140ssg0p81v125c       0 
CKND2D2BWP30P140                 40     25.200    tcbn28hpcplusbwp30p140ssg0p81v125c       0 
CKND2D3BWP30P140                171    150.822    tcbn28hpcplusbwp30p140ssg0p81v125c       0 
CKND2D4BWP30P140                161    182.574    tcbn28hpcplusbwp30p140ssg0p81v125c       0 
CKND2D8BWP30P140                174    372.708    tcbn28hpcplusbwp30p140ssg0p81v125c       0 
CKND3BWP30P140                   46     23.184    tcbn28hpcplusbwp30p140ssg0p81v125c       0 
CKND4BWP30P140                  201    126.630    tcbn28hpcplusbwp30p140ssg0p81v125c       0 
CKND6BWP30P140                   40     35.280    tcbn28hpcplusbwp30p140ssg0p81v125c       0 
CKND8BWP30P140                    3      3.402    tcbn28hpcplusbwp30p140ssg0p81v125c       0 
DCCKND12BWP30P140                 1      3.276    tcbn28hpcplusbwp30p140ssg0p81v125c       0 
DEL025D1BWP30P140                 1      0.378    tcbn28hpcplusbwp30p140ssg0p81v125c       0 
DFCND1BWP30P140                  26     65.520    tcbn28hpcplusbwp30p140ssg0p81v125c       0 
DFCND2BWP30P140                  14     40.572    tcbn28hpcplusbwp30p140ssg0p81v125c       0 
DFCND4BWP30P140                  14     47.628    tcbn28hpcplusbwp30p140ssg0p81v125c       0 
DFCNQD1BWP30P140               2369   5372.892    tcbn28hpcplusbwp30p140ssg0p81v125c       0 
DFCNQD2BWP30P140                 15     39.690    tcbn28hpcplusbwp30p140ssg0p81v125c       0 
DFCNQD4BWP30P140                 32     92.736    tcbn28hpcplusbwp30p140ssg0p81v125c       0 
DFSNQD2BWP30P140                  1      2.268    tcbn28hpcplusbwp30p140ssg0p81v125c       0 
EDFCND1BWP30P140                  3      9.072    tcbn28hpcplusbwp30p140ssg0p81v125c       0 
EDFCNQD1BWP30P140                11     31.878    tcbn28hpcplusbwp30p140ssg0p81v125c       0 
FA1D0BWP30P140                   13     27.846    tcbn28hpcplusbwp30p140ssg0p81v125c       0 
FA1D1BWP30P140                 7466  15992.172    tcbn28hpcplusbwp30p140ssg0p81v125c       0 
FA1D2BWP30P140                  106    253.764    tcbn28hpcplusbwp30p140ssg0p81v125c       0 
FA1D4BWP30P140                   74    270.396    tcbn28hpcplusbwp30p140ssg0p81v125c       0 
FA1OPTCD1BWP30P140               61    153.720    tcbn28hpcplusbwp30p140ssg0p81v125c       0 
FA1OPTCD2BWP30P140              165    498.960    tcbn28hpcplusbwp30p140ssg0p81v125c       0 
HA1D1BWP30P140                  642   1051.596    tcbn28hpcplusbwp30p140ssg0p81v125c       0 
HA1D2BWP30P140                   17     32.130    tcbn28hpcplusbwp30p140ssg0p81v125c       0 
HA1D4BWP30P140                   19     55.062    tcbn28hpcplusbwp30p140ssg0p81v125c       0 
IAO21D0BWP30P140                210    132.300    tcbn28hpcplusbwp30p140ssg0p81v125c       0 
IAO21D1BWP30P140                194    122.220    tcbn28hpcplusbwp30p140ssg0p81v125c       0 
IAO21D2BWP30P140                350    308.700    tcbn28hpcplusbwp30p140ssg0p81v125c       0 
IAO21D4BWP30P140                110    166.320    tcbn28hpcplusbwp30p140ssg0p81v125c       0 
IAO22D1BWP30P140                 20     17.640    tcbn28hpcplusbwp30p140ssg0p81v125c       0 
IAO22D2BWP30P140                 39     54.054    tcbn28hpcplusbwp30p140ssg0p81v125c       0 
IAO22D4BWP30P140                 22     52.668    tcbn28hpcplusbwp30p140ssg0p81v125c       0 
IND2D0BWP30P140                   1      0.504    tcbn28hpcplusbwp30p140ssg0p81v125c       0 
IND2D1BWP30P140                 977    492.408    tcbn28hpcplusbwp30p140ssg0p81v125c       0 
IND2D2BWP30P140                 502    379.512    tcbn28hpcplusbwp30p140ssg0p81v125c       0 
IND2D4BWP30P140                 480    665.280    tcbn28hpcplusbwp30p140ssg0p81v125c       0 
IND2D6BWP30P140                  66    124.740    tcbn28hpcplusbwp30p140ssg0p81v125c       0 
IND2D8BWP30P140                   8     20.160    tcbn28hpcplusbwp30p140ssg0p81v125c       0 
IND3D1BWP30P140                  23     14.490    tcbn28hpcplusbwp30p140ssg0p81v125c       0 
IND3D2BWP30P140                  11     12.474    tcbn28hpcplusbwp30p140ssg0p81v125c       0 
IND3D4BWP30P140                  36     72.576    tcbn28hpcplusbwp30p140ssg0p81v125c       0 
IND3D6BWP30P140                   2      5.544    tcbn28hpcplusbwp30p140ssg0p81v125c       0 
IND4D1BWP30P140                   1      0.756    tcbn28hpcplusbwp30p140ssg0p81v125c       0 
IND4D4BWP30P140                   1      2.646    tcbn28hpcplusbwp30p140ssg0p81v125c       0 
INR2D1BWP30P140                1389    700.056    tcbn28hpcplusbwp30p140ssg0p81v125c       0 
INR2D2BWP30P140                 385    291.060    tcbn28hpcplusbwp30p140ssg0p81v125c       0 
INR2D4BWP30P140                 311    431.046    tcbn28hpcplusbwp30p140ssg0p81v125c       0 
INR2D6BWP30P140                  37     69.930    tcbn28hpcplusbwp30p140ssg0p81v125c       0 
INR2D8BWP30P140                  12     31.752    tcbn28hpcplusbwp30p140ssg0p81v125c       0 
INR3D0BWP30P140                  21     13.230    tcbn28hpcplusbwp30p140ssg0p81v125c       0 
INR3D1BWP30P140                  24     24.192    tcbn28hpcplusbwp30p140ssg0p81v125c       0 
INR3D2BWP30P140                  65     65.520    tcbn28hpcplusbwp30p140ssg0p81v125c       0 
INR3D4BWP30P140                  35     70.560    tcbn28hpcplusbwp30p140ssg0p81v125c       0 
INR3D6BWP30P140                   9     24.948    tcbn28hpcplusbwp30p140ssg0p81v125c       0 
INR3D8BWP30P140                   1      3.654    tcbn28hpcplusbwp30p140ssg0p81v125c       0 
INR4D0BWP30P140                   7      5.292    tcbn28hpcplusbwp30p140ssg0p81v125c       0 
INR4D1BWP30P140                   7      9.702    tcbn28hpcplusbwp30p140ssg0p81v125c       0 
INR4D2BWP30P140                  13     32.760    tcbn28hpcplusbwp30p140ssg0p81v125c       0 
INVD0P7BWP30P140                133     33.516    tcbn28hpcplusbwp30p140ssg0p81v125c       0 
INVD12BWP30P140                  28     45.864    tcbn28hpcplusbwp30p140ssg0p81v125c       0 
INVD15BWP30P140                   6     12.096    tcbn28hpcplusbwp30p140ssg0p81v125c       0 
INVD16BWP30P140                   5     10.710    tcbn28hpcplusbwp30p140ssg0p81v125c       0 
INVD18BWP30P140                   3      7.182    tcbn28hpcplusbwp30p140ssg0p81v125c       0 
INVD1BWP30P140                   65     16.380    tcbn28hpcplusbwp30p140ssg0p81v125c       0 
INVD1P5BWP30P140                 35     13.230    tcbn28hpcplusbwp30p140ssg0p81v125c       0 
INVD2BWP30P140                  149     56.322    tcbn28hpcplusbwp30p140ssg0p81v125c       0 
INVD3BWP30P140                  639    322.056    tcbn28hpcplusbwp30p140ssg0p81v125c       0 
INVD4BWP30P140                   77     48.510    tcbn28hpcplusbwp30p140ssg0p81v125c       0 
INVD6BWP30P140                  132    116.424    tcbn28hpcplusbwp30p140ssg0p81v125c       0 
INVD8BWP30P140                   29     32.886    tcbn28hpcplusbwp30p140ssg0p81v125c       0 
INVD9BWP30P140                   12     15.120    tcbn28hpcplusbwp30p140ssg0p81v125c       0 
IOA21D0BWP30P140                129     81.270    tcbn28hpcplusbwp30p140ssg0p81v125c       0 
IOA21D1BWP30P140                877    552.510    tcbn28hpcplusbwp30p140ssg0p81v125c       0 
IOA21D2BWP30P140                323    284.886    tcbn28hpcplusbwp30p140ssg0p81v125c       0 
IOA21D4BWP30P140                 16     22.176    tcbn28hpcplusbwp30p140ssg0p81v125c       0 
IOA22D1BWP30P140                 13     11.466    tcbn28hpcplusbwp30p140ssg0p81v125c       0 
IOA22D2BWP30P140                 66     83.160    tcbn28hpcplusbwp30p140ssg0p81v125c       0 
IOA22D4BWP30P140                 28     67.032    tcbn28hpcplusbwp30p140ssg0p81v125c       0 
MAOI222D1BWP30P140              831    628.236    tcbn28hpcplusbwp30p140ssg0p81v125c       0 
MAOI222D2BWP30P140               42     68.796    tcbn28hpcplusbwp30p140ssg0p81v125c       0 
MAOI222D4BWP30P140                6     17.388    tcbn28hpcplusbwp30p140ssg0p81v125c       0 
MAOI22D1BWP30P140               195    147.420    tcbn28hpcplusbwp30p140ssg0p81v125c       0 
MAOI22D2BWP30P140                75     94.500    tcbn28hpcplusbwp30p140ssg0p81v125c       0 
MAOI22D4BWP30P140                51    115.668    tcbn28hpcplusbwp30p140ssg0p81v125c       0 
MOAI22D0BWP30P140                19     14.364    tcbn28hpcplusbwp30p140ssg0p81v125c       0 
MOAI22D1BWP30P140               123     92.988    tcbn28hpcplusbwp30p140ssg0p81v125c       0 
MOAI22D2BWP30P140                68     85.680    tcbn28hpcplusbwp30p140ssg0p81v125c       0 
MOAI22D4BWP30P140                33     74.844    tcbn28hpcplusbwp30p140ssg0p81v125c       0 
MUX2D0BWP30P140                   2      1.764    tcbn28hpcplusbwp30p140ssg0p81v125c       0 
MUX2D1BWP30P140                   5      5.040    tcbn28hpcplusbwp30p140ssg0p81v125c       0 
MUX2D2BWP30P140                   3      3.402    tcbn28hpcplusbwp30p140ssg0p81v125c       0 
MUX2D4BWP30P140                  10     17.640    tcbn28hpcplusbwp30p140ssg0p81v125c       0 
MUX2ND0BWP30P140                 10      7.560    tcbn28hpcplusbwp30p140ssg0p81v125c       0 
MUX2ND2BWP30P140                 44     55.440    tcbn28hpcplusbwp30p140ssg0p81v125c       0 
MUX2ND4BWP30P140                 13     26.208    tcbn28hpcplusbwp30p140ssg0p81v125c       0 
MUX2NOPTD2BWP30P140             129    178.794    tcbn28hpcplusbwp30p140ssg0p81v125c       0 
MUX2NOPTD4BWP30P140             229    577.080    tcbn28hpcplusbwp30p140ssg0p81v125c       0 
MUX2NOPTD6BWP30P140              11     40.194    tcbn28hpcplusbwp30p140ssg0p81v125c       0 
MUX2NUD1BWP30P140               211    159.516    tcbn28hpcplusbwp30p140ssg0p81v125c       0 
MUX2OPTD2BWP30P140                2      2.268    tcbn28hpcplusbwp30p140ssg0p81v125c       0 
MUX2OPTD4BWP30P140               24     54.432    tcbn28hpcplusbwp30p140ssg0p81v125c       0 
MUX2OPTD6BWP30P140               12     37.800    tcbn28hpcplusbwp30p140ssg0p81v125c       0 
ND2D16BWP30P140                   1      4.158    tcbn28hpcplusbwp30p140ssg0p81v125c       0 
ND2D1BWP30P140                 1852    700.056    tcbn28hpcplusbwp30p140ssg0p81v125c       0 
ND2D1P5BWP30P140                  2      1.260    tcbn28hpcplusbwp30p140ssg0p81v125c       0 
ND2D2BWP30P140                  681    429.030    tcbn28hpcplusbwp30p140ssg0p81v125c       0 
ND2D3BWP30P140                  548    483.336    tcbn28hpcplusbwp30p140ssg0p81v125c       0 
ND2D4BWP30P140                  273    309.582    tcbn28hpcplusbwp30p140ssg0p81v125c       0 
ND2D6BWP30P140                   38     62.244    tcbn28hpcplusbwp30p140ssg0p81v125c       0 
ND2D8BWP30P140                    9     19.278    tcbn28hpcplusbwp30p140ssg0p81v125c       0 
ND2OPTD6BWP30P140                40     65.520    tcbn28hpcplusbwp30p140ssg0p81v125c       0 
ND2OPTIBD12BWP30P140              4     12.600    tcbn28hpcplusbwp30p140ssg0p81v125c       0 
ND2OPTIBD16BWP30P140              1      4.158    tcbn28hpcplusbwp30p140ssg0p81v125c       0 
ND2OPTIBD1BWP30P140             217     82.026    tcbn28hpcplusbwp30p140ssg0p81v125c       0 
ND2OPTIBD2BWP30P140             130     81.900    tcbn28hpcplusbwp30p140ssg0p81v125c       0 
ND2OPTIBD4BWP30P140             185    209.790    tcbn28hpcplusbwp30p140ssg0p81v125c       0 
ND2OPTIBD6BWP30P140             177    289.926    tcbn28hpcplusbwp30p140ssg0p81v125c       0 
ND2OPTIBD8BWP30P140              28     59.976    tcbn28hpcplusbwp30p140ssg0p81v125c       0 
ND2OPTPAD2BWP30P140              13     14.742    tcbn28hpcplusbwp30p140ssg0p81v125c       0 
ND2OPTPAD4BWP30P140              74    149.184    tcbn28hpcplusbwp30p140ssg0p81v125c       0 
ND2OPTPAD6BWP30P140               9     26.082    tcbn28hpcplusbwp30p140ssg0p81v125c       0 
ND2OPTPAD8BWP30P140               4     12.096    tcbn28hpcplusbwp30p140ssg0p81v125c       0 
ND3D1BWP30P140                  147     74.088    tcbn28hpcplusbwp30p140ssg0p81v125c       0 
ND3D1P5BWP30P140                 20     17.640    tcbn28hpcplusbwp30p140ssg0p81v125c       0 
ND3D2BWP30P140                   32     28.224    tcbn28hpcplusbwp30p140ssg0p81v125c       0 
ND3D3BWP30P140                   10     12.600    tcbn28hpcplusbwp30p140ssg0p81v125c       0 
ND3D4BWP30P140                   13     22.932    tcbn28hpcplusbwp30p140ssg0p81v125c       0 
ND3D6BWP30P140                   11     27.720    tcbn28hpcplusbwp30p140ssg0p81v125c       0 
ND3OPTD6BWP30P140                 5     11.970    tcbn28hpcplusbwp30p140ssg0p81v125c       0 
ND3OPTPAD2BWP30P140              34     51.408    tcbn28hpcplusbwp30p140ssg0p81v125c       0 
ND3OPTPAD4BWP30P140              54    136.080    tcbn28hpcplusbwp30p140ssg0p81v125c       0 
ND3OPTPAD6BWP30P140              13     45.864    tcbn28hpcplusbwp30p140ssg0p81v125c       0 
ND4D1BWP30P140                  234    147.420    tcbn28hpcplusbwp30p140ssg0p81v125c       0 
NR2D0BWP30P140                    4      1.512    tcbn28hpcplusbwp30p140ssg0p81v125c       0 
NR2D1BWP30P140                 1766    667.548    tcbn28hpcplusbwp30p140ssg0p81v125c       0 
NR2D2BWP30P140                  794    500.220    tcbn28hpcplusbwp30p140ssg0p81v125c       0 
NR2D3BWP30P140                 1009    889.938    tcbn28hpcplusbwp30p140ssg0p81v125c       0 
NR2D4BWP30P140                  726    823.284    tcbn28hpcplusbwp30p140ssg0p81v125c       0 
NR2D6BWP30P140                   36     58.968    tcbn28hpcplusbwp30p140ssg0p81v125c       0 
NR2D8BWP30P140                   12     25.704    tcbn28hpcplusbwp30p140ssg0p81v125c       0 
NR2OPTD12BWP30P140                2      6.300    tcbn28hpcplusbwp30p140ssg0p81v125c       0 
NR2OPTD6BWP30P140               120    196.560    tcbn28hpcplusbwp30p140ssg0p81v125c       0 
NR2OPTIBD12BWP30P140              1      3.150    tcbn28hpcplusbwp30p140ssg0p81v125c       0 
NR2OPTIBD1BWP30P140             466    176.148    tcbn28hpcplusbwp30p140ssg0p81v125c       0 
NR2OPTIBD2BWP30P140              61     38.430    tcbn28hpcplusbwp30p140ssg0p81v125c       0 
NR2OPTIBD4BWP30P140              86     97.524    tcbn28hpcplusbwp30p140ssg0p81v125c       0 
NR2OPTIBD6BWP30P140              79    129.402    tcbn28hpcplusbwp30p140ssg0p81v125c       0 
NR2OPTIBD8BWP30P140              47    100.674    tcbn28hpcplusbwp30p140ssg0p81v125c       0 
NR2OPTPAD1BWP30P140             386    194.544    tcbn28hpcplusbwp30p140ssg0p81v125c       0 
NR2OPTPAD2BWP30P140             245    216.090    tcbn28hpcplusbwp30p140ssg0p81v125c       0 
NR2OPTPAD4BWP30P140             448    733.824    tcbn28hpcplusbwp30p140ssg0p81v125c       0 
NR2OPTPAD6BWP30P140              25     59.850    tcbn28hpcplusbwp30p140ssg0p81v125c       0 
NR2OPTPAD8BWP30P140              16     50.400    tcbn28hpcplusbwp30p140ssg0p81v125c       0 
NR3D0BWP30P140                   37     18.648    tcbn28hpcplusbwp30p140ssg0p81v125c       0 
NR3D0P7BWP30P140                103     51.912    tcbn28hpcplusbwp30p140ssg0p81v125c       0 
NR3D1BWP30P140                   12     10.584    tcbn28hpcplusbwp30p140ssg0p81v125c       0 
NR3D1P5BWP30P140                147    129.654    tcbn28hpcplusbwp30p140ssg0p81v125c       0 
NR3D2BWP30P140                  127    224.028    tcbn28hpcplusbwp30p140ssg0p81v125c       0 
NR3D3BWP30P140                   22     55.440    tcbn28hpcplusbwp30p140ssg0p81v125c       0 
NR3D4BWP30P140                   31    101.556    tcbn28hpcplusbwp30p140ssg0p81v125c       0 
NR3D6BWP30P140                    3     14.364    tcbn28hpcplusbwp30p140ssg0p81v125c       0 
NR3OPTD6BWP30P140                15     35.910    tcbn28hpcplusbwp30p140ssg0p81v125c       0 
NR3OPTPAD2BWP30P140              23     37.674    tcbn28hpcplusbwp30p140ssg0p81v125c       0 
NR3OPTPAD4BWP30P140             123    294.462    tcbn28hpcplusbwp30p140ssg0p81v125c       0 
NR3OPTPAD6BWP30P140              12     39.312    tcbn28hpcplusbwp30p140ssg0p81v125c       0 
NR4D0BWP30P140                   25     15.750    tcbn28hpcplusbwp30p140ssg0p81v125c       0 
NR4D1BWP30P140                   11     12.474    tcbn28hpcplusbwp30p140ssg0p81v125c       0 
NR4D2BWP30P140                   19     43.092    tcbn28hpcplusbwp30p140ssg0p81v125c       0 
NR4D3BWP30P140                    2      6.552    tcbn28hpcplusbwp30p140ssg0p81v125c       0 
NR4D4BWP30P140                    1      4.284    tcbn28hpcplusbwp30p140ssg0p81v125c       0 
OA211D1BWP30P140                  3      2.268    tcbn28hpcplusbwp30p140ssg0p81v125c       0 
OA211D2BWP30P140                  3      2.646    tcbn28hpcplusbwp30p140ssg0p81v125c       0 
OA211D4BWP30P140                  2      3.528    tcbn28hpcplusbwp30p140ssg0p81v125c       0 
OA21D1BWP30P140                 259    163.170    tcbn28hpcplusbwp30p140ssg0p81v125c       0 
OA21D2BWP30P140                  12      9.072    tcbn28hpcplusbwp30p140ssg0p81v125c       0 
OA21D4BWP30P140                  64     88.704    tcbn28hpcplusbwp30p140ssg0p81v125c       0 
OA22D1BWP30P140                  22     19.404    tcbn28hpcplusbwp30p140ssg0p81v125c       0 
OA22D2BWP30P140                   2      2.016    tcbn28hpcplusbwp30p140ssg0p81v125c       0 
OA22D4BWP30P140                   6     10.584    tcbn28hpcplusbwp30p140ssg0p81v125c       0 
OAI211D1BWP30P140               169    106.470    tcbn28hpcplusbwp30p140ssg0p81v125c       0 
OAI211D2BWP30P140                16     18.144    tcbn28hpcplusbwp30p140ssg0p81v125c       0 
OAI211D4BWP30P140                12     27.216    tcbn28hpcplusbwp30p140ssg0p81v125c       0 
OAI211OPTD6BWP30P140              5     16.380    tcbn28hpcplusbwp30p140ssg0p81v125c       0 
OAI211OPTD8BWP30P140              2      8.568    tcbn28hpcplusbwp30p140ssg0p81v125c       0 
OAI211OPTREPBD1BWP30P140          1      1.134    tcbn28hpcplusbwp30p140ssg0p81v125c       0 
OAI211OPTREPBD2BWP30P140         26     45.864    tcbn28hpcplusbwp30p140ssg0p81v125c       0 
OAI211OPTREPBD4BWP30P140         35    123.480    tcbn28hpcplusbwp30p140ssg0p81v125c       0 
OAI21D0P7BWP30P140               91     45.864    tcbn28hpcplusbwp30p140ssg0p81v125c       0 
OAI21D16BWP30P140                 1      6.300    tcbn28hpcplusbwp30p140ssg0p81v125c       0 
OAI21D1BWP30P140                447    225.288    tcbn28hpcplusbwp30p140ssg0p81v125c       0 
OAI21D2BWP30P140                412    363.384    tcbn28hpcplusbwp30p140ssg0p81v125c       0 
OAI21D4BWP30P140                233    411.012    tcbn28hpcplusbwp30p140ssg0p81v125c       0 
OAI21D6BWP30P140                 90    226.800    tcbn28hpcplusbwp30p140ssg0p81v125c       0 
OAI21D8BWP30P140                  5     16.380    tcbn28hpcplusbwp30p140ssg0p81v125c       0 
OAI21OPTREPBD1BWP30P140         101     76.356    tcbn28hpcplusbwp30p140ssg0p81v125c       0 
OAI21OPTREPBD2BWP30P140         161    223.146    tcbn28hpcplusbwp30p140ssg0p81v125c       0 
OAI21OPTREPBD4BWP30P140          67    177.282    tcbn28hpcplusbwp30p140ssg0p81v125c       0 
OAI21OPTREPBD6BWP30P140           1      3.906    tcbn28hpcplusbwp30p140ssg0p81v125c       0 
OAI221D1BWP30P140                10      8.820    tcbn28hpcplusbwp30p140ssg0p81v125c       0 
OAI222D1BWP30P140               183    184.464    tcbn28hpcplusbwp30p140ssg0p81v125c       0 
OAI22D1BWP30P140                 45     28.350    tcbn28hpcplusbwp30p140ssg0p81v125c       0 
OAI22D1P5BWP30P140               19     21.546    tcbn28hpcplusbwp30p140ssg0p81v125c       0 
OAI22D2BWP30P140                  7      7.938    tcbn28hpcplusbwp30p140ssg0p81v125c       0 
OAI22OPTPBD1BWP30P140            43     43.344    tcbn28hpcplusbwp30p140ssg0p81v125c       0 
OAI22OPTPBD2BWP30P140            54    102.060    tcbn28hpcplusbwp30p140ssg0p81v125c       0 
OAI22OPTPBD4BWP30P140             1      3.654    tcbn28hpcplusbwp30p140ssg0p81v125c       0 
OAI31D1BWP30P140                 13      8.190    tcbn28hpcplusbwp30p140ssg0p81v125c       0 
OAI31D2BWP30P140                 22     24.948    tcbn28hpcplusbwp30p140ssg0p81v125c       0 
OAI31D4BWP30P140                 24     54.432    tcbn28hpcplusbwp30p140ssg0p81v125c       0 
OAI32D1BWP30P140                  4      3.024    tcbn28hpcplusbwp30p140ssg0p81v125c       0 
OAI32D2BWP30P140                 11     15.246    tcbn28hpcplusbwp30p140ssg0p81v125c       0 
OAI33D1BWP30P140                 13     11.466    tcbn28hpcplusbwp30p140ssg0p81v125c       0 
OR2D0BWP30P140                   95     47.880    tcbn28hpcplusbwp30p140ssg0p81v125c       0 
OR2D1BWP30P140                  385    194.040    tcbn28hpcplusbwp30p140ssg0p81v125c       0 
OR2D2BWP30P140                   73     45.990    tcbn28hpcplusbwp30p140ssg0p81v125c       0 
OR2D4BWP30P140                   97    109.998    tcbn28hpcplusbwp30p140ssg0p81v125c       0 
OR2D6BWP30P140                    3      4.158    tcbn28hpcplusbwp30p140ssg0p81v125c       0 
OR3D1BWP30P140                   33     20.790    tcbn28hpcplusbwp30p140ssg0p81v125c       0 
OR3D2BWP30P140                   14     10.584    tcbn28hpcplusbwp30p140ssg0p81v125c       0 
OR3D4BWP30P140                   20     27.720    tcbn28hpcplusbwp30p140ssg0p81v125c       0 
OR4D1BWP30P140                   18     13.608    tcbn28hpcplusbwp30p140ssg0p81v125c       0 
OR4D2BWP30P140                    4      3.528    tcbn28hpcplusbwp30p140ssg0p81v125c       0 
OR4D4BWP30P140                    4      6.552    tcbn28hpcplusbwp30p140ssg0p81v125c       0 
SDFCNARD1BWP30P140               39    122.850    tcbn28hpcplusbwp30p140ssg0p81v125c       0 
SDFCNOPTMAD4BWP30P140            61    407.358    tcbn28hpcplusbwp30p140ssg0p81v125c       0 
SDFCNOPTMAD8BWP30P140             2     18.648    tcbn28hpcplusbwp30p140ssg0p81v125c       0 
SDFCNOPTSADD4BWP30P140            3     20.034    tcbn28hpcplusbwp30p140ssg0p81v125c       0 
SDFCNQARD1BWP30P140              58    168.084    tcbn28hpcplusbwp30p140ssg0p81v125c       0 
SDFCNQARD2BWP30P140               8     26.208    tcbn28hpcplusbwp30p140ssg0p81v125c       0 
SDFCNQARD4BWP30P140               1      3.528    tcbn28hpcplusbwp30p140ssg0p81v125c       0 
SDFCNQD1BWP30P140                 3      9.072    tcbn28hpcplusbwp30p140ssg0p81v125c       0 
SDFCNQOPTMAD4BWP30P140           28    169.344    tcbn28hpcplusbwp30p140ssg0p81v125c       0 
SDFCNQOPTMAD8BWP30P140           28    229.320    tcbn28hpcplusbwp30p140ssg0p81v125c       0 
SDFCNQOPTMCD8BWP30P140            2     14.616    tcbn28hpcplusbwp30p140ssg0p81v125c       0 
SDFCNQOPTSADD4BWP30P140          27    163.296    tcbn28hpcplusbwp30p140ssg0p81v125c       0 
SDFSNQD2BWP30P140                 2      5.796    tcbn28hpcplusbwp30p140ssg0p81v125c       0 
XNR2D1BWP30P140                 633    638.064    tcbn28hpcplusbwp30p140ssg0p81v125c       0 
XNR2D2BWP30P140                 115    130.410    tcbn28hpcplusbwp30p140ssg0p81v125c       0 
XNR2D4BWP30P140                  23     46.368    tcbn28hpcplusbwp30p140ssg0p81v125c       0 
XNR2OPTND2BWP30P140             300    415.800    tcbn28hpcplusbwp30p140ssg0p81v125c       0 
XNR2OPTND4BWP30P140             590   1486.800    tcbn28hpcplusbwp30p140ssg0p81v125c       0 
XNR2OPTND6BWP30P140              27     98.658    tcbn28hpcplusbwp30p140ssg0p81v125c       0 
XNR2UD1BWP30P140               2312   2039.184    tcbn28hpcplusbwp30p140ssg0p81v125c       0 
XNR3D1BWP30P140                 209    395.010    tcbn28hpcplusbwp30p140ssg0p81v125c       0 
XNR3D2BWP30P140                  48     96.768    tcbn28hpcplusbwp30p140ssg0p81v125c       0 
XNR3D4BWP30P140                  13     40.950    tcbn28hpcplusbwp30p140ssg0p81v125c       0 
XNR3UD0BWP30P140                 11     19.404    tcbn28hpcplusbwp30p140ssg0p81v125c       0 
XNR3UD1BWP30P140                567   1000.188    tcbn28hpcplusbwp30p140ssg0p81v125c       0 
XNR4D1BWP30P140                  24     63.504    tcbn28hpcplusbwp30p140ssg0p81v125c       0 
XOR2D1BWP30P140                 382    385.056    tcbn28hpcplusbwp30p140ssg0p81v125c       0 
XOR2D2BWP30P140                  43     48.762    tcbn28hpcplusbwp30p140ssg0p81v125c       0 
XOR2D4BWP30P140                  72    145.152    tcbn28hpcplusbwp30p140ssg0p81v125c       0 
XOR2OPTND2BWP30P140             245    339.570    tcbn28hpcplusbwp30p140ssg0p81v125c       0 
XOR2OPTND4BWP30P140             462   1164.240    tcbn28hpcplusbwp30p140ssg0p81v125c       0 
XOR2OPTND6BWP30P140              15     54.810    tcbn28hpcplusbwp30p140ssg0p81v125c       0 
XOR2UD0BWP30P140                  1      0.882    tcbn28hpcplusbwp30p140ssg0p81v125c       0 
XOR2UD1BWP30P140                970    855.540    tcbn28hpcplusbwp30p140ssg0p81v125c       0 
XOR3D0BWP30P140                   1      1.890    tcbn28hpcplusbwp30p140ssg0p81v125c       0 
XOR3D1BWP30P140                 259    489.510    tcbn28hpcplusbwp30p140ssg0p81v125c       0 
XOR3D2BWP30P140                  67    135.072    tcbn28hpcplusbwp30p140ssg0p81v125c       0 
XOR3D4BWP30P140                  20     63.000    tcbn28hpcplusbwp30p140ssg0p81v125c       0 
XOR3UD0BWP30P140                 14     24.696    tcbn28hpcplusbwp30p140ssg0p81v125c       0 
XOR3UD1BWP30P140                871   1536.444    tcbn28hpcplusbwp30p140ssg0p81v125c       0 
XOR4D0BWP30P140                  26     68.796    tcbn28hpcplusbwp30p140ssg0p81v125c       0 
XOR4D1BWP30P140                  52    137.592    tcbn28hpcplusbwp30p140ssg0p81v125c       0 
---------------------------------------------------------------------------------------------
total                         62760  70205.436                                       


                                                        
            Type             Instances    Area   Area % 
--------------------------------------------------------
sequential                        2747  7060.410   10.1 
inverter                          8122  2733.318    3.9 
buffer                              98    59.724    0.1 
clock_gating_integrated_cell        49    92.610    0.1 
logic                            51744 60259.374   85.8 
physical_cells                       0     0.000    0.0 
--------------------------------------------------------
total                            62760 70205.436  100.0 

