============================================================
  Generated by:           Genus(TM) Synthesis Solution 21.12-s068_1
  Generated on:           Feb 03 2026  02:51:07 pm
  Module:                 System
  Operating conditions:   ssg0p81v125c 
  Interconnect mode:      global
  Area mode:              physical library
============================================================


Path 1: MET (0 ps) Late External Delay Assertion at pin p_output_data_write[19]
           View: analysis_view_0p81v_125c_capwst_slowest
          Group: clk
     Startpoint: (R) control/r_addr_count_write_out_reg[1]/CP
          Clock: (R) clk
       Endpoint: (R) p_output_data_write[19]
          Clock: (R) clk

                     Capture       Launch     
        Clock Edge:+    2000            0     
       Src Latency:+       0            0     
       Net Latency:+       0 (I)        0 (I) 
           Arrival:=    2000            0     
                                              
      Output Delay:-    1000                  
     Required Time:=    1000                  
      Launch Clock:-       0                  
         Data Path:-    1000                  
             Slack:=       0                  

Exceptions/Constraints:
  output_delay             1000            constraints.sdc_line_25_78_1 

#----------------------------------------------------------------------------------------------------------------------------
#              Timing Point                Flags    Arc   Edge        Cell          Fanout Load Trans Delay Arrival Instance 
#                                                                                          (fF)  (ps)  (ps)   (ps)  Location 
#----------------------------------------------------------------------------------------------------------------------------
  control/r_addr_count_write_out_reg[1]/CP -       -      R     (arrival)                4    -     0     0       0    (-,-) 
  control/r_addr_count_write_out_reg[1]/QN -       CP->QN R     DFKCND1BWP30P140         3  5.7    33    90      90    (-,-) 
  control/g46584__4319/ZN                  -       B1->ZN F     INR2D2BWP30P140          5  6.7    25    22     112    (-,-) 
  control/g46485__6783/ZN                  -       A2->ZN R     ND2D2BWP30P140           6  9.9    32    28     140    (-,-) 
  control/g46295/ZN                        -       I->ZN  F     INVD9BWP30P140          36 31.4    25    22     161    (-,-) 
  control/g46018__5107/ZN                  -       B1->ZN R     AOI22D1BWP30P140         1  1.3    29    30     191    (-,-) 
  control/g45831__4733/ZN                  -       A1->ZN F     ND2D1BWP30P140           1  1.3    23    19     210    (-,-) 
  control/g45726__5477/ZN                  -       A1->ZN R     NR2OPTIBD1BWP30P140      1  1.3    22    20     230    (-,-) 
  control/g45227__6161/ZN                  -       A1->ZN F     ND3D1BWP30P140           2  1.8    42    29     259    (-,-) 
  control/add_1022_65_g483/Z               -       A1->Z  F     CKAN2D1BWP30P140         2  2.9    21    37     297    (-,-) 
  control/add_1022_65_g480/CO              -       CI->CO F     FA1D1BWP30P140           1  2.5    24    44     341    (-,-) 
  control/add_1022_65_g479/CO              -       CI->CO F     FA1OPTCD1BWP30P140       1  2.5    23    33     374    (-,-) 
  control/add_1022_65_g478/CO              -       CI->CO F     FA1OPTCD1BWP30P140       1  2.5    23    33     407    (-,-) 
  control/add_1022_65_g477/CO              -       CI->CO F     FA1OPTCD1BWP30P140       1  2.5    23    33     440    (-,-) 
  control/add_1022_65_g476/CO              -       CI->CO F     FA1OPTCD1BWP30P140       1  2.5    23    33     472    (-,-) 
  control/add_1022_65_g475/CO              -       CI->CO F     FA1OPTCD1BWP30P140       1  2.5    23    33     505    (-,-) 
  control/add_1022_65_g474/CO              -       CI->CO F     FA1OPTCD1BWP30P140       1  2.5    23    33     538    (-,-) 
  control/add_1022_65_g473/CO              -       CI->CO F     FA1OPTCD1BWP30P140       1  2.5    23    33     571    (-,-) 
  control/add_1022_65_g472/CO              -       CI->CO F     FA1OPTCD1BWP30P140       1  2.5    23    33     604    (-,-) 
  control/add_1022_65_g471/CO              -       CI->CO F     FA1OPTCD1BWP30P140       1  2.5    23    33     636    (-,-) 
  control/add_1022_65_g470/CO              -       CI->CO F     FA1OPTCD1BWP30P140       1  2.1    21    32     668    (-,-) 
  control/add_1022_65_g469/CO              -       CI->CO F     FA1D1BWP30P140           1  2.5    23    44     712    (-,-) 
  control/add_1022_65_g468/CO              -       CI->CO F     FA1OPTCD2BWP30P140       1  2.5    17    27     739    (-,-) 
  control/add_1022_65_g467/CO              -       CI->CO F     FA1OPTCD1BWP30P140       1  2.5    23    31     770    (-,-) 
  control/add_1022_65_g466/CO              -       CI->CO F     FA1OPTCD1BWP30P140       1  2.1    21    32     802    (-,-) 
  control/add_1022_65_g465/CO              -       CI->CO F     FA1D1BWP30P140           1  2.1    21    43     845    (-,-) 
  control/add_1022_65_g464/CO              -       CI->CO F     FA1D1BWP30P140           1  2.1    21    43     888    (-,-) 
  control/add_1022_65_g463/CO              -       CI->CO F     FA1D1BWP30P140           1  1.4    18    40     929    (-,-) 
  control/g46670/Z                         -       A1->Z  R     XOR3D2BWP30P140          1  4.8    21    71    1000    (-,-) 
  p_output_data_write[19]                  <<<     -      R     (port)                   -    -     -     0    1000    (-,-) 
#----------------------------------------------------------------------------------------------------------------------------


