============================================================
  Generated by:           Genus(TM) Synthesis Solution 21.12-s068_1
  Generated on:           Feb 03 2026  02:51:05 pm
  Module:                 System
  Library domain:         timing_cond_0p81v_125c
    Domain index:         0
    Technology library:   tcbn28hpcplusbwp30p140ssg0p81v125c 110
  Operating conditions:   ssg0p81v125c 
  Interconnect mode:      global
  Area mode:              physical library
============================================================

                                                                                 Library 
        Gate          Instances    Area                   Library                 Domain 
-----------------------------------------------------------------------------------------
AN2D0BWP30P140               21     10.584    tcbn28hpcplusbwp30p140ssg0p81v125c       0 
AN2D1BWP30P140               55     27.720    tcbn28hpcplusbwp30p140ssg0p81v125c       0 
AN2D6BWP30P140                1      1.386    tcbn28hpcplusbwp30p140ssg0p81v125c       0 
AN3D1BWP30P140                1      0.630    tcbn28hpcplusbwp30p140ssg0p81v125c       0 
AN4D1BWP30P140               95     71.820    tcbn28hpcplusbwp30p140ssg0p81v125c       0 
AO211D1BWP30P140              2      1.512    tcbn28hpcplusbwp30p140ssg0p81v125c       0 
AO21D1BWP30P140             298    187.740    tcbn28hpcplusbwp30p140ssg0p81v125c       0 
AO22D0BWP30P140            3036   2295.216    tcbn28hpcplusbwp30p140ssg0p81v125c       0 
AOI211D1BWP30P140             4      2.520    tcbn28hpcplusbwp30p140ssg0p81v125c       0 
AOI21D1BWP30P140            196     98.784    tcbn28hpcplusbwp30p140ssg0p81v125c       0 
AOI221D1BWP30P140          3020   2283.120    tcbn28hpcplusbwp30p140ssg0p81v125c       0 
AOI222D1BWP30P140           581    585.648    tcbn28hpcplusbwp30p140ssg0p81v125c       0 
AOI22D0P7BWP30P140            1      0.630    tcbn28hpcplusbwp30p140ssg0p81v125c       0 
AOI22D1BWP30P140           1448    912.240    tcbn28hpcplusbwp30p140ssg0p81v125c       0 
AOI31D1BWP30P140              3      1.890    tcbn28hpcplusbwp30p140ssg0p81v125c       0 
AOI32D1BWP30P140              1      0.756    tcbn28hpcplusbwp30p140ssg0p81v125c       0 
BUFFD16BWP30P140              1      2.772    tcbn28hpcplusbwp30p140ssg0p81v125c       0 
BUFFD1P5BWP30P140             4      2.016    tcbn28hpcplusbwp30p140ssg0p81v125c       0 
CKAN2D1BWP30P140            233    117.432    tcbn28hpcplusbwp30p140ssg0p81v125c       0 
CKBD1BWP30P140                1      0.378    tcbn28hpcplusbwp30p140ssg0p81v125c       0 
CKLNQD1BWP30P140            139    262.710    tcbn28hpcplusbwp30p140ssg0p81v125c       0 
CKMUX2D0BWP30P140          1391   1226.862    tcbn28hpcplusbwp30p140ssg0p81v125c       0 
CKND1BWP30P140             2531    637.812    tcbn28hpcplusbwp30p140ssg0p81v125c       0 
CKND2BWP30P140                4      1.512    tcbn28hpcplusbwp30p140ssg0p81v125c       0 
CKND2D1BWP30P140            273    103.194    tcbn28hpcplusbwp30p140ssg0p81v125c       0 
DFCND1BWP30P140               3      7.560    tcbn28hpcplusbwp30p140ssg0p81v125c       0 
DFCNQD1BWP30P140              5     11.340    tcbn28hpcplusbwp30p140ssg0p81v125c       0 
DFD1BWP30P140                 1      2.142    tcbn28hpcplusbwp30p140ssg0p81v125c       0 
DFKCND1BWP30P140             64    137.088    tcbn28hpcplusbwp30p140ssg0p81v125c       0 
DFKCNQD2BWP30P140          2697   5437.152    tcbn28hpcplusbwp30p140ssg0p81v125c       0 
DFKCSND1BWP30P140             2      5.040    tcbn28hpcplusbwp30p140ssg0p81v125c       0 
DFKSND1BWP30P140            550   1316.700    tcbn28hpcplusbwp30p140ssg0p81v125c       0 
DFMQD1BWP30P140               1      2.394    tcbn28hpcplusbwp30p140ssg0p81v125c       0 
DFQD2BWP30P140              743   1404.270    tcbn28hpcplusbwp30p140ssg0p81v125c       0 
FA1D1BWP30P140             9305  19931.310    tcbn28hpcplusbwp30p140ssg0p81v125c       0 
FA1OPTCD1BWP30P140           12     30.240    tcbn28hpcplusbwp30p140ssg0p81v125c       0 
FA1OPTCD2BWP30P140            1      3.024    tcbn28hpcplusbwp30p140ssg0p81v125c       0 
HA1D1BWP30P140              906   1484.028    tcbn28hpcplusbwp30p140ssg0p81v125c       0 
IAO21D1BWP30P140              6      3.780    tcbn28hpcplusbwp30p140ssg0p81v125c       0 
IND2D1BWP30P140             217    109.368    tcbn28hpcplusbwp30p140ssg0p81v125c       0 
IND2D2BWP30P140               1      0.756    tcbn28hpcplusbwp30p140ssg0p81v125c       0 
IND2D4BWP30P140               1      1.386    tcbn28hpcplusbwp30p140ssg0p81v125c       0 
IND3D1BWP30P140               5      3.150    tcbn28hpcplusbwp30p140ssg0p81v125c       0 
INR2D1BWP30P140             413    208.152    tcbn28hpcplusbwp30p140ssg0p81v125c       0 
INR2D2BWP30P140               2      1.512    tcbn28hpcplusbwp30p140ssg0p81v125c       0 
INR2D6BWP30P140               1      1.890    tcbn28hpcplusbwp30p140ssg0p81v125c       0 
INR2D8BWP30P140               1      2.646    tcbn28hpcplusbwp30p140ssg0p81v125c       0 
INR3D0BWP30P140              10      6.300    tcbn28hpcplusbwp30p140ssg0p81v125c       0 
INR4D0BWP30P140               2      1.512    tcbn28hpcplusbwp30p140ssg0p81v125c       0 
INVD0P7BWP30P140             65     16.380    tcbn28hpcplusbwp30p140ssg0p81v125c       0 
INVD12BWP30P140               3      4.914    tcbn28hpcplusbwp30p140ssg0p81v125c       0 
INVD18BWP30P140               2      4.788    tcbn28hpcplusbwp30p140ssg0p81v125c       0 
INVD1BWP30P140                4      1.008    tcbn28hpcplusbwp30p140ssg0p81v125c       0 
INVD3BWP30P140                3      1.512    tcbn28hpcplusbwp30p140ssg0p81v125c       0 
INVD6BWP30P140                2      1.764    tcbn28hpcplusbwp30p140ssg0p81v125c       0 
INVD8BWP30P140                5      5.670    tcbn28hpcplusbwp30p140ssg0p81v125c       0 
INVD9BWP30P140                3      3.780    tcbn28hpcplusbwp30p140ssg0p81v125c       0 
IOA21D0BWP30P140              1      0.630    tcbn28hpcplusbwp30p140ssg0p81v125c       0 
IOA21D1BWP30P140            292    183.960    tcbn28hpcplusbwp30p140ssg0p81v125c       0 
MAOI222D1BWP30P140           12      9.072    tcbn28hpcplusbwp30p140ssg0p81v125c       0 
MAOI22D1BWP30P140             1      0.756    tcbn28hpcplusbwp30p140ssg0p81v125c       0 
MOAI22D1BWP30P140            11      8.316    tcbn28hpcplusbwp30p140ssg0p81v125c       0 
MUX2D0BWP30P140              63     55.566    tcbn28hpcplusbwp30p140ssg0p81v125c       0 
MUX2D1BWP30P140               2      2.016    tcbn28hpcplusbwp30p140ssg0p81v125c       0 
MUX2D2BWP30P140               4      4.536    tcbn28hpcplusbwp30p140ssg0p81v125c       0 
MUX2NUD1BWP30P140             7      5.292    tcbn28hpcplusbwp30p140ssg0p81v125c       0 
ND2D1BWP30P140              614    232.092    tcbn28hpcplusbwp30p140ssg0p81v125c       0 
ND2D2BWP30P140                4      2.520    tcbn28hpcplusbwp30p140ssg0p81v125c       0 
ND2D3BWP30P140                4      3.528    tcbn28hpcplusbwp30p140ssg0p81v125c       0 
ND2OPTIBD1BWP30P140          21      7.938    tcbn28hpcplusbwp30p140ssg0p81v125c       0 
ND2OPTIBD2BWP30P140           1      0.630    tcbn28hpcplusbwp30p140ssg0p81v125c       0 
ND2OPTPAD4BWP30P140           1      2.016    tcbn28hpcplusbwp30p140ssg0p81v125c       0 
ND3D1BWP30P140              219    110.376    tcbn28hpcplusbwp30p140ssg0p81v125c       0 
ND4D1BWP30P140               37     23.310    tcbn28hpcplusbwp30p140ssg0p81v125c       0 
ND4D2BWP30P140                1      1.260    tcbn28hpcplusbwp30p140ssg0p81v125c       0 
NR2D0P7BWP30P140              1      0.378    tcbn28hpcplusbwp30p140ssg0p81v125c       0 
NR2D1BWP30P140              280    105.840    tcbn28hpcplusbwp30p140ssg0p81v125c       0 
NR2D3BWP30P140                1      0.882    tcbn28hpcplusbwp30p140ssg0p81v125c       0 
NR2D4BWP30P140                1      1.134    tcbn28hpcplusbwp30p140ssg0p81v125c       0 
NR2D6BWP30P140                1      1.638    tcbn28hpcplusbwp30p140ssg0p81v125c       0 
NR2D8BWP30P140                2      4.284    tcbn28hpcplusbwp30p140ssg0p81v125c       0 
NR2OPTD6BWP30P140             2      3.276    tcbn28hpcplusbwp30p140ssg0p81v125c       0 
NR2OPTIBD1BWP30P140          73     27.594    tcbn28hpcplusbwp30p140ssg0p81v125c       0 
NR3D0BWP30P140                6      3.024    tcbn28hpcplusbwp30p140ssg0p81v125c       0 
NR3D0P7BWP30P140             64     32.256    tcbn28hpcplusbwp30p140ssg0p81v125c       0 
NR4D0BWP30P140               97     61.110    tcbn28hpcplusbwp30p140ssg0p81v125c       0 
OA211D1BWP30P140              3      2.268    tcbn28hpcplusbwp30p140ssg0p81v125c       0 
OA21D1BWP30P140               4      2.520    tcbn28hpcplusbwp30p140ssg0p81v125c       0 
OA22D1BWP30P140               3      2.646    tcbn28hpcplusbwp30p140ssg0p81v125c       0 
OAI211D1BWP30P140            12      7.560    tcbn28hpcplusbwp30p140ssg0p81v125c       0 
OAI21D0P7BWP30P140            1      0.504    tcbn28hpcplusbwp30p140ssg0p81v125c       0 
OAI21D1BWP30P140            396    199.584    tcbn28hpcplusbwp30p140ssg0p81v125c       0 
OAI221D1BWP30P140             6      5.292    tcbn28hpcplusbwp30p140ssg0p81v125c       0 
OAI222D1BWP30P140             5      5.040    tcbn28hpcplusbwp30p140ssg0p81v125c       0 
OAI22D1BWP30P140             22     13.860    tcbn28hpcplusbwp30p140ssg0p81v125c       0 
OAI31D1BWP30P140              6      3.780    tcbn28hpcplusbwp30p140ssg0p81v125c       0 
OAI32D1BWP30P140              6      4.536    tcbn28hpcplusbwp30p140ssg0p81v125c       0 
OAI33D1BWP30P140             31     27.342    tcbn28hpcplusbwp30p140ssg0p81v125c       0 
OR2D0BWP30P140               64     32.256    tcbn28hpcplusbwp30p140ssg0p81v125c       0 
OR2D1BWP30P140              132     66.528    tcbn28hpcplusbwp30p140ssg0p81v125c       0 
OR3D1BWP30P140                8      5.040    tcbn28hpcplusbwp30p140ssg0p81v125c       0 
OR4D1BWP30P140                5      3.780    tcbn28hpcplusbwp30p140ssg0p81v125c       0 
SDFKCNQARD2BWP30P140          1      2.772    tcbn28hpcplusbwp30p140ssg0p81v125c       0 
XNR2UD1BWP30P140           3645   3214.890    tcbn28hpcplusbwp30p140ssg0p81v125c       0 
XNR3UD1BWP30P140            122    215.208    tcbn28hpcplusbwp30p140ssg0p81v125c       0 
XNR4D1BWP30P140              90    238.140    tcbn28hpcplusbwp30p140ssg0p81v125c       0 
XOR2UD1BWP30P140            478    421.596    tcbn28hpcplusbwp30p140ssg0p81v125c       0 
XOR3D2BWP30P140               1      2.016    tcbn28hpcplusbwp30p140ssg0p81v125c       0 
XOR3UD1BWP30P140            126    222.264    tcbn28hpcplusbwp30p140ssg0p81v125c       0 
XOR4D0BWP30P140              66    174.636    tcbn28hpcplusbwp30p140ssg0p81v125c       0 
XOR4D1BWP30P140              29     76.734    tcbn28hpcplusbwp30p140ssg0p81v125c       0 
-----------------------------------------------------------------------------------------
total                     35461  44835.462                                       


                                                        
            Type             Instances    Area   Area % 
--------------------------------------------------------
sequential                        4067  8326.458   18.6 
inverter                          2622   679.140    1.5 
buffer                               6     5.166    0.0 
clock_gating_integrated_cell       139   262.710    0.6 
logic                            28627 35561.988   79.3 
physical_cells                       0     0.000    0.0 
--------------------------------------------------------
total                            35461 44835.462  100.0 

