============================================================
  Generated by:           Genus(TM) Synthesis Solution 21.12-s068_1
  Generated on:           Oct 07 2026  02:35:58 am
  Module:                 Conv
  Library domain:         timing_cond_0p81v_125c
    Domain index:         0
    Technology library:   tcbn28hpcplusbwp30p140ssg0p81v125c 110
  Operating conditions:   ssg0p81v125c 
  Interconnect mode:      global
  Area mode:              physical library
============================================================

                             Instance                                       Module           Cell Count  Cell Area  Net Area   Total Area 
------------------------------------------------------------------------------------------------------------------------------------------
Conv                                                                                              17539  22699.656  8293.882    30993.538 
  MAC_LANES[0].COMBINATIONAL_MULTIPLIER.multip                    Multip                            416    428.022   170.670      598.692 
  MAC_LANES[1].COMBINATIONAL_MULTIPLIER.multip                    Multip_608                        416    428.022   170.670      598.692 
  MAC_LANES[2].COMBINATIONAL_MULTIPLIER.multip                    Multip_607                        416    428.022   170.670      598.692 
  MAC_LANES[3].COMBINATIONAL_MULTIPLIER.multip                    Multip_606                        416    428.022   170.670      598.692 
  MAC_LANES[4].COMBINATIONAL_MULTIPLIER.multip                    Multip_605                        416    428.022   170.670      598.692 
  MAC_LANES[5].COMBINATIONAL_MULTIPLIER.multip                    Multip_604                        416    428.022   170.670      598.692 
  MAC_LANES[6].COMBINATIONAL_MULTIPLIER.multip                    Multip_603                        416    428.022   170.670      598.692 
  MAC_LANES[7].COMBINATIONAL_MULTIPLIER.multip                    Multip_602                        416    428.022   170.670      598.692 
  WEIGHT_TRANSFORM_DIRECT.WEIGHT_TRANSFORM_ROWS[0].weight_trf_row WeightTransformRowConst           213    228.942    48.704      277.646 
  WEIGHT_TRANSFORM_DIRECT.WEIGHT_TRANSFORM_ROWS[1].weight_trf_row WeightTransformRowConst_0         406    568.008   140.756      708.764 
  WEIGHT_TRANSFORM_DIRECT.WEIGHT_TRANSFORM_ROWS[2].weight_trf_row WeightTransformRowConst_1         536    770.868   224.497      995.365 
  WEIGHT_TRANSFORM_DIRECT.WEIGHT_TRANSFORM_ROWS[3].weight_trf_row WeightTransformRowConst_2         211    222.390    48.956      271.346 
  WEIGHT_TRANSFORM_DIRECT.WEIGHT_TRANSFORM_ROWS[4].weight_trf_row WeightTransformRowConst_3         432    573.048   156.395      729.443 
  WEIGHT_TRANSFORM_DIRECT.WEIGHT_TRANSFORM_ROWS[5].weight_trf_row WeightTransformRowConst_4         582    783.468   236.107     1019.575 
  WEIGHT_TRANSFORM_DIRECT.WEIGHT_TRANSFORM_ROWS[6].weight_trf_row WeightTransformRowConst_5         211    222.390    48.956      271.346 
  WEIGHT_TRANSFORM_DIRECT.WEIGHT_TRANSFORM_ROWS[7].weight_trf_row WeightTransformRowConst_6         213    228.942    48.581      277.523 
  inverse_row_acc                                                 InverseRowAccumulate              643    883.638   206.212     1089.850 
  inverse_row_current                                             InverseRow                        251    439.740    98.662      538.402 
  transform_c0                                                    MatrixC0                         1668   2472.120   545.366     3017.486 
  transform_c1                                                    MatrixC1                         1946   2884.140   636.260     3520.400 
