============================================================
  Generated by:           Genus(TM) Synthesis Solution 21.12-s068_1
  Generated on:           Oct 06 2026  02:58:43 am
  Module:                 Conv
  Operating conditions:   ssg0p81v125c 
  Operating conditions:   tt0p9v25c 
  Interconnect mode:      global
  Area mode:              physical library
============================================================


Path 1: MET (225 ps) Late External Delay Assertion at pin p_output_data_write[19]
           View: analysis_view_0p90v_25c_captyp_nominal
          Group: clk
     Startpoint: (R) r_output_write_count_reg[2]/CP
          Clock: (R) clk
       Endpoint: (F) p_output_data_write[19]
          Clock: (R) clk

                     Capture       Launch     
        Clock Edge:+    2000            0     
       Src Latency:+       0            0     
       Net Latency:+       0 (I)        0 (I) 
           Arrival:=    2000            0     
                                              
      Output Delay:-    1000                  
     Required Time:=    1000                  
      Launch Clock:-       0                  
         Data Path:-     775                  
             Slack:=     225                  

Exceptions/Constraints:
  output_delay             1000            tmp_sdc_analysis_vie_line_897 

#-----------------------------------------------------------------------------------------------------------------
#         Timing Point           Flags    Arc   Edge        Cell         Fanout Load Trans Delay Arrival Instance 
#                                                                               (fF)  (ps)  (ps)   (ps)  Location 
#-----------------------------------------------------------------------------------------------------------------
  r_output_write_count_reg[2]/CP -       -      R     (arrival)               4    -     0     0       0    (-,-) 
  r_output_write_count_reg[2]/Q  -       CP->Q  F     DFCNQD1BWP30P140        4  6.7    30    59      59    (-,-) 
  g40139/ZN                      -       A2->ZN R     NR2D1BWP30P140          4  6.6    52    42     101    (-,-) 
  g40157/ZN                      -       A1->ZN R     INR2D4BWP30P140        34 35.1    63    54     154    (-,-) 
  g39381/ZN                      -       B1->ZN F     AOI222D1BWP30P140       1  1.5    40    30     184    (-,-) 
  g38996/ZN                      -       A2->ZN R     ND3D1BWP30P140          1  2.7    22    22     207    (-,-) 
  add_707_69_g481/CO             -       B->CO  R     HA1D1BWP30P140          1  2.8    15    25     232    (-,-) 
  add_707_69_g480/CO             -       CI->CO R     FA1OPTCD1BWP30P140      1  2.8    18    26     257    (-,-) 
  add_707_69_g479/CO             -       CI->CO R     FA1OPTCD1BWP30P140      1  2.3    17    25     283    (-,-) 
  add_707_69_g478/CO             -       CI->CO R     FA1D1BWP30P140          1  2.8    18    31     314    (-,-) 
  add_707_69_g477/CO             -       CI->CO R     FA1OPTCD1BWP30P140      1  2.8    18    26     340    (-,-) 
  add_707_69_g476/CO             -       CI->CO R     FA1OPTCD1BWP30P140      1  2.8    19    26     366    (-,-) 
  add_707_69_g475/CO             -       CI->CO R     FA1OPTCD1BWP30P140      1  2.8    18    26     393    (-,-) 
  add_707_69_g474/CO             -       CI->CO R     FA1OPTCD1BWP30P140      1  2.8    18    26     419    (-,-) 
  add_707_69_g473/CO             -       CI->CO R     FA1OPTCD1BWP30P140      1  2.3    17    25     444    (-,-) 
  add_707_69_g472/CO             -       CI->CO R     FA1D1BWP30P140          1  2.8    18    31     475    (-,-) 
  add_707_69_g471/CO             -       CI->CO R     FA1OPTCD1BWP30P140      1  2.8    18    26     502    (-,-) 
  add_707_69_g470/CO             -       CI->CO R     FA1OPTCD1BWP30P140      1  2.8    18    26     528    (-,-) 
  add_707_69_g469/CO             -       CI->CO R     FA1OPTCD1BWP30P140      1  2.8    18    26     554    (-,-) 
  add_707_69_g468/CO             -       CI->CO R     FA1OPTCD1BWP30P140      1  2.8    18    26     581    (-,-) 
  add_707_69_g467/CO             -       CI->CO R     FA1OPTCD1BWP30P140      1  2.3    17    25     606    (-,-) 
  add_707_69_g466/CO             -       CI->CO R     FA1D1BWP30P140          1  2.3    17    30     636    (-,-) 
  add_707_69_g465/CO             -       CI->CO R     FA1D1BWP30P140          1  2.3    17    30     665    (-,-) 
  add_707_69_g464/CO             -       CI->CO R     FA1D1BWP30P140          1  2.3    17    30     695    (-,-) 
  add_707_69_g463/CO             -       CI->CO R     FA1D1BWP30P140          1  1.6    14    27     722    (-,-) 
  g40711/Z                       -       A1->Z  F     XOR3D2BWP30P140         1  5.0    16    53     775    (-,-) 
  p_output_data_write[19]        <<<     -      F     (port)                  -    -     -     0     775    (-,-) 
#-----------------------------------------------------------------------------------------------------------------


