Copyright 1986-2022 Xilinx, Inc. All Rights Reserved. Copyright 2022-2023 Advanced Micro Devices, Inc. All Rights Reserved.
---------------------------------------------------------------------------------------------------------------------------------------------------------------------------------------------
| Tool Version     : Vivado v.2023.2 (lin64) Build 4029153 Fri Oct 13 20:13:54 MDT 2023
| Date             : Mon Sep 28 01:57:58 2026
| Host             : paxos.inf.pucrs.br running 64-bit Rocky Linux release 8.10 (Green Obsidian)
| Command          : report_power -hier all -file /tmp/fastconv-column-power-ced7840b/rtl/conv2x2/fpga_zcu104/column_power_comparison/reports/prefetch8_scalar/power_p3f_maximum.rpt
| Design           : Conv
| Device           : xczu7ev-ffvc1156-2-e
| Design State     : routed
| Grade            : extended
| Process          : maximum
| Characterization : Production
---------------------------------------------------------------------------------------------------------------------------------------------------------------------------------------------

Power Report

Table of Contents
-----------------
1. Summary
1.1 On-Chip Components
1.2 Power Supply Summary
1.3 Confidence Level
2. Settings
2.1 Environment
2.2 Clock Constraints
3. Detailed Reports
3.1 By Hierarchy

1. Summary
----------

+--------------------------+------------------------------------------------------------------------------------------------------------------------------------+
| Total On-Chip Power (W)  | 1.059                                                                                                                              |
| Design Power Budget (W)  | Unspecified*                                                                                                                       |
| Power Budget Margin (W)  | NA                                                                                                                                 |
| Dynamic (W)              | 0.246                                                                                                                              |
| Device Static (W)        | 0.814                                                                                                                              |
| Effective TJA (C/W)      | 1.0                                                                                                                                |
| Max Ambient (C)          | 99.0                                                                                                                               |
| Junction Temperature (C) | 26.0                                                                                                                               |
| Confidence Level         | High                                                                                                                               |
| Setting File             | ---                                                                                                                                |
| Simulation Activity File | /tmp/fastconv-column-power-ced7840b/rtl/conv2x2/fpga_zcu104/column_power_comparison/reports/prefetch8_scalar/top/activity_top.saif |
| Design Nets Matched      | 100%   (9676/9676)                                                                                                                 |
+--------------------------+------------------------------------------------------------------------------------------------------------------------------------+
* Specify Design Power Budget using, set_operating_conditions -design_power_budget <value in Watts>


1.1 On-Chip Components
----------------------

+----------------+-----------+----------+-----------+-----------------+
| On-Chip        | Power (W) | Used     | Available | Utilization (%) |
+----------------+-----------+----------+-----------+-----------------+
| Clocks         |     0.015 |        3 |       --- |             --- |
| CLB Logic      |     0.042 |     7000 |       --- |             --- |
|   LUT as Logic |     0.037 |     4503 |    230400 |            1.95 |
|   CARRY8       |     0.004 |      399 |     28800 |            1.39 |
|   Register     |    <0.001 |     1244 |    460800 |            0.27 |
|   Others       |     0.000 |       46 |       --- |             --- |
| Signals        |     0.062 |     6144 |       --- |             --- |
| DSPs           |     0.009 |        8 |      1728 |            0.46 |
| I/O            |     0.118 |      101 |       360 |           28.06 |
| Static Power   |     0.814 |          |           |                 |
| Total          |     1.059 |          |           |                 |
+----------------+-----------+----------+-----------+-----------------+


1.2 Power Supply Summary
------------------------

+-----------------+-------------+------------+-------------+------------+-------------+-------------+------------+
| Source          | Voltage (V) | Total (A)  | Dynamic (A) | Static (A) | Powerup (A) | Budget (A)  | Margin (A) |
+-----------------+-------------+------------+-------------+------------+-------------+-------------+------------+
| Vccint          |       0.850 |     0.574* |       0.151 |      0.423 |       1.773 | Unspecified | NA         |
| Vccint_io       |       0.850 |     0.098* |       0.006 |      0.092 |       0.379 | Unspecified | NA         |
| Vccbram         |       0.850 |     0.009* |       0.000 |      0.009 |       0.219 | Unspecified | NA         |
| Vccaux          |       1.800 |     0.155* |       0.000 |      0.155 |       0.267 | Unspecified | NA         |
| Vccaux_io       |       1.800 |     0.066* |       0.016 |      0.050 |       0.285 | Unspecified | NA         |
| Vcco33          |       3.300 |      0.000 |       0.000 |      0.000 |       NA    | Unspecified | NA         |
| Vcco25          |       2.500 |      0.000 |       0.000 |      0.000 |       NA    | Unspecified | NA         |
| Vcco18          |       1.800 |     0.046* |       0.046 |      0.000 |       0.004 | Unspecified | NA         |
| Vcco15          |       1.500 |      0.000 |       0.000 |      0.000 |       NA    | Unspecified | NA         |
| Vcco135         |       1.350 |      0.000 |       0.000 |      0.000 |       NA    | Unspecified | NA         |
| Vcco12          |       1.200 |      0.000 |       0.000 |      0.000 |       NA    | Unspecified | NA         |
| Vcco10          |       1.000 |      0.000 |       0.000 |      0.000 |       NA    | Unspecified | NA         |
| Vccadc          |       1.800 |      0.008 |       0.000 |      0.008 |       NA    | Unspecified | NA         |
| VCC_PSINTFP     |       0.850 |      0.000 |       0.000 |      0.000 |       NA    | Unspecified | NA         |
| VCC_PSINTLP     |       0.850 |     0.015* |       0.000 |      0.015 |       0.614 | Unspecified | NA         |
| VPS_MGTRAVCC    |       0.850 |      0.000 |       0.000 |      0.000 |       NA    | Unspecified | NA         |
| VCC_PSINTFP_DDR |       0.850 |      0.000 |       0.000 |      0.000 |       NA    | Unspecified | NA         |
| VCC_PSPLL       |       1.200 |      0.002 |       0.000 |      0.002 |       NA    | Unspecified | NA         |
| VPS_MGTRAVTT    |       1.800 |      0.000 |       0.000 |      0.000 |       NA    | Unspecified | NA         |
| VCCO_PSDDR_504  |       1.200 |      0.000 |       0.000 |      0.000 |       NA    | Unspecified | NA         |
| VCC_PSAUX       |       1.800 |     0.002* |       0.000 |      0.002 |       0.122 | Unspecified | NA         |
| VCC_PSBATT      |       1.200 |      0.000 |       0.000 |      0.000 |       NA    | Unspecified | NA         |
| VCC_PSDDR_PLL   |       1.800 |      0.000 |       0.000 |      0.000 |       NA    | Unspecified | NA         |
| VCCO_PSIO0_500  |       3.300 |      0.000 |       0.000 |      0.000 |       NA    | Unspecified | NA         |
| VCCO_PSIO1_501  |       3.300 |      0.000 |       0.000 |      0.000 |       NA    | Unspecified | NA         |
| VCCO_PSIO2_502  |       3.300 |      0.000 |       0.000 |      0.000 |       NA    | Unspecified | NA         |
| VCCO_PSIO3_503  |       3.300 |      0.000 |       0.000 |      0.000 |       NA    | Unspecified | NA         |
| VCC_PSADC       |       1.800 |      0.002 |       0.000 |      0.002 |       NA    | Unspecified | NA         |
| VCCINT_VCU      |       0.900 |      0.074 |       0.000 |      0.074 |       NA    | Unspecified | NA         |
| MGTAVcc         |       0.900 |      0.000 |       0.000 |      0.000 |       NA    | Unspecified | NA         |
| MGTAVtt         |       1.200 |      0.000 |       0.000 |      0.000 |       NA    | Unspecified | NA         |
| MGTVccaux       |       1.800 |      0.000 |       0.000 |      0.000 |       NA    | Unspecified | NA         |
+-----------------+-------------+------------+-------------+------------+-------------+-------------+------------+
* Power-up current exceeds the steady-state current


1.3 Confidence Level
--------------------

+-----------------------------+------------+------------------------------------------------+--------+
| User Input Data             | Confidence | Details                                        | Action |
+-----------------------------+------------+------------------------------------------------+--------+
| Design implementation state | High       | Design is routed                               |        |
| Clock nodes activity        | High       | User specified more than 95% of clocks         |        |
| I/O nodes activity          | High       | User specified more than 95% of inputs         |        |
| Internal nodes activity     | High       | User specified more than 25% of internal nodes |        |
| Device models               | High       | Device models are Production                   |        |
|                             |            |                                                |        |
| Overall confidence level    | High       |                                                |        |
+-----------------------------+------------+------------------------------------------------+--------+


2. Settings
-----------

2.1 Environment
---------------

+-----------------------+--------------------------+
| Ambient Temp (C)      | 25.0                     |
| ThetaJA (C/W)         | 1.0                      |
| Airflow (LFM)         | 250                      |
| Heat Sink             | medium (Medium Profile)  |
| ThetaSA (C/W)         | 1.5                      |
| Board Selection       | medium (10"x10")         |
| # of Board Layers     | 12to15 (12 to 15 Layers) |
| Board Temperature (C) | 25.0                     |
+-----------------------+--------------------------+


2.2 Clock Constraints
---------------------

+-------+--------+-----------------+
| Clock | Domain | Constraint (ns) |
+-------+--------+-----------------+
| clk   | clk    |             3.2 |
+-------+--------+-----------------+


3. Detailed Reports
-------------------

3.1 By Hierarchy
----------------

+-------------------+-----------+---------+-----------+------+--------+----------+------------+---------+-----------+-------+---------+
| Name              | Power (W) | Clock # | Clock (W) | Io # | Io (W) | Signal # | Signal (W) | Logic # | Logic (W) | Dsp # | Dsp (W) |
+-------------------+-----------+---------+-----------+------+--------+----------+------------+---------+-----------+-------+---------+
| Conv              |     0.246 |       3 |     0.015 |  101 |  0.118 |     6144 |      0.062 |    7000 |     0.042 |     8 |   0.009 |
|   multip0         |     0.001 |       3 |     0.000 |    0 |  0.000 |       60 |     <0.001 |      48 |    <0.001 |     1 |  <0.001 |
|   multip1         |     0.007 |       3 |     0.000 |    0 |  0.000 |      167 |      0.002 |     196 |     0.004 |     1 |  <0.001 |
|   multip2         |     0.008 |       3 |     0.000 |    0 |  0.000 |      166 |      0.003 |     192 |     0.004 |     1 |  <0.001 |
|   multip3         |     0.001 |       3 |     0.000 |    0 |  0.000 |       61 |     <0.001 |      50 |    <0.001 |     1 |  <0.001 |
|   multip4         |     0.003 |       3 |     0.000 |    0 |  0.000 |       44 |      0.001 |      26 |    <0.001 |     1 |   0.001 |
|   multip5         |     0.009 |       3 |     0.000 |    0 |  0.000 |      106 |      0.004 |     108 |     0.004 |     1 |   0.001 |
|   multip6         |     0.009 |       3 |     0.000 |    0 |  0.000 |      105 |      0.004 |     104 |     0.004 |     1 |   0.001 |
|   multip7         |     0.003 |       3 |     0.000 |    0 |  0.000 |       45 |      0.001 |      28 |    <0.001 |     1 |   0.002 |
|   trf             |     0.020 |       3 |     0.000 |    0 |  0.000 |      852 |      0.010 |     986 |     0.010 |     0 |   0.000 |
|     matrix_c0     |     0.008 |       3 |     0.000 |    0 |  0.000 |      296 |      0.004 |     523 |     0.004 |     0 |   0.000 |
|     matrix_c1     |     0.012 |       3 |     0.000 |    0 |  0.000 |      556 |      0.006 |     463 |     0.006 |     0 |   0.000 |
|   weight_trf_row1 |     0.001 |       3 |     0.000 |    0 |  0.000 |      962 |     <0.001 |    1088 |    <0.001 |     0 |   0.000 |
+-------------------+-----------+---------+-----------+------+--------+----------+------------+---------+-----------+-------+---------+


