============================================================
  Generated by:           Genus(TM) Synthesis Solution 21.12-s068_1
  Generated on:           Jul 09 2025  10:00:07 pm
  Module:                 conv
  Operating conditions:   ssg0p81v125c 
  Operating conditions:   tt0p9v25c 
  Interconnect mode:      global
  Area mode:              physical library
============================================================


Path 1: MET (210 ps) Setup Check with Pin registers_reg[10][19]/CP->D
           View: analysis_view_0p90v_25c_captyp_nominal
          Group: clk
     Startpoint: (F) weights[10][0]
          Clock: (R) clk
       Endpoint: (F) registers_reg[10][19]/D
          Clock: (R) clk

                     Capture       Launch     
        Clock Edge:+    2000            0     
        Drv Adjust:+       0            3     
       Src Latency:+       0            0     
       Net Latency:+       0 (I)        0 (I) 
           Arrival:=    2000            3     
                                              
             Setup:-      28                  
     Required Time:=    1972                  
      Launch Clock:-       3                  
       Input Delay:-    1000                  
         Data Path:-     758                  
             Slack:=     210                  

Exceptions/Constraints:
  input_delay             1000            tmp_sdc_analysis_vie_line_653 

#-------------------------------------------------------------------------------------------------------------------------------
#                Timing Point                 Flags    Arc   Edge        Cell          Fanout Load Trans Delay Arrival Instance 
#                                                                                             (fF)  (ps)  (ps)   (ps)  Location 
#-------------------------------------------------------------------------------------------------------------------------------
  weights[10][0]                              -       -      F     (arrival)                1  1.5     8     0    1003    (-,-) 
  g16776/ZN                                   -       B1->ZN R     AOI22D1BWP30P140         1  1.8    44    21    1024    (-,-) 
  g16551/ZN                                   -       A1->ZN F     ND2OPTIBD2BWP30P140      6  7.2    37    29    1053    (-,-) 
  genblk1[2].multip/mul_16_61_g5027/ZN        -       I->ZN  R     CKND1BWP30P140          15 15.7    76    57    1110    (-,-) 
  genblk1[2].multip/mul_16_61_g4692/ZN        -       B2->ZN F     OAI22D1BWP30P140         1  2.6    38    38    1148    (-,-) 
  genblk1[2].multip/mul_16_61_g4594/S         -       B->S   F     HA1D1BWP30P140           1  2.2    15    27    1174    (-,-) 
  genblk1[2].multip/mul_16_61_cdnfadd_005_0/S -       CI->S  R     FA1D1BWP30P140           1  1.5    17    52    1227    (-,-) 
  genblk1[2].multip/mul_16_61_g4582/ZN        -       I->ZN  F     CKND1BWP30P140           2  2.6    16    14    1241    (-,-) 
  genblk1[2].multip/mul_16_61_g4580/Z         -       A1->Z  F     CKAN2D1BWP30P140         2  2.7    15    23    1264    (-,-) 
  genblk1[2].multip/mul_16_61_g4579/ZN        -       B->ZN  R     AOI211D1BWP30P140        1  1.6    30    27    1291    (-,-) 
  genblk1[2].multip/mul_16_61_g4570/ZN        -       A2->ZN R     IOA21D2BWP30P140         1  2.8    13    28    1319    (-,-) 
  genblk1[2].multip/mul_16_61_g4569/CO        -       CI->CO R     FA1OPTCD1BWP30P140       1  2.8    18    25    1344    (-,-) 
  genblk1[2].multip/mul_16_61_g4568/CO        -       CI->CO R     FA1OPTCD2BWP30P140       1  2.8    14    22    1366    (-,-) 
  genblk1[2].multip/mul_16_61_g4561/CO        -       CI->CO R     FA1OPTCD2BWP30P140       1  2.3    13    20    1386    (-,-) 
  genblk1[2].multip/mul_16_61_g4550/CO        -       CI->CO R     FA1D1BWP30P140           1  2.3    16    28    1414    (-,-) 
  genblk1[2].multip/mul_16_61_g4547/CO        -       CI->CO R     FA1D1BWP30P140           1  2.3    16    29    1443    (-,-) 
  genblk1[2].multip/mul_16_61_g4518/CO        -       CI->CO R     FA1D1BWP30P140           1  2.3    16    29    1473    (-,-) 
  genblk1[2].multip/mul_16_61_g4511/CO        -       CI->CO R     FA1D1BWP30P140           1  2.3    16    29    1502    (-,-) 
  genblk1[2].multip/mul_16_61_g4510/CO        -       CI->CO R     FA1D1BWP30P140           3  4.2    24    34    1536    (-,-) 
  genblk1[2].multip/mul_16_61_g4509/ZN        -       A1->ZN F     ND3D1BWP30P140           2  3.0    41    30    1567    (-,-) 
  genblk1[2].multip/mul_16_61_g4507/ZN        -       B2->ZN R     INR3D2BWP30P140          2  2.9    26    24    1591    (-,-) 
  genblk1[2].multip/mul_16_61_g4501/ZN        -       A1->ZN F     AOI221D2BWP30P140        3  4.0    29    20    1612    (-,-) 
  genblk1[2].multip/mul_16_61_g4494/ZN        -       A3->ZN R     OAI31D1BWP30P140         1  2.3    34    29    1640    (-,-) 
  genblk1[2].multip/mul_16_61_g4487/CO        -       CI->CO R     FA1D1BWP30P140           1  1.6    14    31    1672    (-,-) 
  genblk1[2].multip/mul_16_61_g4486/Z         -       A3->Z  F     XOR3D1BWP30P140          4  4.6    23    39    1711    (-,-) 
  g20747/ZN                                   -       A1->ZN R     AOI222D1BWP30P140        1  1.5    58    30    1740    (-,-) 
  g20234/ZN                                   -       A1->ZN F     ND2D1BWP30P140           1  1.5    26    21    1761    (-,-) 
  registers_reg[10][19]/D                     <<<     -      F     EDFCNQD1BWP30P140        1    -     -     0    1762    (-,-) 
#-------------------------------------------------------------------------------------------------------------------------------


