============================================================
  Generated by:           Genus(TM) Synthesis Solution 21.12-s068_1
  Generated on:           Jan 28 2026  04:04:43 am
  Module:                 System
  Library domain:         timing_cond_0p81v_125c
    Domain index:         0
    Technology library:   tcbn28hpcplusbwp30p140ssg0p81v125c 110
  Operating conditions:   ssg0p81v125c 
  Interconnect mode:      global
  Area mode:              physical library
============================================================

       Instance          Module    Cell Count  Cell Area  Net Area   Total Area 
--------------------------------------------------------------------------------
System                                  24313  32253.606 13112.065    45365.671 
  control              Control           6522   7594.272  2907.222    10501.494 
  conv                 Conv             17791  24659.334  9491.303    34150.637 
    genblk1[0].multip  Multip             561    603.036   237.484      840.520 
    genblk1[1].multip  Multip_451         561    603.036   237.484      840.520 
    genblk1[2].multip  Multip_450         561    603.036   237.484      840.520 
    genblk1[3].multip  Multip_449         561    603.036   237.484      840.520 
    genblk1[4].multip  Multip_448         561    603.036   237.484      840.520 
    genblk1[5].multip  Multip_447         561    603.036   237.484      840.520 
    genblk1[6].multip  Multip_446         561    603.036   237.484      840.520 
    genblk1[7].multip  Multip_445         561    603.036   237.484      840.520 
    genblk1[8].multip  Multip_444         561    603.036   237.484      840.520 
    genblk1[9].multip  Multip_443         561    603.036   237.484      840.520 
    genblk1[10].multip Multip_442         561    603.036   237.484      840.520 
    genblk1[11].multip Multip_441         561    603.036   237.484      840.520 
    inv                Inverse           3023   5617.458  1439.278     7056.736 
      matrix_a0        MatrixA0          1214   2246.580   489.295     2735.875 
      matrix_a1        MatrixA1          1809   3370.878   728.746     4099.624 
    mux_mult           MuxMult              3      1.764     0.000        1.764 
    trf                Transform         4830   8529.192  2337.472    10866.664 
      matrix_c0        MatrixC0          2406   4207.140   993.674     5200.814 
      matrix_c1        MatrixC1          2424   4322.052  1023.834     5345.886 
