============================================================
  Generated by:           Genus(TM) Synthesis Solution 21.12-s068_1
  Generated on:           Oct 05 2026  10:52:29 pm
  Module:                 Conv
  Operating conditions:   ssg0p81v125c 
  Operating conditions:   tt0p9v25c 
  Interconnect mode:      global
  Area mode:              physical library
============================================================


Path 1: MET (236 ps) Late External Delay Assertion at pin p_output_data_write[39]
           View: analysis_view_0p90v_25c_captyp_nominal
          Group: clk
     Startpoint: (R) r_output_write_count_reg[1]/CP
          Clock: (R) clk
       Endpoint: (F) p_output_data_write[39]
          Clock: (R) clk

                     Capture       Launch     
        Clock Edge:+    2000            0     
       Src Latency:+       0            0     
       Net Latency:+       0 (I)        0 (I) 
           Arrival:=    2000            0     
                                              
      Output Delay:-    1000                  
     Required Time:=    1000                  
      Launch Clock:-       0                  
         Data Path:-     764                  
             Slack:=     236                  

Exceptions/Constraints:
  output_delay             1000            tmp_sdc_analysis_vie_line_731 

#-----------------------------------------------------------------------------------------------------------------
#         Timing Point           Flags    Arc   Edge        Cell         Fanout Load Trans Delay Arrival Instance 
#                                                                               (fF)  (ps)  (ps)   (ps)  Location 
#-----------------------------------------------------------------------------------------------------------------
  r_output_write_count_reg[1]/CP -       -      R     (arrival)               4    -     0     0       0    (-,-) 
  r_output_write_count_reg[1]/QN -       CP->QN F     DFCND1BWP30P140         4  7.0    32    65      65    (-,-) 
  g4/ZN                          -       I->ZN  R     CKND4BWP30P140         42 46.6    51    40     105    (-,-) 
  g79287/ZN                      -       A2->ZN F     NR2D1BWP30P140          6  6.6    36    33     138    (-,-) 
  g78722/ZN                      -       B1->ZN R     AOI22D1BWP30P140        1  1.5    28    28     166    (-,-) 
  g78506/ZN                      -       A2->ZN F     ND2D1BWP30P140          1  2.6    25    22     188    (-,-) 
  add_997_76_I2_g1258/CO         -       B->CO  F     HA1D1BWP30P140          1  2.2    12    22     209    (-,-) 
  add_997_76_I2_g1257/CO         -       CI->CO F     FA1D1BWP30P140          1  2.2    16    31     240    (-,-) 
  add_997_76_I2_g1256/CO         -       CI->CO F     FA1D1BWP30P140          1  2.7    17    33     273    (-,-) 
  add_997_76_I2_g1255/CO         -       CI->CO F     FA1OPTCD1BWP30P140      1  2.2    16    24     297    (-,-) 
  add_997_76_I2_g1254/CO         -       CI->CO F     FA1D1BWP30P140          1  2.7    18    33     331    (-,-) 
  add_997_76_I2_g1253/CO         -       CI->CO F     FA1OPTCD1BWP30P140      1  2.2    16    24     355    (-,-) 
  add_997_76_I2_g1252/CO         -       CI->CO F     FA1D1BWP30P140          1  2.7    17    33     388    (-,-) 
  add_997_76_I2_g1251/CO         -       CI->CO F     FA1OPTCD1BWP30P140      3  4.1    23    29     417    (-,-) 
  add_997_76_I2_g1249/Z          -       A1->Z  F     AO21D1BWP30P140         1  2.2    14    24     441    (-,-) 
  add_997_76_I2_g1246/CO         -       CI->CO F     FA1D1BWP30P140          1  2.2    16    31     472    (-,-) 
  add_997_76_I2_g1245/CO         -       CI->CO F     FA1D1BWP30P140          1  2.2    16    32     504    (-,-) 
  add_997_76_I2_g1244/CO         -       CI->CO F     FA1D1BWP30P140          1  2.2    16    32     536    (-,-) 
  add_997_76_I2_g1243/CO         -       CI->CO F     FA1D1BWP30P140          1  2.2    16    32     568    (-,-) 
  add_997_76_I2_g1242/CO         -       CI->CO F     FA1D1BWP30P140          1  2.2    16    32     600    (-,-) 
  add_997_76_I2_g1241/CO         -       CI->CO F     FA1D1BWP30P140          1  2.2    16    32     632    (-,-) 
  add_997_76_I2_g1240/CO         -       CI->CO F     FA1D1BWP30P140          1  2.2    16    32     664    (-,-) 
  add_997_76_I2_g1239/CO         -       CI->CO F     FA1D1BWP30P140          1  2.2    16    32     696    (-,-) 
  add_997_76_I2_g1238/CO         -       CI->CO F     FA1D1BWP30P140          1  1.5    13    30     726    (-,-) 
  add_997_76_I2_g1237/Z          -       A3->Z  F     XOR3UD1BWP30P140        1  5.0    45    38     764    (-,-) 
  p_output_data_write[39]        <<<     -      F     (port)                  -    -     -     0     764    (-,-) 
#-----------------------------------------------------------------------------------------------------------------


