============================================================
  Generated by:           Genus(TM) Synthesis Solution 21.12-s068_1
  Generated on:           Oct 05 2026  10:52:22 pm
  Module:                 Conv
  Library domain:         timing_cond_0p81v_125c
    Domain index:         0
    Technology library:   tcbn28hpcplusbwp30p140ssg0p81v125c 110
  Operating conditions:   ssg0p81v125c 
  Interconnect mode:      global
  Area mode:              physical library
============================================================

                                                                                 Library 
        Gate          Instances    Area                   Library                 Domain 
-----------------------------------------------------------------------------------------
AN2D0BWP30P140                2      1.008    tcbn28hpcplusbwp30p140ssg0p81v125c       0 
AN2D16BWP30P140               1      3.402    tcbn28hpcplusbwp30p140ssg0p81v125c       0 
AN2D1BWP30P140              420    211.680    tcbn28hpcplusbwp30p140ssg0p81v125c       0 
AN2D2BWP30P140                1      0.630    tcbn28hpcplusbwp30p140ssg0p81v125c       0 
AN3D0BWP30P140                1      0.630    tcbn28hpcplusbwp30p140ssg0p81v125c       0 
AN3D1BWP30P140               29     18.270    tcbn28hpcplusbwp30p140ssg0p81v125c       0 
AN3D2BWP30P140                1      0.756    tcbn28hpcplusbwp30p140ssg0p81v125c       0 
AN4D1BWP30P140                7      5.292    tcbn28hpcplusbwp30p140ssg0p81v125c       0 
AO211D1BWP30P140            116     87.696    tcbn28hpcplusbwp30p140ssg0p81v125c       0 
AO21D1BWP30P140              15      9.450    tcbn28hpcplusbwp30p140ssg0p81v125c       0 
AO21D2BWP30P140               2      1.512    tcbn28hpcplusbwp30p140ssg0p81v125c       0 
AO22D0BWP30P140             739    558.684    tcbn28hpcplusbwp30p140ssg0p81v125c       0 
AOI211D1BWP30P140             5      3.150    tcbn28hpcplusbwp30p140ssg0p81v125c       0 
AOI21D1BWP30P140             26     13.104    tcbn28hpcplusbwp30p140ssg0p81v125c       0 
AOI221D1BWP30P140           799    604.044    tcbn28hpcplusbwp30p140ssg0p81v125c       0 
AOI222D1BWP30P140           184    185.472    tcbn28hpcplusbwp30p140ssg0p81v125c       0 
AOI22D1BWP30P140           1298    817.740    tcbn28hpcplusbwp30p140ssg0p81v125c       0 
AOI31D1BWP30P140              3      1.890    tcbn28hpcplusbwp30p140ssg0p81v125c       0 
AOI32D1BWP30P140              1      0.756    tcbn28hpcplusbwp30p140ssg0p81v125c       0 
BUFFD8BWP30P140               1      1.512    tcbn28hpcplusbwp30p140ssg0p81v125c       0 
CKAN2D1BWP30P140            614    309.456    tcbn28hpcplusbwp30p140ssg0p81v125c       0 
CKAN2D8BWP30P140             12     16.632    tcbn28hpcplusbwp30p140ssg0p81v125c       0 
CKLNQD1BWP30P140             50     94.500    tcbn28hpcplusbwp30p140ssg0p81v125c       0 
CKMUX2D0BWP30P140           257    226.674    tcbn28hpcplusbwp30p140ssg0p81v125c       0 
CKND1BWP30P140             1334    336.168    tcbn28hpcplusbwp30p140ssg0p81v125c       0 
CKND2D1BWP30P140            262     99.036    tcbn28hpcplusbwp30p140ssg0p81v125c       0 
CKND4BWP30P140                2      1.260    tcbn28hpcplusbwp30p140ssg0p81v125c       0 
DFCND1BWP30P140              51    128.520    tcbn28hpcplusbwp30p140ssg0p81v125c       0 
DFCND2BWP30P140               1      2.898    tcbn28hpcplusbwp30p140ssg0p81v125c       0 
DFCNQD1BWP30P140           1790   4059.720    tcbn28hpcplusbwp30p140ssg0p81v125c       0 
DFSNQD2BWP30P140              2      4.536    tcbn28hpcplusbwp30p140ssg0p81v125c       0 
EDFCND1BWP30P140              5     15.120    tcbn28hpcplusbwp30p140ssg0p81v125c       0 
EDFCNQD1BWP30P140            10     28.980    tcbn28hpcplusbwp30p140ssg0p81v125c       0 
FA1D1BWP30P140             3002   6430.284    tcbn28hpcplusbwp30p140ssg0p81v125c       0 
FA1OPTCD1BWP30P140            8     20.160    tcbn28hpcplusbwp30p140ssg0p81v125c       0 
HA1D1BWP30P140              282    461.916    tcbn28hpcplusbwp30p140ssg0p81v125c       0 
IAO21D1BWP30P140              3      1.890    tcbn28hpcplusbwp30p140ssg0p81v125c       0 
IND2D1BWP30P140              44     22.176    tcbn28hpcplusbwp30p140ssg0p81v125c       0 
IND2D2BWP30P140               1      0.756    tcbn28hpcplusbwp30p140ssg0p81v125c       0 
IND3D1BWP30P140               6      3.780    tcbn28hpcplusbwp30p140ssg0p81v125c       0 
IND4D1BWP30P140               5      3.780    tcbn28hpcplusbwp30p140ssg0p81v125c       0 
INR2D1BWP30P140             193     97.272    tcbn28hpcplusbwp30p140ssg0p81v125c       0 
INR2D4BWP30P140               3      4.158    tcbn28hpcplusbwp30p140ssg0p81v125c       0 
INR3D0BWP30P140              10      6.300    tcbn28hpcplusbwp30p140ssg0p81v125c       0 
INR3D4BWP30P140               1      2.016    tcbn28hpcplusbwp30p140ssg0p81v125c       0 
INR4D0BWP30P140               7      5.292    tcbn28hpcplusbwp30p140ssg0p81v125c       0 
INVD0P7BWP30P140             14      3.528    tcbn28hpcplusbwp30p140ssg0p81v125c       0 
INVD1BWP30P140               12      3.024    tcbn28hpcplusbwp30p140ssg0p81v125c       0 
INVD3BWP30P140                1      0.504    tcbn28hpcplusbwp30p140ssg0p81v125c       0 
INVD6BWP30P140                1      0.882    tcbn28hpcplusbwp30p140ssg0p81v125c       0 
INVD8BWP30P140                1      1.134    tcbn28hpcplusbwp30p140ssg0p81v125c       0 
IOA21D0BWP30P140              4      2.520    tcbn28hpcplusbwp30p140ssg0p81v125c       0 
IOA21D1BWP30P140            128     80.640    tcbn28hpcplusbwp30p140ssg0p81v125c       0 
MAOI222D1BWP30P140           15     11.340    tcbn28hpcplusbwp30p140ssg0p81v125c       0 
MAOI22D1BWP30P140             7      5.292    tcbn28hpcplusbwp30p140ssg0p81v125c       0 
MOAI22D1BWP30P140             1      0.756    tcbn28hpcplusbwp30p140ssg0p81v125c       0 
MUX2D0BWP30P140               3      2.646    tcbn28hpcplusbwp30p140ssg0p81v125c       0 
MUX2NUD1BWP30P140             7      5.292    tcbn28hpcplusbwp30p140ssg0p81v125c       0 
ND2D1BWP30P140              167     63.126    tcbn28hpcplusbwp30p140ssg0p81v125c       0 
ND2D2BWP30P140                2      1.260    tcbn28hpcplusbwp30p140ssg0p81v125c       0 
ND2OPTIBD1BWP30P140         104     39.312    tcbn28hpcplusbwp30p140ssg0p81v125c       0 
ND3D1BWP30P140              177     89.208    tcbn28hpcplusbwp30p140ssg0p81v125c       0 
ND4D1BWP30P140              121     76.230    tcbn28hpcplusbwp30p140ssg0p81v125c       0 
NR2D1BWP30P140               42     15.876    tcbn28hpcplusbwp30p140ssg0p81v125c       0 
NR2D3BWP30P140                4      3.528    tcbn28hpcplusbwp30p140ssg0p81v125c       0 
NR2OPTIBD1BWP30P140          45     17.010    tcbn28hpcplusbwp30p140ssg0p81v125c       0 
NR2OPTPAD1BWP30P140           2      1.008    tcbn28hpcplusbwp30p140ssg0p81v125c       0 
NR3D0BWP30P140               14      7.056    tcbn28hpcplusbwp30p140ssg0p81v125c       0 
NR3D0P7BWP30P140             31     15.624    tcbn28hpcplusbwp30p140ssg0p81v125c       0 
NR4D0BWP30P140                6      3.780    tcbn28hpcplusbwp30p140ssg0p81v125c       0 
OA211D1BWP30P140              2      1.512    tcbn28hpcplusbwp30p140ssg0p81v125c       0 
OA21D1BWP30P140               4      2.520    tcbn28hpcplusbwp30p140ssg0p81v125c       0 
OA21D2BWP30P140               1      0.756    tcbn28hpcplusbwp30p140ssg0p81v125c       0 
OAI211D1BWP30P140           383    241.290    tcbn28hpcplusbwp30p140ssg0p81v125c       0 
OAI21D1BWP30P140            129     65.016    tcbn28hpcplusbwp30p140ssg0p81v125c       0 
OAI221D1BWP30P140             3      2.646    tcbn28hpcplusbwp30p140ssg0p81v125c       0 
OAI222D1BWP30P140           202    203.616    tcbn28hpcplusbwp30p140ssg0p81v125c       0 
OAI22D1BWP30P140              4      2.520    tcbn28hpcplusbwp30p140ssg0p81v125c       0 
OAI31D1BWP30P140              5      3.150    tcbn28hpcplusbwp30p140ssg0p81v125c       0 
OAI32D1BWP30P140              2      1.512    tcbn28hpcplusbwp30p140ssg0p81v125c       0 
OAI33D1BWP30P140              6      5.292    tcbn28hpcplusbwp30p140ssg0p81v125c       0 
OR2D0BWP30P140               17      8.568    tcbn28hpcplusbwp30p140ssg0p81v125c       0 
OR2D1BWP30P140               42     21.168    tcbn28hpcplusbwp30p140ssg0p81v125c       0 
OR2D4BWP30P140                1      1.134    tcbn28hpcplusbwp30p140ssg0p81v125c       0 
OR3D1BWP30P140                6      3.780    tcbn28hpcplusbwp30p140ssg0p81v125c       0 
OR4D1BWP30P140                2      1.512    tcbn28hpcplusbwp30p140ssg0p81v125c       0 
SDFCNQARD1BWP30P140          33     95.634    tcbn28hpcplusbwp30p140ssg0p81v125c       0 
SDFCNQD0BWP30P140             1      2.898    tcbn28hpcplusbwp30p140ssg0p81v125c       0 
SDFSNQD2BWP30P140             2      5.796    tcbn28hpcplusbwp30p140ssg0p81v125c       0 
SEDFCNQARD0BWP30P140          1      3.780    tcbn28hpcplusbwp30p140ssg0p81v125c       0 
XNR2UD1BWP30P140            688    606.816    tcbn28hpcplusbwp30p140ssg0p81v125c       0 
XNR3UD1BWP30P140             55     97.020    tcbn28hpcplusbwp30p140ssg0p81v125c       0 
XNR4D1BWP30P140              12     31.752    tcbn28hpcplusbwp30p140ssg0p81v125c       0 
XOR2UD1BWP30P140            139    122.598    tcbn28hpcplusbwp30p140ssg0p81v125c       0 
XOR3UD1BWP30P140             77    135.828    tcbn28hpcplusbwp30p140ssg0p81v125c       0 
XOR4D0BWP30P140              12     31.752    tcbn28hpcplusbwp30p140ssg0p81v125c       0 
XOR4D1BWP30P140               9     23.814    tcbn28hpcplusbwp30p140ssg0p81v125c       0 
-----------------------------------------------------------------------------------------
total                     14353  17084.214                                       


                                                        
            Type             Instances    Area   Area % 
--------------------------------------------------------
sequential                        1896  4347.882   25.4 
inverter                          1365   346.500    2.0 
buffer                               1     1.512    0.0 
clock_gating_integrated_cell        50    94.500    0.6 
logic                            11041 12293.820   72.0 
physical_cells                       0     0.000    0.0 
--------------------------------------------------------
total                            14353 17084.214  100.0 

