============================================================
  Generated by:           Genus(TM) Synthesis Solution 22.15-s086_1
  Generated on:           Apr 02 2025  09:22:16 pm
  Module:                 conv_rapida
  Operating conditions:   ssg0p81v125c 
  Interconnect mode:      global
  Area mode:              physical library
============================================================


Path 1: MET (5 ps) Setup Check with Pin registers_reg[3][19]/CP->D
           View: analysis_view_0p81v_125c_capwst_slowest
          Group: clk
     Startpoint: (R) EA_reg[2]/CP
          Clock: (R) clk
       Endpoint: (F) registers_reg[3][19]/D
          Clock: (R) clk

                     Capture       Launch     
        Clock Edge:+    2000            0     
       Src Latency:+       0            0     
       Net Latency:+       0 (I)        0 (I) 
           Arrival:=    2000            0     
                                              
             Setup:-      12                  
     Required Time:=    1988                  
      Launch Clock:-       0                  
         Data Path:-    1983                  
             Slack:=       5                  

#-------------------------------------------------------------------------------------------------------------
#       Timing Point         Flags    Arc   Edge       Cell         Fanout  Load Trans Delay Arrival Instance 
#                                                                           (fF)  (ps)  (ps)   (ps)  Location 
#-------------------------------------------------------------------------------------------------------------
  EA_reg[2]/CP               -       -      R     (arrival)              8     -     0     0       0    (-,-) 
  EA_reg[2]/QN               -       CP->QN F     DFCND1BWP30P140        7  12.5    72   101     101    (-,-) 
  g13069/ZN                  -       A3->ZN R     NR3OPTD6BWP30P140    147 119.5   271   181     282    (-,-) 
  g13066/ZN                  -       I->ZN  F     CKND1BWP30P140        16  14.3   141   114     396    (-,-) 
  g12959/ZN                  -       B1->ZN R     INR2D1BWP30P140        1   1.4    47    43     440    (-,-) 
  g12627/Z                   -       C->Z   R     AO211D1BWP30P140      26  27.8   149   110     550    (-,-) 
  mul_89_64_g4846/ZN         -       I->ZN  F     CKND1BWP30P140         3   3.2    54    36     586    (-,-) 
  mul_89_64_g4815/Z          -       A1->Z  F     AN4D1BWP30P140         1   1.2    19    37     623    (-,-) 
  mul_89_64_g4806/Z          -       A1->Z  F     OR2D0BWP30P140        20  16.9   156   108     732    (-,-) 
  mul_89_64_g4770/Z          -       A1->Z  F     AO22D0BWP30P140        1   1.4    27    71     802    (-,-) 
  mul_89_64_g4626/ZN         -       C->ZN  R     AOI221D1BWP30P140      1   1.9    67    47     850    (-,-) 
  mul_89_64_g4615/ZN         -       A1->ZN R     XNR2UD1BWP30P140       1   2.4    67    39     888    (-,-) 
  mul_89_64_g4571/CO         -       A->CO  R     HA1D1BWP30P140         1   2.1    18    36     924    (-,-) 
  mul_89_64_cdnfadd_009_0/S  -       CI->S  F     FA1D1BWP30P140         1   2.7    29    69     993    (-,-) 
  mul_89_64_cdnfadd_009_1/CO -       A->CO  F     FA1D1BWP30P140         1   2.1    22    54    1047    (-,-) 
  mul_89_64_cdnfadd_010_1/S  -       CI->S  F     FA1D1BWP30P140         1   2.6    29    67    1114    (-,-) 
  mul_89_64_cdnfadd10/CO     -       B->CO  F     FA1D1BWP30P140         1   2.1    22    53    1167    (-,-) 
  mul_89_64_cdnfadd11/CO     -       CI->CO F     FA1D1BWP30P140         1   2.1    22    44    1211    (-,-) 
  mul_89_64_cdnfadd12/CO     -       CI->CO F     FA1D1BWP30P140         1   2.1    22    44    1254    (-,-) 
  mul_89_64_cdnfadd13/CO     -       CI->CO F     FA1D1BWP30P140         1   2.1    21    44    1298    (-,-) 
  mul_89_64_cdnfadd14/CO     -       CI->CO F     FA1D1BWP30P140         1   2.1    21    43    1341    (-,-) 
  mul_89_64_cdnfadd15/CO     -       CI->CO F     FA1D1BWP30P140         1   2.1    21    43    1385    (-,-) 
  mul_89_64_cdnfadd16/CO     -       CI->CO F     FA1D1BWP30P140         1   2.1    21    43    1428    (-,-) 
  mul_89_64_cdnfadd17/CO     -       CI->CO F     FA1D1BWP30P140         1   2.1    21    43    1471    (-,-) 
  mul_89_64_cdnfadd18/CO     -       CI->CO F     FA1D1BWP30P140         1   2.1    21    43    1514    (-,-) 
  mul_89_64_cdnfadd19/CO     -       CI->CO F     FA1D1BWP30P140         1   2.1    21    43    1558    (-,-) 
  mul_89_64_cdnfadd20/CO     -       CI->CO F     FA1D1BWP30P140         1   2.1    21    43    1601    (-,-) 
  mul_89_64_cdnfadd21/CO     -       CI->CO F     FA1D1BWP30P140         1   2.1    21    43    1644    (-,-) 
  mul_89_64_cdnfadd22/CO     -       CI->CO F     FA1D1BWP30P140         1   2.1    22    43    1688    (-,-) 
  mul_89_64_cdnfadd23/CO     -       CI->CO F     FA1D1BWP30P140         1   2.1    21    43    1731    (-,-) 
  mul_89_64_cdnfadd24/CO     -       CI->CO F     FA1D1BWP30P140         1   2.1    21    43    1774    (-,-) 
  mul_89_64_cdnfadd25/CO     -       CI->CO F     FA1D1BWP30P140         1   2.1    22    43    1818    (-,-) 
  mul_89_64_cdnfadd26/CO     -       CI->CO F     FA1D1BWP30P140         1   1.3    18    40    1858    (-,-) 
  mul_89_64_g4851/ZN         -       A3->ZN F     XNR3UD1BWP30P140       4   4.0    51    45    1903    (-,-) 
  g16373/ZN                  -       B1->ZN R     AOI222D1BWP30P140      1   1.3   113    52    1955    (-,-) 
  g16132/ZN                  -       A1->ZN F     ND2D1BWP30P140         1   1.3    41    28    1983    (-,-) 
  registers_reg[3][19]/D     <<<     -      F     DFCNQD1BWP30P140       1     -     -     0    1983    (-,-) 
#-------------------------------------------------------------------------------------------------------------


