============================================================
  Generated by:           Genus(TM) Synthesis Solution 21.12-s068_1
  Generated on:           Jan 25 2026  10:48:47 pm
  Module:                 Conv
  Operating conditions:   ssg0p81v125c 
  Operating conditions:   tt0p9v25c 
  Interconnect mode:      global
  Area mode:              physical library
============================================================


Path 1: MET (195 ps) Late External Delay Assertion at pin p_output[5][19]
           View: analysis_view_0p90v_25c_captyp_nominal
          Group: clk
     Startpoint: (R) r_feat_reg[32][1]/CP
          Clock: (R) clk
       Endpoint: (R) p_output[5][19]
          Clock: (R) clk

                     Capture       Launch     
        Clock Edge:+    2000            0     
       Src Latency:+       0            0     
       Net Latency:+       0 (I)        0 (I) 
           Arrival:=    2000            0     
                                              
      Output Delay:-    1000                  
     Required Time:=    1000                  
      Launch Clock:-       0                  
         Data Path:-     805                  
             Slack:=     195                  

Exceptions/Constraints:
  output_delay             1000            tmp_sdc_analysis_vie_line_1555 

#-------------------------------------------------------------------------------------------------------------------------------------------------
#                       Timing Point                        Flags    Arc   Edge          Cell            Fanout Load Trans Delay Arrival Instance 
#                                                                                                               (fF)  (ps)  (ps)   (ps)  Location 
#-------------------------------------------------------------------------------------------------------------------------------------------------
  r_feat_reg[32][1]/CP                                      -       -      R     (arrival)                  220    -     0     0       0    (-,-) 
  r_feat_reg[32][1]/Q                                       -       CP->Q  R     DFQD2BWP30P140               3  3.7    11    40      40    (-,-) 
  inv/matrix_a1/csa_tree_ADD_TC_OP_5_groupi_g2152/ZN        -       A2->ZN R     XNR2UD1BWP30P140             2  2.6    39    34      74    (-,-) 
  inv/matrix_a1/csa_tree_ADD_TC_OP_5_groupi_g2141/ZN        -       A1->ZN F     ND2D1BWP30P140               2  2.8    30    25      99    (-,-) 
  inv/matrix_a1/csa_tree_ADD_TC_OP_5_groupi_g2087/ZN        -       A1->ZN R     AOI21OPTREPBD1BWP30P140      2  4.2    32    27     126    (-,-) 
  inv/matrix_a1/csa_tree_ADD_TC_OP_5_groupi_g2065/ZN        -       A2->ZN F     OAI21D1BWP30P140             2  4.0    42    33     158    (-,-) 
  inv/matrix_a1/csa_tree_ADD_TC_OP_5_groupi_g2062/ZN        -       A1->ZN R     AOI21D2BWP30P140             2  3.6    25    24     182    (-,-) 
  inv/matrix_a1/csa_tree_ADD_TC_OP_5_groupi_g2060/ZN        -       A1->ZN F     OAI21D2BWP30P140             2  3.4    23    19     201    (-,-) 
  inv/matrix_a1/csa_tree_ADD_TC_OP_5_groupi_g2058/ZN        -       A1->ZN R     AOI21OPTREPBD1BWP30P140      2  3.6    28    23     224    (-,-) 
  inv/matrix_a1/csa_tree_ADD_TC_OP_5_groupi_g2056/ZN        -       A1->ZN F     OAI21D2BWP30P140             2  3.4    23    19     243    (-,-) 
  inv/matrix_a1/csa_tree_ADD_TC_OP_5_groupi_g2053/ZN        -       A1->ZN R     AOI21OPTREPBD1BWP30P140      2  3.2    26    22     266    (-,-) 
  inv/matrix_a1/g2263/ZN                                    -       A1->ZN R     IAO21D2BWP30P140             2  3.2    16    26     292    (-,-) 
  inv/matrix_a1/csa_tree_ADD_TC_OP_5_groupi_g2049/ZN        -       I->ZN  F     CKND1BWP30P140               1  1.5    11    11     302    (-,-) 
  inv/matrix_a1/csa_tree_ADD_TC_OP_5_groupi_g2047/ZN        -       A1->ZN R     AOI21D1BWP30P140             2  3.1    31    23     325    (-,-) 
  inv/matrix_a1/g2262/ZN                                    -       A1->ZN R     IAO21D0BWP30P140             2  3.2    47    42     367    (-,-) 
  inv/matrix_a1/g2261/ZN                                    -       A1->ZN R     IAO21D2BWP30P140             2  3.2    16    29     396    (-,-) 
  inv/matrix_a1/csa_tree_ADD_TC_OP_5_groupi_g2039/Z         -       A1->Z  R     OA21D1BWP30P140              2  3.2    18    25     422    (-,-) 
  inv/matrix_a1/g2260/ZN                                    -       A1->ZN R     IAO21D2BWP30P140             2  3.2    16    24     446    (-,-) 
  inv/matrix_a1/csa_tree_ADD_TC_OP_5_groupi_g2035/ZN        -       I->ZN  F     CKND1BWP30P140               1  1.5    11    11     456    (-,-) 
  inv/matrix_a1/csa_tree_ADD_TC_OP_5_groupi_g2033/ZN        -       A1->ZN R     AOI21D1BWP30P140             2  3.2    31    23     480    (-,-) 
  inv/matrix_a1/csa_tree_ADD_TC_OP_5_groupi_g2032/ZN        -       I->ZN  F     CKND1BWP30P140               1  1.5    15    13     493    (-,-) 
  inv/matrix_a1/csa_tree_ADD_TC_OP_5_groupi_g2030/ZN        -       A1->ZN R     AOI21D1BWP30P140             2  3.2    32    24     517    (-,-) 
  inv/matrix_a1/g2259/ZN                                    -       A1->ZN R     IAO21D2BWP30P140             2  3.2    16    27     544    (-,-) 
  inv/matrix_a1/csa_tree_ADD_TC_OP_5_groupi_g2025/ZN        -       A1->ZN R     XNR2UD1BWP30P140             2  5.4    67    36     580    (-,-) 
  inv/matrix_a0/csa_tree_ADD_TC_OP_3_groupi_cdnfadd_017_0/S -       A->S   F     FA1D1BWP30P140               2  2.5    20    63     643    (-,-) 
  inv/matrix_a0/csa_tree_ADD_TC_OP_3_groupi_g917/ZN         -       A1->ZN R     NR2OPTIBD1BWP30P140          3  3.4    30    24     667    (-,-) 
  inv/matrix_a0/csa_tree_ADD_TC_OP_3_groupi_g898/ZN         -       A1->ZN R     IAO21D1BWP30P140             1  1.6    18    26     694    (-,-) 
  inv/matrix_a0/csa_tree_ADD_TC_OP_3_groupi_g866/ZN         -       B->ZN  F     OAI21D1BWP30P140             1  2.2    28    23     716    (-,-) 
  inv/matrix_a0/csa_tree_ADD_TC_OP_3_groupi_g864/CO         -       CI->CO F     FA1D1BWP30P140               1  1.6    14    34     751    (-,-) 
  inv/matrix_a0/g2102/Z                                     -       A1->Z  R     XOR3D2BWP30P140              1  5.0    16    54     804    (-,-) 
  p_output[5][19]                                           <<<     -      R     (port)                       -    -     -     0     805    (-,-) 
#-------------------------------------------------------------------------------------------------------------------------------------------------


