============================================================
  Generated by:           Genus(TM) Synthesis Solution 21.12-s068_1
  Generated on:           Oct 07 2026  01:17:01 am
  Module:                 Conv
  Operating conditions:   ssg0p81v125c 
  Interconnect mode:      global
  Area mode:              physical library
============================================================


Path 1: MET (3 ps) Late External Delay Assertion at pin p_output_data_write[47]
           View: analysis_view_0p81v_125c_capwst_slowest
          Group: clk
     Startpoint: (R) r_output_write_count_reg[1]/CP
          Clock: (R) clk
       Endpoint: (F) p_output_data_write[47]
          Clock: (R) clk

                     Capture       Launch     
        Clock Edge:+    2000            0     
       Src Latency:+       0            0     
       Net Latency:+       0 (I)        0 (I) 
           Arrival:=    2000            0     
                                              
      Output Delay:-    1000                  
     Required Time:=    1000                  
      Launch Clock:-       0                  
         Data Path:-     997                  
             Slack:=       3                  

Exceptions/Constraints:
  output_delay             1000            constraints.sdc_line_25_214_1 

#----------------------------------------------------------------------------------------------------------------
#         Timing Point           Flags    Arc   Edge       Cell         Fanout Load Trans Delay Arrival Instance 
#                                                                              (fF)  (ps)  (ps)   (ps)  Location 
#----------------------------------------------------------------------------------------------------------------
  r_output_write_count_reg[1]/CP -       -      R     (arrival)              4    -     0     0       0    (-,-) 
  r_output_write_count_reg[1]/Q  -       CP->Q  F     DFCNQD1BWP30P140       5  4.5    28    71      71    (-,-) 
  g117595/ZN                     -       A1->ZN F     INR2D1BWP30P140       17 15.1    84    67     138    (-,-) 
  g117324/Z                      -       I->Z   F     CKBD1BWP30P140        25 22.1   120    93     232    (-,-) 
  g117338/Z                      -       I->Z   F     BUFFD1P5BWP30P140     90 78.5   250   171     403    (-,-) 
  g116147/ZN                     -       B1->ZN R     AOI22D1BWP30P140       1  1.2    60    70     473    (-,-) 
  g116011/ZN                     -       A2->ZN F     CKND2D1BWP30P140       1  2.7    38    30     504    (-,-) 
  add_1007_76_I3_g376/CO         -       A->CO  F     FA1D1BWP30P140         1  2.1    22    56     560    (-,-) 
  add_1007_76_I3_g375/CO         -       CI->CO F     FA1D1BWP30P140         1  2.1    22    43     603    (-,-) 
  add_1007_76_I3_g374/CO         -       CI->CO F     FA1D1BWP30P140         1  2.1    22    43     647    (-,-) 
  add_1007_76_I3_g373/CO         -       CI->CO F     FA1D1BWP30P140         1  2.1    22    43     690    (-,-) 
  add_1007_76_I3_g372/CO         -       CI->CO F     FA1D1BWP30P140         1  2.1    22    43     734    (-,-) 
  add_1007_76_I3_g371/CO         -       CI->CO F     FA1D1BWP30P140         1  2.1    22    43     777    (-,-) 
  add_1007_76_I3_g370/CO         -       CI->CO F     FA1D1BWP30P140         1  2.1    22    43     820    (-,-) 
  add_1007_76_I3_g369/CO         -       CI->CO F     FA1D1BWP30P140         1  2.1    22    43     864    (-,-) 
  add_1007_76_I3_g368/CO         -       CI->CO F     FA1D1BWP30P140         1  2.1    22    43     907    (-,-) 
  add_1007_76_I3_g367/CO         -       CI->CO F     FA1D1BWP30P140         1  1.3    18    40     947    (-,-) 
  add_1007_76_I3_g366/Z          -       A3->Z  F     XOR3UD1BWP30P140       1  4.8    58    50     997    (-,-) 
  p_output_data_write[47]        <<<     -      F     (port)                 -    -     -     0     997    (-,-) 
#----------------------------------------------------------------------------------------------------------------


