make: Entering directory '/home/tarsio/gaph/FastConv_SystemVerilog/rtl/conv3x3'
mkdir -p /tmp/fastconv-root-rtl-simulations/conv-ifn9-i35-h15-t12-o9-m06-stream12-prefetch10-rowconst6-trunc-column/obj_dir
verilator -j 0 -DSIMULATION --top-module tb_stream_column -GNUM_MULT=6 -Wno-fatal --Mdir /tmp/fastconv-root-rtl-simulations/conv-ifn9-i35-h15-t12-o9-m06-stream12-prefetch10-rowconst6-trunc-column/obj_dir --binary --exe ./data/ifn9/sim/sim-032-3-3-normal-trunc/pack_data.sv ./pack-param/ifn9/pack_param.sv ./../mem/mem.sv ../csa/csa_lib.sv ../multip/multip.sv ./mult-matrices/ifn9/mult_matrices.sv conv-ifn9-i35-h15-t12-o9-m06-stream12-prefetch10-rowconst6-trunc-column.sv ./../stream-column/testbench_stream_column.sv --build
%Warning-WIDTHEXPAND: ../mem/mem.sv:35:27: Operator LT expects 32 bits on the LHS, but LHS's VARREF 'address' generates 12 bits.
                                         : ... note: In instance 'tb_stream_column.COLUMN_INPUT_MEMORY_LANE[4].memory_input_lane'
   35 |       data_out = (address < $size(pack_data::const_data)) ? NBITS'(pack_data::const_data[address]) : '0;
      |                           ^
                      ... For warning description see https://verilator.org/warn/WIDTHEXPAND?v=5.050
                      ... Use "/* verilator lint_off WIDTHEXPAND */" and lint_on around source to disable this message.
%Warning-WIDTHTRUNC: conv-ifn9-i35-h15-t12-o9-m06-stream12-prefetch10-rowconst6-trunc-column.sv:271:27: Operator ASSIGNDLY expects 12 bits on the Assign RHS, but Assign RHS's VARREF 'CONV_OUTPUT_SIZE' generates 32 bits.
                                                                                                      : ... note: In instance 'tb_stream_column.dut'
  271 |       r_input_window_next <= CONV_OUTPUT_SIZE;
      |                           ^~
                     ... For warning description see https://verilator.org/warn/WIDTHTRUNC?v=5.050
                     ... Use "/* verilator lint_off WIDTHTRUNC */" and lint_on around source to disable this message.
%Warning-WIDTHEXPAND: conv-ifn9-i35-h15-t12-o9-m06-stream12-prefetch10-rowconst6-trunc-column.sv:282:50: Operator ADD expects 32 bits on the LHS, but LHS's VARREF 'r_input_window_next' generates 12 bits.
                                                                                                       : ... note: In instance 'tb_stream_column.dut'
  282 |       r_input_window_next <= r_input_window_next + CONV_OUTPUT_SIZE;
      |                                                  ^
%Warning-WIDTHTRUNC: conv-ifn9-i35-h15-t12-o9-m06-stream12-prefetch10-rowconst6-trunc-column.sv:282:27: Operator ASSIGNDLY expects 12 bits on the Assign RHS, but Assign RHS's ADD generates 32 bits.
                                                                                                      : ... note: In instance 'tb_stream_column.dut'
  282 |       r_input_window_next <= r_input_window_next + CONV_OUTPUT_SIZE;
      |                           ^~
%Warning-WIDTHTRUNC: conv-ifn9-i35-h15-t12-o9-m06-stream12-prefetch10-rowconst6-trunc-column.sv:284:27: Operator ASSIGNDLY expects 12 bits on the Assign RHS, but Assign RHS's VARREF 'CONV_OUTPUT_SIZE' generates 32 bits.
                                                                                                      : ... note: In instance 'tb_stream_column.dut'
  284 |       r_input_window_next <= CONV_OUTPUT_SIZE;
      |                           ^~
%Warning-WIDTHEXPAND: conv-ifn9-i35-h15-t12-o9-m06-stream12-prefetch10-rowconst6-trunc-column.sv:296:70: Operator ADD expects 32 bits on the LHS, but LHS's VARREF 'r_input_channel_counter_input' generates 2 bits.
                                                                                                       : ... note: In instance 'tb_stream_column.dut'
  296 |           r_input_addr_feat <= NADDR'((r_input_channel_counter_input + 1) *
      |                                                                      ^
%Warning-WIDTHEXPAND: conv-ifn9-i35-h15-t12-o9-m06-stream12-prefetch10-rowconst6-trunc-column.sv:376:81: Operator EQ expects 32 bits on the LHS, but LHS's VARREF 'r_output_write_count' generates 2 bits.
                                                                                                       : ... note: In instance 'tb_stream_column.dut'
  376 |   assign w_input_write_done = r_output_write_count == 0 || r_output_write_count == OUTPUT_RW_COUNT_MAX;
      |                                                                                 ^~
%Warning-WIDTHEXPAND: conv-ifn9-i35-h15-t12-o9-m06-stream12-prefetch10-rowconst6-trunc-column.sv:583:36: Operator EQ expects 32 bits on the LHS, but LHS's VARREF 'r_input_prefetch_phase' generates 1 bits.
                                                                                                       : ... note: In instance 'tb_stream_column.dut'
  583 |         if (r_input_prefetch_phase == (PREFETCH_COLUMNS - 1)) begin
      |                                    ^~
%Warning-WIDTHEXPAND: ../stream-column/testbench_stream_column.sv:95:27: Operator ASSIGN expects 32 bits on the Assign RHS, but Assign RHS's ARRAYSEL generates 20 bits.
                                                                       : ... note: In instance 'tb_stream_column'
   95 |     expected_output_value = const_feat_out[
      |                           ^
%Warning-WIDTHEXPAND: ../stream-column/testbench_stream_column.sv:214:69: Operator LT expects 32 bits on the LHS, but LHS's ARRAYSEL generates 12 bits.
                                                                        : ... note: In instance 'tb_stream_column'
  214 |           (column_input_in_bounds[lane] && (column_input_addr[lane] < INPUT_MEMORY_SIZE))
      |                                                                     ^
%Warning-WIDTHEXPAND: ../stream-column/testbench_stream_column.sv:224:33: Operator ADD expects 32 bits on the LHS, but LHS's VARREF 'p_output_addr' generates 12 bits.
                                                                        : ... note: In instance 'tb_stream_column'
  224 |       lane_addr = p_output_addr + lane * OUTPUT_PHYSICAL_SIZE;
      |                                 ^
%Warning-WIDTHEXPAND: ../stream-column/testbench_stream_column.sv:255:48: Operator LT expects 32 bits on the LHS, but LHS's VARXREF 'r_input_channel_counter_output' generates 2 bits.
                                                                        : ... note: In instance 'tb_stream_column'
  255 |         if (dut.r_input_channel_counter_output < N_CHANNEL_OUT)
      |                                                ^
%Warning-WIDTHEXPAND: ../stream-column/testbench_stream_column.sv:270:48: Operator LT expects 32 bits on the LHS, but LHS's VARXREF 'r_input_channel_counter_output' generates 2 bits.
                                                                        : ... note: In instance 'tb_stream_column'
  270 |         if (dut.r_input_channel_counter_output < N_CHANNEL_OUT)
      |                                                ^
%Warning-WIDTHEXPAND: ../stream-column/testbench_stream_column.sv:292:37: Operator ADD expects 32 bits on the LHS, but LHS's VARREF 'p_output_addr' generates 12 bits.
                                                                        : ... note: In instance 'tb_stream_column'
  292 |           lane_addr = p_output_addr + lane * OUTPUT_PHYSICAL_SIZE;
      |                                     ^
%Warning-WIDTHEXPAND: ../stream-column/testbench_stream_column.sv:300:53: Operator EQ expects 32 bits on the LHS, but LHS's VARXREF 'r_output_channel_counter_input' generates 2 bits.
                                                                        : ... note: In instance 'tb_stream_column'
  300 |             if ((dut.r_output_channel_counter_input == (N_CHANNEL_IN - 1)) &&
      |                                                     ^~
%Warning-WIDTHEXPAND: ../stream-column/testbench_stream_column.sv:301:68: Operator NEQ expects 32 bits on the LHS, but LHS's SIGNED generates 20 bits.
                                                                        : ... note: In instance 'tb_stream_column'
  301 |                 ($signed(p_output_data_write[lane*NBITS +: NBITS]) !=
      |                                                                    ^~
make[1]: Entering directory '/tmp/fastconv-root-rtl-simulations/conv-ifn9-i35-h15-t12-o9-m06-stream12-prefetch10-rowconst6-trunc-column/obj_dir'
g++ -Os  -I.  -MMD -I/usr/share/verilator/include -I/usr/share/verilator/include/vltstd -DVERILATOR=1 -DVM_COVERAGE=0 -DVM_SC=0 -DVM_TIMING=1 -DVM_TRACE=0 -DVM_TRACE_FST=0 -DVM_TRACE_VCD=0 -DVM_TRACE_SAIF=0 -DVM_VPI=0 -faligned-new -fcf-protection=none -Wno-bool-operation -Wno-int-in-bool-context -Wno-shadow -Wno-sign-compare -Wno-subobject-linkage -Wno-tautological-compare -Wno-uninitialized -Wno-unused-but-set-parameter -Wno-unused-but-set-variable -Wno-unused-parameter -Wno-unused-variable    -DVL_TIME_CONTEXT   -fcoroutines -c -o verilated.o /usr/share/verilator/include/verilated.cpp
g++ -Os  -I.  -MMD -I/usr/share/verilator/include -I/usr/share/verilator/include/vltstd -DVERILATOR=1 -DVM_COVERAGE=0 -DVM_SC=0 -DVM_TIMING=1 -DVM_TRACE=0 -DVM_TRACE_FST=0 -DVM_TRACE_VCD=0 -DVM_TRACE_SAIF=0 -DVM_VPI=0 -faligned-new -fcf-protection=none -Wno-bool-operation -Wno-int-in-bool-context -Wno-shadow -Wno-sign-compare -Wno-subobject-linkage -Wno-tautological-compare -Wno-uninitialized -Wno-unused-but-set-parameter -Wno-unused-but-set-variable -Wno-unused-parameter -Wno-unused-variable    -DVL_TIME_CONTEXT   -fcoroutines -c -o verilated_timing.o /usr/share/verilator/include/verilated_timing.cpp
g++ -Os  -I.  -MMD -I/usr/share/verilator/include -I/usr/share/verilator/include/vltstd -DVERILATOR=1 -DVM_COVERAGE=0 -DVM_SC=0 -DVM_TIMING=1 -DVM_TRACE=0 -DVM_TRACE_FST=0 -DVM_TRACE_VCD=0 -DVM_TRACE_SAIF=0 -DVM_VPI=0 -faligned-new -fcf-protection=none -Wno-bool-operation -Wno-int-in-bool-context -Wno-shadow -Wno-sign-compare -Wno-subobject-linkage -Wno-tautological-compare -Wno-uninitialized -Wno-unused-but-set-parameter -Wno-unused-but-set-variable -Wno-unused-parameter -Wno-unused-variable    -DVL_TIME_CONTEXT   -fcoroutines -c -o verilated_threads.o /usr/share/verilator/include/verilated_threads.cpp
python3 /usr/share/verilator/bin/verilator_includer -DVL_INCLUDE_OPT=include Vtb_stream_column.cpp Vtb_stream_column___024root__0.cpp Vtb_stream_column_Memory__Nc_R1__0.cpp Vtb_stream_column__main.cpp Vtb_stream_column__ConstPool__0__Slow.cpp Vtb_stream_column___024root__Slow.cpp Vtb_stream_column___024root__0__Slow.cpp Vtb_stream_column_pack_data__Slow.cpp Vtb_stream_column_pack_data__0__Slow.cpp Vtb_stream_column_Memory__Nc_R1__Slow.cpp Vtb_stream_column_Memory__Nc_R1__0__Slow.cpp Vtb_stream_column___024unit__Slow.cpp Vtb_stream_column___024unit__0__Slow.cpp Vtb_stream_column__Syms__Slow.cpp > Vtb_stream_column__ALL.cpp
g++ -Os  -I.  -MMD -I/usr/share/verilator/include -I/usr/share/verilator/include/vltstd -DVERILATOR=1 -DVM_COVERAGE=0 -DVM_SC=0 -DVM_TIMING=1 -DVM_TRACE=0 -DVM_TRACE_FST=0 -DVM_TRACE_VCD=0 -DVM_TRACE_SAIF=0 -DVM_VPI=0 -faligned-new -fcf-protection=none -Wno-bool-operation -Wno-int-in-bool-context -Wno-shadow -Wno-sign-compare -Wno-subobject-linkage -Wno-tautological-compare -Wno-uninitialized -Wno-unused-but-set-parameter -Wno-unused-but-set-variable -Wno-unused-parameter -Wno-unused-variable    -DVL_TIME_CONTEXT   -fcoroutines -c -o Vtb_stream_column__ALL.o Vtb_stream_column__ALL.cpp
g++    verilated.o verilated_timing.o verilated_threads.o Vtb_stream_column__ALL.a    -pthread -lpthread -latomic   -o Vtb_stream_column
rm Vtb_stream_column__ALL.verilator_deplist.tmp
make[1]: Leaving directory '/tmp/fastconv-root-rtl-simulations/conv-ifn9-i35-h15-t12-o9-m06-stream12-prefetch10-rowconst6-trunc-column/obj_dir'
- V e r i l a t i o n   R e p o r t: Verilator 5.050 2026-07-01 rev v5.050
- Verilator: Built from 1.095 MB sources in 30 modules, into 0.776 MB in 14 C++ files needing 0.001 MB
- Verilator: Walltime 10.865 s (elab=0.276, cvt=0.457, bld=9.937); cpu 0.807 s on 4 threads; allocated 411.844 MB
make: Leaving directory '/home/tarsio/gaph/FastConv_SystemVerilog/rtl/conv3x3'
