============================================================
  Generated by:           Genus(TM) Synthesis Solution 21.12-s068_1
  Generated on:           Oct 03 2026  11:07:24 am
  Module:                 Conv
  Operating conditions:   ssg0p81v125c 
  Operating conditions:   tt0p9v25c 
  Interconnect mode:      global
  Area mode:              physical library
============================================================


Path 1: MET (218 ps) Late External Delay Assertion at pin p_output_data_write[19]
           View: analysis_view_0p90v_25c_captyp_nominal
          Group: clk
     Startpoint: (R) r_output_write_count_reg[3]/CP
          Clock: (R) clk
       Endpoint: (F) p_output_data_write[19]
          Clock: (R) clk

                     Capture       Launch     
        Clock Edge:+    2000            0     
       Src Latency:+       0            0     
       Net Latency:+       0 (I)        0 (I) 
           Arrival:=    2000            0     
                                              
      Output Delay:-    1000                  
     Required Time:=    1000                  
      Launch Clock:-       0                  
         Data Path:-     782                  
             Slack:=     218                  

Exceptions/Constraints:
  output_delay             1000            tmp_sdc_analysis_vie_line_809 

#-----------------------------------------------------------------------------------------------------------------
#         Timing Point           Flags    Arc   Edge        Cell         Fanout Load Trans Delay Arrival Instance 
#                                                                               (fF)  (ps)  (ps)   (ps)  Location 
#-----------------------------------------------------------------------------------------------------------------
  r_output_write_count_reg[3]/CP -       -      R     (arrival)               4    -     0     0       0    (-,-) 
  r_output_write_count_reg[3]/Q  -       CP->Q  F     DFCND1BWP30P140         5  5.7    27    60      60    (-,-) 
  g35148/ZN                      -       A2->ZN R     NR2D1BWP30P140          2  3.6    31    28      88    (-,-) 
  g35129/ZN                      -       I->ZN  F     CKND2BWP30P140          3  8.6    24    21     110    (-,-) 
  g35118/ZN                      -       A1->ZN R     NR2D8BWP30P140         37 35.6    38    30     140    (-,-) 
  g34998/ZN                      -       I->ZN  F     CKND1BWP30P140          4  4.7    29    25     165    (-,-) 
  g34187/ZN                      -       A1->ZN R     OAI22D1BWP30P140        1  1.5    38    19     184    (-,-) 
  g33973/ZN                      -       A2->ZN F     NR2D1BWP30P140          1  1.5    16    15     199    (-,-) 
  g33852/ZN                      -       A1->ZN R     ND3D1BWP30P140          1  2.6    21    15     214    (-,-) 
  add_707_69_g481/CO             -       A->CO  R     HA1D1BWP30P140          1  2.8    15    25     238    (-,-) 
  add_707_69_g480/CO             -       CI->CO R     FA1OPTCD1BWP30P140      1  2.8    18    26     264    (-,-) 
  add_707_69_g479/CO             -       CI->CO R     FA1OPTCD1BWP30P140      1  2.8    18    26     290    (-,-) 
  add_707_69_g478/CO             -       CI->CO R     FA1OPTCD1BWP30P140      1  2.8    18    26     317    (-,-) 
  add_707_69_g477/CO             -       CI->CO R     FA1OPTCD1BWP30P140      1  2.3    17    25     342    (-,-) 
  add_707_69_g476/CO             -       CI->CO R     FA1D1BWP30P140          1  2.8    18    31     373    (-,-) 
  add_707_69_g475/CO             -       CI->CO R     FA1OPTCD1BWP30P140      1  2.8    19    26     399    (-,-) 
  add_707_69_g474/CO             -       CI->CO R     FA1OPTCD1BWP30P140      1  2.8    19    26     426    (-,-) 
  add_707_69_g473/CO             -       CI->CO R     FA1OPTCD1BWP30P140      1  2.8    19    26     452    (-,-) 
  add_707_69_g472/CO             -       CI->CO R     FA1OPTCD1BWP30P140      1  2.8    19    26     479    (-,-) 
  add_707_69_g471/CO             -       CI->CO R     FA1OPTCD1BWP30P140      1  2.3    17    25     504    (-,-) 
  add_707_69_g470/CO             -       CI->CO R     FA1D1BWP30P140          1  2.8    18    31     535    (-,-) 
  add_707_69_g469/CO             -       CI->CO R     FA1OPTCD1BWP30P140      1  2.8    19    26     561    (-,-) 
  add_707_69_g468/CO             -       CI->CO R     FA1OPTCD1BWP30P140      1  2.8    19    26     588    (-,-) 
  add_707_69_g467/CO             -       CI->CO R     FA1OPTCD1BWP30P140      1  2.3    17    25     613    (-,-) 
  add_707_69_g466/CO             -       CI->CO R     FA1D1BWP30P140          1  2.3    17    30     642    (-,-) 
  add_707_69_g465/CO             -       CI->CO R     FA1D1BWP30P140          1  2.3    16    30     672    (-,-) 
  add_707_69_g464/CO             -       CI->CO R     FA1D1BWP30P140          1  2.3    16    29     701    (-,-) 
  add_707_69_g463/CO             -       CI->CO R     FA1D1BWP30P140          1  1.6    14    27     729    (-,-) 
  g35599/Z                       -       A1->Z  F     XOR3D2BWP30P140         1  5.0    16    53     782    (-,-) 
  p_output_data_write[19]        <<<     -      F     (port)                  -    -     -     0     782    (-,-) 
#-----------------------------------------------------------------------------------------------------------------


