============================================================
  Generated by:           Genus(TM) Synthesis Solution 21.12-s068_1
  Generated on:           Oct 03 2026  11:07:17 am
  Module:                 Conv
  Operating conditions:   ssg0p81v125c 
  Interconnect mode:      global
  Area mode:              physical library
============================================================


Path 1: MET (0 ps) Late External Delay Assertion at pin p_output_data_write[19]
           View: analysis_view_0p81v_125c_capwst_slowest
          Group: clk
     Startpoint: (R) r_output_write_count_reg[0]/CP
          Clock: (R) clk
       Endpoint: (R) p_output_data_write[19]
          Clock: (R) clk

                     Capture       Launch     
        Clock Edge:+    2000            0     
       Src Latency:+       0            0     
       Net Latency:+       0 (I)        0 (I) 
           Arrival:=    2000            0     
                                              
      Output Delay:-    1000                  
     Required Time:=    1000                  
      Launch Clock:-       0                  
         Data Path:-    1000                  
             Slack:=       0                  

Exceptions/Constraints:
  output_delay             1000            constraints.sdc_line_25_78_1 

#-----------------------------------------------------------------------------------------------------------------
#         Timing Point           Flags    Arc   Edge        Cell         Fanout Load Trans Delay Arrival Instance 
#                                                                               (fF)  (ps)  (ps)   (ps)  Location 
#-----------------------------------------------------------------------------------------------------------------
  r_output_write_count_reg[0]/CP -       -      R     (arrival)               4    -     0     0       0    (-,-) 
  r_output_write_count_reg[0]/Q  -       CP->Q  R     DFCNQD1BWP30P140        8  8.3    49    77      77    (-,-) 
  g35166/ZN                      -       A2->ZN F     NR2D1BWP30P140          2  3.1    29    26     102    (-,-) 
  g35151/ZN                      -       I->ZN  R     CKND2BWP30P140          2  2.9    16    16     119    (-,-) 
  g35123/Z                       -       A2->Z  R     OR2D2BWP30P140          9 10.8    32    40     159    (-,-) 
  g35003/ZN                      -       I->ZN  F     INVD6BWP30P140         33 30.5    32    27     185    (-,-) 
  g34189/ZN                      -       A1->ZN R     AOI22D1BWP30P140        1  1.3    29    27     212    (-,-) 
  g33852/ZN                      -       A3->ZN F     ND3D1BWP30P140          1  2.3    49    36     248    (-,-) 
  add_707_69_g481/CO             -       A->CO  F     HA1D1BWP30P140          1  2.5    18    31     280    (-,-) 
  add_707_69_g480/CO             -       CI->CO F     FA1OPTCD1BWP30P140      1  2.5    23    31     311    (-,-) 
  add_707_69_g479/CO             -       CI->CO F     FA1OPTCD1BWP30P140      1  2.5    23    33     344    (-,-) 
  add_707_69_g478/CO             -       CI->CO F     FA1OPTCD1BWP30P140      1  2.5    23    33     377    (-,-) 
  add_707_69_g477/CO             -       CI->CO F     FA1OPTCD1BWP30P140      1  2.1    21    32     408    (-,-) 
  add_707_69_g476/CO             -       CI->CO F     FA1D1BWP30P140          1  2.5    24    44     453    (-,-) 
  add_707_69_g475/CO             -       CI->CO F     FA1OPTCD1BWP30P140      1  2.5    23    33     486    (-,-) 
  add_707_69_g474/CO             -       CI->CO F     FA1OPTCD1BWP30P140      1  2.5    23    33     519    (-,-) 
  add_707_69_g473/CO             -       CI->CO F     FA1OPTCD1BWP30P140      1  2.5    23    33     552    (-,-) 
  add_707_69_g472/CO             -       CI->CO F     FA1OPTCD1BWP30P140      1  2.5    23    33     584    (-,-) 
  add_707_69_g471/CO             -       CI->CO F     FA1OPTCD1BWP30P140      1  2.1    21    32     616    (-,-) 
  add_707_69_g470/CO             -       CI->CO F     FA1D1BWP30P140          1  2.5    23    44     660    (-,-) 
  add_707_69_g469/CO             -       CI->CO F     FA1OPTCD1BWP30P140      1  2.5    23    33     694    (-,-) 
  add_707_69_g468/CO             -       CI->CO F     FA1OPTCD1BWP30P140      1  2.5    23    33     726    (-,-) 
  add_707_69_g467/CO             -       CI->CO F     FA1OPTCD1BWP30P140      1  2.1    21    32     758    (-,-) 
  add_707_69_g466/CO             -       CI->CO F     FA1D1BWP30P140          1  2.1    22    43     801    (-,-) 
  add_707_69_g465/CO             -       CI->CO F     FA1D1BWP30P140          1  2.1    22    43     844    (-,-) 
  add_707_69_g464/CO             -       CI->CO F     FA1D1BWP30P140          1  2.1    22    43     888    (-,-) 
  add_707_69_g463/CO             -       CI->CO F     FA1D1BWP30P140          1  1.4    18    40     928    (-,-) 
  g35599/Z                       -       A1->Z  R     XOR3D2BWP30P140         1  4.8    21    71     999    (-,-) 
  p_output_data_write[19]        <<<     -      R     (port)                  -    -     -     0    1000    (-,-) 
#-----------------------------------------------------------------------------------------------------------------


