============================================================
  Generated by:           Genus(TM) Synthesis Solution 21.12-s068_1
  Generated on:           Oct 03 2026  11:07:32 am
  Module:                 Conv
  Operating conditions:   ssg0p81v125c 
  Operating conditions:   tt0p9v25c 
  Operating conditions:   ffg0p99vm40c 
  Interconnect mode:      global
  Area mode:              physical library
============================================================


Path 1: MET (397 ps) Late External Delay Assertion at pin p_output_data_write[19]
           View: analysis_view_0p99v_m40c_capbst_fastest
          Group: clk
     Startpoint: (R) r_output_write_count_reg[0]/CP
          Clock: (R) clk
       Endpoint: (R) p_output_data_write[19]
          Clock: (R) clk

                     Capture       Launch     
        Clock Edge:+    2000            0     
       Src Latency:+       0            0     
       Net Latency:+       0 (I)        0 (I) 
           Arrival:=    2000            0     
                                              
      Output Delay:-    1000                  
     Required Time:=    1000                  
      Launch Clock:-       0                  
         Data Path:-     603                  
             Slack:=     397                  

Exceptions/Constraints:
  output_delay             1000            tmp_sdc_analysis_vie_1_line_319 

#-----------------------------------------------------------------------------------------------------------------
#         Timing Point           Flags    Arc   Edge        Cell         Fanout Load Trans Delay Arrival Instance 
#                                                                               (fF)  (ps)  (ps)   (ps)  Location 
#-----------------------------------------------------------------------------------------------------------------
  r_output_write_count_reg[0]/CP -       -      R     (arrival)               4    -     0     0       0    (-,-) 
  r_output_write_count_reg[0]/Q  -       CP->Q  F     DFCNQD1BWP30P140        8 10.3    35    53      53    (-,-) 
  g35138/Z                       -       A2->Z  F     CKAN2D1BWP30P140        2  3.2    13    25      78    (-,-) 
  g35124/ZN                      -       A2->ZN R     ND2D2BWP30P140         11 13.3    24    19      97    (-,-) 
  g35004/ZN                      -       I->ZN  F     INVD1BWP30P140         31 33.4   105    69     165    (-,-) 
  g34174/Z                       -       B1->Z  F     AO22D0BWP30P140         1  1.6    16    42     208    (-,-) 
  g33849/Z                       -       A3->Z  F     OR4D1BWP30P140          1  3.8    16    27     235    (-,-) 
  add_707_69_g477/CO             -       A->CO  F     FA1OPTCD1BWP30P140      1  2.4    12    28     262    (-,-) 
  add_707_69_g476/CO             -       CI->CO F     FA1D1BWP30P140          1  3.0    14    25     288    (-,-) 
  add_707_69_g475/CO             -       CI->CO F     FA1OPTCD1BWP30P140      1  3.0    14    20     307    (-,-) 
  add_707_69_g474/CO             -       CI->CO F     FA1OPTCD1BWP30P140      1  3.0    14    20     327    (-,-) 
  add_707_69_g473/CO             -       CI->CO F     FA1OPTCD1BWP30P140      1  3.0    14    20     346    (-,-) 
  add_707_69_g472/CO             -       CI->CO F     FA1OPTCD1BWP30P140      1  3.0    14    20     366    (-,-) 
  add_707_69_g471/CO             -       CI->CO F     FA1OPTCD1BWP30P140      1  2.4    13    18     384    (-,-) 
  add_707_69_g470/CO             -       CI->CO F     FA1D1BWP30P140          1  3.0    14    25     409    (-,-) 
  add_707_69_g469/CO             -       CI->CO F     FA1OPTCD1BWP30P140      1  3.0    14    20     429    (-,-) 
  add_707_69_g468/CO             -       CI->CO F     FA1OPTCD1BWP30P140      1  3.0    14    20     448    (-,-) 
  add_707_69_g467/CO             -       CI->CO F     FA1OPTCD1BWP30P140      1  2.4    13    18     467    (-,-) 
  add_707_69_g466/CO             -       CI->CO F     FA1D1BWP30P140          1  2.4    13    24     491    (-,-) 
  add_707_69_g465/CO             -       CI->CO F     FA1D1BWP30P140          1  2.4    13    24     515    (-,-) 
  add_707_69_g464/CO             -       CI->CO F     FA1D1BWP30P140          1  2.4    13    24     539    (-,-) 
  add_707_69_g463/CO             -       CI->CO F     FA1D1BWP30P140          1  1.8    11    23     562    (-,-) 
  g35599/Z                       -       A1->Z  R     XOR3D2BWP30P140         1  5.2    13    41     603    (-,-) 
  p_output_data_write[19]        <<<     -      R     (port)                  -    -     -     0     603    (-,-) 
#-----------------------------------------------------------------------------------------------------------------


