============================================================
  Generated by:           Genus(TM) Synthesis Solution 21.12-s068_1
  Generated on:           Oct 09 2026  04:16:12 pm
  Module:                 Conv
  Library domain:         timing_cond_0p81v_125c
    Domain index:         0
    Technology library:   tcbn28hpcplusbwp30p140ssg0p81v125c 110
  Operating conditions:   ssg0p81v125c 
  Interconnect mode:      global
  Area mode:              physical library
============================================================

                                                                                 Library 
        Gate          Instances    Area                   Library                 Domain 
-----------------------------------------------------------------------------------------
AN2D0BWP30P140                3      1.512    tcbn28hpcplusbwp30p140ssg0p81v125c       0 
AN2D16BWP30P140               1      3.402    tcbn28hpcplusbwp30p140ssg0p81v125c       0 
AN2D1BWP30P140               18      9.072    tcbn28hpcplusbwp30p140ssg0p81v125c       0 
AN3D0BWP30P140                1      0.630    tcbn28hpcplusbwp30p140ssg0p81v125c       0 
AN3D1BWP30P140               50     31.500    tcbn28hpcplusbwp30p140ssg0p81v125c       0 
AN3D4BWP30P140                3      4.158    tcbn28hpcplusbwp30p140ssg0p81v125c       0 
AN4D1BWP30P140               14     10.584    tcbn28hpcplusbwp30p140ssg0p81v125c       0 
AO211D1BWP30P140              1      0.756    tcbn28hpcplusbwp30p140ssg0p81v125c       0 
AO21D1BWP30P140              19     11.970    tcbn28hpcplusbwp30p140ssg0p81v125c       0 
AO21D4BWP30P140               1      1.386    tcbn28hpcplusbwp30p140ssg0p81v125c       0 
AO22D0BWP30P140            1271    960.876    tcbn28hpcplusbwp30p140ssg0p81v125c       0 
AOI211D1BWP30P140             2      1.260    tcbn28hpcplusbwp30p140ssg0p81v125c       0 
AOI21D1BWP30P140             18      9.072    tcbn28hpcplusbwp30p140ssg0p81v125c       0 
AOI221D1BWP30P140          1356   1025.136    tcbn28hpcplusbwp30p140ssg0p81v125c       0 
AOI222D1BWP30P140           594    598.752    tcbn28hpcplusbwp30p140ssg0p81v125c       0 
AOI22D1BWP30P140           2570   1619.100    tcbn28hpcplusbwp30p140ssg0p81v125c       0 
AOI31D1BWP30P140              2      1.260    tcbn28hpcplusbwp30p140ssg0p81v125c       0 
AOI32D1BWP30P140              1      0.756    tcbn28hpcplusbwp30p140ssg0p81v125c       0 
BUFFD1P5BWP30P140             1      0.504    tcbn28hpcplusbwp30p140ssg0p81v125c       0 
BUFFD3BWP30P140               1      0.630    tcbn28hpcplusbwp30p140ssg0p81v125c       0 
BUFFD8BWP30P140               1      1.512    tcbn28hpcplusbwp30p140ssg0p81v125c       0 
CKAN2D1BWP30P140            529    266.616    tcbn28hpcplusbwp30p140ssg0p81v125c       0 
CKAN2D8BWP30P140              4      5.544    tcbn28hpcplusbwp30p140ssg0p81v125c       0 
CKBD1BWP30P140                3      1.134    tcbn28hpcplusbwp30p140ssg0p81v125c       0 
CKBD4BWP30P140                1      0.882    tcbn28hpcplusbwp30p140ssg0p81v125c       0 
CKLNQD1BWP30P140             63    119.070    tcbn28hpcplusbwp30p140ssg0p81v125c       0 
CKMUX2D0BWP30P140           452    398.664    tcbn28hpcplusbwp30p140ssg0p81v125c       0 
CKND1BWP30P140             1524    384.048    tcbn28hpcplusbwp30p140ssg0p81v125c       0 
CKND2BWP30P140                4      1.512    tcbn28hpcplusbwp30p140ssg0p81v125c       0 
CKND2D1BWP30P140            672    254.016    tcbn28hpcplusbwp30p140ssg0p81v125c       0 
DFCND1BWP30P140              26     65.520    tcbn28hpcplusbwp30p140ssg0p81v125c       0 
DFCNQD1BWP30P140           3335   7563.780    tcbn28hpcplusbwp30p140ssg0p81v125c       0 
DFCNQD4BWP30P140              1      2.898    tcbn28hpcplusbwp30p140ssg0p81v125c       0 
DFSNQD2BWP30P140              1      2.268    tcbn28hpcplusbwp30p140ssg0p81v125c       0 
EDFCND1BWP30P140              5     15.120    tcbn28hpcplusbwp30p140ssg0p81v125c       0 
EDFCNQD1BWP30P140             9     26.082    tcbn28hpcplusbwp30p140ssg0p81v125c       0 
FA1D1BWP30P140             6099  13064.058    tcbn28hpcplusbwp30p140ssg0p81v125c       0 
FA1OPTCD1BWP30P140            8     20.160    tcbn28hpcplusbwp30p140ssg0p81v125c       0 
HA1D1BWP30P140              393    643.734    tcbn28hpcplusbwp30p140ssg0p81v125c       0 
IAO21D1BWP30P140              4      2.520    tcbn28hpcplusbwp30p140ssg0p81v125c       0 
IND2D1BWP30P140              58     29.232    tcbn28hpcplusbwp30p140ssg0p81v125c       0 
IND2D2BWP30P140               3      2.268    tcbn28hpcplusbwp30p140ssg0p81v125c       0 
IND3D1BWP30P140               6      3.780    tcbn28hpcplusbwp30p140ssg0p81v125c       0 
IND4D1BWP30P140               4      3.024    tcbn28hpcplusbwp30p140ssg0p81v125c       0 
INR2D1BWP30P140             294    148.176    tcbn28hpcplusbwp30p140ssg0p81v125c       0 
INR2D2BWP30P140               1      0.756    tcbn28hpcplusbwp30p140ssg0p81v125c       0 
INR2D4BWP30P140               1      1.386    tcbn28hpcplusbwp30p140ssg0p81v125c       0 
INR2D6BWP30P140               2      3.780    tcbn28hpcplusbwp30p140ssg0p81v125c       0 
INR3D0BWP30P140               5      3.150    tcbn28hpcplusbwp30p140ssg0p81v125c       0 
INR4D0BWP30P140               5      3.780    tcbn28hpcplusbwp30p140ssg0p81v125c       0 
INVD0P7BWP30P140             25      6.300    tcbn28hpcplusbwp30p140ssg0p81v125c       0 
INVD12BWP30P140               1      1.638    tcbn28hpcplusbwp30p140ssg0p81v125c       0 
INVD1BWP30P140               10      2.520    tcbn28hpcplusbwp30p140ssg0p81v125c       0 
INVD3BWP30P140                3      1.512    tcbn28hpcplusbwp30p140ssg0p81v125c       0 
INVD6BWP30P140                2      1.764    tcbn28hpcplusbwp30p140ssg0p81v125c       0 
INVD8BWP30P140                2      2.268    tcbn28hpcplusbwp30p140ssg0p81v125c       0 
IOA21D0BWP30P140              1      0.630    tcbn28hpcplusbwp30p140ssg0p81v125c       0 
IOA21D1BWP30P140            623    392.490    tcbn28hpcplusbwp30p140ssg0p81v125c       0 
MAOI222D1BWP30P140           64     48.384    tcbn28hpcplusbwp30p140ssg0p81v125c       0 
MAOI22D1BWP30P140             7      5.292    tcbn28hpcplusbwp30p140ssg0p81v125c       0 
MOAI22D1BWP30P140             2      1.512    tcbn28hpcplusbwp30p140ssg0p81v125c       0 
MUX2D0BWP30P140               1      0.882    tcbn28hpcplusbwp30p140ssg0p81v125c       0 
MUX2NUD1BWP30P140            12      9.072    tcbn28hpcplusbwp30p140ssg0p81v125c       0 
ND2D1BWP30P140              827    312.606    tcbn28hpcplusbwp30p140ssg0p81v125c       0 
ND2OPTD6BWP30P140             1      1.638    tcbn28hpcplusbwp30p140ssg0p81v125c       0 
ND2OPTIBD1BWP30P140          22      8.316    tcbn28hpcplusbwp30p140ssg0p81v125c       0 
ND3D1BWP30P140              258    130.032    tcbn28hpcplusbwp30p140ssg0p81v125c       0 
ND4D1BWP30P140                1      0.630    tcbn28hpcplusbwp30p140ssg0p81v125c       0 
NR2D1BWP30P140               53     20.034    tcbn28hpcplusbwp30p140ssg0p81v125c       0 
NR2OPTD12BWP30P140            2      6.300    tcbn28hpcplusbwp30p140ssg0p81v125c       0 
NR2OPTD6BWP30P140             2      3.276    tcbn28hpcplusbwp30p140ssg0p81v125c       0 
NR2OPTIBD1BWP30P140          67     25.326    tcbn28hpcplusbwp30p140ssg0p81v125c       0 
NR2OPTPAD1BWP30P140           1      0.504    tcbn28hpcplusbwp30p140ssg0p81v125c       0 
NR3D0BWP30P140               17      8.568    tcbn28hpcplusbwp30p140ssg0p81v125c       0 
NR3D0P7BWP30P140             60     30.240    tcbn28hpcplusbwp30p140ssg0p81v125c       0 
NR3D1P5BWP30P140              1      0.882    tcbn28hpcplusbwp30p140ssg0p81v125c       0 
NR4D0BWP30P140               14      8.820    tcbn28hpcplusbwp30p140ssg0p81v125c       0 
OA21D1BWP30P140              19     11.970    tcbn28hpcplusbwp30p140ssg0p81v125c       0 
OAI211D1BWP30P140           151     95.130    tcbn28hpcplusbwp30p140ssg0p81v125c       0 
OAI21D1BWP30P140            171     86.184    tcbn28hpcplusbwp30p140ssg0p81v125c       0 
OAI221D1BWP30P140           363    320.166    tcbn28hpcplusbwp30p140ssg0p81v125c       0 
OAI222D1BWP30P140           361    363.888    tcbn28hpcplusbwp30p140ssg0p81v125c       0 
OAI22D1BWP30P140              2      1.260    tcbn28hpcplusbwp30p140ssg0p81v125c       0 
OAI31D1BWP30P140              7      4.410    tcbn28hpcplusbwp30p140ssg0p81v125c       0 
OAI33D1BWP30P140             12     10.584    tcbn28hpcplusbwp30p140ssg0p81v125c       0 
OR2D0BWP30P140               29     14.616    tcbn28hpcplusbwp30p140ssg0p81v125c       0 
OR2D1BWP30P140               57     28.728    tcbn28hpcplusbwp30p140ssg0p81v125c       0 
OR2D2BWP30P140                1      0.630    tcbn28hpcplusbwp30p140ssg0p81v125c       0 
OR2D4BWP30P140                1      1.134    tcbn28hpcplusbwp30p140ssg0p81v125c       0 
OR3D1BWP30P140                4      2.520    tcbn28hpcplusbwp30p140ssg0p81v125c       0 
OR4D1BWP30P140                4      3.024    tcbn28hpcplusbwp30p140ssg0p81v125c       0 
SDFCNQARD1BWP30P140          27     78.246    tcbn28hpcplusbwp30p140ssg0p81v125c       0 
SDFCNQD0BWP30P140             1      2.898    tcbn28hpcplusbwp30p140ssg0p81v125c       0 
SDFSNQD2BWP30P140             2      5.796    tcbn28hpcplusbwp30p140ssg0p81v125c       0 
SEDFCNQARD0BWP30P140          1      3.780    tcbn28hpcplusbwp30p140ssg0p81v125c       0 
XNR2UD1BWP30P140           1404   1238.328    tcbn28hpcplusbwp30p140ssg0p81v125c       0 
XNR3UD1BWP30P140            106    186.984    tcbn28hpcplusbwp30p140ssg0p81v125c       0 
XNR4D1BWP30P140              24     63.504    tcbn28hpcplusbwp30p140ssg0p81v125c       0 
XOR2UD1BWP30P140            333    293.706    tcbn28hpcplusbwp30p140ssg0p81v125c       0 
XOR3UD1BWP30P140            130    229.320    tcbn28hpcplusbwp30p140ssg0p81v125c       0 
XOR4D0BWP30P140              26     68.796    tcbn28hpcplusbwp30p140ssg0p81v125c       0 
XOR4D1BWP30P140              60    158.760    tcbn28hpcplusbwp30p140ssg0p81v125c       0 
-----------------------------------------------------------------------------------------
total                     24815  31636.584                                       


                                                        
            Type             Instances    Area   Area % 
--------------------------------------------------------
sequential                        3408  7766.388   24.5 
inverter                          1571   401.562    1.3 
buffer                               7     4.662    0.0 
clock_gating_integrated_cell        63   119.070    0.4 
logic                            19766 23344.902   73.8 
physical_cells                       0     0.000    0.0 
--------------------------------------------------------
total                            24815 31636.584  100.0 

