============================================================
  Generated by:           Genus(TM) Synthesis Solution 21.12-s068_1
  Generated on:           Oct 09 2026  04:16:12 pm
  Module:                 Conv
  Library domain:         timing_cond_0p81v_125c
    Domain index:         0
    Technology library:   tcbn28hpcplusbwp30p140ssg0p81v125c 110
  Operating conditions:   ssg0p81v125c 
  Interconnect mode:      global
  Area mode:              physical library
============================================================

             Instance                     Module         Cell Count  Cell Area  Net Area   Total Area 
------------------------------------------------------------------------------------------------------
Conv                                                          24815  31636.584 12699.558    44336.142 
  INVERSE_ROW_BATCH[0].inverse_row InverseRow                   283    523.656   113.649      637.305 
  INVERSE_ROW_BATCH[1].inverse_row InverseRow_671               283    523.656   113.649      637.305 
  MAC_LANES[0].multip              MultipWideWeight             564    604.296   236.126      840.422 
  MAC_LANES[1].multip              MultipWideWeight_682         564    604.296   236.126      840.422 
  MAC_LANES[2].multip              MultipWideWeight_681         564    604.296   236.126      840.422 
  MAC_LANES[3].multip              MultipWideWeight_680         564    604.296   236.126      840.422 
  MAC_LANES[4].multip              MultipWideWeight_679         564    604.296   236.126      840.422 
  MAC_LANES[5].multip              MultipWideWeight_678         564    604.296   236.126      840.422 
  MAC_LANES[6].multip              MultipWideWeight_677         564    604.296   236.126      840.422 
  MAC_LANES[7].multip              MultipWideWeight_676         564    604.296   236.126      840.422 
  MAC_LANES[8].multip              MultipWideWeight_675         564    604.296   236.126      840.422 
  MAC_LANES[9].multip              MultipWideWeight_674         564    604.296   236.126      840.422 
  MAC_LANES[10].multip             MultipWideWeight_673         564    604.296   236.126      840.422 
  MAC_LANES[11].multip             MultipWideWeight_672         564    604.296   236.126      840.422 
  inverse_row_acc                  InverseRowAccumulate        2345   2562.336   952.182     3514.518 
  trf                              Transform                   5036   8575.812  2393.148    10968.960 
    matrix_c0                      MatrixC0                    2406   4207.140   993.674     5200.814 
    matrix_c1                      MatrixC1                    2630   4368.672  1060.339     5429.011 
