============================================================
  Generated by:           Genus(TM) Synthesis Solution 22.17-s071_1
  Generated on:           May 07 2025  09:47:43 pm
  Module:                 conv
  Library domain:         timing_cond_0p81v_125c
    Domain index:         0
    Technology library:   tcbn28hpcplusbwp30p140ssg0p81v125c 110
  Operating conditions:   ssg0p81v125c 
  Interconnect mode:      global
  Area mode:              physical library
============================================================

                                                                                Library 
        Gate         Instances    Area                   Library                 Domain 
----------------------------------------------------------------------------------------
AN2D1BWP30P140              12      6.048    tcbn28hpcplusbwp30p140ssg0p81v125c       0 
AN2D2BWP30P140               2      1.260    tcbn28hpcplusbwp30p140ssg0p81v125c       0 
AN2D6BWP30P140               1      1.386    tcbn28hpcplusbwp30p140ssg0p81v125c       0 
AN3D1BWP30P140              12      7.560    tcbn28hpcplusbwp30p140ssg0p81v125c       0 
AN3D4BWP30P140               1      1.386    tcbn28hpcplusbwp30p140ssg0p81v125c       0 
AN4D1BWP30P140              16     12.096    tcbn28hpcplusbwp30p140ssg0p81v125c       0 
AO211D1BWP30P140           150    113.400    tcbn28hpcplusbwp30p140ssg0p81v125c       0 
AO211D2BWP30P140            20     17.640    tcbn28hpcplusbwp30p140ssg0p81v125c       0 
AO21D1BWP30P140              9      5.670    tcbn28hpcplusbwp30p140ssg0p81v125c       0 
AO22D0BWP30P140           1929   1458.324    tcbn28hpcplusbwp30p140ssg0p81v125c       0 
AOI211D1BWP30P140           20     12.600    tcbn28hpcplusbwp30p140ssg0p81v125c       0 
AOI21D1BWP30P140            90     45.360    tcbn28hpcplusbwp30p140ssg0p81v125c       0 
AOI221D1BWP30P140         1193    901.908    tcbn28hpcplusbwp30p140ssg0p81v125c       0 
AOI222D1BWP30P140          452    455.616    tcbn28hpcplusbwp30p140ssg0p81v125c       0 
AOI22D1BWP30P140           742    467.460    tcbn28hpcplusbwp30p140ssg0p81v125c       0 
AOI31D1BWP30P140             4      2.520    tcbn28hpcplusbwp30p140ssg0p81v125c       0 
BUFFD16BWP30P140             1      2.772    tcbn28hpcplusbwp30p140ssg0p81v125c       0 
BUFFD4BWP30P140              2      1.764    tcbn28hpcplusbwp30p140ssg0p81v125c       0 
CKAN2D1BWP30P140           553    278.712    tcbn28hpcplusbwp30p140ssg0p81v125c       0 
CKBD1BWP30P140               3      1.134    tcbn28hpcplusbwp30p140ssg0p81v125c       0 
CKBD2BWP30P140               5      2.520    tcbn28hpcplusbwp30p140ssg0p81v125c       0 
CKLNQD1BWP30P140             7     13.230    tcbn28hpcplusbwp30p140ssg0p81v125c       0 
CKMUX2D0BWP30P140           80     70.560    tcbn28hpcplusbwp30p140ssg0p81v125c       0 
CKND1BWP30P140             966    243.432    tcbn28hpcplusbwp30p140ssg0p81v125c       0 
CKND2D1BWP30P140           216     81.648    tcbn28hpcplusbwp30p140ssg0p81v125c       0 
DFCND1BWP30P140              2      5.040    tcbn28hpcplusbwp30p140ssg0p81v125c       0 
DFCNQD1BWP30P140           750   1701.000    tcbn28hpcplusbwp30p140ssg0p81v125c       0 
FA1D1BWP30P140            3480   7454.160    tcbn28hpcplusbwp30p140ssg0p81v125c       0 
HA1D1BWP30P140             362    592.956    tcbn28hpcplusbwp30p140ssg0p81v125c       0 
IAO21D1BWP30P140             4      2.520    tcbn28hpcplusbwp30p140ssg0p81v125c       0 
IND2D1BWP30P140             34     17.136    tcbn28hpcplusbwp30p140ssg0p81v125c       0 
IND2D2BWP30P140              1      0.756    tcbn28hpcplusbwp30p140ssg0p81v125c       0 
IND3D1BWP30P140             20     12.600    tcbn28hpcplusbwp30p140ssg0p81v125c       0 
IND4D1BWP30P140              1      0.756    tcbn28hpcplusbwp30p140ssg0p81v125c       0 
INR2D1BWP30P140            146     73.584    tcbn28hpcplusbwp30p140ssg0p81v125c       0 
INR2D2BWP30P140              2      1.512    tcbn28hpcplusbwp30p140ssg0p81v125c       0 
INR2D4BWP30P140              1      1.386    tcbn28hpcplusbwp30p140ssg0p81v125c       0 
INR3D0BWP30P140              4      2.520    tcbn28hpcplusbwp30p140ssg0p81v125c       0 
INR3D4BWP30P140              5     10.080    tcbn28hpcplusbwp30p140ssg0p81v125c       0 
INR4D0BWP30P140              1      0.756    tcbn28hpcplusbwp30p140ssg0p81v125c       0 
INVD0P7BWP30P140            29      7.308    tcbn28hpcplusbwp30p140ssg0p81v125c       0 
INVD12BWP30P140              1      1.638    tcbn28hpcplusbwp30p140ssg0p81v125c       0 
INVD15BWP30P140              1      2.016    tcbn28hpcplusbwp30p140ssg0p81v125c       0 
INVD1BWP30P140               4      1.008    tcbn28hpcplusbwp30p140ssg0p81v125c       0 
INVD3BWP30P140               2      1.008    tcbn28hpcplusbwp30p140ssg0p81v125c       0 
INVD6BWP30P140               2      1.764    tcbn28hpcplusbwp30p140ssg0p81v125c       0 
INVD8BWP30P140               2      2.268    tcbn28hpcplusbwp30p140ssg0p81v125c       0 
IOA21D0BWP30P140             3      1.890    tcbn28hpcplusbwp30p140ssg0p81v125c       0 
IOA21D1BWP30P140            65     40.950    tcbn28hpcplusbwp30p140ssg0p81v125c       0 
IOA21D2BWP30P140             3      2.646    tcbn28hpcplusbwp30p140ssg0p81v125c       0 
MAOI22D1BWP30P140            4      3.024    tcbn28hpcplusbwp30p140ssg0p81v125c       0 
MOAI22D1BWP30P140           16     12.096    tcbn28hpcplusbwp30p140ssg0p81v125c       0 
ND2D1BWP30P140             686    259.308    tcbn28hpcplusbwp30p140ssg0p81v125c       0 
ND2D2BWP30P140               7      4.410    tcbn28hpcplusbwp30p140ssg0p81v125c       0 
ND2D3BWP30P140               3      2.646    tcbn28hpcplusbwp30p140ssg0p81v125c       0 
ND2OPTIBD1BWP30P140         10      3.780    tcbn28hpcplusbwp30p140ssg0p81v125c       0 
ND3D1BWP30P140             213    107.352    tcbn28hpcplusbwp30p140ssg0p81v125c       0 
ND4D1BWP30P140              10      6.300    tcbn28hpcplusbwp30p140ssg0p81v125c       0 
ND4D3BWP30P140               2      3.276    tcbn28hpcplusbwp30p140ssg0p81v125c       0 
NR2D1BWP30P140             129     48.762    tcbn28hpcplusbwp30p140ssg0p81v125c       0 
NR2D2BWP30P140              10      6.300    tcbn28hpcplusbwp30p140ssg0p81v125c       0 
NR2D3BWP30P140               2      1.764    tcbn28hpcplusbwp30p140ssg0p81v125c       0 
NR2OPTD6BWP30P140            1      1.638    tcbn28hpcplusbwp30p140ssg0p81v125c       0 
NR2OPTIBD1BWP30P140         65     24.570    tcbn28hpcplusbwp30p140ssg0p81v125c       0 
NR2OPTIBD4BWP30P140          1      1.134    tcbn28hpcplusbwp30p140ssg0p81v125c       0 
NR2OPTPAD1BWP30P140          2      1.008    tcbn28hpcplusbwp30p140ssg0p81v125c       0 
NR2OPTPAD2BWP30P140          3      2.646    tcbn28hpcplusbwp30p140ssg0p81v125c       0 
NR2OPTPAD4BWP30P140          1      1.638    tcbn28hpcplusbwp30p140ssg0p81v125c       0 
NR3D0P7BWP30P140            28     14.112    tcbn28hpcplusbwp30p140ssg0p81v125c       0 
NR3D1P5BWP30P140             1      0.882    tcbn28hpcplusbwp30p140ssg0p81v125c       0 
NR4D0BWP30P140              18     11.340    tcbn28hpcplusbwp30p140ssg0p81v125c       0 
OA21D1BWP30P140              9      5.670    tcbn28hpcplusbwp30p140ssg0p81v125c       0 
OAI211D1BWP30P140           20     12.600    tcbn28hpcplusbwp30p140ssg0p81v125c       0 
OAI21D1BWP30P140           140     70.560    tcbn28hpcplusbwp30p140ssg0p81v125c       0 
OAI221D1BWP30P140            8      7.056    tcbn28hpcplusbwp30p140ssg0p81v125c       0 
OAI22D1BWP30P140            33     20.790    tcbn28hpcplusbwp30p140ssg0p81v125c       0 
OAI31D1BWP30P140             4      2.520    tcbn28hpcplusbwp30p140ssg0p81v125c       0 
OAI32D1BWP30P140             4      3.024    tcbn28hpcplusbwp30p140ssg0p81v125c       0 
OR2D0BWP30P140              13      6.552    tcbn28hpcplusbwp30p140ssg0p81v125c       0 
OR2D1BWP30P140              22     11.088    tcbn28hpcplusbwp30p140ssg0p81v125c       0 
OR2D2BWP30P140               1      0.630    tcbn28hpcplusbwp30p140ssg0p81v125c       0 
OR3D1BWP30P140              21     13.230    tcbn28hpcplusbwp30p140ssg0p81v125c       0 
OR4D1BWP30P140             188    142.128    tcbn28hpcplusbwp30p140ssg0p81v125c       0 
OR4D2BWP30P140               7      6.174    tcbn28hpcplusbwp30p140ssg0p81v125c       0 
SDFSNQD2BWP30P140            1      2.898    tcbn28hpcplusbwp30p140ssg0p81v125c       0 
XNR2UD1BWP30P140          1344   1185.408    tcbn28hpcplusbwp30p140ssg0p81v125c       0 
XNR3D1BWP30P140              1      1.890    tcbn28hpcplusbwp30p140ssg0p81v125c       0 
XNR3UD1BWP30P140            41     72.324    tcbn28hpcplusbwp30p140ssg0p81v125c       0 
XNR4D1BWP30P140             27     71.442    tcbn28hpcplusbwp30p140ssg0p81v125c       0 
XOR2UD1BWP30P140           174    153.468    tcbn28hpcplusbwp30p140ssg0p81v125c       0 
XOR3UD1BWP30P140            90    158.760    tcbn28hpcplusbwp30p140ssg0p81v125c       0 
XOR4D0BWP30P140             21     55.566    tcbn28hpcplusbwp30p140ssg0p81v125c       0 
----------------------------------------------------------------------------------------
total                    14792  16667.028                                       


                                                        
            Type             Instances    Area   Area % 
--------------------------------------------------------
sequential                         753  1708.938   10.3 
inverter                          1007   260.442    1.6 
buffer                              11     8.190    0.0 
clock_gating_integrated_cell         7    13.230    0.1 
logic                            13014 14676.228   88.1 
physical_cells                       0     0.000    0.0 
--------------------------------------------------------
total                            14792 16667.028  100.0 

