============================================================
  Generated by:           Genus(TM) Synthesis Solution 21.12-s068_1
  Generated on:           Jan 17 2026  11:42:41 pm
  Module:                 System
  Library domain:         timing_cond_0p81v_125c
    Domain index:         0
    Technology library:   tcbn28hpcplusbwp30p140ssg0p81v125c 110
  Operating conditions:   ssg0p81v125c 
  Interconnect mode:      global
  Area mode:              physical library
============================================================

       Instance         Module    Cell Count  Cell Area  Net Area   Total Area 
-------------------------------------------------------------------------------
System                                  9043  11219.292  4659.188    15878.480 
  control             Control           1874   2571.786   643.356     3215.142 
  conv                Conv              7169   8647.506  3745.840    12393.346 
    genblk1[0].multip Multip             562    603.540   237.614      841.154 
    genblk1[1].multip Multip_267         557    601.902   236.475      838.377 
    genblk1[2].multip Multip_266         559    602.784   236.359      839.143 
    genblk1[3].multip Multip_265         557    601.902   236.475      838.377 
    genblk1[4].multip Multip_264         559    602.784   236.359      839.143 
    genblk1[5].multip Multip_263         557    601.902   236.475      838.377 
    genblk1[6].multip Multip_262         557    601.902   236.475      838.377 
    genblk1[7].multip Multip_261         557    601.902   236.475      838.377 
    inv               Inverse            592   1021.860   252.458     1274.318 
      matrix_a0       MatrixA0           198    340.452    67.590      408.042 
        csa_p0        CSA_3_252           39     82.278    14.126       96.404 
          layer1      FA_257              20     42.462     0.000       42.462 
        csa_p1        CSA_3_251           39     82.278    14.126       96.404 
          layer1      FA_256              20     42.462     0.000       42.462 
        csa_p2        CSA_2_239           20     41.958     4.793       46.751 
        csa_p3        CSA_2_238           20     41.958     4.793       46.751 
      matrix_a1       MatrixA1           394    681.408   134.430      815.838 
        csa_p0        CSA_3               39     82.278    14.126       96.404 
          layer1      FA                  20     42.462     0.000       42.462 
        csa_p1        CSA_2_243           20     41.958     4.793       46.751 
        csa_p2        CSA_3_255           39     82.278    14.126       96.404 
          layer1      FA_260              20     42.462     0.000       42.462 
        csa_p3        CSA_2_242           20     41.958     4.793       46.751 
        csa_p4        CSA_3_254           39     82.278    14.126       96.404 
          layer1      FA_259              20     42.462     0.000       42.462 
        csa_p5        CSA_2_241           20     41.958     4.793       46.751 
        csa_p6        CSA_3_253           39     82.278    14.126       96.404 
          layer1      FA_258              20     42.462     0.000       42.462 
        csa_p7        CSA_2_240           20     41.958     4.793       46.751 
    trf               Transform          968   1402.128   366.443     1768.571 
      matrix_c0       MatrixC0           484    701.568   126.947      828.515 
        csa_p1        CSA_2               20     41.958     4.793       46.751 
        csa_p5        CSA_2_250           20     41.958     4.793       46.751 
        csa_p9        CSA_2_249           20     41.958     4.793       46.751 
        csa_p13       CSA_2_248           20     41.958     4.793       46.751 
      matrix_c1       MatrixC1           484    700.560   127.315      827.875 
        csa_p4        CSA_2_247           20     41.958     4.793       46.751 
        csa_p5        CSA_2_246           20     41.958     4.793       46.751 
        csa_p6        CSA_2_245           20     41.958     4.793       46.751 
        csa_p7        CSA_2_244           20     41.958     4.793       46.751 
