============================================================
  Generated by:           Genus(TM) Synthesis Solution 21.12-s068_1
  Generated on:           Oct 07 2026  12:28:18 am
  Module:                 Conv
  Operating conditions:   ssg0p81v125c 
  Operating conditions:   tt0p9v25c 
  Operating conditions:   ffg0p99vm40c 
  Interconnect mode:      global
  Area mode:              physical library
============================================================


Path 1: MET (411 ps) Late External Delay Assertion at pin p_output_data_write[63]
           View: analysis_view_0p99v_m40c_capbst_fastest
          Group: clk
     Startpoint: (R) r_output_write_count_reg[0]/CP
          Clock: (R) clk
       Endpoint: (R) p_output_data_write[63]
          Clock: (R) clk

                     Capture       Launch     
        Clock Edge:+    2000            0     
       Src Latency:+       0            0     
       Net Latency:+       0 (I)        0 (I) 
           Arrival:=    2000            0     
                                              
      Output Delay:-    1000                  
     Required Time:=    1000                  
      Launch Clock:-       0                  
         Data Path:-     589                  
             Slack:=     411                  

Exceptions/Constraints:
  output_delay             1000            tmp_sdc_analysis_vie_1_line_421 

#-----------------------------------------------------------------------------------------------------------------
#         Timing Point           Flags    Arc   Edge       Cell         Fanout  Load Trans Delay Arrival Instance 
#                                                                               (fF)  (ps)  (ps)   (ps)  Location 
#-----------------------------------------------------------------------------------------------------------------
  r_output_write_count_reg[0]/CP -       -      R     (arrival)              4     -     0     0       0    (-,-) 
  r_output_write_count_reg[0]/Q  -       CP->Q  F     DFCND1BWP30P140        4   8.8    31    52      52    (-,-) 
  g13351/ZN                      -       A2->ZN R     NR2D4BWP30P140       129 151.5   204   127     179    (-,-) 
  g44710/ZN                      -       B1->ZN F     AOI221D1BWP30P140      2   2.8    62    40     219    (-,-) 
  g11767/ZN                      -       A1->ZN R     NR2D1BWP30P140         2   3.6    32    30     249    (-,-) 
  g11711/CO                      -       CI->CO R     FA1D1BWP30P140         1   2.5    14    26     275    (-,-) 
  g11703/CO                      -       CI->CO R     FA1D1BWP30P140         1   2.5    13    22     297    (-,-) 
  g11690/CO                      -       CI->CO R     FA1D1BWP30P140         1   2.5    13    22     320    (-,-) 
  g11681/CO                      -       CI->CO R     FA1D1BWP30P140         1   2.5    14    22     342    (-,-) 
  g11677/CO                      -       CI->CO R     FA1D1BWP30P140         1   2.5    14    22     364    (-,-) 
  g11670/CO                      -       CI->CO R     FA1D1BWP30P140         1   2.5    14    22     387    (-,-) 
  g11663/CO                      -       CI->CO R     FA1D1BWP30P140         2   3.4    16    24     411    (-,-) 
  g11660/ZN                      -       A1->ZN F     ND2D1BWP30P140         2   2.7    20    15     426    (-,-) 
  g11647/ZN                      -       A1->ZN R     OAI21D1BWP30P140       1   2.5    20    18     444    (-,-) 
  g11641/CO                      -       CI->CO R     FA1D1BWP30P140         1   2.5    14    24     468    (-,-) 
  g11637/CO                      -       CI->CO R     FA1D1BWP30P140         1   2.5    14    22     490    (-,-) 
  g11631/CO                      -       CI->CO R     FA1D1BWP30P140         1   2.5    14    22     512    (-,-) 
  g11629/CO                      -       CI->CO R     FA1D1BWP30P140         1   2.5    14    22     535    (-,-) 
  g11622/CO                      -       CI->CO R     FA1D1BWP30P140         1   1.8    11    21     556    (-,-) 
  g11618/Z                       -       A3->Z  R     XOR3UD1BWP30P140       1   5.2    39    33     589    (-,-) 
  p_output_data_write[63]        <<<     -      R     (port)                 -     -     -     0     589    (-,-) 
#-----------------------------------------------------------------------------------------------------------------


