============================================================
  Generated by:           Genus(TM) Synthesis Solution 21.12-s068_1
  Generated on:           Oct 07 2026  12:28:05 am
  Module:                 Conv
  Operating conditions:   ssg0p81v125c 
  Operating conditions:   tt0p9v25c 
  Interconnect mode:      global
  Area mode:              physical library
============================================================


Path 1: MET (236 ps) Late External Delay Assertion at pin p_output_data_write[63]
           View: analysis_view_0p90v_25c_captyp_nominal
          Group: clk
     Startpoint: (R) r_output_write_count_reg[1]/CP
          Clock: (R) clk
       Endpoint: (R) p_output_data_write[63]
          Clock: (R) clk

                     Capture       Launch     
        Clock Edge:+    2000            0     
       Src Latency:+       0            0     
       Net Latency:+       0 (I)        0 (I) 
           Arrival:=    2000            0     
                                              
      Output Delay:-    1000                  
     Required Time:=    1000                  
      Launch Clock:-       0                  
         Data Path:-     764                  
             Slack:=     236                  

Exceptions/Constraints:
  output_delay             1000            tmp_sdc_analysis_vie_line_725 

#-----------------------------------------------------------------------------------------------------------------
#         Timing Point           Flags    Arc   Edge       Cell         Fanout  Load Trans Delay Arrival Instance 
#                                                                               (fF)  (ps)  (ps)   (ps)  Location 
#-----------------------------------------------------------------------------------------------------------------
  r_output_write_count_reg[1]/CP -       -      R     (arrival)              4     -     0     0       0    (-,-) 
  r_output_write_count_reg[1]/Q  -       CP->Q  F     DFCNQD1BWP30P140       4   8.3    37    63      63    (-,-) 
  g13349/ZN                      -       A1->ZN R     NR2D4BWP30P140       128 138.2   248   154     217    (-,-) 
  g44705/ZN                      -       B1->ZN F     AOI221D1BWP30P140      2   2.6    82    58     275    (-,-) 
  g11767/ZN                      -       A2->ZN R     NR2D1BWP30P140         2   3.4    42    42     317    (-,-) 
  g11711/CO                      -       CI->CO R     FA1D1BWP30P140         1   2.3    17    35     352    (-,-) 
  g11703/CO                      -       CI->CO R     FA1D1BWP30P140         1   2.3    16    30     381    (-,-) 
  g11690/CO                      -       CI->CO R     FA1D1BWP30P140         1   2.3    16    29     410    (-,-) 
  g11681/CO                      -       CI->CO R     FA1D1BWP30P140         1   2.3    17    29     440    (-,-) 
  g11677/CO                      -       CI->CO R     FA1D1BWP30P140         1   2.3    17    30     469    (-,-) 
  g11670/CO                      -       CI->CO R     FA1D1BWP30P140         1   2.3    17    30     499    (-,-) 
  g11663/CO                      -       CI->CO R     FA1D1BWP30P140         2   3.2    20    32     531    (-,-) 
  g11660/ZN                      -       A1->ZN F     ND2D1BWP30P140         2   2.4    25    19     550    (-,-) 
  g11647/ZN                      -       A1->ZN R     OAI21D1BWP30P140       1   2.3    25    23     573    (-,-) 
  g11641/CO                      -       CI->CO R     FA1D1BWP30P140         1   2.3    17    32     605    (-,-) 
  g11637/CO                      -       CI->CO R     FA1D1BWP30P140         1   2.3    17    30     634    (-,-) 
  g11631/CO                      -       CI->CO R     FA1D1BWP30P140         1   2.3    17    30     664    (-,-) 
  g11629/CO                      -       CI->CO R     FA1D1BWP30P140         1   2.3    17    30     693    (-,-) 
  g11622/CO                      -       CI->CO R     FA1D1BWP30P140         1   1.6    14    27     721    (-,-) 
  g11618/Z                       -       A3->Z  R     XOR3UD1BWP30P140       1   5.0    50    44     764    (-,-) 
  p_output_data_write[63]        <<<     -      R     (port)                 -     -     -     0     764    (-,-) 
#-----------------------------------------------------------------------------------------------------------------


