============================================================
  Generated by:           Genus(TM) Synthesis Solution 21.12-s068_1
  Generated on:           Oct 08 2026  09:11:29 pm
  Module:                 Conv
  Operating conditions:   ssg0p81v125c 
  Interconnect mode:      global
  Area mode:              physical library
============================================================


Path 1: MET (0 ps) Setup Check with Pin r_input_weight_reg[0][15]/CP->D
           View: analysis_view_0p81v_125c_capwst_slowest
          Group: clk
     Startpoint: (R) r_weight_spatial_reg[0][2]/CP
          Clock: (R) clk
       Endpoint: (R) r_input_weight_reg[0][15]/D
          Clock: (R) clk

                     Capture       Launch     
        Clock Edge:+    2000            0     
       Src Latency:+       0            0     
       Net Latency:+       0 (I)        0 (I) 
           Arrival:=    2000            0     
                                              
             Setup:-      25                  
     Required Time:=    1975                  
      Launch Clock:-       0                  
         Data Path:-    1975                  
             Slack:=       0                  

#--------------------------------------------------------------------------------------------------------------------------------------------------------------------
#                                  Timing Point                                    Flags    Arc   Edge        Cell          Fanout Load Trans Delay Arrival Instance 
#                                                                                                                                  (fF)  (ps)  (ps)   (ps)  Location 
#--------------------------------------------------------------------------------------------------------------------------------------------------------------------
  r_weight_spatial_reg[0][2]/CP                                                    -       -      R     (arrival)               16    -     0     0       0    (-,-) 
  r_weight_spatial_reg[0][2]/Q                                                     -       CP->Q  F     DFCNQD2BWP30P140        26 31.6    82   104     104    (-,-) 
  WEIGHT_TRANSFORM_ROWS[3].weight_trf_row/const_mul_1075_21_g1039/ZN               -       A2->ZN R     ND2D2BWP30P140           2  2.6    28    28     132    (-,-) 
  WEIGHT_TRANSFORM_ROWS[3].weight_trf_row/const_mul_1075_21_g1031/ZN               -       I->ZN  F     CKND1BWP30P140           2  2.7    22    20     152    (-,-) 
  WEIGHT_TRANSFORM_ROWS[3].weight_trf_row/g4495/Z                                  -       B->Z   F     AO211D4BWP30P140         3  3.8    17    41     193    (-,-) 
  WEIGHT_TRANSFORM_ROWS[3].weight_trf_row/const_mul_1075_21_g990/ZN                -       A1->ZN F     XNR2UD1BWP30P140         1  2.1    38    26     219    (-,-) 
  WEIGHT_TRANSFORM_ROWS[3].weight_trf_row/csa_tree_fac_g877/S                      -       CI->S  R     FA1D1BWP30P140           2  4.4    39    88     308    (-,-) 
  WEIGHT_TRANSFORM_ROWS[3].weight_trf_row/final_adder_add_1075_52_g803/CO          -       B->CO  R     FA1OPTCD2BWP30P140       1  2.6    18    55     362    (-,-) 
  WEIGHT_TRANSFORM_ROWS[3].weight_trf_row/final_adder_add_1075_52_g802/CO          -       CI->CO R     FA1OPTCD2BWP30P140       1  1.8    17    25     388    (-,-) 
  WEIGHT_TRANSFORM_ROWS[3].weight_trf_row/final_adder_add_1075_52_g801/ZN          -       I->ZN  F     INVD2BWP30P140           2  3.0    13    11     399    (-,-) 
  WEIGHT_TRANSFORM_ROWS[3].weight_trf_row/final_adder_add_1075_52_g799/ZN          -       A1->ZN R     OAI21D2BWP30P140         2  3.1    23    18     417    (-,-) 
  WEIGHT_TRANSFORM_ROWS[3].weight_trf_row/final_adder_add_1075_52_g797/ZN          -       A1->ZN F     AOI21D2BWP30P140         2  2.1    21    17     434    (-,-) 
  WEIGHT_TRANSFORM_ROWS[3].weight_trf_row/final_adder_add_1075_52_g795/ZN          -       A1->ZN R     NR2OPTIBD1BWP30P140      2  2.1    28    24     458    (-,-) 
  WEIGHT_TRANSFORM_ROWS[3].weight_trf_row/final_adder_add_1075_52_g792/Z           -       A1->Z  R     AO21D1BWP30P140          3  3.6    25    35     492    (-,-) 
  WEIGHT_TRANSFORM_ROWS[3].weight_trf_row/final_adder_add_1075_52_g788/ZN          -       A1->ZN F     AOI21D1BWP30P140         1  1.7    28    23     515    (-,-) 
  WEIGHT_TRANSFORM_ROWS[3].weight_trf_row/final_adder_add_1075_52_g786/ZN          -       A1->ZN R     OAI21D2BWP30P140         3  3.4    26    23     539    (-,-) 
  WEIGHT_TRANSFORM_ROWS[3].weight_trf_row/final_adder_add_1075_52_g785/Z           -       A1->Z  R     CKAN2D1BWP30P140         2  2.1    17    28     566    (-,-) 
  WEIGHT_TRANSFORM_ROWS[3].weight_trf_row/final_adder_add_1075_52_g781/ZN          -       A1->ZN F     AOI21D1BWP30P140         1  1.3    24    19     585    (-,-) 
  WEIGHT_TRANSFORM_ROWS[3].weight_trf_row/final_adder_add_1075_52_g777/Z           -       A1->Z  F     OA21D1BWP30P140          1  1.3    14    27     612    (-,-) 
  WEIGHT_TRANSFORM_ROWS[3].weight_trf_row/final_adder_add_1075_52_g775/Z           -       A1->Z  F     OA21D2BWP30P140          3  3.9    16    29     641    (-,-) 
  WEIGHT_TRANSFORM_ROWS[3].weight_trf_row/final_adder_add_1075_52_g772/ZN          -       A3->ZN R     OAI31D2BWP30P140         1  2.6    32    23     664    (-,-) 
  WEIGHT_TRANSFORM_ROWS[3].weight_trf_row/final_adder_add_1075_52_g770/CO          -       CI->CO R     FA1OPTCD2BWP30P140       2  3.2    20    31     695    (-,-) 
  WEIGHT_TRANSFORM_ROWS[3].weight_trf_row/final_adder_add_1075_52_g769/ZN          -       I->ZN  F     CKND2BWP30P140           1  2.5    13    11     706    (-,-) 
  WEIGHT_TRANSFORM_ROWS[3].weight_trf_row/final_adder_add_1075_52_g767/ZN          -       A1->ZN R     OAI21D4BWP30P140         2  2.7    21    14     720    (-,-) 
  WEIGHT_TRANSFORM_ROWS[3].weight_trf_row/g4472/ZN                                 -       A1->ZN F     ND2D1BWP30P140           1  1.3    22    18     738    (-,-) 
  WEIGHT_TRANSFORM_ROWS[3].weight_trf_row/g4458/Z                                  -       I->Z   F     BUFFD1P5BWP30P140       20 25.4    83    62     800    (-,-) 
  WEIGHT_TRANSFORM_ROWS[3].weight_trf_row/f_floor_div_1089_22:div_1033_24_g4380/ZN -       A1->ZN R     XNR2D1BWP30P140          2  2.6    22    52     852    (-,-) 
  WEIGHT_TRANSFORM_ROWS[3].weight_trf_row/f_floor_div_1089_22:div_1033_24_g4371/ZN -       I->ZN  F     CKND2BWP30P140           2  3.4    15    13     866    (-,-) 
  WEIGHT_TRANSFORM_ROWS[3].weight_trf_row/f_floor_div_1089_22:div_1033_24_g4351/ZN -       A1->ZN F     IND2D1BWP30P140          2  2.6    34    36     901    (-,-) 
  WEIGHT_TRANSFORM_ROWS[3].weight_trf_row/f_floor_div_1089_22:div_1033_24_g4348/ZN -       B1->ZN R     IND2D1BWP30P140          1  1.9    19    20     922    (-,-) 
  WEIGHT_TRANSFORM_ROWS[3].weight_trf_row/f_floor_div_1089_22:div_1033_24_g4343/Z  -       A1->Z  R     XOR2UD1BWP30P140         2  2.7    48    27     948    (-,-) 
  WEIGHT_TRANSFORM_ROWS[3].weight_trf_row/f_floor_div_1089_22:div_1033_24_g4323/ZN -       A1->ZN R     INR2D2BWP30P140          3  3.5    24    37     985    (-,-) 
  WEIGHT_TRANSFORM_ROWS[3].weight_trf_row/f_floor_div_1089_22:div_1033_24_g4313/ZN -       A1->ZN F     XNR2D2BWP30P140          2  2.0    13    30    1015    (-,-) 
  WEIGHT_TRANSFORM_ROWS[3].weight_trf_row/f_floor_div_1089_22:div_1033_24_g4305/Z  -       A1->Z  F     CKAN2D1BWP30P140         2  2.6    19    27    1042    (-,-) 
  WEIGHT_TRANSFORM_ROWS[3].weight_trf_row/f_floor_div_1089_22:div_1033_24_g4301/ZN -       A1->ZN R     NR2D2BWP30P140           1  2.3    20    18    1060    (-,-) 
  WEIGHT_TRANSFORM_ROWS[3].weight_trf_row/f_floor_div_1089_22:div_1033_24_g4290/Z  -       A1->Z  R     XOR2OPTND2BWP30P140      2  3.2    36    25    1085    (-,-) 
  WEIGHT_TRANSFORM_ROWS[3].weight_trf_row/f_floor_div_1089_22:div_1033_24_g4285/ZN -       B1->ZN F     IND2D2BWP30P140          1  2.5    23    20    1105    (-,-) 
  WEIGHT_TRANSFORM_ROWS[3].weight_trf_row/f_floor_div_1089_22:div_1033_24_g4277/ZN -       A1->ZN R     AOI21D4BWP30P140         4  7.9    38    25    1130    (-,-) 
  WEIGHT_TRANSFORM_ROWS[3].weight_trf_row/f_floor_div_1089_22:div_1033_24_g4264/Z  -       A1->Z  R     OA21D4BWP30P140          1  3.3    13    31    1161    (-,-) 
  WEIGHT_TRANSFORM_ROWS[3].weight_trf_row/f_floor_div_1089_22:div_1033_24_g4251/ZN -       A1->ZN F     NR2D6BWP30P140           6  8.4    15    11    1172    (-,-) 
  WEIGHT_TRANSFORM_ROWS[3].weight_trf_row/f_floor_div_1089_22:div_1033_24_g4249/ZN -       B1->ZN R     IND2D2BWP30P140          2  2.2    12    12    1184    (-,-) 
  WEIGHT_TRANSFORM_ROWS[3].weight_trf_row/f_floor_div_1089_22:div_1033_24_g4245/ZN -       A1->ZN R     INR2D2BWP30P140          1  2.3    17    26    1209    (-,-) 
  WEIGHT_TRANSFORM_ROWS[3].weight_trf_row/f_floor_div_1089_22:div_1033_24_g4241/Z  -       A1->Z  R     XOR2OPTND2BWP30P140      2  2.5    31    23    1232    (-,-) 
  WEIGHT_TRANSFORM_ROWS[3].weight_trf_row/f_floor_div_1089_22:div_1033_24_g4231/ZN -       A1->ZN F     NR2OPTPAD2BWP30P140      2  3.1    20    15    1247    (-,-) 
  WEIGHT_TRANSFORM_ROWS[3].weight_trf_row/f_floor_div_1089_22:div_1033_24_g4224/ZN -       A2->ZN R     ND2OPTIBD2BWP30P140      1  2.5    18    17    1264    (-,-) 
  WEIGHT_TRANSFORM_ROWS[3].weight_trf_row/f_floor_div_1089_22:div_1033_24_g4219/ZN -       A1->ZN F     AOI21D4BWP30P140         4  5.0    23    18    1282    (-,-) 
  WEIGHT_TRANSFORM_ROWS[3].weight_trf_row/f_floor_div_1089_22:div_1033_24_g4215/ZN -       A1->ZN R     CKND2D3BWP30P140         1  1.9    20    16    1298    (-,-) 
  WEIGHT_TRANSFORM_ROWS[3].weight_trf_row/f_floor_div_1089_22:div_1033_24_g4213/ZN -       A1->ZN R     INR2D4BWP30P140          4  5.7    21    28    1326    (-,-) 
  WEIGHT_TRANSFORM_ROWS[3].weight_trf_row/f_floor_div_1089_22:div_1033_24_g4201/ZN -       B2->ZN F     INR3D2BWP30P140          2  2.6    28    13    1338    (-,-) 
  WEIGHT_TRANSFORM_ROWS[3].weight_trf_row/f_floor_div_1089_22:div_1033_24_g4197/ZN -       A1->ZN R     NR2OPTIBD1BWP30P140      1  1.3    23    21    1359    (-,-) 
  WEIGHT_TRANSFORM_ROWS[3].weight_trf_row/g4510/Z                                  -       A2->Z  R     AO21D1BWP30P140          1  2.2    18    30    1390    (-,-) 
  WEIGHT_TRANSFORM_ROWS[3].weight_trf_row/f_floor_div_1089_22:div_1033_24_g4185/ZN -       A2->ZN F     ND3OPTPAD2BWP30P140      2  2.9    26    21    1410    (-,-) 
  WEIGHT_TRANSFORM_ROWS[3].weight_trf_row/f_floor_div_1089_22:div_1033_24_g4181/ZN -       A1->ZN R     NR2OPTPAD1BWP30P140      1  1.4    19    19    1429    (-,-) 
  WEIGHT_TRANSFORM_ROWS[3].weight_trf_row/f_floor_div_1089_22:div_1033_24_g4180/ZN -       A1->ZN R     IND2D2BWP30P140          1  2.3    14    22    1451    (-,-) 
  WEIGHT_TRANSFORM_ROWS[3].weight_trf_row/f_floor_div_1089_22:div_1033_24_g4175/Z  -       A1->Z  F     XOR2OPTND2BWP30P140      2  4.1    41    20    1471    (-,-) 
  WEIGHT_TRANSFORM_ROWS[3].weight_trf_row/f_floor_div_1089_22:div_1033_24_g4173/ZN -       B1->ZN R     INR2D4BWP30P140          2  3.7    21    20    1490    (-,-) 
  WEIGHT_TRANSFORM_ROWS[3].weight_trf_row/f_floor_div_1089_22:div_1033_24_g4396/ZN -       A1->ZN R     INR2D4BWP30P140          2  3.6    18    25    1515    (-,-) 
  WEIGHT_TRANSFORM_ROWS[3].weight_trf_row/f_floor_div_1089_22:div_1033_24_g4395/Z  -       A1->Z  R     AN2D4BWP30P140           2  3.3    11    24    1540    (-,-) 
  WEIGHT_TRANSFORM_ROWS[3].weight_trf_row/g4479/ZN                                 -       A1->ZN R     INR2D4BWP30P140          2  3.3    24    22    1562    (-,-) 
  WEIGHT_TRANSFORM_ROWS[3].weight_trf_row/f_floor_div_1089_22:div_1033_24_g4394/ZN -       A1->ZN R     INR2D4BWP30P140          2  3.4    24    26    1588    (-,-) 
  WEIGHT_TRANSFORM_ROWS[3].weight_trf_row/f_floor_div_1089_22:div_1033_24_g4149/ZN -       A1->ZN F     ND2OPTIBD2BWP30P140      2  3.1    29    19    1607    (-,-) 
  WEIGHT_TRANSFORM_ROWS[3].weight_trf_row/f_floor_div_1089_22:div_1033_24_g4146/ZN -       A1->ZN R     NR2D2BWP30P140           2  3.2    27    23    1630    (-,-) 
  WEIGHT_TRANSFORM_ROWS[3].weight_trf_row/f_floor_div_1089_22:div_1033_24_g4144/ZN -       A1->ZN F     ND2D2BWP30P140           2  2.6    27    19    1649    (-,-) 
  WEIGHT_TRANSFORM_ROWS[3].weight_trf_row/f_floor_div_1089_22:div_1033_24_g4141/ZN -       A1->ZN R     NR2OPTPAD1BWP30P140      2  2.6    28    25    1674    (-,-) 
  WEIGHT_TRANSFORM_ROWS[3].weight_trf_row/f_floor_div_1089_22:div_1033_24_g4391/Z  -       A1->Z  R     CKAN2D1BWP30P140         2  2.7    20    30    1704    (-,-) 
  WEIGHT_TRANSFORM_ROWS[3].weight_trf_row/f_floor_div_1089_22:div_1033_24_g4390/ZN -       A1->ZN R     INR2D1BWP30P140          2  2.6    37    36    1739    (-,-) 
  WEIGHT_TRANSFORM_ROWS[3].weight_trf_row/f_floor_div_1089_22:div_1033_24_g4389/Z  -       A1->Z  R     CKAN2D1BWP30P140         2  2.6    20    31    1770    (-,-) 
  WEIGHT_TRANSFORM_ROWS[3].weight_trf_row/f_floor_div_1089_22:div_1033_24_g4388/Z  -       A1->Z  R     CKAN2D1BWP30P140         2  2.6    20    28    1798    (-,-) 
  WEIGHT_TRANSFORM_ROWS[3].weight_trf_row/f_floor_div_1089_22:div_1033_24_g2/Z     -       A1->Z  R     CKAN2D1BWP30P140         2  2.7    20    28    1827    (-,-) 
  WEIGHT_TRANSFORM_ROWS[3].weight_trf_row/f_floor_div_1089_22:div_1033_24_g4124/ZN -       I->ZN  F     CKND1BWP30P140           1  1.2    14    12    1839    (-,-) 
  WEIGHT_TRANSFORM_ROWS[3].weight_trf_row/f_floor_div_1089_22:div_1033_24_g4122/ZN -       A1->ZN R     OAI21D0P7BWP30P140       1  1.9    39    27    1866    (-,-) 
  WEIGHT_TRANSFORM_ROWS[3].weight_trf_row/f_floor_div_1089_22:div_1033_24_g4121/Z  -       A1->Z  R     XOR2UD1BWP30P140         1  1.4    45    26    1893    (-,-) 
  WEIGHT_TRANSFORM_ROWS[3].weight_trf_row/g3365/ZN                                 -       A2->ZN F     XNR2UD1BWP30P140         1  1.3    35    30    1923    (-,-) 
  WEIGHT_TRANSFORM_ROWS[3].weight_trf_row/g3357/ZN                                 -       A1->ZN R     NR2OPTIBD1BWP30P140      1  1.3    45    23    1946    (-,-) 
  g102604/Z                                                                        -       A1->Z  R     AO21D1BWP30P140          1  1.3    20    30    1975    (-,-) 
  r_input_weight_reg[0][15]/D                                                      <<<     -      R     DFCNQD1BWP30P140         1    -     -     0    1975    (-,-) 
#--------------------------------------------------------------------------------------------------------------------------------------------------------------------


