============================================================
  Generated by:           Genus(TM) Synthesis Solution 21.12-s068_1
  Generated on:           Jan 19 2026  12:20:49 am
  Module:                 System
  Library domain:         timing_cond_0p81v_125c
    Domain index:         0
    Technology library:   tcbn28hpcplusbwp30p140ssg0p81v125c 110
  Operating conditions:   ssg0p81v125c 
  Interconnect mode:      global
  Area mode:              physical library
============================================================


Summary
-------
--------------------------------------------------------------------------
            Category            Number     %    Average Toggle Saving %   
--------------------------------------------------------------------------
 Total Clock Gating Instances       55  100.00                         -  
--------------------------------------------------------------------------
 RC Clock Gating Instances          55  100.00                     83.83  
 Non-RC Clock Gating Instances       0    0.00                      0.00  
--------------------------------------------------------------------------
 RC Gated Flip-flops              1235   98.64                     86.32  
 Non-RC Gated Flip-flops             0    0.00                      0.00  
--------------------------------------------------------------------------
 Total Gated Flip-flops           1235   98.64                         -  
 Total Ungated Flip-flops           17    1.36                         -  
 Enable not found                    3   17.65                         -  
 Register bank width too small      14   82.35                         -  
--------------------------------------------------------------------------
 Total Flip-flops                 1252  100.00                         -  
--------------------------------------------------------------------------
Multibit Flip-flop Summary
--------------------------
-------------------------------------------------------
Width     Number     Bits     RC Gated     Ungated     
-------------------------------------------------------
1-bit     1252       1252     1235 (98.64%) 17 (1.36%)  
--------------------------------------------------------


