============================================================
  Generated by:           Genus(TM) Synthesis Solution 21.12-s068_1
  Generated on:           Oct 09 2026  04:40:55 pm
  Module:                 Conv
  Operating conditions:   ssg0p81v125c 
  Operating conditions:   tt0p9v25c 
  Interconnect mode:      global
  Area mode:              physical library
============================================================


Path 1: MET (235 ps) Late External Delay Assertion at pin p_output_data_write[63]
           View: analysis_view_0p90v_25c_captyp_nominal
          Group: clk
     Startpoint: (R) r_output_write_count_reg[1]/CP
          Clock: (R) clk
       Endpoint: (R) p_output_data_write[63]
          Clock: (R) clk

                     Capture       Launch     
        Clock Edge:+    2000            0     
       Src Latency:+       0            0     
       Net Latency:+       0 (I)        0 (I) 
           Arrival:=    2000            0     
                                              
      Output Delay:-    1000                  
     Required Time:=    1000                  
      Launch Clock:-       0                  
         Data Path:-     765                  
             Slack:=     235                  

Exceptions/Constraints:
  output_delay             1000            tmp_sdc_analysis_vie_line_725 

#----------------------------------------------------------------------------------------------------------------
#         Timing Point           Flags    Arc   Edge       Cell        Fanout  Load Trans Delay Arrival Instance 
#                                                                              (fF)  (ps)  (ps)   (ps)  Location 
#----------------------------------------------------------------------------------------------------------------
  r_output_write_count_reg[1]/CP -       -      R     (arrival)             4     -     0     0       0    (-,-) 
  r_output_write_count_reg[1]/Q  -       CP->Q  F     DFCNQD1BWP30P140      4   8.1    36    62      62    (-,-) 
  g120984/ZN                     -       A1->ZN R     NR2D4BWP30P140      130 142.7   256   158     221    (-,-) 
  g120258/ZN                     -       B1->ZN F     AOI22D1BWP30P140      1   1.5    67    38     258    (-,-) 
  g119929/ZN                     -       A2->ZN R     ND2D1BWP30P140        1   2.7    28    28     287    (-,-) 
  add_997_76_I4_g381/CO          -       B->CO  R     HA1D1BWP30P140        1   2.3    14    25     311    (-,-) 
  add_997_76_I4_g380/CO          -       CI->CO R     FA1D1BWP30P140        1   2.3    16    29     340    (-,-) 
  add_997_76_I4_g379/CO          -       CI->CO R     FA1D1BWP30P140        1   2.3    16    29     370    (-,-) 
  add_997_76_I4_g378/CO          -       CI->CO R     FA1D1BWP30P140        1   2.3    16    29     399    (-,-) 
  add_997_76_I4_g377/CO          -       CI->CO R     FA1D1BWP30P140        1   2.3    17    29     428    (-,-) 
  add_997_76_I4_g376/CO          -       CI->CO R     FA1D1BWP30P140        1   2.3    17    30     458    (-,-) 
  add_997_76_I4_g375/CO          -       CI->CO R     FA1D1BWP30P140        1   2.3    17    30     487    (-,-) 
  add_997_76_I4_g374/CO          -       CI->CO R     FA1D1BWP30P140        1   2.3    17    30     517    (-,-) 
  add_997_76_I4_g373/CO          -       CI->CO R     FA1D1BWP30P140        1   2.3    17    30     546    (-,-) 
  add_997_76_I4_g372/CO          -       CI->CO R     FA1D1BWP30P140        1   2.3    17    30     576    (-,-) 
  add_997_76_I4_g371/CO          -       CI->CO R     FA1D1BWP30P140        1   2.3    17    30     605    (-,-) 
  add_997_76_I4_g370/CO          -       CI->CO R     FA1D1BWP30P140        1   2.3    17    30     635    (-,-) 
  add_997_76_I4_g369/CO          -       CI->CO R     FA1D1BWP30P140        1   2.3    17    30     664    (-,-) 
  add_997_76_I4_g368/CO          -       CI->CO R     FA1D1BWP30P140        1   2.3    17    30     694    (-,-) 
  add_997_76_I4_g367/CO          -       CI->CO R     FA1D1BWP30P140        1   1.6    14    27     721    (-,-) 
  add_997_76_I4_g366/Z           -       A3->Z  R     XOR3UD1BWP30P140      1   5.0    50    44     765    (-,-) 
  p_output_data_write[63]        <<<     -      R     (port)                -     -     -     0     765    (-,-) 
#----------------------------------------------------------------------------------------------------------------


