============================================================
  Generated by:           Genus(TM) Synthesis Solution 21.12-s068_1
  Generated on:           Oct 09 2026  04:41:03 pm
  Module:                 Conv
  Operating conditions:   ssg0p81v125c 
  Operating conditions:   tt0p9v25c 
  Operating conditions:   ffg0p99vm40c 
  Interconnect mode:      global
  Area mode:              physical library
============================================================


Path 1: MET (409 ps) Late External Delay Assertion at pin p_output_data_write[63]
           View: analysis_view_0p99v_m40c_capbst_fastest
          Group: clk
     Startpoint: (R) r_output_write_count_reg[1]/CP
          Clock: (R) clk
       Endpoint: (R) p_output_data_write[63]
          Clock: (R) clk

                     Capture       Launch     
        Clock Edge:+    2000            0     
       Src Latency:+       0            0     
       Net Latency:+       0 (I)        0 (I) 
           Arrival:=    2000            0     
                                              
      Output Delay:-    1000                  
     Required Time:=    1000                  
      Launch Clock:-       0                  
         Data Path:-     591                  
             Slack:=     409                  

Exceptions/Constraints:
  output_delay             1000            tmp_sdc_analysis_vie_1_line_421 

#----------------------------------------------------------------------------------------------------------------
#         Timing Point           Flags    Arc   Edge       Cell        Fanout  Load Trans Delay Arrival Instance 
#                                                                              (fF)  (ps)  (ps)   (ps)  Location 
#----------------------------------------------------------------------------------------------------------------
  r_output_write_count_reg[1]/CP -       -      R     (arrival)             4     -     0     0       0    (-,-) 
  r_output_write_count_reg[1]/Q  -       CP->Q  F     DFCNQD1BWP30P140      4   8.6    30    50      50    (-,-) 
  g120984/ZN                     -       A1->ZN R     NR2D4BWP30P140      130 157.0   211   130     180    (-,-) 
  g119474/ZN                     -       B1->ZN F     AOI22D1BWP30P140      1   1.7    51    26     206    (-,-) 
  g119343/ZN                     -       A2->ZN R     ND2D1BWP30P140        1   2.9    22    21     227    (-,-) 
  add_997_76_I4_g381/CO          -       A->CO  R     HA1D1BWP30P140        1   2.5    11    19     246    (-,-) 
  add_997_76_I4_g380/CO          -       CI->CO R     FA1D1BWP30P140        1   2.5    13    22     268    (-,-) 
  add_997_76_I4_g379/CO          -       CI->CO R     FA1D1BWP30P140        1   2.5    13    22     290    (-,-) 
  add_997_76_I4_g378/CO          -       CI->CO R     FA1D1BWP30P140        1   2.5    13    22     313    (-,-) 
  add_997_76_I4_g377/CO          -       CI->CO R     FA1D1BWP30P140        1   2.5    14    22     335    (-,-) 
  add_997_76_I4_g376/CO          -       CI->CO R     FA1D1BWP30P140        1   2.5    14    22     357    (-,-) 
  add_997_76_I4_g375/CO          -       CI->CO R     FA1D1BWP30P140        1   2.5    14    22     380    (-,-) 
  add_997_76_I4_g374/CO          -       CI->CO R     FA1D1BWP30P140        1   2.5    14    22     402    (-,-) 
  add_997_76_I4_g373/CO          -       CI->CO R     FA1D1BWP30P140        1   2.5    14    22     425    (-,-) 
  add_997_76_I4_g372/CO          -       CI->CO R     FA1D1BWP30P140        1   2.5    14    22     447    (-,-) 
  add_997_76_I4_g371/CO          -       CI->CO R     FA1D1BWP30P140        1   2.5    14    22     469    (-,-) 
  add_997_76_I4_g370/CO          -       CI->CO R     FA1D1BWP30P140        1   2.5    14    22     492    (-,-) 
  add_997_76_I4_g369/CO          -       CI->CO R     FA1D1BWP30P140        1   2.5    14    22     514    (-,-) 
  add_997_76_I4_g368/CO          -       CI->CO R     FA1D1BWP30P140        1   2.5    14    22     537    (-,-) 
  add_997_76_I4_g367/CO          -       CI->CO R     FA1D1BWP30P140        1   1.8    11    21     557    (-,-) 
  add_997_76_I4_g366/Z           -       A3->Z  R     XOR3UD1BWP30P140      1   5.2    39    33     591    (-,-) 
  p_output_data_write[63]        <<<     -      R     (port)                -     -     -     0     591    (-,-) 
#----------------------------------------------------------------------------------------------------------------


