============================================================
  Generated by:           Genus(TM) Synthesis Solution 22.15-s086_1
  Generated on:           Apr 10 2025  12:29:31 am
  Module:                 conv_rapida
  Operating conditions:   ssg0p81v125c 
  Interconnect mode:      global
  Area mode:              physical library
============================================================


Path 1: MET (9 ps) Setup Check with Pin registers_reg[30][19]/CP->SI
           View: analysis_view_0p81v_125c_capwst_slowest
          Group: clk
     Startpoint: (R) EA_reg[3]/CP
          Clock: (R) clk
       Endpoint: (F) registers_reg[30][19]/SI
          Clock: (R) clk

                     Capture       Launch     
        Clock Edge:+    2000            0     
       Src Latency:+       0            0     
       Net Latency:+       0 (I)        0 (I) 
           Arrival:=    2000            0     
                                              
             Setup:-      86                  
     Required Time:=    1914                  
      Launch Clock:-       0                  
         Data Path:-    1905                  
             Slack:=       9                  

#-------------------------------------------------------------------------------------------------------------
#      Timing Point        Flags    Arc   Edge        Cell          Fanout  Load Trans Delay Arrival Instance 
#                                                                           (fF)  (ps)  (ps)   (ps)  Location 
#-------------------------------------------------------------------------------------------------------------
  EA_reg[3]/CP             -       -      R     (arrival)               13     -     0     0       0    (-,-) 
  EA_reg[3]/Q              -       CP->Q  F     DFCND1BWP30P140          8   6.9    41    82      82    (-,-) 
  g28733/ZN                -       A2->ZN R     NR2D1BWP30P140           3   3.0    38    37     119    (-,-) 
  g28674/ZN                -       A1->ZN F     ND2D1BWP30P140           2   5.1    58    43     162    (-,-) 
  g32133/ZN                -       B1->ZN R     INR2D6BWP30P140        241 199.9   307   194     356    (-,-) 
  g28367/Z                 -       B1->Z  R     AO22D0BWP30P140          1   1.3    30    57     413    (-,-) 
  g27663/Z                 -       A1->Z  R     OR3D1BWP30P140          22  23.1   126    96     510    (-,-) 
  mul_95_64_g4870/ZN       -       I->ZN  F     CKND1BWP30P140           3   3.0    49    34     544    (-,-) 
  mul_95_64_g4812/ZN       -       A1->ZN R     NR3D0P7BWP30P140         9   7.6   129    90     634    (-,-) 
  mul_95_64_g4808/ZN       -       I->ZN  F     CKND1BWP30P140          12  10.7    86    72     707    (-,-) 
  mul_95_64_g4756/ZN       -       A1->ZN R     OAI22D1BWP30P140         1   1.4    55    35     742    (-,-) 
  mul_95_64_g4621/ZN       -       C->ZN  F     AOI221D1BWP30P140        1   1.8    63    26     768    (-,-) 
  mul_95_64_g4605/ZN       -       A1->ZN F     XNR2UD1BWP30P140         1   2.6    64    43     812    (-,-) 
  mul_95_64_cdnfadd3/CO    -       B->CO  F     FA1D1BWP30P140           1   2.1    22    64     876    (-,-) 
  mul_95_64_cdnfadd4/CO    -       CI->CO F     FA1D1BWP30P140           1   2.1    22    43     919    (-,-) 
  mul_95_64_cdnfadd5/CO    -       CI->CO F     FA1D1BWP30P140           1   2.1    22    43     963    (-,-) 
  mul_95_64_cdnfadd6/CO    -       CI->CO F     FA1D1BWP30P140           1   2.1    22    43    1006    (-,-) 
  mul_95_64_cdnfadd7/CO    -       CI->CO F     FA1D1BWP30P140           1   2.1    22    43    1049    (-,-) 
  mul_95_64_cdnfadd8/CO    -       CI->CO F     FA1D1BWP30P140           1   2.1    22    43    1093    (-,-) 
  mul_95_64_cdnfadd9/CO    -       CI->CO F     FA1D1BWP30P140           1   2.1    22    43    1136    (-,-) 
  mul_95_64_cdnfadd10/CO   -       CI->CO F     FA1D1BWP30P140           1   2.1    22    44    1180    (-,-) 
  mul_95_64_cdnfadd11/CO   -       CI->CO F     FA1D1BWP30P140           1   2.1    22    44    1223    (-,-) 
  mul_95_64_cdnfadd12/CO   -       CI->CO F     FA1D1BWP30P140           1   2.1    22    44    1267    (-,-) 
  mul_95_64_cdnfadd13/CO   -       CI->CO F     FA1D1BWP30P140           1   2.1    21    44    1311    (-,-) 
  mul_95_64_cdnfadd14/CO   -       CI->CO F     FA1D1BWP30P140           1   2.1    21    43    1354    (-,-) 
  mul_95_64_cdnfadd15/CO   -       CI->CO F     FA1D1BWP30P140           1   2.1    21    43    1397    (-,-) 
  mul_95_64_cdnfadd16/CO   -       CI->CO F     FA1D1BWP30P140           1   2.1    21    43    1440    (-,-) 
  mul_95_64_cdnfadd17/CO   -       CI->CO F     FA1D1BWP30P140           1   2.1    21    43    1484    (-,-) 
  mul_95_64_cdnfadd18/CO   -       CI->CO F     FA1D1BWP30P140           1   2.1    21    43    1527    (-,-) 
  mul_95_64_cdnfadd19/CO   -       CI->CO F     FA1D1BWP30P140           1   2.1    21    43    1570    (-,-) 
  mul_95_64_cdnfadd20/CO   -       CI->CO F     FA1D1BWP30P140           1   2.1    21    43    1614    (-,-) 
  mul_95_64_cdnfadd21/CO   -       CI->CO F     FA1D1BWP30P140           1   2.1    21    43    1657    (-,-) 
  mul_95_64_cdnfadd22/CO   -       CI->CO F     FA1D1BWP30P140           1   2.1    22    43    1700    (-,-) 
  mul_95_64_cdnfadd23/CO   -       CI->CO F     FA1D1BWP30P140           1   2.1    21    43    1744    (-,-) 
  mul_95_64_cdnfadd24/CO   -       CI->CO F     FA1D1BWP30P140           1   2.1    21    43    1787    (-,-) 
  mul_95_64_cdnfadd25/CO   -       CI->CO F     FA1D1BWP30P140           1   2.1    22    43    1830    (-,-) 
  mul_95_64_cdnfadd26/CO   -       CI->CO F     FA1D1BWP30P140           1   1.3    18    40    1870    (-,-) 
  mul_95_64_g4872/ZN       -       A3->ZN F     XNR3UD1BWP30P140         2   1.9    32    35    1905    (-,-) 
  registers_reg[30][19]/SI <<<     -      F     SDFCNQARD1BWP30P140      2     -     -     0    1905    (-,-) 
#-------------------------------------------------------------------------------------------------------------


