============================================================
  Generated by:           Genus(TM) Synthesis Solution 21.12-s068_1
  Generated on:           Sep 02 2026  01:30:29 pm
  Module:                 Conv
  Library domain:         timing_cond_0p81v_125c
    Domain index:         0
    Technology library:   tcbn28hpcplusbwp30p140ssg0p81v125c 110
  Operating conditions:   ssg0p81v125c 
  Interconnect mode:      global
  Area mode:              physical library
============================================================

       Instance                 Module           Cell Count  Cell Area  Net Area   Total Area 
----------------------------------------------------------------------------------------------
Conv                                                   7917   9938.376  3750.432    13688.808 
  inverse_row_acc     InverseRowAccumulate              361    326.214   138.828      465.042 
  inverse_row_current InverseRow                         97    169.848    33.045      202.893 
  multip0             Multip                            597    625.716   245.893      871.609 
  multip1             Multip_384                        597    625.716   245.647      871.363 
  multip2             Multip_383                        596    625.590   245.518      871.108 
  multip3             Multip_382                        596    625.590   245.518      871.108 
  trf                 Transform                         968   1401.876   366.811     1768.687 
    matrix_c0         MatrixC0                          484    701.316   127.315      828.631 
    matrix_c1         MatrixC1                          484    700.560   127.315      827.875 
  weight_trf_row0     WeightTransformRowConst           323    332.388   113.752      446.140 
  weight_trf_row1     WeightTransformRowConst_0         573    836.892   262.561     1099.453 
  weight_trf_row2     WeightTransformRowConst_1         596    811.566   271.053     1082.619 
  weight_trf_row3     WeightTransformRowConst_2         269    312.102    95.707      407.809 
