============================================================
  Generated by:           Genus(TM) Synthesis Solution 21.12-s068_1
  Generated on:           Aug 30 2026  07:26:41 pm
  Module:                 Conv
  Library domain:         timing_cond_0p81v_125c
    Domain index:         0
    Technology library:   tcbn28hpcplusbwp30p140ssg0p81v125c 110
  Operating conditions:   ssg0p81v125c 
  Interconnect mode:      global
  Area mode:              physical library
============================================================

        Instance                 Module           Cell Count  Cell Area  Net Area   Total Area 
-----------------------------------------------------------------------------------------------
Conv                                                   19755  23820.426  9474.131    33294.557 
  inverse_row           InverseRow                       117    246.834    42.378      289.212 
  inverse_row_acc       InverseRowAccumulate             558    632.016   205.093      837.109 
  inverse_row_acc_1     InverseRowAccumulate_346         558    633.024   205.461      838.485 
  inverse_row_acc_2     InverseRowAccumulate_345         558    612.612   204.970      817.582 
  inverse_row_current   InverseRow_344                   117    246.834    42.378      289.212 
  inverse_row_current_2 InverseRow_343                   117    246.834    42.378      289.212 
  multip0               Multip                           616    632.268   253.603      885.871 
  multip1               Multip_363                       616    632.268   253.603      885.871 
  multip2               Multip_362                       616    632.268   253.603      885.871 
  multip3               Multip_361                       605    635.292   264.760      900.052 
  multip4               Multip_360                       616    633.654   251.268      884.922 
  multip5               Multip_359                       616    633.654   251.268      884.922 
  multip6               Multip_358                       599    626.724   247.257      873.981 
  multip7               Multip_357                       599    626.724   247.257      873.981 
  multip8               Multip_356                       599    626.724   247.257      873.981 
  multip9               Multip_355                       598    626.850   246.514      873.364 
  multip10              Multip_354                       600    626.976   246.281      873.257 
  multip11              Multip_353                       600    627.858   246.281      874.139 
  multip12              Multip_352                       597    625.716   245.893      871.609 
  multip13              Multip_351                       597    625.716   245.893      871.609 
  multip14              Multip_350                       597    625.716   245.893      871.609 
  multip15              Multip_349                       596    625.590   245.518      871.108 
  multip16              Multip_348                       597    625.716   245.770      871.486 
  multip17              Multip_347                       597    625.716   245.770      871.486 
  trf                   Transform                       1974   2904.552   680.049     3584.601 
    matrix_c0           MatrixC0                         894   1321.488   293.523     1615.011 
      csa_n0            CSA_2                             20     41.958     4.793       46.751 
      csa_n1            CSA_2_342                         20     41.958     4.793       46.751 
      csa_n2            CSA_2_341                         20     41.958     4.793       46.751 
      csa_n6            CSA_2_340                         20     41.958     4.793       46.751 
      csa_n7            CSA_2_339                         20     41.958     4.793       46.751 
      csa_n8            CSA_2_338                         20     41.958     4.793       46.751 
      csa_n12           CSA_2_337                         20     41.958     4.793       46.751 
      csa_n13           CSA_2_336                         20     41.958     4.793       46.751 
      csa_n14           CSA_2_335                         20     41.958     4.793       46.751 
      csa_n18           CSA_2_334                         20     41.958     4.793       46.751 
      csa_n19           CSA_2_333                         20     41.958     4.793       46.751 
      csa_n20           CSA_2_332                         20     41.958     4.793       46.751 
      csa_n24           CSA_2_331                         20     41.958     4.793       46.751 
      csa_n25           CSA_2_330                         20     41.958     4.793       46.751 
      csa_n26           CSA_2_329                         20     41.958     4.793       46.751 
    matrix_c1           MatrixC1                        1080   1583.064   356.256     1939.320 
      csa_n0            CSA_2_328                         20     41.958     4.793       46.751 
      csa_n1            CSA_2_327                         20     41.958     4.793       46.751 
      csa_n2            CSA_2_326                         20     41.958     4.793       46.751 
      csa_n3            CSA_2_325                         20     41.958     4.793       46.751 
      csa_n4            CSA_2_324                         20     41.958     4.793       46.751 
      csa_n5            CSA_2_323                         20     41.958     4.793       46.751 
      csa_n6            CSA_2_322                         20     41.958     4.793       46.751 
      csa_n7            CSA_2_321                         20     41.958     4.793       46.751 
      csa_n8            CSA_2_320                         20     41.958     4.793       46.751 
      csa_n9            CSA_2_319                         20     41.958     4.793       46.751 
      csa_n10           CSA_2_318                         20     41.958     4.793       46.751 
      csa_n11           CSA_2_317                         20     41.958     4.793       46.751 
      csa_n12           CSA_2_316                         20     41.958     4.793       46.751 
      csa_n13           CSA_2_315                         20     41.958     4.793       46.751 
      csa_n14           CSA_2_314                         20     41.958     4.793       46.751 
      csa_n15           CSA_2_313                         20     41.958     4.793       46.751 
      csa_n16           CSA_2_312                         20     41.958     4.793       46.751 
      csa_n17           CSA_2_311                         20     41.958     4.793       46.751 
