============================================================
  Generated by:           Genus(TM) Synthesis Solution 21.12-s068_1
  Generated on:           Jan 27 2026  01:11:50 am
  Module:                 System
  Operating conditions:   ssg0p81v125c 
  Operating conditions:   tt0p9v25c 
  Operating conditions:   ffg0p99vm40c 
  Interconnect mode:      global
  Area mode:              physical library
============================================================


Path 1: MET (393 ps) Late External Delay Assertion at pin p_output_data_write[0][19]
           View: analysis_view_0p99v_m40c_capbst_fastest
          Group: clk
     Startpoint: (R) control/r_addr_count_write_out_reg[1]/CP
          Clock: (R) clk
       Endpoint: (R) p_output_data_write[0][19]
          Clock: (R) clk

                     Capture       Launch     
        Clock Edge:+    2000            0     
       Src Latency:+       0            0     
       Net Latency:+       0 (I)        0 (I) 
           Arrival:=    2000            0     
                                              
      Output Delay:-    1000                  
     Required Time:=    1000                  
      Launch Clock:-       0                  
         Data Path:-     607                  
             Slack:=     393                  

Exceptions/Constraints:
  output_delay             1000            tmp_sdc_analysis_vie_1_line_517 

#----------------------------------------------------------------------------------------------------------------------------
#              Timing Point                Flags    Arc   Edge        Cell          Fanout Load Trans Delay Arrival Instance 
#                                                                                          (fF)  (ps)  (ps)   (ps)  Location 
#----------------------------------------------------------------------------------------------------------------------------
  control/r_addr_count_write_out_reg[1]/CP -       -      R     (arrival)                4    -     0     0       0    (-,-) 
  control/r_addr_count_write_out_reg[1]/Q  -       CP->Q  F     DFKCNQD2BWP30P140        5 10.1    18    44      44    (-,-) 
  control/g98034/ZN                        -       A1->ZN F     IND2D2BWP30P140          3  5.3    19    20      65    (-,-) 
  control/g97806/ZN                        -       A1->ZN R     NR2D4BWP30P140          55 63.5    88    57     122    (-,-) 
  control/g97394/ZN                        -       I->ZN  F     INVD3BWP30P140          23 26.0    44    34     156    (-,-) 
  control/g96097__7410/ZN                  -       A1->ZN R     OAI22D1BWP30P140         1  1.7    23    19     175    (-,-) 
  control/g95953__9945/ZN                  -       A2->ZN F     NR2OPTIBD1BWP30P140      1  1.7    13    11     186    (-,-) 
  control/g95813__9945/ZN                  -       C->ZN  R     OAI211D1BWP30P140        1  2.9    24    14     200    (-,-) 
  control/add_1043_62_I1_g1258/CO          -       A->CO  R     HA1D1BWP30P140           1  2.5    11    19     219    (-,-) 
  control/add_1043_62_I1_g1257/CO          -       CI->CO R     FA1D2BWP30P140           1  3.0    10    21     241    (-,-) 
  control/add_1043_62_I1_g1256/CO          -       CI->CO R     FA1OPTCD1BWP30P140       1  2.5    13    18     259    (-,-) 
  control/add_1043_62_I1_g1255/CO          -       CI->CO R     FA1D1BWP30P140           1  3.0    15    23     282    (-,-) 
  control/add_1043_62_I1_g1254/CO          -       CI->CO R     FA1OPTCD1BWP30P140       1  3.1    15    20     302    (-,-) 
  control/add_1043_62_I1_g1253/CO          -       CI->CO R     FA1OPTCD2BWP30P140       1  3.0    11    16     319    (-,-) 
  control/add_1043_62_I1_g1252/CO          -       CI->CO R     FA1OPTCD1BWP30P140       1  2.5    13    18     337    (-,-) 
  control/add_1043_62_I1_g1251/CO          -       CI->CO R     FA1D1BWP30P140           3  4.5    19    26     364    (-,-) 
  control/add_1043_62_I1_g1249/Z           -       A1->Z  R     AO21D1BWP30P140          1  2.5    11    18     382    (-,-) 
  control/add_1043_62_I1_g1246/CO          -       CI->CO R     FA1D2BWP30P140           1  3.0    10    21     403    (-,-) 
  control/add_1043_62_I1_g1245/CO          -       CI->CO R     FA1OPTCD1BWP30P140       1  3.1    15    19     422    (-,-) 
  control/add_1043_62_I1_g1244/CO          -       CI->CO R     FA1OPTCD2BWP30P140       1  3.0    11    16     439    (-,-) 
  control/add_1043_62_I1_g1243/CO          -       CI->CO R     FA1OPTCD1BWP30P140       1  3.0    15    19     458    (-,-) 
  control/add_1043_62_I1_g1242/CO          -       CI->CO R     FA1OPTCD1BWP30P140       1  3.0    15    20     478    (-,-) 
  control/add_1043_62_I1_g1241/CO          -       CI->CO R     FA1OPTCD1BWP30P140       1  2.5    13    19     497    (-,-) 
  control/add_1043_62_I1_g1240/CO          -       CI->CO R     FA1D1BWP30P140           1  2.5    13    22     520    (-,-) 
  control/add_1043_62_I1_g1239/CO          -       CI->CO R     FA1D1BWP30P140           1  2.5    13    22     542    (-,-) 
  control/add_1043_62_I1_g1238/CO          -       CI->CO R     FA1D1BWP30P140           1  2.3    13    22     564    (-,-) 
  control/add_1043_62_I1_g1237/Z           -       A1->Z  R     XOR2UD1BWP30P140         1  1.7    22    13     577    (-,-) 
  control/g85847/ZN                        -       A1->ZN R     INR2D1BWP30P140          1  5.2    75    29     606    (-,-) 
  p_output_data_write[0][19]               <<<     -      R     (port)                   -    -     -     0     607    (-,-) 
#----------------------------------------------------------------------------------------------------------------------------


