============================================================
  Generated by:           Genus(TM) Synthesis Solution 21.12-s068_1
  Generated on:           Apr 06 2026  11:47:03 am
  Module:                 Conv
  Operating conditions:   ssg0p81v125c 
  Interconnect mode:      global
  Area mode:              physical library
============================================================


Path 1: MET (0 ps) Setup Check with Pin u_output_regs/outputMAP_reg[0][15]/CP->D
           View: analysis_view_0p81v_125c_capwst_slowest
          Group: clk
     Startpoint: (F) inputMAP[18][9]
          Clock: (R) clk
       Endpoint: (R) u_output_regs/outputMAP_reg[0][15]/D
          Clock: (R) clk

                     Capture       Launch     
        Clock Edge:+    2000            0     
        Drv Adjust:+       0            7     
       Src Latency:+       0            0     
       Net Latency:+       0 (I)        0 (I) 
           Arrival:=    2000            7     
                                              
             Setup:-      30                  
     Required Time:=    1970                  
      Launch Clock:-       7                  
       Input Delay:-    1000                  
         Data Path:-     964                  
             Slack:=       0                  

Exceptions/Constraints:
  input_delay             1000            constraints.sdc_line_24_132_1 

#----------------------------------------------------------------------------------------------------------------------------------------
#                    Timing Point                     Flags    Arc   Edge         Cell          Fanout Load Trans Delay Arrival Instance 
#                                                                                                      (fF)  (ps)  (ps)   (ps)  Location 
#----------------------------------------------------------------------------------------------------------------------------------------
  inputMAP[18][9]                                     -       -      F     (arrival)                 1  2.3    15     0    1007    (-,-) 
  u_window_select/g38593/ZN                           -       I->ZN  R     INVD3BWP30P140            5  8.2    18    16    1023    (-,-) 
  u_window_select/g38590/ZN                           -       I->ZN  F     INVD8BWP30P140            5  9.9    12    10    1033    (-,-) 
  u_window_select/g36077/ZN                           -       B1->ZN R     IAO22D4BWP30P140          1  2.2    20    16    1049    (-,-) 
  u_window_select/g35278/ZN                           -       A1->ZN F     ND2D3BWP30P140            1  2.8    19    16    1064    (-,-) 
  u_window_select/g35140/ZN                           -       A2->ZN R     NR2D4BWP30P140            1  5.4    20    20    1085    (-,-) 
  u_window_select/g34796/ZN                           -       A1->ZN F     ND2OPTIBD12BWP30P140     10 14.4    20    16    1101    (-,-) 
  macOp/gen_mult[6].mult_i/mul_67_44_g5238/ZN         -       I->ZN  R     INVD3BWP30P140            2  2.6    11    11    1112    (-,-) 
  macOp/gen_mult[6].mult_i/mul_67_44_g5058/ZN         -       S->ZN  R     MUX2ND2BWP30P140          2  2.5    11    37    1149    (-,-) 
  macOp/gen_mult[6].mult_i/mul_67_44_g4868/ZN         -       A1->ZN F     OAI22D1BWP30P140          1  4.2    62    36    1185    (-,-) 
  macOp/gen_mult[6].mult_i/mul_67_44_cdnfadd_010_1/CO -       B->CO  F     FA1D4BWP30P140            1  4.2    16    49    1234    (-,-) 
  macOp/gen_mult[6].mult_i/mul_67_44_cdnfadd_011_2/S  -       B->S   R     FA1D4BWP30P140            1  2.9    22    72    1306    (-,-) 
  macOp/gen_mult[6].mult_i/mul_67_44_cdnfadd_011_3/S  -       CI->S  F     FA1D4BWP30P140            2  3.0    20    70    1376    (-,-) 
  macOp/gen_mult[6].mult_i/mul_67_44_g4610/ZN         -       A1->ZN R     NR2D2BWP30P140            2  3.6    27    22    1398    (-,-) 
  macOp/gen_mult[6].mult_i/mul_67_44_g4609/ZN         -       I->ZN  F     CKND2BWP30P140            1  3.5    17    14    1412    (-,-) 
  macOp/gen_mult[6].mult_i/mul_67_44_g4575/ZN         -       A2->ZN R     AOI21D6BWP30P140          3  4.8    21    19    1431    (-,-) 
  macOp/gen_mult[6].mult_i/mul_67_44_g4559/ZN         -       I->ZN  F     INVD1P5BWP30P140          1  3.3    16    14    1445    (-,-) 
  macOp/gen_mult[6].mult_i/mul_67_44_g4553/ZN         -       A1->ZN R     AOI21D6BWP30P140          2  4.6    22    16    1460    (-,-) 
  macOp/gen_mult[6].mult_i/mul_67_44_g4550/ZN         -       A1->ZN F     OAI21D6BWP30P140          2  3.5    21    15    1475    (-,-) 
  macOp/gen_mult[6].mult_i/mul_67_44_g4504/Z          -       A1->Z  F     AO21D4BWP30P140           3  4.9    14    28    1503    (-,-) 
  macOp/gen_mult[6].mult_i/mul_67_44_g4498/ZN         -       A1->ZN R     AOI21D2BWP30P140          2  3.1    26    20    1523    (-,-) 
  macOp/gen_mult[6].mult_i/mul_67_44_g4491/ZN         -       A1->ZN F     OAI21D2BWP30P140          1  3.5    29    23    1546    (-,-) 
  macOp/gen_mult[6].mult_i/mul_67_44_g4490/ZN         -       A1->ZN R     XNR2OPTND4BWP30P140       2  3.2    28    17    1563    (-,-) 
  macOp/sps/L1a/g1461/ZN                              -       B->ZN  F     MAOI222D1BWP30P140        1  1.6    42    34    1596    (-,-) 
  macOp/sps/L1a/g1435/ZN                              -       I->ZN  R     INVD1P5BWP30P140          2  3.4    22    23    1619    (-,-) 
  macOp/sps/L2a/g1464/Z                               -       A2->Z  R     XOR3D4BWP30P140           2  2.8    14    58    1677    (-,-) 
  macOp/sps/L3/g1464/Z                                -       A1->Z  F     XOR3D2BWP30P140           1  2.5    15    64    1742    (-,-) 
  macOp/sps/L4/g1538/S                                -       CI->S  F     FA1OPTCD1BWP30P140        2  2.5    29    65    1807    (-,-) 
  macOp/sps/add_49_22_g980/Z                          -       A1->Z  F     CKAN2D1BWP30P140          2  2.7    19    33    1839    (-,-) 
  macOp/sps/add_49_22_g923/ZN                         -       B->ZN  R     AOI21D2BWP30P140          1  2.3    23    24    1863    (-,-) 
  macOp/sps/add_49_22_g903/ZN                         -       A2->ZN F     ND2D3BWP30P140            2  3.0    19    17    1880    (-,-) 
  macOp/sps/add_49_22_g900/ZN                         -       A1->ZN R     ND2OPTPAD2BWP30P140       3  3.9    19    15    1896    (-,-) 
  macOp/sps/add_49_22_g894/Z                          -       A1->Z  R     OA21D2BWP30P140           2  3.1    16    30    1925    (-,-) 
  macOp/sps/add_49_22_g888/ZN                         -       A1->ZN R     XNR2D1BWP30P140           9  8.2    47    45    1970    (-,-) 
  u_output_regs/outputMAP_reg[0][15]/D                <<<     -      R     DFCNQD1BWP30P140          9    -     -     0    1970    (-,-) 
#----------------------------------------------------------------------------------------------------------------------------------------


