============================================================
  Generated by:           Genus(TM) Synthesis Solution 21.12-s068_1
  Generated on:           Oct 05 2026  02:50:17 pm
  Module:                 Conv
  Operating conditions:   ssg0p81v125c 
  Operating conditions:   tt0p9v25c 
  Operating conditions:   ffg0p99vm40c 
  Interconnect mode:      global
  Area mode:              physical library
============================================================


Path 1: MET (404 ps) Late External Delay Assertion at pin p_output_data_write[59]
           View: analysis_view_0p99v_m40c_capbst_fastest
          Group: clk
     Startpoint: (R) r_output_write_count_reg[0]/CP
          Clock: (R) clk
       Endpoint: (F) p_output_data_write[59]
          Clock: (R) clk

                     Capture       Launch     
        Clock Edge:+    2000            0     
       Src Latency:+       0            0     
       Net Latency:+       0 (I)        0 (I) 
           Arrival:=    2000            0     
                                              
      Output Delay:-    1000                  
     Required Time:=    1000                  
      Launch Clock:-       0                  
         Data Path:-     596                  
             Slack:=     404                  

Exceptions/Constraints:
  output_delay             1000            tmp_sdc_analysis_vie_1_line_495 

#------------------------------------------------------------------------------------------------------------------
#         Timing Point           Flags    Arc   Edge        Cell         Fanout  Load Trans Delay Arrival Instance 
#                                                                                (fF)  (ps)  (ps)   (ps)  Location 
#------------------------------------------------------------------------------------------------------------------
  r_output_write_count_reg[0]/CP -       -      R     (arrival)               4     -     0     0       0    (-,-) 
  r_output_write_count_reg[0]/Q  -       CP->Q  R     DFCND1BWP30P140         6   8.0    29    47      47    (-,-) 
  g13324/Z                       -       A2->Z  R     OR2D2BWP30P140          6  11.6    21    29      76    (-,-) 
  g13037/ZN                      -       I->ZN  F     INVD9BWP30P140        156 172.9    62    42     118    (-,-) 
  g12376/ZN                      -       A1->ZN R     AOI22D1BWP30P140        1   1.8    27    26     144    (-,-) 
  g12068/ZN                      -       A2->ZN F     ND2D1BWP30P140          1   2.8    20    17     161    (-,-) 
  add_981_76_I3_g1427/CO         -       B->CO  F     HA1D1BWP30P140          1   2.4    10    17     178    (-,-) 
  add_981_76_I3_g1426/CO         -       CI->CO F     FA1D1BWP30P140          1   2.4    13    23     201    (-,-) 
  add_981_76_I3_g1425/CO         -       CI->CO F     FA1D1BWP30P140          1   3.0    14    25     226    (-,-) 
  add_981_76_I3_g1424/CO         -       CI->CO F     FA1OPTCD1BWP30P140      1   3.0    14    20     246    (-,-) 
  add_981_76_I3_g1423/CO         -       CI->CO F     FA1OPTCD1BWP30P140      1   3.0    14    20     266    (-,-) 
  add_981_76_I3_g1422/CO         -       CI->CO F     FA1OPTCD1BWP30P140      1   2.4    13    18     284    (-,-) 
  add_981_76_I3_g1421/CO         -       CI->CO F     FA1D1BWP30P140          1   3.0    14    25     310    (-,-) 
  add_981_76_I3_g1420/CO         -       CI->CO F     FA1OPTCD1BWP30P140      3   4.4    18    22     332    (-,-) 
  add_981_76_I3_g1418/Z          -       A1->Z  F     AO21D1BWP30P140         1   2.4    11    18     350    (-,-) 
  add_981_76_I3_g1415/CO         -       CI->CO F     FA1D1BWP30P140          1   2.4    13    24     374    (-,-) 
  add_981_76_I3_g1414/CO         -       CI->CO F     FA1D1BWP30P140          1   2.4    13    24     398    (-,-) 
  add_981_76_I3_g1413/CO         -       CI->CO F     FA1D1BWP30P140          1   2.4    13    24     422    (-,-) 
  add_981_76_I3_g1412/CO         -       CI->CO F     FA1D1BWP30P140          1   2.4    13    24     446    (-,-) 
  add_981_76_I3_g1411/CO         -       CI->CO F     FA1D1BWP30P140          1   2.4    13    24     471    (-,-) 
  add_981_76_I3_g1410/CO         -       CI->CO F     FA1D1BWP30P140          1   2.4    13    24     495    (-,-) 
  add_981_76_I3_g1409/CO         -       CI->CO F     FA1D1BWP30P140          1   2.4    13    24     519    (-,-) 
  add_981_76_I3_g1408/CO         -       CI->CO F     FA1D1BWP30P140          1   2.4    13    24     543    (-,-) 
  add_981_76_I3_g1407/CO         -       CI->CO F     FA1D1BWP30P140          1   1.8    11    23     566    (-,-) 
  add_981_76_I3_g1406/Z          -       A3->Z  F     XOR3UD1BWP30P140        1   5.2    34    30     596    (-,-) 
  p_output_data_write[59]        <<<     -      F     (port)                  -     -     -     0     596    (-,-) 
#------------------------------------------------------------------------------------------------------------------


