============================================================
  Generated by:           Genus(TM) Synthesis Solution 21.12-s068_1
  Generated on:           Oct 03 2026  09:36:22 am
  Module:                 Conv
  Library domain:         timing_cond_0p81v_125c
    Domain index:         0
    Technology library:   tcbn28hpcplusbwp30p140ssg0p81v125c 110
  Operating conditions:   ssg0p81v125c 
  Interconnect mode:      global
  Area mode:              physical library
============================================================

                                                                                Library 
        Gate         Instances    Area                   Library                 Domain 
----------------------------------------------------------------------------------------
AN2D1BWP30P140               2      1.008    tcbn28hpcplusbwp30p140ssg0p81v125c       0 
AN2D4BWP30P140               1      1.134    tcbn28hpcplusbwp30p140ssg0p81v125c       0 
AN2D6BWP30P140               1      1.386    tcbn28hpcplusbwp30p140ssg0p81v125c       0 
AN3D1BWP30P140              37     23.310    tcbn28hpcplusbwp30p140ssg0p81v125c       0 
AN4D1BWP30P140              24     18.144    tcbn28hpcplusbwp30p140ssg0p81v125c       0 
AO211D1BWP30P140             3      2.268    tcbn28hpcplusbwp30p140ssg0p81v125c       0 
AO21D1BWP30P140              5      3.150    tcbn28hpcplusbwp30p140ssg0p81v125c       0 
AO22D0BWP30P140           1872   1415.232    tcbn28hpcplusbwp30p140ssg0p81v125c       0 
AOI211D1BWP30P140            3      1.890    tcbn28hpcplusbwp30p140ssg0p81v125c       0 
AOI21D1BWP30P140            11      5.544    tcbn28hpcplusbwp30p140ssg0p81v125c       0 
AOI221D1BWP30P140         1147    867.132    tcbn28hpcplusbwp30p140ssg0p81v125c       0 
AOI222D1BWP30P140          126    127.008    tcbn28hpcplusbwp30p140ssg0p81v125c       0 
AOI22D1BWP30P140           185    116.550    tcbn28hpcplusbwp30p140ssg0p81v125c       0 
CKAN2D1BWP30P140           107     53.928    tcbn28hpcplusbwp30p140ssg0p81v125c       0 
CKLNQD1BWP30P140            92    173.880    tcbn28hpcplusbwp30p140ssg0p81v125c       0 
CKMUX2D0BWP30P140          110     97.020    tcbn28hpcplusbwp30p140ssg0p81v125c       0 
CKND1BWP30P140            1167    294.084    tcbn28hpcplusbwp30p140ssg0p81v125c       0 
CKND2BWP30P140               2      0.756    tcbn28hpcplusbwp30p140ssg0p81v125c       0 
CKND2D1BWP30P140           157     59.346    tcbn28hpcplusbwp30p140ssg0p81v125c       0 
CKND4BWP30P140               2      1.260    tcbn28hpcplusbwp30p140ssg0p81v125c       0 
DFCND1BWP30P140             26     65.520    tcbn28hpcplusbwp30p140ssg0p81v125c       0 
DFCNQD1BWP30P140          1334   3025.512    tcbn28hpcplusbwp30p140ssg0p81v125c       0 
DFKCND1BWP30P140            95    203.490    tcbn28hpcplusbwp30p140ssg0p81v125c       0 
DFKCNQD2BWP30P140          985   1985.760    tcbn28hpcplusbwp30p140ssg0p81v125c       0 
DFSND1BWP30P140              1      2.394    tcbn28hpcplusbwp30p140ssg0p81v125c       0 
DFSNQD2BWP30P140             3      6.804    tcbn28hpcplusbwp30p140ssg0p81v125c       0 
EDFCND1BWP30P140             3      9.072    tcbn28hpcplusbwp30p140ssg0p81v125c       0 
EDFCNQD1BWP30P140            3      8.694    tcbn28hpcplusbwp30p140ssg0p81v125c       0 
FA1D1BWP30P140            3555   7614.810    tcbn28hpcplusbwp30p140ssg0p81v125c       0 
FA1OPTCD1BWP30P140          11     27.720    tcbn28hpcplusbwp30p140ssg0p81v125c       0 
HA1D1BWP30P140             356    583.128    tcbn28hpcplusbwp30p140ssg0p81v125c       0 
IAO21D0BWP30P140             1      0.630    tcbn28hpcplusbwp30p140ssg0p81v125c       0 
IAO21D1BWP30P140             1      0.630    tcbn28hpcplusbwp30p140ssg0p81v125c       0 
IND2D1BWP30P140             29     14.616    tcbn28hpcplusbwp30p140ssg0p81v125c       0 
IND2D2BWP30P140              1      0.756    tcbn28hpcplusbwp30p140ssg0p81v125c       0 
IND3D1BWP30P140              9      5.670    tcbn28hpcplusbwp30p140ssg0p81v125c       0 
IND4D1BWP30P140              6      4.536    tcbn28hpcplusbwp30p140ssg0p81v125c       0 
INR2D1BWP30P140            255    128.520    tcbn28hpcplusbwp30p140ssg0p81v125c       0 
INR2D2BWP30P140              1      0.756    tcbn28hpcplusbwp30p140ssg0p81v125c       0 
INR2D4BWP30P140              1      1.386    tcbn28hpcplusbwp30p140ssg0p81v125c       0 
INR2D6BWP30P140              1      1.890    tcbn28hpcplusbwp30p140ssg0p81v125c       0 
INR3D0BWP30P140             11      6.930    tcbn28hpcplusbwp30p140ssg0p81v125c       0 
INR4D0BWP30P140              4      3.024    tcbn28hpcplusbwp30p140ssg0p81v125c       0 
INVD0P7BWP30P140            24      6.048    tcbn28hpcplusbwp30p140ssg0p81v125c       0 
INVD12BWP30P140              1      1.638    tcbn28hpcplusbwp30p140ssg0p81v125c       0 
INVD3BWP30P140               3      1.512    tcbn28hpcplusbwp30p140ssg0p81v125c       0 
INVD8BWP30P140               1      1.134    tcbn28hpcplusbwp30p140ssg0p81v125c       0 
INVD9BWP30P140               1      1.260    tcbn28hpcplusbwp30p140ssg0p81v125c       0 
IOA21D1BWP30P140           953    600.390    tcbn28hpcplusbwp30p140ssg0p81v125c       0 
MAOI222D1BWP30P140          15     11.340    tcbn28hpcplusbwp30p140ssg0p81v125c       0 
MAOI22D1BWP30P140            3      2.268    tcbn28hpcplusbwp30p140ssg0p81v125c       0 
MOAI22D1BWP30P140            2      1.512    tcbn28hpcplusbwp30p140ssg0p81v125c       0 
MUX2D0BWP30P140              8      7.056    tcbn28hpcplusbwp30p140ssg0p81v125c       0 
MUX2NUD1BWP30P140            1      0.756    tcbn28hpcplusbwp30p140ssg0p81v125c       0 
ND2D1BWP30P140              96     36.288    tcbn28hpcplusbwp30p140ssg0p81v125c       0 
ND2D2BWP30P140               3      1.890    tcbn28hpcplusbwp30p140ssg0p81v125c       0 
ND2OPTIBD1BWP30P140         18      6.804    tcbn28hpcplusbwp30p140ssg0p81v125c       0 
ND3D1BWP30P140              91     45.864    tcbn28hpcplusbwp30p140ssg0p81v125c       0 
ND3D1P5BWP30P140             1      0.882    tcbn28hpcplusbwp30p140ssg0p81v125c       0 
ND4D1BWP30P140               2      1.260    tcbn28hpcplusbwp30p140ssg0p81v125c       0 
NR2D1BWP30P140              30     11.340    tcbn28hpcplusbwp30p140ssg0p81v125c       0 
NR2D3BWP30P140               1      0.882    tcbn28hpcplusbwp30p140ssg0p81v125c       0 
NR2OPTIBD1BWP30P140         69     26.082    tcbn28hpcplusbwp30p140ssg0p81v125c       0 
NR3D0BWP30P140              21     10.584    tcbn28hpcplusbwp30p140ssg0p81v125c       0 
NR3D0P7BWP30P140            48     24.192    tcbn28hpcplusbwp30p140ssg0p81v125c       0 
NR4D0BWP30P140              24     15.120    tcbn28hpcplusbwp30p140ssg0p81v125c       0 
OA21D1BWP30P140              4      2.520    tcbn28hpcplusbwp30p140ssg0p81v125c       0 
OAI211D1BWP30P140            1      0.630    tcbn28hpcplusbwp30p140ssg0p81v125c       0 
OAI21D1BWP30P140           162     81.648    tcbn28hpcplusbwp30p140ssg0p81v125c       0 
OAI222D1BWP30P140           24     24.192    tcbn28hpcplusbwp30p140ssg0p81v125c       0 
OAI22D1BWP30P140            24     15.120    tcbn28hpcplusbwp30p140ssg0p81v125c       0 
OAI31D1BWP30P140             4      2.520    tcbn28hpcplusbwp30p140ssg0p81v125c       0 
OAI32D1BWP30P140             2      1.512    tcbn28hpcplusbwp30p140ssg0p81v125c       0 
OAI33D1BWP30P140            12     10.584    tcbn28hpcplusbwp30p140ssg0p81v125c       0 
OR2D0BWP30P140              25     12.600    tcbn28hpcplusbwp30p140ssg0p81v125c       0 
OR2D1BWP30P140              32     16.128    tcbn28hpcplusbwp30p140ssg0p81v125c       0 
OR2D2BWP30P140               1      0.630    tcbn28hpcplusbwp30p140ssg0p81v125c       0 
OR3D1BWP30P140               7      4.410    tcbn28hpcplusbwp30p140ssg0p81v125c       0 
OR4D1BWP30P140              14     10.584    tcbn28hpcplusbwp30p140ssg0p81v125c       0 
XNR2UD1BWP30P140          1363   1202.166    tcbn28hpcplusbwp30p140ssg0p81v125c       0 
XNR3UD1BWP30P140            48     84.672    tcbn28hpcplusbwp30p140ssg0p81v125c       0 
XNR4D1BWP30P140             24     63.504    tcbn28hpcplusbwp30p140ssg0p81v125c       0 
XOR2UD1BWP30P140           244    215.208    tcbn28hpcplusbwp30p140ssg0p81v125c       0 
XOR3D1BWP30P140              1      1.890    tcbn28hpcplusbwp30p140ssg0p81v125c       0 
XOR3UD1BWP30P140            99    174.636    tcbn28hpcplusbwp30p140ssg0p81v125c       0 
XOR4D0BWP30P140             24     63.504    tcbn28hpcplusbwp30p140ssg0p81v125c       0 
----------------------------------------------------------------------------------------
total                    15277  19771.038                                       


                                                        
            Type             Instances    Area   Area % 
--------------------------------------------------------
sequential                        2450  5307.246   26.8 
inverter                          1201   307.692    1.6 
clock_gating_integrated_cell        92   173.880    0.9 
logic                            11534 13982.220   70.7 
physical_cells                       0     0.000    0.0 
--------------------------------------------------------
total                            15277 19771.038  100.0 

