============================================================
  Generated by:           Genus(TM) Synthesis Solution 21.12-s068_1
  Generated on:           Oct 03 2026  09:36:30 am
  Module:                 Conv
  Operating conditions:   ssg0p81v125c 
  Operating conditions:   tt0p9v25c 
  Interconnect mode:      global
  Area mode:              physical library
============================================================


Path 1: MET (227 ps) Late External Delay Assertion at pin p_output_data_write[19]
           View: analysis_view_0p90v_25c_captyp_nominal
          Group: clk
     Startpoint: (R) r_output_write_count_reg[3]/CP
          Clock: (R) clk
       Endpoint: (F) p_output_data_write[19]
          Clock: (R) clk

                     Capture       Launch     
        Clock Edge:+    2000            0     
       Src Latency:+       0            0     
       Net Latency:+       0 (I)        0 (I) 
           Arrival:=    2000            0     
                                              
      Output Delay:-    1000                  
     Required Time:=    1000                  
      Launch Clock:-       0                  
         Data Path:-     773                  
             Slack:=     227                  

Exceptions/Constraints:
  output_delay             1000            tmp_sdc_analysis_vie_line_889 

#-----------------------------------------------------------------------------------------------------------------
#         Timing Point           Flags    Arc   Edge        Cell         Fanout Load Trans Delay Arrival Instance 
#                                                                               (fF)  (ps)  (ps)   (ps)  Location 
#-----------------------------------------------------------------------------------------------------------------
  r_output_write_count_reg[3]/CP -       -      R     (arrival)               4    -     0     0       0    (-,-) 
  r_output_write_count_reg[3]/Q  -       CP->Q  F     DFCNQD1BWP30P140        5  6.2    28    58      58    (-,-) 
  g37897/ZN                      -       A1->ZN R     NR2D1BWP30P140          4  7.0    54    42     100    (-,-) 
  g37937/ZN                      -       A1->ZN R     INR2D4BWP30P140        19 22.5    42    43     142    (-,-) 
  g37755/ZN                      -       I->ZN  F     INVD3BWP30P140         23 26.0    41    34     176    (-,-) 
  g37319/ZN                      -       B1->ZN R     OAI22D1BWP30P140        1  1.4    28    26     202    (-,-) 
  g36698/Z                       -       A3->Z  R     OR4D1BWP30P140          1  3.6    19    30     232    (-,-) 
  add_707_69_g479/CO             -       A->CO  R     FA1OPTCD1BWP30P140      1  2.3    17    40     272    (-,-) 
  add_707_69_g478/CO             -       CI->CO R     FA1D1BWP30P140          1  2.8    18    31     303    (-,-) 
  add_707_69_g477/CO             -       CI->CO R     FA1OPTCD1BWP30P140      1  2.3    17    25     328    (-,-) 
  add_707_69_g476/CO             -       CI->CO R     FA1D1BWP30P140          1  2.8    18    31     359    (-,-) 
  add_707_69_g475/CO             -       CI->CO R     FA1OPTCD1BWP30P140      1  2.8    18    26     386    (-,-) 
  add_707_69_g474/CO             -       CI->CO R     FA1OPTCD1BWP30P140      1  2.8    18    26     412    (-,-) 
  add_707_69_g473/CO             -       CI->CO R     FA1OPTCD1BWP30P140      1  2.3    17    25     437    (-,-) 
  add_707_69_g472/CO             -       CI->CO R     FA1D1BWP30P140          1  2.8    18    31     468    (-,-) 
  add_707_69_g471/CO             -       CI->CO R     FA1OPTCD1BWP30P140      1  2.8    18    26     494    (-,-) 
  add_707_69_g470/CO             -       CI->CO R     FA1OPTCD1BWP30P140      1  2.8    18    26     521    (-,-) 
  add_707_69_g469/CO             -       CI->CO R     FA1OPTCD1BWP30P140      1  2.8    18    26     547    (-,-) 
  add_707_69_g468/CO             -       CI->CO R     FA1OPTCD1BWP30P140      1  2.8    18    26     574    (-,-) 
  add_707_69_g467/CO             -       CI->CO R     FA1OPTCD1BWP30P140      1  2.3    17    25     599    (-,-) 
  add_707_69_g466/CO             -       CI->CO R     FA1D1BWP30P140          1  2.3    17    30     628    (-,-) 
  add_707_69_g465/CO             -       CI->CO R     FA1D1BWP30P140          1  2.3    17    30     658    (-,-) 
  add_707_69_g464/CO             -       CI->CO R     FA1D1BWP30P140          1  2.3    17    30     687    (-,-) 
  add_707_69_g463/CO             -       CI->CO R     FA1D1BWP30P140          1  1.6    14    27     715    (-,-) 
  g39898/Z                       -       A1->Z  F     XOR3D1BWP30P140         1  5.0    25    58     773    (-,-) 
  p_output_data_write[19]        <<<     -      F     (port)                  -    -     -     0     773    (-,-) 
#-----------------------------------------------------------------------------------------------------------------


