============================================================
  Generated by:           Genus(TM) Synthesis Solution 21.12-s068_1
  Generated on:           Jan 23 2026  10:09:23 pm
  Module:                 System
  Library domain:         timing_cond_0p81v_125c
    Domain index:         0
    Technology library:   tcbn28hpcplusbwp30p140ssg0p81v125c 110
  Operating conditions:   ssg0p81v125c 
  Interconnect mode:      global
  Area mode:              physical library
============================================================

       Instance         Module   Cell Count  Cell Area  Net Area   Total Area 
------------------------------------------------------------------------------
System                                12727  13478.094  7003.257    20481.351 
  conv                Conv            12727  13478.094  6484.274    19962.368 
    genblk1[0].multip Multip            647    617.526   270.801      888.327 
    genblk1[1].multip Multip_70         641    616.644   265.090      881.734 
    genblk1[2].multip Multip_69         643    616.896   265.717      882.613 
    genblk1[3].multip Multip_68         641    616.140   265.213      881.353 
    genblk1[4].multip Multip_67         643    616.392   266.461      882.853 
    genblk1[5].multip Multip_66         603    605.934   255.802      861.736 
    inv               Inverse          1062   2236.248   498.874     2735.122 
      matrix_a0       MatrixA0          360    755.244   131.675      886.919 
      matrix_a1       MatrixA1          702   1481.004   254.269     1735.273 
    mux_mult          MuxMult            23     22.806     5.000       27.806 
    trf               Transform        2275   2946.888   774.533     3721.421 
      matrix_c0       MatrixC0          905   1301.580   321.296     1622.876 
      matrix_c1       MatrixC1         1370   1645.308   422.966     2068.274 
