============================================================
  Generated by:           Genus(TM) Synthesis Solution 21.12-s068_1
  Generated on:           Sep 13 2026  06:13:38 pm
  Module:                 Conv
  Library domain:         timing_cond_0p81v_125c
    Domain index:         0
    Technology library:   tcbn28hpcplusbwp30p140ssg0p81v125c 110
  Operating conditions:   ssg0p81v125c 
  Interconnect mode:      global
  Area mode:              physical library
============================================================

                                                                                Library 
        Gate         Instances    Area                   Library                 Domain 
----------------------------------------------------------------------------------------
AN2D1BWP30P140               7      3.528    tcbn28hpcplusbwp30p140ssg0p81v125c       0 
AN2D2BWP30P140               2      1.260    tcbn28hpcplusbwp30p140ssg0p81v125c       0 
AN2D4BWP30P140               3      3.402    tcbn28hpcplusbwp30p140ssg0p81v125c       0 
AN3D1BWP30P140               9      5.670    tcbn28hpcplusbwp30p140ssg0p81v125c       0 
AN4D1BWP30P140              32     24.192    tcbn28hpcplusbwp30p140ssg0p81v125c       0 
AO211D1BWP30P140             4      3.024    tcbn28hpcplusbwp30p140ssg0p81v125c       0 
AO21D0BWP30P140              2      1.260    tcbn28hpcplusbwp30p140ssg0p81v125c       0 
AO21D1BWP30P140              9      5.670    tcbn28hpcplusbwp30p140ssg0p81v125c       0 
AO22D0BWP30P140           1224    925.344    tcbn28hpcplusbwp30p140ssg0p81v125c       0 
AO22D1BWP30P140              5      4.410    tcbn28hpcplusbwp30p140ssg0p81v125c       0 
AO22D2BWP30P140              3      3.024    tcbn28hpcplusbwp30p140ssg0p81v125c       0 
AO22D4BWP30P140              2      3.528    tcbn28hpcplusbwp30p140ssg0p81v125c       0 
AOI211D1BWP30P140           10      6.300    tcbn28hpcplusbwp30p140ssg0p81v125c       0 
AOI21D0P7BWP30P140          41     20.664    tcbn28hpcplusbwp30p140ssg0p81v125c       0 
AOI21D1BWP30P140            33     16.632    tcbn28hpcplusbwp30p140ssg0p81v125c       0 
AOI221D1BWP30P140          758    573.048    tcbn28hpcplusbwp30p140ssg0p81v125c       0 
AOI222D1BWP30P140           50     50.400    tcbn28hpcplusbwp30p140ssg0p81v125c       0 
AOI22D1BWP30P140           213    134.190    tcbn28hpcplusbwp30p140ssg0p81v125c       0 
AOI31D1BWP30P140             2      1.260    tcbn28hpcplusbwp30p140ssg0p81v125c       0 
AOI32D1BWP30P140             3      2.268    tcbn28hpcplusbwp30p140ssg0p81v125c       0 
BUFFD3BWP30P140              1      0.630    tcbn28hpcplusbwp30p140ssg0p81v125c       0 
CKAN2D1BWP30P140           159     80.136    tcbn28hpcplusbwp30p140ssg0p81v125c       0 
CKLNQD1BWP30P140            23     43.470    tcbn28hpcplusbwp30p140ssg0p81v125c       0 
CKMUX2D0BWP30P140          217    191.394    tcbn28hpcplusbwp30p140ssg0p81v125c       0 
CKMUX2D1BWP30P140            3      3.024    tcbn28hpcplusbwp30p140ssg0p81v125c       0 
CKND1BWP30P140             822    207.144    tcbn28hpcplusbwp30p140ssg0p81v125c       0 
CKND2BWP30P140               3      1.134    tcbn28hpcplusbwp30p140ssg0p81v125c       0 
CKND2D1BWP30P140           174     65.772    tcbn28hpcplusbwp30p140ssg0p81v125c       0 
DFCND1BWP30P140             18     45.360    tcbn28hpcplusbwp30p140ssg0p81v125c       0 
DFCNQD1BWP30P140           441   1000.188    tcbn28hpcplusbwp30p140ssg0p81v125c       0 
DFCNQD2BWP30P140             9     23.814    tcbn28hpcplusbwp30p140ssg0p81v125c       0 
DFCNQD4BWP30P140            19     55.062    tcbn28hpcplusbwp30p140ssg0p81v125c       0 
DFSND1BWP30P140              2      4.788    tcbn28hpcplusbwp30p140ssg0p81v125c       0 
DFSNQD2BWP30P140             1      2.268    tcbn28hpcplusbwp30p140ssg0p81v125c       0 
EDFCND1BWP30P140             4     12.096    tcbn28hpcplusbwp30p140ssg0p81v125c       0 
EDFCNQD1BWP30P140            7     20.286    tcbn28hpcplusbwp30p140ssg0p81v125c       0 
FA1D0BWP30P140            1179   2525.418    tcbn28hpcplusbwp30p140ssg0p81v125c       0 
FA1D1BWP30P140            1218   2608.956    tcbn28hpcplusbwp30p140ssg0p81v125c       0 
FA1D2BWP30P140               1      2.394    tcbn28hpcplusbwp30p140ssg0p81v125c       0 
FA1D4BWP30P140              10     36.540    tcbn28hpcplusbwp30p140ssg0p81v125c       0 
HA1D0BWP30P140             240    393.120    tcbn28hpcplusbwp30p140ssg0p81v125c       0 
HA1D1BWP30P140             227    371.826    tcbn28hpcplusbwp30p140ssg0p81v125c       0 
IAO21D1BWP30P140             1      0.630    tcbn28hpcplusbwp30p140ssg0p81v125c       0 
IND2D0BWP30P140             22     11.088    tcbn28hpcplusbwp30p140ssg0p81v125c       0 
IND2D1BWP30P140             37     18.648    tcbn28hpcplusbwp30p140ssg0p81v125c       0 
IND3D0BWP30P140              6      3.780    tcbn28hpcplusbwp30p140ssg0p81v125c       0 
IND3D1BWP30P140             24     15.120    tcbn28hpcplusbwp30p140ssg0p81v125c       0 
IND4D1BWP30P140              8      6.048    tcbn28hpcplusbwp30p140ssg0p81v125c       0 
INR2D0BWP30P140             21     10.584    tcbn28hpcplusbwp30p140ssg0p81v125c       0 
INR2D1BWP30P140            288    145.152    tcbn28hpcplusbwp30p140ssg0p81v125c       0 
INR2D2BWP30P140              4      3.024    tcbn28hpcplusbwp30p140ssg0p81v125c       0 
INR3D0BWP30P140             16     10.080    tcbn28hpcplusbwp30p140ssg0p81v125c       0 
INR4D0BWP30P140              4      3.024    tcbn28hpcplusbwp30p140ssg0p81v125c       0 
INVD0P7BWP30P140             2      0.504    tcbn28hpcplusbwp30p140ssg0p81v125c       0 
INVD1BWP30P140               8      2.016    tcbn28hpcplusbwp30p140ssg0p81v125c       0 
INVD3BWP30P140               2      1.008    tcbn28hpcplusbwp30p140ssg0p81v125c       0 
INVD6BWP30P140               1      0.882    tcbn28hpcplusbwp30p140ssg0p81v125c       0 
IOA21D1BWP30P140           277    174.510    tcbn28hpcplusbwp30p140ssg0p81v125c       0 
LHQD1BWP30P140             360    453.600    tcbn28hpcplusbwp30p140ssg0p81v125c       0 
LNQD1BWP30P140             300    378.000    tcbn28hpcplusbwp30p140ssg0p81v125c       0 
MAOI222D0BWP30P140           3      2.268    tcbn28hpcplusbwp30p140ssg0p81v125c       0 
MAOI222D1BWP30P140          15     11.340    tcbn28hpcplusbwp30p140ssg0p81v125c       0 
MAOI22D1BWP30P140            3      2.268    tcbn28hpcplusbwp30p140ssg0p81v125c       0 
MOAI22D1BWP30P140           11      8.316    tcbn28hpcplusbwp30p140ssg0p81v125c       0 
MUX2D0BWP30P140             69     60.858    tcbn28hpcplusbwp30p140ssg0p81v125c       0 
MUX2D1BWP30P140             24     24.192    tcbn28hpcplusbwp30p140ssg0p81v125c       0 
MUX2D2BWP30P140             11     12.474    tcbn28hpcplusbwp30p140ssg0p81v125c       0 
MUX2NUD1BWP30P140            8      6.048    tcbn28hpcplusbwp30p140ssg0p81v125c       0 
MUX2OPTD2BWP30P140           1      1.134    tcbn28hpcplusbwp30p140ssg0p81v125c       0 
ND2D1BWP30P140              95     35.910    tcbn28hpcplusbwp30p140ssg0p81v125c       0 
ND2OPTIBD1BWP30P140         13      4.914    tcbn28hpcplusbwp30p140ssg0p81v125c       0 
ND3D1BWP30P140              43     21.672    tcbn28hpcplusbwp30p140ssg0p81v125c       0 
ND4D1BWP30P140               2      1.260    tcbn28hpcplusbwp30p140ssg0p81v125c       0 
NR2D0P7BWP30P140            87     32.886    tcbn28hpcplusbwp30p140ssg0p81v125c       0 
NR2D1BWP30P140              44     16.632    tcbn28hpcplusbwp30p140ssg0p81v125c       0 
NR2D3BWP30P140               1      0.882    tcbn28hpcplusbwp30p140ssg0p81v125c       0 
NR2OPTIBD1BWP30P140         95     35.910    tcbn28hpcplusbwp30p140ssg0p81v125c       0 
NR3D0BWP30P140              17      8.568    tcbn28hpcplusbwp30p140ssg0p81v125c       0 
NR3D0P7BWP30P140            16      8.064    tcbn28hpcplusbwp30p140ssg0p81v125c       0 
NR4D0BWP30P140              34     21.420    tcbn28hpcplusbwp30p140ssg0p81v125c       0 
OA21D0BWP30P140              9      5.670    tcbn28hpcplusbwp30p140ssg0p81v125c       0 
OA21D1BWP30P140              6      3.780    tcbn28hpcplusbwp30p140ssg0p81v125c       0 
OAI211D1BWP30P140           22     13.860    tcbn28hpcplusbwp30p140ssg0p81v125c       0 
OAI21D0BWP30P140            35     17.640    tcbn28hpcplusbwp30p140ssg0p81v125c       0 
OAI21D0P7BWP30P140           4      2.016    tcbn28hpcplusbwp30p140ssg0p81v125c       0 
OAI21D1BWP30P140           125     63.000    tcbn28hpcplusbwp30p140ssg0p81v125c       0 
OAI221D1BWP30P140            2      1.764    tcbn28hpcplusbwp30p140ssg0p81v125c       0 
OAI222D1BWP30P140            2      2.016    tcbn28hpcplusbwp30p140ssg0p81v125c       0 
OAI22D1BWP30P140            10      6.300    tcbn28hpcplusbwp30p140ssg0p81v125c       0 
OAI31D0BWP30P140             7      4.410    tcbn28hpcplusbwp30p140ssg0p81v125c       0 
OAI31D1BWP30P140             2      1.260    tcbn28hpcplusbwp30p140ssg0p81v125c       0 
OAI32D1BWP30P140             3      2.268    tcbn28hpcplusbwp30p140ssg0p81v125c       0 
OAI33D1BWP30P140             8      7.056    tcbn28hpcplusbwp30p140ssg0p81v125c       0 
OR2D0BWP30P140              24     12.096    tcbn28hpcplusbwp30p140ssg0p81v125c       0 
OR2D1BWP30P140              44     22.176    tcbn28hpcplusbwp30p140ssg0p81v125c       0 
OR3D1BWP30P140               3      1.890    tcbn28hpcplusbwp30p140ssg0p81v125c       0 
XNR2UD0BWP30P140            20     17.640    tcbn28hpcplusbwp30p140ssg0p81v125c       0 
XNR2UD1BWP30P140           910    802.620    tcbn28hpcplusbwp30p140ssg0p81v125c       0 
XNR3UD0BWP30P140            27     47.628    tcbn28hpcplusbwp30p140ssg0p81v125c       0 
XNR3UD1BWP30P140            18     31.752    tcbn28hpcplusbwp30p140ssg0p81v125c       0 
XNR4D1BWP30P140             17     44.982    tcbn28hpcplusbwp30p140ssg0p81v125c       0 
XOR2UD0BWP30P140            52     45.864    tcbn28hpcplusbwp30p140ssg0p81v125c       0 
XOR2UD1BWP30P140           167    147.294    tcbn28hpcplusbwp30p140ssg0p81v125c       0 
XOR3UD0BWP30P140            15     26.460    tcbn28hpcplusbwp30p140ssg0p81v125c       0 
XOR3UD1BWP30P140            14     24.696    tcbn28hpcplusbwp30p140ssg0p81v125c       0 
XOR4D0BWP30P140             14     37.044    tcbn28hpcplusbwp30p140ssg0p81v125c       0 
XOR4D1BWP30P140              2      5.292    tcbn28hpcplusbwp30p140ssg0p81v125c       0 
----------------------------------------------------------------------------------------
total                    10725  12437.082                                       


                                                        
            Type             Instances    Area   Area % 
--------------------------------------------------------
sequential                        1161  1995.462   16.0 
inverter                           838   212.688    1.7 
buffer                               1     0.630    0.0 
clock_gating_integrated_cell        23    43.470    0.3 
logic                             8702 10184.832   81.9 
physical_cells                       0     0.000    0.0 
--------------------------------------------------------
total                            10725 12437.082  100.0 

