============================================================
  Generated by:           Genus(TM) Synthesis Solution 21.12-s068_1
  Generated on:           Sep 13 2026  08:21:29 pm
  Module:                 Conv
  Operating conditions:   ssg0p81v125c 
  Operating conditions:   tt0p9v25c 
  Operating conditions:   ffg0p99vm40c 
  Interconnect mode:      global
  Area mode:              physical library
============================================================


Path 1: MET (420 ps) Late External Delay Assertion at pin p_input_addr[15]
           View: analysis_view_0p99v_m40c_capbst_fastest
          Group: clk
     Startpoint: (R) st_input_current_reg[3]/CP
          Clock: (R) clk
       Endpoint: (R) p_input_addr[15]
          Clock: (R) clk

                     Capture       Launch     
        Clock Edge:+    2000            0     
       Src Latency:+       0            0     
       Net Latency:+       0 (I)        0 (I) 
           Arrival:=    2000            0     
                                              
      Output Delay:-    1000                  
     Required Time:=    1000                  
      Launch Clock:-       0                  
         Data Path:-     580                  
             Slack:=     420                  

Exceptions/Constraints:
  output_delay             1000            tmp_sdc_analysis_vie_1_line_199 

#-----------------------------------------------------------------------------------------------------------
#       Timing Point         Flags    Arc   Edge       Cell        Fanout Load Trans Delay Arrival Instance 
#                                                                         (fF)  (ps)  (ps)   (ps)  Location 
#-----------------------------------------------------------------------------------------------------------
  st_input_current_reg[3]/CP -       -      R     (arrival)             3    -     0     0       0    (-,-) 
  st_input_current_reg[3]/Q  -       CP->Q  R     DFCND1BWP30P140       9 10.7    38    52      52    (-,-) 
  g23259/ZN                  -       A1->ZN F     NR2D1BWP30P140        2  2.8    18    14      66    (-,-) 
  g23254/ZN                  -       A2->ZN R     ND2D1BWP30P140        7  8.5    31    24      91    (-,-) 
  g26851/Z                   -       A1->Z  R     CKAN2D1BWP30P140     18 22.0    73    54     145    (-,-) 
  g26688/ZN                  -       A1->ZN F     AOI22D1BWP30P140      2  2.8    38    23     168    (-,-) 
  g26605/ZN                  -       A2->ZN R     NR2D1BWP30P140        4  5.2    35    31     199    (-,-) 
  g26367/ZN                  -       A1->ZN R     INR2D1BWP30P140       3  4.0    30    27     226    (-,-) 
  g26321/ZN                  -       A1->ZN R     INR2D1BWP30P140       3  4.0    30    26     252    (-,-) 
  g26293/ZN                  -       A1->ZN R     INR2D1BWP30P140       3  4.0    30    26     278    (-,-) 
  g26264/ZN                  -       A1->ZN R     INR2D1BWP30P140       3  4.0    30    26     305    (-,-) 
  g26248/ZN                  -       A1->ZN R     INR2D1BWP30P140       3  4.0    30    26     331    (-,-) 
  g26243/ZN                  -       A1->ZN R     INR2D1BWP30P140       3  4.0    30    26     358    (-,-) 
  g26236/ZN                  -       A1->ZN R     INR2D1BWP30P140       3  4.0    30    26     384    (-,-) 
  g26225/ZN                  -       A1->ZN R     INR2D1BWP30P140       3  4.0    30    26     410    (-,-) 
  g26217/ZN                  -       A1->ZN R     INR2D1BWP30P140       3  4.0    30    26     437    (-,-) 
  g26209/ZN                  -       A1->ZN R     INR2D1BWP30P140       3  4.0    30    26     463    (-,-) 
  g26203/ZN                  -       A1->ZN R     INR2D1BWP30P140       3  4.0    30    26     490    (-,-) 
  g26197/ZN                  -       A1->ZN R     INR2D1BWP30P140       3  4.0    30    26     516    (-,-) 
  g26190/ZN                  -       A1->ZN R     INR2D1BWP30P140       2  2.9    25    23     539    (-,-) 
  g26186/ZN                  -       A1->ZN F     AOI22D1BWP30P140      1  1.8    38    15     554    (-,-) 
  g26185/ZN                  -       B->ZN  R     OAI21D1BWP30P140      1  5.2    34    26     579    (-,-) 
  p_input_addr[15]           <<<     -      R     (port)                -    -     -     0     580    (-,-) 
#-----------------------------------------------------------------------------------------------------------


