Device Grade = extended
Process Type = maximum
Junction Temp = 25.8 (C)
Ambient Temp = 25.0 (C)
ThetaJa = 0.98
ThetaSa = 1.5 (C/W)
ThetaJb = 2.4 (C/W)
Airflow = 250 (LFM)
Heat Sink Type = medium (Medium Profile)
Board Type = medium (10"x10")
Board Temp = 25.0 (C)
Number Of Board Layers = 12to15 (12 to 15 Layers)
Vccint = 0.850 V
Vccint_io = 0.850 V
Vccbram = 0.850 V
Vccaux = 1.800 V
Vccaux_io = 1.800 V
Vcco33 = 3.300 V
Vcco25 = 2.500 V
Vcco18 = 1.800 V
Vcco15 = 1.500 V
Vcco135 = 1.350 V
Vcco12 = 1.200 V
Vcco10 = 1.000 V
Vccadc = 1.800 V
VCC_PSINTFP = 0.850 V
VCC_PSINTLP = 0.850 V
VPS_MGTRAVCC = 0.850 V
VCC_PSINTFP_DDR = 0.850 V
VCC_PSPLL = 1.200 V
VPS_MGTRAVTT = 1.800 V
VCCO_PSDDR_504 = 1.200 V
VCC_PSAUX = 1.800 V
VCC_PSBATT = 1.200 V
VCC_PSDDR_PLL = 1.800 V
VCCO_PSIO0_500 = 3.300 V
VCCO_PSIO1_501 = 3.300 V
VCCO_PSIO2_502 = 3.300 V
VCCO_PSIO3_503 = 3.300 V
VCC_PSADC = 1.800 V
VCCINT_VCU = 0.900 V
MGTAVcc = 0.900 V
MGTAVtt = 1.200 V
MGTVccaux = 1.800 V
{{Vccint 0.825V 0.850V 0.875V}
 {Vccint_io 0.825V 0.850V 0.875V}
 {Vccbram 0.825V 0.850V 0.875V}
 {Vccaux 1.746V 1.800V 1.854V}
 {Vccaux_io 1.746V 1.800V 1.854V}
 {Vcco33 3.201V 3.300V 3.399V}
 {Vcco25 2.425V 2.500V 2.575V}
 {Vcco18 1.746V 1.800V 1.854V}
 {Vcco15 1.455V 1.500V 1.545V}
 {Vcco135 1.310V 1.350V 1.391V}
 {Vcco12 1.164V 1.200V 1.236V}
 {Vcco10 0.970V 1.000V 1.030V}
 {Vccadc 1.746V 1.800V 1.854V}
 {VCC_PSINTFP 0.808V 0.850V 0.892V}
 {VCC_PSINTLP 0.808V 0.850V 0.892V}
 {VPS_MGTRAVCC 0.825V 0.850V 0.875V}
 {VCC_PSINTFP_DDR 0.808V 0.850V 0.892V}
 {VCC_PSPLL 1.164V 1.200V 1.236V}
 {VPS_MGTRAVTT 1.746V 1.800V 1.854V}
 {VCCO_PSDDR_504 1.060V 1.200V 1.575V}
 {VCC_PSAUX 1.710V 1.800V 1.890V}
 {VCC_PSBATT 1.200V 1.200V 1.500V}
 {VCC_PSDDR_PLL 1.710V 1.800V 1.890V}
 {VCCO_PSIO0_500 3.135V 3.300V 3.465V}
 {VCCO_PSIO1_501 3.135V 3.300V 3.465V}
 {VCCO_PSIO2_502 3.135V 3.300V 3.465V}
 {VCCO_PSIO3_503 3.135V 3.300V 3.465V}
 {VCC_PSADC 1.710V 1.800V 1.890V}
 {VCCINT_VCU 0.873V 0.900V 0.927V}
 {MGTAVcc 0.873V 0.900V 0.927V}
 {MGTAVtt 1.164V 1.200V 1.236V}
 {MGTVccaux 1.746V 1.800V 1.854V}}
Design Power Budget = Unspecified
Supply Current Budget: Vccint = Unspecified
Supply Current Budget: Vccint_io = Unspecified
Supply Current Budget: Vccbram = Unspecified
Supply Current Budget: Vccaux = Unspecified
Supply Current Budget: Vccaux_io = Unspecified
Supply Current Budget: Vcco33 = Unspecified
Supply Current Budget: Vcco25 = Unspecified
Supply Current Budget: Vcco18 = Unspecified
Supply Current Budget: Vcco15 = Unspecified
Supply Current Budget: Vcco135 = Unspecified
Supply Current Budget: Vcco12 = Unspecified
Supply Current Budget: Vcco10 = Unspecified
Supply Current Budget: Vccadc = Unspecified
Supply Current Budget: VCC_PSINTFP = Unspecified
Supply Current Budget: VCC_PSINTLP = Unspecified
Supply Current Budget: VPS_MGTRAVCC = Unspecified
Supply Current Budget: VCC_PSINTFP_DDR = Unspecified
Supply Current Budget: VCC_PSPLL = Unspecified
Supply Current Budget: VPS_MGTRAVTT = Unspecified
Supply Current Budget: VCCO_PSDDR_504 = Unspecified
Supply Current Budget: VCC_PSAUX = Unspecified
Supply Current Budget: VCC_PSBATT = Unspecified
Supply Current Budget: VCC_PSDDR_PLL = Unspecified
Supply Current Budget: VCCO_PSIO0_500 = Unspecified
Supply Current Budget: VCCO_PSIO1_501 = Unspecified
Supply Current Budget: VCCO_PSIO2_502 = Unspecified
Supply Current Budget: VCCO_PSIO3_503 = Unspecified
Supply Current Budget: VCC_PSADC = Unspecified
Supply Current Budget: VCCINT_VCU = Unspecified
Supply Current Budget: MGTAVcc = Unspecified
Supply Current Budget: MGTAVtt = Unspecified
Supply Current Budget: MGTVccaux = Unspecified
