============================================================
  Generated by:           Genus(TM) Synthesis Solution 21.12-s068_1
  Generated on:           Jan 18 2026  05:56:29 pm
  Module:                 System
  Operating conditions:   ssg0p81v125c 
  Operating conditions:   tt0p9v25c 
  Interconnect mode:      global
  Area mode:              physical library
============================================================


Path 1: MET (212 ps) Late External Delay Assertion at pin p_output_data_write[19]
           View: analysis_view_0p90v_25c_captyp_nominal
          Group: clk
     Startpoint: (R) control/r_addr_count_write_out_reg[1]/CP
          Clock: (R) clk
       Endpoint: (F) p_output_data_write[19]
          Clock: (R) clk

                     Capture       Launch     
        Clock Edge:+    2000            0     
       Src Latency:+       0            0     
       Net Latency:+       0 (I)        0 (I) 
           Arrival:=    2000            0     
                                              
      Output Delay:-    1000                  
     Required Time:=    1000                  
      Launch Clock:-       0                  
         Data Path:-     788                  
             Slack:=     212                  

Exceptions/Constraints:
  output_delay             1000            tmp_sdc_analysis_vie_line_785 

#---------------------------------------------------------------------------------------------------------------------------
#              Timing Point                Flags    Arc   Edge        Cell         Fanout Load Trans Delay Arrival Instance 
#                                                                                         (fF)  (ps)  (ps)   (ps)  Location 
#---------------------------------------------------------------------------------------------------------------------------
  control/r_addr_count_write_out_reg[1]/CP -       -      R     (arrival)               4    -     0     0       0    (-,-) 
  control/r_addr_count_write_out_reg[1]/Q  -       CP->Q  F     DFKCNQD2BWP30P140       4  4.6    12    51      51    (-,-) 
  control/g36063__6260/ZN                  -       A2->ZN R     NR2D1BWP30P140          3  5.5    43    31      82    (-,-) 
  control/g36036__1617/ZN                  -       A1->ZN F     ND2D2BWP30P140         14 15.1    66    49     131    (-,-) 
  control/g35925/ZN                        -       I->ZN  R     CKND1BWP30P140         27 29.1   138   103     234    (-,-) 
  control/g35273__2802/ZN                  -       B1->ZN F     AOI22D1BWP30P140        1  1.4    48    33     267    (-,-) 
  control/g35213__5526/ZN                  -       A1->ZN R     CKND2D1BWP30P140        1  1.4    22    23     290    (-,-) 
  control/g35169__4733/Z                   -       A4->Z  R     OR4D1BWP30P140          1  2.9    16    26     316    (-,-) 
  control/add_1022_65_g477/CO              -       A->CO  R     FA1D1BWP30P140          1  2.8    18    32     348    (-,-) 
  control/add_1022_65_g476/CO              -       CI->CO R     FA1OPTCD1BWP30P140      1  2.8    19    26     374    (-,-) 
  control/add_1022_65_g475/CO              -       CI->CO R     FA1OPTCD1BWP30P140      1  2.8    18    26     401    (-,-) 
  control/add_1022_65_g474/CO              -       CI->CO R     FA1OPTCD1BWP30P140      1  2.8    18    26     427    (-,-) 
  control/add_1022_65_g473/CO              -       CI->CO R     FA1OPTCD1BWP30P140      1  2.3    17    25     453    (-,-) 
  control/add_1022_65_g472/CO              -       CI->CO R     FA1D1BWP30P140          1  2.8    18    31     483    (-,-) 
  control/add_1022_65_g471/CO              -       CI->CO R     FA1OPTCD1BWP30P140      1  2.8    18    26     510    (-,-) 
  control/add_1022_65_g470/CO              -       CI->CO R     FA1OPTCD1BWP30P140      1  2.8    18    26     536    (-,-) 
  control/add_1022_65_g469/CO              -       CI->CO R     FA1OPTCD1BWP30P140      1  2.8    18    26     563    (-,-) 
  control/add_1022_65_g468/CO              -       CI->CO R     FA1OPTCD1BWP30P140      1  2.8    18    26     589    (-,-) 
  control/add_1022_65_g467/CO              -       CI->CO R     FA1OPTCD1BWP30P140      1  2.3    17    25     614    (-,-) 
  control/add_1022_65_g466/CO              -       CI->CO R     FA1D1BWP30P140          1  2.3    16    30     644    (-,-) 
  control/add_1022_65_g465/CO              -       CI->CO R     FA1D1BWP30P140          1  2.3    16    29     673    (-,-) 
  control/add_1022_65_g464/CO              -       CI->CO R     FA1D1BWP30P140          1  2.3    16    29     703    (-,-) 
  control/add_1022_65_g463/CO              -       CI->CO R     FA1D1BWP30P140          1  1.6    14    27     730    (-,-) 
  control/g36332/Z                         -       A1->Z  F     XOR3D1BWP30P140         1  5.0    25    58     788    (-,-) 
  p_output_data_write[19]                  <<<     -      F     (port)                  -    -     -     0     788    (-,-) 
#---------------------------------------------------------------------------------------------------------------------------


