xrun(64): 23.03-s003: (c) Copyright 1995-2023 Cadence Design Systems, Inc.
TOOL:	xrun(64)	23.03-s003: Started on Sep 28, 2026 at 15:13:03 -03
xrun
	-64bit
	-sv
	-access +r
	-cdslib /tmp/fastconv-stream08-49e2a22b/rtl/conv2x2/fpga_zcu104/stream08_pipeline_campaign/reports/simlibs_unisim/cds.lib
	-hdlvar /tmp/fastconv-stream08-49e2a22b/rtl/conv2x2/fpga_zcu104/stream08_pipeline_campaign/reports/simlibs_unisim/hdl.var
	-reflib /tmp/fastconv-stream08-49e2a22b/rtl/conv2x2/fpga_zcu104/stream08_pipeline_campaign/reports/simlibs_unisim/unisims_ver:unisims_ver
	-define GATE_LEVEL
	-top tb_power
	-top glbl
	-timescale 1ns/1ps
	-input /tmp/fastconv-stream08-49e2a22b/rtl/conv2x2/fpga_zcu104/column_power_comparison/scripts/capture_dut_saif.tcl
	-l xrun.log
	/tmp/fastconv-stream08-49e2a22b/rtl/conv2x2/pack-param/tcn4/pack_param.sv
	/tmp/fastconv-stream08-49e2a22b/rtl/conv2x2/data/tcn4/sim/sim-032-3-3-normal/pack_data.sv
	/tmp/fastconv-stream08-49e2a22b/rtl/mem/mem.sv
	/tmp/fastconv-stream08-49e2a22b/rtl/conv2x2/fpga_zcu104/stream08_pipeline_campaign/reports/wstream4/design_routed_funcsim.v
	/soft64/xilinx/ferramentas/Vivado/2023.2/Vivado/2023.2/data/verilog/src/glbl.v
	/tmp/fastconv-stream08-49e2a22b/rtl/conv2x2/fpga_zcu104/column_power_comparison/tb/tb_power.sv
file: /tmp/fastconv-stream08-49e2a22b/rtl/conv2x2/pack-param/tcn4/pack_param.sv
	package worklib.pack_param:sv
		errors: 0, warnings: 0
file: /tmp/fastconv-stream08-49e2a22b/rtl/conv2x2/data/tcn4/sim/sim-032-3-3-normal/pack_data.sv
	package worklib.pack_data:sv
		errors: 0, warnings: 0
file: /tmp/fastconv-stream08-49e2a22b/rtl/mem/mem.sv
	module worklib.Memory:sv
		errors: 0, warnings: 0
file: /tmp/fastconv-stream08-49e2a22b/rtl/conv2x2/fpga_zcu104/stream08_pipeline_campaign/reports/wstream4/design_routed_funcsim.v
	module worklib.Conv:v
		errors: 0, warnings: 0
	module worklib.MatrixC0:v
		errors: 0, warnings: 0
	module worklib.MatrixC1:v
		errors: 0, warnings: 0
	module worklib.Multip:v
		errors: 0, warnings: 0
	module worklib.Multip_0:v
		errors: 0, warnings: 0
	module worklib.Multip_1:v
		errors: 0, warnings: 0
	module worklib.Multip_2:v
		errors: 0, warnings: 0
	module worklib.Multip_3:v
		errors: 0, warnings: 0
	module worklib.Multip_4:v
		errors: 0, warnings: 0
	module worklib.Multip_5:v
		errors: 0, warnings: 0
	module worklib.Multip_6:v
		errors: 0, warnings: 0
	module worklib.Transform:v
		errors: 0, warnings: 0
	module worklib.glbl:v
		errors: 0, warnings: 0
file: /soft64/xilinx/ferramentas/Vivado/2023.2/Vivado/2023.2/data/verilog/src/glbl.v
file: /tmp/fastconv-stream08-49e2a22b/rtl/conv2x2/fpga_zcu104/column_power_comparison/tb/tb_power.sv
	module worklib.tb_power:sv
		errors: 0, warnings: 0
	Elaborating the design hierarchy:
		Caching library 'worklib' ....... Done
		Caching library 'unisims_ver' ....... Done
xmelab: *W,CUSRCH: Resolved design unit 'BUFGCE' at 'clk_IBUF_BUFG_inst' to 'unisims_ver.BUFGCE:module' through a global search of all libraries.
xmelab: *W,CUSRCH: Resolved design unit 'IBUF' at 'clk_IBUF_inst' to 'unisims_ver.IBUF:module' through a global search of all libraries.
xmelab: *W,CUSRCH: Resolved design unit 'LUT2' at 'i__carry__0_i_1__3' to 'unisims_ver.LUT2:module' through a global search of all libraries.
xmelab: *W,CUSRCH: Resolved design unit 'x_lut2_mux4' at '' to 'unisims_ver.x_lut2_mux4:udp' through a global search of all libraries.
xmelab: *W,CUSRCH: Resolved design unit 'DSP48E2' at 'partial_product' to 'unisims_ver.DSP48E2:module' through a global search of all libraries.
xmelab: *W,CUSRCH: Resolved design unit 'CARRY8' at 'partial_product__0_carry' to 'unisims_ver.CARRY8:module' through a global search of all libraries.
xmelab: *W,CUSRCH: Resolved design unit 'LUT6' at 'partial_product__0_carry__0_i_1__3' to 'unisims_ver.LUT6:module' through a global search of all libraries.
xmelab: *W,CUSRCH: Resolved design unit 'LUT3' at 'partial_product__0_carry__0_i_3__3' to 'unisims_ver.LUT3:module' through a global search of all libraries.
xmelab: *W,CUSRCH: Resolved design unit 'x_lut3_mux8' at '' to 'unisims_ver.x_lut3_mux8:udp' through a global search of all libraries.
xmelab: *W,CUSRCH: Resolved design unit 'LUT5' at 'partial_product__0_carry__0_i_7__3' to 'unisims_ver.LUT5:module' through a global search of all libraries.
xmelab: *W,CUSRCH: Resolved design unit 'LUT4' at 'partial_product__0_carry_i_14__3' to 'unisims_ver.LUT4:module' through a global search of all libraries.
xmelab: *W,CUSRCH: Resolved design unit 'OBUF' at 'p_end_OBUF_inst' to 'unisims_ver.OBUF:module' through a global search of all libraries.
xmelab: *W,CUSRCH: Resolved design unit 'FDCE' at 'r_conv_multiply_count_reg[0]' to 'unisims_ver.FDCE:module' through a global search of all libraries.
xmelab: *W,CUSRCH: Resolved design unit 'LUT1' at 'r_input_addr_count[0]_i_1' to 'unisims_ver.LUT1:module' through a global search of all libraries.
xmelab: *W,CUSRCH: Resolved design unit 'x_lut1_mux2' at '' to 'unisims_ver.x_lut1_mux2:udp' through a global search of all libraries.
xmelab: *W,CUSRCH: Resolved design unit 'FDPE' at 'r_input_channel_counter_input_reg[0]' to 'unisims_ver.FDPE:module' through a global search of all libraries.
xmelab: *W,CUSRCH: Resolved design unit 'FDRE' at 'r_output_read_reg[0][0]' to 'unisims_ver.FDRE:module' through a global search of all libraries.
	Top level design units:
		pack_data
		pack_param
		tb_power
		glbl
	Building instance overlay tables: .................... Done
	Generating native compiled code:
		worklib.Memory:sv <0x4d3301c1>
			streams:   7, words:  3545
		worklib.Memory:sv <0x5ce70ee6>
			streams:   6, words:  2805
		worklib.MatrixC1:v <0x55c2d842>
			streams:  40, words:  9104
		worklib.MatrixC0:v <0x0dcf43f1>
			streams:  24, words:  5274
		worklib.Transform:v <0x04e6c03a>
			streams:   0, words:     0
		worklib.Multip_6:v <0x460cceff>
			streams:   5, words:  1698
		worklib.Multip_5:v <0x5bc2a6d3>
			streams:   7, words:  2179
		worklib.Multip_4:v <0x7b6e3c00>
			streams:   7, words:  2179
		worklib.Multip_3:v <0x49787352>
			streams:   5, words:  1698
		worklib.Multip_2:v <0x453056ce>
			streams:   5, words:  1698
		worklib.Multip_1:v <0x37266307>
			streams:   7, words:  2179
		worklib.Multip_0:v <0x79a55314>
			streams:   7, words:  2179
		worklib.Multip:v <0x0d42b9f5>
			streams:   5, words:  1698
		worklib.Conv:v <0x2277a148>
			streams: 137, words: 32396
		worklib.tb_power:sv <0x601afd75>
			streams:  36, words: 17834
		worklib.pack_data:sv <0x380ff8f7>
			streams:   5, words:  3736
		worklib.pack_param:sv <0x58603bfe>
			streams:   1, words:   708
		worklib.glbl:v <0x3a6ea307>
			streams:  12, words:  3717
		unisims_ver.LUT6:module <0x5a41c1e0>
			streams:   4, words: 36075
		unisims_ver.LUT6:module <0x3beaa2d4>
			streams:   4, words: 36075
		unisims_ver.LUT6:module <0x09e18737>
			streams:   4, words: 36075
		unisims_ver.LUT4:module <0x111c66f4>
			streams:   4, words:  9137
		unisims_ver.LUT5:module <0x1de8c5f7>
			streams:   5, words: 20986
		unisims_ver.LUT6:module <0x6f3a3047>
			streams:   4, words: 36075
		unisims_ver.LUT6:module <0x793c5acd>
			streams:   4, words: 36075
		unisims_ver.LUT6:module <0x7ce2be95>
			streams:   4, words: 36075
		unisims_ver.LUT6:module <0x39560ec3>
			streams:   4, words: 36075
		unisims_ver.LUT6:module <0x1dec33b4>
			streams:   4, words: 36075
		unisims_ver.LUT3:module <0x5050e191>
			streams:   2, words:   898
		unisims_ver.LUT5:module <0x7f1ba7f8>
			streams:   5, words: 20992
		unisims_ver.LUT6:module <0x693557a3>
			streams:   4, words: 36075
		unisims_ver.LUT6:module <0x76135787>
			streams:   4, words: 36075
		unisims_ver.LUT4:module <0x6ba8e05d>
			streams:   4, words:  9134
		unisims_ver.LUT6:module <0x06409a43>
			streams:   4, words: 36075
		unisims_ver.LUT6:module <0x0710efa8>
			streams:   4, words: 36075
		unisims_ver.LUT6:module <0x4bd21829>
			streams:   4, words: 36075
		unisims_ver.LUT6:module <0x7de367f7>
			streams:   4, words: 36052
		unisims_ver.LUT3:module <0x526e8130>
			streams:   2, words:   887
		unisims_ver.LUT5:module <0x7be7b395>
			streams:   5, words: 20986
		unisims_ver.LUT6:module <0x3ff1caff>
			streams:   4, words: 36075
		unisims_ver.LUT6:module <0x4fb06da6>
			streams:   4, words: 36075
		unisims_ver.LUT6:module <0x4a79bee9>
			streams:   4, words: 36075
		unisims_ver.LUT6:module <0x765ae70f>
			streams:   4, words: 36052
		unisims_ver.LUT6:module <0x25b942b1>
			streams:   4, words: 36061
		unisims_ver.LUT6:module <0x676c1df5>
			streams:   4, words: 36075
		unisims_ver.LUT6:module <0x4620c1a6>
			streams:   4, words: 36075
		unisims_ver.LUT6:module <0x596c3412>
			streams:   4, words: 36075
		unisims_ver.LUT6:module <0x03ba60c3>
			streams:   4, words: 36075
		unisims_ver.LUT4:module <0x4e6c662a>
			streams:   4, words:  9134
		unisims_ver.LUT5:module <0x60ea05ab>
			streams:   5, words: 20986
		unisims_ver.LUT6:module <0x2332ab30>
			streams:   4, words: 36061
		unisims_ver.LUT6:module <0x36525df7>
			streams:   4, words: 36052
		unisims_ver.LUT5:module <0x6b150e96>
			streams:   5, words: 20983
		unisims_ver.LUT5:module <0x3165f3ea>
			streams:   5, words: 20986
		unisims_ver.LUT6:module <0x7344deb4>
			streams:   4, words: 36075
		unisims_ver.LUT3:module <0x04e948b6>
			streams:   2, words:   887
		unisims_ver.LUT6:module <0x72c45878>
			streams:   4, words: 36075
		unisims_ver.LUT5:module <0x00a797d7>
			streams:   5, words: 20986
		unisims_ver.LUT3:module <0x0a77f071>
			streams:   2, words:   887
		unisims_ver.LUT5:module <0x39a21272>
			streams:   5, words: 20986
		unisims_ver.LUT5:module <0x10be9d59>
			streams:   5, words: 20986
		unisims_ver.LUT5:module <0x7c956786>
			streams:   5, words: 20992
		unisims_ver.LUT5:module <0x59a5fc5b>
			streams:   5, words: 20986
		unisims_ver.LUT5:module <0x7cac374c>
			streams:   5, words: 20986
		unisims_ver.LUT6:module <0x4af24159>
			streams:   4, words: 36075
		unisims_ver.LUT4:module <0x7e5a6fdf>
			streams:   4, words:  9137
		unisims_ver.FDRE:module <0x47e8d405>
			streams:   9, words:  3925
		unisims_ver.LUT5:module <0x00e60dcd>
			streams:   5, words: 20992
		unisims_ver.LUT4:module <0x6d91985e>
			streams:   4, words:  9137
		unisims_ver.LUT5:module <0x58cee3bf>
			streams:   5, words: 20992
		unisims_ver.LUT6:module <0x214e2a26>
			streams:   4, words: 36061
		unisims_ver.LUT6:module <0x678165fb>
			streams:   4, words: 36061
		unisims_ver.LUT3:module <0x54d4c40b>
			streams:   2, words:   879
		unisims_ver.LUT6:module <0x7f228c62>
			streams:   4, words: 36061
		unisims_ver.LUT5:module <0x32d6fa10>
			streams:   5, words: 20986
		unisims_ver.LUT6:module <0x4b35686a>
			streams:   4, words: 36075
		unisims_ver.LUT5:module <0x2c3f0565>
			streams:   5, words: 20986
		unisims_ver.LUT4:module <0x376ebc24>
			streams:   4, words:  9137
		unisims_ver.LUT3:module <0x531ef078>
			streams:   2, words:   886
		unisims_ver.LUT6:module <0x14b3b550>
			streams:   4, words: 36075
		unisims_ver.LUT5:module <0x758ab834>
			streams:   5, words: 20992
		unisims_ver.LUT6:module <0x70d029e2>
			streams:   4, words: 36075
		unisims_ver.LUT6:module <0x3a80490c>
			streams:   4, words: 36075
		unisims_ver.LUT5:module <0x3da17d41>
			streams:   5, words: 20986
		unisims_ver.LUT6:module <0x40964d71>
			streams:   4, words: 36075
		unisims_ver.LUT5:module <0x01041fb3>
			streams:   5, words: 20986
		unisims_ver.LUT6:module <0x209cdca1>
			streams:   4, words: 36075
		unisims_ver.LUT6:module <0x62c5e380>
			streams:   4, words: 36075
		unisims_ver.LUT5:module <0x0fa53162>
			streams:   5, words: 20986
		unisims_ver.LUT5:module <0x201005a5>
			streams:   5, words: 20986
		unisims_ver.LUT6:module <0x474e52bc>
			streams:   4, words: 36075
		unisims_ver.LUT6:module <0x77a97854>
			streams:   4, words: 36075
		unisims_ver.LUT5:module <0x3d355f8f>
			streams:   5, words: 20986
		unisims_ver.LUT6:module <0x5bd3bf9d>
			streams:   4, words: 36075
		unisims_ver.LUT5:module <0x21a01fb7>
			streams:   5, words: 20986
		unisims_ver.LUT5:module <0x2629c9fe>
			streams:   5, words: 20986
		unisims_ver.LUT5:module <0x585899ea>
			streams:   5, words: 20986
		unisims_ver.LUT6:module <0x77ff0f50>
			streams:   4, words: 36061
		unisims_ver.LUT5:module <0x5b5acea7>
			streams:   5, words: 20986
		unisims_ver.LUT6:module <0x18ddabbc>
			streams:   4, words: 36052
		unisims_ver.LUT6:module <0x575e63cb>
			streams:   4, words: 36075
		unisims_ver.LUT5:module <0x086e5e56>
			streams:   5, words: 20986
		unisims_ver.LUT3:module <0x3cd93121>
			streams:   2, words:   883
		unisims_ver.LUT5:module <0x218440e0>
			streams:   5, words: 20986
		unisims_ver.LUT6:module <0x1b1e346b>
			streams:   4, words: 36075
		unisims_ver.LUT6:module <0x58932385>
			streams:   4, words: 36075
		unisims_ver.LUT5:module <0x24bdb733>
			streams:   5, words: 20986
		unisims_ver.LUT5:module <0x1cc0ddca>
			streams:   5, words: 20986
		unisims_ver.LUT4:module <0x4b3c298e>
			streams:   4, words:  9137
		unisims_ver.LUT3:module <0x5fbe281e>
			streams:   2, words:   883
		unisims_ver.LUT4:module <0x64cb7146>
			streams:   4, words:  9134
		unisims_ver.LUT3:module <0x59046d25>
			streams:   2, words:   883
		unisims_ver.LUT4:module <0x10104c60>
			streams:   4, words:  9137
		unisims_ver.LUT5:module <0x20611e47>
			streams:   5, words: 20986
		unisims_ver.CARRY8:module <0x4def4c60>
			streams:  14, words:  6394
		unisims_ver.LUT5:module <0x3449256f>
			streams:   5, words: 20986
		unisims_ver.LUT5:module <0x291bc1cd>
			streams:   5, words: 20986
		unisims_ver.LUT4:module <0x5f7b94d9>
			streams:   4, words:  9137
		unisims_ver.LUT6:module <0x1b076049>
			streams:   4, words: 36075
		unisims_ver.LUT5:module <0x1d93cae7>
			streams:   5, words: 20986
		unisims_ver.LUT5:module <0x41b60363>
			streams:   5, words: 20986
		unisims_ver.LUT6:module <0x3efb7863>
			streams:   4, words: 36075
		unisims_ver.LUT6:module <0x032f60fd>
			streams:   4, words: 36075
		unisims_ver.LUT6:module <0x40e57d70>
			streams:   4, words: 36075
		unisims_ver.LUT6:module <0x50ec0677>
			streams:   4, words: 36075
		unisims_ver.LUT5:module <0x7d5ae028>
			streams:   5, words: 20986
		unisims_ver.LUT5:module <0x6c4f7556>
			streams:   5, words: 20986
		unisims_ver.LUT5:module <0x40434bb9>
			streams:   5, words: 20986
		unisims_ver.LUT6:module <0x2877b5be>
			streams:   4, words: 36075
		unisims_ver.LUT5:module <0x3867159e>
			streams:   5, words: 20986
		unisims_ver.LUT5:module <0x6799ef92>
			streams:   5, words: 20986
		unisims_ver.LUT6:module <0x4e397944>
			streams:   4, words: 36075
		unisims_ver.LUT5:module <0x113d5d82>
			streams:   5, words: 20986
		unisims_ver.LUT6:module <0x6429a77a>
			streams:   4, words: 36075
		unisims_ver.LUT3:module <0x0d798eca>
			streams:   2, words:   879
		unisims_ver.LUT6:module <0x4f0df5cd>
			streams:   4, words: 36075
		unisims_ver.LUT6:module <0x5689794a>
			streams:   4, words: 36075
		unisims_ver.LUT6:module <0x1b659472>
			streams:   4, words: 36075
		unisims_ver.LUT5:module <0x71526c6a>
			streams:   5, words: 20992
		unisims_ver.LUT6:module <0x0e463cfc>
			streams:   4, words: 36075
		unisims_ver.LUT6:module <0x477d8261>
			streams:   4, words: 36075
		unisims_ver.LUT5:module <0x780a3287>
			streams:   5, words: 20986
		unisims_ver.LUT5:module <0x67a70935>
			streams:   5, words: 20992
		unisims_ver.LUT5:module <0x6d329ec1>
			streams:   5, words: 20986
		unisims_ver.LUT5:module <0x7c6d6842>
			streams:   5, words: 20986
		unisims_ver.LUT5:module <0x4e22bcc9>
			streams:   5, words: 20986
		unisims_ver.LUT4:module <0x434e2fef>
			streams:   4, words:  9137
		unisims_ver.LUT4:module <0x1aaa326e>
			streams:   4, words:  9137
		unisims_ver.LUT6:module <0x3fc8607b>
			streams:   4, words: 36075
		unisims_ver.LUT5:module <0x6c0d5607>
			streams:   5, words: 20992
		unisims_ver.LUT6:module <0x7887eb4f>
			streams:   4, words: 36075
		unisims_ver.LUT6:module <0x4329f4f7>
			streams:   4, words: 36075
		unisims_ver.LUT6:module <0x3222ec86>
			streams:   4, words: 36061
		unisims_ver.LUT6:module <0x11148de6>
			streams:   4, words: 36075
		unisims_ver.LUT5:module <0x192f2579>
			streams:   5, words: 20986
		unisims_ver.LUT6:module <0x5486a3ee>
			streams:   4, words: 36075
		unisims_ver.LUT5:module <0x2c27b461>
			streams:   5, words: 20992
		unisims_ver.LUT5:module <0x147d72e0>
			streams:   5, words: 20986
		unisims_ver.LUT4:module <0x1c798645>
			streams:   4, words:  9137
		unisims_ver.LUT4:module <0x0a5d551b>
			streams:   4, words:  9137
		unisims_ver.LUT4:module <0x1de2bd8a>
			streams:   4, words:  9137
		unisims_ver.LUT4:module <0x7a6d886e>
			streams:   4, words:  9137
		unisims_ver.LUT4:module <0x321746ce>
			streams:   4, words:  9137
		unisims_ver.LUT4:module <0x70b2e9c3>
			streams:   4, words:  9137
		unisims_ver.LUT3:module <0x53dabab0>
			streams:   2, words:   887
		unisims_ver.LUT6:module <0x3fa3f657>
			streams:   4, words: 36075
		unisims_ver.LUT5:module <0x7e2f2522>
			streams:   5, words: 20986
		unisims_ver.LUT6:module <0x22f2a5ac>
			streams:   4, words: 36075
		unisims_ver.LUT3:module <0x43b527a1>
			streams:   2, words:   891
		unisims_ver.LUT4:module <0x1b8e62da>
			streams:   4, words:  9137
		unisims_ver.LUT4:module <0x16ffff76>
			streams:   4, words:  9137
		unisims_ver.LUT5:module <0x5a045a40>
			streams:   5, words: 20986
		unisims_ver.LUT5:module <0x0a7effd6>
			streams:   5, words: 20986
		unisims_ver.LUT6:module <0x0da58871>
			streams:   4, words: 36075
		unisims_ver.LUT5:module <0x7cf6b0a3>
			streams:   5, words: 20992
		unisims_ver.LUT5:module <0x3663e7ea>
			streams:   5, words: 20986
		unisims_ver.LUT6:module <0x34ed1e51>
			streams:   4, words: 36075
		unisims_ver.LUT5:module <0x10910d09>
			streams:   5, words: 20986
		unisims_ver.LUT6:module <0x32e3c7ac>
			streams:   4, words: 36075
		unisims_ver.LUT4:module <0x682374a9>
			streams:   4, words:  9137
		unisims_ver.LUT4:module <0x11d5d365>
			streams:   4, words:  9137
		unisims_ver.LUT3:module <0x62be4f93>
			streams:   2, words:   890
		unisims_ver.LUT6:module <0x5a27c3ba>
			streams:   4, words: 36075
		unisims_ver.LUT5:module <0x1166c833>
			streams:   5, words: 20986
		unisims_ver.LUT5:module <0x04df5af2>
			streams:   5, words: 20986
		unisims_ver.LUT6:module <0x4a15a821>
			streams:   4, words: 36061
		unisims_ver.LUT6:module <0x7e1982f8>
			streams:   4, words: 36075
		unisims_ver.LUT4:module <0x7e6b9922>
			streams:   4, words:  9137
		unisims_ver.LUT4:module <0x4bd3fa7e>
			streams:   4, words:  9137
		unisims_ver.LUT4:module <0x42c0a653>
			streams:   4, words:  9137
		unisims_ver.LUT4:module <0x53f741fb>
			streams:   4, words:  9137
		unisims_ver.LUT3:module <0x3109980f>
			streams:   2, words:   887
		unisims_ver.LUT4:module <0x5bdefc88>
			streams:   4, words:  9137
		unisims_ver.LUT6:module <0x56570406>
			streams:   4, words: 36075
		unisims_ver.LUT6:module <0x612ea260>
			streams:   4, words: 36075
		unisims_ver.LUT5:module <0x240e9dfd>
			streams:   5, words: 20992
		unisims_ver.LUT5:module <0x20fa63f0>
			streams:   5, words: 20986
		unisims_ver.LUT6:module <0x1fbc7305>
			streams:   4, words: 36075
		unisims_ver.LUT6:module <0x08155620>
			streams:   4, words: 36075
		unisims_ver.LUT6:module <0x741c51bc>
			streams:   4, words: 36075
		unisims_ver.LUT6:module <0x150e384a>
			streams:   4, words: 36075
		unisims_ver.LUT6:module <0x0936da6e>
			streams:   4, words: 36052
		unisims_ver.LUT4:module <0x01c3fac2>
			streams:   4, words:  9137
		unisims_ver.LUT6:module <0x55b71f16>
			streams:   4, words: 36075
		unisims_ver.LUT5:module <0x4a5efd42>
			streams:   5, words: 20986
		unisims_ver.LUT5:module <0x3c78ddd8>
			streams:   5, words: 20986
		unisims_ver.LUT6:module <0x78c919de>
			streams:   4, words: 36075
		unisims_ver.LUT5:module <0x1c348b31>
			streams:   5, words: 20986
		unisims_ver.LUT6:module <0x1fff3f4d>
			streams:   4, words: 36075
		unisims_ver.LUT6:module <0x4263fade>
			streams:   4, words: 36075
		unisims_ver.LUT6:module <0x7cc88616>
			streams:   4, words: 36075
		unisims_ver.LUT6:module <0x4118a96f>
			streams:   4, words: 36075
		unisims_ver.LUT5:module <0x1a7b41ba>
			streams:   5, words: 20986
		unisims_ver.LUT6:module <0x3290508a>
			streams:   4, words: 36075
		unisims_ver.LUT6:module <0x3a7cbebe>
			streams:   4, words: 36075
		unisims_ver.LUT5:module <0x2f4d85d0>
			streams:   5, words: 20986
		unisims_ver.LUT5:module <0x52108b33>
			streams:   5, words: 20986
		unisims_ver.LUT4:module <0x1893281b>
			streams:   4, words:  9137
		unisims_ver.LUT6:module <0x03c61d8a>
			streams:   4, words: 36075
		unisims_ver.LUT5:module <0x130ce372>
			streams:   5, words: 20992
		unisims_ver.LUT5:module <0x0f223a77>
			streams:   5, words: 20992
		unisims_ver.LUT5:module <0x5d68d7e7>
			streams:   5, words: 20986
		unisims_ver.LUT6:module <0x74a32c96>
			streams:   4, words: 36052
		unisims_ver.LUT6:module <0x127c7e94>
			streams:   4, words: 36075
		unisims_ver.LUT4:module <0x49628fd4>
			streams:   4, words:  9137
		unisims_ver.LUT4:module <0x61408554>
			streams:   4, words:  9137
		unisims_ver.FDPE:module <0x23d00bfa>
			streams:  12, words:  8281
		unisims_ver.LUT2:module <0x418bae3b>
			streams:   2, words:   591
		unisims_ver.LUT6:module <0x6393b8f2>
			streams:   4, words: 36075
		unisims_ver.LUT4:module <0x27c7fef8>
			streams:   4, words:  9137
		unisims_ver.LUT6:module <0x558984de>
			streams:   4, words: 36075
		unisims_ver.LUT5:module <0x1c87dc8b>
			streams:   5, words: 20992
		unisims_ver.LUT5:module <0x60784ad6>
			streams:   5, words: 20986
		unisims_ver.LUT6:module <0x5a62f80d>
			streams:   4, words: 36075
		unisims_ver.LUT4:module <0x5a4117f1>
			streams:   4, words:  9137
		unisims_ver.LUT3:module <0x1532ee27>
			streams:   2, words:   899
		unisims_ver.LUT6:module <0x248573d3>
			streams:   4, words: 36061
		unisims_ver.LUT6:module <0x1e82490f>
			streams:   4, words: 36075
		unisims_ver.LUT6:module <0x3f681e9e>
			streams:   4, words: 36075
		unisims_ver.LUT6:module <0x0a8301f8>
			streams:   4, words: 36075
		unisims_ver.LUT6:module <0x532c9045>
			streams:   4, words: 36075
		unisims_ver.LUT6:module <0x7628c277>
			streams:   4, words: 36075
		unisims_ver.LUT6:module <0x5d6adec4>
			streams:   4, words: 36075
		unisims_ver.LUT5:module <0x78202ec7>
			streams:   5, words: 20986
		unisims_ver.LUT4:module <0x4078f28f>
			streams:   4, words:  9137
		unisims_ver.LUT4:module <0x6cfe5f30>
			streams:   4, words:  9137
		unisims_ver.LUT5:module <0x2d6a5220>
			streams:   5, words: 20986
		unisims_ver.LUT6:module <0x52fc3fe4>
			streams:   4, words: 36075
		unisims_ver.LUT4:module <0x339ef245>
			streams:   4, words:  9137
		unisims_ver.LUT5:module <0x36a6ecbc>
			streams:   5, words: 20986
		unisims_ver.LUT6:module <0x37847ebe>
			streams:   4, words: 36075
		unisims_ver.LUT3:module <0x575e9f2a>
			streams:   2, words:   906
		unisims_ver.LUT6:module <0x35af436e>
			streams:   4, words: 36075
		unisims_ver.LUT6:module <0x5c5422aa>
			streams:   4, words: 36075
		unisims_ver.LUT6:module <0x731eddb5>
			streams:   4, words: 36075
		unisims_ver.LUT5:module <0x386e79f2>
			streams:   5, words: 20986
		unisims_ver.LUT5:module <0x592f5927>
			streams:   5, words: 20986
		unisims_ver.LUT4:module <0x0a20090b>
			streams:   4, words:  9137
		unisims_ver.LUT4:module <0x49a918aa>
			streams:   4, words:  9137
		unisims_ver.LUT6:module <0x5df8bf9d>
			streams:   4, words: 36075
		unisims_ver.LUT3:module <0x4e658e8f>
			streams:   2, words:   895
		unisims_ver.LUT6:module <0x26254380>
			streams:   4, words: 36075
		unisims_ver.LUT5:module <0x68c933b1>
			streams:   5, words: 20986
		unisims_ver.LUT6:module <0x76d40473>
			streams:   4, words: 36061
		unisims_ver.LUT3:module <0x4ae1ab15>
			streams:   2, words:   898
		unisims_ver.LUT6:module <0x6d554fe0>
			streams:   4, words: 36075
		unisims_ver.LUT5:module <0x1582860d>
			streams:   5, words: 20986
		unisims_ver.LUT4:module <0x0b2c239f>
			streams:   4, words:  9137
		unisims_ver.LUT4:module <0x0638a190>
			streams:   4, words:  9137
		unisims_ver.LUT6:module <0x1b3041a3>
			streams:   4, words: 36075
		unisims_ver.LUT6:module <0x239923d3>
			streams:   4, words: 36075
		unisims_ver.LUT5:module <0x59273a00>
			streams:   5, words: 20986
		unisims_ver.LUT6:module <0x4716add0>
			streams:   4, words: 36075
		unisims_ver.LUT6:module <0x658a2dc6>
			streams:   4, words: 36075
		unisims_ver.LUT3:module <0x11728175>
			streams:   2, words:   879
		unisims_ver.LUT6:module <0x46f10543>
			streams:   4, words: 36075
		unisims_ver.LUT4:module <0x58d31be2>
			streams:   4, words:  9137
		unisims_ver.FDCE:module <0x4c8351b7>
			streams:  12, words:  8244
		unisims_ver.LUT3:module <0x73a1a3ca>
			streams:   2, words:   887
		unisims_ver.LUT3:module <0x27dc4025>
			streams:   2, words:   883
		unisims_ver.LUT6:module <0x1bdb079c>
			streams:   4, words: 36075
		unisims_ver.LUT3:module <0x12f8da54>
			streams:   2, words:   906
		unisims_ver.LUT6:module <0x4e341cdc>
			streams:   4, words: 36075
		unisims_ver.LUT6:module <0x0241bd76>
			streams:   4, words: 36075
		unisims_ver.LUT6:module <0x6d94602d>
			streams:   4, words: 36075
		unisims_ver.LUT6:module <0x1aecd388>
			streams:   4, words: 36061
		unisims_ver.LUT5:module <0x0d0833af>
			streams:   5, words: 20986
		unisims_ver.LUT5:module <0x792b9b3e>
			streams:   5, words: 20986
		unisims_ver.LUT5:module <0x38268f84>
			streams:   5, words: 20992
		unisims_ver.LUT5:module <0x077a603d>
			streams:   5, words: 20992
		unisims_ver.LUT5:module <0x3fbe9226>
			streams:   5, words: 20986
		unisims_ver.LUT4:module <0x071b4d70>
			streams:   4, words:  9137
		unisims_ver.LUT6:module <0x2cfb8187>
			streams:   4, words: 36075
		unisims_ver.LUT6:module <0x7f51d90d>
			streams:   4, words: 36061
		unisims_ver.OBUF:module <0x5290dd3e>
			streams:   2, words:  1453
		unisims_ver.LUT4:module <0x79c42b2e>
			streams:   4, words:  9137
		unisims_ver.LUT6:module <0x27a8b854>
			streams:   4, words: 36075
		unisims_ver.LUT6:module <0x0a35f0ae>
			streams:   4, words: 36075
		unisims_ver.LUT6:module <0x21ac49c6>
			streams:   4, words: 36075
		unisims_ver.DSP48E2:module <0x37c963c4>
			streams: 217, words: 159159
		unisims_ver.BUFGCE:module <0x7e77d314>
			streams:  22, words: 17792
	Building instance specific data structures.
	Loading native compiled code:     .................... Done
	Design hierarchy summary:
		                   Instances  Unique
		Modules:                7031      29
		Verilog packages:          2       2
		UDPs:                   3015       3
		Primitives:              101       2
		Registers:             28818     231
		Scalar wires:          31909       -
		Expanded wires:         6244     734
		Vectored wires:         1516       -
		Always blocks:          5920      63
		Initial blocks:        16910     106
		Cont. assignments:      7283     332
		Pseudo assignments:      272       -
		Simulation timescale:    1ps
	Writing initial simulation snapshot: worklib.tb_power:sv
Loading snapshot worklib.tb_power:sv .................... Done
xcelium> source /soft64/cadence/ferramentas/XCELIUM2303/tools/xcelium/files/xmsimrc
xcelium> stop -condition {#%d/tb_power/p_start == 1}
Created stop 1
xcelium> run
246012 PS + 0 (stop 1: tb_power.p_start = 1)
/tmp/fastconv-stream08-49e2a22b/rtl/conv2x2/fpga_zcu104/column_power_comparison/tb/tb_power.sv:160     p_start = 1'b1;
xcelium> dumpsaif -scope tb_power.dut -internal -divider / -overwrite -output activity_dut.saif
xcelium> stop -condition {#%d/tb_power/p_end == 1}
Created stop 2
xcelium> stop -time 90 us -execute {puts "P3F_TIMEOUT_BEFORE_P_END"; exit}
Created stop 3
xcelium> run
81075247 PS + 1 (stop 2: tb_power.p_end = 1)
/tmp/fastconv-stream08-49e2a22b/rtl/conv2x2/fpga_zcu104/column_power_comparison/tb/tb_power.sv:65     .clk(clk), .reset(reset), .p_start(p_start), .p_end(p_end),
xcelium> dumpsaif -end
xcelium> run
POWER_RESULT PASS writes=8100 final_words=2700 mismatches=0 active_cycles=25628
Simulation complete via $finish(1) at time 81079878 PS + 0
/tmp/fastconv-stream08-49e2a22b/rtl/conv2x2/fpga_zcu104/column_power_comparison/tb/tb_power.sv:173     $finish;
xcelium> quit
TOOL:	xrun(64)	23.03-s003: Exiting on Sep 28, 2026 at 15:13:20 -03  (total: 00:00:17)
