============================================================
  Generated by:           Genus(TM) Synthesis Solution 21.12-s068_1
  Generated on:           Jan 27 2026  12:34:51 am
  Module:                 System
  Library domain:         timing_cond_0p81v_125c
    Domain index:         0
    Technology library:   tcbn28hpcplusbwp30p140ssg0p81v125c 110
  Operating conditions:   ssg0p81v125c 
  Interconnect mode:      global
  Area mode:              physical library
============================================================

                                                                                 Library 
        Gate          Instances    Area                   Library                 Domain 
-----------------------------------------------------------------------------------------
AN2D1BWP30P140               16      8.064    tcbn28hpcplusbwp30p140ssg0p81v125c       0 
AN3D1BWP30P140                3      1.890    tcbn28hpcplusbwp30p140ssg0p81v125c       0 
AN4D1BWP30P140               16     12.096    tcbn28hpcplusbwp30p140ssg0p81v125c       0 
AO211D1BWP30P140            156    117.936    tcbn28hpcplusbwp30p140ssg0p81v125c       0 
AO21D1BWP30P140              49     30.870    tcbn28hpcplusbwp30p140ssg0p81v125c       0 
AO22D0BWP30P140             947    715.932    tcbn28hpcplusbwp30p140ssg0p81v125c       0 
AOI211D1BWP30P140             2      1.260    tcbn28hpcplusbwp30p140ssg0p81v125c       0 
AOI21D1BWP30P140             12      6.048    tcbn28hpcplusbwp30p140ssg0p81v125c       0 
AOI221D1BWP30P140           766    579.096    tcbn28hpcplusbwp30p140ssg0p81v125c       0 
AOI222D1BWP30P140           202    203.616    tcbn28hpcplusbwp30p140ssg0p81v125c       0 
AOI22D1BWP30P140            376    236.880    tcbn28hpcplusbwp30p140ssg0p81v125c       0 
AOI31D1BWP30P140              4      2.520    tcbn28hpcplusbwp30p140ssg0p81v125c       0 
AOI32D1BWP30P140              2      1.512    tcbn28hpcplusbwp30p140ssg0p81v125c       0 
BUFFD2BWP30P140               1      0.504    tcbn28hpcplusbwp30p140ssg0p81v125c       0 
BUFFD3BWP30P140               1      0.630    tcbn28hpcplusbwp30p140ssg0p81v125c       0 
CKAN2D1BWP30P140            130     65.520    tcbn28hpcplusbwp30p140ssg0p81v125c       0 
CKLNQD1BWP30P140             37     69.930    tcbn28hpcplusbwp30p140ssg0p81v125c       0 
CKMUX2D0BWP30P140           352    310.464    tcbn28hpcplusbwp30p140ssg0p81v125c       0 
CKND1BWP30P140              589    148.428    tcbn28hpcplusbwp30p140ssg0p81v125c       0 
CKND2BWP30P140                3      1.134    tcbn28hpcplusbwp30p140ssg0p81v125c       0 
CKND2D1BWP30P140            178     67.284    tcbn28hpcplusbwp30p140ssg0p81v125c       0 
CKND4BWP30P140                1      0.630    tcbn28hpcplusbwp30p140ssg0p81v125c       0 
DFCND1BWP30P140               4     10.080    tcbn28hpcplusbwp30p140ssg0p81v125c       0 
DFCNQD1BWP30P140              4      9.072    tcbn28hpcplusbwp30p140ssg0p81v125c       0 
DFD1BWP30P140                 3      6.426    tcbn28hpcplusbwp30p140ssg0p81v125c       0 
DFKCND1BWP30P140             28     59.976    tcbn28hpcplusbwp30p140ssg0p81v125c       0 
DFKCND2BWP30P140              1      2.394    tcbn28hpcplusbwp30p140ssg0p81v125c       0 
DFKCNQD1BWP30P140             4      8.064    tcbn28hpcplusbwp30p140ssg0p81v125c       0 
DFKCNQD2BWP30P140           754   1520.064    tcbn28hpcplusbwp30p140ssg0p81v125c       0 
DFKCSND1BWP30P140           121    304.920    tcbn28hpcplusbwp30p140ssg0p81v125c       0 
DFKSND1BWP30P140            151    361.494    tcbn28hpcplusbwp30p140ssg0p81v125c       0 
DFMQD1BWP30P140               1      2.394    tcbn28hpcplusbwp30p140ssg0p81v125c       0 
DFQD2BWP30P140              173    326.970    tcbn28hpcplusbwp30p140ssg0p81v125c       0 
FA1D1BWP30P140             1954   4185.468    tcbn28hpcplusbwp30p140ssg0p81v125c       0 
FA1D2BWP30P140                2      4.788    tcbn28hpcplusbwp30p140ssg0p81v125c       0 
FA1OPTCD1BWP30P140            4     10.080    tcbn28hpcplusbwp30p140ssg0p81v125c       0 
HA1D1BWP30P140              248    406.224    tcbn28hpcplusbwp30p140ssg0p81v125c       0 
IAO21D1BWP30P140              3      1.890    tcbn28hpcplusbwp30p140ssg0p81v125c       0 
IND2D1BWP30P140              30     15.120    tcbn28hpcplusbwp30p140ssg0p81v125c       0 
IND3D1BWP30P140               7      4.410    tcbn28hpcplusbwp30p140ssg0p81v125c       0 
IND4D1BWP30P140               4      3.024    tcbn28hpcplusbwp30p140ssg0p81v125c       0 
INR2D1BWP30P140             271    136.584    tcbn28hpcplusbwp30p140ssg0p81v125c       0 
INR3D0BWP30P140               6      3.780    tcbn28hpcplusbwp30p140ssg0p81v125c       0 
INR4D0BWP30P140               1      0.756    tcbn28hpcplusbwp30p140ssg0p81v125c       0 
INVD0P7BWP30P140             17      4.284    tcbn28hpcplusbwp30p140ssg0p81v125c       0 
INVD12BWP30P140               2      3.276    tcbn28hpcplusbwp30p140ssg0p81v125c       0 
INVD1BWP30P140                3      0.756    tcbn28hpcplusbwp30p140ssg0p81v125c       0 
IOA21D1BWP30P140            149     93.870    tcbn28hpcplusbwp30p140ssg0p81v125c       0 
IOA21D2BWP30P140              1      0.882    tcbn28hpcplusbwp30p140ssg0p81v125c       0 
MAOI222D1BWP30P140            2      1.512    tcbn28hpcplusbwp30p140ssg0p81v125c       0 
MAOI22D1BWP30P140             6      4.536    tcbn28hpcplusbwp30p140ssg0p81v125c       0 
MOAI22D1BWP30P140             7      5.292    tcbn28hpcplusbwp30p140ssg0p81v125c       0 
MUX2D0BWP30P140              23     20.286    tcbn28hpcplusbwp30p140ssg0p81v125c       0 
MUX2NUD1BWP30P140             2      1.512    tcbn28hpcplusbwp30p140ssg0p81v125c       0 
ND2D1BWP30P140               91     34.398    tcbn28hpcplusbwp30p140ssg0p81v125c       0 
ND2OPTIBD1BWP30P140           5      1.890    tcbn28hpcplusbwp30p140ssg0p81v125c       0 
ND3D1BWP30P140               57     28.728    tcbn28hpcplusbwp30p140ssg0p81v125c       0 
ND4D1BWP30P140                4      2.520    tcbn28hpcplusbwp30p140ssg0p81v125c       0 
NR2D1BWP30P140               77     29.106    tcbn28hpcplusbwp30p140ssg0p81v125c       0 
NR2D2BWP30P140                1      0.630    tcbn28hpcplusbwp30p140ssg0p81v125c       0 
NR2D4BWP30P140                2      2.268    tcbn28hpcplusbwp30p140ssg0p81v125c       0 
NR2OPTD6BWP30P140             1      1.638    tcbn28hpcplusbwp30p140ssg0p81v125c       0 
NR2OPTIBD1BWP30P140          64     24.192    tcbn28hpcplusbwp30p140ssg0p81v125c       0 
NR3D0BWP30P140                4      2.016    tcbn28hpcplusbwp30p140ssg0p81v125c       0 
NR3D0P7BWP30P140             18      9.072    tcbn28hpcplusbwp30p140ssg0p81v125c       0 
NR4D0BWP30P140               17     10.710    tcbn28hpcplusbwp30p140ssg0p81v125c       0 
OA211D1BWP30P140              2      1.512    tcbn28hpcplusbwp30p140ssg0p81v125c       0 
OA21D1BWP30P140               4      2.520    tcbn28hpcplusbwp30p140ssg0p81v125c       0 
OA22D1BWP30P140               6      5.292    tcbn28hpcplusbwp30p140ssg0p81v125c       0 
OAI211D1BWP30P140             2      1.260    tcbn28hpcplusbwp30p140ssg0p81v125c       0 
OAI21D0P7BWP30P140            2      1.008    tcbn28hpcplusbwp30p140ssg0p81v125c       0 
OAI21D1BWP30P140            101     50.904    tcbn28hpcplusbwp30p140ssg0p81v125c       0 
OAI221D1BWP30P140            17     14.994    tcbn28hpcplusbwp30p140ssg0p81v125c       0 
OAI222D1BWP30P140             9      9.072    tcbn28hpcplusbwp30p140ssg0p81v125c       0 
OAI22D1BWP30P140              4      2.520    tcbn28hpcplusbwp30p140ssg0p81v125c       0 
OAI31D1BWP30P140              5      3.150    tcbn28hpcplusbwp30p140ssg0p81v125c       0 
OAI32D1BWP30P140              8      6.048    tcbn28hpcplusbwp30p140ssg0p81v125c       0 
OAI33D1BWP30P140              8      7.056    tcbn28hpcplusbwp30p140ssg0p81v125c       0 
OR2D0BWP30P140               16      8.064    tcbn28hpcplusbwp30p140ssg0p81v125c       0 
OR2D1BWP30P140               22     11.088    tcbn28hpcplusbwp30p140ssg0p81v125c       0 
OR3D1BWP30P140                3      1.890    tcbn28hpcplusbwp30p140ssg0p81v125c       0 
SDFKCNQARD2BWP30P140          1      2.772    tcbn28hpcplusbwp30p140ssg0p81v125c       0 
XNR2UD1BWP30P140            866    763.812    tcbn28hpcplusbwp30p140ssg0p81v125c       0 
XNR3UD1BWP30P140             44     77.616    tcbn28hpcplusbwp30p140ssg0p81v125c       0 
XNR4D1BWP30P140              16     42.336    tcbn28hpcplusbwp30p140ssg0p81v125c       0 
XOR2UD1BWP30P140            162    142.884    tcbn28hpcplusbwp30p140ssg0p81v125c       0 
XOR3UD1BWP30P140             24     42.336    tcbn28hpcplusbwp30p140ssg0p81v125c       0 
XOR4D0BWP30P140              16     42.336    tcbn28hpcplusbwp30p140ssg0p81v125c       0 
-----------------------------------------------------------------------------------------
total                      9508  11490.066                                       


                                                        
            Type             Instances    Area   Area % 
--------------------------------------------------------
sequential                        1245  2614.626   22.8 
inverter                           615   158.508    1.4 
buffer                               2     1.134    0.0 
clock_gating_integrated_cell        37    69.930    0.6 
logic                             7609  8645.868   75.2 
physical_cells                       0     0.000    0.0 
--------------------------------------------------------
total                             9508 11490.066  100.0 

