============================================================
  Generated by:           Genus(TM) Synthesis Solution 21.12-s068_1
  Generated on:           Oct 08 2025  11:06:36 am
  Module:                 System
  Operating conditions:   ssg0p81v125c 
  Interconnect mode:      global
  Area mode:              physical library
============================================================


Path 1: MET (1 ps) Setup Check with Pin conv/r_feat_reg[29][18]/CP->D
           View: analysis_view_0p81v_125c_capwst_slowest
          Group: clk
     Startpoint: (R) conv/r_idx_in_reg[1]/CP
          Clock: (R) clk
       Endpoint: (F) conv/r_feat_reg[29][18]/D
          Clock: (R) clk

                     Capture       Launch     
        Clock Edge:+    2000            0     
       Src Latency:+       0            0     
       Net Latency:+       0 (I)        0 (I) 
           Arrival:=    2000            0     
                                              
             Setup:-      22                  
     Required Time:=    1978                  
      Launch Clock:-       0                  
         Data Path:-    1978                  
             Slack:=       1                  

#-------------------------------------------------------------------------------------------------------------------------------------
#                   Timing Point                    Flags    Arc   Edge        Cell          Fanout Load Trans Delay Arrival Instance 
#                                                                                                   (fF)  (ps)  (ps)   (ps)  Location 
#-------------------------------------------------------------------------------------------------------------------------------------
  conv/r_idx_in_reg[1]/CP                           -       -      R     (arrival)                4    -     0     0       0    (-,-) 
  conv/r_idx_in_reg[1]/Q                            -       CP->Q  F     DFD2BWP30P140            5  7.2    23    71      71    (-,-) 
  conv/mux_mult/g203/ZN                             -       I->ZN  R     INVD1BWP30P140           2  3.8    27    24      94    (-,-) 
  conv/mux_mult/g193/ZN                             -       A1->ZN F     NR3OPTPAD4BWP30P140      8  9.1    23    18     112    (-,-) 
  conv/mux_mult/g183/ZN                             -       A1->ZN R     ND2D3BWP30P140           2  3.5    15    13     126    (-,-) 
  conv/mux_mult/g178/ZN                             -       A1->ZN F     ND2D3BWP30P140           8  8.1    35    25     151    (-,-) 
  conv/g69267/ZN                                    -       A1->ZN F     INR2D2BWP30P140          2  2.6    13    28     179    (-,-) 
  conv/g69234/ZN                                    -       I->ZN  R     CKND1BWP30P140           3  3.0    22    18     197    (-,-) 
  conv/g69218/ZN                                    -       A1->ZN F     NR2D1BWP30P140           6  5.6    35    27     224    (-,-) 
  conv/g69162/Z                                     -       I->Z   F     BUFFD1P5BWP30P140       76 65.5   209   132     357    (-,-) 
  conv/g67821/ZN                                    -       A1->ZN R     AOI22D1BWP30P140         1  1.2    64    58     415    (-,-) 
  conv/g66766/ZN                                    -       A2->ZN F     CKND2D1BWP30P140         1  1.7    30    24     439    (-,-) 
  conv/g66004/Z                                     -       A2->Z  F     OR3D4BWP30P140          22 21.5    34    51     490    (-,-) 
  conv/genblk1[1].multip/mul_157_63_g5994/CO        -       A->CO  F     HA1D1BWP30P140           1  2.1    16    27     517    (-,-) 
  conv/genblk1[1].multip/mul_157_63_g5915/CO        -       CI->CO F     FA1D1BWP30P140           1  2.1    22    41     558    (-,-) 
  conv/genblk1[1].multip/mul_157_63_g5807/CO        -       CI->CO F     FA1D1BWP30P140           1  2.1    23    43     602    (-,-) 
  conv/genblk1[1].multip/mul_157_63_g5780/CO        -       CI->CO F     FA1D1BWP30P140           1  2.1    22    44     645    (-,-) 
  conv/genblk1[1].multip/mul_157_63_g5759/CO        -       CI->CO F     FA1D1BWP30P140           1  2.1    24    44     689    (-,-) 
  conv/genblk1[1].multip/mul_157_63_g5736/CO        -       CI->CO F     FA1D1BWP30P140           1  2.1    24    44     733    (-,-) 
  conv/genblk1[1].multip/mul_157_63_g5722/CO        -       CI->CO F     FA1D1BWP30P140           1  2.1    24    44     778    (-,-) 
  conv/genblk1[1].multip/mul_157_63_g5707/CO        -       CI->CO F     FA1D1BWP30P140           1  2.1    24    44     822    (-,-) 
  conv/genblk1[1].multip/mul_157_63_g5694/CO        -       CI->CO F     FA1D1BWP30P140           1  2.1    24    44     866    (-,-) 
  conv/genblk1[1].multip/mul_157_63_g5681/CO        -       CI->CO F     FA1D1BWP30P140           1  2.1    24    44     910    (-,-) 
  conv/genblk1[1].multip/mul_157_63_g5665/CO        -       CI->CO F     FA1D1BWP30P140           1  2.1    27    44     955    (-,-) 
  conv/genblk1[1].multip/mul_157_63_g5648/CO        -       CI->CO F     FA1D1BWP30P140           1  2.1    27    46    1000    (-,-) 
  conv/genblk1[1].multip/mul_157_63_g5635/CO        -       CI->CO F     FA1D1BWP30P140           1  2.1    25    45    1046    (-,-) 
  conv/genblk1[1].multip/mul_157_63_g5623/CO        -       CI->CO F     FA1D1BWP30P140           1  2.1    23    45    1090    (-,-) 
  conv/genblk1[1].multip/mul_157_63_g5611/CO        -       CI->CO F     FA1D1BWP30P140           1  2.1    23    44    1134    (-,-) 
  conv/genblk1[1].multip/mul_157_63_g5600/CO        -       CI->CO F     FA1D1BWP30P140           1  2.1    23    44    1178    (-,-) 
  conv/genblk1[1].multip/mul_157_63_g5589/CO        -       CI->CO F     FA1D1BWP30P140           1  2.1    23    44    1222    (-,-) 
  conv/genblk1[1].multip/mul_157_63_g5580/S         -       CI->S  R     FA1D1BWP30P140           4  3.9    37    82    1304    (-,-) 
  conv/genblk1[1].multip/mul_157_63_g5572/ZN        -       A1->ZN F     AOI221D1BWP30P140        1  1.8    76    27    1331    (-,-) 
  conv/genblk1[1].multip/mul_157_63_g5568/ZN        -       A1->ZN F     XNR2UD1BWP30P140         1  2.1    48    44    1375    (-,-) 
  conv/genblk1[1].multip/mul_157_63_cdnfadd_021_4/S -       CI->S  R     FA1D1BWP30P140           1  2.6    30    86    1460    (-,-) 
  conv/genblk1[1].multip/mul_157_63_cdnfadd_021_5/S -       B->S   F     FA1D1BWP30P140           1  1.3    22    67    1528    (-,-) 
  conv/genblk1[1].multip/mul_157_63_g5498/ZN        -       I->ZN  R     CKND1BWP30P140           2  2.1    19    18    1546    (-,-) 
  conv/genblk1[1].multip/mul_157_63_g5492/ZN        -       A1->ZN F     ND2D1BWP30P140           3  2.8    34    26    1572    (-,-) 
  conv/genblk1[1].multip/mul_157_63_g5485/ZN        -       A1->ZN R     CKND2D1BWP30P140         2  2.0    30    27    1599    (-,-) 
  conv/genblk1[1].multip/mul_157_63_g5484/ZN        -       B2->ZN F     INR3D0BWP30P140          2  2.1    32    24    1622    (-,-) 
  conv/genblk1[1].multip/mul_157_63_g5476/ZN        -       B1->ZN R     AOI221D1BWP30P140        1  1.4    48    46    1668    (-,-) 
  conv/genblk1[1].multip/mul_157_63_g5474/ZN        -       B->ZN  F     OAI21D1BWP30P140         3  3.3    48    41    1709    (-,-) 
  conv/genblk1[1].multip/mul_157_63_g5473/Z         -       A1->Z  F     AN3D1BWP30P140           1  1.4    14    35    1744    (-,-) 
  conv/genblk1[1].multip/mul_157_63_g5471/Z         -       B->Z   F     AO211D1BWP30P140         1  2.1    21    45    1789    (-,-) 
  conv/genblk1[1].multip/mul_157_63_g5468/S         -       CI->S  F     FA1D1BWP30P140          10  9.1    56    89    1878    (-,-) 
  conv/g68277/ZN                                    -       A1->ZN R     AOI222D1BWP30P140        1  1.4    73    47    1925    (-,-) 
  conv/g69395/ZN                                    -       C->ZN  F     OAI221D1BWP30P140        1  1.3    91    52    1978    (-,-) 
  conv/r_feat_reg[29][18]/D                         <<<     -      F     DFQD2BWP30P140           1    -     -     0    1978    (-,-) 
#-------------------------------------------------------------------------------------------------------------------------------------


