============================================================
  Generated by:           Genus(TM) Synthesis Solution 21.12-s068_1
  Generated on:           Sep 01 2026  08:29:56 am
  Module:                 Conv
  Operating conditions:   ssg0p81v125c 
  Interconnect mode:      global
  Area mode:              physical library
============================================================


Path 1: MET (0 ps) Setup Check with Pin r_out_acc_reg[2][19]/CP->D
           View: analysis_view_0p81v_125c_capwst_slowest
          Group: clk
     Startpoint: (R) r_input_feat_reg[14][0]/CP
          Clock: (R) clk
       Endpoint: (F) r_out_acc_reg[2][19]/D
          Clock: (R) clk

                     Capture       Launch     
        Clock Edge:+    2000            0     
       Src Latency:+       0            0     
       Net Latency:+       0 (I)        0 (I) 
           Arrival:=    2000            0     
                                              
             Setup:-       4                  
     Required Time:=    1996                  
      Launch Clock:-       0                  
         Data Path:-    1996                  
             Slack:=       0                  

#-----------------------------------------------------------------------------------------------------------------------------------------------------
#                         Timing Point                          Flags    Arc   Edge          Cell            Fanout Load Trans Delay Arrival Instance 
#                                                                                                                   (fF)  (ps)  (ps)   (ps)  Location 
#-----------------------------------------------------------------------------------------------------------------------------------------------------
  r_input_feat_reg[14][0]/CP                                    -       -      R     (arrival)                   20    -     0     0       0    (-,-) 
  r_input_feat_reg[14][0]/Q                                     -       CP->Q  F     DFCNQD1BWP30P140             7  7.1    42    79      79    (-,-) 
  trf/matrix_c0/sub_144_27_g1369/ZN                             -       A1->ZN F     IND2D1BWP30P140              2  2.5    33    43     122    (-,-) 
  trf/matrix_c0/sub_144_27_g1344/ZN                             -       I->ZN  R     CKND2BWP30P140               2  3.1    17    18     139    (-,-) 
  trf/matrix_c0/sub_144_27_g1303/ZN                             -       A1->ZN F     OAI21D2BWP30P140             2  2.6    25    18     158    (-,-) 
  trf/matrix_c0/sub_144_27_g1301/ZN                             -       A1->ZN R     AOI21D1BWP30P140             2  2.7    40    32     189    (-,-) 
  trf/matrix_c0/sub_144_27_g1300/ZN                             -       I->ZN  F     CKND1BWP30P140               1  1.6    20    17     206    (-,-) 
  trf/matrix_c0/sub_144_27_g1298/ZN                             -       A1->ZN R     AOI21OPTREPBD1BWP30P140      2  3.1    35    26     233    (-,-) 
  trf/matrix_c0/sub_144_27_g1296/ZN                             -       A1->ZN F     OAI21D2BWP30P140             2  2.9    29    22     255    (-,-) 
  trf/matrix_c0/sub_144_27_g1293/ZN                             -       A1->ZN R     AOI21OPTREPBD1BWP30P140      2  2.7    32    27     282    (-,-) 
  trf/matrix_c0/g1466/ZN                                        -       A1->ZN R     IAO21D2BWP30P140             2  2.7    20    32     314    (-,-) 
  trf/matrix_c0/sub_144_27_g1289/ZN                             -       I->ZN  F     CKND1BWP30P140               1  1.3    14    13     327    (-,-) 
  trf/matrix_c0/sub_144_27_g1287/ZN                             -       A1->ZN R     AOI21D1BWP30P140             2  2.7    40    28     355    (-,-) 
  trf/matrix_c0/sub_144_27_g1285/ZN                             -       A1->ZN F     XNR2UD1BWP30P140             2  1.9    36    22     377    (-,-) 
  trf/matrix_c1/sub_174_27_g1392/ZN                             -       A1->ZN F     IND2D1BWP30P140              2  2.6    36    42     420    (-,-) 
  trf/matrix_c1/sub_174_27_g1371/ZN                             -       A1->ZN F     INR2D1BWP30P140              1  1.3    17    30     450    (-,-) 
  trf/matrix_c1/sub_174_27_g1340/ZN                             -       A2->ZN F     XNR2UD1BWP30P140             1  1.1    29    27     477    (-,-) 
  g22785/ZN                                                     -       A1->ZN F     IOA21D0BWP30P140             1  1.3    31    37     514    (-,-) 
  g26351/ZN                                                     -       B->ZN  R     AOI21OPTREPBD1BWP30P140      1  1.8    27    26     540    (-,-) 
  g26350/ZN                                                     -       B->ZN  F     IOA21D2BWP30P140            10 14.1    73    49     589    (-,-) 
  multip0/mul_14_62_g7540__4733/Z                               -       A1->Z  R     XOR2UD1BWP30P140             2  2.1    50    40     629    (-,-) 
  multip0/mul_14_62_g7302__6417/ZN                              -       A1->ZN F     MOAI22D1BWP30P140            1  2.6    86    33     662    (-,-) 
  multip0/mul_14_62_g7092__1666/S                               -       B->S   R     FA1D1BWP30P140               1  2.1    28   106     768    (-,-) 
  multip0/mul_14_62_g7067__5477/S                               -       CI->S  F     FA1D1BWP30P140               1  2.6    28    71     839    (-,-) 
  multip0/mul_14_62_g7032__9315/CO                              -       B->CO  F     FA1D1BWP30P140               1  2.1    21    53     892    (-,-) 
  multip0/mul_14_62_g7022__1705/CO                              -       CI->CO F     FA1D1BWP30P140               1  2.1    21    43     935    (-,-) 
  multip0/mul_14_62_g7016__8428/CO                              -       CI->CO F     FA1D1BWP30P140               1  2.1    21    43     979    (-,-) 
  multip0/mul_14_62_g7009__7410/CO                              -       CI->CO F     FA1D1BWP30P140               1  2.1    21    43    1022    (-,-) 
  multip0/mul_14_62_g7008__1666/CO                              -       CI->CO F     FA1D1BWP30P140               1  2.1    21    43    1065    (-,-) 
  multip0/mul_14_62_g7007__2346/CO                              -       CI->CO F     FA1D1BWP30P140               1  2.1    21    43    1108    (-,-) 
  multip0/mul_14_62_g7006__2883/CO                              -       CI->CO F     FA1D1BWP30P140               1  2.1    21    43    1152    (-,-) 
  multip0/mul_14_62_g7005__9945/CO                              -       CI->CO F     FA1D1BWP30P140               1  2.1    21    43    1195    (-,-) 
  multip0/mul_14_62_g7004__9315/S                               -       CI->S  R     FA1D1BWP30P140               1  2.7    30    77    1272    (-,-) 
  inverse_row_current/csa_tree_ADD_TC_OP_1_groupi_g2137__2802/S -       A->S   F     FA1D1BWP30P140               1  2.6    28    75    1347    (-,-) 
  inverse_row_current/csa_tree_ADD_TC_OP_1_groupi_g2126__6417/S -       B->S   R     FA1D1BWP30P140               4  5.3    43    99    1446    (-,-) 
  inverse_row_acc/sub_78_32_g1290/ZN                            -       I->ZN  F     CKND1BWP30P140               1  2.6    26    22    1468    (-,-) 
  inverse_row_acc/sub_78_32_g1263__8246/CO                      -       B->CO  F     FA1D1BWP30P140               1  2.1    21    52    1520    (-,-) 
  inverse_row_acc/sub_78_32_g1262__5122/CO                      -       CI->CO F     FA1D1BWP30P140               1  2.1    21    43    1563    (-,-) 
  inverse_row_acc/sub_78_32_g1261__1705/CO                      -       CI->CO F     FA1D1BWP30P140               1  2.1    21    43    1606    (-,-) 
  inverse_row_acc/sub_78_32_g1260__2802/CO                      -       CI->CO F     FA1D1BWP30P140               1  2.1    21    43    1650    (-,-) 
  inverse_row_acc/sub_78_32_g1259__1617/CO                      -       CI->CO F     FA1D1BWP30P140               1  2.1    21    43    1693    (-,-) 
  inverse_row_acc/sub_78_32_g1258__3680/CO                      -       CI->CO F     FA1D1BWP30P140               1  2.1    21    43    1736    (-,-) 
  inverse_row_acc/sub_78_32_g1257__6783/CO                      -       CI->CO F     FA1D1BWP30P140               1  2.1    21    43    1780    (-,-) 
  inverse_row_acc/sub_78_32_g1256__5526/CO                      -       CI->CO F     FA1D1BWP30P140               1  2.1    21    43    1823    (-,-) 
  inverse_row_acc/sub_78_32_g1255__8428/CO                      -       CI->CO F     FA1D1BWP30P140               1  1.3    18    40    1863    (-,-) 
  inverse_row_acc/sub_78_32_g1254__4319/ZN                      -       A3->ZN F     XNR3UD1BWP30P140             1  1.3    28    32    1894    (-,-) 
  inverse_row_acc/g3919__2346/ZN                                -       A1->ZN R     AOI222D1BWP30P140            1  1.3    79    38    1932    (-,-) 
  inverse_row_acc/g3863__2346/ZN                                -       B->ZN  F     IOA21D1BWP30P140             2  2.0    41    32    1964    (-,-) 
  g26260/Z                                                      -       A1->Z  F     CKAN2D1BWP30P140             1  1.3    15    32    1996    (-,-) 
  r_out_acc_reg[2][19]/D                                        <<<     -      F     DFCNQD1BWP30P140             1    -     -     0    1996    (-,-) 
#-----------------------------------------------------------------------------------------------------------------------------------------------------


