============================================================
  Generated by:           Genus(TM) Synthesis Solution 21.12-s068_1
  Generated on:           Oct 09 2026  12:23:29 pm
  Module:                 Conv
  Operating conditions:   ssg0p81v125c 
  Interconnect mode:      global
  Area mode:              physical library
============================================================


Path 1: MET (0 ps) Setup Check with Pin r_input_weight_reg[0][20]/CP->D
           View: analysis_view_0p81v_125c_capwst_slowest
          Group: clk
     Startpoint: (R) r_weight_spatial_reg[6][0]/CP
          Clock: (R) clk
       Endpoint: (R) r_input_weight_reg[0][20]/D
          Clock: (R) clk

                     Capture       Launch     
        Clock Edge:+    2000            0     
       Src Latency:+       0            0     
       Net Latency:+       0 (I)        0 (I) 
           Arrival:=    2000            0     
                                              
             Setup:-      25                  
     Required Time:=    1975                  
      Launch Clock:-       0                  
         Data Path:-    1975                  
             Slack:=       0                  

#--------------------------------------------------------------------------------------------------------------------------------------------------------------------------
#                                   Timing Point                                    Flags    Arc   Edge           Cell            Fanout Load Trans Delay Arrival Instance 
#                                                                                                                                        (fF)  (ps)  (ps)   (ps)  Location 
#--------------------------------------------------------------------------------------------------------------------------------------------------------------------------
  r_weight_spatial_reg[6][0]/CP                                                     -       -      R     (arrival)                    20    -     0     0       0    (-,-) 
  r_weight_spatial_reg[6][0]/QN                                                     -       CP->QN F     SDFCNOPTMAD8BWP30P140         1  8.0    13    30      30    (-,-) 
  g90132/ZN                                                                         -       I->ZN  R     INVD15BWP30P140              16 32.4    14    14      44    (-,-) 
  g5385/ZN                                                                          -       I->ZN  F     CKND6BWP30P140                1  8.2    11    10      54    (-,-) 
  g5384/ZN                                                                          -       I->ZN  R     CKND16BWP30P140              22 28.2    13    12      66    (-,-) 
  WEIGHT_TRANSFORM_ROWS[2].weight_trf_row/csa_tree_fac733_g6040/ZN                  -       I->ZN  F     INVD3BWP30P140                3  9.6    20    16      82    (-,-) 
  WEIGHT_TRANSFORM_ROWS[2].weight_trf_row/csa_tree_sub0039253_groupi_g7508/ZN       -       A2->ZN R     ND2OPTPAD4BWP30P140           4  5.1    16    15      97    (-,-) 
  WEIGHT_TRANSFORM_ROWS[2].weight_trf_row/csa_tree_sub0039253_groupi_g7279/Z        -       A2->Z  R     XOR3D4BWP30P140               1  2.9    15    57     154    (-,-) 
  WEIGHT_TRANSFORM_ROWS[2].weight_trf_row/csa_tree_sub0039253_groupi_g7177/S        -       CI->S  F     FA1D4BWP30P140                4  3.9    22    69     223    (-,-) 
  WEIGHT_TRANSFORM_ROWS[2].weight_trf_row/f_floor_div_1103_22:rem_1036_18_g33593/ZN -       A1->ZN R     NR2OPTIBD1BWP30P140           2  2.5    35    26     249    (-,-) 
  WEIGHT_TRANSFORM_ROWS[2].weight_trf_row/f_floor_div_1103_22:rem_1036_18_g33592/ZN -       I->ZN  F     INVD1P5BWP30P140              2  2.5    17    14     263    (-,-) 
  WEIGHT_TRANSFORM_ROWS[2].weight_trf_row/f_floor_div_1103_22:rem_1036_18_g33590/ZN -       A2->ZN R     NR2OPTIBD2BWP30P140           3  3.8    29    24     287    (-,-) 
  WEIGHT_TRANSFORM_ROWS[2].weight_trf_row/f_floor_div_1103_22:rem_1036_18_g33588/ZN -       B1->ZN F     IND2D2BWP30P140               2  2.6    22    19     306    (-,-) 
  WEIGHT_TRANSFORM_ROWS[2].weight_trf_row/f_floor_div_1103_22:rem_1036_18_g33586/ZN -       A1->ZN R     NR2OPTPAD2BWP30P140           3  4.2    22    20     326    (-,-) 
  WEIGHT_TRANSFORM_ROWS[2].weight_trf_row/f_floor_div_1103_22:rem_1036_18_g33582/ZN -       B1->ZN F     IND2D2BWP30P140               2  2.2    19    17     343    (-,-) 
  WEIGHT_TRANSFORM_ROWS[2].weight_trf_row/f_floor_div_1103_22:rem_1036_18_g33580/Z  -       A1->Z  F     OR2D4BWP30P140                3  3.3    10    23     366    (-,-) 
  WEIGHT_TRANSFORM_ROWS[2].weight_trf_row/f_floor_div_1103_22:rem_1036_18_g33576/Z  -       A1->Z  F     OR2D4BWP30P140                3  3.5    10    21     387    (-,-) 
  WEIGHT_TRANSFORM_ROWS[2].weight_trf_row/f_floor_div_1103_22:rem_1036_18_g33573/ZN -       A1->ZN R     NR2OPTPAD2BWP30P140           3  4.3    22    16     404    (-,-) 
  WEIGHT_TRANSFORM_ROWS[2].weight_trf_row/f_floor_div_1103_22:rem_1036_18_g33569/ZN -       B1->ZN F     IND2D2BWP30P140               2  2.2    19    17     421    (-,-) 
  WEIGHT_TRANSFORM_ROWS[2].weight_trf_row/f_floor_div_1103_22:rem_1036_18_g33567/Z  -       A1->Z  F     OR2D4BWP30P140                3  3.5    11    23     444    (-,-) 
  WEIGHT_TRANSFORM_ROWS[2].weight_trf_row/f_floor_div_1103_22:rem_1036_18_g33563/ZN -       A1->ZN R     NR2OPTPAD2BWP30P140           3  4.2    22    16     460    (-,-) 
  WEIGHT_TRANSFORM_ROWS[2].weight_trf_row/f_floor_div_1103_22:rem_1036_18_g33561/ZN -       B1->ZN F     IND2D2BWP30P140               2  2.6    21    18     479    (-,-) 
  WEIGHT_TRANSFORM_ROWS[2].weight_trf_row/f_floor_div_1103_22:rem_1036_18_g33557/ZN -       A1->ZN R     NR2OPTPAD2BWP30P140           3  3.8    21    19     497    (-,-) 
  WEIGHT_TRANSFORM_ROWS[2].weight_trf_row/f_floor_div_1103_22:rem_1036_18_g33555/ZN -       A1->ZN F     CKND2D2BWP30P140              2  2.6    20    16     513    (-,-) 
  WEIGHT_TRANSFORM_ROWS[2].weight_trf_row/f_floor_div_1103_22:rem_1036_18_g33551/ZN -       A1->ZN R     NR2OPTPAD2BWP30P140           3  4.2    23    19     533    (-,-) 
  WEIGHT_TRANSFORM_ROWS[2].weight_trf_row/f_floor_div_1103_22:rem_1036_18_g33549/ZN -       B1->ZN F     IND2D2BWP30P140               2  2.6    21    18     551    (-,-) 
  WEIGHT_TRANSFORM_ROWS[2].weight_trf_row/f_floor_div_1103_22:rem_1036_18_g33545/ZN -       A1->ZN R     NR2OPTPAD2BWP30P140           3  4.2    22    20     571    (-,-) 
  WEIGHT_TRANSFORM_ROWS[2].weight_trf_row/f_floor_div_1103_22:rem_1036_18_g33543/ZN -       B1->ZN F     IND2D2BWP30P140               2  2.5    20    18     589    (-,-) 
  WEIGHT_TRANSFORM_ROWS[2].weight_trf_row/f_floor_div_1103_22:rem_1036_18_g33539/ZN -       A1->ZN R     ND2D1BWP30P140                3  4.0    29    23     612    (-,-) 
  WEIGHT_TRANSFORM_ROWS[2].weight_trf_row/f_floor_div_1103_22:rem_1036_18_g33537/ZN -       A2->ZN F     NR2OPTIBD2BWP30P140           2  2.7    17    16     627    (-,-) 
  WEIGHT_TRANSFORM_ROWS[2].weight_trf_row/g34015/Z                                  -       A1->Z  F     AO21D2BWP30P140               2  2.5    15    27     654    (-,-) 
  WEIGHT_TRANSFORM_ROWS[2].weight_trf_row/f_floor_div_1103_22:rem_1036_18_g33534/ZN -       I->ZN  R     CKND2BWP30P140                3  4.0    15    14     668    (-,-) 
  WEIGHT_TRANSFORM_ROWS[2].weight_trf_row/f_floor_div_1103_22:rem_1036_18_g33530/ZN -       A1->ZN F     AOI21D2BWP30P140              3  3.4    26    19     688    (-,-) 
  WEIGHT_TRANSFORM_ROWS[2].weight_trf_row/f_floor_div_1103_22:rem_1036_18_g33529/ZN -       A1->ZN F     INR2D1BWP30P140               1  1.9    29    29     716    (-,-) 
  WEIGHT_TRANSFORM_ROWS[2].weight_trf_row/f_floor_div_1103_22:rem_1036_18_g33520/Z  -       B->Z   F     AO211D4BWP30P140              3  4.1    15    44     760    (-,-) 
  WEIGHT_TRANSFORM_ROWS[2].weight_trf_row/f_floor_div_1103_22:rem_1036_18_g33519/ZN -       A1->ZN R     ND2OPTIBD2BWP30P140           2  3.0    21    15     775    (-,-) 
  WEIGHT_TRANSFORM_ROWS[2].weight_trf_row/f_floor_div_1103_22:rem_1036_18_g33516/ZN -       A1->ZN F     CKND2D4BWP30P140              2  3.6    17    13     788    (-,-) 
  WEIGHT_TRANSFORM_ROWS[2].weight_trf_row/f_floor_div_1103_22:rem_1036_18_g33515/ZN -       I->ZN  R     INVD3BWP30P140                2  3.3    11    11     799    (-,-) 
  WEIGHT_TRANSFORM_ROWS[2].weight_trf_row/f_floor_div_1103_22:rem_1036_18_g33512/ZN -       A1->ZN F     XNR2D1BWP30P140               3  4.4    28    36     835    (-,-) 
  WEIGHT_TRANSFORM_ROWS[2].weight_trf_row/f_floor_div_1103_22:rem_1036_18_g33501/ZN -       A2->ZN R     NR2OPTIBD1BWP30P140           2  1.9    30    26     861    (-,-) 
  WEIGHT_TRANSFORM_ROWS[2].weight_trf_row/f_floor_div_1103_22:rem_1036_18_g33497/Z  -       A4->Z  R     OR4D1BWP30P140                2  2.9    22    34     895    (-,-) 
  WEIGHT_TRANSFORM_ROWS[2].weight_trf_row/f_floor_div_1103_22:rem_1036_18_g33494/ZN -       B->ZN  F     OAI211OPTREPBD1BWP30P140      1  1.8    35    28     923    (-,-) 
  WEIGHT_TRANSFORM_ROWS[2].weight_trf_row/f_floor_div_1103_22:rem_1036_18_g33491/ZN -       B->ZN  R     IAO21D2BWP30P140              2  3.0    24    23     946    (-,-) 
  WEIGHT_TRANSFORM_ROWS[2].weight_trf_row/f_floor_div_1103_22:rem_1036_18_g33601/Z  -       A2->Z  R     XOR2OPTND2BWP30P140           3  3.0    32    30     976    (-,-) 
  WEIGHT_TRANSFORM_ROWS[2].weight_trf_row/f_floor_div_1103_22:rem_1036_18_g33484/ZN -       A1->ZN F     NR2OPTIBD1BWP30P140           1  1.7    29    17     993    (-,-) 
  WEIGHT_TRANSFORM_ROWS[2].weight_trf_row/f_floor_div_1103_22:rem_1036_18_g33475/Z  -       A2->Z  F     OR3D4BWP30P140                3  4.6    14    36    1029    (-,-) 
  WEIGHT_TRANSFORM_ROWS[2].weight_trf_row/f_floor_div_1103_22:rem_1036_18_g33474/ZN -       A1->ZN R     ND2D3BWP30P140                2  3.0    16    10    1040    (-,-) 
  WEIGHT_TRANSFORM_ROWS[2].weight_trf_row/f_floor_div_1103_22:rem_1036_18_g33471/ZN -       A1->ZN F     ND2D3BWP30P140                2  3.0    19    15    1055    (-,-) 
  WEIGHT_TRANSFORM_ROWS[2].weight_trf_row/f_floor_div_1103_22:rem_1036_18_g33470/ZN -       I->ZN  R     CKND2BWP30P140                2  3.3    14    14    1069    (-,-) 
  WEIGHT_TRANSFORM_ROWS[2].weight_trf_row/f_floor_div_1103_22:rem_1036_18_g33467/ZN -       A1->ZN F     XNR2D2BWP30P140               3  5.0    20    33    1102    (-,-) 
  WEIGHT_TRANSFORM_ROWS[2].weight_trf_row/f_floor_div_1103_22:rem_1036_18_g33458/ZN -       A2->ZN R     NR2D1BWP30P140                2  1.9    30    24    1126    (-,-) 
  WEIGHT_TRANSFORM_ROWS[2].weight_trf_row/f_floor_div_1103_22:rem_1036_18_g33454/Z  -       A4->Z  R     OR4D1BWP30P140                2  2.9    22    34    1160    (-,-) 
  WEIGHT_TRANSFORM_ROWS[2].weight_trf_row/f_floor_div_1103_22:rem_1036_18_g33451/ZN -       B->ZN  F     OAI211OPTREPBD1BWP30P140      1  1.8    35    28    1188    (-,-) 
  WEIGHT_TRANSFORM_ROWS[2].weight_trf_row/f_floor_div_1103_22:rem_1036_18_g33448/ZN -       B->ZN  R     IAO21D2BWP30P140              2  4.8    32    28    1216    (-,-) 
  WEIGHT_TRANSFORM_ROWS[2].weight_trf_row/f_floor_div_1103_22:rem_1036_18_g33444/Z  -       A1->Z  R     XOR2OPTND4BWP30P140           3  3.0    25    23    1239    (-,-) 
  WEIGHT_TRANSFORM_ROWS[2].weight_trf_row/f_floor_div_1103_22:rem_1036_18_g33436/ZN -       B->ZN  F     AOI21D1BWP30P140              1  1.6    29    18    1257    (-,-) 
  WEIGHT_TRANSFORM_ROWS[2].weight_trf_row/f_floor_div_1103_22:rem_1036_18_g33434/Z  -       A3->Z  F     OR3D4BWP30P140                3  4.2    14    32    1290    (-,-) 
  WEIGHT_TRANSFORM_ROWS[2].weight_trf_row/f_floor_div_1103_22:rem_1036_18_g33432/ZN -       A1->ZN R     ND2OPTIBD2BWP30P140           2  3.0    21    14    1304    (-,-) 
  WEIGHT_TRANSFORM_ROWS[2].weight_trf_row/f_floor_div_1103_22:rem_1036_18_g33429/ZN -       A1->ZN F     ND2D3BWP30P140                2  3.0    20    16    1320    (-,-) 
  WEIGHT_TRANSFORM_ROWS[2].weight_trf_row/f_floor_div_1103_22:rem_1036_18_g33428/ZN -       I->ZN  R     CKND2BWP30P140                2  3.3    14    14    1334    (-,-) 
  WEIGHT_TRANSFORM_ROWS[2].weight_trf_row/f_floor_div_1103_22:rem_1036_18_g33424/Z  -       A1->Z  R     XOR2UD1BWP30P140              1  1.3    38    20    1354    (-,-) 
  WEIGHT_TRANSFORM_ROWS[2].weight_trf_row/f_floor_div_1103_22:rem_1036_18_g33421/ZN -       A1->ZN F     NR2OPTPAD1BWP30P140           3  3.3    27    23    1378    (-,-) 
  WEIGHT_TRANSFORM_ROWS[2].weight_trf_row/f_floor_div_1103_22:rem_1036_18_g33414/ZN -       A3->ZN R     NR3D0BWP30P140                1  2.3    43    39    1416    (-,-) 
  WEIGHT_TRANSFORM_ROWS[2].weight_trf_row/f_floor_div_1103_22:rem_1036_18_g33411/ZN -       A2->ZN F     ND2D3BWP30P140                2  3.1    22    20    1436    (-,-) 
  WEIGHT_TRANSFORM_ROWS[2].weight_trf_row/f_floor_div_1103_22:rem_1036_18_g33408/ZN -       A1->ZN R     ND2OPTIBD4BWP30P140           2  2.6    13    12    1449    (-,-) 
  WEIGHT_TRANSFORM_ROWS[2].weight_trf_row/f_floor_div_1103_22:rem_1036_18_g33405/ZN -       A1->ZN F     NR2OPTPAD1BWP30P140           1  3.5    32    18    1466    (-,-) 
  WEIGHT_TRANSFORM_ROWS[2].weight_trf_row/f_floor_div_1103_22:rem_1036_18_g33398/Z  -       A1->Z  F     XOR2OPTND4BWP30P140           5  5.0    37    27    1493    (-,-) 
  WEIGHT_TRANSFORM_ROWS[2].weight_trf_row/f_floor_div_1103_22:rem_1036_18_g33394/ZN -       A1->ZN R     CKND2D2BWP30P140              1  1.8    20    21    1514    (-,-) 
  WEIGHT_TRANSFORM_ROWS[2].weight_trf_row/f_floor_div_1103_22:rem_1036_18_g33393/ZN -       A1->ZN F     ND2D2BWP30P140                1  2.5    23    17    1532    (-,-) 
  WEIGHT_TRANSFORM_ROWS[2].weight_trf_row/f_floor_div_1103_22:rem_1036_18_g33598/ZN -       B1->ZN R     IND3D4BWP30P140               2  3.5    15    14    1546    (-,-) 
  WEIGHT_TRANSFORM_ROWS[2].weight_trf_row/f_floor_div_1103_22:rem_1036_18_g33386/ZN -       A1->ZN F     ND2D3BWP30P140                2  2.7    18    14    1561    (-,-) 
  WEIGHT_TRANSFORM_ROWS[2].weight_trf_row/f_floor_div_1103_22:rem_1036_18_g33597/ZN -       B1->ZN R     IND2D2BWP30P140               2  3.0    14    14    1575    (-,-) 
  WEIGHT_TRANSFORM_ROWS[2].weight_trf_row/f_floor_div_1103_22:rem_1036_18_g33382/ZN -       I->ZN  F     CKND2BWP30P140                2  3.1    13    11    1586    (-,-) 
  WEIGHT_TRANSFORM_ROWS[2].weight_trf_row/f_floor_div_1103_22:rem_1036_18_g33379/Z  -       A1->Z  F     XOR2UD1BWP30P140              1  1.3    30    23    1609    (-,-) 
  WEIGHT_TRANSFORM_ROWS[2].weight_trf_row/f_floor_div_1103_22:rem_1036_18_g33375/ZN -       A1->ZN R     NR2OPTPAD1BWP30P140           3  3.6    35    30    1639    (-,-) 
  WEIGHT_TRANSFORM_ROWS[2].weight_trf_row/f_floor_div_1103_22:rem_1036_18_g33366/Z  -       A1->Z  R     OR4D2BWP30P140                2  3.2    16    38    1678    (-,-) 
  WEIGHT_TRANSFORM_ROWS[2].weight_trf_row/f_floor_div_1103_22:rem_1036_18_g33361/ZN -       B->ZN  F     OAI211D2BWP30P140             1  1.3    32    27    1705    (-,-) 
  WEIGHT_TRANSFORM_ROWS[2].weight_trf_row/f_floor_div_1103_22:rem_1036_18_g33358/ZN -       B->ZN  R     AOI21OPTREPBD1BWP30P140       2  2.1    29    28    1733    (-,-) 
  WEIGHT_TRANSFORM_ROWS[2].weight_trf_row/f_floor_div_1103_22:rem_1036_18_g33357/ZN -       I->ZN  F     CKND1BWP30P140                1  1.9    19    17    1750    (-,-) 
  WEIGHT_TRANSFORM_ROWS[2].weight_trf_row/f_floor_div_1103_22:rem_1036_18_g33354/ZN -       A2->ZN R     AOI21D2BWP30P140              1  2.3    25    20    1770    (-,-) 
  WEIGHT_TRANSFORM_ROWS[2].weight_trf_row/f_floor_div_1103_22:rem_1036_18_g33350/ZN -       A1->ZN R     XNR2OPTND2BWP30P140           1  1.7    30    24    1794    (-,-) 
  WEIGHT_TRANSFORM_ROWS[2].weight_trf_row/f_floor_div_1103_22:rem_1036_18_g33349/ZN -       A1->ZN F     NR2OPTPAD2BWP30P140           1  3.3    21    15    1809    (-,-) 
  WEIGHT_TRANSFORM_ROWS[2].weight_trf_row/f_floor_div_1103_22:rem_1036_18_g33348/ZN -       A1->ZN R     AOI21D6BWP30P140              2  8.0    32    21    1830    (-,-) 
  WEIGHT_TRANSFORM_ROWS[2].weight_trf_row/g24785/ZN                                 -       A1->ZN F     ND2D8BWP30P140               19 19.2    36    27    1857    (-,-) 
  WEIGHT_TRANSFORM_ROWS[2].weight_trf_row/g24078/ZN                                 -       A2->ZN R     NR2D1BWP30P140                2  2.2    30    31    1888    (-,-) 
  WEIGHT_TRANSFORM_ROWS[2].weight_trf_row/g24961/ZN                                 -       B1->ZN F     IND2D1BWP30P140               2  2.6    35    28    1915    (-,-) 
  WEIGHT_TRANSFORM_ROWS[2].weight_trf_row/g24064/ZN                                 -       I0->ZN R     MUX2NOPTD2BWP30P140           1  1.3    24    23    1938    (-,-) 
  g89907/ZN                                                                         -       A1->ZN F     ND2D1BWP30P140                1  1.3    30    18    1957    (-,-) 
  g85831/ZN                                                                         -       A2->ZN R     ND3D1BWP30P140                1  1.3    20    18    1975    (-,-) 
  r_input_weight_reg[0][20]/D                                                       <<<     -      R     DFCNQD1BWP30P140              1    -     -     0    1975    (-,-) 
#--------------------------------------------------------------------------------------------------------------------------------------------------------------------------


