============================================================
  Generated by:           Genus(TM) Synthesis Solution 21.12-s068_1
  Generated on:           Oct 09 2026  12:24:00 pm
  Module:                 Conv
  Operating conditions:   ssg0p81v125c 
  Operating conditions:   tt0p9v25c 
  Operating conditions:   ffg0p99vm40c 
  Interconnect mode:      global
  Area mode:              physical library
============================================================


Path 1: MET (398 ps) Late External Delay Assertion at pin p_output_data_write[79]
           View: analysis_view_0p99v_m40c_capbst_fastest
          Group: clk
     Startpoint: (R) r_output_write_count_reg[1]/CP
          Clock: (R) clk
       Endpoint: (R) p_output_data_write[79]
          Clock: (R) clk

                     Capture       Launch     
        Clock Edge:+    2000            0     
       Src Latency:+       0            0     
       Net Latency:+       0 (I)        0 (I) 
           Arrival:=    2000            0     
                                              
      Output Delay:-    1000                  
     Required Time:=    1000                  
      Launch Clock:-       0                  
         Data Path:-     602                  
             Slack:=     398                  

Exceptions/Constraints:
  output_delay             1000            tmp_sdc_analysis_vie_1_line_481 

#------------------------------------------------------------------------------------------------------------------
#         Timing Point           Flags    Arc   Edge        Cell         Fanout  Load Trans Delay Arrival Instance 
#                                                                                (fF)  (ps)  (ps)   (ps)  Location 
#------------------------------------------------------------------------------------------------------------------
  r_output_write_count_reg[1]/CP -       -      R     (arrival)               4     -     0     0       0    (-,-) 
  r_output_write_count_reg[1]/Q  -       CP->Q  F     DFCNQD1BWP30P140        3   6.7    24    46      46    (-,-) 
  g13413/ZN                      -       A1->ZN R     NR2D4BWP30P140         56  68.0    94    62     108    (-,-) 
  g13062/Z                       -       I->Z   R     BUFFD2BWP30P140       104 125.9   198   127     236    (-,-) 
  g12637/ZN                      -       B1->ZN F     AOI22D1BWP30P140        1   1.7    50    26     262    (-,-) 
  g12132/ZN                      -       A2->ZN R     CKND2D1BWP30P140        1   3.9    33    31     292    (-,-) 
  add_982_76_I4_g474/CO          -       A->CO  R     FA1OPTCD1BWP30P140      1   2.5    14    34     326    (-,-) 
  add_982_76_I4_g473/CO          -       CI->CO R     FA1D1BWP30P140          1   3.0    15    23     350    (-,-) 
  add_982_76_I4_g472/CO          -       CI->CO R     FA1OPTCD1BWP30P140      1   2.5    14    19     369    (-,-) 
  add_982_76_I4_g471/CO          -       CI->CO R     FA1D1BWP30P140          1   2.5    14    22     391    (-,-) 
  add_982_76_I4_g470/CO          -       CI->CO R     FA1D1BWP30P140          1   2.5    14    22     414    (-,-) 
  add_982_76_I4_g469/CO          -       CI->CO R     FA1D1BWP30P140          1   2.5    14    22     436    (-,-) 
  add_982_76_I4_g468/CO          -       CI->CO R     FA1D1BWP30P140          1   2.5    14    22     458    (-,-) 
  add_982_76_I4_g467/CO          -       CI->CO R     FA1D1BWP30P140          1   2.5    14    22     481    (-,-) 
  add_982_76_I4_g466/CO          -       CI->CO R     FA1D1BWP30P140          1   2.5    14    22     503    (-,-) 
  add_982_76_I4_g465/CO          -       CI->CO R     FA1D1BWP30P140          1   2.5    14    22     526    (-,-) 
  add_982_76_I4_g464/CO          -       CI->CO R     FA1D1BWP30P140          1   2.5    14    22     548    (-,-) 
  add_982_76_I4_g463/CO          -       CI->CO R     FA1D1BWP30P140          1   1.8    11    21     569    (-,-) 
  add_982_76_I4_g462/Z           -       A3->Z  R     XOR3UD1BWP30P140        1   5.2    39    33     602    (-,-) 
  p_output_data_write[79]        <<<     -      R     (port)                  -     -     -     0     602    (-,-) 
#------------------------------------------------------------------------------------------------------------------


