============================================================
  Generated by:           Genus(TM) Synthesis Solution 21.12-s068_1
  Generated on:           Oct 09 2026  12:23:27 pm
  Module:                 Conv
  Library domain:         timing_cond_0p81v_125c
    Domain index:         0
    Technology library:   tcbn28hpcplusbwp30p140ssg0p81v125c 110
  Operating conditions:   ssg0p81v125c 
  Interconnect mode:      global
  Area mode:              physical library
============================================================

                                                                                     Library 
          Gate            Instances    Area                   Library                 Domain 
---------------------------------------------------------------------------------------------
AN2D0BWP30P140                    1      0.504    tcbn28hpcplusbwp30p140ssg0p81v125c       0 
AN2D1BWP30P140                   75     37.800    tcbn28hpcplusbwp30p140ssg0p81v125c       0 
AN2D2BWP30P140                   64     40.320    tcbn28hpcplusbwp30p140ssg0p81v125c       0 
AN2D4BWP30P140                   53     60.102    tcbn28hpcplusbwp30p140ssg0p81v125c       0 
AN2D8BWP30P140                    2      3.780    tcbn28hpcplusbwp30p140ssg0p81v125c       0 
AN3D0BWP30P140                    2      1.260    tcbn28hpcplusbwp30p140ssg0p81v125c       0 
AN3D1BWP30P140                   28     17.640    tcbn28hpcplusbwp30p140ssg0p81v125c       0 
AN3D2BWP30P140                    8      6.048    tcbn28hpcplusbwp30p140ssg0p81v125c       0 
AN3D4BWP30P140                    5      6.930    tcbn28hpcplusbwp30p140ssg0p81v125c       0 
AN3D6BWP30P140                    2      3.276    tcbn28hpcplusbwp30p140ssg0p81v125c       0 
AN4D1BWP30P140                   11      8.316    tcbn28hpcplusbwp30p140ssg0p81v125c       0 
AN4D2BWP30P140                    1      0.882    tcbn28hpcplusbwp30p140ssg0p81v125c       0 
AO211D1BWP30P140                 65     49.140    tcbn28hpcplusbwp30p140ssg0p81v125c       0 
AO211D2BWP30P140                  4      3.528    tcbn28hpcplusbwp30p140ssg0p81v125c       0 
AO211D4BWP30P140                 29     47.502    tcbn28hpcplusbwp30p140ssg0p81v125c       0 
AO21D0BWP30P140                   1      0.630    tcbn28hpcplusbwp30p140ssg0p81v125c       0 
AO21D1BWP30P140                 155     97.650    tcbn28hpcplusbwp30p140ssg0p81v125c       0 
AO21D2BWP30P140                  38     28.728    tcbn28hpcplusbwp30p140ssg0p81v125c       0 
AO21D4BWP30P140                  44     60.984    tcbn28hpcplusbwp30p140ssg0p81v125c       0 
AO22D0BWP30P140                1150    869.400    tcbn28hpcplusbwp30p140ssg0p81v125c       0 
AO22D1BWP30P140                  16     14.112    tcbn28hpcplusbwp30p140ssg0p81v125c       0 
AO22D2BWP30P140                   5      5.040    tcbn28hpcplusbwp30p140ssg0p81v125c       0 
AO22D4BWP30P140                  52     91.728    tcbn28hpcplusbwp30p140ssg0p81v125c       0 
AOI211D1BWP30P140                10      6.300    tcbn28hpcplusbwp30p140ssg0p81v125c       0 
AOI211D2BWP30P140                36     40.824    tcbn28hpcplusbwp30p140ssg0p81v125c       0 
AOI211D4BWP30P140                46    104.328    tcbn28hpcplusbwp30p140ssg0p81v125c       0 
AOI211D6BWP30P140                 4     13.104    tcbn28hpcplusbwp30p140ssg0p81v125c       0 
AOI211OPTREPBD1BWP30P140          3      3.402    tcbn28hpcplusbwp30p140ssg0p81v125c       0 
AOI211OPTREPBD2BWP30P140         17     29.988    tcbn28hpcplusbwp30p140ssg0p81v125c       0 
AOI211OPTREPBD4BWP30P140         26     91.728    tcbn28hpcplusbwp30p140ssg0p81v125c       0 
AOI211OPTREPBD6BWP30P140          3     15.498    tcbn28hpcplusbwp30p140ssg0p81v125c       0 
AOI21D0P7BWP30P140                2      1.008    tcbn28hpcplusbwp30p140ssg0p81v125c       0 
AOI21D16BWP30P140                 1      6.300    tcbn28hpcplusbwp30p140ssg0p81v125c       0 
AOI21D1BWP30P140                866    436.464    tcbn28hpcplusbwp30p140ssg0p81v125c       0 
AOI21D1P5BWP30P140                7      6.174    tcbn28hpcplusbwp30p140ssg0p81v125c       0 
AOI21D2BWP30P140                550    485.100    tcbn28hpcplusbwp30p140ssg0p81v125c       0 
AOI21D4BWP30P140                591   1042.524    tcbn28hpcplusbwp30p140ssg0p81v125c       0 
AOI21D6BWP30P140                509   1282.680    tcbn28hpcplusbwp30p140ssg0p81v125c       0 
AOI21D8BWP30P140                183    599.508    tcbn28hpcplusbwp30p140ssg0p81v125c       0 
AOI21OPTREPBD1BWP30P140         185    139.860    tcbn28hpcplusbwp30p140ssg0p81v125c       0 
AOI21OPTREPBD2BWP30P140          95    131.670    tcbn28hpcplusbwp30p140ssg0p81v125c       0 
AOI21OPTREPBD4BWP30P140          85    224.910    tcbn28hpcplusbwp30p140ssg0p81v125c       0 
AOI21OPTREPBD6BWP30P140          24     93.744    tcbn28hpcplusbwp30p140ssg0p81v125c       0 
AOI21OPTREPBD8BWP30P140           5     25.830    tcbn28hpcplusbwp30p140ssg0p81v125c       0 
AOI221D1BWP30P140              1084    819.504    tcbn28hpcplusbwp30p140ssg0p81v125c       0 
AOI221D2BWP30P140                 8     12.096    tcbn28hpcplusbwp30p140ssg0p81v125c       0 
AOI221D4BWP30P140                 9     26.082    tcbn28hpcplusbwp30p140ssg0p81v125c       0 
AOI222D1BWP30P140               153    154.224    tcbn28hpcplusbwp30p140ssg0p81v125c       0 
AOI222D2BWP30P140                12     21.168    tcbn28hpcplusbwp30p140ssg0p81v125c       0 
AOI22D0P7BWP30P140                1      0.630    tcbn28hpcplusbwp30p140ssg0p81v125c       0 
AOI22D1BWP30P140               1997   1258.110    tcbn28hpcplusbwp30p140ssg0p81v125c       0 
AOI22D1P5BWP30P140                1      1.134    tcbn28hpcplusbwp30p140ssg0p81v125c       0 
AOI22D2BWP30P140                 35     39.690    tcbn28hpcplusbwp30p140ssg0p81v125c       0 
AOI22D4BWP30P140                 48    108.864    tcbn28hpcplusbwp30p140ssg0p81v125c       0 
AOI22D6BWP30P140                  7     22.932    tcbn28hpcplusbwp30p140ssg0p81v125c       0 
AOI31D1BWP30P140                 13      8.190    tcbn28hpcplusbwp30p140ssg0p81v125c       0 
AOI31D2BWP30P140                 19     21.546    tcbn28hpcplusbwp30p140ssg0p81v125c       0 
AOI31D4BWP30P140                 23     52.164    tcbn28hpcplusbwp30p140ssg0p81v125c       0 
AOI32D1BWP30P140                 10      7.560    tcbn28hpcplusbwp30p140ssg0p81v125c       0 
BUFFD0BWP30P140                   3      1.134    tcbn28hpcplusbwp30p140ssg0p81v125c       0 
BUFFD0P7BWP30P140                 2      0.756    tcbn28hpcplusbwp30p140ssg0p81v125c       0 
BUFFD12BWP30P140                 13     27.846    tcbn28hpcplusbwp30p140ssg0p81v125c       0 
BUFFD1P5BWP30P140               147     74.088    tcbn28hpcplusbwp30p140ssg0p81v125c       0 
BUFFD2BWP30P140                  41     20.664    tcbn28hpcplusbwp30p140ssg0p81v125c       0 
BUFFD3BWP30P140                  13      8.190    tcbn28hpcplusbwp30p140ssg0p81v125c       0 
BUFFD4BWP30P140                 410    361.620    tcbn28hpcplusbwp30p140ssg0p81v125c       0 
BUFFD6BWP30P140                   2      2.268    tcbn28hpcplusbwp30p140ssg0p81v125c       0 
BUFFD8BWP30P140                  15     22.680    tcbn28hpcplusbwp30p140ssg0p81v125c       0 
CKAN2D1BWP30P140                737    371.448    tcbn28hpcplusbwp30p140ssg0p81v125c       0 
CKAN2D2BWP30P140                 18     11.340    tcbn28hpcplusbwp30p140ssg0p81v125c       0 
CKAN2D4BWP30P140                  2      1.764    tcbn28hpcplusbwp30p140ssg0p81v125c       0 
CKAN2D8BWP30P140                 15     20.790    tcbn28hpcplusbwp30p140ssg0p81v125c       0 
CKBD12BWP30P140                   2      4.284    tcbn28hpcplusbwp30p140ssg0p81v125c       0 
CKBD1BWP30P140                  696    263.088    tcbn28hpcplusbwp30p140ssg0p81v125c       0 
CKBD2BWP30P140                   37     18.648    tcbn28hpcplusbwp30p140ssg0p81v125c       0 
CKBD3BWP30P140                    3      1.890    tcbn28hpcplusbwp30p140ssg0p81v125c       0 
CKBD4BWP30P140                   53     46.746    tcbn28hpcplusbwp30p140ssg0p81v125c       0 
CKBD6BWP30P140                    8      9.072    tcbn28hpcplusbwp30p140ssg0p81v125c       0 
CKBD8BWP30P140                    4      6.048    tcbn28hpcplusbwp30p140ssg0p81v125c       0 
CKLNQD1BWP30P140                 53    100.170    tcbn28hpcplusbwp30p140ssg0p81v125c       0 
CKMUX2D0BWP30P140               269    237.258    tcbn28hpcplusbwp30p140ssg0p81v125c       0 
CKMUX2D4BWP30P140                 1      1.764    tcbn28hpcplusbwp30p140ssg0p81v125c       0 
CKND12BWP30P140                  29     47.502    tcbn28hpcplusbwp30p140ssg0p81v125c       0 
CKND16BWP30P140                   6     12.852    tcbn28hpcplusbwp30p140ssg0p81v125c       0 
CKND1BWP30P140                 5531   1393.812    tcbn28hpcplusbwp30p140ssg0p81v125c       0 
CKND2BWP30P140                 1806    682.668    tcbn28hpcplusbwp30p140ssg0p81v125c       0 
CKND2D0BWP30P140                  1      0.378    tcbn28hpcplusbwp30p140ssg0p81v125c       0 
CKND2D1BWP30P140                858    324.324    tcbn28hpcplusbwp30p140ssg0p81v125c       0 
CKND2D2BWP30P140                 75     47.250    tcbn28hpcplusbwp30p140ssg0p81v125c       0 
CKND2D3BWP30P140                235    207.270    tcbn28hpcplusbwp30p140ssg0p81v125c       0 
CKND2D4BWP30P140                183    207.522    tcbn28hpcplusbwp30p140ssg0p81v125c       0 
CKND2D8BWP30P140                412    882.504    tcbn28hpcplusbwp30p140ssg0p81v125c       0 
CKND3BWP30P140                  119     59.976    tcbn28hpcplusbwp30p140ssg0p81v125c       0 
CKND4BWP30P140                  490    308.700    tcbn28hpcplusbwp30p140ssg0p81v125c       0 
CKND6BWP30P140                  107     94.374    tcbn28hpcplusbwp30p140ssg0p81v125c       0 
CKND8BWP30P140                   17     19.278    tcbn28hpcplusbwp30p140ssg0p81v125c       0 
CKXOR2D2BWP30P140                 3      3.402    tcbn28hpcplusbwp30p140ssg0p81v125c       0 
DCCKND8BWP30P140                  2      4.536    tcbn28hpcplusbwp30p140ssg0p81v125c       0 
DEL025D1BWP30P140                 6      2.268    tcbn28hpcplusbwp30p140ssg0p81v125c       0 
DFCND1BWP30P140                  30     75.600    tcbn28hpcplusbwp30p140ssg0p81v125c       0 
DFCND2BWP30P140                   3      8.694    tcbn28hpcplusbwp30p140ssg0p81v125c       0 
DFCND4BWP30P140                   3     10.206    tcbn28hpcplusbwp30p140ssg0p81v125c       0 
DFCNQD1BWP30P140               2203   4996.404    tcbn28hpcplusbwp30p140ssg0p81v125c       0 
DFCNQD2BWP30P140                  9     23.814    tcbn28hpcplusbwp30p140ssg0p81v125c       0 
DFCNQD4BWP30P140                 30     86.940    tcbn28hpcplusbwp30p140ssg0p81v125c       0 
DFSNQD2BWP30P140                  1      2.268    tcbn28hpcplusbwp30p140ssg0p81v125c       0 
EDFCND1BWP30P140                  6     18.144    tcbn28hpcplusbwp30p140ssg0p81v125c       0 
EDFCNQD1BWP30P140                 9     26.082    tcbn28hpcplusbwp30p140ssg0p81v125c       0 
FA1D0BWP30P140                    3      6.426    tcbn28hpcplusbwp30p140ssg0p81v125c       0 
FA1D1BWP30P140                 5514  11810.988    tcbn28hpcplusbwp30p140ssg0p81v125c       0 
FA1D2BWP30P140                  132    316.008    tcbn28hpcplusbwp30p140ssg0p81v125c       0 
FA1D4BWP30P140                  184    672.336    tcbn28hpcplusbwp30p140ssg0p81v125c       0 
FA1OPTCD1BWP30P140               49    123.480    tcbn28hpcplusbwp30p140ssg0p81v125c       0 
FA1OPTCD2BWP30P140               66    199.584    tcbn28hpcplusbwp30p140ssg0p81v125c       0 
HA1D0BWP30P140                    1      1.638    tcbn28hpcplusbwp30p140ssg0p81v125c       0 
HA1D1BWP30P140                  600    982.800    tcbn28hpcplusbwp30p140ssg0p81v125c       0 
HA1D2BWP30P140                   28     52.920    tcbn28hpcplusbwp30p140ssg0p81v125c       0 
HA1D4BWP30P140                   41    118.818    tcbn28hpcplusbwp30p140ssg0p81v125c       0 
IAO21D0BWP30P140                147     92.610    tcbn28hpcplusbwp30p140ssg0p81v125c       0 
IAO21D1BWP30P140                118     74.340    tcbn28hpcplusbwp30p140ssg0p81v125c       0 
IAO21D2BWP30P140                379    334.278    tcbn28hpcplusbwp30p140ssg0p81v125c       0 
IAO21D4BWP30P140                130    196.560    tcbn28hpcplusbwp30p140ssg0p81v125c       0 
IAO22D1BWP30P140                  3      2.646    tcbn28hpcplusbwp30p140ssg0p81v125c       0 
IAO22D2BWP30P140                 21     29.106    tcbn28hpcplusbwp30p140ssg0p81v125c       0 
IAO22D4BWP30P140                 44    105.336    tcbn28hpcplusbwp30p140ssg0p81v125c       0 
IND2D16BWP30P140                  3     14.364    tcbn28hpcplusbwp30p140ssg0p81v125c       0 
IND2D1BWP30P140                 885    446.040    tcbn28hpcplusbwp30p140ssg0p81v125c       0 
IND2D2BWP30P140                 532    402.192    tcbn28hpcplusbwp30p140ssg0p81v125c       0 
IND2D4BWP30P140                 505    699.930    tcbn28hpcplusbwp30p140ssg0p81v125c       0 
IND2D6BWP30P140                  87    164.430    tcbn28hpcplusbwp30p140ssg0p81v125c       0 
IND2D8BWP30P140                  45    113.400    tcbn28hpcplusbwp30p140ssg0p81v125c       0 
IND3D1BWP30P140                  27     17.010    tcbn28hpcplusbwp30p140ssg0p81v125c       0 
IND3D2BWP30P140                  13     14.742    tcbn28hpcplusbwp30p140ssg0p81v125c       0 
IND3D4BWP30P140                  59    118.944    tcbn28hpcplusbwp30p140ssg0p81v125c       0 
IND3D6BWP30P140                  12     33.264    tcbn28hpcplusbwp30p140ssg0p81v125c       0 
IND4D1BWP30P140                   2      1.512    tcbn28hpcplusbwp30p140ssg0p81v125c       0 
INR2D16BWP30P140                 24    117.936    tcbn28hpcplusbwp30p140ssg0p81v125c       0 
INR2D1BWP30P140                1091    549.864    tcbn28hpcplusbwp30p140ssg0p81v125c       0 
INR2D2BWP30P140                 520    393.120    tcbn28hpcplusbwp30p140ssg0p81v125c       0 
INR2D4BWP30P140                 487    674.982    tcbn28hpcplusbwp30p140ssg0p81v125c       0 
INR2D6BWP30P140                  74    139.860    tcbn28hpcplusbwp30p140ssg0p81v125c       0 
INR2D8BWP30P140                 113    298.998    tcbn28hpcplusbwp30p140ssg0p81v125c       0 
INR3D0BWP30P140                  20     12.600    tcbn28hpcplusbwp30p140ssg0p81v125c       0 
INR3D1BWP30P140                  32     32.256    tcbn28hpcplusbwp30p140ssg0p81v125c       0 
INR3D2BWP30P140                  42     42.336    tcbn28hpcplusbwp30p140ssg0p81v125c       0 
INR3D4BWP30P140                  26     52.416    tcbn28hpcplusbwp30p140ssg0p81v125c       0 
INR3D6BWP30P140                   2      5.544    tcbn28hpcplusbwp30p140ssg0p81v125c       0 
INR4D0BWP30P140                   6      4.536    tcbn28hpcplusbwp30p140ssg0p81v125c       0 
INR4D1BWP30P140                  10     13.860    tcbn28hpcplusbwp30p140ssg0p81v125c       0 
INR4D2BWP30P140                   3      7.560    tcbn28hpcplusbwp30p140ssg0p81v125c       0 
INVD0P7BWP30P140                 32      8.064    tcbn28hpcplusbwp30p140ssg0p81v125c       0 
INVD12BWP30P140                  42     68.796    tcbn28hpcplusbwp30p140ssg0p81v125c       0 
INVD15BWP30P140                  14     28.224    tcbn28hpcplusbwp30p140ssg0p81v125c       0 
INVD16BWP30P140                  18     38.556    tcbn28hpcplusbwp30p140ssg0p81v125c       0 
INVD18BWP30P140                   2      4.788    tcbn28hpcplusbwp30p140ssg0p81v125c       0 
INVD1BWP30P140                   93     23.436    tcbn28hpcplusbwp30p140ssg0p81v125c       0 
INVD1P5BWP30P140                 67     25.326    tcbn28hpcplusbwp30p140ssg0p81v125c       0 
INVD2BWP30P140                  226     85.428    tcbn28hpcplusbwp30p140ssg0p81v125c       0 
INVD3BWP30P140                 1139    574.056    tcbn28hpcplusbwp30p140ssg0p81v125c       0 
INVD4BWP30P140                  304    191.520    tcbn28hpcplusbwp30p140ssg0p81v125c       0 
INVD6BWP30P140                  635    560.070    tcbn28hpcplusbwp30p140ssg0p81v125c       0 
INVD8BWP30P140                  143    162.162    tcbn28hpcplusbwp30p140ssg0p81v125c       0 
INVD9BWP30P140                   20     25.200    tcbn28hpcplusbwp30p140ssg0p81v125c       0 
IOA21D0BWP30P140                101     63.630    tcbn28hpcplusbwp30p140ssg0p81v125c       0 
IOA21D1BWP30P140                586    369.180    tcbn28hpcplusbwp30p140ssg0p81v125c       0 
IOA21D2BWP30P140                423    373.086    tcbn28hpcplusbwp30p140ssg0p81v125c       0 
IOA21D4BWP30P140                 56     77.616    tcbn28hpcplusbwp30p140ssg0p81v125c       0 
IOA22D1BWP30P140                 16     14.112    tcbn28hpcplusbwp30p140ssg0p81v125c       0 
IOA22D2BWP30P140                 41     51.660    tcbn28hpcplusbwp30p140ssg0p81v125c       0 
IOA22D4BWP30P140                 50    119.700    tcbn28hpcplusbwp30p140ssg0p81v125c       0 
MAOI222D1BWP30P140              453    342.468    tcbn28hpcplusbwp30p140ssg0p81v125c       0 
MAOI222D2BWP30P140               66    108.108    tcbn28hpcplusbwp30p140ssg0p81v125c       0 
MAOI222D4BWP30P140               19     55.062    tcbn28hpcplusbwp30p140ssg0p81v125c       0 
MAOI22D1BWP30P140               151    114.156    tcbn28hpcplusbwp30p140ssg0p81v125c       0 
MAOI22D2BWP30P140                80    100.800    tcbn28hpcplusbwp30p140ssg0p81v125c       0 
MAOI22D4BWP30P140               160    362.880    tcbn28hpcplusbwp30p140ssg0p81v125c       0 
MOAI22D0BWP30P140                13      9.828    tcbn28hpcplusbwp30p140ssg0p81v125c       0 
MOAI22D1BWP30P140               243    183.708    tcbn28hpcplusbwp30p140ssg0p81v125c       0 
MOAI22D2BWP30P140                91    114.660    tcbn28hpcplusbwp30p140ssg0p81v125c       0 
MOAI22D4BWP30P140                66    149.688    tcbn28hpcplusbwp30p140ssg0p81v125c       0 
MUX2D0BWP30P140                  72     63.504    tcbn28hpcplusbwp30p140ssg0p81v125c       0 
MUX2D1BWP30P140                   3      3.024    tcbn28hpcplusbwp30p140ssg0p81v125c       0 
MUX2D2BWP30P140                   4      4.536    tcbn28hpcplusbwp30p140ssg0p81v125c       0 
MUX2D4BWP30P140                  11     19.404    tcbn28hpcplusbwp30p140ssg0p81v125c       0 
MUX2ND0BWP30P140                  1      0.756    tcbn28hpcplusbwp30p140ssg0p81v125c       0 
MUX2ND2BWP30P140                 56     70.560    tcbn28hpcplusbwp30p140ssg0p81v125c       0 
MUX2ND4BWP30P140                  8     16.128    tcbn28hpcplusbwp30p140ssg0p81v125c       0 
MUX2NOPTD2BWP30P140             275    381.150    tcbn28hpcplusbwp30p140ssg0p81v125c       0 
MUX2NOPTD4BWP30P140             577   1454.040    tcbn28hpcplusbwp30p140ssg0p81v125c       0 
MUX2NOPTD6BWP30P140             194    708.876    tcbn28hpcplusbwp30p140ssg0p81v125c       0 
MUX2NOPTD8BWP30P140               8     38.304    tcbn28hpcplusbwp30p140ssg0p81v125c       0 
MUX2NUD1BWP30P140               177    133.812    tcbn28hpcplusbwp30p140ssg0p81v125c       0 
MUX2OPTD2BWP30P140               10     11.340    tcbn28hpcplusbwp30p140ssg0p81v125c       0 
MUX2OPTD4BWP30P140               28     63.504    tcbn28hpcplusbwp30p140ssg0p81v125c       0 
MUX2OPTD6BWP30P140               42    132.300    tcbn28hpcplusbwp30p140ssg0p81v125c       0 
ND2D1BWP30P140                 1770    669.060    tcbn28hpcplusbwp30p140ssg0p81v125c       0 
ND2D1P5BWP30P140                  3      1.890    tcbn28hpcplusbwp30p140ssg0p81v125c       0 
ND2D2BWP30P140                  967    609.210    tcbn28hpcplusbwp30p140ssg0p81v125c       0 
ND2D3BWP30P140                  715    630.630    tcbn28hpcplusbwp30p140ssg0p81v125c       0 
ND2D4BWP30P140                  562    637.308    tcbn28hpcplusbwp30p140ssg0p81v125c       0 
ND2D6BWP30P140                   97    158.886    tcbn28hpcplusbwp30p140ssg0p81v125c       0 
ND2D8BWP30P140                   35     74.970    tcbn28hpcplusbwp30p140ssg0p81v125c       0 
ND2OPTD12BWP30P140                6     18.900    tcbn28hpcplusbwp30p140ssg0p81v125c       0 
ND2OPTD6BWP30P140                69    113.022    tcbn28hpcplusbwp30p140ssg0p81v125c       0 
ND2OPTIBD12BWP30P140             32    100.800    tcbn28hpcplusbwp30p140ssg0p81v125c       0 
ND2OPTIBD16BWP30P140              4     16.632    tcbn28hpcplusbwp30p140ssg0p81v125c       0 
ND2OPTIBD1BWP30P140             249     94.122    tcbn28hpcplusbwp30p140ssg0p81v125c       0 
ND2OPTIBD2BWP30P140             196    123.480    tcbn28hpcplusbwp30p140ssg0p81v125c       0 
ND2OPTIBD4BWP30P140             356    403.704    tcbn28hpcplusbwp30p140ssg0p81v125c       0 
ND2OPTIBD6BWP30P140             327    535.626    tcbn28hpcplusbwp30p140ssg0p81v125c       0 
ND2OPTIBD8BWP30P140             121    259.182    tcbn28hpcplusbwp30p140ssg0p81v125c       0 
ND2OPTPAD12BWP30P140              1      4.410    tcbn28hpcplusbwp30p140ssg0p81v125c       0 
ND2OPTPAD1BWP30P140               1      0.630    tcbn28hpcplusbwp30p140ssg0p81v125c       0 
ND2OPTPAD2BWP30P140              29     32.886    tcbn28hpcplusbwp30p140ssg0p81v125c       0 
ND2OPTPAD4BWP30P140             458    923.328    tcbn28hpcplusbwp30p140ssg0p81v125c       0 
ND2OPTPAD6BWP30P140             135    391.230    tcbn28hpcplusbwp30p140ssg0p81v125c       0 
ND2OPTPAD8BWP30P140              36    108.864    tcbn28hpcplusbwp30p140ssg0p81v125c       0 
ND3D1BWP30P140                  117     58.968    tcbn28hpcplusbwp30p140ssg0p81v125c       0 
ND3D1P5BWP30P140                 31     27.342    tcbn28hpcplusbwp30p140ssg0p81v125c       0 
ND3D2BWP30P140                   43     37.926    tcbn28hpcplusbwp30p140ssg0p81v125c       0 
ND3D3BWP30P140                    8     10.080    tcbn28hpcplusbwp30p140ssg0p81v125c       0 
ND3D4BWP30P140                   11     19.404    tcbn28hpcplusbwp30p140ssg0p81v125c       0 
ND3D6BWP30P140                   21     52.920    tcbn28hpcplusbwp30p140ssg0p81v125c       0 
ND3D8BWP30P140                    1      3.276    tcbn28hpcplusbwp30p140ssg0p81v125c       0 
ND3OPTD6BWP30P140                15     35.910    tcbn28hpcplusbwp30p140ssg0p81v125c       0 
ND3OPTPAD1BWP30P140               4      3.528    tcbn28hpcplusbwp30p140ssg0p81v125c       0 
ND3OPTPAD2BWP30P140              65     98.280    tcbn28hpcplusbwp30p140ssg0p81v125c       0 
ND3OPTPAD4BWP30P140             116    292.320    tcbn28hpcplusbwp30p140ssg0p81v125c       0 
ND3OPTPAD6BWP30P140              92    324.576    tcbn28hpcplusbwp30p140ssg0p81v125c       0 
ND3OPTPAD8BWP30P140               4     18.144    tcbn28hpcplusbwp30p140ssg0p81v125c       0 
ND4D1BWP30P140                  137     86.310    tcbn28hpcplusbwp30p140ssg0p81v125c       0 
ND4D2BWP30P140                    2      2.520    tcbn28hpcplusbwp30p140ssg0p81v125c       0 
ND4D3BWP30P140                    1      1.638    tcbn28hpcplusbwp30p140ssg0p81v125c       0 
ND4D8BWP30P140                    1      4.284    tcbn28hpcplusbwp30p140ssg0p81v125c       0 
NR2D0BWP30P140                    1      0.378    tcbn28hpcplusbwp30p140ssg0p81v125c       0 
NR2D1BWP30P140                 1502    567.756    tcbn28hpcplusbwp30p140ssg0p81v125c       0 
NR2D1P5BWP30P140                  1      0.630    tcbn28hpcplusbwp30p140ssg0p81v125c       0 
NR2D2BWP30P140                  925    582.750    tcbn28hpcplusbwp30p140ssg0p81v125c       0 
NR2D3BWP30P140                 1321   1165.122    tcbn28hpcplusbwp30p140ssg0p81v125c       0 
NR2D4BWP30P140                 1047   1187.298    tcbn28hpcplusbwp30p140ssg0p81v125c       0 
NR2D6BWP30P140                  165    270.270    tcbn28hpcplusbwp30p140ssg0p81v125c       0 
NR2D8BWP30P140                  101    216.342    tcbn28hpcplusbwp30p140ssg0p81v125c       0 
NR2OPTD12BWP30P140               16     50.400    tcbn28hpcplusbwp30p140ssg0p81v125c       0 
NR2OPTD6BWP30P140               237    388.206    tcbn28hpcplusbwp30p140ssg0p81v125c       0 
NR2OPTIBD12BWP30P140             22     69.300    tcbn28hpcplusbwp30p140ssg0p81v125c       0 
NR2OPTIBD1BWP30P140             450    170.100    tcbn28hpcplusbwp30p140ssg0p81v125c       0 
NR2OPTIBD2BWP30P140             123     77.490    tcbn28hpcplusbwp30p140ssg0p81v125c       0 
NR2OPTIBD4BWP30P140             165    187.110    tcbn28hpcplusbwp30p140ssg0p81v125c       0 
NR2OPTIBD6BWP30P140             168    275.184    tcbn28hpcplusbwp30p140ssg0p81v125c       0 
NR2OPTIBD8BWP30P140             123    263.466    tcbn28hpcplusbwp30p140ssg0p81v125c       0 
NR2OPTPAD1BWP30P140             488    245.952    tcbn28hpcplusbwp30p140ssg0p81v125c       0 
NR2OPTPAD2BWP30P140             313    276.066    tcbn28hpcplusbwp30p140ssg0p81v125c       0 
NR2OPTPAD4BWP30P140             655   1072.890    tcbn28hpcplusbwp30p140ssg0p81v125c       0 
NR2OPTPAD6BWP30P140             100    239.400    tcbn28hpcplusbwp30p140ssg0p81v125c       0 
NR2OPTPAD8BWP30P140             167    526.050    tcbn28hpcplusbwp30p140ssg0p81v125c       0 
NR3D0BWP30P140                   52     26.208    tcbn28hpcplusbwp30p140ssg0p81v125c       0 
NR3D0P7BWP30P140                 57     28.728    tcbn28hpcplusbwp30p140ssg0p81v125c       0 
NR3D1BWP30P140                   28     24.696    tcbn28hpcplusbwp30p140ssg0p81v125c       0 
NR3D1P5BWP30P140                226    199.332    tcbn28hpcplusbwp30p140ssg0p81v125c       0 
NR3D2BWP30P140                  102    179.928    tcbn28hpcplusbwp30p140ssg0p81v125c       0 
NR3D3BWP30P140                   43    108.360    tcbn28hpcplusbwp30p140ssg0p81v125c       0 
NR3D4BWP30P140                  108    353.808    tcbn28hpcplusbwp30p140ssg0p81v125c       0 
NR3D6BWP30P140                   62    296.856    tcbn28hpcplusbwp30p140ssg0p81v125c       0 
NR3D8BWP30P140                    3     18.900    tcbn28hpcplusbwp30p140ssg0p81v125c       0 
NR3OPTD12BWP30P140                1      4.788    tcbn28hpcplusbwp30p140ssg0p81v125c       0 
NR3OPTD6BWP30P140                 7     16.758    tcbn28hpcplusbwp30p140ssg0p81v125c       0 
NR3OPTPAD2BWP30P140              44     72.072    tcbn28hpcplusbwp30p140ssg0p81v125c       0 
NR3OPTPAD4BWP30P140             115    275.310    tcbn28hpcplusbwp30p140ssg0p81v125c       0 
NR3OPTPAD6BWP30P140              59    193.284    tcbn28hpcplusbwp30p140ssg0p81v125c       0 
NR3OPTPAD8BWP30P140              13     58.968    tcbn28hpcplusbwp30p140ssg0p81v125c       0 
NR4D0BWP30P140                   13      8.190    tcbn28hpcplusbwp30p140ssg0p81v125c       0 
NR4D1BWP30P140                   10     11.340    tcbn28hpcplusbwp30p140ssg0p81v125c       0 
NR4D2BWP30P140                   28     63.504    tcbn28hpcplusbwp30p140ssg0p81v125c       0 
NR4D3BWP30P140                    7     22.932    tcbn28hpcplusbwp30p140ssg0p81v125c       0 
NR4D4BWP30P140                   13     55.692    tcbn28hpcplusbwp30p140ssg0p81v125c       0 
OA211D1BWP30P140                  7      5.292    tcbn28hpcplusbwp30p140ssg0p81v125c       0 
OA21D1BWP30P140                 213    134.190    tcbn28hpcplusbwp30p140ssg0p81v125c       0 
OA21D2BWP30P140                  18     13.608    tcbn28hpcplusbwp30p140ssg0p81v125c       0 
OA21D4BWP30P140                  28     38.808    tcbn28hpcplusbwp30p140ssg0p81v125c       0 
OA22D1BWP30P140                   3      2.646    tcbn28hpcplusbwp30p140ssg0p81v125c       0 
OA22D2BWP30P140                   3      3.024    tcbn28hpcplusbwp30p140ssg0p81v125c       0 
OA22D4BWP30P140                  16     28.224    tcbn28hpcplusbwp30p140ssg0p81v125c       0 
OA22D8BWP30P140                   1      2.772    tcbn28hpcplusbwp30p140ssg0p81v125c       0 
OAI211D1BWP30P140               183    115.290    tcbn28hpcplusbwp30p140ssg0p81v125c       0 
OAI211D2BWP30P140                35     39.690    tcbn28hpcplusbwp30p140ssg0p81v125c       0 
OAI211D4BWP30P140                15     34.020    tcbn28hpcplusbwp30p140ssg0p81v125c       0 
OAI211OPTREPBD1BWP30P140         11     12.474    tcbn28hpcplusbwp30p140ssg0p81v125c       0 
OAI211OPTREPBD2BWP30P140         44     77.616    tcbn28hpcplusbwp30p140ssg0p81v125c       0 
OAI211OPTREPBD4BWP30P140         37    130.536    tcbn28hpcplusbwp30p140ssg0p81v125c       0 
OAI21D0P7BWP30P140              238    119.952    tcbn28hpcplusbwp30p140ssg0p81v125c       0 
OAI21D16BWP30P140                 1      6.300    tcbn28hpcplusbwp30p140ssg0p81v125c       0 
OAI21D1BWP30P140                475    239.400    tcbn28hpcplusbwp30p140ssg0p81v125c       0 
OAI21D1P5BWP30P140                8      7.056    tcbn28hpcplusbwp30p140ssg0p81v125c       0 
OAI21D2BWP30P140                639    563.598    tcbn28hpcplusbwp30p140ssg0p81v125c       0 
OAI21D4BWP30P140                353    622.692    tcbn28hpcplusbwp30p140ssg0p81v125c       0 
OAI21D6BWP30P140                269    677.880    tcbn28hpcplusbwp30p140ssg0p81v125c       0 
OAI21D8BWP30P140                 95    311.220    tcbn28hpcplusbwp30p140ssg0p81v125c       0 
OAI21OPTREPBD1BWP30P140          92     69.552    tcbn28hpcplusbwp30p140ssg0p81v125c       0 
OAI21OPTREPBD2BWP30P140         174    241.164    tcbn28hpcplusbwp30p140ssg0p81v125c       0 
OAI21OPTREPBD4BWP30P140         238    629.748    tcbn28hpcplusbwp30p140ssg0p81v125c       0 
OAI21OPTREPBD6BWP30P140          37    144.522    tcbn28hpcplusbwp30p140ssg0p81v125c       0 
OAI21OPTREPBD8BWP30P140           4     20.664    tcbn28hpcplusbwp30p140ssg0p81v125c       0 
OAI221D1BWP30P140                16     14.112    tcbn28hpcplusbwp30p140ssg0p81v125c       0 
OAI221D2BWP30P140                 1      1.512    tcbn28hpcplusbwp30p140ssg0p81v125c       0 
OAI221D4BWP30P140                 1      2.898    tcbn28hpcplusbwp30p140ssg0p81v125c       0 
OAI222D1BWP30P140               184    185.472    tcbn28hpcplusbwp30p140ssg0p81v125c       0 
OAI22D1BWP30P140                 51     32.130    tcbn28hpcplusbwp30p140ssg0p81v125c       0 
OAI22D1P5BWP30P140                5      5.670    tcbn28hpcplusbwp30p140ssg0p81v125c       0 
OAI22D2BWP30P140                  4      4.536    tcbn28hpcplusbwp30p140ssg0p81v125c       0 
OAI22D4BWP30P140                 13     29.484    tcbn28hpcplusbwp30p140ssg0p81v125c       0 
OAI22OPTPBD1BWP30P140             7      7.056    tcbn28hpcplusbwp30p140ssg0p81v125c       0 
OAI22OPTPBD2BWP30P140            82    154.980    tcbn28hpcplusbwp30p140ssg0p81v125c       0 
OAI22OPTPBD4BWP30P140            51    186.354    tcbn28hpcplusbwp30p140ssg0p81v125c       0 
OAI31D1BWP30P140                 23     14.490    tcbn28hpcplusbwp30p140ssg0p81v125c       0 
OAI31D2BWP30P140                 44     49.896    tcbn28hpcplusbwp30p140ssg0p81v125c       0 
OAI31D4BWP30P140                 15     34.020    tcbn28hpcplusbwp30p140ssg0p81v125c       0 
OAI32D1BWP30P140                  3      2.268    tcbn28hpcplusbwp30p140ssg0p81v125c       0 
OAI33D2BWP30P140                  1      1.638    tcbn28hpcplusbwp30p140ssg0p81v125c       0 
OR2D0BWP30P140                  112     56.448    tcbn28hpcplusbwp30p140ssg0p81v125c       0 
OR2D1BWP30P140                  390    196.560    tcbn28hpcplusbwp30p140ssg0p81v125c       0 
OR2D2BWP30P140                   87     54.810    tcbn28hpcplusbwp30p140ssg0p81v125c       0 
OR2D4BWP30P140                  100    113.400    tcbn28hpcplusbwp30p140ssg0p81v125c       0 
OR2D6BWP30P140                   15     20.790    tcbn28hpcplusbwp30p140ssg0p81v125c       0 
OR3D1BWP30P140                   31     19.530    tcbn28hpcplusbwp30p140ssg0p81v125c       0 
OR3D2BWP30P140                   17     12.852    tcbn28hpcplusbwp30p140ssg0p81v125c       0 
OR3D4BWP30P140                   73    101.178    tcbn28hpcplusbwp30p140ssg0p81v125c       0 
OR3D6BWP30P140                    1      1.638    tcbn28hpcplusbwp30p140ssg0p81v125c       0 
OR3D8BWP30P140                    1      2.268    tcbn28hpcplusbwp30p140ssg0p81v125c       0 
OR4D1BWP30P140                   38     28.728    tcbn28hpcplusbwp30p140ssg0p81v125c       0 
OR4D2BWP30P140                   22     19.404    tcbn28hpcplusbwp30p140ssg0p81v125c       0 
OR4D4BWP30P140                   44     72.072    tcbn28hpcplusbwp30p140ssg0p81v125c       0 
OR4D8BWP30P140                    1      2.646    tcbn28hpcplusbwp30p140ssg0p81v125c       0 
SDFCNOPTMAD4BWP30P140             3     20.034    tcbn28hpcplusbwp30p140ssg0p81v125c       0 
SDFCNOPTMAD8BWP30P140           131   1221.444    tcbn28hpcplusbwp30p140ssg0p81v125c       0 
SDFCNOPTMCD8BWP30P140             4     33.264    tcbn28hpcplusbwp30p140ssg0p81v125c       0 
SDFCNOPTSADD4BWP30P140           77    514.206    tcbn28hpcplusbwp30p140ssg0p81v125c       0 
SDFCNQARD1BWP30P140              27     78.246    tcbn28hpcplusbwp30p140ssg0p81v125c       0 
SDFCNQD0BWP30P140                 1      2.898    tcbn28hpcplusbwp30p140ssg0p81v125c       0 
SDFCNQOPTMAD4BWP30P140            2     12.096    tcbn28hpcplusbwp30p140ssg0p81v125c       0 
SDFCNQOPTSADD4BWP30P140           8     48.384    tcbn28hpcplusbwp30p140ssg0p81v125c       0 
SDFSNQD2BWP30P140                 2      5.796    tcbn28hpcplusbwp30p140ssg0p81v125c       0 
SEDFCNQARD0BWP30P140              1      3.780    tcbn28hpcplusbwp30p140ssg0p81v125c       0 
XNR2D1BWP30P140                 666    671.328    tcbn28hpcplusbwp30p140ssg0p81v125c       0 
XNR2D2BWP30P140                 185    209.790    tcbn28hpcplusbwp30p140ssg0p81v125c       0 
XNR2D4BWP30P140                  29     58.464    tcbn28hpcplusbwp30p140ssg0p81v125c       0 
XNR2OPTND2BWP30P140             527    730.422    tcbn28hpcplusbwp30p140ssg0p81v125c       0 
XNR2OPTND4BWP30P140            1254   3160.080    tcbn28hpcplusbwp30p140ssg0p81v125c       0 
XNR2OPTND6BWP30P140              89    325.206    tcbn28hpcplusbwp30p140ssg0p81v125c       0 
XNR2OPTND8BWP30P140               6     28.728    tcbn28hpcplusbwp30p140ssg0p81v125c       0 
XNR2UD0BWP30P140                  1      0.882    tcbn28hpcplusbwp30p140ssg0p81v125c       0 
XNR2UD1BWP30P140               1629   1436.778    tcbn28hpcplusbwp30p140ssg0p81v125c       0 
XNR3D1BWP30P140                 176    332.640    tcbn28hpcplusbwp30p140ssg0p81v125c       0 
XNR3D2BWP30P140                  93    187.488    tcbn28hpcplusbwp30p140ssg0p81v125c       0 
XNR3D4BWP30P140                  54    170.100    tcbn28hpcplusbwp30p140ssg0p81v125c       0 
XNR3UD0BWP30P140                  1      1.764    tcbn28hpcplusbwp30p140ssg0p81v125c       0 
XNR3UD1BWP30P140                387    682.668    tcbn28hpcplusbwp30p140ssg0p81v125c       0 
XNR4D1BWP30P140                  19     50.274    tcbn28hpcplusbwp30p140ssg0p81v125c       0 
XOR2D1BWP30P140                 421    424.368    tcbn28hpcplusbwp30p140ssg0p81v125c       0 
XOR2D2BWP30P140                  94    106.596    tcbn28hpcplusbwp30p140ssg0p81v125c       0 
XOR2D4BWP30P140                  69    139.104    tcbn28hpcplusbwp30p140ssg0p81v125c       0 
XOR2OPTND2BWP30P140             331    458.766    tcbn28hpcplusbwp30p140ssg0p81v125c       0 
XOR2OPTND4BWP30P140            1000   2520.000    tcbn28hpcplusbwp30p140ssg0p81v125c       0 
XOR2OPTND6BWP30P140              60    219.240    tcbn28hpcplusbwp30p140ssg0p81v125c       0 
XOR2OPTND8BWP30P140               4     19.152    tcbn28hpcplusbwp30p140ssg0p81v125c       0 
XOR2UD1BWP30P140               1015    895.230    tcbn28hpcplusbwp30p140ssg0p81v125c       0 
XOR3D1BWP30P140                 220    415.800    tcbn28hpcplusbwp30p140ssg0p81v125c       0 
XOR3D2BWP30P140                 140    282.240    tcbn28hpcplusbwp30p140ssg0p81v125c       0 
XOR3D4BWP30P140                  74    233.100    tcbn28hpcplusbwp30p140ssg0p81v125c       0 
XOR3UD1BWP30P140                520    917.280    tcbn28hpcplusbwp30p140ssg0p81v125c       0 
XOR4D0BWP30P140                  13     34.398    tcbn28hpcplusbwp30p140ssg0p81v125c       0 
XOR4D1BWP30P140                  20     52.920    tcbn28hpcplusbwp30p140ssg0p81v125c       0 
XOR4D2BWP30P140                   1      2.772    tcbn28hpcplusbwp30p140ssg0p81v125c       0 
---------------------------------------------------------------------------------------------
total                         72036  86215.752                                       


                                                        
            Type             Instances    Area   Area % 
--------------------------------------------------------
sequential                        2550  7188.300    8.3 
inverter                         10842  4419.324    5.1 
buffer                            1455   871.290    1.0 
clock_gating_integrated_cell        53   100.170    0.1 
logic                            57136 73636.668   85.4 
physical_cells                       0     0.000    0.0 
--------------------------------------------------------
total                            72036 86215.752  100.0 

