============================================================
  Generated by:           Genus(TM) Synthesis Solution 21.12-s068_1
  Generated on:           Oct 08 2026  11:50:15 pm
  Module:                 Conv
  Operating conditions:   ssg0p81v125c 
  Interconnect mode:      global
  Area mode:              physical library
============================================================


Path 1: MET (8 ps) Late External Delay Assertion at pin p_output_data_write[31]
           View: analysis_view_0p81v_125c_capwst_slowest
          Group: clk
     Startpoint: (R) r_output_write_count_reg[1]/CP
          Clock: (R) clk
       Endpoint: (R) p_output_data_write[31]
          Clock: (R) clk

                     Capture       Launch     
        Clock Edge:+    2000            0     
       Src Latency:+       0            0     
       Net Latency:+       0 (I)        0 (I) 
           Arrival:=    2000            0     
                                              
      Output Delay:-    1000                  
     Required Time:=    1000                  
      Launch Clock:-       0                  
         Data Path:-     992                  
             Slack:=       8                  

Exceptions/Constraints:
  output_delay             1000            constraints.sdc_line_25_182_1 

#---------------------------------------------------------------------------------------------------------------
#         Timing Point           Flags    Arc   Edge       Cell        Fanout Load Trans Delay Arrival Instance 
#                                                                             (fF)  (ps)  (ps)   (ps)  Location 
#---------------------------------------------------------------------------------------------------------------
  r_output_write_count_reg[1]/CP -       -      R     (arrival)             4    -     0     0       0    (-,-) 
  r_output_write_count_reg[1]/Q  -       CP->Q  F     DFCND2BWP30P140      34 32.0    87   106     106    (-,-) 
  g67305/ZN                      -       A2->ZN R     NR2D3BWP30P140       96 81.5   269   182     289    (-,-) 
  g66888/ZN                      -       B1->ZN F     AOI22D1BWP30P140      1  1.3    79    44     333    (-,-) 
  g66681/ZN                      -       A2->ZN R     ND2D1BWP30P140        1  2.5    34    35     368    (-,-) 
  add_997_76_I2_g381/CO          -       B->CO  R     HA1D1BWP30P140        1  2.1    17    32     399    (-,-) 
  add_997_76_I2_g380/CO          -       CI->CO R     FA1D1BWP30P140        1  2.1    21    38     437    (-,-) 
  add_997_76_I2_g379/CO          -       CI->CO R     FA1D1BWP30P140        1  2.1    21    39     475    (-,-) 
  add_997_76_I2_g378/CO          -       CI->CO R     FA1D1BWP30P140        1  2.1    22    39     514    (-,-) 
  add_997_76_I2_g377/CO          -       CI->CO R     FA1D1BWP30P140        1  2.1    22    39     553    (-,-) 
  add_997_76_I2_g376/CO          -       CI->CO R     FA1D1BWP30P140        1  2.1    21    39     591    (-,-) 
  add_997_76_I2_g375/CO          -       CI->CO R     FA1D1BWP30P140        1  2.1    21    38     630    (-,-) 
  add_997_76_I2_g374/CO          -       CI->CO R     FA1D1BWP30P140        1  2.1    21    38     668    (-,-) 
  add_997_76_I2_g373/CO          -       CI->CO R     FA1D1BWP30P140        1  2.1    21    38     707    (-,-) 
  add_997_76_I2_g372/CO          -       CI->CO R     FA1D1BWP30P140        1  2.1    21    38     745    (-,-) 
  add_997_76_I2_g371/CO          -       CI->CO R     FA1D1BWP30P140        1  2.1    21    38     784    (-,-) 
  add_997_76_I2_g370/CO          -       CI->CO R     FA1D1BWP30P140        1  2.1    21    38     822    (-,-) 
  add_997_76_I2_g369/CO          -       CI->CO R     FA1D1BWP30P140        1  2.1    21    38     861    (-,-) 
  add_997_76_I2_g368/CO          -       CI->CO R     FA1D1BWP30P140        1  2.1    21    38     899    (-,-) 
  add_997_76_I2_g367/CO          -       CI->CO R     FA1D1BWP30P140        1  1.3    17    35     934    (-,-) 
  add_997_76_I2_g366/Z           -       A3->Z  R     XOR3UD1BWP30P140      1  4.8    68    57     992    (-,-) 
  p_output_data_write[31]        <<<     -      R     (port)                -    -     -     0     992    (-,-) 
#---------------------------------------------------------------------------------------------------------------


