============================================================
  Generated by:           Genus(TM) Synthesis Solution 21.12-s068_1
  Generated on:           Sep 17 2025  08:55:58 pm
  Module:                 conv
  Operating conditions:   ssg0p81v125c 
  Operating conditions:   tt0p9v25c 
  Interconnect mode:      global
  Area mode:              physical library
============================================================


Path 1: MET (199 ps) Setup Check with Pin registers_reg[33][14]/CP->D
           View: analysis_view_0p90v_25c_captyp_nominal
          Group: clk
     Startpoint: (F) weights[18][8]
          Clock: (R) clk
       Endpoint: (F) registers_reg[33][14]/D
          Clock: (R) clk

                     Capture       Launch     
        Clock Edge:+    2000            0     
        Drv Adjust:+       0            8     
       Src Latency:+       0            0     
       Net Latency:+       0 (I)        0 (I) 
           Arrival:=    2000            8     
                                              
             Setup:-      30                  
     Required Time:=    1970                  
      Launch Clock:-       8                  
       Input Delay:-    1000                  
         Data Path:-     763                  
             Slack:=     199                  

Exceptions/Constraints:
  input_delay             1000            tmp_sdc_analysis_vie_line_1085 

#-------------------------------------------------------------------------------------------------------------------------------------
#                   Timing Point                    Flags    Arc   Edge        Cell          Fanout Load Trans Delay Arrival Instance 
#                                                                                                   (fF)  (ps)  (ps)   (ps)  Location 
#-------------------------------------------------------------------------------------------------------------------------------------
  weights[18][8]                                    -       -      F     (arrival)                3  3.6    17     0    1008    (-,-) 
  g70505/ZN                                         -       B1->ZN R     AOI22D1BWP30P140         1  1.5    29    22    1030    (-,-) 
  g68766/ZN                                         -       A1->ZN F     ND2D1BWP30P140           1  2.0    22    20    1050    (-,-) 
  g68591/ZN                                         -       A1->ZN R     NR2D2BWP30P140           1  4.0    22    20    1069    (-,-) 
  g67775/ZN                                         -       A2->ZN F     CKND2D8BWP30P140         4  6.2    11    12    1081    (-,-) 
  genblk1[0].multip/mul_27_61_g4800/ZN              -       I->ZN  R     CKND2BWP30P140           2  3.8    11    10    1091    (-,-) 
  genblk1[0].multip/mul_27_61_g4687__6260/Z         -       I0->Z  R     MUX2OPTD4BWP30P140      20 23.4    27    34    1125    (-,-) 
  genblk1[0].multip/mul_27_61_g4564__5122/ZN        -       A1->ZN F     ND2D4BWP30P140          19 19.7    44    33    1158    (-,-) 
  genblk1[0].multip/mul_27_61_g4422__8246/ZN        -       A1->ZN R     OAI22D1BWP30P140         1  2.8    34    29    1187    (-,-) 
  genblk1[0].multip/mul_27_61_cdnfadd_009_0__2802/S -       B->S   F     FA1D1BWP30P140           1  2.9    21    57    1244    (-,-) 
  genblk1[0].multip/mul_27_61_cdnfadd_009_2__5122/S -       A->S   R     FA1D1BWP30P140           2  3.0    23    66    1310    (-,-) 
  genblk1[0].multip/mul_27_61_g4805__4733/ZN        -       A1->ZN R     INR2D1BWP30P140          2  2.6    24    28    1338    (-,-) 
  genblk1[0].multip/mul_27_61_g4317__6131/ZN        -       B->ZN  F     IAO21D1BWP30P140         1  1.5    13    12    1350    (-,-) 
  genblk1[0].multip/mul_27_61_g4315__8246/Z         -       B->Z   F     OA21D2BWP30P140          3  3.5    11    20    1370    (-,-) 
  genblk1[0].multip/mul_27_61_g4309__6783/Z         -       A1->Z  F     OA21D1BWP30P140          1  2.0    12    20    1390    (-,-) 
  genblk1[0].multip/mul_27_61_g4301__8428/Z         -       A1->Z  F     OA21D4BWP30P140          2  3.1     8    19    1409    (-,-) 
  genblk1[0].multip/mul_27_61_g4284__5115/ZN        -       A1->ZN R     NR2OPTIBD1BWP30P140      2  2.6    23    17    1426    (-,-) 
  genblk1[0].multip/mul_27_61_g4279__8246/ZN        -       A1->ZN F     ND2OPTIBD1BWP30P140      2  2.5    24    20    1446    (-,-) 
  genblk1[0].multip/mul_27_61_g4274__1617/ZN        -       A1->ZN R     ND2D1BWP30P140           1  1.8    16    14    1460    (-,-) 
  genblk1[0].multip/mul_27_61_g4268__6260/ZN        -       A1->ZN F     AOI21D1P5BWP30P140       1  1.9    18    13    1473    (-,-) 
  genblk1[0].multip/mul_27_61_g4255__2883/ZN        -       A1->ZN R     OAI21D2BWP30P140         2  3.4    18    16    1489    (-,-) 
  genblk1[0].multip/mul_27_61_g4243__1705/ZN        -       A1->ZN F     CKND2D2BWP30P140         2  2.9    17    14    1503    (-,-) 
  genblk1[0].multip/mul_27_61_g4240__3680/ZN        -       A1->ZN R     NR2OPTIBD2BWP30P140      2  3.0    17    15    1518    (-,-) 
  genblk1[0].multip/mul_27_61_g4236__4319/ZN        -       A1->ZN F     OAI21D2BWP30P140         1  1.9    19    13    1531    (-,-) 
  genblk1[0].multip/mul_27_61_g4233__2398/ZN        -       A1->ZN R     AOI21D2BWP30P140         1  2.7    22    16    1547    (-,-) 
  genblk1[0].multip/mul_27_61_g4231__6417/ZN        -       A1->ZN F     NR2D4BWP30P140           4  5.5    12    10    1558    (-,-) 
  genblk1[0].multip/mul_27_61_g4229__1666/ZN        -       A3->ZN R     OAI31D1BWP30P140         2  3.2    41    28    1586    (-,-) 
  genblk1[0].multip/mul_27_61_g4225__9315/ZN        -       A1->ZN F     XNR2D1BWP30P140         11 11.5    48    49    1635    (-,-) 
  g66012/ZN                                         -       I->ZN  R     CKND1BWP30P140          17 18.8    90    69    1704    (-,-) 
  g65228/ZN                                         -       A1->ZN F     NR2OPTIBD1BWP30P140      2  2.6    33    24    1728    (-,-) 
  g65179/ZN                                         -       I->ZN  R     CKND1BWP30P140           1  1.6    16    16    1744    (-,-) 
  g64829/ZN                                         -       B->ZN  F     OAI211D1BWP30P140        1  1.5    34    26    1771    (-,-) 
  registers_reg[33][14]/D                           <<<     -      F     EDFCNQD1BWP30P140        1    -     -     0    1771    (-,-) 
#-------------------------------------------------------------------------------------------------------------------------------------


