============================================================
  Generated by:           Genus(TM) Synthesis Solution 21.12-s068_1
  Generated on:           Sep 12 2026  11:01:25 pm
  Module:                 Conv
  Library domain:         timing_cond_0p81v_125c
    Domain index:         0
    Technology library:   tcbn28hpcplusbwp30p140ssg0p81v125c 110
  Operating conditions:   ssg0p81v125c 
  Interconnect mode:      global
  Area mode:              physical library
============================================================

        Instance                  Module           Cell Count  Cell Area  Net Area   Total Area 
------------------------------------------------------------------------------------------------
Conv                                                    13193  14521.752  5910.345    20432.097 
  inverse_row_acc        InverseRowAccumulate             238    265.608    59.014      324.622 
  inverse_row_acc_second InverseRowAccumulate_422         160    189.756    34.681      224.437 
  inverse_row_current    InverseRow                        97    169.848    33.045      202.893 
  inverse_row_lane1      InverseRow_421                    97    169.848    33.045      202.893 
  multip0                Multip                           600    627.102   246.643      873.745 
  multip1                Multip_429                       612    631.890   251.999      883.889 
  multip2                Multip_428                       598    626.850   245.893      872.743 
  multip3                Multip_427                       612    631.638   251.999      883.637 
  multip4                Multip_426                       600    635.670   250.000      885.670 
  multip5                Multip_425                       603    637.560   250.504      888.064 
  multip6                Multip_424                       606    637.182   251.371      888.553 
  multip7                Multip_423                       603    637.938   250.504      888.442 
  trf                    Transform                       2347   1690.290   777.450     2467.740 
    matrix_c0            MatrixC0                        1307    869.904   351.702     1221.606 
    matrix_c1            MatrixC1                        1040    820.386   273.634     1094.020 
  weight_trf_temporal    WeightTransformRowConst         2213   2305.926   890.516     3196.442 
