============================================================
  Generated by:           Genus(TM) Synthesis Solution 21.12-s068_1
  Generated on:           Oct 04 2026  10:08:01 pm
  Module:                 Conv
  Library domain:         timing_cond_0p81v_125c
    Domain index:         0
    Technology library:   tcbn28hpcplusbwp30p140ssg0p81v125c 110
  Operating conditions:   ssg0p81v125c 
  Interconnect mode:      global
  Area mode:              physical library
============================================================

                 Instance                           Module           Cell Count  Cell Area  Net Area   Total Area 
------------------------------------------------------------------------------------------------------------------
Conv                                                                      32761  34952.904 15040.064    49992.968 
  MAC_LANES[0].multip                     Multip                            562    603.792   235.622      839.414 
  MAC_LANES[1].multip                     Multip_499                        562    603.792   235.622      839.414 
  MAC_LANES[2].multip                     Multip_498                        562    603.792   235.622      839.414 
  MAC_LANES[3].multip                     Multip_497                        562    603.792   235.622      839.414 
  MAC_LANES[4].multip                     Multip_496                        562    603.792   235.622      839.414 
  WEIGHT_TRANSFORM_ROWS[0].weight_trf_row WeightTransformRowConst          3059   2642.220  1213.688     3855.908 
  WEIGHT_TRANSFORM_ROWS[1].weight_trf_row WeightTransformRowConst_0        4965   4969.944  1987.801     6957.745 
  WEIGHT_TRANSFORM_ROWS[2].weight_trf_row WeightTransformRowConst_1        3886   3999.744  1599.225     5598.969 
  WEIGHT_TRANSFORM_ROWS[3].weight_trf_row WeightTransformRowConst_2        4331   4049.388  1727.814     5777.202 
  WEIGHT_TRANSFORM_ROWS[4].weight_trf_row WeightTransformRowConst_3        3210   2748.186  1266.409     4014.595 
  inverse_row_acc                         InverseRowAccumulate              687    699.678   244.884      944.562 
  inverse_row_current                     InverseRow                        176    331.380    66.213      397.593 
  trf                                     Transform                        3019   4957.848  1389.986     6347.834 
    matrix_c0                             MatrixC0                         1453   2454.480   571.607     3026.087 
    matrix_c1                             MatrixC1                         1566   2503.368   602.853     3106.221 
