============================================================
  Generated by:           Genus(TM) Synthesis Solution 21.12-s068_1
  Generated on:           Oct 06 2026  09:55:53 pm
  Module:                 Conv
  Library domain:         timing_cond_0p81v_125c
    Domain index:         0
    Technology library:   tcbn28hpcplusbwp30p140ssg0p81v125c 110
  Operating conditions:   ssg0p81v125c 
  Interconnect mode:      global
  Area mode:              physical library
============================================================

                                                                                Library 
        Gate         Instances    Area                   Library                 Domain 
----------------------------------------------------------------------------------------
AN2D0BWP30P140               1      0.504    tcbn28hpcplusbwp30p140ssg0p81v125c       0 
AN2D1BWP30P140             316    159.264    tcbn28hpcplusbwp30p140ssg0p81v125c       0 
AN2D2BWP30P140               2      1.260    tcbn28hpcplusbwp30p140ssg0p81v125c       0 
AN3D0BWP30P140               2      1.260    tcbn28hpcplusbwp30p140ssg0p81v125c       0 
AN3D1BWP30P140              19     11.970    tcbn28hpcplusbwp30p140ssg0p81v125c       0 
AN4D1BWP30P140               2      1.512    tcbn28hpcplusbwp30p140ssg0p81v125c       0 
AO211D1BWP30P140            95     71.820    tcbn28hpcplusbwp30p140ssg0p81v125c       0 
AO21D1BWP30P140             13      8.190    tcbn28hpcplusbwp30p140ssg0p81v125c       0 
AO22D0BWP30P140            510    385.560    tcbn28hpcplusbwp30p140ssg0p81v125c       0 
AOI211D1BWP30P140            4      2.520    tcbn28hpcplusbwp30p140ssg0p81v125c       0 
AOI21D1BWP30P140            29     14.616    tcbn28hpcplusbwp30p140ssg0p81v125c       0 
AOI221D1BWP30P140          564    426.384    tcbn28hpcplusbwp30p140ssg0p81v125c       0 
AOI222D1BWP30P140          148    149.184    tcbn28hpcplusbwp30p140ssg0p81v125c       0 
AOI22D1BWP30P140          1018    641.340    tcbn28hpcplusbwp30p140ssg0p81v125c       0 
CKAN2D1BWP30P140           531    267.624    tcbn28hpcplusbwp30p140ssg0p81v125c       0 
CKLNQD1BWP30P140            47     88.830    tcbn28hpcplusbwp30p140ssg0p81v125c       0 
CKMUX2D0BWP30P140          205    180.810    tcbn28hpcplusbwp30p140ssg0p81v125c       0 
CKND1BWP30P140             791    199.332    tcbn28hpcplusbwp30p140ssg0p81v125c       0 
CKND2BWP30P140               1      0.378    tcbn28hpcplusbwp30p140ssg0p81v125c       0 
CKND2D1BWP30P140           266    100.548    tcbn28hpcplusbwp30p140ssg0p81v125c       0 
DFCND1BWP30P140             47    118.440    tcbn28hpcplusbwp30p140ssg0p81v125c       0 
DFCND2BWP30P140              1      2.898    tcbn28hpcplusbwp30p140ssg0p81v125c       0 
DFCNQD1BWP30P140          1347   3054.996    tcbn28hpcplusbwp30p140ssg0p81v125c       0 
DFSNQD2BWP30P140             2      4.536    tcbn28hpcplusbwp30p140ssg0p81v125c       0 
EDFCND1BWP30P140             3      9.072    tcbn28hpcplusbwp30p140ssg0p81v125c       0 
EDFCNQD1BWP30P140           13     37.674    tcbn28hpcplusbwp30p140ssg0p81v125c       0 
FA1D1BWP30P140            2220   4755.240    tcbn28hpcplusbwp30p140ssg0p81v125c       0 
HA1D1BWP30P140             240    393.120    tcbn28hpcplusbwp30p140ssg0p81v125c       0 
IAO21D1BWP30P140             7      4.410    tcbn28hpcplusbwp30p140ssg0p81v125c       0 
IND2D1BWP30P140            108     54.432    tcbn28hpcplusbwp30p140ssg0p81v125c       0 
IND2D2BWP30P140              1      0.756    tcbn28hpcplusbwp30p140ssg0p81v125c       0 
IND3D1BWP30P140              8      5.040    tcbn28hpcplusbwp30p140ssg0p81v125c       0 
IND4D1BWP30P140              4      3.024    tcbn28hpcplusbwp30p140ssg0p81v125c       0 
INR2D1BWP30P140            147     74.088    tcbn28hpcplusbwp30p140ssg0p81v125c       0 
INR3D0BWP30P140             10      6.300    tcbn28hpcplusbwp30p140ssg0p81v125c       0 
INR3D4BWP30P140              1      2.016    tcbn28hpcplusbwp30p140ssg0p81v125c       0 
INR4D0BWP30P140              6      4.536    tcbn28hpcplusbwp30p140ssg0p81v125c       0 
INVD0P7BWP30P140             1      0.252    tcbn28hpcplusbwp30p140ssg0p81v125c       0 
INVD1BWP30P140              13      3.276    tcbn28hpcplusbwp30p140ssg0p81v125c       0 
INVD2BWP30P140               1      0.378    tcbn28hpcplusbwp30p140ssg0p81v125c       0 
INVD6BWP30P140               1      0.882    tcbn28hpcplusbwp30p140ssg0p81v125c       0 
IOA21D1BWP30P140            74     46.620    tcbn28hpcplusbwp30p140ssg0p81v125c       0 
MAOI222D1BWP30P140          63     47.628    tcbn28hpcplusbwp30p140ssg0p81v125c       0 
MAOI22D1BWP30P140            7      5.292    tcbn28hpcplusbwp30p140ssg0p81v125c       0 
MOAI22D1BWP30P140            3      2.268    tcbn28hpcplusbwp30p140ssg0p81v125c       0 
MUX2D0BWP30P140              4      3.528    tcbn28hpcplusbwp30p140ssg0p81v125c       0 
MUX2NUD1BWP30P140            5      3.780    tcbn28hpcplusbwp30p140ssg0p81v125c       0 
ND2D1BWP30P140             208     78.624    tcbn28hpcplusbwp30p140ssg0p81v125c       0 
ND2OPTIBD1BWP30P140         30     11.340    tcbn28hpcplusbwp30p140ssg0p81v125c       0 
ND3D1BWP30P140             197     99.288    tcbn28hpcplusbwp30p140ssg0p81v125c       0 
ND4D1BWP30P140              97     61.110    tcbn28hpcplusbwp30p140ssg0p81v125c       0 
NR2D1BWP30P140              49     18.522    tcbn28hpcplusbwp30p140ssg0p81v125c       0 
NR2D2BWP30P140              10      6.300    tcbn28hpcplusbwp30p140ssg0p81v125c       0 
NR2D3BWP30P140               1      0.882    tcbn28hpcplusbwp30p140ssg0p81v125c       0 
NR2OPTIBD1BWP30P140         54     20.412    tcbn28hpcplusbwp30p140ssg0p81v125c       0 
NR2OPTPAD1BWP30P140          1      0.504    tcbn28hpcplusbwp30p140ssg0p81v125c       0 
NR3D0BWP30P140               9      4.536    tcbn28hpcplusbwp30p140ssg0p81v125c       0 
NR3D0P7BWP30P140            37     18.648    tcbn28hpcplusbwp30p140ssg0p81v125c       0 
OA211D1BWP30P140             3      2.268    tcbn28hpcplusbwp30p140ssg0p81v125c       0 
OA21D1BWP30P140              7      4.410    tcbn28hpcplusbwp30p140ssg0p81v125c       0 
OAI211D1BWP30P140          200    126.000    tcbn28hpcplusbwp30p140ssg0p81v125c       0 
OAI21D1BWP30P140           190     95.760    tcbn28hpcplusbwp30p140ssg0p81v125c       0 
OAI221D1BWP30P140           19     16.758    tcbn28hpcplusbwp30p140ssg0p81v125c       0 
OAI222D1BWP30P140          162    163.296    tcbn28hpcplusbwp30p140ssg0p81v125c       0 
OAI22D1BWP30P140             1      0.630    tcbn28hpcplusbwp30p140ssg0p81v125c       0 
OAI31D1BWP30P140             5      3.150    tcbn28hpcplusbwp30p140ssg0p81v125c       0 
OAI33D1BWP30P140             6      5.292    tcbn28hpcplusbwp30p140ssg0p81v125c       0 
OR2D0BWP30P140               7      3.528    tcbn28hpcplusbwp30p140ssg0p81v125c       0 
OR2D1BWP30P140              66     33.264    tcbn28hpcplusbwp30p140ssg0p81v125c       0 
OR2D2BWP30P140               1      0.630    tcbn28hpcplusbwp30p140ssg0p81v125c       0 
OR3D1BWP30P140               8      5.040    tcbn28hpcplusbwp30p140ssg0p81v125c       0 
OR4D1BWP30P140               1      0.756    tcbn28hpcplusbwp30p140ssg0p81v125c       0 
SDFCNQARD1BWP30P140         51    147.798    tcbn28hpcplusbwp30p140ssg0p81v125c       0 
SDFCNQD0BWP30P140            9     26.082    tcbn28hpcplusbwp30p140ssg0p81v125c       0 
SDFSNQD2BWP30P140            2      5.796    tcbn28hpcplusbwp30p140ssg0p81v125c       0 
XNR2UD1BWP30P140           469    413.658    tcbn28hpcplusbwp30p140ssg0p81v125c       0 
XNR3UD1BWP30P140            36     63.504    tcbn28hpcplusbwp30p140ssg0p81v125c       0 
XNR4D1BWP30P140              5     13.230    tcbn28hpcplusbwp30p140ssg0p81v125c       0 
XOR2UD1BWP30P140           167    147.294    tcbn28hpcplusbwp30p140ssg0p81v125c       0 
XOR3UD1BWP30P140           132    232.848    tcbn28hpcplusbwp30p140ssg0p81v125c       0 
XOR4D1BWP30P140             10     26.460    tcbn28hpcplusbwp30p140ssg0p81v125c       0 
----------------------------------------------------------------------------------------
total                    11151  13215.006                                       


                                                        
            Type             Instances    Area   Area % 
--------------------------------------------------------
sequential                        1475  3407.292   25.8 
inverter                           808   204.498    1.5 
clock_gating_integrated_cell        47    88.830    0.7 
logic                             8821  9514.386   72.0 
physical_cells                       0     0.000    0.0 
--------------------------------------------------------
total                            11151 13215.006  100.0 

