============================================================
  Generated by:           Genus(TM) Synthesis Solution 21.12-s068_1
  Generated on:           Oct 08 2025  11:03:20 am
  Module:                 System
  Operating conditions:   ssg0p81v125c 
  Interconnect mode:      global
  Area mode:              physical library
============================================================


Path 1: MET (0 ps) Setup Check with Pin conv/r_feat_reg[33][14]/CP->D
           View: analysis_view_0p81v_125c_capwst_slowest
          Group: clk
     Startpoint: (R) conv/r_idx_in_reg[1]/CP
          Clock: (R) clk
       Endpoint: (R) conv/r_feat_reg[33][14]/D
          Clock: (R) clk

                     Capture       Launch     
        Clock Edge:+    2000            0     
       Src Latency:+       0            0     
       Net Latency:+       0 (I)        0 (I) 
           Arrival:=    2000            0     
                                              
             Setup:-      24                  
     Required Time:=    1976                  
      Launch Clock:-       0                  
         Data Path:-    1976                  
             Slack:=       0                  

#--------------------------------------------------------------------------------------------------------------------------------------
#                   Timing Point                     Flags    Arc   Edge        Cell          Fanout Load Trans Delay Arrival Instance 
#                                                                                                    (fF)  (ps)  (ps)   (ps)  Location 
#--------------------------------------------------------------------------------------------------------------------------------------
  conv/r_idx_in_reg[1]/CP                            -       -      R     (arrival)                4    -     0     0       0    (-,-) 
  conv/r_idx_in_reg[1]/Q                             -       CP->Q  R     DFD2BWP30P140            5  7.7    24    66      66    (-,-) 
  conv/mux_mult/g203/ZN                              -       I->ZN  F     CKND2BWP30P140           2  3.9    17    15      80    (-,-) 
  conv/mux_mult/g193/ZN                              -       A1->ZN R     NR3OPTPAD4BWP30P140      8  9.7    38    28     108    (-,-) 
  conv/mux_mult/g183/ZN                              -       A1->ZN F     ND2D2BWP30P140           2  3.6    30    24     133    (-,-) 
  conv/mux_mult/g178/ZN                              -       A1->ZN R     ND2OPTIBD4BWP30P140      8  7.7    21    21     154    (-,-) 
  conv/g69260/ZN                                     -       A1->ZN R     INR2D2BWP30P140          2  2.7    22    29     183    (-,-) 
  conv/g69234/ZN                                     -       I->ZN  F     CKND1BWP30P140           3  3.0    23    19     203    (-,-) 
  conv/g69216/ZN                                     -       A1->ZN R     NR2D1BWP30P140          10  9.2    94    63     266    (-,-) 
  conv/g69125/Z                                      -       I->Z   R     BUFFD2BWP30P140         72 68.9   180   125     391    (-,-) 
  conv/g68130/ZN                                     -       B1->ZN F     AOI22D1BWP30P140         1  1.3    64    41     432    (-,-) 
  conv/g66229/ZN                                     -       A2->ZN R     ND4D1BWP30P140           1  1.3    27    27     459    (-,-) 
  conv/g66064/Z                                      -       A2->Z  R     OR2D2BWP30P140          28 27.9    75    67     526    (-,-) 
  conv/genblk1[0].multip/mul_157_63_g6026/ZN         -       I->ZN  F     CKND1BWP30P140           3  2.9    36    29     554    (-,-) 
  conv/genblk1[0].multip/mul_157_63_g6018/Z          -       A2->Z  F     AN2D1BWP30P140           2  2.0    16    33     587    (-,-) 
  conv/genblk1[0].multip/mul_157_63_g5993/ZN         -       A1->ZN R     NR2OPTIBD1BWP30P140      2  2.0    27    22     609    (-,-) 
  conv/genblk1[0].multip/mul_157_63_g5992/ZN         -       I->ZN  F     CKND1BWP30P140           1  1.2    15    14     622    (-,-) 
  conv/genblk1[0].multip/mul_157_63_g5962/Z          -       A1->Z  F     CKAN2D1BWP30P140        22 19.7   109    77     700    (-,-) 
  conv/genblk1[0].multip/mul_157_63_g5909/ZN         -       A2->ZN R     OAI21D1BWP30P140         1  1.9    44    48     748    (-,-) 
  conv/genblk1[0].multip/mul_157_63_g5823/ZN         -       A1->ZN R     XNR2UD1BWP30P140         1  2.5    53    36     784    (-,-) 
  conv/genblk1[0].multip/mul_157_63_g5770/CO         -       B->CO  R     HA1D1BWP30P140           2  2.7    21    36     820    (-,-) 
  conv/genblk1[0].multip/mul_157_63_g5766/ZN         -       A1->ZN R     INR2D1BWP30P140          1  2.5    36    35     855    (-,-) 
  conv/genblk1[0].multip/mul_157_63_g5725/CO         -       B->CO  R     HA1D1BWP30P140           1  2.6    20    33     888    (-,-) 
  conv/genblk1[0].multip/mul_157_63_cdnfadd_006_0/CO -       B->CO  R     FA1D1BWP30P140           1  2.1    22    40     928    (-,-) 
  conv/genblk1[0].multip/mul_157_63_cdnfadd_007_0/S  -       CI->S  F     FA1D1BWP30P140           2  2.1    26    68     996    (-,-) 
  conv/genblk1[0].multip/mul_157_63_g5653/Z          -       A1->Z  F     OR2D1BWP30P140           2  2.1    17    29    1026    (-,-) 
  conv/genblk1[0].multip/mul_157_63_g5652/ZN         -       B->ZN  R     OAI21D1BWP30P140         2  2.2    34    20    1045    (-,-) 
  conv/genblk1[0].multip/mul_157_63_g5643/ZN         -       B->ZN  F     AOI211D1BWP30P140        1  1.4    32    20    1065    (-,-) 
  conv/genblk1[0].multip/mul_157_63_g5636/ZN         -       B->ZN  R     OAI211D1BWP30P140        1  1.4    26    22    1086    (-,-) 
  conv/genblk1[0].multip/mul_157_63_g5635/ZN         -       B->ZN  F     OAI211D1BWP30P140        1  2.1    51    41    1128    (-,-) 
  conv/genblk1[0].multip/mul_157_63_g5603/CO         -       CI->CO F     FA1D1BWP30P140           1  2.1    22    53    1181    (-,-) 
  conv/genblk1[0].multip/mul_157_63_g5576/CO         -       CI->CO F     FA1D1BWP30P140           1  2.1    22    44    1225    (-,-) 
  conv/genblk1[0].multip/mul_157_63_g5556/CO         -       CI->CO F     FA1D1BWP30P140           1  2.1    22    44    1268    (-,-) 
  conv/genblk1[0].multip/mul_157_63_g5538/CO         -       CI->CO F     FA1D1BWP30P140           1  2.1    22    44    1312    (-,-) 
  conv/genblk1[0].multip/mul_157_63_g5531/CO         -       CI->CO F     FA1D2BWP30P140           1  2.1    18    42    1354    (-,-) 
  conv/genblk1[0].multip/mul_157_63_g5526/CO         -       CI->CO F     FA1D1BWP30P140           1  2.1    21    42    1396    (-,-) 
  conv/genblk1[0].multip/mul_157_63_g5523/CO         -       CI->CO F     FA1D1BWP30P140           1  2.1    21    43    1439    (-,-) 
  conv/genblk1[0].multip/mul_157_63_g5519/CO         -       CI->CO F     FA1D2BWP30P140           2  2.1    17    42    1481    (-,-) 
  conv/genblk1[0].multip/mul_157_63_g5512/ZN         -       A2->ZN R     CKND2D1BWP30P140         2  2.1    28    23    1504    (-,-) 
  conv/genblk1[0].multip/mul_157_63_g5507/ZN         -       A1->ZN R     IND2D1BWP30P140          2  2.1    20    27    1531    (-,-) 
  conv/genblk1[0].multip/mul_157_63_g5500/Z          -       A1->Z  R     OR3D1BWP30P140           2  2.1    18    32    1563    (-,-) 
  conv/genblk1[0].multip/mul_157_63_g5489/ZN         -       A1->ZN R     INR2D1BWP30P140          2  2.1    31    32    1596    (-,-) 
  conv/genblk1[0].multip/mul_157_63_g5467/Z          -       A2->Z  R     OA21D1BWP30P140          2  2.7    21    37    1633    (-,-) 
  conv/genblk1[0].multip/mul_157_63_g5465/ZN         -       A1->ZN R     XNR2UD1BWP30P140        18 16.4   244   118    1751    (-,-) 
  conv/g70534/ZN                                     -       I->ZN  F     CKND1BWP30P140          17 16.2   143   118    1870    (-,-) 
  conv/g69819/ZN                                     -       A1->ZN R     NR2OPTIBD1BWP30P140      2  2.1    55    52    1921    (-,-) 
  conv/g68808/ZN                                     -       B->ZN  F     AOI21D1BWP30P140         1  1.3    72    23    1944    (-,-) 
  conv/g69725/ZN                                     -       B->ZN  R     OAI21D1BWP30P140         1  1.3    36    31    1975    (-,-) 
  conv/r_feat_reg[33][14]/D                          <<<     -      R     DFQD2BWP30P140           1    -     -     0    1976    (-,-) 
#--------------------------------------------------------------------------------------------------------------------------------------


