============================================================
  Generated by:           Genus(TM) Synthesis Solution 21.12-s068_1
  Generated on:           Oct 08 2025  11:03:20 am
  Module:                 System
  Library domain:         timing_cond_0p81v_125c
    Domain index:         0
    Technology library:   tcbn28hpcplusbwp30p140ssg0p81v125c 110
  Operating conditions:   ssg0p81v125c 
  Interconnect mode:      global
  Area mode:              physical library
============================================================

                                                                                Library 
        Gate         Instances    Area                   Library                 Domain 
----------------------------------------------------------------------------------------
AN2D16BWP30P140              2      6.804    tcbn28hpcplusbwp30p140ssg0p81v125c       0 
AN2D1BWP30P140              31     15.624    tcbn28hpcplusbwp30p140ssg0p81v125c       0 
AN2D2BWP30P140               1      0.630    tcbn28hpcplusbwp30p140ssg0p81v125c       0 
AN2D4BWP30P140               3      3.402    tcbn28hpcplusbwp30p140ssg0p81v125c       0 
AN2D8BWP30P140               4      7.560    tcbn28hpcplusbwp30p140ssg0p81v125c       0 
AN3D0BWP30P140              12      7.560    tcbn28hpcplusbwp30p140ssg0p81v125c       0 
AN3D1BWP30P140              14      8.820    tcbn28hpcplusbwp30p140ssg0p81v125c       0 
AN3D2BWP30P140               5      3.780    tcbn28hpcplusbwp30p140ssg0p81v125c       0 
AN4D1BWP30P140               2      1.512    tcbn28hpcplusbwp30p140ssg0p81v125c       0 
AN4D2BWP30P140               1      0.882    tcbn28hpcplusbwp30p140ssg0p81v125c       0 
AN4D4BWP30P140               2      3.276    tcbn28hpcplusbwp30p140ssg0p81v125c       0 
AO211D1BWP30P140           124     93.744    tcbn28hpcplusbwp30p140ssg0p81v125c       0 
AO21D1BWP30P140             18     11.340    tcbn28hpcplusbwp30p140ssg0p81v125c       0 
AO22D0BWP30P140            862    651.672    tcbn28hpcplusbwp30p140ssg0p81v125c       0 
AOI211D1BWP30P140           21     13.230    tcbn28hpcplusbwp30p140ssg0p81v125c       0 
AOI21D1BWP30P140            85     42.840    tcbn28hpcplusbwp30p140ssg0p81v125c       0 
AOI221D1BWP30P140          754    570.024    tcbn28hpcplusbwp30p140ssg0p81v125c       0 
AOI222D1BWP30P140          461    464.688    tcbn28hpcplusbwp30p140ssg0p81v125c       0 
AOI22D0P7BWP30P140           1      0.630    tcbn28hpcplusbwp30p140ssg0p81v125c       0 
AOI22D1BWP30P140          1976   1244.880    tcbn28hpcplusbwp30p140ssg0p81v125c       0 
AOI31D1BWP30P140             7      4.410    tcbn28hpcplusbwp30p140ssg0p81v125c       0 
AOI32D1BWP30P140             2      1.512    tcbn28hpcplusbwp30p140ssg0p81v125c       0 
BUFFD1P5BWP30P140            1      0.504    tcbn28hpcplusbwp30p140ssg0p81v125c       0 
BUFFD2BWP30P140              5      2.520    tcbn28hpcplusbwp30p140ssg0p81v125c       0 
BUFFD3BWP30P140              5      3.150    tcbn28hpcplusbwp30p140ssg0p81v125c       0 
CKAN2D1BWP30P140           114     57.456    tcbn28hpcplusbwp30p140ssg0p81v125c       0 
CKBD1BWP30P140               1      0.378    tcbn28hpcplusbwp30p140ssg0p81v125c       0 
CKLNQD1BWP30P140            90    170.100    tcbn28hpcplusbwp30p140ssg0p81v125c       0 
CKMUX2D0BWP30P140           47     41.454    tcbn28hpcplusbwp30p140ssg0p81v125c       0 
CKND1BWP30P140            1168    294.336    tcbn28hpcplusbwp30p140ssg0p81v125c       0 
CKND2BWP30P140              10      3.780    tcbn28hpcplusbwp30p140ssg0p81v125c       0 
CKND2D1BWP30P140           216     81.648    tcbn28hpcplusbwp30p140ssg0p81v125c       0 
CKND2D8BWP30P140             1      2.142    tcbn28hpcplusbwp30p140ssg0p81v125c       0 
CKND4BWP30P140               2      1.260    tcbn28hpcplusbwp30p140ssg0p81v125c       0 
CKND6BWP30P140               1      0.882    tcbn28hpcplusbwp30p140ssg0p81v125c       0 
DFCND1BWP30P140              4     10.080    tcbn28hpcplusbwp30p140ssg0p81v125c       0 
DFCNQD1BWP30P140             2      4.536    tcbn28hpcplusbwp30p140ssg0p81v125c       0 
DFD1BWP30P140                3      6.426    tcbn28hpcplusbwp30p140ssg0p81v125c       0 
DFD2BWP30P140                1      2.268    tcbn28hpcplusbwp30p140ssg0p81v125c       0 
DFKCND1BWP30P140            24     51.408    tcbn28hpcplusbwp30p140ssg0p81v125c       0 
DFKCNQD1BWP30P140          500   1008.000    tcbn28hpcplusbwp30p140ssg0p81v125c       0 
DFKCNQD2BWP30P140          950   1915.200    tcbn28hpcplusbwp30p140ssg0p81v125c       0 
DFKCSND1BWP30P140            1      2.520    tcbn28hpcplusbwp30p140ssg0p81v125c       0 
DFKSND1BWP30P140            89    213.066    tcbn28hpcplusbwp30p140ssg0p81v125c       0 
DFQD2BWP30P140             634   1198.260    tcbn28hpcplusbwp30p140ssg0p81v125c       0 
FA1D1BWP30P140            2769   5931.198    tcbn28hpcplusbwp30p140ssg0p81v125c       0 
FA1D2BWP30P140               2      4.788    tcbn28hpcplusbwp30p140ssg0p81v125c       0 
FA1OPTCD1BWP30P140           1      2.520    tcbn28hpcplusbwp30p140ssg0p81v125c       0 
FA1OPTCD2BWP30P140           1      3.024    tcbn28hpcplusbwp30p140ssg0p81v125c       0 
HA1D1BWP30P140             240    393.120    tcbn28hpcplusbwp30p140ssg0p81v125c       0 
IAO21D1BWP30P140            13      8.190    tcbn28hpcplusbwp30p140ssg0p81v125c       0 
IAO21D2BWP30P140             1      0.882    tcbn28hpcplusbwp30p140ssg0p81v125c       0 
IND2D1BWP30P140             90     45.360    tcbn28hpcplusbwp30p140ssg0p81v125c       0 
IND2D2BWP30P140              2      1.512    tcbn28hpcplusbwp30p140ssg0p81v125c       0 
IND3D1BWP30P140             28     17.640    tcbn28hpcplusbwp30p140ssg0p81v125c       0 
IND4D1BWP30P140              3      2.268    tcbn28hpcplusbwp30p140ssg0p81v125c       0 
INR2D1BWP30P140            314    158.256    tcbn28hpcplusbwp30p140ssg0p81v125c       0 
INR2D2BWP30P140              3      2.268    tcbn28hpcplusbwp30p140ssg0p81v125c       0 
INR2D4BWP30P140              4      5.544    tcbn28hpcplusbwp30p140ssg0p81v125c       0 
INR3D0BWP30P140             10      6.300    tcbn28hpcplusbwp30p140ssg0p81v125c       0 
INR3D8BWP30P140              1      3.654    tcbn28hpcplusbwp30p140ssg0p81v125c       0 
INR4D0BWP30P140              3      2.268    tcbn28hpcplusbwp30p140ssg0p81v125c       0 
INVD0P7BWP30P140             7      1.764    tcbn28hpcplusbwp30p140ssg0p81v125c       0 
INVD12BWP30P140              3      4.914    tcbn28hpcplusbwp30p140ssg0p81v125c       0 
INVD16BWP30P140              1      2.142    tcbn28hpcplusbwp30p140ssg0p81v125c       0 
INVD1BWP30P140               7      1.764    tcbn28hpcplusbwp30p140ssg0p81v125c       0 
INVD3BWP30P140               5      2.520    tcbn28hpcplusbwp30p140ssg0p81v125c       0 
INVD8BWP30P140               1      1.134    tcbn28hpcplusbwp30p140ssg0p81v125c       0 
IOA21D0BWP30P140             2      1.260    tcbn28hpcplusbwp30p140ssg0p81v125c       0 
IOA21D1BWP30P140           239    150.570    tcbn28hpcplusbwp30p140ssg0p81v125c       0 
MAOI222D1BWP30P140           7      5.292    tcbn28hpcplusbwp30p140ssg0p81v125c       0 
MAOI22D1BWP30P140           20     15.120    tcbn28hpcplusbwp30p140ssg0p81v125c       0 
MOAI22D1BWP30P140          163    123.228    tcbn28hpcplusbwp30p140ssg0p81v125c       0 
MUX2D0BWP30P140              3      2.646    tcbn28hpcplusbwp30p140ssg0p81v125c       0 
MUX2NOPTD2BWP30P140          1      1.386    tcbn28hpcplusbwp30p140ssg0p81v125c       0 
MUX2NUD1BWP30P140           25     18.900    tcbn28hpcplusbwp30p140ssg0p81v125c       0 
ND2D1BWP30P140             197     74.466    tcbn28hpcplusbwp30p140ssg0p81v125c       0 
ND2D2BWP30P140               5      3.150    tcbn28hpcplusbwp30p140ssg0p81v125c       0 
ND2D3BWP30P140               6      5.292    tcbn28hpcplusbwp30p140ssg0p81v125c       0 
ND2D4BWP30P140               4      4.536    tcbn28hpcplusbwp30p140ssg0p81v125c       0 
ND2OPTD6BWP30P140            1      1.638    tcbn28hpcplusbwp30p140ssg0p81v125c       0 
ND2OPTIBD1BWP30P140         21      7.938    tcbn28hpcplusbwp30p140ssg0p81v125c       0 
ND2OPTIBD4BWP30P140          1      1.134    tcbn28hpcplusbwp30p140ssg0p81v125c       0 
ND3D1BWP30P140             168     84.672    tcbn28hpcplusbwp30p140ssg0p81v125c       0 
ND4D1BWP30P140             245    154.350    tcbn28hpcplusbwp30p140ssg0p81v125c       0 
NR2D0P7BWP30P140             1      0.378    tcbn28hpcplusbwp30p140ssg0p81v125c       0 
NR2D16BWP30P140              1      4.158    tcbn28hpcplusbwp30p140ssg0p81v125c       0 
NR2D1BWP30P140             147     55.566    tcbn28hpcplusbwp30p140ssg0p81v125c       0 
NR2D2BWP30P140               4      2.520    tcbn28hpcplusbwp30p140ssg0p81v125c       0 
NR2D3BWP30P140               2      1.764    tcbn28hpcplusbwp30p140ssg0p81v125c       0 
NR2D4BWP30P140               3      3.402    tcbn28hpcplusbwp30p140ssg0p81v125c       0 
NR2D6BWP30P140               1      1.638    tcbn28hpcplusbwp30p140ssg0p81v125c       0 
NR2OPTD6BWP30P140            3      4.914    tcbn28hpcplusbwp30p140ssg0p81v125c       0 
NR2OPTIBD1BWP30P140        161     60.858    tcbn28hpcplusbwp30p140ssg0p81v125c       0 
NR2OPTIBD6BWP30P140          1      1.638    tcbn28hpcplusbwp30p140ssg0p81v125c       0 
NR3D0BWP30P140               5      2.520    tcbn28hpcplusbwp30p140ssg0p81v125c       0 
NR3D0P7BWP30P140            19      9.576    tcbn28hpcplusbwp30p140ssg0p81v125c       0 
NR3D1P5BWP30P140             2      1.764    tcbn28hpcplusbwp30p140ssg0p81v125c       0 
NR3OPTPAD4BWP30P140          1      2.394    tcbn28hpcplusbwp30p140ssg0p81v125c       0 
NR4D0BWP30P140               3      1.890    tcbn28hpcplusbwp30p140ssg0p81v125c       0 
OA211D1BWP30P140             3      2.268    tcbn28hpcplusbwp30p140ssg0p81v125c       0 
OA21D1BWP30P140             16     10.080    tcbn28hpcplusbwp30p140ssg0p81v125c       0 
OA22D1BWP30P140              3      2.646    tcbn28hpcplusbwp30p140ssg0p81v125c       0 
OAI211D1BWP30P140          301    189.630    tcbn28hpcplusbwp30p140ssg0p81v125c       0 
OAI21D1BWP30P140           252    127.008    tcbn28hpcplusbwp30p140ssg0p81v125c       0 
OAI221D1BWP30P140          140    123.480    tcbn28hpcplusbwp30p140ssg0p81v125c       0 
OAI222D1BWP30P140          118    118.944    tcbn28hpcplusbwp30p140ssg0p81v125c       0 
OAI22D0P7BWP30P140           2      1.260    tcbn28hpcplusbwp30p140ssg0p81v125c       0 
OAI22D1BWP30P140            20     12.600    tcbn28hpcplusbwp30p140ssg0p81v125c       0 
OAI31D1BWP30P140            20     12.600    tcbn28hpcplusbwp30p140ssg0p81v125c       0 
OAI32D1BWP30P140             6      4.536    tcbn28hpcplusbwp30p140ssg0p81v125c       0 
OAI33D1BWP30P140             1      0.882    tcbn28hpcplusbwp30p140ssg0p81v125c       0 
OAI33D2BWP30P140             1      1.638    tcbn28hpcplusbwp30p140ssg0p81v125c       0 
OR2D0BWP30P140              39     19.656    tcbn28hpcplusbwp30p140ssg0p81v125c       0 
OR2D1BWP30P140             152     76.608    tcbn28hpcplusbwp30p140ssg0p81v125c       0 
OR2D2BWP30P140              26     16.380    tcbn28hpcplusbwp30p140ssg0p81v125c       0 
OR2D4BWP30P140               3      3.402    tcbn28hpcplusbwp30p140ssg0p81v125c       0 
OR3D1BWP30P140              41     25.830    tcbn28hpcplusbwp30p140ssg0p81v125c       0 
OR3D2BWP30P140               5      3.780    tcbn28hpcplusbwp30p140ssg0p81v125c       0 
OR3D4BWP30P140               7      9.702    tcbn28hpcplusbwp30p140ssg0p81v125c       0 
OR4D1BWP30P140              36     27.216    tcbn28hpcplusbwp30p140ssg0p81v125c       0 
OR4D2BWP30P140               4      3.528    tcbn28hpcplusbwp30p140ssg0p81v125c       0 
OR4D4BWP30P140               2      3.276    tcbn28hpcplusbwp30p140ssg0p81v125c       0 
XNR2UD1BWP30P140           725    639.450    tcbn28hpcplusbwp30p140ssg0p81v125c       0 
XNR3D1BWP30P140              1      1.890    tcbn28hpcplusbwp30p140ssg0p81v125c       0 
XNR3UD1BWP30P140            36     63.504    tcbn28hpcplusbwp30p140ssg0p81v125c       0 
XNR4D1BWP30P140             17     44.982    tcbn28hpcplusbwp30p140ssg0p81v125c       0 
XOR2UD1BWP30P140           123    108.486    tcbn28hpcplusbwp30p140ssg0p81v125c       0 
XOR3D1BWP30P140              3      5.670    tcbn28hpcplusbwp30p140ssg0p81v125c       0 
XOR3D2BWP30P140              1      2.016    tcbn28hpcplusbwp30p140ssg0p81v125c       0 
XOR3UD1BWP30P140            89    156.996    tcbn28hpcplusbwp30p140ssg0p81v125c       0 
XOR4D0BWP30P140              7     18.522    tcbn28hpcplusbwp30p140ssg0p81v125c       0 
----------------------------------------------------------------------------------------
total                    15428  17482.248                                       


                                                        
            Type             Instances    Area   Area % 
--------------------------------------------------------
sequential                        2208  4411.764   25.2 
inverter                          1205   314.496    1.8 
buffer                              12     6.552    0.0 
clock_gating_integrated_cell        90   170.100    1.0 
logic                            11913 12579.336   72.0 
physical_cells                       0     0.000    0.0 
--------------------------------------------------------
total                            15428 17482.248  100.0 

