============================================================
  Generated by:           Genus(TM) Synthesis Solution 21.12-s068_1
  Generated on:           Oct 08 2025  11:03:17 am
  Module:                 System
  Library domain:         timing_cond_0p81v_125c
    Domain index:         0
    Technology library:   tcbn28hpcplusbwp30p140ssg0p81v125c 110
  Operating conditions:   ssg0p81v125c 
  Interconnect mode:      global
  Area mode:              physical library
============================================================


Summary
-------
-----------------------------------------------------------------------------
             Category              Number     %    Average Toggle Saving %   
-----------------------------------------------------------------------------
 Total Clock Gating Instances          90  100.00                         -  
-----------------------------------------------------------------------------
 RC Clock Gating Instances             90  100.00                     71.06  
 Non-RC Clock Gating Instances          0    0.00                      0.00  
-----------------------------------------------------------------------------
 RC Gated Flip-flops                 2198   99.55                     69.70  
 Non-RC Gated Flip-flops                0    0.00                      0.00  
-----------------------------------------------------------------------------
 Total Gated Flip-flops              2198   99.55                         -  
 Total Ungated Flip-flops              10    0.45                         -  
 Enable not found                       1   10.00                         -  
 Timing exception in enable logic       3   30.00                         -  
 Register bank width too small          6   60.00                         -  
-----------------------------------------------------------------------------
 Total Flip-flops                    2208  100.00                         -  
-----------------------------------------------------------------------------
Multibit Flip-flop Summary
--------------------------
-------------------------------------------------------
Width     Number     Bits     RC Gated     Ungated     
-------------------------------------------------------
1-bit     2208       2208     2198 (99.55%) 10 (0.45%)  
--------------------------------------------------------


