============================================================
  Generated by:           Genus(TM) Synthesis Solution 21.12-s068_1
  Generated on:           Jan 27 2026  12:35:05 am
  Module:                 System
  Operating conditions:   ssg0p81v125c 
  Operating conditions:   tt0p9v25c 
  Operating conditions:   ffg0p99vm40c 
  Interconnect mode:      global
  Area mode:              physical library
============================================================


Path 1: MET (395 ps) Late External Delay Assertion at pin p_output_data_write[0][18]
           View: analysis_view_0p99v_m40c_capbst_fastest
          Group: clk
     Startpoint: (R) control/r_addr_count_write_out_reg[0]/CP
          Clock: (R) clk
       Endpoint: (R) p_output_data_write[0][18]
          Clock: (R) clk

                     Capture       Launch     
        Clock Edge:+    2000            0     
       Src Latency:+       0            0     
       Net Latency:+       0 (I)        0 (I) 
           Arrival:=    2000            0     
                                              
      Output Delay:-    1000                  
     Required Time:=    1000                  
      Launch Clock:-       0                  
         Data Path:-     605                  
             Slack:=     395                  

Exceptions/Constraints:
  output_delay             1000            tmp_sdc_analysis_vie_1_line_330 

#---------------------------------------------------------------------------------------------------------------------------
#              Timing Point                Flags    Arc   Edge        Cell         Fanout Load Trans Delay Arrival Instance 
#                                                                                         (fF)  (ps)  (ps)   (ps)  Location 
#---------------------------------------------------------------------------------------------------------------------------
  control/r_addr_count_write_out_reg[0]/CP -       -      R     (arrival)              54    -     0     0       0    (-,-) 
  control/r_addr_count_write_out_reg[0]/Q  -       CP->Q  R     DFKCND1BWP30P140        6  7.9    28    44      44    (-,-) 
  control/g45795__5122/ZN                  -       A2->ZN F     NR2D1BWP30P140          9 10.7    38    29      73    (-,-) 
  control/g45778/Z                         -       I->Z   F     BUFFD3BWP30P140        69 76.6    81    63     136    (-,-) 
  control/g45158__6417/ZN                  -       B1->ZN R     AOI22D1BWP30P140        1  1.8    25    32     167    (-,-) 
  control/g45091__5115/ZN                  -       A2->ZN F     ND2D1BWP30P140          1  3.0    22    17     185    (-,-) 
  control/add_1043_62_I1_g1260/CO          -       B->CO  F     FA1D1BWP30P140          1  3.0    14    32     216    (-,-) 
  control/add_1043_62_I1_g1259/CO          -       CI->CO F     FA1OPTCD1BWP30P140      1  2.5    13    19     235    (-,-) 
  control/add_1043_62_I1_g1258/CO          -       CI->CO F     FA1D2BWP30P140          2  3.3    11    25     260    (-,-) 
  control/add_1043_62_I1_g1256/ZN          -       A1->ZN R     AOI21D1BWP30P140        2  3.4    25    18     278    (-,-) 
  control/add_1043_62_I1_g2/Z              -       A1->Z  R     OA21D1BWP30P140         2  3.3    14    21     299    (-,-) 
  control/add_1043_62_I1_g1251/ZN          -       A1->ZN F     OAI21D0P7BWP30P140      3  4.4    41    27     326    (-,-) 
  control/add_1043_62_I1_g1249/Z           -       A1->Z  F     AO21D1BWP30P140         1  2.4    11    23     349    (-,-) 
  control/add_1043_62_I1_g1246/CO          -       CI->CO F     FA1D1BWP30P140          1  3.0    14    25     374    (-,-) 
  control/add_1043_62_I1_g1245/CO          -       CI->CO F     FA1OPTCD1BWP30P140      1  2.4    13    18     392    (-,-) 
  control/add_1043_62_I1_g1244/CO          -       CI->CO F     FA1D1BWP30P140          1  2.4    13    24     416    (-,-) 
  control/add_1043_62_I1_g1243/CO          -       CI->CO F     FA1D1BWP30P140          1  2.4    13    24     440    (-,-) 
  control/add_1043_62_I1_g1242/CO          -       CI->CO F     FA1D1BWP30P140          1  2.4    13    24     465    (-,-) 
  control/add_1043_62_I1_g1241/CO          -       CI->CO F     FA1D1BWP30P140          1  2.4    13    24     489    (-,-) 
  control/add_1043_62_I1_g1240/CO          -       CI->CO F     FA1D1BWP30P140          1  2.4    13    24     513    (-,-) 
  control/add_1043_62_I1_g1239/CO          -       CI->CO F     FA1D1BWP30P140          1  2.4    13    24     537    (-,-) 
  control/add_1043_62_I1_g1238/S           -       CI->S  R     FA1D1BWP30P140          1  1.7    14    40     577    (-,-) 
  control/g41853__5107/ZN                  -       A1->ZN R     INR2D1BWP30P140         1  5.2    64    28     605    (-,-) 
  p_output_data_write[0][18]               <<<     -      R     (port)                  -    -     -     0     605    (-,-) 
#---------------------------------------------------------------------------------------------------------------------------


