============================================================
  Generated by:           Genus(TM) Synthesis Solution 21.12-s068_1
  Generated on:           Jan 25 2026  10:01:25 pm
  Module:                 Conv
  Operating conditions:   ssg0p81v125c 
  Operating conditions:   tt0p9v25c 
  Operating conditions:   ffg0p99vm40c 
  Interconnect mode:      global
  Area mode:              physical library
============================================================


Path 1: MET (383 ps) Late External Delay Assertion at pin p_output[3][19]
           View: analysis_view_0p99v_m40c_capbst_fastest
          Group: clk
     Startpoint: (R) r_feat_reg[30][1]/CP
          Clock: (R) clk
       Endpoint: (R) p_output[3][19]
          Clock: (R) clk

                     Capture       Launch     
        Clock Edge:+    2000            0     
       Src Latency:+       0            0     
       Net Latency:+       0 (I)        0 (I) 
           Arrival:=    2000            0     
                                              
      Output Delay:-    1000                  
     Required Time:=    1000                  
      Launch Clock:-       0                  
         Data Path:-     617                  
             Slack:=     383                  

Exceptions/Constraints:
  output_delay             1000            tmp_sdc_analysis_vie_1_line_1507 

#---------------------------------------------------------------------------------------------------------------------------------------------------
#                        Timing Point                         Flags    Arc   Edge          Cell            Fanout Load Trans Delay Arrival Instance 
#                                                                                                                 (fF)  (ps)  (ps)   (ps)  Location 
#---------------------------------------------------------------------------------------------------------------------------------------------------
  r_feat_reg[30][1]/CP                                        -       -      R     (arrival)                   80    -     0     0       0    (-,-) 
  r_feat_reg[30][1]/Q                                         -       CP->Q  R     DFQD2BWP30P140               3  4.1     9    31      31    (-,-) 
  inv/matrix_a1/csa_tree_ADD_TC_OP_1_groupi_g2152/ZN          -       A2->ZN R     XNR2UD1BWP30P140             2  2.8    31    27      58    (-,-) 
  inv/matrix_a1/csa_tree_ADD_TC_OP_1_groupi_g2141/ZN          -       A1->ZN F     ND2D1BWP30P140               2  2.7    22    18      76    (-,-) 
  inv/matrix_a1/csa_tree_ADD_TC_OP_1_groupi_g2087/ZN          -       A1->ZN R     AOI21D1BWP30P140             2  3.4    26    22      98    (-,-) 
  inv/matrix_a1/csa_tree_ADD_TC_OP_1_groupi_g2065/ZN          -       A2->ZN F     OAI21OPTREPBD1BWP30P140      2  3.9    25    20     118    (-,-) 
  inv/matrix_a1/csa_tree_ADD_TC_OP_1_groupi_g2062/ZN          -       A1->ZN R     AOI21D2BWP30P140             2  3.4    17    16     133    (-,-) 
  inv/matrix_a1/csa_tree_ADD_TC_OP_1_groupi_g2060/ZN          -       A1->ZN F     OAI21D1BWP30P140             2  3.7    29    21     154    (-,-) 
  inv/matrix_a1/csa_tree_ADD_TC_OP_1_groupi_g2058/ZN          -       A1->ZN R     AOI21D2BWP30P140             2  3.9    19    18     172    (-,-) 
  inv/matrix_a1/csa_tree_ADD_TC_OP_1_groupi_g2056/ZN          -       A1->ZN F     OAI21D2BWP30P140             2  3.6    18    14     185    (-,-) 
  inv/matrix_a1/csa_tree_ADD_TC_OP_1_groupi_g2053/ZN          -       A1->ZN R     AOI21OPTREPBD1BWP30P140      2  3.3    20    17     202    (-,-) 
  inv/matrix_a1/g2175/ZN                                      -       A1->ZN R     IAO21D0BWP30P140             2  3.4    38    32     234    (-,-) 
  inv/matrix_a1/csa_tree_ADD_TC_OP_1_groupi_g2049/ZN          -       I->ZN  F     CKND1BWP30P140               1  1.7    15    11     246    (-,-) 
  inv/matrix_a1/csa_tree_ADD_TC_OP_1_groupi_g2047/ZN          -       A1->ZN R     AOI21D1BWP30P140             2  3.4    25    20     266    (-,-) 
  inv/matrix_a1/g2174/ZN                                      -       A1->ZN R     IAO21D2BWP30P140             2  3.4    13    20     286    (-,-) 
  inv/matrix_a1/g2173/ZN                                      -       A1->ZN R     IAO21D2BWP30P140             2  3.4    13    18     304    (-,-) 
  inv/matrix_a1/csa_tree_ADD_TC_OP_1_groupi_g2039/Z           -       A1->Z  R     OA21D1BWP30P140              2  3.4    15    19     323    (-,-) 
  inv/matrix_a1/g2172/ZN                                      -       A1->ZN R     IAO21D2BWP30P140             2  3.4    13    18     342    (-,-) 
  inv/matrix_a1/csa_tree_ADD_TC_OP_1_groupi_g2035/ZN          -       I->ZN  F     CKND1BWP30P140               1  2.0    11     9     351    (-,-) 
  inv/matrix_a1/csa_tree_ADD_TC_OP_1_groupi_g2033/ZN          -       A1->ZN R     AOI21OPTREPBD1BWP30P140      2  3.9    23    17     368    (-,-) 
  inv/matrix_a1/csa_tree_ADD_TC_OP_1_groupi_g2032/ZN          -       I->ZN  F     CKND2BWP30P140               1  1.7     8     6     374    (-,-) 
  inv/matrix_a1/csa_tree_ADD_TC_OP_1_groupi_g2030/ZN          -       A1->ZN R     AOI21D1BWP30P140             2  3.3    24    18     391    (-,-) 
  inv/matrix_a1/g2171/ZN                                      -       A1->ZN R     IAO21D0BWP30P140             2  3.4    38    33     424    (-,-) 
  inv/matrix_a1/csa_tree_ADD_TC_OP_1_groupi_g2025/ZN          -       A1->ZN R     XNR2D1BWP30P140              2  5.8    21    26     450    (-,-) 
  inv/matrix_a0/csa_tree_ADD_TC_OP_3_groupi50_cdnfadd_017_0/S -       A->S   F     FA1D1BWP30P140               2  2.7    15    42     492    (-,-) 
  inv/matrix_a0/csa_tree_ADD_TC_OP_3_groupi50_g917/ZN         -       A1->ZN R     NR2OPTIBD1BWP30P140          3  3.9    25    20     512    (-,-) 
  inv/matrix_a0/csa_tree_ADD_TC_OP_3_groupi50_g898/ZN         -       A1->ZN R     IAO21D1BWP30P140             1  1.8    14    21     532    (-,-) 
  inv/matrix_a0/csa_tree_ADD_TC_OP_3_groupi50_g866/ZN         -       B->ZN  F     OAI21D1BWP30P140             1  2.4    23    17     550    (-,-) 
  inv/matrix_a0/csa_tree_ADD_TC_OP_3_groupi50_g864/CO         -       CI->CO F     FA1D1BWP30P140               1  1.8    11    26     576    (-,-) 
  inv/matrix_a0/g2137/Z                                       -       A1->Z  R     XOR3D2BWP30P140              1  5.2    13    41     616    (-,-) 
  p_output[3][19]                                             <<<     -      R     (port)                       -    -     -     0     617    (-,-) 
#---------------------------------------------------------------------------------------------------------------------------------------------------


