============================================================
  Generated by:           Genus(TM) Synthesis Solution 21.12-s068_1
  Generated on:           Oct 05 2026  05:17:08 pm
  Module:                 Conv
  Operating conditions:   ssg0p81v125c 
  Operating conditions:   tt0p9v25c 
  Interconnect mode:      global
  Area mode:              physical library
============================================================


Path 1: MET (232 ps) Late External Delay Assertion at pin p_output_data_write[19]
           View: analysis_view_0p90v_25c_captyp_nominal
          Group: clk
     Startpoint: (R) r_output_write_count_reg[0]/CP
          Clock: (R) clk
       Endpoint: (F) p_output_data_write[19]
          Clock: (R) clk

                     Capture       Launch     
        Clock Edge:+    2000            0     
       Src Latency:+       0            0     
       Net Latency:+       0 (I)        0 (I) 
           Arrival:=    2000            0     
                                              
      Output Delay:-    1000                  
     Required Time:=    1000                  
      Launch Clock:-       0                  
         Data Path:-     768                  
             Slack:=     232                  

Exceptions/Constraints:
  output_delay             1000            tmp_sdc_analysis_vie_line_823 

#------------------------------------------------------------------------------------------------------------------
#         Timing Point           Flags    Arc   Edge        Cell         Fanout  Load Trans Delay Arrival Instance 
#                                                                                (fF)  (ps)  (ps)   (ps)  Location 
#------------------------------------------------------------------------------------------------------------------
  r_output_write_count_reg[0]/CP -       -      R     (arrival)               4     -     0     0       0    (-,-) 
  r_output_write_count_reg[0]/Q  -       CP->Q  F     DFCND1BWP30P140         4   4.7    23    58      58    (-,-) 
  g12885/ZN                      -       A1->ZN F     INR2D2BWP30P140        25  26.3    55    46     104    (-,-) 
  g12538/Z                       -       I->Z   F     BUFFD6BWP30P140       137 138.8    93    75     178    (-,-) 
  g12168/ZN                      -       B1->ZN R     AOI22D1BWP30P140        1   1.5    29    40     218    (-,-) 
  g11650/ZN                      -       A1->ZN F     ND2D1BWP30P140          1   3.5    32    26     244    (-,-) 
  add_1007_76_I1_g478/CO         -       A->CO  F     FA1OPTCD1BWP30P140      1   2.2    16    40     284    (-,-) 
  add_1007_76_I1_g477/CO         -       CI->CO F     FA1D1BWP30P140          1   2.2    16    32     316    (-,-) 
  add_1007_76_I1_g476/CO         -       CI->CO F     FA1D1BWP30P140          1   2.2    16    32     348    (-,-) 
  add_1007_76_I1_g475/CO         -       CI->CO F     FA1D1BWP30P140          1   2.2    16    32     380    (-,-) 
  add_1007_76_I1_g474/CO         -       CI->CO F     FA1D1BWP30P140          1   2.2    16    32     412    (-,-) 
  add_1007_76_I1_g473/CO         -       CI->CO F     FA1D1BWP30P140          1   2.7    17    33     446    (-,-) 
  add_1007_76_I1_g472/CO         -       CI->CO F     FA1OPTCD1BWP30P140      1   2.7    18    25     471    (-,-) 
  add_1007_76_I1_g471/CO         -       CI->CO F     FA1OPTCD1BWP30P140      1   2.7    18    25     496    (-,-) 
  add_1007_76_I1_g470/CO         -       CI->CO F     FA1OPTCD2BWP30P140      1   2.7    13    21     517    (-,-) 
  add_1007_76_I1_g469/CO         -       CI->CO F     FA1OPTCD1BWP30P140      1   2.2    16    23     540    (-,-) 
  add_1007_76_I1_g468/CO         -       CI->CO F     FA1D1BWP30P140          1   2.2    16    32     572    (-,-) 
  add_1007_76_I1_g467/CO         -       CI->CO F     FA1D1BWP30P140          1   2.2    16    32     604    (-,-) 
  add_1007_76_I1_g466/CO         -       CI->CO F     FA1D1BWP30P140          1   2.2    16    32     636    (-,-) 
  add_1007_76_I1_g465/CO         -       CI->CO F     FA1D1BWP30P140          1   2.2    16    32     668    (-,-) 
  add_1007_76_I1_g464/CO         -       CI->CO F     FA1D1BWP30P140          1   2.2    16    32     700    (-,-) 
  add_1007_76_I1_g463/CO         -       CI->CO F     FA1D1BWP30P140          1   1.5    13    30     730    (-,-) 
  add_1007_76_I1_g462/Z          -       A3->Z  F     XOR3UD1BWP30P140        1   5.0    45    38     768    (-,-) 
  p_output_data_write[19]        <<<     -      F     (port)                  -     -     -     0     768    (-,-) 
#------------------------------------------------------------------------------------------------------------------


