============================================================
  Generated by:           Genus(TM) Synthesis Solution 21.12-s068_1
  Generated on:           Jan 23 2026  11:01:24 pm
  Module:                 Conv
  Operating conditions:   ssg0p81v125c 
  Interconnect mode:      global
  Area mode:              physical library
============================================================


Path 1: MET (0 ps) Late External Delay Assertion at pin p_output[1][19]
           View: analysis_view_0p81v_125c_capwst_slowest
          Group: clk
     Startpoint: (R) r_feat_reg[17][1]/CP
          Clock: (R) clk
       Endpoint: (R) p_output[1][19]
          Clock: (R) clk

                     Capture       Launch     
        Clock Edge:+    2000            0     
       Src Latency:+       0            0     
       Net Latency:+       0 (I)        0 (I) 
           Arrival:=    2000            0     
                                              
      Output Delay:-    1000                  
     Required Time:=    1000                  
      Launch Clock:-       0                  
         Data Path:-    1000                  
             Slack:=       0                  

Exceptions/Constraints:
  output_delay             1000            constraints.sdc_line_25_1022_1 

#---------------------------------------------------------------------------------------------------------------------------------------------------
#                        Timing Point                         Flags    Arc   Edge          Cell            Fanout Load Trans Delay Arrival Instance 
#                                                                                                                 (fF)  (ps)  (ps)   (ps)  Location 
#---------------------------------------------------------------------------------------------------------------------------------------------------
  r_feat_reg[17][1]/CP                                        -       -      R     (arrival)                   20    -     0     0       0    (-,-) 
  r_feat_reg[17][1]/Q                                         -       CP->Q  F     DFQD2BWP30P140              13 14.9    41    81      81    (-,-) 
  inv/matrix_a1/WALLACE_CSA_DUMMY_OP3_groupi292_g2429/ZN      -       I->ZN  R     INVD1BWP30P140               3  2.9    26    26     107    (-,-) 
  inv/matrix_a1/WALLACE_CSA_DUMMY_OP3_groupi292_g2413/ZN      -       I0->ZN F     MUX2NUD1BWP30P140            1  2.2    40    30     136    (-,-) 
  inv/matrix_a1/WALLACE_CSA_DUMMY_OP3_groupi292_g2408/Z       -       A1->Z  R     XOR2OPTND2BWP30P140          2  2.6    32    24     160    (-,-) 
  inv/matrix_a1/g3224/ZN                                      -       B->ZN  F     IOA21D2BWP30P140             2  3.3    26    21     181    (-,-) 
  inv/matrix_a1/WALLACE_CSA_DUMMY_OP3_groupi292_g2350/ZN      -       A2->ZN R     OAI21D4BWP30P140             2  3.9    20    22     203    (-,-) 
  inv/matrix_a1/WALLACE_CSA_DUMMY_OP3_groupi292_g2346/ZN      -       A1->ZN F     AOI21D4BWP30P140             2  3.0    21    16     218    (-,-) 
  inv/matrix_a1/WALLACE_CSA_DUMMY_OP3_groupi292_g2344/ZN      -       A1->ZN R     OAI21D2BWP30P140             1  2.6    21    19     237    (-,-) 
  inv/matrix_a1/WALLACE_CSA_DUMMY_OP3_groupi292_g2343/CO      -       CI->CO R     FA1OPTCD1BWP30P140           1  2.6    25    34     271    (-,-) 
  inv/matrix_a1/WALLACE_CSA_DUMMY_OP3_groupi292_g2342/CO      -       CI->CO R     FA1OPTCD2BWP30P140           1  2.1    18    28     298    (-,-) 
  inv/matrix_a1/WALLACE_CSA_DUMMY_OP3_groupi292_g2341/CO      -       CI->CO R     FA1D2BWP30P140               1  2.6    17    36     335    (-,-) 
  inv/matrix_a1/WALLACE_CSA_DUMMY_OP3_groupi292_g2340/CO      -       CI->CO R     FA1OPTCD2BWP30P140           1  2.9    19    27     362    (-,-) 
  inv/matrix_a1/WALLACE_CSA_DUMMY_OP3_groupi292_g2339/S       -       CI->S  F     FA1D4BWP30P140               3  6.6    25    74     436    (-,-) 
  inv/matrix_a0/WALLACE_CSA_DUMMY_OP_groupi62_cdnfadd_009_0/S -       A->S   R     FA1D1BWP30P140               1  2.1    28    87     523    (-,-) 
  inv/matrix_a0/WALLACE_CSA_DUMMY_OP_groupi62_cdnfadd_009_1/S -       CI->S  F     FA1D1BWP30P140               1  1.3    22    66     588    (-,-) 
  inv/matrix_a0/WALLACE_CSA_DUMMY_OP_groupi62_g891/ZN         -       I->ZN  R     CKND1BWP30P140               2  2.1    19    18     607    (-,-) 
  inv/matrix_a0/WALLACE_CSA_DUMMY_OP_groupi62_g878/ZN         -       A1->ZN F     ND2D1BWP30P140               3  2.8    34    26     632    (-,-) 
  inv/matrix_a0/WALLACE_CSA_DUMMY_OP_groupi62_g853/ZN         -       A1->ZN R     AOI21D1BWP30P140             1  1.3    28    25     658    (-,-) 
  inv/matrix_a0/WALLACE_CSA_DUMMY_OP_groupi62_g837/ZN         -       B->ZN  F     IOA21D1BWP30P140             1  2.5    34    27     685    (-,-) 
  inv/matrix_a0/WALLACE_CSA_DUMMY_OP_groupi62_g835/CO         -       CI->CO F     FA1OPTCD1BWP30P140           1  2.1    21    35     719    (-,-) 
  inv/matrix_a0/WALLACE_CSA_DUMMY_OP_groupi62_g834/CO         -       CI->CO F     FA1D1BWP30P140               2  2.6    24    45     764    (-,-) 
  inv/matrix_a0/WALLACE_CSA_DUMMY_OP_groupi62_g833/ZN         -       A1->ZN R     ND2D1BWP30P140               2  2.4    20    19     783    (-,-) 
  inv/matrix_a0/WALLACE_CSA_DUMMY_OP_groupi62_g830/ZN         -       A1->ZN F     OAI21OPTREPBD1BWP30P140      1  2.5    34    24     807    (-,-) 
  inv/matrix_a0/WALLACE_CSA_DUMMY_OP_groupi62_g828/CO         -       CI->CO F     FA1OPTCD1BWP30P140           1  2.5    23    36     843    (-,-) 
  inv/matrix_a0/WALLACE_CSA_DUMMY_OP_groupi62_g827/CO         -       CI->CO F     FA1OPTCD1BWP30P140           2  2.5    23    33     875    (-,-) 
  inv/matrix_a0/WALLACE_CSA_DUMMY_OP_groupi62_g826/ZN         -       A1->ZN R     ND2OPTIBD1BWP30P140          2  2.0    22    21     896    (-,-) 
  inv/matrix_a0/WALLACE_CSA_DUMMY_OP_groupi62_g823/Z          -       A1->Z  R     OA21D1BWP30P140              2  2.7    22    31     928    (-,-) 
  inv/matrix_a0/WALLACE_CSA_DUMMY_OP_groupi62_g820/ZN         -       A1->ZN F     OAI21D1BWP30P140             1  1.8    33    24     952    (-,-) 
  inv/matrix_a0/WALLACE_CSA_DUMMY_OP_groupi62_g819/ZN         -       A1->ZN R     XNR2D1BWP30P140              1  4.8    31    48    1000    (-,-) 
  p_output[1][19]                                             <<<     -      R     (port)                       -    -     -     0    1000    (-,-) 
#---------------------------------------------------------------------------------------------------------------------------------------------------


