============================================================
  Generated by:           Genus(TM) Synthesis Solution 21.12-s068_1
  Generated on:           Jan 23 2026  11:01:42 pm
  Module:                 Conv
  Operating conditions:   ssg0p81v125c 
  Operating conditions:   tt0p9v25c 
  Operating conditions:   ffg0p99vm40c 
  Interconnect mode:      global
  Area mode:              physical library
============================================================


Path 1: MET (374 ps) Setup Check with Pin r_feat_reg[4][19]/CP->D
           View: analysis_view_0p99v_m40c_capbst_fastest
          Group: clk
     Startpoint: (R) p_weight[11][0]
          Clock: (R) clk
       Endpoint: (F) r_feat_reg[4][19]/D
          Clock: (R) clk

                     Capture       Launch     
        Clock Edge:+    2000            0     
        Drv Adjust:+       0            9     
       Src Latency:+       0            0     
       Net Latency:+       0 (I)        0 (I) 
           Arrival:=    2000            9     
                                              
             Setup:-      11                  
     Required Time:=    1989                  
      Launch Clock:-       9                  
       Input Delay:-    1000                  
         Data Path:-     605                  
             Slack:=     374                  

Exceptions/Constraints:
  input_delay             1000            tmp_sdc_analysis_vie_1_line_994 

#------------------------------------------------------------------------------------------------------------------------------------
#                Timing Point                  Flags    Arc   Edge          Cell            Fanout Load Trans Delay Arrival Instance 
#                                                                                                  (fF)  (ps)  (ps)   (ps)  Location 
#------------------------------------------------------------------------------------------------------------------------------------
  p_weight[11][0]                              -       -      R     (arrival)                    4  5.2    19     0    1009    (-,-) 
  g62379/Z                                     -       B1->Z  R     AO22D0BWP30P140              1  2.1    18    27    1037    (-,-) 
  g60985/ZN                                    -       A2->ZN F     NR2OPTPAD1BWP30P140          1  2.3    13    12    1048    (-,-) 
  g60542/ZN                                    -       A1->ZN R     CKND2D3BWP30P140             1  2.8    11    10    1059    (-,-) 
  g60293/ZN                                    -       A2->ZN F     NR2D3BWP30P140               1  3.9     8     8    1066    (-,-) 
  g60173/ZN                                    -       A1->ZN R     CKND2D8BWP30P140             7 10.0    14    10    1076    (-,-) 
  genblk1[4].multip/mul_153_63_g4802/ZN        -       I->ZN  F     INVD1BWP30P140              14 16.1    52    35    1111    (-,-) 
  genblk1[4].multip/mul_153_63_g4448/ZN        -       B2->ZN R     OAI22D1BWP30P140             1  2.9    29    30    1141    (-,-) 
  genblk1[4].multip/mul_153_63_g4365/S         -       B->S   F     HA1D1BWP30P140               1  2.4    12    23    1164    (-,-) 
  genblk1[4].multip/mul_153_63_cdnfadd_005_0/S -       CI->S  R     FA1D1BWP30P140               1  1.7    14    40    1204    (-,-) 
  genblk1[4].multip/mul_153_63_g4356/ZN        -       I->ZN  F     CKND1BWP30P140               2  2.9    14    12    1216    (-,-) 
  genblk1[4].multip/mul_153_63_g4355/Z         -       A1->Z  F     AN2D2BWP30P140               2  2.9     7    14    1229    (-,-) 
  genblk1[4].multip/mul_153_63_g4354/ZN        -       B->ZN  R     AOI211D1BWP30P140            1  1.7    23    19    1248    (-,-) 
  genblk1[4].multip/mul_153_63_g4348/ZN        -       A2->ZN F     CKND2D1BWP30P140             1  2.8    19    16    1264    (-,-) 
  genblk1[4].multip/mul_153_63_g4342/ZN        -       A3->ZN R     ND3OPTPAD2BWP30P140          2  3.2    13    13    1277    (-,-) 
  genblk1[4].multip/mul_153_63_g4338/ZN        -       A1->ZN F     ND2OPTIBD2BWP30P140          2  2.7    12    10    1287    (-,-) 
  genblk1[4].multip/mul_153_63_g4322/Z         -       A1->Z  F     OA21D2BWP30P140              3  4.0    10    18    1304    (-,-) 
  genblk1[4].multip/mul_153_63_g4316/Z         -       A1->Z  F     OA21D1BWP30P140              1  2.2    10    16    1320    (-,-) 
  genblk1[4].multip/mul_153_63_g4307/Z         -       A1->Z  F     OA21D4BWP30P140              2  3.3     6    14    1334    (-,-) 
  genblk1[4].multip/mul_153_63_g4290/ZN        -       A1->ZN R     NR2OPTPAD1BWP30P140          2  2.8    15    11    1346    (-,-) 
  genblk1[4].multip/mul_153_63_g4286/ZN        -       A1->ZN F     ND2D1BWP30P140               2  2.6    19    15    1360    (-,-) 
  genblk1[4].multip/mul_153_63_g4282/ZN        -       A1->ZN R     ND2OPTIBD1BWP30P140          1  1.7    14    12    1373    (-,-) 
  genblk1[4].multip/mul_153_63_g4276/ZN        -       A1->ZN F     AOI21D1BWP30P140             1  2.1    18    14    1387    (-,-) 
  genblk1[4].multip/mul_153_63_g4258/ZN        -       A1->ZN R     OAI21D2BWP30P140             2  3.8    15    14    1401    (-,-) 
  genblk1[4].multip/mul_153_63_g4245/ZN        -       A1->ZN F     ND2OPTIBD2BWP30P140          2  2.7    13    10    1411    (-,-) 
  genblk1[4].multip/mul_153_63_g4242/ZN        -       A1->ZN R     NR2D1BWP30P140               2  2.8    19    16    1427    (-,-) 
  genblk1[4].multip/mul_153_63_g4240/ZN        -       A1->ZN F     NR2OPTIBD1BWP30P140          1  1.7    12    10    1436    (-,-) 
  genblk1[4].multip/mul_153_63_g4235/Z         -       A1->Z  F     OA21D1BWP30P140              1  2.1    10    16    1453    (-,-) 
  genblk1[4].multip/mul_153_63_g4233/ZN        -       A1->ZN R     OAI21D2BWP30P140             3  4.4    16    13    1465    (-,-) 
  genblk1[4].multip/mul_153_63_g4232/Z         -       A1->Z  R     CKAN2D2BWP30P140             2  3.2     9    17    1482    (-,-) 
  genblk1[4].multip/mul_153_63_g4228/ZN        -       A1->ZN F     AOI21OPTREPBD1BWP30P140      1  2.0    16    12    1495    (-,-) 
  genblk1[4].multip/mul_153_63_g4224/ZN        -       A1->ZN R     OAI21D1P5BWP30P140           1  2.1    14    12    1506    (-,-) 
  genblk1[4].multip/mul_153_63_g4222/ZN        -       A1->ZN F     AOI21D2BWP30P140             2  3.7    15    12    1519    (-,-) 
  genblk1[4].multip/mul_153_63_g4220/ZN        -       A1->ZN R     OAI21D2BWP30P140             1  3.4    14    13    1531    (-,-) 
  genblk1[4].multip/mul_153_63_g4219/CO        -       CI->CO R     FA1D4BWP30P140               2  3.8     9    20    1552    (-,-) 
  genblk1[4].multip/mul_153_63_g4217/ZN        -       A1->ZN F     AOI21D2BWP30P140             1  4.0    16    12    1563    (-,-) 
  genblk1[4].multip/mul_153_63_g4216/ZN        -       A1->ZN F     XNR2OPTND4BWP30P140          6  7.8    20    16    1579    (-,-) 
  g51730/ZN                                    -       I->ZN  R     INVD2BWP30P140               6  7.7    16    15    1594    (-,-) 
  g50589/ZN                                    -       A1->ZN F     OAI221D1BWP30P140            1  1.7    52    20    1614    (-,-) 
  r_feat_reg[4][19]/D                          <<<     -      F     DFQD2BWP30P140               1    -     -     0    1614    (-,-) 
#------------------------------------------------------------------------------------------------------------------------------------


