============================================================
  Generated by:           Genus(TM) Synthesis Solution 21.12-s068_1
  Generated on:           Jun 07 2026  02:12:56 am
  Module:                 Conv
  Operating conditions:   ssg0p81v125c 
  Operating conditions:   tt0p9v25c 
  Interconnect mode:      global
  Area mode:              physical library
============================================================


Path 1: MET (202 ps) Late External Delay Assertion at pin p_output[2][18]
           View: analysis_view_0p90v_25c_captyp_nominal
          Group: clk
     Startpoint: (R) r_feat_reg[10][1]/CP
          Clock: (R) clk
       Endpoint: (F) p_output[2][18]
          Clock: (R) clk

                     Capture       Launch     
        Clock Edge:+    2000            0     
       Src Latency:+       0            0     
       Net Latency:+       0 (I)        0 (I) 
           Arrival:=    2000            0     
                                              
      Output Delay:-    1000                  
     Required Time:=    1000                  
      Launch Clock:-       0                  
         Data Path:-     798                  
             Slack:=     202                  

Exceptions/Constraints:
  output_delay             1000            tmp_sdc_analysis_vie_line_1838 

#-----------------------------------------------------------------------------------------------------------------------------------------------------
#                         Timing Point                          Flags    Arc   Edge          Cell            Fanout Load Trans Delay Arrival Instance 
#                                                                                                                   (fF)  (ps)  (ps)   (ps)  Location 
#-----------------------------------------------------------------------------------------------------------------------------------------------------
  r_feat_reg[10][1]/CP                                          -       -      R     (arrival)                  360    -     0     0       0    (-,-) 
  r_feat_reg[10][1]/Q                                           -       CP->Q  F     DFQD2BWP30P140              14 23.8    49    71      71    (-,-) 
  inv/matrix_a1/csa_tree_ADD_TC_OP_8_groupi438_g1592/Z          -       A2->Z  F     CKAN2D1BWP30P140             2  4.4    22    37     108    (-,-) 
  inv/matrix_a1/csa_tree_ADD_TC_OP_8_groupi438_g1567/Z          -       A1->Z  R     XOR2UD1BWP30P140             1  1.7    35    18     127    (-,-) 
  inv/matrix_a1/csa_tree_ADD_TC_OP_8_groupi438_g1548/Z          -       A2->Z  F     XOR2D1BWP30P140              2  2.4    14    38     165    (-,-) 
  inv/matrix_a1/csa_tree_ADD_TC_OP_8_groupi438_g1538/Z          -       A1->Z  F     CKAN2D1BWP30P140             2  2.5    14    22     187    (-,-) 
  inv/matrix_a1/csa_tree_ADD_TC_OP_8_groupi438_g1478/ZN         -       B->ZN  R     AOI21D1BWP30P140             2  3.2    31    26     213    (-,-) 
  inv/matrix_a1/g4073/Z                                         -       A1->Z  R     OA21D1BWP30P140              2  3.6    19    29     242    (-,-) 
  inv/matrix_a1/csa_tree_ADD_TC_OP_8_groupi438_g1473/ZN         -       A1->ZN F     OAI21D2BWP30P140             2  3.4    23    17     259    (-,-) 
  inv/matrix_a1/csa_tree_ADD_TC_OP_8_groupi438_g1470/ZN         -       A1->ZN R     AOI21D2BWP30P140             2  3.7    22    20     279    (-,-) 
  inv/matrix_a1/csa_tree_ADD_TC_OP_8_groupi438_g1469/ZN         -       I->ZN  F     INVD2BWP30P140               1  2.7    11    10     288    (-,-) 
  inv/matrix_a1/csa_tree_ADD_TC_OP_8_groupi438_g1467/ZN         -       A1->ZN R     AOI21D4BWP30P140             2  3.6    17    12     300    (-,-) 
  inv/matrix_a1/csa_tree_ADD_TC_OP_8_groupi438_g1465/ZN         -       A1->ZN F     OAI21D2BWP30P140             2  3.1    22    16     316    (-,-) 
  inv/matrix_a1/csa_tree_ADD_TC_OP_8_groupi438_g1462/ZN         -       A1->ZN R     AOI21D1BWP30P140             2  3.2    32    26     343    (-,-) 
  inv/matrix_a1/csa_tree_ADD_TC_OP_8_groupi438_g1460/Z          -       A1->Z  R     OA21D1BWP30P140              2  3.2    18    28     371    (-,-) 
  inv/matrix_a1/g4104/ZN                                        -       A1->ZN R     IAO21D2BWP30P140             2  3.6    18    25     396    (-,-) 
  inv/matrix_a1/csa_tree_ADD_TC_OP_8_groupi438_g1455/ZN         -       A1->ZN F     OAI21OPTREPBD1BWP30P140      2  3.2    29    21     417    (-,-) 
  inv/matrix_a1/csa_tree_ADD_TC_OP_8_groupi438_g1452/ZN         -       A1->ZN R     AOI21D1BWP30P140             2  3.2    34    29     446    (-,-) 
  inv/matrix_a1/g4103/ZN                                        -       A1->ZN R     IAO21D2BWP30P140             2  3.2    16    27     473    (-,-) 
  inv/matrix_a1/csa_tree_ADD_TC_OP_8_groupi438_g1447/Z          -       A1->Z  R     OA21D1BWP30P140              2  3.2    18    25     498    (-,-) 
  inv/matrix_a1/csa_tree_ADD_TC_OP_8_groupi438_g1445/Z          -       A1->Z  R     OA21D1BWP30P140              2  3.1    18    25     523    (-,-) 
  inv/matrix_a1/csa_tree_ADD_TC_OP_8_groupi438_g1443/ZN         -       A1->ZN R     XNR2UD1BWP30P140             4  8.9   102    53     576    (-,-) 
  inv/matrix_a0/csa_tree_ADD_TC_OP_18_groupi132_cdnfadd_018_0/S -       B->S   F     FA1D1BWP30P140               1  2.9    22    65     641    (-,-) 
  inv/matrix_a0/csa_tree_ADD_TC_OP_18_groupi132_cdnfadd_018_2/S -       A->S   R     FA1D1BWP30P140               1  1.5    17    62     703    (-,-) 
  inv/matrix_a0/csa_tree_ADD_TC_OP_18_groupi132_g778/ZN         -       I->ZN  F     CKND1BWP30P140               2  2.6    16    14     717    (-,-) 
  inv/matrix_a0/csa_tree_ADD_TC_OP_18_groupi132_g756/ZN         -       B1->ZN R     INR2D1BWP30P140              2  3.2    28    22     739    (-,-) 
  inv/matrix_a0/csa_tree_ADD_TC_OP_18_groupi132_g751/ZN         -       A1->ZN R     IND2D1BWP30P140              1  1.7    14    21     760    (-,-) 
  inv/matrix_a0/csa_tree_ADD_TC_OP_18_groupi132_g708/ZN         -       A2->ZN F     XNR2D1BWP30P140              1  5.0    23    38     798    (-,-) 
  p_output[2][18]                                               <<<     -      F     (port)                       -    -     -     0     798    (-,-) 
#-----------------------------------------------------------------------------------------------------------------------------------------------------


