============================================================
  Generated by:           Genus(TM) Synthesis Solution 21.12-s068_1
  Generated on:           Jan 27 2026  08:24:15 pm
  Module:                 Conv
  Operating conditions:   ssg0p81v125c 
  Interconnect mode:      global
  Area mode:              physical library
============================================================


Path 1: MET (0 ps) Late External Delay Assertion at pin p_output[2][18]
           View: analysis_view_0p81v_125c_capwst_slowest
          Group: clk
     Startpoint: (R) r_feat_reg[10][1]/CP
          Clock: (R) clk
       Endpoint: (F) p_output[2][18]
          Clock: (R) clk

                     Capture       Launch     
        Clock Edge:+    2000            0     
       Src Latency:+       0            0     
       Net Latency:+       0 (I)        0 (I) 
           Arrival:=    2000            0     
                                              
      Output Delay:-    1000                  
     Required Time:=    1000                  
      Launch Clock:-       0                  
         Data Path:-    1000                  
             Slack:=       0                  

Exceptions/Constraints:
  output_delay             1000            constraints.sdc_line_25_1483_1 

#-----------------------------------------------------------------------------------------------------------------------------------------------------
#                         Timing Point                          Flags    Arc   Edge          Cell            Fanout Load Trans Delay Arrival Instance 
#                                                                                                                   (fF)  (ps)  (ps)   (ps)  Location 
#-----------------------------------------------------------------------------------------------------------------------------------------------------
  r_feat_reg[10][1]/CP                                          -       -      R     (arrival)                  360    -     0     0       0    (-,-) 
  r_feat_reg[10][1]/Q                                           -       CP->Q  F     DFQD2BWP30P140              14 21.6    58    90      90    (-,-) 
  inv/matrix_a1/csa_tree_ADD_TC_OP_8_groupi438_g1592/Z          -       A2->Z  F     CKAN2D1BWP30P140             2  3.9    26    47     137    (-,-) 
  inv/matrix_a1/csa_tree_ADD_TC_OP_8_groupi438_g1567/Z          -       A1->Z  R     XOR2UD1BWP30P140             1  1.4    43    23     160    (-,-) 
  inv/matrix_a1/csa_tree_ADD_TC_OP_8_groupi438_g1548/Z          -       A2->Z  F     XOR2D1BWP30P140              2  1.9    17    48     208    (-,-) 
  inv/matrix_a1/csa_tree_ADD_TC_OP_8_groupi438_g1538/Z          -       A1->Z  F     CKAN2D1BWP30P140             2  2.0    16    26     234    (-,-) 
  inv/matrix_a1/csa_tree_ADD_TC_OP_8_groupi438_g1478/ZN         -       B->ZN  R     AOI21D1BWP30P140             2  2.7    38    32     266    (-,-) 
  inv/matrix_a1/g4073/Z                                         -       A1->Z  R     OA21D1BWP30P140              2  3.1    23    35     301    (-,-) 
  inv/matrix_a1/csa_tree_ADD_TC_OP_8_groupi438_g1473/ZN         -       A1->ZN F     OAI21D2BWP30P140             2  2.9    29    20     322    (-,-) 
  inv/matrix_a1/csa_tree_ADD_TC_OP_8_groupi438_g1470/ZN         -       A1->ZN R     AOI21D2BWP30P140             2  3.2    28    24     346    (-,-) 
  inv/matrix_a1/csa_tree_ADD_TC_OP_8_groupi438_g1469/ZN         -       I->ZN  F     INVD2BWP30P140               1  2.5    14    12     358    (-,-) 
  inv/matrix_a1/csa_tree_ADD_TC_OP_8_groupi438_g1467/ZN         -       A1->ZN R     AOI21D4BWP30P140             2  3.1    22    15     373    (-,-) 
  inv/matrix_a1/csa_tree_ADD_TC_OP_8_groupi438_g1465/ZN         -       A1->ZN F     OAI21D2BWP30P140             2  2.6    28    19     393    (-,-) 
  inv/matrix_a1/csa_tree_ADD_TC_OP_8_groupi438_g1462/ZN         -       A1->ZN R     AOI21D1BWP30P140             2  2.7    40    32     425    (-,-) 
  inv/matrix_a1/csa_tree_ADD_TC_OP_8_groupi438_g1460/Z          -       A1->Z  R     OA21D1BWP30P140              2  2.7    21    34     460    (-,-) 
  inv/matrix_a1/g4104/ZN                                        -       A1->ZN R     IAO21D2BWP30P140             2  3.1    22    31     491    (-,-) 
  inv/matrix_a1/csa_tree_ADD_TC_OP_8_groupi438_g1455/ZN         -       A1->ZN F     OAI21OPTREPBD1BWP30P140      2  2.7    36    25     516    (-,-) 
  inv/matrix_a1/csa_tree_ADD_TC_OP_8_groupi438_g1452/ZN         -       A1->ZN R     AOI21D1BWP30P140             2  2.7    41    35     550    (-,-) 
  inv/matrix_a1/g4103/ZN                                        -       A1->ZN R     IAO21D2BWP30P140             2  2.7    20    34     584    (-,-) 
  inv/matrix_a1/csa_tree_ADD_TC_OP_8_groupi438_g1447/Z          -       A1->Z  R     OA21D1BWP30P140              2  2.7    21    31     615    (-,-) 
  inv/matrix_a1/csa_tree_ADD_TC_OP_8_groupi438_g1445/Z          -       A1->Z  R     OA21D1BWP30P140              2  2.6    21    31     646    (-,-) 
  inv/matrix_a1/csa_tree_ADD_TC_OP_8_groupi438_g1443/ZN         -       A1->ZN R     XNR2UD1BWP30P140             4  8.2   131    66     712    (-,-) 
  inv/matrix_a0/csa_tree_ADD_TC_OP_18_groupi132_cdnfadd_018_0/S -       B->S   F     FA1D1BWP30P140               1  2.7    30    85     798    (-,-) 
  inv/matrix_a0/csa_tree_ADD_TC_OP_18_groupi132_cdnfadd_018_2/S -       A->S   R     FA1D1BWP30P140               1  1.3    23    85     883    (-,-) 
  inv/matrix_a0/csa_tree_ADD_TC_OP_18_groupi132_g778/ZN         -       I->ZN  F     CKND1BWP30P140               2  2.1    19    16     899    (-,-) 
  inv/matrix_a0/csa_tree_ADD_TC_OP_18_groupi132_g756/ZN         -       B1->ZN R     INR2D1BWP30P140              2  2.6    32    26     925    (-,-) 
  inv/matrix_a0/csa_tree_ADD_TC_OP_18_groupi132_g751/ZN         -       A1->ZN R     IND2D1BWP30P140              1  1.4    17    25     950    (-,-) 
  inv/matrix_a0/csa_tree_ADD_TC_OP_18_groupi132_g708/ZN         -       A2->ZN F     XNR2D1BWP30P140              1  4.8    30    50    1000    (-,-) 
  p_output[2][18]                                               <<<     -      F     (port)                       -    -     -     0    1000    (-,-) 
#-----------------------------------------------------------------------------------------------------------------------------------------------------


