============================================================
  Generated by:           Genus(TM) Synthesis Solution 21.12-s068_1
  Generated on:           Jun 07 2026  02:13:06 am
  Module:                 Conv
  Operating conditions:   ssg0p81v125c 
  Operating conditions:   tt0p9v25c 
  Operating conditions:   ffg0p99vm40c 
  Interconnect mode:      global
  Area mode:              physical library
============================================================


Path 1: MET (379 ps) Setup Check with Pin r_feat_reg[19][19]/CP->D
           View: analysis_view_0p99v_m40c_capbst_fastest
          Group: clk
     Startpoint: (F) p_weight[0][0]
          Clock: (R) clk
       Endpoint: (F) r_feat_reg[19][19]/D
          Clock: (R) clk

                     Capture       Launch     
        Clock Edge:+    2000            0     
        Drv Adjust:+       0            3     
       Src Latency:+       0            0     
       Net Latency:+       0 (I)        0 (I) 
           Arrival:=    2000            3     
                                              
             Setup:-      20                  
     Required Time:=    1980                  
      Launch Clock:-       3                  
       Input Delay:-    1000                  
         Data Path:-     598                  
             Slack:=     379                  

Exceptions/Constraints:
  input_delay             1000            tmp_sdc_analysis_vie_1_line_1086 

#-------------------------------------------------------------------------------------------------------------------------------------
#                   Timing Point                     Flags    Arc   Edge        Cell         Fanout Load Trans Delay Arrival Instance 
#                                                                                                   (fF)  (ps)  (ps)   (ps)  Location 
#-------------------------------------------------------------------------------------------------------------------------------------
  p_weight[0][0]                                     -       -      F     (arrival)               1  1.7     7     0    1003    (-,-) 
  g54011/Z                                           -       I0->Z  F     MUX2D1BWP30P140         5  6.9    26    30    1032    (-,-) 
  genblk1[0].multip/mul_153_63_g4989/ZN              -       I->ZN  R     INVD1BWP30P140         16 19.9    68    49    1081    (-,-) 
  genblk1[0].multip/mul_153_63_g4704__1705/ZN        -       B2->ZN F     OAI22D1BWP30P140        1  2.8    30    28    1109    (-,-) 
  genblk1[0].multip/mul_153_63_g4551__5107/CO        -       B->CO  F     HA1D1BWP30P140          1  3.5    14    21    1130    (-,-) 
  genblk1[0].multip/mul_153_63_cdnfadd_006_1__4319/S -       B->S   R     FA1OPTCD1BWP30P140      2  2.8    17    46    1176    (-,-) 
  genblk1[0].multip/mul_153_63_g5004__3680/Z         -       A2->Z  R     AN2D1BWP30P140          2  2.8    13    21    1197    (-,-) 
  genblk1[0].multip/mul_153_63_g4533__1881/ZN        -       A1->ZN F     AOI21D1BWP30P140        1  2.2    18    14    1211    (-,-) 
  genblk1[0].multip/mul_153_63_g4532__6131/ZN        -       C2->ZN R     OAI222D2BWP30P140       1  3.1    25    18    1229    (-,-) 
  genblk1[0].multip/mul_153_63_g4528__1705/CO        -       CI->CO R     FA1OPTCD2BWP30P140      1  3.1    11    18    1248    (-,-) 
  genblk1[0].multip/mul_153_63_g4527__2802/CO        -       CI->CO R     FA1OPTCD2BWP30P140      1  3.1    11    16    1263    (-,-) 
  genblk1[0].multip/mul_153_63_g4512__2398/CO        -       CI->CO R     FA1OPTCD2BWP30P140      2  4.0    12    17    1280    (-,-) 
  genblk1[0].multip/mul_153_63_g4511/ZN              -       I->ZN  F     INVD2BWP30P140          1  2.1     6     6    1286    (-,-) 
  genblk1[0].multip/mul_153_63_g4501__9945/ZN        -       A1->ZN R     OAI21D2BWP30P140        1  3.1    13    10    1296    (-,-) 
  genblk1[0].multip/mul_153_63_g4494__1881/CO        -       CI->CO R     FA1OPTCD2BWP30P140      1  3.1    11    16    1312    (-,-) 
  genblk1[0].multip/mul_153_63_g4482__4319/CO        -       CI->CO R     FA1OPTCD2BWP30P140      2  4.0    12    17    1328    (-,-) 
  genblk1[0].multip/mul_153_63_g4481/ZN              -       I->ZN  F     INVD2BWP30P140          1  1.7     6     5    1334    (-,-) 
  genblk1[0].multip/mul_153_63_g2__8428/Z            -       A1->Z  F     OA21D1BWP30P140         2  4.5    17    19    1353    (-,-) 
  genblk1[0].multip/mul_153_63_g4476__2398/ZN        -       A1->ZN R     OAI21D4BWP30P140        3  4.7    13    12    1364    (-,-) 
  genblk1[0].multip/mul_153_63_g5002__5526/ZN        -       A1->ZN R     INR2D2BWP30P140         2  3.1    13    17    1382    (-,-) 
  genblk1[0].multip/mul_153_63_g4470__1666/ZN        -       A1->ZN F     AOI31D2BWP30P140        3  4.8    26    18    1400    (-,-) 
  genblk1[0].multip/mul_153_63_g4464__4733/ZN        -       A3->ZN R     OAI31D2BWP30P140        1  3.0    20    17    1418    (-,-) 
  genblk1[0].multip/mul_153_63_g4461__1881/CO        -       CI->CO R     FA1OPTCD1BWP30P140      1  3.0    15    21    1438    (-,-) 
  genblk1[0].multip/mul_153_63_g4460__6131/CO        -       CI->CO R     FA1OPTCD1BWP30P140      1  3.1    15    20    1459    (-,-) 
  genblk1[0].multip/mul_153_63_g4459__7098/CO        -       CI->CO R     FA1OPTCD2BWP30P140      1  3.1    11    16    1475    (-,-) 
  genblk1[0].multip/mul_153_63_g4458__8246/CO        -       CI->CO R     FA1OPTCD2BWP30P140      1  2.5    10    15    1490    (-,-) 
  genblk1[0].multip/mul_153_63_g4457__5122/CO        -       CI->CO R     FA1D1BWP30P140          1  2.3    13    21    1511    (-,-) 
  genblk1[0].multip/mul_153_63_g4456__1705/ZN        -       A1->ZN F     XNR2D2BWP30P140         3  3.6     9    18    1530    (-,-) 
  g62109/ZN                                          -       A1->ZN R     CKND2D1BWP30P140        5  6.6    42    26    1556    (-,-) 
  g62089/ZN                                          -       I->ZN  F     CKND1BWP30P140         13 15.0    58    44    1601    (-,-) 
  r_feat_reg[19][19]/D                               <<<     -      F     DFKSND1BWP30P140       13    -     -     0    1601    (-,-) 
#-------------------------------------------------------------------------------------------------------------------------------------


