============================================================
  Generated by:           Genus(TM) Synthesis Solution 21.12-s068_1
  Generated on:           Feb 03 2026  02:51:59 am
  Module:                 System
  Library domain:         timing_cond_0p81v_125c
    Domain index:         0
    Technology library:   tcbn28hpcplusbwp30p140ssg0p81v125c 110
  Operating conditions:   ssg0p81v125c 
  Interconnect mode:      global
  Area mode:              physical library
============================================================

                                                                                 Library 
        Gate          Instances    Area                   Library                 Domain 
-----------------------------------------------------------------------------------------
AN2D0BWP30P140               23     11.592    tcbn28hpcplusbwp30p140ssg0p81v125c       0 
AN2D1BWP30P140               27     13.608    tcbn28hpcplusbwp30p140ssg0p81v125c       0 
AN3D0BWP30P140                5      3.150    tcbn28hpcplusbwp30p140ssg0p81v125c       0 
AN3D1BWP30P140                5      3.150    tcbn28hpcplusbwp30p140ssg0p81v125c       0 
AN3D2BWP30P140                1      0.756    tcbn28hpcplusbwp30p140ssg0p81v125c       0 
AN4D1BWP30P140                8      6.048    tcbn28hpcplusbwp30p140ssg0p81v125c       0 
AO211D1BWP30P140            141    106.596    tcbn28hpcplusbwp30p140ssg0p81v125c       0 
AO21D1BWP30P140             163    102.690    tcbn28hpcplusbwp30p140ssg0p81v125c       0 
AO22D0BWP30P140             943    712.908    tcbn28hpcplusbwp30p140ssg0p81v125c       0 
AOI211D1BWP30P140             9      5.670    tcbn28hpcplusbwp30p140ssg0p81v125c       0 
AOI21D1BWP30P140             33     16.632    tcbn28hpcplusbwp30p140ssg0p81v125c       0 
AOI221D1BWP30P140           525    396.900    tcbn28hpcplusbwp30p140ssg0p81v125c       0 
AOI222D1BWP30P140           668    673.344    tcbn28hpcplusbwp30p140ssg0p81v125c       0 
AOI22D0P7BWP30P140            3      1.890    tcbn28hpcplusbwp30p140ssg0p81v125c       0 
AOI22D1BWP30P140           1289    812.070    tcbn28hpcplusbwp30p140ssg0p81v125c       0 
AOI31D1BWP30P140              4      2.520    tcbn28hpcplusbwp30p140ssg0p81v125c       0 
BUFFD1P5BWP30P140             2      1.008    tcbn28hpcplusbwp30p140ssg0p81v125c       0 
BUFFD2BWP30P140               1      0.504    tcbn28hpcplusbwp30p140ssg0p81v125c       0 
BUFFD3BWP30P140               1      0.630    tcbn28hpcplusbwp30p140ssg0p81v125c       0 
BUFFD4BWP30P140               5      4.410    tcbn28hpcplusbwp30p140ssg0p81v125c       0 
BUFFD6BWP30P140               1      1.134    tcbn28hpcplusbwp30p140ssg0p81v125c       0 
CKAN2D1BWP30P140            129     65.016    tcbn28hpcplusbwp30p140ssg0p81v125c       0 
CKAN2D4BWP30P140              1      0.882    tcbn28hpcplusbwp30p140ssg0p81v125c       0 
CKBD1BWP30P140                1      0.378    tcbn28hpcplusbwp30p140ssg0p81v125c       0 
CKBD4BWP30P140                1      0.882    tcbn28hpcplusbwp30p140ssg0p81v125c       0 
CKBD6BWP30P140                1      1.134    tcbn28hpcplusbwp30p140ssg0p81v125c       0 
CKLNQD1BWP30P140             92    173.880    tcbn28hpcplusbwp30p140ssg0p81v125c       0 
CKMUX2D0BWP30P140            39     34.398    tcbn28hpcplusbwp30p140ssg0p81v125c       0 
CKND1BWP30P140             1257    316.764    tcbn28hpcplusbwp30p140ssg0p81v125c       0 
CKND2BWP30P140                3      1.134    tcbn28hpcplusbwp30p140ssg0p81v125c       0 
CKND2D1BWP30P140            263     99.414    tcbn28hpcplusbwp30p140ssg0p81v125c       0 
CKND4BWP30P140                3      1.890    tcbn28hpcplusbwp30p140ssg0p81v125c       0 
CKND6BWP30P140                1      0.882    tcbn28hpcplusbwp30p140ssg0p81v125c       0 
DFCND1BWP30P140               3      7.560    tcbn28hpcplusbwp30p140ssg0p81v125c       0 
DFCNQD1BWP30P140              5     11.340    tcbn28hpcplusbwp30p140ssg0p81v125c       0 
DFD1BWP30P140                 1      2.142    tcbn28hpcplusbwp30p140ssg0p81v125c       0 
DFD2BWP30P140                 1      2.268    tcbn28hpcplusbwp30p140ssg0p81v125c       0 
DFKCND1BWP30P140            144    308.448    tcbn28hpcplusbwp30p140ssg0p81v125c       0 
DFKCND2BWP30P140              1      2.394    tcbn28hpcplusbwp30p140ssg0p81v125c       0 
DFKCND4BWP30P140              1      2.898    tcbn28hpcplusbwp30p140ssg0p81v125c       0 
DFKCNQD1BWP30P140             2      4.032    tcbn28hpcplusbwp30p140ssg0p81v125c       0 
DFKCNQD2BWP30P140          1544   3112.704    tcbn28hpcplusbwp30p140ssg0p81v125c       0 
DFKCSND1BWP30P140             4     10.080    tcbn28hpcplusbwp30p140ssg0p81v125c       0 
DFKSND1BWP30P140            378    904.932    tcbn28hpcplusbwp30p140ssg0p81v125c       0 
DFMQD1BWP30P140               1      2.394    tcbn28hpcplusbwp30p140ssg0p81v125c       0 
DFQD2BWP30P140              352    665.280    tcbn28hpcplusbwp30p140ssg0p81v125c       0 
FA1D1BWP30P140             2612   5594.904    tcbn28hpcplusbwp30p140ssg0p81v125c       0 
FA1D2BWP30P140                2      4.788    tcbn28hpcplusbwp30p140ssg0p81v125c       0 
FA1OPTCD1BWP30P140           30     75.600    tcbn28hpcplusbwp30p140ssg0p81v125c       0 
HA1D1BWP30P140              204    334.152    tcbn28hpcplusbwp30p140ssg0p81v125c       0 
IAO21D0BWP30P140              3      1.890    tcbn28hpcplusbwp30p140ssg0p81v125c       0 
IAO21D1BWP30P140              6      3.780    tcbn28hpcplusbwp30p140ssg0p81v125c       0 
IAO21D2BWP30P140              1      0.882    tcbn28hpcplusbwp30p140ssg0p81v125c       0 
IND2D1BWP30P140              51     25.704    tcbn28hpcplusbwp30p140ssg0p81v125c       0 
IND2D2BWP30P140               1      0.756    tcbn28hpcplusbwp30p140ssg0p81v125c       0 
IND3D1BWP30P140              13      8.190    tcbn28hpcplusbwp30p140ssg0p81v125c       0 
IND4D1BWP30P140               6      4.536    tcbn28hpcplusbwp30p140ssg0p81v125c       0 
INR2D1BWP30P140             220    110.880    tcbn28hpcplusbwp30p140ssg0p81v125c       0 
INR2D2BWP30P140               2      1.512    tcbn28hpcplusbwp30p140ssg0p81v125c       0 
INR2D6BWP30P140               1      1.890    tcbn28hpcplusbwp30p140ssg0p81v125c       0 
INR3D0BWP30P140               6      3.780    tcbn28hpcplusbwp30p140ssg0p81v125c       0 
INR3D2BWP30P140              10     10.080    tcbn28hpcplusbwp30p140ssg0p81v125c       0 
INR4D0BWP30P140               3      2.268    tcbn28hpcplusbwp30p140ssg0p81v125c       0 
INVD0P7BWP30P140              6      1.512    tcbn28hpcplusbwp30p140ssg0p81v125c       0 
INVD16BWP30P140               1      2.142    tcbn28hpcplusbwp30p140ssg0p81v125c       0 
INVD1BWP30P140                3      0.756    tcbn28hpcplusbwp30p140ssg0p81v125c       0 
INVD3BWP30P140                3      1.512    tcbn28hpcplusbwp30p140ssg0p81v125c       0 
INVD6BWP30P140                3      2.646    tcbn28hpcplusbwp30p140ssg0p81v125c       0 
INVD8BWP30P140                4      4.536    tcbn28hpcplusbwp30p140ssg0p81v125c       0 
IOA21D0BWP30P140              2      1.260    tcbn28hpcplusbwp30p140ssg0p81v125c       0 
IOA21D1BWP30P140             90     56.700    tcbn28hpcplusbwp30p140ssg0p81v125c       0 
MAOI222D1BWP30P140           16     12.096    tcbn28hpcplusbwp30p140ssg0p81v125c       0 
MAOI22D1BWP30P140            96     72.576    tcbn28hpcplusbwp30p140ssg0p81v125c       0 
MOAI22D1BWP30P140            59     44.604    tcbn28hpcplusbwp30p140ssg0p81v125c       0 
MUX2NUD1BWP30P140             7      5.292    tcbn28hpcplusbwp30p140ssg0p81v125c       0 
ND2D1BWP30P140              262     99.036    tcbn28hpcplusbwp30p140ssg0p81v125c       0 
ND2D3BWP30P140                1      0.882    tcbn28hpcplusbwp30p140ssg0p81v125c       0 
ND2D4BWP30P140                2      2.268    tcbn28hpcplusbwp30p140ssg0p81v125c       0 
ND2D6BWP30P140                1      1.638    tcbn28hpcplusbwp30p140ssg0p81v125c       0 
ND2OPTIBD1BWP30P140          21      7.938    tcbn28hpcplusbwp30p140ssg0p81v125c       0 
ND3D1BWP30P140               72     36.288    tcbn28hpcplusbwp30p140ssg0p81v125c       0 
ND3D2BWP30P140                1      0.882    tcbn28hpcplusbwp30p140ssg0p81v125c       0 
ND4D1BWP30P140               30     18.900    tcbn28hpcplusbwp30p140ssg0p81v125c       0 
NR2D1BWP30P140              146     55.188    tcbn28hpcplusbwp30p140ssg0p81v125c       0 
NR2D2BWP30P140                1      0.630    tcbn28hpcplusbwp30p140ssg0p81v125c       0 
NR2D3BWP30P140                3      2.646    tcbn28hpcplusbwp30p140ssg0p81v125c       0 
NR2D4BWP30P140                2      2.268    tcbn28hpcplusbwp30p140ssg0p81v125c       0 
NR2D6BWP30P140                1      1.638    tcbn28hpcplusbwp30p140ssg0p81v125c       0 
NR2D8BWP30P140                1      2.142    tcbn28hpcplusbwp30p140ssg0p81v125c       0 
NR2OPTIBD1BWP30P140         112     42.336    tcbn28hpcplusbwp30p140ssg0p81v125c       0 
NR2OPTIBD8BWP30P140           1      2.142    tcbn28hpcplusbwp30p140ssg0p81v125c       0 
NR2OPTPAD1BWP30P140           2      1.008    tcbn28hpcplusbwp30p140ssg0p81v125c       0 
NR3D0BWP30P140                7      3.528    tcbn28hpcplusbwp30p140ssg0p81v125c       0 
NR3D0P7BWP30P140             12      6.048    tcbn28hpcplusbwp30p140ssg0p81v125c       0 
NR4D0BWP30P140                8      5.040    tcbn28hpcplusbwp30p140ssg0p81v125c       0 
NR4D2BWP30P140                1      2.268    tcbn28hpcplusbwp30p140ssg0p81v125c       0 
OA211D1BWP30P140             10      7.560    tcbn28hpcplusbwp30p140ssg0p81v125c       0 
OA21D1BWP30P140              14      8.820    tcbn28hpcplusbwp30p140ssg0p81v125c       0 
OA22D1BWP30P140               1      0.882    tcbn28hpcplusbwp30p140ssg0p81v125c       0 
OAI211D1BWP30P140           533    335.790    tcbn28hpcplusbwp30p140ssg0p81v125c       0 
OAI21D1BWP30P140            126     63.504    tcbn28hpcplusbwp30p140ssg0p81v125c       0 
OAI221D1BWP30P140            63     55.566    tcbn28hpcplusbwp30p140ssg0p81v125c       0 
OAI222D1BWP30P140             1      1.008    tcbn28hpcplusbwp30p140ssg0p81v125c       0 
OAI22D1BWP30P140             21     13.230    tcbn28hpcplusbwp30p140ssg0p81v125c       0 
OAI31D1BWP30P140             10      6.300    tcbn28hpcplusbwp30p140ssg0p81v125c       0 
OAI32D1BWP30P140              5      3.780    tcbn28hpcplusbwp30p140ssg0p81v125c       0 
OAI33D1BWP30P140              1      0.882    tcbn28hpcplusbwp30p140ssg0p81v125c       0 
OR2D0BWP30P140               32     16.128    tcbn28hpcplusbwp30p140ssg0p81v125c       0 
OR2D1BWP30P140               70     35.280    tcbn28hpcplusbwp30p140ssg0p81v125c       0 
OR2D4BWP30P140                2      2.268    tcbn28hpcplusbwp30p140ssg0p81v125c       0 
OR3D1BWP30P140               85     53.550    tcbn28hpcplusbwp30p140ssg0p81v125c       0 
OR3D2BWP30P140                7      5.292    tcbn28hpcplusbwp30p140ssg0p81v125c       0 
OR3D8BWP30P140                1      2.268    tcbn28hpcplusbwp30p140ssg0p81v125c       0 
OR4D1BWP30P140               34     25.704    tcbn28hpcplusbwp30p140ssg0p81v125c       0 
OR4D2BWP30P140                9      7.938    tcbn28hpcplusbwp30p140ssg0p81v125c       0 
SDFKCNQARD2BWP30P140          1      2.772    tcbn28hpcplusbwp30p140ssg0p81v125c       0 
XNR2UD1BWP30P140            479    422.478    tcbn28hpcplusbwp30p140ssg0p81v125c       0 
XNR3D1BWP30P140               1      1.890    tcbn28hpcplusbwp30p140ssg0p81v125c       0 
XNR3UD1BWP30P140             50     88.200    tcbn28hpcplusbwp30p140ssg0p81v125c       0 
XNR4D1BWP30P140               8     21.168    tcbn28hpcplusbwp30p140ssg0p81v125c       0 
XOR2D2BWP30P140               1      1.134    tcbn28hpcplusbwp30p140ssg0p81v125c       0 
XOR2UD1BWP30P140             77     67.914    tcbn28hpcplusbwp30p140ssg0p81v125c       0 
XOR3D1BWP30P140               3      5.670    tcbn28hpcplusbwp30p140ssg0p81v125c       0 
XOR3UD1BWP30P140             87    153.468    tcbn28hpcplusbwp30p140ssg0p81v125c       0 
XOR4D0BWP30P140               8     21.168    tcbn28hpcplusbwp30p140ssg0p81v125c       0 
-----------------------------------------------------------------------------------------
total                     13973  16727.886                                       


                                                        
            Type             Instances    Area   Area % 
--------------------------------------------------------
sequential                        2438  5039.244   30.1 
inverter                          1284   333.774    2.0 
buffer                              13    10.080    0.1 
clock_gating_integrated_cell        92   173.880    1.0 
logic                            10146 11170.908   66.8 
physical_cells                       0     0.000    0.0 
--------------------------------------------------------
total                            13973 16727.886  100.0 

