============================================================
  Generated by:           Genus(TM) Synthesis Solution 22.17-s071_1
  Generated on:           May 07 2025  11:14:25 pm
  Module:                 conv
  Operating conditions:   ssg0p81v125c 
  Operating conditions:   tt0p9v25c 
  Operating conditions:   ffg0p99vm40c 
  Interconnect mode:      global
  Area mode:              physical library
============================================================


Path 1: MET (1040 ps) Setup Check with Pin registers_reg[2][18]/CP->D
           View: analysis_view_0p99v_m40c_capbst_fastest
          Group: clk
     Startpoint: (R) registers_reg[2][1]/CP
          Clock: (R) clk
       Endpoint: (R) registers_reg[2][18]/D
          Clock: (R) clk

                     Capture       Launch     
        Clock Edge:+    2000            0     
       Src Latency:+       0            0     
       Net Latency:+       0 (I)        0 (I) 
           Arrival:=    2000            0     
                                              
             Setup:-      13                  
     Required Time:=    1987                  
      Launch Clock:-       0                  
         Data Path:-     947                  
             Slack:=    1040                  

#-----------------------------------------------------------------------------------------------------------------------------
#                Timing Point                 Flags    Arc   Edge       Cell         Fanout Load Trans Delay Arrival Instance 
#                                                                                           (fF)  (ps)  (ps)   (ps)  Location 
#-----------------------------------------------------------------------------------------------------------------------------
  registers_reg[2][1]/CP                      -       -      R     (arrival)            320    -     0     0       0    (-,-) 
  registers_reg[2][1]/Q                       -       CP->Q  F     DFCNQD1BWP30P140      27 37.7   123   102     102    (-,-) 
  genblk1[2].multip/mul_16_61_g5651/CO        -       B->CO  F     HA1D1BWP30P140         1  2.4    13    31     133    (-,-) 
  genblk1[2].multip/mul_16_61_g5522/CO        -       CI->CO F     FA1D1BWP30P140         1  2.4    16    24     157    (-,-) 
  genblk1[2].multip/mul_16_61_g5486/CO        -       CI->CO F     FA1D1BWP30P140         1  2.4    16    25     182    (-,-) 
  genblk1[2].multip/mul_16_61_g5465/CO        -       CI->CO F     FA1D1BWP30P140         1  2.4    16    25     208    (-,-) 
  genblk1[2].multip/mul_16_61_g5444/CO        -       CI->CO F     FA1D1BWP30P140         1  2.4    16    25     233    (-,-) 
  genblk1[2].multip/mul_16_61_g5424/CO        -       CI->CO F     FA1D1BWP30P140         1  2.4    16    25     258    (-,-) 
  genblk1[2].multip/mul_16_61_g5409/CO        -       CI->CO F     FA1D1BWP30P140         1  2.4    16    25     284    (-,-) 
  genblk1[2].multip/mul_16_61_g5393/CO        -       CI->CO F     FA1D1BWP30P140         1  2.4    16    25     309    (-,-) 
  genblk1[2].multip/mul_16_61_g5380/CO        -       CI->CO F     FA1D1BWP30P140         1  2.4    16    25     334    (-,-) 
  genblk1[2].multip/mul_16_61_g5367/CO        -       CI->CO F     FA1D1BWP30P140         1  2.4    16    25     359    (-,-) 
  genblk1[2].multip/mul_16_61_g5352/CO        -       CI->CO F     FA1D1BWP30P140         1  2.4    16    25     385    (-,-) 
  genblk1[2].multip/mul_16_61_g5338/CO        -       CI->CO F     FA1D1BWP30P140         1  2.4    16    25     410    (-,-) 
  genblk1[2].multip/mul_16_61_g5325/CO        -       CI->CO F     FA1D1BWP30P140         1  2.4    15    25     435    (-,-) 
  genblk1[2].multip/mul_16_61_g5312/CO        -       CI->CO F     FA1D1BWP30P140         1  2.4    15    25     460    (-,-) 
  genblk1[2].multip/mul_16_61_g5301/CO        -       CI->CO F     FA1D1BWP30P140         1  2.4    15    25     485    (-,-) 
  genblk1[2].multip/mul_16_61_g5290/CO        -       CI->CO F     FA1D1BWP30P140         1  2.4    15    25     510    (-,-) 
  genblk1[2].multip/mul_16_61_g5279/CO        -       CI->CO F     FA1D1BWP30P140         1  2.4    15    25     535    (-,-) 
  genblk1[2].multip/mul_16_61_g5270/CO        -       CI->CO F     FA1D1BWP30P140         1  2.4    15    25     560    (-,-) 
  genblk1[2].multip/mul_16_61_g5260/S         -       CI->S  R     FA1D1BWP30P140         3  3.9    22    46     605    (-,-) 
  genblk1[2].multip/mul_16_61_g5252/ZN        -       A1->ZN F     AOI222D1BWP30P140      1  1.6    45    15     620    (-,-) 
  genblk1[2].multip/mul_16_61_g5249/ZN        -       A1->ZN R     CKND2D1BWP30P140       1  2.3    23    22     642    (-,-) 
  genblk1[2].multip/mul_16_61_g5243/Z         -       A1->Z  R     XOR2UD1BWP30P140       1  2.5    24    18     660    (-,-) 
  genblk1[2].multip/mul_16_61_cdnfadd_019_4/S -       CI->S  F     FA1D1BWP30P140         1  3.0    16    41     700    (-,-) 
  genblk1[2].multip/mul_16_61_g5228/CO        -       B->CO  F     FA1D1BWP30P140         1  2.4    12    28     729    (-,-) 
  genblk1[2].multip/mul_16_61_g5227/CO        -       CI->CO F     FA1D1BWP30P140         1  2.4    12    24     753    (-,-) 
  genblk1[2].multip/mul_16_61_g5226/CO        -       CI->CO F     FA1D1BWP30P140         1  2.4    12    24     777    (-,-) 
  genblk1[2].multip/mul_16_61_g5225/CO        -       CI->CO F     FA1D1BWP30P140         1  2.4    12    24     801    (-,-) 
  genblk1[2].multip/mul_16_61_g5224/CO        -       CI->CO F     FA1D1BWP30P140         1  2.4    12    24     826    (-,-) 
  genblk1[2].multip/mul_16_61_g5223/CO        -       CI->CO F     FA1D1BWP30P140         1  2.4    12    24     850    (-,-) 
  genblk1[2].multip/mul_16_61_g5222/CO        -       CI->CO F     FA1D1BWP30P140         1  2.4    12    24     874    (-,-) 
  genblk1[2].multip/mul_16_61_g5221/S         -       CI->S  R     FA1D1BWP30P140         1  1.8    14    40     914    (-,-) 
  g12803/ZN                                   -       B1->ZN F     AOI22D1BWP30P140       1  1.7    62    15     929    (-,-) 
  g12480/ZN                                   -       B->ZN  R     IOA21D1BWP30P140       1  1.8    20    18     947    (-,-) 
  registers_reg[2][18]/D                      <<<     -      R     DFCNQD1BWP30P140       1    -     -     0     947    (-,-) 
#-----------------------------------------------------------------------------------------------------------------------------


