#-----------------------------------------------------------
# Vivado v2023.2 (64-bit)
# SW Build 4029153 on Fri Oct 13 20:13:54 MDT 2023
# IP Build 4028589 on Sat Oct 14 00:45:43 MDT 2023
# SharedData Build 4025554 on Tue Oct 10 17:18:54 MDT 2023
# Start of session at: Mon Sep 28 01:39:50 2026
# Process ID: 1294214
# Current directory: /tmp/fastconv-column-power-ced7840b
# Command line: vivado -mode batch -source /tmp/fastconv-column-power-ced7840b/rtl/conv2x2/fpga_zcu104/column_power_comparison/scripts/power_vectorless.tcl -log /tmp/fastconv-column-power-ced7840b/rtl/conv2x2/fpga_zcu104/column_power_comparison/reports/std_scalar.vectorless.vivado.log -journal /tmp/fastconv-column-power-ced7840b/rtl/conv2x2/fpga_zcu104/column_power_comparison/reports/std_scalar.vectorless.vivado.jou -tclargs /tmp/fastconv-column-power-ced7840b/rtl/conv2x2/fpga_zcu104/column_power_comparison std_scalar
# Log file: /tmp/fastconv-column-power-ced7840b/rtl/conv2x2/fpga_zcu104/column_power_comparison/reports/std_scalar.vectorless.vivado.log
# Journal file: /tmp/fastconv-column-power-ced7840b/rtl/conv2x2/fpga_zcu104/column_power_comparison/reports/std_scalar.vectorless.vivado.jou
# Running On: paxos.inf.pucrs.br, OS: Linux, CPU Frequency: 3100.000 MHz, CPU Physical cores: 14, Host memory: 134319 MB
#-----------------------------------------------------------
source /tmp/fastconv-column-power-ced7840b/rtl/conv2x2/fpga_zcu104/column_power_comparison/scripts/power_vectorless.tcl
# if {$argc != 2} { error "usage: power_vectorless.tcl <bench-dir> <run>" }
# set bench_dir [file normalize [lindex $argv 0]]
# set run_name [lindex $argv 1]
# set run_dir [file join $bench_dir reports $run_name]
# foreach corner {typical maximum} {
#   open_checkpoint [file join $run_dir design_routed.dcp]
#   reset_switching_activity -all
#   reset_operating_conditions
#   set_operating_conditions -process $corner -ambient_temp 25
#   report_operating_conditions -file [file join $run_dir operating_conditions_vectorless_${corner}.rpt]
#   report_power -hier all -file [file join $run_dir power_vectorless_${corner}.rpt]
#   close_design
# }
Command: open_checkpoint /tmp/fastconv-column-power-ced7840b/rtl/conv2x2/fpga_zcu104/column_power_comparison/reports/std_scalar/design_routed.dcp

Starting open_checkpoint Task

Time (s): cpu = 00:00:00.03 ; elapsed = 00:00:00.02 . Memory (MB): peak = 1360.035 ; gain = 0.000 ; free physical = 22122 ; free virtual = 105840
INFO: [Device 21-403] Loading part xczu7ev-ffvc1156-2-e
Netlist sorting complete. Time (s): cpu = 00:00:00.02 ; elapsed = 00:00:00.02 . Memory (MB): peak = 2417.113 ; gain = 0.000 ; free physical = 20734 ; free virtual = 104451
INFO: [Netlist 29-17] Analyzing 227 Unisim elements for replacement
INFO: [Netlist 29-28] Unisim Transformation completed in 0 CPU seconds
INFO: [Project 1-479] Netlist was created with Vivado 2023.2
INFO: [Project 1-570] Preparing netlist for logic optimization
Read ShapeDB Complete: Time (s): cpu = 00:00:00.01 ; elapsed = 00:00:00.01 . Memory (MB): peak = 2417.113 ; gain = 0.000 ; free physical = 20700 ; free virtual = 104418
INFO: [Timing 38-478] Restoring timing data from binary archive.
INFO: [Timing 38-479] Binary timing data restore complete.
INFO: [Project 1-856] Restoring constraints from binary archive.
INFO: [Project 1-853] Binary constraint restore complete.
INFO: [Designutils 20-5722] Start Reading Physical Databases.
Reading placement.
Read Netlist Cache: Time (s): cpu = 00:00:00.01 ; elapsed = 00:00:00.01 . Memory (MB): peak = 2853.129 ; gain = 0.000 ; free physical = 20367 ; free virtual = 104085
Reading placer database...
Read Device Cache: Time (s): cpu = 00:00:00.02 ; elapsed = 00:00:00.03 . Memory (MB): peak = 2853.129 ; gain = 0.000 ; free physical = 20362 ; free virtual = 104079
Read PlaceDB: Time (s): cpu = 00:00:00.14 ; elapsed = 00:00:00.13 . Memory (MB): peak = 2853.129 ; gain = 0.000 ; free physical = 20358 ; free virtual = 104076
Read PulsedLatchDB: Time (s): cpu = 00:00:00 ; elapsed = 00:00:00 . Memory (MB): peak = 2853.129 ; gain = 0.000 ; free physical = 20358 ; free virtual = 104076
Reading routing.
Read RouteStorage: Time (s): cpu = 00:00:00.08 ; elapsed = 00:00:00.08 . Memory (MB): peak = 2868.973 ; gain = 15.844 ; free physical = 20356 ; free virtual = 104073
Read Physdb Files: Time (s): cpu = 00:00:00.25 ; elapsed = 00:00:00.26 . Memory (MB): peak = 2868.973 ; gain = 15.844 ; free physical = 20356 ; free virtual = 104073
Restored from archive | CPU: 0.300000 secs | Memory: 5.906319 MB |
Finished XDEF File Restore: Time (s): cpu = 00:00:00.29 ; elapsed = 00:00:00.29 . Memory (MB): peak = 2868.973 ; gain = 15.844 ; free physical = 20355 ; free virtual = 104073
Netlist sorting complete. Time (s): cpu = 00:00:00 ; elapsed = 00:00:00 . Memory (MB): peak = 3246.582 ; gain = 0.000 ; free physical = 19714 ; free virtual = 103437
INFO: [Project 1-111] Unisim Transformation Summary:
  A total of 53 instances were transformed.
  DSP48E2 => DSP48E2 (DSP_ALU, DSP_A_B_DATA, DSP_C_DATA, DSP_MULTIPLIER, DSP_M_DATA, DSP_OUTPUT, DSP_PREADD, DSP_PREADD_DATA): 8 instances
  IBUF => IBUF (IBUFCTRL, INBUF): 45 instances

INFO: [Project 1-604] Checkpoint was created with Vivado v2023.2 (64-bit) build 4029153
open_checkpoint: Time (s): cpu = 00:00:23 ; elapsed = 00:00:24 . Memory (MB): peak = 3246.617 ; gain = 1886.582 ; free physical = 19714 ; free virtual = 103432
Command: report_power -hier all -file /tmp/fastconv-column-power-ced7840b/rtl/conv2x2/fpga_zcu104/column_power_comparison/reports/std_scalar/power_vectorless_typical.rpt
Running Vector-less Activity Propagation...

Finished Running Vector-less Activity Propagation
12 Infos, 0 Warnings, 0 Critical Warnings and 0 Errors encountered.
report_power completed successfully
report_power: Time (s): cpu = 00:00:12 ; elapsed = 00:00:08 . Memory (MB): peak = 3617.934 ; gain = 181.191 ; free physical = 19450 ; free virtual = 103168
Command: open_checkpoint /tmp/fastconv-column-power-ced7840b/rtl/conv2x2/fpga_zcu104/column_power_comparison/reports/std_scalar/design_routed.dcp

Starting open_checkpoint Task

Time (s): cpu = 00:00:00.01 ; elapsed = 00:00:00 . Memory (MB): peak = 3617.934 ; gain = 0.000 ; free physical = 19449 ; free virtual = 103167
Netlist sorting complete. Time (s): cpu = 00:00:00.02 ; elapsed = 00:00:00.03 . Memory (MB): peak = 3617.934 ; gain = 0.000 ; free physical = 19450 ; free virtual = 103168
INFO: [Netlist 29-17] Analyzing 227 Unisim elements for replacement
INFO: [Netlist 29-28] Unisim Transformation completed in 0 CPU seconds
INFO: [Project 1-479] Netlist was created with Vivado 2023.2
INFO: [Project 1-570] Preparing netlist for logic optimization
Read ShapeDB Complete: Time (s): cpu = 00:00:00.01 ; elapsed = 00:00:00.01 . Memory (MB): peak = 3617.934 ; gain = 0.000 ; free physical = 19486 ; free virtual = 103205
INFO: [Timing 38-478] Restoring timing data from binary archive.
INFO: [Timing 38-479] Binary timing data restore complete.
INFO: [Project 1-856] Restoring constraints from binary archive.
INFO: [Project 1-853] Binary constraint restore complete.
INFO: [Designutils 20-5722] Start Reading Physical Databases.
Reading placement.
Read Netlist Cache: Time (s): cpu = 00:00:00.01 ; elapsed = 00:00:00.01 . Memory (MB): peak = 3617.934 ; gain = 0.000 ; free physical = 19461 ; free virtual = 103179
Reading placer database...
Read Device Cache: Time (s): cpu = 00:00:00.02 ; elapsed = 00:00:00.02 . Memory (MB): peak = 3617.934 ; gain = 0.000 ; free physical = 19461 ; free virtual = 103179
Read PlaceDB: Time (s): cpu = 00:00:00.13 ; elapsed = 00:00:00.13 . Memory (MB): peak = 3617.934 ; gain = 0.000 ; free physical = 19461 ; free virtual = 103179
Read PulsedLatchDB: Time (s): cpu = 00:00:00 ; elapsed = 00:00:00 . Memory (MB): peak = 3617.934 ; gain = 0.000 ; free physical = 19461 ; free virtual = 103179
Reading routing.
Read RouteStorage: Time (s): cpu = 00:00:00.08 ; elapsed = 00:00:00.08 . Memory (MB): peak = 3617.934 ; gain = 0.000 ; free physical = 19461 ; free virtual = 103179
Read Physdb Files: Time (s): cpu = 00:00:00.24 ; elapsed = 00:00:00.25 . Memory (MB): peak = 3617.934 ; gain = 0.000 ; free physical = 19461 ; free virtual = 103179
Restored from archive | CPU: 0.260000 secs | Memory: 4.845940 MB |
Finished XDEF File Restore: Time (s): cpu = 00:00:00.25 ; elapsed = 00:00:00.25 . Memory (MB): peak = 3617.934 ; gain = 0.000 ; free physical = 19461 ; free virtual = 103179
Netlist sorting complete. Time (s): cpu = 00:00:00 ; elapsed = 00:00:00 . Memory (MB): peak = 3617.934 ; gain = 0.000 ; free physical = 19461 ; free virtual = 103179
INFO: [Project 1-111] Unisim Transformation Summary:
  A total of 53 instances were transformed.
  DSP48E2 => DSP48E2 (DSP_ALU, DSP_A_B_DATA, DSP_C_DATA, DSP_MULTIPLIER, DSP_M_DATA, DSP_OUTPUT, DSP_PREADD, DSP_PREADD_DATA): 8 instances
  IBUF => IBUF (IBUFCTRL, INBUF): 45 instances

INFO: [Project 1-604] Checkpoint was created with Vivado v2023.2 (64-bit) build 4029153
Command: report_power -hier all -file /tmp/fastconv-column-power-ced7840b/rtl/conv2x2/fpga_zcu104/column_power_comparison/reports/std_scalar/power_vectorless_maximum.rpt
Running Vector-less Activity Propagation...

Finished Running Vector-less Activity Propagation
11 Infos, 0 Warnings, 0 Critical Warnings and 0 Errors encountered.
report_power completed successfully
# exit
INFO: [Common 17-206] Exiting Vivado at Mon Sep 28 01:40:34 2026...
