============================================================
  Generated by:           Genus(TM) Synthesis Solution 21.12-s068_1
  Generated on:           Jul 09 2025  09:36:32 pm
  Module:                 conv
  Operating conditions:   ssg0p81v125c 
  Operating conditions:   tt0p9v25c 
  Operating conditions:   ffg0p99vm40c 
  Interconnect mode:      global
  Area mode:              physical library
============================================================


Path 1: MET (953 ps) Setup Check with Pin EA_reg[0]/CP->D
           View: analysis_view_0p99v_m40c_capbst_fastest
          Group: clk
     Startpoint: (R) start
          Clock: (R) clk
       Endpoint: (R) EA_reg[0]/D
          Clock: (R) clk

                     Capture       Launch     
        Clock Edge:+    2000            0     
        Drv Adjust:+       0            3     
       Src Latency:+       0            0     
       Net Latency:+       0 (I)        0 (I) 
           Arrival:=    2000            3     
                                              
             Setup:-      14                  
     Required Time:=    1986                  
      Launch Clock:-       3                  
       Input Delay:-    1000                  
         Data Path:-      30                  
             Slack:=     953                  

Exceptions/Constraints:
  input_delay             1000            tmp_sdc_analysis_vie_1_line_223 

#------------------------------------------------------------------------------------------------
# Timing Point   Flags    Arc   Edge       Cell         Fanout Load Trans Delay Arrival Instance 
#                                                              (fF)  (ps)  (ps)   (ps)  Location 
#------------------------------------------------------------------------------------------------
  start          -       -      R     (arrival)              1  1.7     7     0    1003    (-,-) 
  g13231/ZN      -       I1->ZN F     MUX2NUD1BWP30P140      1  1.7    18    12    1015    (-,-) 
  g13218/ZN      -       B2->ZN R     OAI22D1BWP30P140       1  1.8    21    18    1033    (-,-) 
  EA_reg[0]/D    <<<     -      R     DFCNQD1BWP30P140       1    -     -     0    1033    (-,-) 
#------------------------------------------------------------------------------------------------


