============================================================
  Generated by:           Genus(TM) Synthesis Solution 21.12-s068_1
  Generated on:           Jul 09 2025  09:36:33 pm
  Module:                 conv
  Operating conditions:   ssg0p81v125c 
  Operating conditions:   tt0p9v25c 
  Operating conditions:   ffg0p99vm40c 
  Interconnect mode:      global
  Area mode:              physical library
============================================================

-------------------------------------------------------------------------------
Nets with multiple drivers

The following nets have multiple drivers and at least one of the drivers is     
non-tristate:                                                                   

hnet:conv/clk
hnet:conv/inputs9[0][0]
hnet:conv/inputs9[0][10]
hnet:conv/inputs9[0][11]
hnet:conv/inputs9[0][12]
hnet:conv/inputs9[0][13]
hnet:conv/inputs9[0][14]
hnet:conv/inputs9[0][15]
hnet:conv/inputs9[0][16]
hnet:conv/inputs9[0][17]
hnet:conv/inputs9[0][18]
hnet:conv/inputs9[0][19]
hnet:conv/inputs9[0][1]
hnet:conv/inputs9[0][2]
hnet:conv/inputs9[0][3]
hnet:conv/inputs9[0][4]
hnet:conv/inputs9[0][5]
hnet:conv/inputs9[0][6]
hnet:conv/inputs9[0][7]
hnet:conv/inputs9[0][8]
hnet:conv/inputs9[0][9]
hnet:conv/inputs9[1][0]
hnet:conv/inputs9[1][10]
hnet:conv/inputs9[1][11]
hnet:conv/inputs9[1][12]
hnet:conv/inputs9[1][13]
hnet:conv/inputs9[1][14]
hnet:conv/inputs9[1][15]
hnet:conv/inputs9[1][16]
hnet:conv/inputs9[1][17]
hnet:conv/inputs9[1][18]
hnet:conv/inputs9[1][19]
hnet:conv/inputs9[1][1]
hnet:conv/inputs9[1][2]
hnet:conv/inputs9[1][3]
hnet:conv/inputs9[1][4]
hnet:conv/inputs9[1][5]
hnet:conv/inputs9[1][6]
hnet:conv/inputs9[1][7]
hnet:conv/inputs9[1][8]
hnet:conv/inputs9[1][9]
hnet:conv/inputs9[2][0]
hnet:conv/inputs9[2][10]
hnet:conv/inputs9[2][11]
hnet:conv/inputs9[2][12]
hnet:conv/inputs9[2][13]
hnet:conv/inputs9[2][14]
hnet:conv/inputs9[2][15]
hnet:conv/inputs9[2][16]
hnet:conv/inputs9[2][17]
hnet:conv/inputs9[2][18]
hnet:conv/inputs9[2][19]
hnet:conv/inputs9[2][1]
hnet:conv/inputs9[2][2]
hnet:conv/inputs9[2][3]
hnet:conv/inputs9[2][4]
hnet:conv/inputs9[2][5]
hnet:conv/inputs9[2][6]
hnet:conv/inputs9[2][7]
hnet:conv/inputs9[2][8]
hnet:conv/inputs9[2][9]
hnet:conv/inputs9[3][0]
hnet:conv/inputs9[3][10]
hnet:conv/inputs9[3][11]
hnet:conv/inputs9[3][12]
hnet:conv/inputs9[3][13]
hnet:conv/inputs9[3][14]
hnet:conv/inputs9[3][15]
hnet:conv/inputs9[3][16]
hnet:conv/inputs9[3][17]
hnet:conv/inputs9[3][18]
hnet:conv/inputs9[3][19]
hnet:conv/inputs9[3][1]
hnet:conv/inputs9[3][2]
hnet:conv/inputs9[3][3]
hnet:conv/inputs9[3][4]
hnet:conv/inputs9[3][5]
hnet:conv/inputs9[3][6]
hnet:conv/inputs9[3][7]
hnet:conv/inputs9[3][8]
hnet:conv/inputs9[3][9]
hnet:conv/inputs9[4][0]
hnet:conv/inputs9[4][10]
hnet:conv/inputs9[4][11]
hnet:conv/inputs9[4][12]
hnet:conv/inputs9[4][13]
hnet:conv/inputs9[4][14]
hnet:conv/inputs9[4][15]
hnet:conv/inputs9[4][16]
hnet:conv/inputs9[4][17]
hnet:conv/inputs9[4][18]
hnet:conv/inputs9[4][19]
hnet:conv/inputs9[4][1]
hnet:conv/inputs9[4][2]
hnet:conv/inputs9[4][3]
hnet:conv/inputs9[4][4]
hnet:conv/inputs9[4][5]
hnet:conv/inputs9[4][6]
hnet:conv/inputs9[4][7]
hnet:conv/inputs9[4][8]
hnet:conv/inputs9[4][9]
hnet:conv/inputs9[5][0]
hnet:conv/inputs9[5][10]
hnet:conv/inputs9[5][11]
hnet:conv/inputs9[5][12]
hnet:conv/inputs9[5][13]
hnet:conv/inputs9[5][14]
hnet:conv/inputs9[5][15]
hnet:conv/inputs9[5][16]
hnet:conv/inputs9[5][17]
hnet:conv/inputs9[5][18]
hnet:conv/inputs9[5][19]
hnet:conv/inputs9[5][1]
hnet:conv/inputs9[5][2]
hnet:conv/inputs9[5][3]
hnet:conv/inputs9[5][4]
hnet:conv/inputs9[5][5]
hnet:conv/inputs9[5][6]
hnet:conv/inputs9[5][7]
hnet:conv/inputs9[5][8]
hnet:conv/inputs9[5][9]
hnet:conv/inputs9[6][0]
hnet:conv/inputs9[6][10]
hnet:conv/inputs9[6][11]
hnet:conv/inputs9[6][12]
hnet:conv/inputs9[6][13]
hnet:conv/inputs9[6][14]
hnet:conv/inputs9[6][15]
hnet:conv/inputs9[6][16]
hnet:conv/inputs9[6][17]
hnet:conv/inputs9[6][18]
hnet:conv/inputs9[6][19]
hnet:conv/inputs9[6][1]
hnet:conv/inputs9[6][2]
hnet:conv/inputs9[6][3]
hnet:conv/inputs9[6][4]
hnet:conv/inputs9[6][5]
hnet:conv/inputs9[6][6]
hnet:conv/inputs9[6][7]
hnet:conv/inputs9[6][8]
hnet:conv/inputs9[6][9]
hnet:conv/inputs9[7][0]
hnet:conv/inputs9[7][10]
hnet:conv/inputs9[7][11]
hnet:conv/inputs9[7][12]
hnet:conv/inputs9[7][13]
hnet:conv/inputs9[7][14]
hnet:conv/inputs9[7][15]
hnet:conv/inputs9[7][16]
hnet:conv/inputs9[7][17]
hnet:conv/inputs9[7][18]
hnet:conv/inputs9[7][19]
hnet:conv/inputs9[7][1]
hnet:conv/inputs9[7][2]
hnet:conv/inputs9[7][3]
hnet:conv/inputs9[7][4]
hnet:conv/inputs9[7][5]
hnet:conv/inputs9[7][6]
hnet:conv/inputs9[7][7]
hnet:conv/inputs9[7][8]
hnet:conv/inputs9[7][9]
hnet:conv/inputs9[8][0]
hnet:conv/inputs9[8][10]
hnet:conv/inputs9[8][11]
hnet:conv/inputs9[8][12]
hnet:conv/inputs9[8][13]
hnet:conv/inputs9[8][14]
hnet:conv/inputs9[8][15]
hnet:conv/inputs9[8][16]
hnet:conv/inputs9[8][17]
hnet:conv/inputs9[8][18]
hnet:conv/inputs9[8][19]
hnet:conv/inputs9[8][1]
hnet:conv/inputs9[8][2]
hnet:conv/inputs9[8][3]
hnet:conv/inputs9[8][4]
hnet:conv/inputs9[8][5]
hnet:conv/inputs9[8][6]
hnet:conv/inputs9[8][7]
hnet:conv/inputs9[8][8]
hnet:conv/inputs9[8][9]
hnet:conv/reset
hnet:conv/start_mac
hnet:conv/weights[0][0]
hnet:conv/weights[0][10]
hnet:conv/weights[0][11]
hnet:conv/weights[0][12]
hnet:conv/weights[0][13]
hnet:conv/weights[0][14]
hnet:conv/weights[0][15]
hnet:conv/weights[0][16]
hnet:conv/weights[0][17]
hnet:conv/weights[0][18]
hnet:conv/weights[0][19]
hnet:conv/weights[0][1]
hnet:conv/weights[0][2]
hnet:conv/weights[0][3]
hnet:conv/weights[0][4]
hnet:conv/weights[0][5]
hnet:conv/weights[0][6]
hnet:conv/weights[0][7]
hnet:conv/weights[0][8]
hnet:conv/weights[0][9]
hnet:conv/weights[1][0]
hnet:conv/weights[1][10]
hnet:conv/weights[1][11]
hnet:conv/weights[1][12]
hnet:conv/weights[1][13]
hnet:conv/weights[1][14]
hnet:conv/weights[1][15]
hnet:conv/weights[1][16]
hnet:conv/weights[1][17]
hnet:conv/weights[1][18]
hnet:conv/weights[1][19]
hnet:conv/weights[1][1]
hnet:conv/weights[1][2]
hnet:conv/weights[1][3]
hnet:conv/weights[1][4]
hnet:conv/weights[1][5]
hnet:conv/weights[1][6]
hnet:conv/weights[1][7]
hnet:conv/weights[1][8]
hnet:conv/weights[1][9]
hnet:conv/weights[2][0]
hnet:conv/weights[2][10]
hnet:conv/weights[2][11]
hnet:conv/weights[2][12]
hnet:conv/weights[2][13]
hnet:conv/weights[2][14]
hnet:conv/weights[2][15]
hnet:conv/weights[2][16]
hnet:conv/weights[2][17]
hnet:conv/weights[2][18]
hnet:conv/weights[2][19]
hnet:conv/weights[2][1]
hnet:conv/weights[2][2]
hnet:conv/weights[2][3]
hnet:conv/weights[2][4]
hnet:conv/weights[2][5]
hnet:conv/weights[2][6]
hnet:conv/weights[2][7]
hnet:conv/weights[2][8]
hnet:conv/weights[2][9]
hnet:conv/weights[3][0]
hnet:conv/weights[3][10]
hnet:conv/weights[3][11]
hnet:conv/weights[3][12]
hnet:conv/weights[3][13]
hnet:conv/weights[3][14]
hnet:conv/weights[3][15]
hnet:conv/weights[3][16]
hnet:conv/weights[3][17]
hnet:conv/weights[3][18]
hnet:conv/weights[3][19]
hnet:conv/weights[3][1]
hnet:conv/weights[3][2]
hnet:conv/weights[3][3]
hnet:conv/weights[3][4]
hnet:conv/weights[3][5]
hnet:conv/weights[3][6]
hnet:conv/weights[3][7]
hnet:conv/weights[3][8]
hnet:conv/weights[3][9]
hnet:conv/weights[4][0]
hnet:conv/weights[4][10]
hnet:conv/weights[4][11]
hnet:conv/weights[4][12]
hnet:conv/weights[4][13]
hnet:conv/weights[4][14]
hnet:conv/weights[4][15]
hnet:conv/weights[4][16]
hnet:conv/weights[4][17]
hnet:conv/weights[4][18]
hnet:conv/weights[4][19]
hnet:conv/weights[4][1]
hnet:conv/weights[4][2]
hnet:conv/weights[4][3]
hnet:conv/weights[4][4]
hnet:conv/weights[4][5]
hnet:conv/weights[4][6]
hnet:conv/weights[4][7]
hnet:conv/weights[4][8]
hnet:conv/weights[4][9]
hnet:conv/weights[5][0]
hnet:conv/weights[5][10]
hnet:conv/weights[5][11]
hnet:conv/weights[5][12]
hnet:conv/weights[5][13]
hnet:conv/weights[5][14]
hnet:conv/weights[5][15]
hnet:conv/weights[5][16]
hnet:conv/weights[5][17]
hnet:conv/weights[5][18]
hnet:conv/weights[5][19]
hnet:conv/weights[5][1]
hnet:conv/weights[5][2]
hnet:conv/weights[5][3]
hnet:conv/weights[5][4]
hnet:conv/weights[5][5]
hnet:conv/weights[5][6]
hnet:conv/weights[5][7]
hnet:conv/weights[5][8]
hnet:conv/weights[5][9]
hnet:conv/weights[6][0]
hnet:conv/weights[6][10]
hnet:conv/weights[6][11]
hnet:conv/weights[6][12]
hnet:conv/weights[6][13]
hnet:conv/weights[6][14]
hnet:conv/weights[6][15]
hnet:conv/weights[6][16]
hnet:conv/weights[6][17]
hnet:conv/weights[6][18]
hnet:conv/weights[6][19]
hnet:conv/weights[6][1]
hnet:conv/weights[6][2]
hnet:conv/weights[6][3]
hnet:conv/weights[6][4]
hnet:conv/weights[6][5]
hnet:conv/weights[6][6]
hnet:conv/weights[6][7]
hnet:conv/weights[6][8]
hnet:conv/weights[6][9]
hnet:conv/weights[7][0]
hnet:conv/weights[7][10]
hnet:conv/weights[7][11]
hnet:conv/weights[7][12]
hnet:conv/weights[7][13]
hnet:conv/weights[7][14]
hnet:conv/weights[7][15]
hnet:conv/weights[7][16]
hnet:conv/weights[7][17]
hnet:conv/weights[7][18]
hnet:conv/weights[7][19]
hnet:conv/weights[7][1]
hnet:conv/weights[7][2]
hnet:conv/weights[7][3]
hnet:conv/weights[7][4]
hnet:conv/weights[7][5]
hnet:conv/weights[7][6]
hnet:conv/weights[7][7]
hnet:conv/weights[7][8]
hnet:conv/weights[7][9]
hnet:conv/weights[8][0]
hnet:conv/weights[8][10]
hnet:conv/weights[8][11]
hnet:conv/weights[8][12]
hnet:conv/weights[8][13]
hnet:conv/weights[8][14]
hnet:conv/weights[8][15]
hnet:conv/weights[8][16]
hnet:conv/weights[8][17]
hnet:conv/weights[8][18]
hnet:conv/weights[8][19]
hnet:conv/weights[8][1]
hnet:conv/weights[8][2]
hnet:conv/weights[8][3]
hnet:conv/weights[8][4]
hnet:conv/weights[8][5]
hnet:conv/weights[8][6]
hnet:conv/weights[8][7]
hnet:conv/weights[8][8]
hnet:conv/weights[8][9]
-------------------------------------------------------------------------------

-------------------------------------------------------------------------------
Timing exceptions with no effect

The following timing exceptions are not currently affecting timing in the       
design in mode 'analysis_view_0p99v_m40c_capbst_fastest'.  Either no paths in   
the design satisfy the exception's path specification, or all paths that        
satisfy the path specification also satisfy an exception with a higher          
priority.  You can improve runtime and memory usage by removing these           
exceptions if they are not truly needed.  To see if there is a path in the      
design that satisfies the path specification for an exception, or to see what   
other exception is overriding an exception because of priority, use the command:
  report timing -paths [eval [::legacy::get_attribute paths <exception>]]

exception:conv/analysis_view_0p99v_m40c_capbst_fastest/tmp_sdc_analysis_vie_1_line_197
-------------------------------------------------------------------------------


Lint summary
 Unconnected/logic driven clocks                                  0
 Sequential data pins driven by a clock signal                    0
 Sequential clock pins without clock waveform                     0
 Sequential clock pins with multiple clock waveforms              0
 Generated clocks without clock waveform                          0
 Generated clocks with incompatible options                       0
 Generated clocks with multi-master clock                         0
 Paths constrained with different clocks                          0
 Loop-breaking cells for combinational feedback                   0
 Nets with multiple drivers                                     363
 Timing exceptions with no effect                                 1
 Suspicious multi_cycle exceptions                                0
 Pins/ports with conflicting case constants                       0
 Inputs without clocked external delays                           0
 Outputs without clocked external delays                          0
 Inputs without external driver/transition                        0
 Outputs without external load                                    0
 Exceptions with invalid timing start-/endpoints                  0

                                                  Total:        364

