============================================================
  Generated by:           Genus(TM) Synthesis Solution 21.12-s068_1
  Generated on:           Oct 07 2026  11:14:20 pm
  Module:                 Conv
  Operating conditions:   ssg0p81v125c 
  Operating conditions:   tt0p9v25c 
  Operating conditions:   ffg0p99vm40c 
  Interconnect mode:      global
  Area mode:              physical library
============================================================


Path 1: MET (417 ps) Late External Delay Assertion at pin p_output_data_write[79]
           View: analysis_view_0p99v_m40c_capbst_fastest
          Group: clk
     Startpoint: (R) r_output_write_count_reg[0]/CP
          Clock: (R) clk
       Endpoint: (F) p_output_data_write[79]
          Clock: (R) clk

                     Capture       Launch     
        Clock Edge:+    2000            0     
       Src Latency:+       0            0     
       Net Latency:+       0 (I)        0 (I) 
           Arrival:=    2000            0     
                                              
      Output Delay:-    1000                  
     Required Time:=    1000                  
      Launch Clock:-       0                  
         Data Path:-     583                  
             Slack:=     417                  

Exceptions/Constraints:
  output_delay             1000            tmp_sdc_analysis_vie_1_line_477 

#------------------------------------------------------------------------------------------------------------------
#         Timing Point           Flags    Arc   Edge        Cell         Fanout  Load Trans Delay Arrival Instance 
#                                                                                (fF)  (ps)  (ps)   (ps)  Location 
#------------------------------------------------------------------------------------------------------------------
  r_output_write_count_reg[0]/CP -       -      R     (arrival)               4     -     0     0       0    (-,-) 
  r_output_write_count_reg[0]/QN -       CP->QN F     DFCND1BWP30P140         2   5.3    20    46      46    (-,-) 
  g13486/ZN                      -       A2->ZN R     ND2D3BWP30P140          5  11.9    18    16      62    (-,-) 
  g13161/ZN                      -       I->ZN  F     INVD12BWP30P140       156 172.9    47    33      95    (-,-) 
  g12700/ZN                      -       A1->ZN R     AOI22D1BWP30P140        1   1.8    24    23     118    (-,-) 
  g12219/ZN                      -       A2->ZN F     ND2D1BWP30P140          1   2.8    21    16     134    (-,-) 
  add_1001_76_I4_g1427/CO        -       B->CO  F     HA1D1BWP30P140          1   2.4    10    17     151    (-,-) 
  add_1001_76_I4_g1426/CO        -       CI->CO F     FA1D1BWP30P140          1   3.0    14    25     176    (-,-) 
  add_1001_76_I4_g1425/CO        -       CI->CO F     FA1OPTCD1BWP30P140      1   2.4    13    18     194    (-,-) 
  add_1001_76_I4_g1424/CO        -       CI->CO F     FA1D1BWP30P140          1   2.4    13    24     218    (-,-) 
  add_1001_76_I4_g1423/CO        -       CI->CO F     FA1D1BWP30P140          1   2.4    13    24     242    (-,-) 
  add_1001_76_I4_g1422/CO        -       CI->CO F     FA1D1BWP30P140          1   2.4    13    24     267    (-,-) 
  add_1001_76_I4_g1421/CO        -       CI->CO F     FA1D1BWP30P140          1   2.4    13    24     291    (-,-) 
  add_1001_76_I4_g1420/CO        -       CI->CO F     FA1D1BWP30P140          3   4.4    18    28     319    (-,-) 
  add_1001_76_I4_g1418/Z         -       A1->Z  F     AO21D1BWP30P140         1   2.4    11    18     337    (-,-) 
  add_1001_76_I4_g1415/CO        -       CI->CO F     FA1D1BWP30P140          1   2.4    13    24     361    (-,-) 
  add_1001_76_I4_g1414/CO        -       CI->CO F     FA1D1BWP30P140          1   2.4    13    24     385    (-,-) 
  add_1001_76_I4_g1413/CO        -       CI->CO F     FA1D1BWP30P140          1   2.4    13    24     409    (-,-) 
  add_1001_76_I4_g1412/CO        -       CI->CO F     FA1D1BWP30P140          1   2.4    13    24     434    (-,-) 
  add_1001_76_I4_g1411/CO        -       CI->CO F     FA1D1BWP30P140          1   2.4    13    24     458    (-,-) 
  add_1001_76_I4_g1410/CO        -       CI->CO F     FA1D1BWP30P140          1   2.4    13    24     482    (-,-) 
  add_1001_76_I4_g1409/CO        -       CI->CO F     FA1D1BWP30P140          1   2.4    13    24     506    (-,-) 
  add_1001_76_I4_g1408/CO        -       CI->CO F     FA1D1BWP30P140          1   2.4    13    24     530    (-,-) 
  add_1001_76_I4_g1407/CO        -       CI->CO F     FA1D1BWP30P140          1   1.8    11    23     553    (-,-) 
  add_1001_76_I4_g1406/Z         -       A3->Z  F     XOR3UD1BWP30P140        1   5.2    34    30     583    (-,-) 
  p_output_data_write[79]        <<<     -      F     (port)                  -     -     -     0     583    (-,-) 
#------------------------------------------------------------------------------------------------------------------


