============================================================
  Generated by:           Genus(TM) Synthesis Solution 21.12-s068_1
  Generated on:           Oct 07 2026  11:13:29 pm
  Module:                 Conv
  Operating conditions:   ssg0p81v125c 
  Interconnect mode:      global
  Area mode:              physical library
============================================================


Path 1: MET (0 ps) Setup Check with Pin r_input_weight_reg[1][4]/CP->D
           View: analysis_view_0p81v_125c_capwst_slowest
          Group: clk
     Startpoint: (R) r_weight_spatial_reg[5][0]/CP
          Clock: (R) clk
       Endpoint: (F) r_input_weight_reg[1][4]/D
          Clock: (R) clk

                     Capture       Launch     
        Clock Edge:+    2000            0     
       Src Latency:+       0            0     
       Net Latency:+       0 (I)        0 (I) 
           Arrival:=    2000            0     
                                              
             Setup:-      34                  
     Required Time:=    1966                  
      Launch Clock:-       0                  
         Data Path:-    1966                  
             Slack:=       0                  

#-----------------------------------------------------------------------------------------------------------------------------------------------------------------------
#                                   Timing Point                                    Flags    Arc   Edge         Cell           Fanout Load Trans Delay Arrival Instance 
#                                                                                                                                     (fF)  (ps)  (ps)   (ps)  Location 
#-----------------------------------------------------------------------------------------------------------------------------------------------------------------------
  r_weight_spatial_reg[5][0]/CP                                                     -       -      R     (arrival)                 20    -     0     0       0    (-,-) 
  r_weight_spatial_reg[5][0]/QN                                                     -       CP->QN R     SDFCNOPTMAD8BWP30P140      1  3.8    10    30      30    (-,-) 
  g84399/ZN                                                                         -       I->ZN  F     INVD6BWP30P140            16 30.1    28    20      50    (-,-) 
  WEIGHT_TRANSFORM_ROWS[4].weight_trf_row/g9550/Z                                   -       I->Z   F     BUFFD12BWP30P140           6 11.9    10    24      74    (-,-) 
  WEIGHT_TRANSFORM_ROWS[4].weight_trf_row/csa_tree_fac370_g5570/ZN                  -       I->ZN  R     INVD6BWP30P140             3  5.9     9     8      82    (-,-) 
  WEIGHT_TRANSFORM_ROWS[4].weight_trf_row/csa_tree_fac370_g5545/ZN                  -       A1->ZN F     NR2D3BWP30P140             1  3.8    12     9      92    (-,-) 
  WEIGHT_TRANSFORM_ROWS[4].weight_trf_row/csa_tree_fac370_g5423/ZN                  -       B->ZN  R     AOI21D6BWP30P140           2  4.9    22    20     112    (-,-) 
  WEIGHT_TRANSFORM_ROWS[4].weight_trf_row/csa_tree_fac370_g5305/ZN                  -       S->ZN  R     MUX2NOPTD4BWP30P140        1  2.8    21    20     132    (-,-) 
  WEIGHT_TRANSFORM_ROWS[4].weight_trf_row/g33977/ZN                                 -       A2->ZN R     XNR2OPTND4BWP30P140        3  8.2    35    32     164    (-,-) 
  WEIGHT_TRANSFORM_ROWS[4].weight_trf_row/csa_tree_fac239_groupi_g4953/ZN           -       A1->ZN R     XNR2OPTND4BWP30P140        1  3.6    25    24     188    (-,-) 
  WEIGHT_TRANSFORM_ROWS[4].weight_trf_row/csa_tree_fac239_groupi_g4889/ZN           -       A1->ZN R     XNR2OPTND4BWP30P140        1  2.9    26    21     209    (-,-) 
  WEIGHT_TRANSFORM_ROWS[4].weight_trf_row/csa_tree_fac239_groupi_g4740/S            -       CI->S  F     FA1D4BWP30P140             4  5.0    24    74     282    (-,-) 
  WEIGHT_TRANSFORM_ROWS[4].weight_trf_row/f_floor_div_1122_22:rem_1054_18_g33704/ZN -       A1->ZN F     IND2D2BWP30P140            2  3.2    27    29     312    (-,-) 
  WEIGHT_TRANSFORM_ROWS[4].weight_trf_row/f_floor_div_1122_22:rem_1054_18_g33702/ZN -       A2->ZN R     NR2OPTPAD2BWP30P140        3  4.2    24    22     334    (-,-) 
  WEIGHT_TRANSFORM_ROWS[4].weight_trf_row/f_floor_div_1122_22:rem_1054_18_g33699/ZN -       B1->ZN F     IND2D2BWP30P140            2  2.6    21    19     352    (-,-) 
  WEIGHT_TRANSFORM_ROWS[4].weight_trf_row/f_floor_div_1122_22:rem_1054_18_g33697/ZN -       A1->ZN R     NR2OPTPAD2BWP30P140        3  4.3    22    20     372    (-,-) 
  WEIGHT_TRANSFORM_ROWS[4].weight_trf_row/f_floor_div_1122_22:rem_1054_18_g33692/ZN -       B1->ZN F     IND2D2BWP30P140            2  2.6    21    18     390    (-,-) 
  WEIGHT_TRANSFORM_ROWS[4].weight_trf_row/f_floor_div_1122_22:rem_1054_18_g33690/ZN -       A1->ZN R     NR2OPTPAD2BWP30P140        3  3.3    19    17     408    (-,-) 
  WEIGHT_TRANSFORM_ROWS[4].weight_trf_row/f_floor_div_1122_22:rem_1054_18_g33684/ZN -       A2->ZN F     CKND2D2BWP30P140           3  3.5    24    20     428    (-,-) 
  WEIGHT_TRANSFORM_ROWS[4].weight_trf_row/f_floor_div_1122_22:rem_1054_18_g33681/ZN -       A1->ZN R     NR2OPTPAD2BWP30P140        3  4.3    23    21     449    (-,-) 
  WEIGHT_TRANSFORM_ROWS[4].weight_trf_row/f_floor_div_1122_22:rem_1054_18_g33675/ZN -       B1->ZN F     IND2D2BWP30P140            2  2.6    21    18     467    (-,-) 
  WEIGHT_TRANSFORM_ROWS[4].weight_trf_row/f_floor_div_1122_22:rem_1054_18_g33673/ZN -       A1->ZN R     NR2OPTPAD2BWP30P140        3  3.2    19    17     484    (-,-) 
  WEIGHT_TRANSFORM_ROWS[4].weight_trf_row/f_floor_div_1122_22:rem_1054_18_g33669/ZN -       A1->ZN F     CKND2D2BWP30P140           3  3.5    24    18     502    (-,-) 
  WEIGHT_TRANSFORM_ROWS[4].weight_trf_row/f_floor_div_1122_22:rem_1054_18_g33665/ZN -       A1->ZN R     NR2OPTPAD2BWP30P140        2  3.0    18    18     520    (-,-) 
  WEIGHT_TRANSFORM_ROWS[4].weight_trf_row/f_floor_div_1122_22:rem_1054_18_g33661/ZN -       A1->ZN F     ND2D3BWP30P140             3  3.0    19    16     536    (-,-) 
  WEIGHT_TRANSFORM_ROWS[4].weight_trf_row/f_floor_div_1122_22:rem_1054_18_g33658/ZN -       A1->ZN R     NR2OPTPAD1BWP30P140        2  2.4    25    21     557    (-,-) 
  WEIGHT_TRANSFORM_ROWS[4].weight_trf_row/f_floor_div_1122_22:rem_1054_18_g33654/ZN -       A1->ZN F     ND2OPTIBD2BWP30P140        3  3.4    25    20     577    (-,-) 
  WEIGHT_TRANSFORM_ROWS[4].weight_trf_row/f_floor_div_1122_22:rem_1054_18_g33652/Z  -       A1->Z  F     OR2D2BWP30P140             2  2.6    13    28     605    (-,-) 
  WEIGHT_TRANSFORM_ROWS[4].weight_trf_row/f_floor_div_1122_22:rem_1054_18_g33648/ZN -       A1->ZN R     NR2OPTPAD2BWP30P140        3  5.1    25    19     624    (-,-) 
  WEIGHT_TRANSFORM_ROWS[4].weight_trf_row/f_floor_div_1122_22:rem_1054_18_g33734/ZN -       B1->ZN F     IND2D4BWP30P140            2  2.9    18    14     639    (-,-) 
  WEIGHT_TRANSFORM_ROWS[4].weight_trf_row/f_floor_div_1122_22:rem_1054_18_g33640/ZN -       A1->ZN R     OAI21D2BWP30P140           2  3.4    26    20     659    (-,-) 
  WEIGHT_TRANSFORM_ROWS[4].weight_trf_row/f_floor_div_1122_22:rem_1054_18_g33639/ZN -       A1->ZN F     NR2D3BWP30P140             2  3.2    14    12     671    (-,-) 
  WEIGHT_TRANSFORM_ROWS[4].weight_trf_row/f_floor_div_1122_22:rem_1054_18_g33728/Z  -       A2->Z  F     AO21D4BWP30P140            2  4.1    13    28     699    (-,-) 
  WEIGHT_TRANSFORM_ROWS[4].weight_trf_row/f_floor_div_1122_22:rem_1054_18_g33635/ZN -       A1->ZN R     NR2OPTPAD2BWP30P140        1  2.3    16    13     712    (-,-) 
  WEIGHT_TRANSFORM_ROWS[4].weight_trf_row/f_floor_div_1122_22:rem_1054_18_g33630/ZN -       A1->ZN R     XNR2OPTND2BWP30P140        5  4.8    41    27     738    (-,-) 
  WEIGHT_TRANSFORM_ROWS[4].weight_trf_row/f_floor_div_1122_22:rem_1054_18_g33627/ZN -       A1->ZN F     ND2OPTIBD1BWP30P140        1  1.7    28    22     760    (-,-) 
  WEIGHT_TRANSFORM_ROWS[4].weight_trf_row/f_floor_div_1122_22:rem_1054_18_g33624/Z  -       A1->Z  F     AO211D4BWP30P140           3  4.3    15    36     797    (-,-) 
  WEIGHT_TRANSFORM_ROWS[4].weight_trf_row/f_floor_div_1122_22:rem_1054_18_g33622/ZN -       A1->ZN R     ND2D2BWP30P140             2  3.2    18    13     810    (-,-) 
  WEIGHT_TRANSFORM_ROWS[4].weight_trf_row/f_floor_div_1122_22:rem_1054_18_g33619/ZN -       A1->ZN F     ND2OPTIBD4BWP30P140        2  3.0    16    12     822    (-,-) 
  WEIGHT_TRANSFORM_ROWS[4].weight_trf_row/f_floor_div_1122_22:rem_1054_18_g33618/ZN -       I->ZN  R     CKND2BWP30P140             2  3.3    13    13     835    (-,-) 
  WEIGHT_TRANSFORM_ROWS[4].weight_trf_row/f_floor_div_1122_22:rem_1054_18_g33614/ZN -       A1->ZN F     XNR2D2BWP30P140            3  5.0    20    33     868    (-,-) 
  WEIGHT_TRANSFORM_ROWS[4].weight_trf_row/f_floor_div_1122_22:rem_1054_18_g33606/ZN -       A2->ZN R     NR2D1BWP30P140             2  2.5    35    27     895    (-,-) 
  WEIGHT_TRANSFORM_ROWS[4].weight_trf_row/f_floor_div_1122_22:rem_1054_18_g33604/Z  -       A3->Z  R     OR3D1BWP30P140             1  2.3    19    33     928    (-,-) 
  WEIGHT_TRANSFORM_ROWS[4].weight_trf_row/f_floor_div_1122_22:rem_1054_18_g33601/ZN -       A2->ZN F     NR2D3BWP30P140             2  4.4    19    14     942    (-,-) 
  WEIGHT_TRANSFORM_ROWS[4].weight_trf_row/f_floor_div_1122_22:rem_1054_18_g33598/ZN -       A1->ZN R     NR2D4BWP30P140             3  4.8    20    17     959    (-,-) 
  WEIGHT_TRANSFORM_ROWS[4].weight_trf_row/f_floor_div_1122_22:rem_1054_18_g33594/ZN -       A1->ZN F     XNR2D1BWP30P140            3  6.2    36    43    1002    (-,-) 
  WEIGHT_TRANSFORM_ROWS[4].weight_trf_row/f_floor_div_1122_22:rem_1054_18_g33586/ZN -       A2->ZN R     CKND2D3BWP30P140           1  2.4    21    23    1025    (-,-) 
  WEIGHT_TRANSFORM_ROWS[4].weight_trf_row/f_floor_div_1122_22:rem_1054_18_g33582/ZN -       A1->ZN F     AOI221D4BWP30P140          2  4.4    48    20    1045    (-,-) 
  WEIGHT_TRANSFORM_ROWS[4].weight_trf_row/f_floor_div_1122_22:rem_1054_18_g33581/ZN -       I->ZN  R     INVD3BWP30P140             2  2.7    17    16    1061    (-,-) 
  WEIGHT_TRANSFORM_ROWS[4].weight_trf_row/f_floor_div_1122_22:rem_1054_18_g33579/ZN -       A1->ZN F     NR2D1BWP30P140             1  2.7    25    17    1078    (-,-) 
  WEIGHT_TRANSFORM_ROWS[4].weight_trf_row/f_floor_div_1122_22:rem_1054_18_g33569/ZN -       A2->ZN R     NR4D3BWP30P140             2  5.2    34    32    1110    (-,-) 
  WEIGHT_TRANSFORM_ROWS[4].weight_trf_row/f_floor_div_1122_22:rem_1054_18_g33566/ZN -       A1->ZN R     XNR2OPTND4BWP30P140        3  3.8    29    24    1133    (-,-) 
  WEIGHT_TRANSFORM_ROWS[4].weight_trf_row/f_floor_div_1122_22:rem_1054_18_g33724/Z  -       A1->Z  R     OR2D2BWP30P140             1  1.6    11    27    1161    (-,-) 
  WEIGHT_TRANSFORM_ROWS[4].weight_trf_row/f_floor_div_1122_22:rem_1054_18_g33557/ZN -       A1->ZN F     NR3OPTPAD2BWP30P140        2  2.9    19    11    1172    (-,-) 
  WEIGHT_TRANSFORM_ROWS[4].weight_trf_row/g34213/ZN                                 -       A1->ZN F     IND2D2BWP30P140            1  1.8    19    24    1196    (-,-) 
  WEIGHT_TRANSFORM_ROWS[4].weight_trf_row/f_floor_div_1122_22:rem_1054_18_g33550/ZN -       B->ZN  R     IAO21D2BWP30P140           1  2.8    20    18    1214    (-,-) 
  WEIGHT_TRANSFORM_ROWS[4].weight_trf_row/f_floor_div_1122_22:rem_1054_18_g33546/ZN -       A2->ZN F     ND2D4BWP30P140             2  5.2    23    19    1233    (-,-) 
  WEIGHT_TRANSFORM_ROWS[4].weight_trf_row/f_floor_div_1122_22:rem_1054_18_g33542/Z  -       A1->Z  F     XOR2OPTND4BWP30P140        3  4.0    31    23    1256    (-,-) 
  WEIGHT_TRANSFORM_ROWS[4].weight_trf_row/f_floor_div_1122_22:rem_1054_18_g33530/ZN -       B->ZN  R     OAI21D2BWP30P140           1  2.6    25    19    1275    (-,-) 
  WEIGHT_TRANSFORM_ROWS[4].weight_trf_row/f_floor_div_1122_22:rem_1054_18_g33527/ZN -       A1->ZN F     ND3D4BWP30P140             2  3.3    29    22    1297    (-,-) 
  WEIGHT_TRANSFORM_ROWS[4].weight_trf_row/f_floor_div_1122_22:rem_1054_18_g33526/ZN -       I->ZN  R     CKND2BWP30P140             2  5.3    21    21    1318    (-,-) 
  WEIGHT_TRANSFORM_ROWS[4].weight_trf_row/f_floor_div_1122_22:rem_1054_18_g33521/Z  -       A1->Z  R     XOR2OPTND4BWP30P140        1  2.8    38    20    1338    (-,-) 
  WEIGHT_TRANSFORM_ROWS[4].weight_trf_row/f_floor_div_1122_22:rem_1054_18_g33509/Z  -       A2->Z  R     XOR2OPTND4BWP30P140        4  4.7    32    30    1368    (-,-) 
  WEIGHT_TRANSFORM_ROWS[4].weight_trf_row/f_floor_div_1122_22:rem_1054_18_g33502/ZN -       A1->ZN F     NR2OPTPAD1BWP30P140        2  3.0    27    21    1389    (-,-) 
  WEIGHT_TRANSFORM_ROWS[4].weight_trf_row/f_floor_div_1122_22:rem_1054_18_g33499/ZN -       A1->ZN R     NR3D1P5BWP30P140           1  2.8    31    26    1414    (-,-) 
  WEIGHT_TRANSFORM_ROWS[4].weight_trf_row/f_floor_div_1122_22:rem_1054_18_g33495/ZN -       A2->ZN F     ND2D4BWP30P140             2  3.0    17    17    1431    (-,-) 
  WEIGHT_TRANSFORM_ROWS[4].weight_trf_row/g34577/ZN                                 -       A1->ZN F     IAO21D2BWP30P140           2  6.7    24    37    1468    (-,-) 
  WEIGHT_TRANSFORM_ROWS[4].weight_trf_row/f_floor_div_1122_22:rem_1054_18_g33485/ZN -       A1->ZN F     XNR2OPTND4BWP30P140        3  6.1    36    25    1493    (-,-) 
  WEIGHT_TRANSFORM_ROWS[4].weight_trf_row/f_floor_div_1122_22:rem_1054_18_g33475/ZN -       B->ZN  R     OAI21D4BWP30P140           1  3.5    23    19    1512    (-,-) 
  WEIGHT_TRANSFORM_ROWS[4].weight_trf_row/f_floor_div_1122_22:rem_1054_18_g33472/ZN -       A1->ZN F     ND3OPTPAD6BWP30P140        3  4.7    22    17    1530    (-,-) 
  WEIGHT_TRANSFORM_ROWS[4].weight_trf_row/f_floor_div_1122_22:rem_1054_18_g33467/ZN -       A1->ZN R     ND2D4BWP30P140             2  5.0    14    13    1543    (-,-) 
  WEIGHT_TRANSFORM_ROWS[4].weight_trf_row/f_floor_div_1122_22:rem_1054_18_g33463/ZN -       A1->ZN F     ND2OPTD6BWP30P140          3  7.3    20    16    1559    (-,-) 
  WEIGHT_TRANSFORM_ROWS[4].weight_trf_row/f_floor_div_1122_22:rem_1054_18_g33462/ZN -       A1->ZN R     NR2OPTIBD4BWP30P140        1  3.6    25    15    1574    (-,-) 
  WEIGHT_TRANSFORM_ROWS[4].weight_trf_row/f_floor_div_1122_22:rem_1054_18_g33452/Z  -       A1->Z  R     XOR2OPTND4BWP30P140        5 10.1    39    28    1602    (-,-) 
  WEIGHT_TRANSFORM_ROWS[4].weight_trf_row/f_floor_div_1122_22:rem_1054_18_g33716/ZN -       A1->ZN R     INR2D4BWP30P140            1  3.6    22    28    1630    (-,-) 
  WEIGHT_TRANSFORM_ROWS[4].weight_trf_row/f_floor_div_1122_22:rem_1054_18_g33441/ZN -       A3->ZN F     NR4D4BWP30P140             2  4.9    25    20    1650    (-,-) 
  WEIGHT_TRANSFORM_ROWS[4].weight_trf_row/f_floor_div_1122_22:rem_1054_18_g33440/ZN -       A1->ZN R     NR2D4BWP30P140             1  2.0    15    14    1664    (-,-) 
  WEIGHT_TRANSFORM_ROWS[4].weight_trf_row/f_floor_div_1122_22:rem_1054_18_g33435/ZN -       A2->ZN F     CKND2D3BWP30P140           1  3.5    18    15    1679    (-,-) 
  WEIGHT_TRANSFORM_ROWS[4].weight_trf_row/f_floor_div_1122_22:rem_1054_18_g33431/ZN -       A1->ZN R     NR2D6BWP30P140             2  5.9    18    16    1695    (-,-) 
  WEIGHT_TRANSFORM_ROWS[4].weight_trf_row/f_floor_div_1122_22:rem_1054_18_g33427/ZN -       A1->ZN R     XNR2OPTND4BWP30P140        1  3.6    33    20    1715    (-,-) 
  WEIGHT_TRANSFORM_ROWS[4].weight_trf_row/f_floor_div_1122_22:rem_1054_18_g33422/ZN -       A2->ZN F     NR2OPTIBD6BWP30P140        4  4.2    14    13    1728    (-,-) 
  WEIGHT_TRANSFORM_ROWS[4].weight_trf_row/f_floor_div_1122_22:rem_1054_18_g33418/ZN -       A1->ZN R     NR3D1P5BWP30P140           1  2.6    28    21    1749    (-,-) 
  WEIGHT_TRANSFORM_ROWS[4].weight_trf_row/f_floor_div_1122_22:rem_1054_18_g33417/ZN -       B->ZN  F     IAO21D4BWP30P140           2  3.5    16    11    1760    (-,-) 
  WEIGHT_TRANSFORM_ROWS[4].weight_trf_row/f_floor_div_1122_22:rem_1054_18_g33414/Z  -       A1->Z  F     XOR2OPTND2BWP30P140        1  1.8    34    22    1782    (-,-) 
  WEIGHT_TRANSFORM_ROWS[4].weight_trf_row/f_floor_div_1122_22:rem_1054_18_g33412/ZN -       A1->ZN R     NR2OPTPAD2BWP30P140        1  2.5    19    19    1800    (-,-) 
  WEIGHT_TRANSFORM_ROWS[4].weight_trf_row/f_floor_div_1122_22:rem_1054_18_g33410/ZN -       A2->ZN F     AOI31D4BWP30P140           2  3.8    37    27    1827    (-,-) 
  WEIGHT_TRANSFORM_ROWS[4].weight_trf_row/g16567/Z                                  -       A1->Z  F     AN2D4BWP30P140            10 16.8    26    35    1862    (-,-) 
  WEIGHT_TRANSFORM_ROWS[4].weight_trf_row/g16538/ZN                                 -       I->ZN  R     INVD15BWP30P140           21 20.2    13    14    1876    (-,-) 
  WEIGHT_TRANSFORM_ROWS[4].weight_trf_row/g16400/ZN                                 -       A2->ZN F     OAI21D2BWP30P140           2  2.1    22    18    1894    (-,-) 
  WEIGHT_TRANSFORM_ROWS[4].weight_trf_row/g34301/ZN                                 -       B1->ZN F     MOAI22D1BWP30P140          1  1.3    26    33    1927    (-,-) 
  g82551/ZN                                                                         -       A1->ZN R     MAOI22D1BWP30P140          1  1.8    35    25    1952    (-,-) 
  g85776/ZN                                                                         -       B->ZN  F     IOA21D2BWP30P140           1  1.3    18    14    1966    (-,-) 
  r_input_weight_reg[1][4]/D                                                        <<<     -      F     SDFCNARD1BWP30P140         1    -     -     0    1966    (-,-) 
#-----------------------------------------------------------------------------------------------------------------------------------------------------------------------


