============================================================
  Generated by:           Genus(TM) Synthesis Solution 22.15-s086_1
  Generated on:           Apr 10 2025  01:36:28 am
  Module:                 conv_rapida
  Operating conditions:   ssg0p81v125c 
  Operating conditions:   tt0p9v25c 
  Operating conditions:   ffg0p99vm40c 
  Interconnect mode:      global
  Area mode:              physical library
============================================================


Path 1: MET (766 ps) Setup Check with Pin registers_reg[4][19]/CP->D
           View: analysis_view_0p99v_m40c_capbst_fastest
          Group: clk
     Startpoint: (R) EA_reg[3]/CP
          Clock: (R) clk
       Endpoint: (F) registers_reg[4][19]/D
          Clock: (R) clk

                     Capture       Launch     
        Clock Edge:+    2000            0     
       Src Latency:+       0            0     
       Net Latency:+       0 (I)        0 (I) 
           Arrival:=    2000            0     
                                              
             Setup:-       4                  
     Required Time:=    1996                  
      Launch Clock:-       0                  
         Data Path:-    1230                  
             Slack:=     766                  

#------------------------------------------------------------------------------------------------------------
#       Timing Point        Flags    Arc   Edge       Cell         Fanout  Load Trans Delay Arrival Instance 
#                                                                          (fF)  (ps)  (ps)   (ps)  Location 
#------------------------------------------------------------------------------------------------------------
  EA_reg[3]/CP              -       -      R     (arrival)              3     -     0     0       0    (-,-) 
  EA_reg[3]/Q               -       CP->Q  F     DFCND1BWP30P140       28  31.1   104    93      93    (-,-) 
  g23436/ZN                 -       A1->ZN F     IND2D1BWP30P140        4   5.8    38    46     139    (-,-) 
  g23429/ZN                 -       B2->ZN R     INR3D1BWP30P140       28  33.1   119    79     219    (-,-) 
  g23135/Z                  -       I->Z   R     BUFFD12BWP30P140     214 241.3    64    54     273    (-,-) 
  g22715/ZN                 -       A1->ZN F     AOI22D1BWP30P140       1   1.7    40    18     290    (-,-) 
  g22472/ZN                 -       A2->ZN R     CKND2D1BWP30P140       1   1.8    20    20     311    (-,-) 
  g22353/Z                  -       B->Z   R     AO211D1BWP30P140      27  36.0   116    80     390    (-,-) 
  mul_90_70_g4874/ZN        -       I->ZN  F     CKND1BWP30P140         2   2.5    31    18     408    (-,-) 
  mul_90_70_g4833/Z         -       A1->Z  F     AN4D1BWP30P140         1   1.6     9    21     429    (-,-) 
  mul_90_70_g4825/Z         -       A1->Z  F     OR2D0BWP30P140        20  21.8   128    84     512    (-,-) 
  mul_90_70_g4786/Z         -       A1->Z  F     AO22D0BWP30P140        1   1.8    18    44     556    (-,-) 
  mul_90_70_g4640/ZN        -       C->ZN  R     AOI221D1BWP30P140      1   2.3    43    28     584    (-,-) 
  mul_90_70_g4629/ZN        -       A1->ZN R     XNR2UD1BWP30P140       1   2.9    47    24     607    (-,-) 
  mul_90_70_g4585/CO        -       A->CO  R     HA1D1BWP30P140         1   2.5    12    21     628    (-,-) 
  mul_90_70_cdnfadd_009_0/S -       CI->S  R     FA1D1BWP30P140         1   3.2    19    38     666    (-,-) 
  mul_90_70_cdnfadd_009_1/S -       A->S   F     FA1D1BWP30P140         1   3.0    16    42     708    (-,-) 
  mul_90_70_cdnfadd9/CO     -       B->CO  F     FA1D1BWP30P140         1   2.4    13    28     737    (-,-) 
  mul_90_70_cdnfadd10/CO    -       CI->CO F     FA1D1BWP30P140         1   2.4    13    24     761    (-,-) 
  mul_90_70_cdnfadd11/CO    -       CI->CO F     FA1D1BWP30P140         1   2.4    13    24     785    (-,-) 
  mul_90_70_cdnfadd12/CO    -       CI->CO F     FA1D1BWP30P140         1   2.4    13    24     810    (-,-) 
  mul_90_70_cdnfadd13/CO    -       CI->CO F     FA1D1BWP30P140         1   2.4    12    24     834    (-,-) 
  mul_90_70_cdnfadd14/CO    -       CI->CO F     FA1D1BWP30P140         1   2.4    12    24     858    (-,-) 
  mul_90_70_cdnfadd15/CO    -       CI->CO F     FA1D1BWP30P140         1   2.4    12    24     882    (-,-) 
  mul_90_70_cdnfadd16/CO    -       CI->CO F     FA1D1BWP30P140         1   2.4    12    24     907    (-,-) 
  mul_90_70_cdnfadd17/CO    -       CI->CO F     FA1D1BWP30P140         1   2.4    12    24     931    (-,-) 
  mul_90_70_cdnfadd18/CO    -       CI->CO F     FA1D1BWP30P140         1   2.4    12    24     955    (-,-) 
  mul_90_70_cdnfadd19/CO    -       CI->CO F     FA1D1BWP30P140         1   2.4    12    24     979    (-,-) 
  mul_90_70_cdnfadd20/CO    -       CI->CO F     FA1D1BWP30P140         1   2.4    12    24    1003    (-,-) 
  mul_90_70_cdnfadd21/CO    -       CI->CO F     FA1D1BWP30P140         1   2.4    12    24    1028    (-,-) 
  mul_90_70_cdnfadd22/CO    -       CI->CO F     FA1D1BWP30P140         1   2.4    12    24    1052    (-,-) 
  mul_90_70_cdnfadd23/CO    -       CI->CO F     FA1D1BWP30P140         1   2.4    12    24    1076    (-,-) 
  mul_90_70_cdnfadd24/CO    -       CI->CO F     FA1D1BWP30P140         1   2.4    12    24    1100    (-,-) 
  mul_90_70_cdnfadd25/CO    -       CI->CO F     FA1D1BWP30P140         1   2.4    12    24    1124    (-,-) 
  mul_90_70_cdnfadd26/CO    -       CI->CO F     FA1D1BWP30P140         1   1.8    11    23    1147    (-,-) 
  mul_90_70_g4876/ZN        -       A3->ZN F     XNR3UD1BWP30P140       6   7.3    45    36    1183    (-,-) 
  g27407/ZN                 -       A1->ZN R     AOI222D1BWP30P140      1   1.7    65    30    1213    (-,-) 
  g26916/ZN                 -       A1->ZN F     ND2D1BWP30P140         1   1.7    24    17    1230    (-,-) 
  registers_reg[4][19]/D    <<<     -      F     DFCNQD1BWP30P140       1     -     -     0    1230    (-,-) 
#------------------------------------------------------------------------------------------------------------


