============================================================
  Generated by:           Genus(TM) Synthesis Solution 22.15-s086_1
  Generated on:           Apr 10 2025  01:36:31 am
  Module:                 conv_rapida
  Operating conditions:   ssg0p81v125c 
  Operating conditions:   tt0p9v25c 
  Operating conditions:   ffg0p99vm40c 
  Interconnect mode:      global
  Area mode:              physical library
============================================================


Path 1: UNCONSTRAINED
           View: analysis_view_0p99v_m40c_capbst_fastest
     Startpoint: (F) outputMAP_reg[8][19]/EN
       Endpoint: (F) outputMAP[8][19]

                          
      Data Path:-  29     

#-----------------------------------------------------------------------------------------------------
#      Timing Point       Flags   Arc   Edge      Cell       Fanout Load Trans Delay Arrival Instance 
#                                                                   (fF)  (ps)  (ps)   (ps)  Location 
#-----------------------------------------------------------------------------------------------------
  outputMAP_reg[8][19]/EN -       -     F     (arrival)         180    -     0     0       0    (-,-) 
  outputMAP_reg[8][19]/Q  -       EN->Q F     LNQD1BWP30P140      1  1.2     9    29      29    (-,-) 
  outputMAP[8][19]        -       -     F     (port)              -    -     -     0      29    (-,-) 
#-----------------------------------------------------------------------------------------------------


