============================================================
  Generated by:           Genus(TM) Synthesis Solution 21.12-s068_1
  Generated on:           Sep 01 2026  01:56:23 pm
  Module:                 Conv
  Operating conditions:   ssg0p81v125c 
  Interconnect mode:      global
  Area mode:              physical library
============================================================


Path 1: MET (0 ps) Setup Check with Pin r_output_accumulator_reg[2][19]/CP->D
           View: analysis_view_0p81v_125c_capwst_slowest
          Group: clk
     Startpoint: (R) r_input_weight_reg[0][5]/CP
          Clock: (R) clk
       Endpoint: (R) r_output_accumulator_reg[2][19]/D
          Clock: (R) clk

                     Capture       Launch     
        Clock Edge:+    2000            0     
       Src Latency:+       0            0     
       Net Latency:+       0 (I)        0 (I) 
           Arrival:=    2000            0     
                                              
             Setup:-      31                  
     Required Time:=    1969                  
      Launch Clock:-       0                  
         Data Path:-    1969                  
             Slack:=       0                  

#------------------------------------------------------------------------------------------------------------------------------------------------
#                         Timing Point                          Flags    Arc   Edge        Cell         Fanout Load Trans Delay Arrival Instance 
#                                                                                                              (fF)  (ps)  (ps)   (ps)  Location 
#------------------------------------------------------------------------------------------------------------------------------------------------
  r_input_weight_reg[0][5]/CP                                   -       -      R     (arrival)              20    -     0     0       0    (-,-) 
  r_input_weight_reg[0][5]/Q                                    -       CP->Q  F     DFCNQD1BWP30P140       25 32.7   177   152     152    (-,-) 
  multip0/mul_14_62_g7596__5526/ZN                              -       A1->ZN F     XNR2UD1BWP30P140       20 18.5   207   142     294    (-,-) 
  multip0/mul_14_62_g7501/ZN                                    -       I->ZN  R     CKND1BWP30P140          3  2.9    66    61     355    (-,-) 
  multip0/mul_14_62_g7386__1881/Z                               -       A1->Z  R     OR2D0BWP30P140         19 16.9   174   117     472    (-,-) 
  multip0/mul_14_62_g7259__1617/ZN                              -       A1->ZN F     OAI22D1BWP30P140        1  2.7    83    51     523    (-,-) 
  multip0/mul_14_62_g7120__1705/S                               -       A->S   R     FA1D1BWP30P140          1  2.1    28   105     628    (-,-) 
  multip0/mul_14_62_g7090__2802/S                               -       CI->S  F     FA1D1BWP30P140          1  1.3    22    66     694    (-,-) 
  multip0/mul_14_62_g7072/ZN                                    -       I->ZN  R     CKND1BWP30P140          1  1.9    18    18     711    (-,-) 
  multip0/mul_14_62_g7053__5107/ZN                              -       A->ZN  F     MAOI222D1BWP30P140      1  2.1    47    34     745    (-,-) 
  multip0/mul_14_62_g7037__7098/CO                              -       CI->CO F     FA1D1BWP30P140          1  2.1    22    52     797    (-,-) 
  multip0/mul_14_62_g7029__5526/CO                              -       CI->CO F     FA1D1BWP30P140          1  2.1    21    44     840    (-,-) 
  multip0/mul_14_62_g7021__7410/CO                              -       CI->CO F     FA1D1BWP30P140          1  2.1    21    43     884    (-,-) 
  multip0/mul_14_62_g7017__9945/CO                              -       CI->CO F     FA1D1BWP30P140          1  2.1    21    43     927    (-,-) 
  multip0/mul_14_62_g7016__9315/CO                              -       CI->CO F     FA1D1BWP30P140          1  2.1    21    43     970    (-,-) 
  multip0/mul_14_62_g7015__6161/CO                              -       CI->CO F     FA1D1BWP30P140          1  2.1    21    43    1014    (-,-) 
  multip0/mul_14_62_g7014__4733/CO                              -       CI->CO F     FA1D1BWP30P140          1  2.1    21    43    1057    (-,-) 
  multip0/mul_14_62_g7013__7482/CO                              -       CI->CO F     FA1D1BWP30P140          1  2.1    21    43    1100    (-,-) 
  multip0/mul_14_62_g7012__5115/CO                              -       CI->CO F     FA1D1BWP30P140          1  2.1    21    43    1144    (-,-) 
  multip0/mul_14_62_g7011__1881/CO                              -       CI->CO F     FA1D1BWP30P140          1  2.1    21    43    1187    (-,-) 
  multip0/mul_14_62_g7010__6131/CO                              -       CI->CO F     FA1D1BWP30P140          1  2.1    21    43    1230    (-,-) 
  multip0/mul_14_62_g7009__7098/CO                              -       CI->CO F     FA1D1BWP30P140          1  2.1    21    43    1273    (-,-) 
  multip0/mul_14_62_g7008__8246/S                               -       CI->S  R     FA1D1BWP30P140          1  2.7    30    77    1350    (-,-) 
  inverse_row_current/csa_tree_ADD_TC_OP_1_groupi_g2153__1881/S -       A->S   F     FA1D1BWP30P140          1  2.7    29    75    1426    (-,-) 
  inverse_row_current/csa_tree_ADD_TC_OP_1_groupi_g2128__4733/S -       A->S   R     FA1D1BWP30P140          4  5.1    42    99    1524    (-,-) 
  inverse_row_acc/sub_78_48_g1300/ZN                            -       I->ZN  F     CKND1BWP30P140          1  2.6    26    22    1546    (-,-) 
  inverse_row_acc/sub_78_48_g1279__8428/CO                      -       B->CO  F     FA1D1BWP30P140          1  2.1    21    52    1598    (-,-) 
  inverse_row_acc/sub_78_48_g1278__4319/CO                      -       CI->CO F     FA1D1BWP30P140          1  2.1    21    43    1642    (-,-) 
  inverse_row_acc/sub_78_48_g1277__6260/CO                      -       CI->CO F     FA1D1BWP30P140          1  2.1    21    43    1685    (-,-) 
  inverse_row_acc/sub_78_48_g1276__5107/CO                      -       CI->CO F     FA1D1BWP30P140          1  2.1    21    43    1728    (-,-) 
  inverse_row_acc/sub_78_48_g1275__2398/CO                      -       CI->CO F     FA1D1BWP30P140          1  2.1    21    43    1772    (-,-) 
  inverse_row_acc/sub_78_48_g1274__5477/CO                      -       CI->CO F     FA1D1BWP30P140          1  2.1    21    43    1815    (-,-) 
  inverse_row_acc/sub_78_48_g1273__6417/CO                      -       CI->CO F     FA1D1BWP30P140          1  1.3    18    40    1855    (-,-) 
  inverse_row_acc/sub_78_48_g1272__7410/ZN                      -       A3->ZN R     XNR3UD1BWP30P140        1  1.3    30    23    1878    (-,-) 
  inverse_row_acc/g3951__5526/ZN                                -       A1->ZN F     AOI222D1BWP30P140       1  1.3   105    24    1902    (-,-) 
  inverse_row_acc/g3908__4733/ZN                                -       B->ZN  R     IOA21D1BWP30P140        2  2.1    38    36    1937    (-,-) 
  g27083/ZN                                                     -       A1->ZN R     INR2D1BWP30P140         1  1.3    55    32    1969    (-,-) 
  r_output_accumulator_reg[2][19]/D                             <<<     -      R     DFCNQD1BWP30P140        1    -     -     0    1969    (-,-) 
#------------------------------------------------------------------------------------------------------------------------------------------------


