============================================================
  Generated by:           Genus(TM) Synthesis Solution 21.12-s068_1
  Generated on:           Jul 09 2025  11:16:09 pm
  Module:                 conv
  Operating conditions:   ssg0p81v125c 
  Interconnect mode:      global
  Area mode:              physical library
============================================================


Path 1: MET (0 ps) Setup Check with Pin registers_reg[5][19]/CP->D
           View: analysis_view_0p81v_125c_capwst_slowest
          Group: clk
     Startpoint: (F) weights[5][8]
          Clock: (R) clk
       Endpoint: (R) registers_reg[5][19]/D
          Clock: (R) clk

                     Capture       Launch     
        Clock Edge:+    2000            0     
        Drv Adjust:+       0            4     
       Src Latency:+       0            0     
       Net Latency:+       0 (I)        0 (I) 
           Arrival:=    2000            4     
                                              
             Setup:-      48                  
     Required Time:=    1952                  
      Launch Clock:-       4                  
       Input Delay:-    1000                  
         Data Path:-     948                  
             Slack:=       0                  

Exceptions/Constraints:
  input_delay             1000            constraints.sdc_line_24_613_1 

#-------------------------------------------------------------------------------------------------------------------------------------
#                   Timing Point                    Flags    Arc   Edge        Cell          Fanout Load Trans Delay Arrival Instance 
#                                                                                                   (fF)  (ps)  (ps)   (ps)  Location 
#-------------------------------------------------------------------------------------------------------------------------------------
  weights[5][8]                                     -       -      F     (arrival)                1  1.3    10     0    1004    (-,-) 
  g32065/Z                                          -       A1->Z  F     AN2D2BWP30P140           1  2.4    16    18    1022    (-,-) 
  g31095/ZN                                         -       A3->ZN R     NR3D2BWP30P140           1  3.2    22    24    1046    (-,-) 
  g30902/ZN                                         -       A1->ZN F     ND2OPTIBD6BWP30P140      4  5.5    19    14    1060    (-,-) 
  genblk1[0].multip/mul_16_61_g4819/ZN              -       I->ZN  R     CKND2BWP30P140           2  3.2    14    14    1074    (-,-) 
  genblk1[0].multip/mul_16_61_g4687__8428/Z         -       I1->Z  R     MUX2OPTD4BWP30P140      20 20.0    31    41    1115    (-,-) 
  genblk1[0].multip/mul_16_61_g4564__8246/ZN        -       A1->ZN F     ND2D3BWP30P140          19 16.9    66    47    1161    (-,-) 
  genblk1[0].multip/mul_16_61_g4419__6131/ZN        -       A1->ZN R     OAI22D1BWP30P140         1  2.6    47    40    1201    (-,-) 
  genblk1[0].multip/mul_16_61_cdnfadd_009_0__2802/S -       B->S   F     FA1D1BWP30P140           1  2.7    29    76    1277    (-,-) 
  genblk1[0].multip/mul_16_61_cdnfadd_009_2__5122/S -       A->S   R     FA1D1BWP30P140           1  1.8    26    87    1364    (-,-) 
  genblk1[0].multip/mul_16_61_g4338/ZN              -       I->ZN  F     CKND2BWP30P140           2  2.3    14    12    1376    (-,-) 
  genblk1[0].multip/mul_16_61_g4333__2346/ZN        -       A1->ZN R     NR2D1BWP30P140           2  2.2    28    22    1399    (-,-) 
  genblk1[0].multip/mul_16_61_g4322__6131/Z         -       B->Z   R     AO21D2BWP30P140          1  1.8    12    26    1425    (-,-) 
  genblk1[0].multip/mul_16_61_g4320__8246/ZN        -       B->ZN  F     AOI21D2BWP30P140         3  3.0    24    14    1439    (-,-) 
  genblk1[0].multip/mul_16_61_g4314__6783/Z         -       A1->Z  F     OA21D2BWP30P140          1  1.8    12    28    1466    (-,-) 
  genblk1[0].multip/mul_16_61_g4306__8428/Z         -       A1->Z  F     OA21D4BWP30P140          2  2.6    10    23    1489    (-,-) 
  genblk1[0].multip/mul_16_61_g4289__5115/ZN        -       A1->ZN R     NR2OPTPAD1BWP30P140      2  2.1    22    17    1506    (-,-) 
  genblk1[0].multip/mul_16_61_g4284__8246/ZN        -       A1->ZN F     ND2OPTIBD1BWP30P140      2  1.9    26    20    1526    (-,-) 
  genblk1[0].multip/mul_16_61_g4280__1617/ZN        -       A1->ZN R     ND2OPTIBD1BWP30P140      1  1.3    21    19    1545    (-,-) 
  genblk1[0].multip/mul_16_61_g4274__6260/ZN        -       A1->ZN F     AOI21D1BWP30P140         1  1.7    29    22    1567    (-,-) 
  genblk1[0].multip/mul_16_61_g4257__9945/ZN        -       A1->ZN R     OAI21D2BWP30P140         2  2.9    24    22    1589    (-,-) 
  genblk1[0].multip/mul_16_61_g4245__1705/ZN        -       A1->ZN F     CKND2D2BWP30P140         2  2.0    18    15    1604    (-,-) 
  genblk1[0].multip/mul_16_61_g4242__3680/ZN        -       A1->ZN R     NR2OPTIBD1BWP30P140      2  2.1    28    23    1627    (-,-) 
  genblk1[0].multip/mul_16_61_g4240__5526/ZN        -       A1->ZN F     NR2OPTIBD1BWP30P140      1  1.6    20    16    1643    (-,-) 
  genblk1[0].multip/mul_16_61_g4235__2398/ZN        -       A1->ZN R     OAI21D1P5BWP30P140       1  1.7    21    18    1661    (-,-) 
  genblk1[0].multip/mul_16_61_g4233__6417/ZN        -       A1->ZN F     AOI21D2BWP30P140         2  2.1    20    17    1678    (-,-) 
  genblk1[0].multip/mul_16_61_g4231__7410/ZN        -       B1->ZN R     INR2D1BWP30P140          2  2.1    28    24    1701    (-,-) 
  genblk1[0].multip/mul_16_61_g4227__9945/ZN        -       A1->ZN F     AOI21D1BWP30P140         1  1.3    26    21    1722    (-,-) 
  genblk1[0].multip/mul_16_61_g4223__7482/ZN        -       A1->ZN R     OAI21D1BWP30P140         1  1.3    25    23    1745    (-,-) 
  genblk1[0].multip/mul_16_61_g4221__1881/Z         -       A1->Z  R     AO21D2BWP30P140          1  2.6    14    30    1775    (-,-) 
  genblk1[0].multip/mul_16_61_g4220__6131/CO        -       CI->CO R     FA1OPTCD1BWP30P140       1  2.6    24    32    1807    (-,-) 
  genblk1[0].multip/mul_16_61_g4219__7098/CO        -       CI->CO R     FA1OPTCD1BWP30P140       2  2.7    25    35    1842    (-,-) 
  genblk1[0].multip/mul_16_61_g4217__5122/Z         -       A1->Z  R     AO21D1BWP30P140          1  1.9    16    29    1871    (-,-) 
  genblk1[0].multip/mul_16_61_g4216__1705/ZN        -       A1->ZN R     XNR2D2BWP30P140          5  4.2    20    31    1902    (-,-) 
  g36866/ZN                                         -       A1->ZN F     CKND2D1BWP30P140         4  3.9    47    30    1931    (-,-) 
  g35723/ZN                                         -       A1->ZN R     ND2D1BWP30P140           1  1.3    26    20    1952    (-,-) 
  registers_reg[5][19]/D                            <<<     -      R     EDFCNQD1BWP30P140        1    -     -     0    1952    (-,-) 
#-------------------------------------------------------------------------------------------------------------------------------------


