============================================================
  Generated by:           Genus(TM) Synthesis Solution 21.12-s068_1
  Generated on:           Jan 27 2026  12:34:49 am
  Module:                 System
  Library domain:         timing_cond_0p81v_125c
    Domain index:         0
    Technology library:   tcbn28hpcplusbwp30p140ssg0p81v125c 110
  Operating conditions:   ssg0p81v125c 
  Interconnect mode:      global
  Area mode:              physical library
============================================================


Summary
-------
-----------------------------------------------------------------------------
             Category              Number     %    Average Toggle Saving %   
-----------------------------------------------------------------------------
 Total Clock Gating Instances          37  100.00                         -  
-----------------------------------------------------------------------------
 RC Clock Gating Instances             37  100.00                     84.66  
 Non-RC Clock Gating Instances          0    0.00                      0.00  
-----------------------------------------------------------------------------
 RC Gated Flip-flops                 1228   98.63                     83.00  
 Non-RC Gated Flip-flops                0    0.00                      0.00  
-----------------------------------------------------------------------------
 Total Gated Flip-flops              1228   98.63                         -  
 Total Ungated Flip-flops              17    1.37                         -  
 Timing exception in enable logic       1    5.88                         -  
 Register bank width too small         16   94.12                         -  
-----------------------------------------------------------------------------
 Total Flip-flops                    1245  100.00                         -  
-----------------------------------------------------------------------------
Multibit Flip-flop Summary
--------------------------
-------------------------------------------------------
Width     Number     Bits     RC Gated     Ungated     
-------------------------------------------------------
1-bit     1245       1245     1228 (98.63%) 17 (1.37%)  
--------------------------------------------------------


